Java HotSpot(TM) 64-Bit Server VM (24.80-b11) for windows-amd64 JRE (1.7.0_80-b15), built on Apr 10 2015 11:26:34 by "java_re" with unknown MS VC++:1600
Memory: 4k page, physical 4118132k(958904k free), swap 8234404k(4467712k free)
CommandLine flags: -XX:InitialHeapSize=8388608 -XX:MaxHeapSize=8388608 -XX:MaxNewSize=2797568 -XX:MaxTenuringThreshold=6 -XX:NewSize=2797568 -XX:OldPLABSize=16 -XX:OldSize=5591040 -XX:+PrintClassHistogram -XX:+PrintGC -XX:+PrintGCDateStamps -XX:+PrintGCDetails -XX:+PrintGCTimeStamps -XX:+PrintTenuringDistribution -XX:+UseCompressedOops -XX:+UseConcMarkSweepGC -XX:-UseLargePagesIndividualAllocation -XX:+UseParNewGC 
2017-07-06T17:38:14.102+0900: 0.179: [GC2017-07-06T17:38:14.102+0900: 0.179: [ParNew
Desired survivor size 131072 bytes, new threshold 1 (max 6)
- age   1:     260728 bytes,     260728 total
: 2175K->256K(2432K), 0.0049927 secs] 2175K->606K(7936K), 0.0051917 secs] [Times: user=0.00 sys=0.00, real=0.01 secs] 
2017-07-06T17:38:14.138+0900: 0.215: [GC2017-07-06T17:38:14.138+0900: 0.215: [ParNew
Desired survivor size 131072 bytes, new threshold 6 (max 6)
- age   1:      24408 bytes,      24408 total
: 2432K->205K(2432K), 0.0021248 secs] 2782K->810K(7936K), 0.0022198 secs] [Times: user=0.00 sys=0.00, real=0.00 secs] 
2017-07-06T17:38:14.179+0900: 0.256: [GC2017-07-06T17:38:14.179+0900: 0.256: [ParNew
Desired survivor size 131072 bytes, new threshold 6 (max 6)
- age   1:      25568 bytes,      25568 total
- age   2:       4120 bytes,      29688 total
: 2381K->60K(2432K), 0.0020837 secs] 2986K->665K(7936K), 0.0021971 secs] [Times: user=0.00 sys=0.00, real=0.00 secs] 
2017-07-06T17:38:14.229+0900: 0.307: [GC2017-07-06T17:38:14.229+0900: 0.307: [ParNew
Desired survivor size 131072 bytes, new threshold 6 (max 6)
- age   1:      25480 bytes,      25480 total
- age   2:       5096 bytes,      30576 total
- age   3:       3984 bytes,      34560 total
: 2220K->47K(2432K), 0.0005817 secs] 2826K->652K(7936K), 0.0006660 secs] [Times: user=0.00 sys=0.00, real=0.00 secs] 
2017-07-06T17:38:14.269+0900: 0.346: [GC2017-07-06T17:38:14.269+0900: 0.346: [ParNew
Desired survivor size 131072 bytes, new threshold 6 (max 6)
- age   1:      17928 bytes,      17928 total
- age   2:       4384 bytes,      22312 total
- age   3:       4960 bytes,      27272 total
- age   4:       3984 bytes,      31256 total
: 2222K->31K(2432K), 0.0005321 secs] 2827K->637K(7936K), 0.0006091 secs] [Times: user=0.03 sys=0.00, real=0.00 secs] 
2017-07-06T17:38:14.300+0900: 0.377: [GC2017-07-06T17:38:14.300+0900: 0.377: [ParNew
Desired survivor size 131072 bytes, new threshold 6 (max 6)
- age   1:      23736 bytes,      23736 total
- age   2:       6384 bytes,      30120 total
- age   3:       4248 bytes,      34368 total
- age   4:       4960 bytes,      39328 total
- age   5:       3984 bytes,      43312 total
: 2192K->45K(2432K), 0.0007418 secs] 2798K->651K(7936K), 0.0008325 secs] [Times: user=0.00 sys=0.00, real=0.00 secs] 
2017-07-06T17:38:14.330+0900: 0.407: [GC2017-07-06T17:38:14.330+0900: 0.408: [ParNew
Desired survivor size 131072 bytes, new threshold 6 (max 6)
- age   1:      19552 bytes,      19552 total
- age   2:       4120 bytes,      23672 total
- age   3:       4032 bytes,      27704 total
- age   4:       4248 bytes,      31952 total
- age   5:       4960 bytes,      36912 total
- age   6:       3984 bytes,      40896 total
: 2218K->45K(2432K), 0.0005389 secs] 2823K->650K(7936K), 0.0006134 secs] [Times: user=0.00 sys=0.00, real=0.00 secs] 
2017-07-06T17:38:14.359+0900: 0.437: [GC2017-07-06T17:38:14.359+0900: 0.437: [ParNew
Desired survivor size 131072 bytes, new threshold 6 (max 6)
- age   1:      23736 bytes,      23736 total
- age   2:       8008 bytes,      31744 total
- age   3:       3984 bytes,      35728 total
- age   4:       4032 bytes,      39760 total
- age   5:       4248 bytes,      44008 total
- age   6:       4960 bytes,      48968 total
: 2207K->68K(2432K), 0.0005616 secs] 2813K->677K(7936K), 0.0006365 secs] [Times: user=0.00 sys=0.00, real=0.00 secs] 
2017-07-06T17:38:14.392+0900: 0.469: [GC2017-07-06T17:38:14.392+0900: 0.469: [ParNew
Desired survivor size 131072 bytes, new threshold 6 (max 6)
- age   1:      16408 bytes,      16408 total
- age   2:       4120 bytes,      20528 total
- age   3:       7872 bytes,      28400 total
- age   4:       3984 bytes,      32384 total
- age   5:       4032 bytes,      36416 total
- age   6:       4248 bytes,      40664 total
: 2244K->45K(2432K), 0.0009233 secs] 2853K->659K(7936K), 0.0010222 secs] [Times: user=0.00 sys=0.00, real=0.00 secs] 
2017-07-06T17:38:14.423+0900: 0.500: [GC2017-07-06T17:38:14.423+0900: 0.500: [ParNew
Desired survivor size 131072 bytes, new threshold 6 (max 6)
- age   1:      23736 bytes,      23736 total
- age   2:       4864 bytes,      28600 total
- age   3:       3984 bytes,      32584 total
- age   4:       7872 bytes,      40456 total
- age   5:       3984 bytes,      44440 total
- age   6:       4032 bytes,      48472 total
: 2205K->57K(2432K), 0.0005796 secs] 2819K->675K(7936K), 0.0006592 secs] [Times: user=0.00 sys=0.00, real=0.00 secs] 
2017-07-06T17:38:14.452+0900: 0.529: [GC2017-07-06T17:38:14.452+0900: 0.529: [ParNew
Desired survivor size 131072 bytes, new threshold 6 (max 6)
- age   1:      20664 bytes,      20664 total
- age   2:       4120 bytes,      24784 total
- age   3:       4728 bytes,      29512 total
- age   4:       3984 bytes,      33496 total
- age   5:       4560 bytes,      38056 total
- age   6:       3984 bytes,      42040 total
: 2233K->45K(2432K), 0.0005505 secs] 2851K->668K(7936K), 0.0006224 secs] [Times: user=0.00 sys=0.00, real=0.00 secs] 
2017-07-06T17:38:14.481+0900: 0.558: [GC2017-07-06T17:38:14.481+0900: 0.558: [ParNew
Desired survivor size 131072 bytes, new threshold 6 (max 6)
- age   1:      23736 bytes,      23736 total
- age   2:       9120 bytes,      32856 total
- age   3:       3984 bytes,      36840 total
- age   4:       4728 bytes,      41568 total
- age   5:       3984 bytes,      45552 total
- age   6:       4560 bytes,      50112 total
: 2207K->59K(2432K), 0.0005372 secs] 2829K->685K(7936K), 0.0006134 secs] [Times: user=0.00 sys=0.00, real=0.00 secs] 
2017-07-06T17:38:14.526+0900: 0.603: [GC2017-07-06T17:38:14.526+0900: 0.603: [ParNew
Desired survivor size 131072 bytes, new threshold 6 (max 6)
- age   1:      15712 bytes,      15712 total
- age   2:       4120 bytes,      19832 total
- age   3:       8984 bytes,      28816 total
- age   4:       3984 bytes,      32800 total
- age   5:       4728 bytes,      37528 total
- age   6:       3984 bytes,      41512 total
: 2235K->47K(2432K), 0.0005847 secs] 2861K->677K(7936K), 0.0006635 secs] [Times: user=0.00 sys=0.00, real=0.00 secs] 
2017-07-06T17:38:14.554+0900: 0.631: [GC2017-07-06T17:38:14.554+0900: 0.631: [ParNew
Desired survivor size 131072 bytes, new threshold 6 (max 6)
- age   1:      23736 bytes,      23736 total
- age   2:       4168 bytes,      27904 total
- age   3:       3984 bytes,      31888 total
- age   4:       8984 bytes,      40872 total
- age   5:       3984 bytes,      44856 total
- age   6:       4728 bytes,      49584 total
: 2208K->59K(2432K), 0.0005633 secs] 2839K->693K(7936K), 0.0006404 secs] [Times: user=0.00 sys=0.00, real=0.00 secs] 
2017-07-06T17:38:14.582+0900: 0.660: [GC2017-07-06T17:38:14.582+0900: 0.660: [ParNew
Desired survivor size 131072 bytes, new threshold 6 (max 6)
- age   1:      15768 bytes,      15768 total
- age   2:       4120 bytes,      19888 total
- age   3:       4032 bytes,      23920 total
- age   4:       3984 bytes,      27904 total
- age   5:       8984 bytes,      36888 total
- age   6:       3984 bytes,      40872 total
: 2235K->51K(2432K), 0.0005359 secs] 2869K->690K(7936K), 0.0006082 secs] [Times: user=0.00 sys=0.00, real=0.00 secs] 
2017-07-06T17:38:14.612+0900: 0.689: [GC2017-07-06T17:38:14.612+0900: 0.689: [ParNew
Desired survivor size 131072 bytes, new threshold 6 (max 6)
- age   1:      31160 bytes,      31160 total
- age   2:       4224 bytes,      35384 total
- age   3:       3984 bytes,      39368 total
- age   4:       4032 bytes,      43400 total
- age   5:       3984 bytes,      47384 total
- age   6:       4032 bytes,      51416 total
: 2223K->53K(2432K), 0.0054224 secs] 2862K->695K(7936K), 0.0055235 secs] [Times: user=0.01 sys=0.00, real=0.01 secs] 
2017-07-06T17:38:14.648+0900: 0.725: [GC2017-07-06T17:38:14.648+0900: 0.725: [ParNew
Desired survivor size 131072 bytes, new threshold 6 (max 6)
- age   1:      15968 bytes,      15968 total
- age   2:      11544 bytes,      27512 total
- age   3:       4088 bytes,      31600 total
- age   4:       3984 bytes,      35584 total
- age   5:       4032 bytes,      39616 total
- age   6:       3984 bytes,      43600 total
: 2221K->47K(2432K), 0.0023187 secs] 2864K->694K(7936K), 0.0024300 secs] [Times: user=0.00 sys=0.00, real=0.00 secs] 
2017-07-06T17:38:14.679+0900: 0.756: [GC2017-07-06T17:38:14.679+0900: 0.756: [ParNew
Desired survivor size 131072 bytes, new threshold 6 (max 6)
- age   1:      23736 bytes,      23736 total
- age   2:       4424 bytes,      28160 total
- age   3:      11408 bytes,      39568 total
- age   4:       4088 bytes,      43656 total
- age   5:       3984 bytes,      47640 total
- age   6:       4032 bytes,      51672 total
: 2207K->79K(2432K), 0.0005736 secs] 2854K->730K(7936K), 0.0006515 secs] [Times: user=0.00 sys=0.00, real=0.00 secs] 
2017-07-06T17:38:14.707+0900: 0.784: [GC2017-07-06T17:38:14.707+0900: 0.784: [ParNew
Desired survivor size 131072 bytes, new threshold 6 (max 6)
- age   1:      15712 bytes,      15712 total
- age   2:       4120 bytes,      19832 total
- age   3:       4288 bytes,      24120 total
- age   4:      11408 bytes,      35528 total
- age   5:       4088 bytes,      39616 total
- age   6:       3984 bytes,      43600 total
: 2255K->57K(2432K), 0.0005539 secs] 2906K->712K(7936K), 0.0006314 secs] [Times: user=0.00 sys=0.00, real=0.00 secs] 
2017-07-06T17:38:14.735+0900: 0.813: [GC2017-07-06T17:38:14.735+0900: 0.813: [ParNew
Desired survivor size 131072 bytes, new threshold 6 (max 6)
- age   1:      23736 bytes,      23736 total
- age   2:       4168 bytes,      27904 total
- age   3:       3984 bytes,      31888 total
- age   4:       4288 bytes,      36176 total
- age   5:      11408 bytes,      47584 total
- age   6:       4088 bytes,      51672 total
: 2219K->72K(2432K), 0.0005449 secs] 2874K->730K(7936K), 0.0006194 secs] [Times: user=0.00 sys=0.00, real=0.00 secs] 
2017-07-06T17:38:14.764+0900: 0.842: [GC2017-07-06T17:38:14.764+0900: 0.842: [ParNew
Desired survivor size 131072 bytes, new threshold 6 (max 6)
- age   1:      15856 bytes,      15856 total
- age   2:       4120 bytes,      19976 total
- age   3:       4032 bytes,      24008 total
- age   4:       3984 bytes,      27992 total
- age   5:       4288 bytes,      32280 total
- age   6:      11408 bytes,      43688 total
: 2248K->47K(2432K), 0.0005873 secs] 2906K->710K(7936K), 0.0006660 secs] [Times: user=0.00 sys=0.00, real=0.00 secs] 
2017-07-06T17:38:14.794+0900: 0.872: [GC2017-07-06T17:38:14.795+0900: 0.872: [ParNew
Desired survivor size 131072 bytes, new threshold 6 (max 6)
- age   1:      23736 bytes,      23736 total
- age   2:       4312 bytes,      28048 total
- age   3:       3984 bytes,      32032 total
- age   4:       4032 bytes,      36064 total
- age   5:       3984 bytes,      40048 total
- age   6:       4288 bytes,      44336 total
: 2209K->61K(2432K), 0.0005997 secs] 2872K->735K(7936K), 0.0006840 secs] [Times: user=0.00 sys=0.00, real=0.00 secs] 
2017-07-06T17:38:14.822+0900: 0.899: [GC2017-07-06T17:38:14.822+0900: 0.899: [ParNew
Desired survivor size 131072 bytes, new threshold 6 (max 6)
- age   1:      35000 bytes,      35000 total
- age   2:       4456 bytes,      39456 total
- age   3:       4320 bytes,      43776 total
- age   4:       4200 bytes,      47976 total
- age   5:       4272 bytes,      52248 total
- age   6:       4032 bytes,      56280 total
: 2225K->69K(2432K), 0.0005706 secs] 2898K->747K(7936K), 0.0006463 secs] [Times: user=0.00 sys=0.00, real=0.00 secs] 
2017-07-06T17:38:14.850+0900: 0.927: [GC2017-07-06T17:38:14.850+0900: 0.927: [ParNew
Desired survivor size 131072 bytes, new threshold 6 (max 6)
- age   1:      15712 bytes,      15712 total
- age   2:      15288 bytes,      31000 total
- age   3:       4080 bytes,      35080 total
- age   4:       4344 bytes,      39424 total
- age   5:       4104 bytes,      43528 total
- age   6:       4080 bytes,      47608 total
: 2245K->64K(2432K), 0.0005475 secs] 2923K->745K(7936K), 0.0006207 secs] [Times: user=0.00 sys=0.00, real=0.00 secs] 
2017-07-06T17:38:14.878+0900: 0.955: [GC2017-07-06T17:38:14.878+0900: 0.955: [ParNew
Desired survivor size 131072 bytes, new threshold 6 (max 6)
- age   1:      24216 bytes,      24216 total
- age   2:       4168 bytes,      28384 total
- age   3:      15152 bytes,      43536 total
- age   4:       4056 bytes,      47592 total
- age   5:       4344 bytes,      51936 total
- age   6:       4032 bytes,      55968 total
: 2224K->83K(2432K), 0.0005607 secs] 2906K->769K(7936K), 0.0006352 secs] [Times: user=0.00 sys=0.00, real=0.00 secs] 
2017-07-06T17:38:14.907+0900: 0.984: [GC2017-07-06T17:38:14.907+0900: 0.984: [ParNew
Desired survivor size 131072 bytes, new threshold 6 (max 6)
- age   1:      15712 bytes,      15712 total
- age   2:       4600 bytes,      20312 total
- age   3:       4032 bytes,      24344 total
- age   4:      15176 bytes,      39520 total
- age   5:       4104 bytes,      43624 total
- age   6:       4224 bytes,      47848 total
: 2259K->74K(2432K), 0.0005821 secs] 2945K->764K(7936K), 0.0006600 secs] [Times: user=0.00 sys=0.00, real=0.00 secs] 
2017-07-06T17:38:14.936+0900: 1.013: [GC2017-07-06T17:38:14.936+0900: 1.013: [ParNew
Desired survivor size 131072 bytes, new threshold 6 (max 6)
- age   1:      23736 bytes,      23736 total
- age   2:       4168 bytes,      27904 total
- age   3:       4464 bytes,      32368 total
- age   4:       4032 bytes,      36400 total
- age   5:      15128 bytes,      51528 total
- age   6:       3984 bytes,      55512 total
: 2236K->66K(2432K), 0.0005800 secs] 2926K->760K(7936K), 0.0006605 secs] [Times: user=0.00 sys=0.00, real=0.00 secs] 
2017-07-06T17:38:14.965+0900: 1.042: [GC2017-07-06T17:38:14.965+0900: 1.042: [ParNew
Desired survivor size 131072 bytes, new threshold 6 (max 6)
- age   1:      15712 bytes,      15712 total
- age   2:       4120 bytes,      19832 total
- age   3:       4032 bytes,      23864 total
- age   4:       4464 bytes,      28328 total
- age   5:       4032 bytes,      32360 total
- age   6:      15104 bytes,      47464 total
: 2242K->60K(2432K), 0.0005800 secs] 2936K->758K(7936K), 0.0006622 secs] [Times: user=0.00 sys=0.00, real=0.00 secs] 
2017-07-06T17:38:14.998+0900: 1.075: [GC2017-07-06T17:38:14.998+0900: 1.075: [ParNew
Desired survivor size 131072 bytes, new threshold 6 (max 6)
- age   1:      23736 bytes,      23736 total
- age   2:       4168 bytes,      27904 total
- age   3:       3984 bytes,      31888 total
- age   4:       4032 bytes,      35920 total
- age   5:       4464 bytes,      40384 total
- age   6:       4032 bytes,      44416 total
: 2221K->45K(2432K), 0.0021141 secs] 2919K->757K(7936K), 0.0022113 secs] [Times: user=0.00 sys=0.00, real=0.00 secs] 
2017-07-06T17:38:15.033+0900: 1.110: [GC2017-07-06T17:38:15.033+0900: 1.110: [ParNew
Desired survivor size 131072 bytes, new threshold 6 (max 6)
- age   1:      15712 bytes,      15712 total
- age   2:       4120 bytes,      19832 total
- age   3:       4032 bytes,      23864 total
- age   4:       3984 bytes,      27848 total
- age   5:       4032 bytes,      31880 total
- age   6:       4464 bytes,      36344 total
: 2221K->62K(2432K), 0.0012152 secs] 2933K->778K(7936K), 0.0013102 secs] [Times: user=0.00 sys=0.00, real=0.00 secs] 
2017-07-06T17:38:15.063+0900: 1.140: [GC2017-07-06T17:38:15.063+0900: 1.140: [ParNew
Desired survivor size 131072 bytes, new threshold 6 (max 6)
- age   1:      24048 bytes,      24048 total
- age   2:       4168 bytes,      28216 total
- age   3:       3984 bytes,      32200 total
- age   4:       4032 bytes,      36232 total
- age   5:       3984 bytes,      40216 total
- age   6:       4032 bytes,      44248 total
: 2222K->44K(2432K), 0.0006720 secs] 2938K->765K(7936K), 0.0008017 secs] [Times: user=0.00 sys=0.00, real=0.00 secs] 
2017-07-06T17:38:15.090+0900: 1.167: [GC2017-07-06T17:38:15.090+0900: 1.167: [ParNew
Desired survivor size 131072 bytes, new threshold 6 (max 6)
- age   1:      15712 bytes,      15712 total
- age   2:       4432 bytes,      20144 total
- age   3:       4032 bytes,      24176 total
- age   4:       3984 bytes,      28160 total
- age   5:       4032 bytes,      32192 total
- age   6:       3984 bytes,      36176 total
: 2220K->46K(2432K), 0.0006331 secs] 2941K->770K(7936K), 0.0007076 secs] [Times: user=0.00 sys=0.00, real=0.00 secs] 
2017-07-06T17:38:15.117+0900: 1.194: [GC2017-07-06T17:38:15.117+0900: 1.194: [ParNew
Desired survivor size 131072 bytes, new threshold 6 (max 6)
- age   1:      23736 bytes,      23736 total
- age   2:       4168 bytes,      27904 total
- age   3:       4296 bytes,      32200 total
- age   4:       4032 bytes,      36232 total
- age   5:       3984 bytes,      40216 total
- age   6:       4032 bytes,      44248 total
: 2208K->48K(2432K), 0.0008783 secs] 2932K->776K(7936K), 0.0009640 secs] [Times: user=0.00 sys=0.00, real=0.00 secs] 
2017-07-06T17:38:15.150+0900: 1.227: [GC2017-07-06T17:38:15.150+0900: 1.227: [ParNew
Desired survivor size 131072 bytes, new threshold 6 (max 6)
- age   1:      40600 bytes,      40600 total
- age   2:       4192 bytes,      44792 total
- age   3:       4080 bytes,      48872 total
- age   4:       4392 bytes,      53264 total
- age   5:       4104 bytes,      57368 total
- age   6:       4080 bytes,      61448 total
: 2219K->74K(2432K), 0.0008197 secs] 2948K->806K(7936K), 0.0009336 secs] [Times: user=0.00 sys=0.00, real=0.00 secs] 
2017-07-06T17:38:15.177+0900: 1.255: [GC2017-07-06T17:38:15.177+0900: 1.255: [ParNew
Desired survivor size 131072 bytes, new threshold 6 (max 6)
- age   1:      15712 bytes,      15712 total
- age   2:      20816 bytes,      36528 total
- age   3:       4080 bytes,      40608 total
- age   4:       4104 bytes,      44712 total
- age   5:       4440 bytes,      49152 total
- age   6:       4176 bytes,      53328 total
: 2250K->78K(2432K), 0.0005963 secs] 2982K->814K(7936K), 0.0006725 secs] [Times: user=0.00 sys=0.00, real=0.00 secs] 
2017-07-06T17:38:15.204+0900: 1.281: [GC2017-07-06T17:38:15.204+0900: 1.281: [ParNew
Desired survivor size 131072 bytes, new threshold 6 (max 6)
- age   1:      23736 bytes,      23736 total
- age   2:       4168 bytes,      27904 total
- age   3:      20728 bytes,      48632 total
- age   4:       4080 bytes,      52712 total
- age   5:       4224 bytes,      56936 total
- age   6:       4416 bytes,      61352 total
: 2239K->74K(2432K), 0.0005946 secs] 2975K->814K(7936K), 0.0006673 secs] [Times: user=0.00 sys=0.00, real=0.00 secs] 
2017-07-06T17:38:15.231+0900: 1.308: [GC2017-07-06T17:38:15.231+0900: 1.308: [ParNew
Desired survivor size 131072 bytes, new threshold 6 (max 6)
- age   1:      15712 bytes,      15712 total
- age   2:       4120 bytes,      19832 total
- age   3:       4032 bytes,      23864 total
- age   4:      20848 bytes,      44712 total
- age   5:       4056 bytes,      48768 total
- age   6:       4176 bytes,      52944 total
: 2250K->82K(2432K), 0.0005877 secs] 2990K->827K(7936K), 0.0006720 secs] [Times: user=0.00 sys=0.00, real=0.00 secs] 
2017-07-06T17:38:15.260+0900: 1.337: [GC2017-07-06T17:38:15.260+0900: 1.337: [ParNew
Desired survivor size 131072 bytes, new threshold 6 (max 6)
- age   1:      23736 bytes,      23736 total
- age   2:       4168 bytes,      27904 total
- age   3:       3984 bytes,      31888 total
- age   4:       4032 bytes,      35920 total
- age   5:      20728 bytes,      56648 total
- age   6:       4032 bytes,      60680 total
: 2243K->81K(2432K), 0.0008544 secs] 2987K->829K(7936K), 0.0009455 secs] [Times: user=0.00 sys=0.00, real=0.00 secs] 
2017-07-06T17:38:15.288+0900: 1.365: [GC2017-07-06T17:38:15.288+0900: 1.365: [ParNew
Desired survivor size 131072 bytes, new threshold 6 (max 6)
- age   1:      15712 bytes,      15712 total
- age   2:       4120 bytes,      19832 total
- age   3:       4032 bytes,      23864 total
- age   4:       3984 bytes,      27848 total
- age   5:       4032 bytes,      31880 total
- age   6:      20848 bytes,      52728 total
: 2257K->57K(2432K), 0.0006082 secs] 3005K->809K(7936K), 0.0006840 secs] [Times: user=0.00 sys=0.00, real=0.00 secs] 
2017-07-06T17:38:15.315+0900: 1.393: [GC2017-07-06T17:38:15.315+0900: 1.393: [ParNew
Desired survivor size 131072 bytes, new threshold 6 (max 6)
- age   1:      23736 bytes,      23736 total
- age   2:       4168 bytes,      27904 total
- age   3:       3984 bytes,      31888 total
- age   4:       4032 bytes,      35920 total
- age   5:       3984 bytes,      39904 total
- age   6:       4032 bytes,      43936 total
: 2219K->50K(2432K), 0.0006369 secs] 2971K->823K(7936K), 0.0007140 secs] [Times: user=0.03 sys=0.00, real=0.00 secs] 
2017-07-06T17:38:15.345+0900: 1.422: [GC2017-07-06T17:38:15.345+0900: 1.422: [ParNew
Desired survivor size 131072 bytes, new threshold 6 (max 6)
- age   1:      15712 bytes,      15712 total
- age   2:       4120 bytes,      19832 total
- age   3:       4032 bytes,      23864 total
- age   4:       3984 bytes,      27848 total
- age   5:       4032 bytes,      31880 total
- age   6:       3984 bytes,      35864 total
: 2226K->41K(2432K), 0.0029064 secs] 2999K->817K(7936K), 0.0029916 secs] [Times: user=0.03 sys=0.00, real=0.00 secs] 
2017-07-06T17:38:15.378+0900: 1.455: [GC2017-07-06T17:38:15.378+0900: 1.455: [ParNew
Desired survivor size 131072 bytes, new threshold 6 (max 6)
- age   1:      23736 bytes,      23736 total
- age   2:       4168 bytes,      27904 total
- age   3:       3984 bytes,      31888 total
- age   4:       4032 bytes,      35920 total
- age   5:       3984 bytes,      39904 total
- age   6:       4032 bytes,      43936 total
: 2203K->65K(2432K), 0.0006806 secs] 2979K->845K(7936K), 0.0007653 secs] [Times: user=0.00 sys=0.00, real=0.00 secs] 
2017-07-06T17:38:15.409+0900: 1.486: [GC2017-07-06T17:38:15.409+0900: 1.486: [ParNew
Desired survivor size 131072 bytes, new threshold 6 (max 6)
- age   1:      15712 bytes,      15712 total
- age   2:       4120 bytes,      19832 total
- age   3:       4032 bytes,      23864 total
- age   4:       3984 bytes,      27848 total
- age   5:       4032 bytes,      31880 total
- age   6:       3984 bytes,      35864 total
: 2241K->58K(2432K), 0.0006746 secs] 3021K->842K(7936K), 0.0007564 secs] [Times: user=0.00 sys=0.00, real=0.00 secs] 
2017-07-06T17:38:15.435+0900: 1.512: [GC2017-07-06T17:38:15.435+0900: 1.512: [ParNew
Desired survivor size 131072 bytes, new threshold 6 (max 6)
- age   1:      23736 bytes,      23736 total
- age   2:       4168 bytes,      27904 total
- age   3:       3984 bytes,      31888 total
- age   4:       4032 bytes,      35920 total
- age   5:       3984 bytes,      39904 total
- age   6:       4032 bytes,      43936 total
: 2218K->52K(2432K), 0.0006416 secs] 3002K->840K(7936K), 0.0007208 secs] [Times: user=0.00 sys=0.00, real=0.00 secs] 
2017-07-06T17:38:15.461+0900: 1.538: [GC2017-07-06T17:38:15.461+0900: 1.538: [ParNew
Desired survivor size 131072 bytes, new threshold 6 (max 6)
- age   1:      15712 bytes,      15712 total
- age   2:       4120 bytes,      19832 total
- age   3:       4032 bytes,      23864 total
- age   4:       3984 bytes,      27848 total
- age   5:       4032 bytes,      31880 total
- age   6:       3984 bytes,      35864 total
: 2228K->45K(2432K), 0.0006506 secs] 3016K->837K(7936K), 0.0007234 secs] [Times: user=0.00 sys=0.00, real=0.00 secs] 
2017-07-06T17:38:15.491+0900: 1.568: [GC2017-07-06T17:38:15.491+0900: 1.568: [ParNew
Desired survivor size 131072 bytes, new threshold 6 (max 6)
- age   1:      23736 bytes,      23736 total
- age   2:       4168 bytes,      27904 total
- age   3:       3984 bytes,      31888 total
- age   4:       4032 bytes,      35920 total
- age   5:       3984 bytes,      39904 total
- age   6:       4032 bytes,      43936 total
: 2207K->61K(2432K), 0.0006836 secs] 2999K->856K(7936K), 0.0007696 secs] [Times: user=0.00 sys=0.00, real=0.00 secs] 
2017-07-06T17:38:15.518+0900: 1.595: [GC2017-07-06T17:38:15.518+0900: 1.595: [ParNew
Desired survivor size 131072 bytes, new threshold 6 (max 6)
- age   1:      15712 bytes,      15712 total
- age   2:       4120 bytes,      19832 total
- age   3:       4032 bytes,      23864 total
- age   4:       3984 bytes,      27848 total
- age   5:       4032 bytes,      31880 total
- age   6:       3984 bytes,      35864 total
: 2237K->57K(2432K), 0.0006455 secs] 3032K->857K(7936K), 0.0007187 secs] [Times: user=0.00 sys=0.00, real=0.00 secs] 
2017-07-06T17:38:15.544+0900: 1.621: [GC2017-07-06T17:38:15.544+0900: 1.621: [ParNew
Desired survivor size 131072 bytes, new threshold 6 (max 6)
- age   1:      23736 bytes,      23736 total
- age   2:       4168 bytes,      27904 total
- age   3:       3984 bytes,      31888 total
- age   4:       4032 bytes,      35920 total
- age   5:       3984 bytes,      39904 total
- age   6:       4032 bytes,      43936 total
: 2219K->52K(2432K), 0.0006172 secs] 3018K->856K(7936K), 0.0006913 secs] [Times: user=0.00 sys=0.00, real=0.00 secs] 
2017-07-06T17:38:15.570+0900: 1.647: [GC2017-07-06T17:38:15.570+0900: 1.647: [ParNew
Desired survivor size 131072 bytes, new threshold 6 (max 6)
- age   1:      15712 bytes,      15712 total
- age   2:       4120 bytes,      19832 total
- age   3:       4032 bytes,      23864 total
- age   4:       3984 bytes,      27848 total
- age   5:       4032 bytes,      31880 total
- age   6:       3984 bytes,      35864 total
: 2228K->45K(2432K), 0.0006438 secs] 3032K->852K(7936K), 0.0007144 secs] [Times: user=0.00 sys=0.00, real=0.00 secs] 
2017-07-06T17:38:15.598+0900: 1.675: [GC2017-07-06T17:38:15.598+0900: 1.675: [ParNew
Desired survivor size 131072 bytes, new threshold 6 (max 6)
- age   1:      23736 bytes,      23736 total
- age   2:       4168 bytes,      27904 total
- age   3:       3984 bytes,      31888 total
- age   4:       4032 bytes,      35920 total
- age   5:       3984 bytes,      39904 total
- age   6:       4032 bytes,      43936 total
: 2205K->47K(2432K), 0.0009323 secs] 3012K->859K(7936K), 0.0010153 secs] [Times: user=0.00 sys=0.00, real=0.00 secs] 
2017-07-06T17:38:15.630+0900: 1.707: [GC2017-07-06T17:38:15.630+0900: 1.707: [ParNew
Desired survivor size 131072 bytes, new threshold 6 (max 6)
- age   1:      40576 bytes,      40576 total
- age   2:       4240 bytes,      44816 total
- age   3:       4104 bytes,      48920 total
- age   4:       4056 bytes,      52976 total
- age   5:       4128 bytes,      57104 total
- age   6:       4080 bytes,      61184 total
: 2216K->65K(2432K), 0.0006219 secs] 3027K->880K(7936K), 0.0007041 secs] [Times: user=0.00 sys=0.00, real=0.00 secs] 
2017-07-06T17:38:15.657+0900: 1.734: [GC2017-07-06T17:38:15.657+0900: 1.734: [ParNew
Desired survivor size 131072 bytes, new threshold 6 (max 6)
- age   1:      40568 bytes,      40568 total
- age   2:      29144 bytes,      69712 total
- age   3:       4008 bytes,      73720 total
- age   4:       4176 bytes,      77896 total
- age   5:       4104 bytes,      82000 total
- age   6:       4152 bytes,      86152 total
: 2241K->99K(2432K), 0.0006502 secs] 3056K->918K(7936K), 0.0007315 secs] [Times: user=0.00 sys=0.00, real=0.00 secs] 
2017-07-06T17:38:15.683+0900: 1.760: [GC2017-07-06T17:38:15.683+0900: 1.760: [ParNew
Desired survivor size 131072 bytes, new threshold 6 (max 6)
- age   1:      23920 bytes,      23920 total
- age   2:       4288 bytes,      28208 total
- age   3:      29008 bytes,      57216 total
- age   4:       4032 bytes,      61248 total
- age   5:       4224 bytes,      65472 total
- age   6:       4104 bytes,      69576 total
: 2272K->81K(2432K), 0.0005830 secs] 3091K->905K(7936K), 0.0006635 secs] [Times: user=0.00 sys=0.00, real=0.00 secs] 
2017-07-06T17:38:15.712+0900: 1.789: [GC2017-07-06T17:38:15.712+0900: 1.789: [ParNew
Desired survivor size 131072 bytes, new threshold 6 (max 6)
- age   1:      15712 bytes,      15712 total
- age   2:       4168 bytes,      19880 total
- age   3:       4152 bytes,      24032 total
- age   4:      28984 bytes,      53016 total
- age   5:       3984 bytes,      57000 total
- age   6:       4032 bytes,      61032 total
: 2251K->59K(2432K), 0.0009695 secs] 3074K->886K(7936K), 0.0010705 secs] [Times: user=0.00 sys=0.00, real=0.00 secs] 
2017-07-06T17:38:15.742+0900: 1.820: [GC2017-07-06T17:38:15.743+0900: 1.820: [ParNew
Desired survivor size 131072 bytes, new threshold 6 (max 6)
- age   1:      40432 bytes,      40432 total
- age   2:       4168 bytes,      44600 total
- age   3:       4032 bytes,      48632 total
- age   4:       4152 bytes,      52784 total
- age   5:      29032 bytes,      81816 total
- age   6:       4032 bytes,      85848 total
: 2235K->102K(2432K), 0.0006502 secs] 3062K->934K(7936K), 0.0007337 secs] [Times: user=0.00 sys=0.00, real=0.00 secs] 
2017-07-06T17:38:15.770+0900: 1.847: [GC2017-07-06T17:38:15.770+0900: 1.847: [ParNew
Desired survivor size 131072 bytes, new threshold 6 (max 6)
- age   1:      23920 bytes,      23920 total
- age   2:       4120 bytes,      28040 total
- age   3:       4032 bytes,      32072 total
- age   4:       4032 bytes,      36104 total
- age   5:       4152 bytes,      40256 total
- age   6:      28984 bytes,      69240 total
: 2276K->82K(2432K), 0.0007016 secs] 3107K->917K(7936K), 0.0007867 secs] [Times: user=0.00 sys=0.00, real=0.00 secs] 
2017-07-06T17:38:15.798+0900: 1.875: [GC2017-07-06T17:38:15.798+0900: 1.875: [ParNew
Desired survivor size 131072 bytes, new threshold 6 (max 6)
- age   1:      15712 bytes,      15712 total
- age   2:       4168 bytes,      19880 total
- age   3:       3984 bytes,      23864 total
- age   4:       4032 bytes,      27896 total
- age   5:       4032 bytes,      31928 total
- age   6:       4152 bytes,      36080 total
: 2251K->42K(2432K), 0.0006125 secs] 3086K->906K(7936K), 0.0006879 secs] [Times: user=0.01 sys=0.00, real=0.00 secs] 
2017-07-06T17:38:15.829+0900: 1.906: [GC2017-07-06T17:38:15.829+0900: 1.906: [ParNew
Desired survivor size 131072 bytes, new threshold 6 (max 6)
- age   1:      40280 bytes,      40280 total
- age   2:       4168 bytes,      44448 total
- age   3:       4032 bytes,      48480 total
- age   4:       3984 bytes,      52464 total
- age   5:       4032 bytes,      56496 total
- age   6:       4032 bytes,      60528 total
: 2218K->82K(2432K), 0.0006943 secs] 3082K->949K(7936K), 0.0007782 secs] [Times: user=0.00 sys=0.00, real=0.00 secs] 
2017-07-06T17:38:15.858+0900: 1.935: [GC2017-07-06T17:38:15.858+0900: 1.935: [ParNew
Desired survivor size 131072 bytes, new threshold 6 (max 6)
- age   1:      24032 bytes,      24032 total
- age   2:       4120 bytes,      28152 total
- age   3:       4032 bytes,      32184 total
- age   4:       4032 bytes,      36216 total
- age   5:       3984 bytes,      40200 total
- age   6:       4032 bytes,      44232 total
: 2256K->58K(2432K), 0.0012893 secs] 3124K->929K(7936K), 0.0013744 secs] [Times: user=0.00 sys=0.00, real=0.00 secs] 
2017-07-06T17:38:15.888+0900: 1.965: [GC2017-07-06T17:38:15.888+0900: 1.965: [ParNew
Desired survivor size 131072 bytes, new threshold 6 (max 6)
- age   1:      16024 bytes,      16024 total
- age   2:       4280 bytes,      20304 total
- age   3:       3984 bytes,      24288 total
- age   4:       4032 bytes,      28320 total
- age   5:       4032 bytes,      32352 total
- age   6:       3984 bytes,      36336 total
: 2234K->60K(2432K), 0.0006917 secs] 3105K->935K(7936K), 0.0007833 secs] [Times: user=0.00 sys=0.00, real=0.00 secs] 
2017-07-06T17:38:16.023+0900: 2.100: [GC2017-07-06T17:38:16.023+0900: 2.100: [ParNew
Desired survivor size 131072 bytes, new threshold 6 (max 6)
- age   1:      30480 bytes,      30480 total
- age   2:       4480 bytes,      34960 total
- age   3:       4144 bytes,      39104 total
- age   4:       3984 bytes,      43088 total
- age   5:       4032 bytes,      47120 total
- age   6:       4032 bytes,      51152 total
: 2225K->63K(2432K), 0.0006891 secs] 3100K->942K(7936K), 0.0008214 secs] [Times: user=0.00 sys=0.00, real=0.00 secs] 
2017-07-06T17:38:16.054+0900: 2.131: [GC2017-07-06T17:38:16.054+0900: 2.131: [ParNew
Desired survivor size 131072 bytes, new threshold 6 (max 6)
- age   1:      24064 bytes,      24064 total
- age   2:      11000 bytes,      35064 total
- age   3:       4344 bytes,      39408 total
- age   4:       4144 bytes,      43552 total
- age   5:       3984 bytes,      47536 total
- age   6:       4032 bytes,      51568 total
: 2229K->76K(2432K), 0.0007011 secs] 3109K->959K(7936K), 0.0007846 secs] [Times: user=0.00 sys=0.00, real=0.00 secs] 
2017-07-06T17:38:16.079+0900: 2.157: [GC2017-07-06T17:38:16.079+0900: 2.157: [ParNew
Desired survivor size 131072 bytes, new threshold 6 (max 6)
- age   1:      15712 bytes,      15712 total
- age   2:       4448 bytes,      20160 total
- age   3:      10864 bytes,      31024 total
- age   4:       4344 bytes,      35368 total
- age   5:       4144 bytes,      39512 total
- age   6:       3984 bytes,      43496 total
: 2252K->59K(2432K), 0.0006900 secs] 3135K->946K(7936K), 0.0007679 secs] [Times: user=0.03 sys=0.00, real=0.00 secs] 
2017-07-06T17:38:16.106+0900: 2.184: [GC2017-07-06T17:38:16.107+0900: 2.184: [ParNew
Desired survivor size 131072 bytes, new threshold 6 (max 6)
- age   1:      23736 bytes,      23736 total
- age   2:       4168 bytes,      27904 total
- age   3:       4312 bytes,      32216 total
- age   4:      10864 bytes,      43080 total
- age   5:       4344 bytes,      47424 total
- age   6:       4144 bytes,      51568 total
: 2219K->54K(2432K), 0.0013924 secs] 3106K->945K(7936K), 0.0016403 secs] [Times: user=0.00 sys=0.00, real=0.00 secs] 
2017-07-06T17:38:16.139+0900: 2.216: [GC2017-07-06T17:38:16.139+0900: 2.216: [ParNew
Desired survivor size 131072 bytes, new threshold 6 (max 6)
- age   1:      15712 bytes,      15712 total
- age   2:       4120 bytes,      19832 total
- age   3:       4032 bytes,      23864 total
- age   4:       4312 bytes,      28176 total
- age   5:      10864 bytes,      39040 total
- age   6:       4344 bytes,      43384 total
: 2230K->67K(2432K), 0.0007033 secs] 3121K->962K(7936K), 0.0007867 secs] [Times: user=0.00 sys=0.00, real=0.00 secs] 
2017-07-06T17:38:16.163+0900: 2.240: [GC2017-07-06T17:38:16.163+0900: 2.241: [ParNew
Desired survivor size 131072 bytes, new threshold 6 (max 6)
- age   1:      23736 bytes,      23736 total
- age   2:       4168 bytes,      27904 total
- age   3:       3984 bytes,      31888 total
- age   4:       4032 bytes,      35920 total
- age   5:       4312 bytes,      40232 total
- age   6:      10864 bytes,      51096 total
: 2227K->61K(2432K), 0.0006553 secs] 3122K->960K(7936K), 0.0007349 secs] [Times: user=0.00 sys=0.00, real=0.00 secs] 
2017-07-06T17:38:16.188+0900: 2.265: [GC2017-07-06T17:38:16.188+0900: 2.265: [ParNew
Desired survivor size 131072 bytes, new threshold 6 (max 6)
- age   1:      15712 bytes,      15712 total
- age   2:       4120 bytes,      19832 total
- age   3:       4032 bytes,      23864 total
- age   4:       3984 bytes,      27848 total
- age   5:       4032 bytes,      31880 total
- age   6:       4312 bytes,      36192 total
: 2237K->54K(2432K), 0.0006776 secs] 3136K->964K(7936K), 0.0007538 secs] [Times: user=0.00 sys=0.00, real=0.00 secs] 
2017-07-06T17:38:16.214+0900: 2.291: [GC2017-07-06T17:38:16.214+0900: 2.291: [ParNew
Desired survivor size 131072 bytes, new threshold 6 (max 6)
- age   1:      23736 bytes,      23736 total
- age   2:       4168 bytes,      27904 total
- age   3:       3984 bytes,      31888 total
- age   4:       4032 bytes,      35920 total
- age   5:       3984 bytes,      39904 total
- age   6:       4032 bytes,      43936 total
: 2217K->52K(2432K), 0.0006305 secs] 3127K->966K(7936K), 0.0007208 secs] [Times: user=0.00 sys=0.00, real=0.00 secs] 
2017-07-06T17:38:16.243+0900: 2.320: [GC2017-07-06T17:38:16.243+0900: 2.320: [ParNew
Desired survivor size 131072 bytes, new threshold 6 (max 6)
- age   1:      15712 bytes,      15712 total
- age   2:       4120 bytes,      19832 total
- age   3:       4032 bytes,      23864 total
- age   4:       3984 bytes,      27848 total
- age   5:       4032 bytes,      31880 total
- age   6:       3984 bytes,      35864 total
: 2220K->45K(2432K), 0.0006301 secs] 3134K->963K(7936K), 0.0007123 secs] [Times: user=0.00 sys=0.00, real=0.00 secs] 
2017-07-06T17:38:16.268+0900: 2.345: [GC2017-07-06T17:38:16.268+0900: 2.345: [ParNew
Desired survivor size 131072 bytes, new threshold 6 (max 6)
- age   1:      23736 bytes,      23736 total
- age   2:       4168 bytes,      27904 total
- age   3:       3984 bytes,      31888 total
- age   4:       4032 bytes,      35920 total
- age   5:       3984 bytes,      39904 total
- age   6:       4032 bytes,      43936 total
: 2205K->60K(2432K), 0.0006181 secs] 3123K->982K(7936K), 0.0006977 secs] [Times: user=0.00 sys=0.00, real=0.00 secs] 
2017-07-06T17:38:16.292+0900: 2.370: [GC2017-07-06T17:38:16.292+0900: 2.370: [ParNew
Desired survivor size 131072 bytes, new threshold 6 (max 6)
- age   1:      15712 bytes,      15712 total
- age   2:       4120 bytes,      19832 total
- age   3:       4032 bytes,      23864 total
- age   4:       3984 bytes,      27848 total
- age   5:       4032 bytes,      31880 total
- age   6:       3984 bytes,      35864 total
: 2236K->57K(2432K), 0.0006211 secs] 3158K->983K(7936K), 0.0006998 secs] [Times: user=0.00 sys=0.00, real=0.00 secs] 
2017-07-06T17:38:16.316+0900: 2.394: [GC2017-07-06T17:38:16.316+0900: 2.394: [ParNew
Desired survivor size 131072 bytes, new threshold 6 (max 6)
- age   1:      23736 bytes,      23736 total
- age   2:       4168 bytes,      27904 total
- age   3:       3984 bytes,      31888 total
- age   4:       4032 bytes,      35920 total
- age   5:       3984 bytes,      39904 total
- age   6:       4032 bytes,      43936 total
: 2219K->52K(2432K), 0.0006091 secs] 3144K->982K(7936K), 0.0006853 secs] [Times: user=0.00 sys=0.00, real=0.00 secs] 
2017-07-06T17:38:16.345+0900: 2.423: [GC2017-07-06T17:38:16.345+0900: 2.423: [ParNew
Desired survivor size 131072 bytes, new threshold 6 (max 6)
- age   1:      15712 bytes,      15712 total
- age   2:       4120 bytes,      19832 total
- age   3:       4032 bytes,      23864 total
- age   4:       3984 bytes,      27848 total
- age   5:       4032 bytes,      31880 total
- age   6:       3984 bytes,      35864 total
: 2228K->45K(2432K), 0.0006472 secs] 3158K->978K(7936K), 0.0007311 secs] [Times: user=0.00 sys=0.00, real=0.00 secs] 
2017-07-06T17:38:16.373+0900: 2.450: [GC2017-07-06T17:38:16.373+0900: 2.451: [ParNew
Desired survivor size 131072 bytes, new threshold 6 (max 6)
- age   1:      23736 bytes,      23736 total
- age   2:       4168 bytes,      27904 total
- age   3:       3984 bytes,      31888 total
- age   4:       4032 bytes,      35920 total
- age   5:       3984 bytes,      39904 total
- age   6:       4032 bytes,      43936 total
: 2206K->61K(2432K), 0.0006348 secs] 3140K->998K(7936K), 0.0007178 secs] [Times: user=0.00 sys=0.00, real=0.00 secs] 
2017-07-06T17:38:16.398+0900: 2.475: [GC2017-07-06T17:38:16.398+0900: 2.475: [ParNew
Desired survivor size 131072 bytes, new threshold 6 (max 6)
- age   1:      15712 bytes,      15712 total
- age   2:       4120 bytes,      19832 total
- age   3:       4032 bytes,      23864 total
- age   4:       3984 bytes,      27848 total
- age   5:       4032 bytes,      31880 total
- age   6:       3984 bytes,      35864 total
: 2237K->57K(2432K), 0.0006155 secs] 3174K->998K(7936K), 0.0006883 secs] [Times: user=0.00 sys=0.00, real=0.00 secs] 
2017-07-06T17:38:16.422+0900: 2.499: [GC2017-07-06T17:38:16.422+0900: 2.499: [ParNew
Desired survivor size 131072 bytes, new threshold 6 (max 6)
- age   1:      61144 bytes,      61144 total
- age   2:       4240 bytes,      65384 total
- age   3:       4080 bytes,      69464 total
- age   4:       4152 bytes,      73616 total
- age   5:       4104 bytes,      77720 total
- age   6:       4128 bytes,      81848 total
: 2226K->89K(2432K), 0.0006125 secs] 3168K->1034K(7936K), 0.0006921 secs] [Times: user=0.00 sys=0.00, real=0.00 secs] 
2017-07-06T17:38:16.447+0900: 2.524: [GC2017-07-06T17:38:16.447+0900: 2.524: [ParNew
Desired survivor size 131072 bytes, new threshold 6 (max 6)
- age   1:      15712 bytes,      15712 total
- age   2:      41592 bytes,      57304 total
- age   3:       4104 bytes,      61408 total
- age   4:       4056 bytes,      65464 total
- age   5:       4128 bytes,      69592 total
- age   6:       4056 bytes,      73648 total
: 2265K->81K(2432K), 0.0006647 secs] 3210K->1031K(7936K), 0.0007439 secs] [Times: user=0.00 sys=0.00, real=0.00 secs] 
2017-07-06T17:38:16.472+0900: 2.549: [GC2017-07-06T17:38:16.472+0900: 2.549: [ParNew
Desired survivor size 131072 bytes, new threshold 6 (max 6)
- age   1:      23736 bytes,      23736 total
- age   2:       4168 bytes,      27904 total
- age   3:      41504 bytes,      69408 total
- age   4:       4104 bytes,      73512 total
- age   5:       4128 bytes,      77640 total
- age   6:       4080 bytes,      81720 total
: 2241K->84K(2432K), 0.0006215 secs] 3191K->1037K(7936K), 0.0006990 secs] [Times: user=0.00 sys=0.00, real=0.00 secs] 
2017-07-06T17:38:16.497+0900: 2.574: [GC2017-07-06T17:38:16.497+0900: 2.574: [ParNew
Desired survivor size 131072 bytes, new threshold 6 (max 6)
- age   1:      15712 bytes,      15712 total
- age   2:       4120 bytes,      19832 total
- age   3:       4032 bytes,      23864 total
- age   4:      41432 bytes,      65296 total
- age   5:       4032 bytes,      69328 total
- age   6:       4008 bytes,      73336 total
: 2260K->93K(2432K), 0.0006416 secs] 3213K->1051K(7936K), 0.0007217 secs] [Times: user=0.00 sys=0.00, real=0.00 secs] 
2017-07-06T17:38:16.521+0900: 2.598: [GC2017-07-06T17:38:16.521+0900: 2.599: [ParNew
Desired survivor size 131072 bytes, new threshold 6 (max 6)
- age   1:      23736 bytes,      23736 total
- age   2:       4168 bytes,      27904 total
- age   3:       3984 bytes,      31888 total
- age   4:       4032 bytes,      35920 total
- age   5:      41456 bytes,      77376 total
- age   6:       4056 bytes,      81432 total
: 2255K->89K(2432K), 0.0006399 secs] 3212K->1050K(7936K), 0.0007187 secs] [Times: user=0.00 sys=0.00, real=0.00 secs] 
2017-07-06T17:38:16.548+0900: 2.625: [GC2017-07-06T17:38:16.548+0900: 2.625: [ParNew
Desired survivor size 131072 bytes, new threshold 6 (max 6)
- age   1:      15712 bytes,      15712 total
- age   2:       4120 bytes,      19832 total
- age   3:       4032 bytes,      23864 total
- age   4:       3984 bytes,      27848 total
- age   5:       4032 bytes,      31880 total
- age   6:      41432 bytes,      73312 total
: 2265K->81K(2432K), 0.0006404 secs] 3226K->1046K(7936K), 0.0007384 secs] [Times: user=0.00 sys=0.00, real=0.00 secs] 
2017-07-06T17:38:16.583+0900: 2.659: [GC2017-07-06T17:38:16.583+0900: 2.659: [ParNew
Desired survivor size 131072 bytes, new threshold 6 (max 6)
- age   1:      23736 bytes,      23736 total
- age   2:       4168 bytes,      27904 total
- age   3:       3984 bytes,      31888 total
- age   4:       4032 bytes,      35920 total
- age   5:       3984 bytes,      39904 total
- age   6:       4032 bytes,      43936 total
: 2242K->47K(2432K), 0.0011831 secs] 3207K->1053K(7936K), 0.0012833 secs] [Times: user=0.00 sys=0.00, real=0.00 secs] 
2017-07-06T17:38:16.608+0900: 2.684: [GC2017-07-06T17:38:16.608+0900: 2.684: [ParNew
Desired survivor size 131072 bytes, new threshold 6 (max 6)
- age   1:      15712 bytes,      15712 total
- age   2:       4120 bytes,      19832 total
- age   3:       4032 bytes,      23864 total
- age   4:       3984 bytes,      27848 total
- age   5:       4032 bytes,      31880 total
- age   6:       3984 bytes,      35864 total
: 2223K->57K(2432K), 0.0006451 secs] 3229K->1066K(7936K), 0.0007225 secs] [Times: user=0.00 sys=0.00, real=0.00 secs] 
2017-07-06T17:38:16.632+0900: 2.709: [GC2017-07-06T17:38:16.632+0900: 2.709: [ParNew
Desired survivor size 131072 bytes, new threshold 6 (max 6)
- age   1:      23736 bytes,      23736 total
- age   2:       4168 bytes,      27904 total
- age   3:       3984 bytes,      31888 total
- age   4:       4032 bytes,      35920 total
- age   5:       3984 bytes,      39904 total
- age   6:       4032 bytes,      43936 total
: 2221K->53K(2432K), 0.0006395 secs] 3230K->1067K(7936K), 0.0007114 secs] [Times: user=0.00 sys=0.00, real=0.00 secs] 
2017-07-06T17:38:16.657+0900: 2.733: [GC2017-07-06T17:38:16.657+0900: 2.733: [ParNew
Desired survivor size 131072 bytes, new threshold 6 (max 6)
- age   1:      15712 bytes,      15712 total
- age   2:       4120 bytes,      19832 total
- age   3:       4032 bytes,      23864 total
- age   4:       3984 bytes,      27848 total
- age   5:       4032 bytes,      31880 total
- age   6:       3984 bytes,      35864 total
: 2222K->54K(2432K), 0.0006399 secs] 3235K->1071K(7936K), 0.0007144 secs] [Times: user=0.02 sys=0.00, real=0.00 secs] 
2017-07-06T17:38:16.687+0900: 2.763: [GC2017-07-06T17:38:16.687+0900: 2.763: [ParNew
Desired survivor size 131072 bytes, new threshold 6 (max 6)
- age   1:      40632 bytes,      40632 total
- age   2:       4168 bytes,      44800 total
- age   3:       3984 bytes,      48784 total
- age   4:       4032 bytes,      52816 total
- age   5:       3984 bytes,      56800 total
- age   6:       4032 bytes,      60832 total
: 2230K->68K(2432K), 0.0007140 secs] 3247K->1089K(7936K), 0.0008009 secs] [Times: user=0.00 sys=0.00, real=0.00 secs] 
2017-07-06T17:38:16.715+0900: 2.791: [GC2017-07-06T17:38:16.715+0900: 2.791: [ParNew
Desired survivor size 131072 bytes, new threshold 6 (max 6)
- age   1:      23920 bytes,      23920 total
- age   2:       4296 bytes,      28216 total
- age   3:       4032 bytes,      32248 total
- age   4:       3984 bytes,      36232 total
- age   5:       4032 bytes,      40264 total
- age   6:       3984 bytes,      44248 total
: 2231K->54K(2432K), 0.0007700 secs] 3252K->1079K(7936K), 0.0008612 secs] [Times: user=0.00 sys=0.00, real=0.00 secs] 
2017-07-06T17:38:16.740+0900: 2.817: [GC2017-07-06T17:38:16.740+0900: 2.817: [ParNew
Desired survivor size 131072 bytes, new threshold 6 (max 6)
- age   1:      15712 bytes,      15712 total
- age   2:       4168 bytes,      19880 total
- age   3:       4160 bytes,      24040 total
- age   4:       4032 bytes,      28072 total
- age   5:       3984 bytes,      32056 total
- age   6:       4032 bytes,      36088 total
: 2230K->59K(2432K), 0.0006750 secs] 3255K->1088K(7936K), 0.0007521 secs] [Times: user=0.00 sys=0.00, real=0.00 secs] 
2017-07-06T17:38:16.766+0900: 2.842: [GC2017-07-06T17:38:16.766+0900: 2.842: [ParNew
Desired survivor size 131072 bytes, new threshold 6 (max 6)
- age   1:      23736 bytes,      23736 total
- age   2:       4168 bytes,      27904 total
- age   3:       4032 bytes,      31936 total
- age   4:       4160 bytes,      36096 total
- age   5:       4032 bytes,      40128 total
- age   6:       3984 bytes,      44112 total
: 2220K->54K(2432K), 0.0006647 secs] 3249K->1087K(7936K), 0.0007397 secs] [Times: user=0.02 sys=0.00, real=0.00 secs] 
2017-07-06T17:38:16.791+0900: 2.867: [GC2017-07-06T17:38:16.791+0900: 2.867: [ParNew
Desired survivor size 131072 bytes, new threshold 6 (max 6)
- age   1:      15712 bytes,      15712 total
- age   2:       4120 bytes,      19832 total
- age   3:       4032 bytes,      23864 total
- age   4:       4032 bytes,      27896 total
- age   5:       4160 bytes,      32056 total
- age   6:       4032 bytes,      36088 total
: 2230K->54K(2432K), 0.0006532 secs] 3263K->1091K(7936K), 0.0007324 secs] [Times: user=0.00 sys=0.00, real=0.00 secs] 
2017-07-06T17:38:16.823+0900: 2.899: [GC2017-07-06T17:38:16.823+0900: 2.899: [ParNew
Desired survivor size 131072 bytes, new threshold 6 (max 6)
- age   1:      23736 bytes,      23736 total
- age   2:       4168 bytes,      27904 total
- age   3:       3984 bytes,      31888 total
- age   4:       4032 bytes,      35920 total
- age   5:       4032 bytes,      39952 total
- age   6:       4160 bytes,      44112 total
: 2218K->52K(2432K), 0.0006853 secs] 3255K->1093K(7936K), 0.0007718 secs] [Times: user=0.00 sys=0.00, real=0.00 secs] 
2017-07-06T17:38:16.848+0900: 2.924: [GC2017-07-06T17:38:16.848+0900: 2.924: [ParNew
Desired survivor size 131072 bytes, new threshold 6 (max 6)
- age   1:      15712 bytes,      15712 total
- age   2:       4120 bytes,      19832 total
- age   3:       4032 bytes,      23864 total
- age   4:       3984 bytes,      27848 total
- age   5:       4032 bytes,      31880 total
- age   6:       4032 bytes,      35912 total
: 2221K->54K(2432K), 0.0014305 secs] 3262K->1099K(7936K), 0.0015264 secs] [Times: user=0.00 sys=0.00, real=0.00 secs] 
2017-07-06T17:38:16.873+0900: 2.949: [GC2017-07-06T17:38:16.873+0900: 2.949: [ParNew
Desired survivor size 131072 bytes, new threshold 6 (max 6)
- age   1:      40432 bytes,      40432 total
- age   2:       4168 bytes,      44600 total
- age   3:       3984 bytes,      48584 total
- age   4:       4032 bytes,      52616 total
- age   5:       3984 bytes,      56600 total
- age   6:       4032 bytes,      60632 total
: 2230K->68K(2432K), 0.0006917 secs] 3275K->1117K(7936K), 0.0007683 secs] [Times: user=0.00 sys=0.00, real=0.00 secs] 
2017-07-06T17:38:16.897+0900: 2.974: [GC2017-07-06T17:38:16.898+0900: 2.974: [ParNew
Desired survivor size 131072 bytes, new threshold 6 (max 6)
- age   1:      23920 bytes,      23920 total
- age   2:       4120 bytes,      28040 total
- age   3:       4032 bytes,      32072 total
- age   4:       3984 bytes,      36056 total
- age   5:       4032 bytes,      40088 total
- age   6:       3984 bytes,      44072 total
: 2233K->70K(2432K), 0.0006386 secs] 3281K->1122K(7936K), 0.0007135 secs] [Times: user=0.00 sys=0.00, real=0.00 secs] 
2017-07-06T17:38:16.926+0900: 3.003: [GC2017-07-06T17:38:16.926+0900: 3.003: [ParNew
Desired survivor size 131072 bytes, new threshold 6 (max 6)
- age   1:      15712 bytes,      15712 total
- age   2:       4168 bytes,      19880 total
- age   3:       3984 bytes,      23864 total
- age   4:       4032 bytes,      27896 total
- age   5:       3984 bytes,      31880 total
- age   6:       4032 bytes,      35912 total
: 2239K->39K(2432K), 0.0006870 secs] 3291K->1095K(7936K), 0.0007675 secs] [Times: user=0.00 sys=0.00, real=0.00 secs] 
2017-07-06T17:38:16.951+0900: 3.027: [GC2017-07-06T17:38:16.951+0900: 3.027: [ParNew
Desired survivor size 131072 bytes, new threshold 6 (max 6)
- age   1:      40432 bytes,      40432 total
- age   2:       4168 bytes,      44600 total
- age   3:       4032 bytes,      48632 total
- age   4:       3984 bytes,      52616 total
- age   5:       4032 bytes,      56648 total
- age   6:       3984 bytes,      60632 total
: 2215K->75K(2432K), 0.0006960 secs] 3271K->1135K(7936K), 0.0007795 secs] [Times: user=0.00 sys=0.00, real=0.00 secs] 
2017-07-06T17:38:16.975+0900: 3.051: [GC2017-07-06T17:38:16.975+0900: 3.051: [ParNew
Desired survivor size 131072 bytes, new threshold 6 (max 6)
- age   1:      23920 bytes,      23920 total
- age   2:       4120 bytes,      28040 total
- age   3:       4032 bytes,      32072 total
- age   4:       4032 bytes,      36104 total
- age   5:       3984 bytes,      40088 total
- age   6:       4032 bytes,      44120 total
: 2248K->73K(2432K), 0.0006836 secs] 3309K->1138K(7936K), 0.0007623 secs] [Times: user=0.00 sys=0.00, real=0.00 secs] 
2017-07-06T17:38:17.000+0900: 3.076: [GC2017-07-06T17:38:17.000+0900: 3.076: [ParNew
Desired survivor size 131072 bytes, new threshold 6 (max 6)
- age   1:      15712 bytes,      15712 total
- age   2:       4168 bytes,      19880 total
- age   3:       3984 bytes,      23864 total
- age   4:       4032 bytes,      27896 total
- age   5:       4032 bytes,      31928 total
- age   6:       3984 bytes,      35912 total
: 2243K->50K(2432K), 0.0010072 secs] 3307K->1119K(7936K), 0.0011014 secs] [Times: user=0.02 sys=0.00, real=0.00 secs] 
2017-07-06T17:38:17.025+0900: 3.102: [GC2017-07-06T17:38:17.026+0900: 3.102: [ParNew
Desired survivor size 131072 bytes, new threshold 6 (max 6)
- age   1:      40280 bytes,      40280 total
- age   2:       4168 bytes,      44448 total
- age   3:       4032 bytes,      48480 total
- age   4:       3984 bytes,      52464 total
- age   5:       4032 bytes,      56496 total
- age   6:       4032 bytes,      60528 total
: 2226K->75K(2432K), 0.0006686 secs] 3295K->1147K(7936K), 0.0007516 secs] [Times: user=0.00 sys=0.00, real=0.00 secs] 
2017-07-06T17:38:17.058+0900: 3.134: [GC2017-07-06T17:38:17.058+0900: 3.134: [ParNew
Desired survivor size 131072 bytes, new threshold 6 (max 6)
- age   1:      23920 bytes,      23920 total
- age   2:       4120 bytes,      28040 total
- age   3:       4032 bytes,      32072 total
- age   4:       4032 bytes,      36104 total
- age   5:       3984 bytes,      40088 total
- age   6:       4032 bytes,      44120 total
: 2249K->73K(2432K), 0.0006844 secs] 3321K->1149K(7936K), 0.0007662 secs] [Times: user=0.00 sys=0.00, real=0.00 secs] 
2017-07-06T17:38:17.082+0900: 3.158: [GC2017-07-06T17:38:17.082+0900: 3.158: [ParNew
Desired survivor size 131072 bytes, new threshold 6 (max 6)
- age   1:      15712 bytes,      15712 total
- age   2:       4168 bytes,      19880 total
- age   3:       3984 bytes,      23864 total
- age   4:       4032 bytes,      27896 total
- age   5:       4032 bytes,      31928 total
- age   6:       3984 bytes,      35912 total
: 2243K->40K(2432K), 0.0006588 secs] 3319K->1120K(7936K), 0.0007371 secs] [Times: user=0.00 sys=0.00, real=0.00 secs] 
2017-07-06T17:38:17.106+0900: 3.182: [GC2017-07-06T17:38:17.106+0900: 3.182: [ParNew
Desired survivor size 131072 bytes, new threshold 6 (max 6)
- age   1:      40432 bytes,      40432 total
- age   2:       4168 bytes,      44600 total
- age   3:       4032 bytes,      48632 total
- age   4:       3984 bytes,      52616 total
- age   5:       4032 bytes,      56648 total
- age   6:       4032 bytes,      60680 total
: 2216K->75K(2432K), 0.0006532 secs] 3296K->1159K(7936K), 0.0007281 secs] [Times: user=0.00 sys=0.00, real=0.00 secs] 
2017-07-06T17:38:17.130+0900: 3.207: [GC2017-07-06T17:38:17.130+0900: 3.207: [ParNew
Desired survivor size 131072 bytes, new threshold 6 (max 6)
- age   1:      23920 bytes,      23920 total
- age   2:       4120 bytes,      28040 total
- age   3:       4032 bytes,      32072 total
- age   4:       4032 bytes,      36104 total
- age   5:       3984 bytes,      40088 total
- age   6:       4032 bytes,      44120 total
: 2249K->57K(2432K), 0.0006314 secs] 3333K->1145K(7936K), 0.0007024 secs] [Times: user=0.00 sys=0.00, real=0.00 secs] 
2017-07-06T17:38:17.162+0900: 3.238: [GC2017-07-06T17:38:17.162+0900: 3.238: [ParNew
Desired survivor size 131072 bytes, new threshold 6 (max 6)
- age   1:      15712 bytes,      15712 total
- age   2:       4168 bytes,      19880 total
- age   3:       3984 bytes,      23864 total
- age   4:       4032 bytes,      27896 total
- age   5:       4032 bytes,      31928 total
- age   6:       3984 bytes,      35912 total
: 2227K->59K(2432K), 0.0007204 secs] 3315K->1151K(7936K), 0.0008034 secs] [Times: user=0.00 sys=0.00, real=0.00 secs] 
2017-07-06T17:38:17.188+0900: 3.264: [GC2017-07-06T17:38:17.188+0900: 3.264: [ParNew
Desired survivor size 131072 bytes, new threshold 6 (max 6)
- age   1:      40384 bytes,      40384 total
- age   2:       4168 bytes,      44552 total
- age   3:       4032 bytes,      48584 total
- age   4:       3984 bytes,      52568 total
- age   5:       4032 bytes,      56600 total
- age   6:       4032 bytes,      60632 total
: 2235K->70K(2432K), 0.0007046 secs] 3327K->1166K(7936K), 0.0007863 secs] [Times: user=0.00 sys=0.00, real=0.00 secs] 
2017-07-06T17:38:17.218+0900: 3.294: [GC2017-07-06T17:38:17.218+0900: 3.295: [ParNew
Desired survivor size 131072 bytes, new threshold 6 (max 6)
- age   1:      23920 bytes,      23920 total
- age   2:       4120 bytes,      28040 total
- age   3:       4032 bytes,      32072 total
- age   4:       4032 bytes,      36104 total
- age   5:       3984 bytes,      40088 total
- age   6:       4032 bytes,      44120 total
: 2245K->70K(2432K), 0.0006977 secs] 3341K->1170K(7936K), 0.0007816 secs] [Times: user=0.00 sys=0.00, real=0.00 secs] 
2017-07-06T17:38:17.244+0900: 3.320: [GC2017-07-06T17:38:17.244+0900: 3.320: [ParNew
Desired survivor size 131072 bytes, new threshold 6 (max 6)
- age   1:      15712 bytes,      15712 total
- age   2:       4168 bytes,      19880 total
- age   3:       3984 bytes,      23864 total
- age   4:       4032 bytes,      27896 total
- age   5:       4032 bytes,      31928 total
- age   6:       3984 bytes,      35912 total
: 2239K->39K(2432K), 0.0006904 secs] 3338K->1142K(7936K), 0.0007692 secs] [Times: user=0.00 sys=0.00, real=0.00 secs] 
2017-07-06T17:38:17.269+0900: 3.345: [GC2017-07-06T17:38:17.269+0900: 3.345: [ParNew
Desired survivor size 131072 bytes, new threshold 6 (max 6)
- age   1:      23736 bytes,      23736 total
- age   2:       4168 bytes,      27904 total
- age   3:       4032 bytes,      31936 total
- age   4:       3984 bytes,      35920 total
- age   5:       4032 bytes,      39952 total
- age   6:       4032 bytes,      43984 total
: 2199K->46K(2432K), 0.0007251 secs] 3303K->1153K(7936K), 0.0008030 secs] [Times: user=0.00 sys=0.00, real=0.00 secs] 
2017-07-06T17:38:17.297+0900: 3.373: [GC2017-07-06T17:38:17.297+0900: 3.373: [ParNew
Desired survivor size 131072 bytes, new threshold 6 (max 6)
- age   1:      15712 bytes,      15712 total
- age   2:       4120 bytes,      19832 total
- age   3:       4032 bytes,      23864 total
- age   4:       4032 bytes,      27896 total
- age   5:       3984 bytes,      31880 total
- age   6:       4032 bytes,      35912 total
: 2222K->57K(2432K), 0.0006969 secs] 3329K->1168K(7936K), 0.0007769 secs] [Times: user=0.00 sys=0.00, real=0.00 secs] 
2017-07-06T17:38:17.322+0900: 3.398: [GC2017-07-06T17:38:17.322+0900: 3.398: [ParNew
Desired survivor size 131072 bytes, new threshold 6 (max 6)
- age   1:      23736 bytes,      23736 total
- age   2:       4168 bytes,      27904 total
- age   3:       3984 bytes,      31888 total
- age   4:       4032 bytes,      35920 total
- age   5:       4032 bytes,      39952 total
- age   6:       3984 bytes,      43936 total
: 2217K->53K(2432K), 0.0006707 secs] 3328K->1169K(7936K), 0.0007525 secs] [Times: user=0.00 sys=0.00, real=0.00 secs] 
2017-07-06T17:38:17.346+0900: 3.422: [GC2017-07-06T17:38:17.346+0900: 3.422: [ParNew
Desired survivor size 131072 bytes, new threshold 6 (max 6)
- age   1:      15712 bytes,      15712 total
- age   2:       4120 bytes,      19832 total
- age   3:       4032 bytes,      23864 total
- age   4:       3984 bytes,      27848 total
- age   5:       4032 bytes,      31880 total
- age   6:       4032 bytes,      35912 total
: 2229K->54K(2432K), 0.0006395 secs] 3345K->1173K(7936K), 0.0007101 secs] [Times: user=0.00 sys=0.00, real=0.00 secs] 
2017-07-06T17:38:17.372+0900: 3.448: [GC2017-07-06T17:38:17.372+0900: 3.448: [ParNew
Desired survivor size 131072 bytes, new threshold 6 (max 6)
- age   1:      23736 bytes,      23736 total
- age   2:       4168 bytes,      27904 total
- age   3:       3984 bytes,      31888 total
- age   4:       4032 bytes,      35920 total
- age   5:       3984 bytes,      39904 total
- age   6:       4032 bytes,      43936 total
: 2217K->52K(2432K), 0.0006665 secs] 3336K->1175K(7936K), 0.0007474 secs] [Times: user=0.00 sys=0.00, real=0.00 secs] 
2017-07-06T17:38:17.396+0900: 3.472: [GC2017-07-06T17:38:17.396+0900: 3.472: [ParNew
Desired survivor size 131072 bytes, new threshold 6 (max 6)
- age   1:      71576 bytes,      71576 total
- age   2:       4120 bytes,      75696 total
- age   3:       4032 bytes,      79728 total
- age   4:       3984 bytes,      83712 total
- age   5:       4032 bytes,      87744 total
- age   6:       3984 bytes,      91728 total
: 2224K->93K(2432K), 0.0144272 secs] 3347K->1220K(7936K), 0.0145205 secs] [Times: user=0.02 sys=0.00, real=0.02 secs] 
2017-07-06T17:38:17.435+0900: 3.511: [GC2017-07-06T17:38:17.435+0900: 3.511: [ParNew
Desired survivor size 131072 bytes, new threshold 6 (max 6)
- age   1:      23736 bytes,      23736 total
- age   2:      60376 bytes,      84112 total
- age   3:       4056 bytes,      88168 total
- age   4:       4080 bytes,      92248 total
- age   5:       4008 bytes,      96256 total
- age   6:       4104 bytes,     100360 total
: 2254K->112K(2432K), 0.0006789 secs] 3381K->1243K(7936K), 0.0007606 secs] [Times: user=0.00 sys=0.00, real=0.00 secs] 
2017-07-06T17:38:17.460+0900: 3.536: [GC2017-07-06T17:38:17.460+0900: 3.536: [ParNew
Desired survivor size 131072 bytes, new threshold 6 (max 6)
- age   1:      15712 bytes,      15712 total
- age   2:       4120 bytes,      19832 total
- age   3:      60192 bytes,      80024 total
- age   4:       4104 bytes,      84128 total
- age   5:       4080 bytes,      88208 total
- age   6:       4032 bytes,      92240 total
: 2281K->103K(2432K), 0.0006442 secs] 3412K->1238K(7936K), 0.0007213 secs] [Times: user=0.00 sys=0.00, real=0.00 secs] 
2017-07-06T17:38:17.484+0900: 3.560: [GC2017-07-06T17:38:17.484+0900: 3.560: [ParNew
Desired survivor size 131072 bytes, new threshold 6 (max 6)
- age   1:      23736 bytes,      23736 total
- age   2:       4168 bytes,      27904 total
- age   3:       3984 bytes,      31888 total
- age   4:      60360 bytes,      92248 total
- age   5:       4080 bytes,      96328 total
- age   6:       4200 bytes,     100528 total
: 2263K->111K(2432K), 0.0006100 secs] 3398K->1250K(7936K), 0.0006853 secs] [Times: user=0.02 sys=0.00, real=0.00 secs] 
2017-07-06T17:38:17.509+0900: 3.585: [GC2017-07-06T17:38:17.509+0900: 3.585: [ParNew
Desired survivor size 131072 bytes, new threshold 6 (max 6)
- age   1:      15712 bytes,      15712 total
- age   2:       4120 bytes,      19832 total
- age   3:       4032 bytes,      23864 total
- age   4:       3984 bytes,      27848 total
- age   5:      60264 bytes,      88112 total
- age   6:       4032 bytes,      92144 total
: 2287K->103K(2432K), 0.0006438 secs] 3426K->1246K(7936K), 0.0007183 secs] [Times: user=0.00 sys=0.00, real=0.00 secs] 
2017-07-06T17:38:17.538+0900: 3.614: [GC2017-07-06T17:38:17.538+0900: 3.614: [ParNew
Desired survivor size 131072 bytes, new threshold 6 (max 6)
- age   1:      23736 bytes,      23736 total
- age   2:       4168 bytes,      27904 total
- age   3:       3984 bytes,      31888 total
- age   4:       4032 bytes,      35920 total
- age   5:       3984 bytes,      39904 total
- age   6:      60216 bytes,     100120 total
: 2266K->116K(2432K), 0.0006562 secs] 3409K->1263K(7936K), 0.0007362 secs] [Times: user=0.00 sys=0.00, real=0.00 secs] 
2017-07-06T17:38:17.565+0900: 3.642: [GC2017-07-06T17:38:17.565+0900: 3.642: [ParNew
Desired survivor size 131072 bytes, new threshold 6 (max 6)
- age   1:      17176 bytes,      17176 total
- age   2:       4120 bytes,      21296 total
- age   3:       4032 bytes,      25328 total
- age   4:       3984 bytes,      29312 total
- age   5:       4032 bytes,      33344 total
- age   6:       3984 bytes,      37328 total
: 2292K->57K(2432K), 0.0006913 secs] 3439K->1262K(7936K), 0.0007752 secs] [Times: user=0.00 sys=0.00, real=0.00 secs] 
2017-07-06T17:38:17.600+0900: 3.676: [GC2017-07-06T17:38:17.600+0900: 3.676: [ParNew
Desired survivor size 131072 bytes, new threshold 6 (max 6)
- age   1:      24384 bytes,      24384 total
- age   2:       5632 bytes,      30016 total
- age   3:       3984 bytes,      34000 total
- age   4:       4032 bytes,      38032 total
- age   5:       3984 bytes,      42016 total
- age   6:       4032 bytes,      46048 total
: 2228K->53K(2432K), 0.0006763 secs] 3434K->1263K(7936K), 0.0007632 secs] [Times: user=0.00 sys=0.00, real=0.00 secs] 
2017-07-06T17:38:17.721+0900: 3.797: [GC2017-07-06T17:38:17.721+0900: 3.797: [ParNew
Desired survivor size 131072 bytes, new threshold 6 (max 6)
- age   1:      25288 bytes,      25288 total
- age   2:       4768 bytes,      30056 total
- age   3:       5496 bytes,      35552 total
- age   4:       3984 bytes,      39536 total
- age   5:       4032 bytes,      43568 total
- age   6:       3984 bytes,      47552 total
: 2218K->47K(2432K), 0.0035622 secs] 3428K->1260K(7936K), 0.0037407 secs] [Times: user=0.00 sys=0.00, real=0.00 secs] 
2017-07-06T17:38:17.773+0900: 3.849: [GC2017-07-06T17:38:17.773+0900: 3.849: [ParNew
Desired survivor size 131072 bytes, new threshold 6 (max 6)
- age   1:      16384 bytes,      16384 total
- age   2:       5672 bytes,      22056 total
- age   3:       4632 bytes,      26688 total
- age   4:       5496 bytes,      32184 total
- age   5:       3984 bytes,      36168 total
- age   6:       4032 bytes,      40200 total
: 2217K->61K(2432K), 0.0006866 secs] 3430K->1278K(7936K), 0.0007705 secs] [Times: user=0.00 sys=0.00, real=0.00 secs] 
2017-07-06T17:38:17.795+0900: 3.871: [GC2017-07-06T17:38:17.795+0900: 3.871: [ParNew
Desired survivor size 131072 bytes, new threshold 6 (max 6)
- age   1:      24400 bytes,      24400 total
- age   2:       4840 bytes,      29240 total
- age   3:       5536 bytes,      34776 total
- age   4:       4632 bytes,      39408 total
- age   5:       5496 bytes,      44904 total
- age   6:       3984 bytes,      48888 total
: 2223K->67K(2432K), 0.0006493 secs] 3440K->1288K(7936K), 0.0007268 secs] [Times: user=0.00 sys=0.00, real=0.00 secs] 
2017-07-06T17:38:17.817+0900: 3.894: [GC2017-07-06T17:38:17.817+0900: 3.894: [ParNew
Desired survivor size 131072 bytes, new threshold 6 (max 6)
- age   1:      16384 bytes,      16384 total
- age   2:       4784 bytes,      21168 total
- age   3:       4704 bytes,      25872 total
- age   4:       5536 bytes,      31408 total
- age   5:       4632 bytes,      36040 total
- age   6:       5496 bytes,      41536 total
: 2243K->51K(2432K), 0.0006891 secs] 3464K->1276K(7936K), 0.0007739 secs] [Times: user=0.00 sys=0.00, real=0.00 secs] 
2017-07-06T17:38:17.845+0900: 3.922: [GC2017-07-06T17:38:17.845+0900: 3.922: [ParNew
Desired survivor size 131072 bytes, new threshold 6 (max 6)
- age   1:      24400 bytes,      24400 total
- age   2:       4840 bytes,      29240 total
- age   3:       4648 bytes,      33888 total
- age   4:       4704 bytes,      38592 total
- age   5:       5536 bytes,      44128 total
- age   6:       4632 bytes,      48760 total
: 2212K->71K(2432K), 0.0008060 secs] 3437K->1301K(7936K), 0.0009002 secs] [Times: user=0.00 sys=0.00, real=0.00 secs] 
2017-07-06T17:38:17.868+0900: 3.944: [GC2017-07-06T17:38:17.868+0900: 3.944: [ParNew
Desired survivor size 131072 bytes, new threshold 6 (max 6)
- age   1:      16384 bytes,      16384 total
- age   2:       4784 bytes,      21168 total
- age   3:       4704 bytes,      25872 total
- age   4:       4648 bytes,      30520 total
- age   5:       4704 bytes,      35224 total
- age   6:       5536 bytes,      40760 total
: 2247K->64K(2432K), 0.0006742 secs] 3477K->1299K(7936K), 0.0007538 secs] [Times: user=0.00 sys=0.00, real=0.00 secs] 
2017-07-06T17:38:17.891+0900: 3.967: [GC2017-07-06T17:38:17.891+0900: 3.967: [ParNew
Desired survivor size 131072 bytes, new threshold 6 (max 6)
- age   1:      16384 bytes,      16384 total
- age   2:       4840 bytes,      21224 total
- age   3:       4648 bytes,      25872 total
- age   4:       4704 bytes,      30576 total
- age   5:       4648 bytes,      35224 total
- age   6:       4704 bytes,      39928 total
: 2240K->50K(2432K), 0.0006365 secs] 3475K->1290K(7936K), 0.0007127 secs] [Times: user=0.00 sys=0.00, real=0.00 secs] 
2017-07-06T17:38:17.913+0900: 3.989: [GC2017-07-06T17:38:17.913+0900: 3.989: [ParNew
Desired survivor size 131072 bytes, new threshold 6 (max 6)
- age   1:      24400 bytes,      24400 total
- age   2:       4840 bytes,      29240 total
- age   3:       4704 bytes,      33944 total
- age   4:       4648 bytes,      38592 total
- age   5:       4704 bytes,      43296 total
- age   6:       4648 bytes,      47944 total
: 2211K->65K(2432K), 0.0005980 secs] 3451K->1309K(7936K), 0.0006763 secs] [Times: user=0.00 sys=0.00, real=0.00 secs] 
2017-07-06T17:38:17.935+0900: 4.011: [GC2017-07-06T17:38:17.935+0900: 4.011: [ParNew
Desired survivor size 131072 bytes, new threshold 6 (max 6)
- age   1:      16384 bytes,      16384 total
- age   2:       4784 bytes,      21168 total
- age   3:       4704 bytes,      25872 total
- age   4:       4704 bytes,      30576 total
- age   5:       4648 bytes,      35224 total
- age   6:       4704 bytes,      39928 total
: 2241K->62K(2432K), 0.0006545 secs] 3485K->1311K(7936K), 0.0007418 secs] [Times: user=0.00 sys=0.00, real=0.00 secs] 
2017-07-06T17:38:17.958+0900: 4.035: [GC2017-07-06T17:38:17.958+0900: 4.035: [ParNew
Desired survivor size 131072 bytes, new threshold 6 (max 6)
- age   1:      24400 bytes,      24400 total
- age   2:       6336 bytes,      30736 total
- age   3:       4648 bytes,      35384 total
- age   4:       4704 bytes,      40088 total
- age   5:       4704 bytes,      44792 total
- age   6:       4648 bytes,      49440 total
: 2224K->57K(2432K), 0.0006874 secs] 3473K->1311K(7936K), 0.0007855 secs] [Times: user=0.00 sys=0.00, real=0.00 secs] 
2017-07-06T17:38:17.980+0900: 4.057: [GC2017-07-06T17:38:17.981+0900: 4.057: [ParNew
Desired survivor size 131072 bytes, new threshold 6 (max 6)
- age   1:      16384 bytes,      16384 total
- age   2:       4784 bytes,      21168 total
- age   3:       4704 bytes,      25872 total
- age   4:       4648 bytes,      30520 total
- age   5:       4704 bytes,      35224 total
- age   6:       4704 bytes,      39928 total
: 2233K->52K(2432K), 0.0006459 secs] 3487K->1310K(7936K), 0.0007217 secs] [Times: user=0.00 sys=0.00, real=0.00 secs] 
2017-07-06T17:38:18.003+0900: 4.079: [GC2017-07-06T17:38:18.003+0900: 4.079: [ParNew
Desired survivor size 131072 bytes, new threshold 6 (max 6)
- age   1:      16176 bytes,      16176 total
- age   2:       4840 bytes,      21016 total
- age   3:       4648 bytes,      25664 total
- age   4:       4704 bytes,      30368 total
- age   5:       4648 bytes,      35016 total
- age   6:       4704 bytes,      39720 total
: 2228K->54K(2432K), 0.0006429 secs] 3486K->1317K(7936K), 0.0007213 secs] [Times: user=0.00 sys=0.00, real=0.00 secs] 
2017-07-06T17:38:18.025+0900: 4.101: [GC2017-07-06T17:38:18.025+0900: 4.101: [ParNew
Desired survivor size 131072 bytes, new threshold 6 (max 6)
- age   1:      24464 bytes,      24464 total
- age   2:       4776 bytes,      29240 total
- age   3:       4704 bytes,      33944 total
- age   4:       4648 bytes,      38592 total
- age   5:       4704 bytes,      43296 total
- age   6:       4648 bytes,      47944 total
: 2216K->69K(2432K), 0.0006395 secs] 3479K->1337K(7936K), 0.0007123 secs] [Times: user=0.00 sys=0.00, real=0.00 secs] 
2017-07-06T17:38:18.051+0900: 4.127: [GC2017-07-06T17:38:18.051+0900: 4.127: [ParNew
Desired survivor size 131072 bytes, new threshold 6 (max 6)
- age   1:      16384 bytes,      16384 total
- age   2:       4784 bytes,      21168 total
- age   3:       4704 bytes,      25872 total
- age   4:       4704 bytes,      30576 total
- age   5:       4648 bytes,      35224 total
- age   6:       4704 bytes,      39928 total
: 2245K->44K(2432K), 0.0024184 secs] 3513K->1317K(7936K), 0.0025177 secs] [Times: user=0.00 sys=0.00, real=0.00 secs] 
2017-07-06T17:38:18.076+0900: 4.152: [GC2017-07-06T17:38:18.076+0900: 4.152: [ParNew
Desired survivor size 131072 bytes, new threshold 6 (max 6)
- age   1:      24400 bytes,      24400 total
- age   2:       4840 bytes,      29240 total
- age   3:       4648 bytes,      33888 total
- age   4:       4704 bytes,      38592 total
- age   5:       4704 bytes,      43296 total
- age   6:       4648 bytes,      47944 total
: 2207K->72K(2432K), 0.0006575 secs] 3480K->1349K(7936K), 0.0007358 secs] [Times: user=0.00 sys=0.00, real=0.00 secs] 
2017-07-06T17:38:18.099+0900: 4.175: [GC2017-07-06T17:38:18.099+0900: 4.175: [ParNew
Desired survivor size 131072 bytes, new threshold 6 (max 6)
- age   1:      16384 bytes,      16384 total
- age   2:       4784 bytes,      21168 total
- age   3:       4704 bytes,      25872 total
- age   4:       4648 bytes,      30520 total
- age   5:       4704 bytes,      35224 total
- age   6:       4704 bytes,      39928 total
: 2248K->42K(2432K), 0.0006493 secs] 3525K->1323K(7936K), 0.0007294 secs] [Times: user=0.00 sys=0.00, real=0.00 secs] 
2017-07-06T17:38:18.121+0900: 4.197: [GC2017-07-06T17:38:18.121+0900: 4.197: [ParNew
Desired survivor size 131072 bytes, new threshold 6 (max 6)
- age   1:      24400 bytes,      24400 total
- age   2:       4840 bytes,      29240 total
- age   3:       4648 bytes,      33888 total
- age   4:       4704 bytes,      38592 total
- age   5:       4648 bytes,      43240 total
- age   6:       4704 bytes,      47944 total
: 2204K->65K(2432K), 0.0006344 secs] 3485K->1351K(7936K), 0.0007076 secs] [Times: user=0.00 sys=0.00, real=0.00 secs] 
2017-07-06T17:38:18.143+0900: 4.220: [GC2017-07-06T17:38:18.144+0900: 4.220: [ParNew
Desired survivor size 131072 bytes, new threshold 6 (max 6)
- age   1:      16384 bytes,      16384 total
- age   2:       4784 bytes,      21168 total
- age   3:       4704 bytes,      25872 total
- age   4:       4648 bytes,      30520 total
- age   5:       4704 bytes,      35224 total
- age   6:       4648 bytes,      39872 total
: 2241K->62K(2432K), 0.0006215 secs] 3527K->1353K(7936K), 0.0006909 secs] [Times: user=0.00 sys=0.00, real=0.00 secs] 
2017-07-06T17:38:18.166+0900: 4.242: [GC2017-07-06T17:38:18.166+0900: 4.242: [ParNew
Desired survivor size 131072 bytes, new threshold 6 (max 6)
- age   1:      24400 bytes,      24400 total
- age   2:       4840 bytes,      29240 total
- age   3:       4648 bytes,      33888 total
- age   4:       4704 bytes,      38592 total
- age   5:       4648 bytes,      43240 total
- age   6:       4704 bytes,      47944 total
: 2224K->46K(2432K), 0.0062233 secs] 3514K->1342K(7936K), 0.0063277 secs] [Times: user=0.02 sys=0.00, real=0.01 secs] 
2017-07-06T17:38:18.195+0900: 4.271: [GC2017-07-06T17:38:18.195+0900: 4.271: [ParNew
Desired survivor size 131072 bytes, new threshold 6 (max 6)
- age   1:      16384 bytes,      16384 total
- age   2:       4784 bytes,      21168 total
- age   3:       4704 bytes,      25872 total
- age   4:       4648 bytes,      30520 total
- age   5:       4704 bytes,      35224 total
- age   6:       4648 bytes,      39872 total
: 2222K->50K(2432K), 0.0006883 secs] 3518K->1350K(7936K), 0.0007688 secs] [Times: user=0.00 sys=0.00, real=0.00 secs] 
2017-07-06T17:38:18.218+0900: 4.294: [GC2017-07-06T17:38:18.218+0900: 4.294: [ParNew
Desired survivor size 131072 bytes, new threshold 6 (max 6)
- age   1:      24400 bytes,      24400 total
- age   2:       4840 bytes,      29240 total
- age   3:       4648 bytes,      33888 total
- age   4:       4704 bytes,      38592 total
- age   5:       4648 bytes,      43240 total
- age   6:       4704 bytes,      47944 total
: 2213K->68K(2432K), 0.0006451 secs] 3512K->1372K(7936K), 0.0007204 secs] [Times: user=0.00 sys=0.00, real=0.00 secs] 
2017-07-06T17:38:18.241+0900: 4.317: [GC2017-07-06T17:38:18.241+0900: 4.318: [ParNew
Desired survivor size 131072 bytes, new threshold 6 (max 6)
- age   1:      16384 bytes,      16384 total
- age   2:       4784 bytes,      21168 total
- age   3:       4704 bytes,      25872 total
- age   4:       4648 bytes,      30520 total
- age   5:       4704 bytes,      35224 total
- age   6:       4648 bytes,      39872 total
: 2244K->63K(2432K), 0.0006635 secs] 3548K->1372K(7936K), 0.0007427 secs] [Times: user=0.00 sys=0.00, real=0.00 secs] 
2017-07-06T17:38:18.264+0900: 4.340: [GC2017-07-06T17:38:18.264+0900: 4.340: [ParNew
Desired survivor size 131072 bytes, new threshold 6 (max 6)
- age   1:      24400 bytes,      24400 total
- age   2:       4840 bytes,      29240 total
- age   3:       4648 bytes,      33888 total
- age   4:       4704 bytes,      38592 total
- age   5:       4648 bytes,      43240 total
- age   6:       4704 bytes,      47944 total
: 2224K->47K(2432K), 0.0008890 secs] 3533K->1360K(7936K), 0.0009828 secs] [Times: user=0.00 sys=0.02, real=0.00 secs] 
2017-07-06T17:38:18.292+0900: 4.368: [GC2017-07-06T17:38:18.292+0900: 4.368: [ParNew
Desired survivor size 131072 bytes, new threshold 6 (max 6)
- age   1:      16384 bytes,      16384 total
- age   2:       4784 bytes,      21168 total
- age   3:       4704 bytes,      25872 total
- age   4:       4648 bytes,      30520 total
- age   5:       4704 bytes,      35224 total
- age   6:       4648 bytes,      39872 total
: 2223K->50K(2432K), 0.0006973 secs] 3536K->1368K(7936K), 0.0007790 secs] [Times: user=0.00 sys=0.00, real=0.00 secs] 
2017-07-06T17:38:18.315+0900: 4.391: [GC2017-07-06T17:38:18.315+0900: 4.391: [ParNew
Desired survivor size 131072 bytes, new threshold 6 (max 6)
- age   1:      24488 bytes,      24488 total
- age   2:       4840 bytes,      29328 total
- age   3:       4648 bytes,      33976 total
- age   4:       4704 bytes,      38680 total
- age   5:       4648 bytes,      43328 total
- age   6:       4704 bytes,      48032 total
: 2221K->68K(2432K), 0.0006690 secs] 3539K->1391K(7936K), 0.0007478 secs] [Times: user=0.00 sys=0.00, real=0.00 secs] 
2017-07-06T17:38:18.338+0900: 4.415: [GC2017-07-06T17:38:18.338+0900: 4.415: [ParNew
Desired survivor size 131072 bytes, new threshold 6 (max 6)
- age   1:      16384 bytes,      16384 total
- age   2:       4872 bytes,      21256 total
- age   3:       4704 bytes,      25960 total
- age   4:       4648 bytes,      30608 total
- age   5:       4704 bytes,      35312 total
- age   6:       4648 bytes,      39960 total
: 2244K->63K(2432K), 0.0006943 secs] 3567K->1390K(7936K), 0.0007730 secs] [Times: user=0.00 sys=0.00, real=0.00 secs] 
2017-07-06T17:38:18.365+0900: 4.441: [GC2017-07-06T17:38:18.365+0900: 4.442: [ParNew
Desired survivor size 131072 bytes, new threshold 6 (max 6)
- age   1:      24400 bytes,      24400 total
- age   2:       4840 bytes,      29240 total
- age   3:       4736 bytes,      33976 total
- age   4:       4704 bytes,      38680 total
- age   5:       4648 bytes,      43328 total
- age   6:       4704 bytes,      48032 total
: 2224K->57K(2432K), 0.0006857 secs] 3551K->1389K(7936K), 0.0007653 secs] [Times: user=0.00 sys=0.00, real=0.00 secs] 
2017-07-06T17:38:18.390+0900: 4.466: [GC2017-07-06T17:38:18.390+0900: 4.466: [ParNew
Desired survivor size 131072 bytes, new threshold 6 (max 6)
- age   1:      16384 bytes,      16384 total
- age   2:       4784 bytes,      21168 total
- age   3:       4704 bytes,      25872 total
- age   4:       4736 bytes,      30608 total
- age   5:       4704 bytes,      35312 total
- age   6:       4648 bytes,      39960 total
: 2233K->50K(2432K), 0.0104173 secs] 3565K->1386K(7936K), 0.0105226 secs] [Times: user=0.00 sys=0.00, real=0.01 secs] 
2017-07-06T17:38:18.423+0900: 4.499: [GC2017-07-06T17:38:18.423+0900: 4.499: [ParNew
Desired survivor size 131072 bytes, new threshold 6 (max 6)
- age   1:      24400 bytes,      24400 total
- age   2:       4840 bytes,      29240 total
- age   3:       4648 bytes,      33888 total
- age   4:       4704 bytes,      38592 total
- age   5:       4736 bytes,      43328 total
- age   6:       4704 bytes,      48032 total
: 2213K->68K(2432K), 0.0007285 secs] 3549K->1409K(7936K), 0.0008051 secs] [Times: user=0.00 sys=0.00, real=0.00 secs] 
2017-07-06T17:38:18.445+0900: 4.522: [GC2017-07-06T17:38:18.445+0900: 4.522: [ParNew
Desired survivor size 131072 bytes, new threshold 6 (max 6)
- age   1:      16384 bytes,      16384 total
- age   2:       4784 bytes,      21168 total
- age   3:       4704 bytes,      25872 total
- age   4:       4648 bytes,      30520 total
- age   5:       4704 bytes,      35224 total
- age   6:       4736 bytes,      39960 total
: 2244K->63K(2432K), 0.0006455 secs] 3585K->1408K(7936K), 0.0007191 secs] [Times: user=0.00 sys=0.00, real=0.00 secs] 
2017-07-06T17:38:18.467+0900: 4.543: [GC2017-07-06T17:38:18.467+0900: 4.544: [ParNew
Desired survivor size 131072 bytes, new threshold 6 (max 6)
- age   1:      24400 bytes,      24400 total
- age   2:       4840 bytes,      29240 total
- age   3:       4648 bytes,      33888 total
- age   4:       4704 bytes,      38592 total
- age   5:       4648 bytes,      43240 total
- age   6:       4704 bytes,      47944 total
: 2224K->57K(2432K), 0.0006344 secs] 3570K->1407K(7936K), 0.0007037 secs] [Times: user=0.03 sys=0.00, real=0.00 secs] 
2017-07-06T17:38:18.490+0900: 4.566: [GC2017-07-06T17:38:18.490+0900: 4.566: [ParNew
Desired survivor size 131072 bytes, new threshold 6 (max 6)
- age   1:      16384 bytes,      16384 total
- age   2:       4784 bytes,      21168 total
- age   3:       4704 bytes,      25872 total
- age   4:       4648 bytes,      30520 total
- age   5:       4704 bytes,      35224 total
- age   6:       4648 bytes,      39872 total
: 2233K->50K(2432K), 0.0006219 secs] 3583K->1405K(7936K), 0.0006951 secs] [Times: user=0.00 sys=0.00, real=0.00 secs] 
2017-07-06T17:38:18.514+0900: 4.591: [GC2017-07-06T17:38:18.515+0900: 4.591: [ParNew
Desired survivor size 131072 bytes, new threshold 6 (max 6)
- age   1:      24400 bytes,      24400 total
- age   2:       4840 bytes,      29240 total
- age   3:       4648 bytes,      33888 total
- age   4:       4704 bytes,      38592 total
- age   5:       4648 bytes,      43240 total
- age   6:       4704 bytes,      47944 total
: 2211K->68K(2432K), 0.0006840 secs] 3566K->1427K(7936K), 0.0007653 secs] [Times: user=0.00 sys=0.00, real=0.00 secs] 
2017-07-06T17:38:18.542+0900: 4.618: [GC2017-07-06T17:38:18.542+0900: 4.618: [ParNew
Desired survivor size 131072 bytes, new threshold 6 (max 6)
- age   1:      16384 bytes,      16384 total
- age   2:       4784 bytes,      21168 total
- age   3:       4704 bytes,      25872 total
- age   4:       4648 bytes,      30520 total
- age   5:       4704 bytes,      35224 total
- age   6:       4648 bytes,      39872 total
: 2244K->63K(2432K), 0.0006913 secs] 3603K->1426K(7936K), 0.0007748 secs] [Times: user=0.00 sys=0.00, real=0.00 secs] 
2017-07-06T17:38:18.564+0900: 4.640: [GC2017-07-06T17:38:18.564+0900: 4.641: [ParNew
Desired survivor size 131072 bytes, new threshold 6 (max 6)
- age   1:      24400 bytes,      24400 total
- age   2:       4840 bytes,      29240 total
- age   3:       4648 bytes,      33888 total
- age   4:       4704 bytes,      38592 total
- age   5:       4648 bytes,      43240 total
- age   6:       4704 bytes,      47944 total
: 2225K->57K(2432K), 0.0006660 secs] 3588K->1425K(7936K), 0.0007431 secs] [Times: user=0.00 sys=0.00, real=0.00 secs] 
2017-07-06T17:38:18.587+0900: 4.663: [GC2017-07-06T17:38:18.587+0900: 4.663: [ParNew
Desired survivor size 131072 bytes, new threshold 6 (max 6)
- age   1:      16384 bytes,      16384 total
- age   2:       4784 bytes,      21168 total
- age   3:       4704 bytes,      25872 total
- age   4:       4648 bytes,      30520 total
- age   5:       4704 bytes,      35224 total
- age   6:       4648 bytes,      39872 total
: 2233K->50K(2432K), 0.0006502 secs] 3601K->1423K(7936K), 0.0007242 secs] [Times: user=0.00 sys=0.00, real=0.00 secs] 
2017-07-06T17:38:18.609+0900: 4.685: [GC2017-07-06T17:38:18.609+0900: 4.685: [ParNew
Desired survivor size 131072 bytes, new threshold 6 (max 6)
- age   1:      24400 bytes,      24400 total
- age   2:       4840 bytes,      29240 total
- age   3:       4648 bytes,      33888 total
- age   4:       4704 bytes,      38592 total
- age   5:       4648 bytes,      43240 total
- age   6:       4704 bytes,      47944 total
: 2213K->68K(2432K), 0.0006476 secs] 3586K->1446K(7936K), 0.0007200 secs] [Times: user=0.00 sys=0.00, real=0.00 secs] 
2017-07-06T17:38:18.637+0900: 4.714: [GC2017-07-06T17:38:18.637+0900: 4.714: [ParNew
Desired survivor size 131072 bytes, new threshold 6 (max 6)
- age   1:      16384 bytes,      16384 total
- age   2:       4784 bytes,      21168 total
- age   3:       4704 bytes,      25872 total
- age   4:       4648 bytes,      30520 total
- age   5:       4704 bytes,      35224 total
- age   6:       4648 bytes,      39872 total
: 2244K->63K(2432K), 0.0006947 secs] 3622K->1445K(7936K), 0.0007820 secs] [Times: user=0.00 sys=0.00, real=0.00 secs] 
2017-07-06T17:38:18.660+0900: 4.736: [GC2017-07-06T17:38:18.660+0900: 4.736: [ParNew
Desired survivor size 131072 bytes, new threshold 6 (max 6)
- age   1:      24400 bytes,      24400 total
- age   2:       4840 bytes,      29240 total
- age   3:       4648 bytes,      33888 total
- age   4:       4704 bytes,      38592 total
- age   5:       4648 bytes,      43240 total
- age   6:       4704 bytes,      47944 total
: 2225K->57K(2432K), 0.0006570 secs] 3607K->1444K(7936K), 0.0007320 secs] [Times: user=0.00 sys=0.00, real=0.00 secs] 
2017-07-06T17:38:18.682+0900: 4.758: [GC2017-07-06T17:38:18.682+0900: 4.758: [ParNew
Desired survivor size 131072 bytes, new threshold 6 (max 6)
- age   1:      16384 bytes,      16384 total
- age   2:       4784 bytes,      21168 total
- age   3:       4704 bytes,      25872 total
- age   4:       4648 bytes,      30520 total
- age   5:       4704 bytes,      35224 total
- age   6:       4648 bytes,      39872 total
: 2233K->50K(2432K), 0.0006643 secs] 3620K->1441K(7936K), 0.0007418 secs] [Times: user=0.00 sys=0.00, real=0.00 secs] 
2017-07-06T17:38:18.704+0900: 4.781: [GC2017-07-06T17:38:18.704+0900: 4.781: [ParNew
Desired survivor size 131072 bytes, new threshold 6 (max 6)
- age   1:      24400 bytes,      24400 total
- age   2:       4840 bytes,      29240 total
- age   3:       4648 bytes,      33888 total
- age   4:       4704 bytes,      38592 total
- age   5:       4648 bytes,      43240 total
- age   6:       4704 bytes,      47944 total
: 2212K->68K(2432K), 0.0006511 secs] 3603K->1464K(7936K), 0.0007255 secs] [Times: user=0.00 sys=0.00, real=0.00 secs] 
2017-07-06T17:38:18.728+0900: 4.804: [GC2017-07-06T17:38:18.728+0900: 4.804: [ParNew
Desired survivor size 131072 bytes, new threshold 6 (max 6)
- age   1:      16384 bytes,      16384 total
- age   2:       4784 bytes,      21168 total
- age   3:       4704 bytes,      25872 total
- age   4:       4648 bytes,      30520 total
- age   5:       4704 bytes,      35224 total
- age   6:       4648 bytes,      39872 total
: 2244K->63K(2432K), 0.0006737 secs] 3640K->1463K(7936K), 0.0007521 secs] [Times: user=0.00 sys=0.00, real=0.00 secs] 
2017-07-06T17:38:18.753+0900: 4.830: [GC2017-07-06T17:38:18.753+0900: 4.830: [ParNew
Desired survivor size 131072 bytes, new threshold 6 (max 6)
- age   1:      24400 bytes,      24400 total
- age   2:       4840 bytes,      29240 total
- age   3:       4648 bytes,      33888 total
- age   4:       4704 bytes,      38592 total
- age   5:       4648 bytes,      43240 total
- age   6:       4704 bytes,      47944 total
: 2225K->57K(2432K), 0.0006814 secs] 3625K->1462K(7936K), 0.0007623 secs] [Times: user=0.00 sys=0.00, real=0.00 secs] 
2017-07-06T17:38:18.776+0900: 4.852: [GC2017-07-06T17:38:18.776+0900: 4.852: [ParNew
Desired survivor size 131072 bytes, new threshold 6 (max 6)
- age   1:      16384 bytes,      16384 total
- age   2:       4784 bytes,      21168 total
- age   3:       4704 bytes,      25872 total
- age   4:       4648 bytes,      30520 total
- age   5:       4704 bytes,      35224 total
- age   6:       4648 bytes,      39872 total
: 2233K->50K(2432K), 0.0006549 secs] 3638K->1459K(7936K), 0.0007324 secs] [Times: user=0.00 sys=0.00, real=0.00 secs] 
2017-07-06T17:38:18.798+0900: 4.874: [GC2017-07-06T17:38:18.798+0900: 4.874: [ParNew
Desired survivor size 131072 bytes, new threshold 6 (max 6)
- age   1:      24400 bytes,      24400 total
- age   2:       4840 bytes,      29240 total
- age   3:       4648 bytes,      33888 total
- age   4:       4704 bytes,      38592 total
- age   5:       4648 bytes,      43240 total
- age   6:       4704 bytes,      47944 total
: 2212K->68K(2432K), 0.0006361 secs] 3621K->1482K(7936K), 0.0007144 secs] [Times: user=0.00 sys=0.00, real=0.00 secs] 
2017-07-06T17:38:18.820+0900: 4.896: [GC2017-07-06T17:38:18.820+0900: 4.896: [ParNew
Desired survivor size 131072 bytes, new threshold 6 (max 6)
- age   1:      16384 bytes,      16384 total
- age   2:       4784 bytes,      21168 total
- age   3:       4704 bytes,      25872 total
- age   4:       4648 bytes,      30520 total
- age   5:       4704 bytes,      35224 total
- age   6:       4648 bytes,      39872 total
: 2244K->63K(2432K), 0.0006348 secs] 3658K->1481K(7936K), 0.0007088 secs] [Times: user=0.00 sys=0.00, real=0.00 secs] 
2017-07-06T17:38:18.842+0900: 4.919: [GC2017-07-06T17:38:18.843+0900: 4.919: [ParNew
Desired survivor size 131072 bytes, new threshold 6 (max 6)
- age   1:      24400 bytes,      24400 total
- age   2:       4840 bytes,      29240 total
- age   3:       4648 bytes,      33888 total
- age   4:       4704 bytes,      38592 total
- age   5:       4648 bytes,      43240 total
- age   6:       4704 bytes,      47944 total
: 2224K->57K(2432K), 0.0006570 secs] 3642K->1480K(7936K), 0.0007409 secs] [Times: user=0.00 sys=0.00, real=0.00 secs] 
2017-07-06T17:38:18.873+0900: 4.949: [GC2017-07-06T17:38:18.873+0900: 4.949: [ParNew
Desired survivor size 131072 bytes, new threshold 6 (max 6)
- age   1:      16384 bytes,      16384 total
- age   2:       4784 bytes,      21168 total
- age   3:       4704 bytes,      25872 total
- age   4:       4648 bytes,      30520 total
- age   5:       4704 bytes,      35224 total
- age   6:       4648 bytes,      39872 total
: 2233K->50K(2432K), 0.0006973 secs] 3656K->1478K(7936K), 0.0007820 secs] [Times: user=0.00 sys=0.00, real=0.00 secs] 
2017-07-06T17:38:18.895+0900: 4.971: [GC2017-07-06T17:38:18.895+0900: 4.971: [ParNew
Desired survivor size 131072 bytes, new threshold 6 (max 6)
- age   1:     108376 bytes,     108376 total
- age   2:       4936 bytes,     113312 total
- age   3:       4720 bytes,     118032 total
- age   4:       4824 bytes,     122856 total
- age   5:       4768 bytes,     127624 total
- age   6:       4704 bytes,     132328 total
: 2216K->143K(2432K), 0.0006819 secs] 3643K->1575K(7936K), 0.0007602 secs] [Times: user=0.00 sys=0.00, real=0.00 secs] 
2017-07-06T17:38:18.918+0900: 4.994: [GC2017-07-06T17:38:18.918+0900: 4.994: [ParNew
Desired survivor size 131072 bytes, new threshold 6 (max 6)
- age   1:      16384 bytes,      16384 total
- age   2:      89024 bytes,     105408 total
- age   3:       4824 bytes,     110232 total
- age   4:       4840 bytes,     115072 total
- age   5:       4752 bytes,     119824 total
- age   6:       4648 bytes,     124472 total
: 2319K->136K(2432K), 0.0006823 secs] 3751K->1572K(7936K), 0.0007619 secs] [Times: user=0.00 sys=0.00, real=0.00 secs] 
2017-07-06T17:38:18.940+0900: 5.016: [GC2017-07-06T17:38:18.940+0900: 5.016: [ParNew
Desired survivor size 131072 bytes, new threshold 6 (max 6)
- age   1:      24400 bytes,      24400 total
- age   2:       4840 bytes,      29240 total
- age   3:      88888 bytes,     118128 total
- age   4:       4776 bytes,     122904 total
- age   5:       4696 bytes,     127600 total
- age   6:       4704 bytes,     132304 total
: 2298K->144K(2432K), 0.0006643 secs] 3735K->1585K(7936K), 0.0007414 secs] [Times: user=0.00 sys=0.00, real=0.00 secs] 
2017-07-06T17:38:18.965+0900: 5.041: [GC2017-07-06T17:38:18.965+0900: 5.041: [ParNew
Desired survivor size 131072 bytes, new threshold 6 (max 6)
- age   1:      16384 bytes,      16384 total
- age   2:       4784 bytes,      21168 total
- age   3:       4704 bytes,      25872 total
- age   4:      88816 bytes,     114688 total
- age   5:       4704 bytes,     119392 total
- age   6:       4648 bytes,     124040 total
: 2320K->136K(2432K), 0.0015705 secs] 3761K->1582K(7936K), 0.0016702 secs] [Times: user=0.00 sys=0.00, real=0.00 secs] 
2017-07-06T17:38:18.991+0900: 5.068: [GC2017-07-06T17:38:18.991+0900: 5.068: [ParNew
Desired survivor size 131072 bytes, new threshold 6 (max 6)
- age   1:      24400 bytes,      24400 total
- age   2:       4840 bytes,      29240 total
- age   3:       4648 bytes,      33888 total
- age   4:       4704 bytes,      38592 total
- age   5:      88816 bytes,     127408 total
- age   6:       4704 bytes,     132112 total
: 2298K->144K(2432K), 0.0007007 secs] 3744K->1594K(7936K), 0.0007876 secs] [Times: user=0.00 sys=0.00, real=0.00 secs] 
2017-07-06T17:38:19.014+0900: 5.090: [GC2017-07-06T17:38:19.014+0900: 5.090: [ParNew
Desired survivor size 131072 bytes, new threshold 6 (max 6)
- age   1:      16384 bytes,      16384 total
- age   2:       4784 bytes,      21168 total
- age   3:       4704 bytes,      25872 total
- age   4:       4648 bytes,      30520 total
- age   5:       4704 bytes,      35224 total
- age   6:      88816 bytes,     124040 total
: 2320K->136K(2432K), 0.0006549 secs] 3770K->1591K(7936K), 0.0007307 secs] [Times: user=0.00 sys=0.00, real=0.00 secs] 
2017-07-06T17:38:19.036+0900: 5.113: [GC2017-07-06T17:38:19.036+0900: 5.113: [ParNew
Desired survivor size 131072 bytes, new threshold 6 (max 6)
- age   1:      24400 bytes,      24400 total
- age   2:       4840 bytes,      29240 total
- age   3:       4648 bytes,      33888 total
- age   4:       4704 bytes,      38592 total
- age   5:       4648 bytes,      43240 total
- age   6:       4704 bytes,      47944 total
: 2297K->69K(2432K), 0.0007576 secs] 3752K->1611K(7936K), 0.0008407 secs] [Times: user=0.00 sys=0.00, real=0.00 secs] 
2017-07-06T17:38:19.065+0900: 5.141: [GC2017-07-06T17:38:19.065+0900: 5.141: [ParNew
Desired survivor size 131072 bytes, new threshold 6 (max 6)
- age   1:      16384 bytes,      16384 total
- age   2:      15936 bytes,      32320 total
- age   3:       4840 bytes,      37160 total
- age   4:       4648 bytes,      41808 total
- age   5:       4704 bytes,      46512 total
- age   6:       4648 bytes,      51160 total
: 2245K->63K(2432K), 0.0128901 secs] 3787K->1609K(7936K), 0.0130095 secs] [Times: user=0.03 sys=0.00, real=0.01 secs] 
2017-07-06T17:38:19.109+0900: 5.185: [GC2017-07-06T17:38:19.109+0900: 5.185: [ParNew
Desired survivor size 131072 bytes, new threshold 6 (max 6)
- age   1:      24400 bytes,      24400 total
- age   2:       4840 bytes,      29240 total
- age   3:       4648 bytes,      33888 total
- age   4:       4704 bytes,      38592 total
- age   5:       4648 bytes,      43240 total
- age   6:       4704 bytes,      47944 total
: 2225K->69K(2432K), 0.0007174 secs] 3771K->1619K(7936K), 0.0007987 secs] [Times: user=0.00 sys=0.00, real=0.00 secs] 
2017-07-06T17:38:19.139+0900: 5.215: [GC2017-07-06T17:38:19.139+0900: 5.215: [ParNew
Desired survivor size 131072 bytes, new threshold 6 (max 6)
- age   1:      16384 bytes,      16384 total
- age   2:       4784 bytes,      21168 total
- age   3:       4704 bytes,      25872 total
- age   4:       4648 bytes,      30520 total
- age   5:       4704 bytes,      35224 total
- age   6:       4648 bytes,      39872 total
: 2245K->47K(2432K), 0.0014562 secs] 3795K->1602K(7936K), 0.0015499 secs] [Times: user=0.00 sys=0.00, real=0.00 secs] 
2017-07-06T17:38:19.167+0900: 5.244: [GC2017-07-06T17:38:19.167+0900: 5.244: [ParNew
Desired survivor size 131072 bytes, new threshold 6 (max 6)
- age   1:      24400 bytes,      24400 total
- age   2:       4840 bytes,      29240 total
- age   3:       4648 bytes,      33888 total
- age   4:       4704 bytes,      38592 total
- age   5:       4648 bytes,      43240 total
- age   6:       4704 bytes,      47944 total
: 2210K->74K(2432K), 0.0006883 secs] 3765K->1634K(7936K), 0.0007688 secs] [Times: user=0.00 sys=0.00, real=0.00 secs] 
2017-07-06T17:38:19.190+0900: 5.266: [GC2017-07-06T17:38:19.190+0900: 5.266: [ParNew
Desired survivor size 131072 bytes, new threshold 6 (max 6)
- age   1:      16384 bytes,      16384 total
- age   2:       4784 bytes,      21168 total
- age   3:       4704 bytes,      25872 total
- age   4:       4648 bytes,      30520 total
- age   5:       4704 bytes,      35224 total
- age   6:       4648 bytes,      39872 total
: 2250K->42K(2432K), 0.0006605 secs] 3810K->1606K(7936K), 0.0007392 secs] [Times: user=0.00 sys=0.00, real=0.00 secs] 
2017-07-06T17:38:19.213+0900: 5.289: [GC2017-07-06T17:38:19.213+0900: 5.289: [ParNew
Desired survivor size 131072 bytes, new threshold 6 (max 6)
- age   1:      24400 bytes,      24400 total
- age   2:       4840 bytes,      29240 total
- age   3:       4648 bytes,      33888 total
- age   4:       4704 bytes,      38592 total
- age   5:       4648 bytes,      43240 total
- age   6:       4704 bytes,      47944 total
: 2204K->65K(2432K), 0.0006502 secs] 3769K->1635K(7936K), 0.0007238 secs] [Times: user=0.00 sys=0.00, real=0.00 secs] 
2017-07-06T17:38:19.237+0900: 5.314: [GC2017-07-06T17:38:19.237+0900: 5.314: [ParNew
Desired survivor size 131072 bytes, new threshold 6 (max 6)
- age   1:      16384 bytes,      16384 total
- age   2:       4784 bytes,      21168 total
- age   3:       4704 bytes,      25872 total
- age   4:       4648 bytes,      30520 total
- age   5:       4704 bytes,      35224 total
- age   6:       4648 bytes,      39872 total
: 2241K->44K(2432K), 0.0074449 secs] 3811K->1618K(7936K), 0.0075515 secs] [Times: user=0.00 sys=0.00, real=0.01 secs] 
2017-07-06T17:38:19.266+0900: 5.343: [GC2017-07-06T17:38:19.266+0900: 5.343: [ParNew
Desired survivor size 131072 bytes, new threshold 6 (max 6)
- age   1:      24400 bytes,      24400 total
- age   2:       4840 bytes,      29240 total
- age   3:       4648 bytes,      33888 total
- age   4:       4704 bytes,      38592 total
- age   5:       4648 bytes,      43240 total
- age   6:       4704 bytes,      47944 total
: 2205K->72K(2432K), 0.0006947 secs] 3779K->1650K(7936K), 0.0008103 secs] [Times: user=0.00 sys=0.00, real=0.00 secs] 
2017-07-06T17:38:19.289+0900: 5.365: [GC2017-07-06T17:38:19.289+0900: 5.365: [ParNew
Desired survivor size 131072 bytes, new threshold 6 (max 6)
- age   1:      16384 bytes,      16384 total
- age   2:       4784 bytes,      21168 total
- age   3:       4704 bytes,      25872 total
- age   4:       4648 bytes,      30520 total
- age   5:       4704 bytes,      35224 total
- age   6:       4648 bytes,      39872 total
: 2248K->63K(2432K), 0.0006519 secs] 3826K->1646K(7936K), 0.0007272 secs] [Times: user=0.00 sys=0.00, real=0.00 secs] 
2017-07-06T17:38:19.311+0900: 5.387: [GC2017-07-06T17:38:19.311+0900: 5.387: [ParNew
Desired survivor size 131072 bytes, new threshold 6 (max 6)
- age   1:      24400 bytes,      24400 total
- age   2:       4840 bytes,      29240 total
- age   3:       4648 bytes,      33888 total
- age   4:       4704 bytes,      38592 total
- age   5:       4648 bytes,      43240 total
- age   6:       4704 bytes,      47944 total
: 2226K->60K(2432K), 0.0006455 secs] 3809K->1647K(7936K), 0.0007170 secs] [Times: user=0.00 sys=0.00, real=0.00 secs] 
2017-07-06T17:38:19.336+0900: 5.412: [GC2017-07-06T17:38:19.336+0900: 5.412: [ParNew
Desired survivor size 131072 bytes, new threshold 6 (max 6)
- age   1:      16384 bytes,      16384 total
- age   2:       4784 bytes,      21168 total
- age   3:       4704 bytes,      25872 total
- age   4:       4648 bytes,      30520 total
- age   5:       4704 bytes,      35224 total
- age   6:       4648 bytes,      39872 total
: 2236K->59K(2432K), 0.0006951 secs] 3823K->1651K(7936K), 0.0007799 secs] [Times: user=0.00 sys=0.00, real=0.00 secs] 
2017-07-06T17:38:19.360+0900: 5.436: [GC2017-07-06T17:38:19.360+0900: 5.436: [ParNew
Desired survivor size 131072 bytes, new threshold 6 (max 6)
- age   1:      24400 bytes,      24400 total
- age   2:       4840 bytes,      29240 total
- age   3:       4648 bytes,      33888 total
- age   4:       4704 bytes,      38592 total
- age   5:       4648 bytes,      43240 total
- age   6:       4704 bytes,      47944 total
: 2221K->71K(2432K), 0.0008432 secs] 3813K->1668K(7936K), 0.0009344 secs] [Times: user=0.00 sys=0.00, real=0.00 secs] 
2017-07-06T17:38:19.383+0900: 5.460: [GC2017-07-06T17:38:19.383+0900: 5.460: [ParNew
Desired survivor size 131072 bytes, new threshold 6 (max 6)
- age   1:      16384 bytes,      16384 total
- age   2:       4784 bytes,      21168 total
- age   3:       4704 bytes,      25872 total
- age   4:       4648 bytes,      30520 total
- age   5:       4704 bytes,      35224 total
- age   6:       4648 bytes,      39872 total
: 2247K->63K(2432K), 0.0008154 secs] 3844K->1664K(7936K), 0.0009207 secs] [Times: user=0.00 sys=0.00, real=0.00 secs] 
2017-07-06T17:38:19.406+0900: 5.482: [GC2017-07-06T17:38:19.406+0900: 5.482: [ParNew
Desired survivor size 131072 bytes, new threshold 6 (max 6)
- age   1:      24400 bytes,      24400 total
- age   2:       4840 bytes,      29240 total
- age   3:       4648 bytes,      33888 total
- age   4:       4704 bytes,      38592 total
- age   5:       4648 bytes,      43240 total
- age   6:       4704 bytes,      47944 total
: 2227K->60K(2432K), 0.0006797 secs] 3829K->1665K(7936K), 0.0007572 secs] [Times: user=0.00 sys=0.00, real=0.00 secs] 
2017-07-06T17:38:19.428+0900: 5.504: [GC2017-07-06T17:38:19.428+0900: 5.505: [ParNew
Desired survivor size 131072 bytes, new threshold 6 (max 6)
- age   1:      16384 bytes,      16384 total
- age   2:       4784 bytes,      21168 total
- age   3:       4704 bytes,      25872 total
- age   4:       4648 bytes,      30520 total
- age   5:       4704 bytes,      35224 total
- age   6:       4648 bytes,      39872 total
: 2236K->59K(2432K), 0.0006772 secs] 3841K->1669K(7936K), 0.0007499 secs] [Times: user=0.00 sys=0.00, real=0.00 secs] 
2017-07-06T17:38:19.456+0900: 5.532: [GC2017-07-06T17:38:19.456+0900: 5.532: [ParNew
Desired survivor size 131072 bytes, new threshold 6 (max 6)
- age   1:      24400 bytes,      24400 total
- age   2:       4840 bytes,      29240 total
- age   3:       4648 bytes,      33888 total
- age   4:       4704 bytes,      38592 total
- age   5:       4648 bytes,      43240 total
- age   6:       4704 bytes,      47944 total
: 2222K->47K(2432K), 0.0009451 secs] 3832K->1662K(7936K), 0.0010230 secs] [Times: user=0.00 sys=0.00, real=0.00 secs] 
2017-07-06T17:38:19.479+0900: 5.555: [GC2017-07-06T17:38:19.479+0900: 5.555: [ParNew
Desired survivor size 131072 bytes, new threshold 6 (max 6)
- age   1:      16384 bytes,      16384 total
- age   2:       4784 bytes,      21168 total
- age   3:       4704 bytes,      25872 total
- age   4:       4648 bytes,      30520 total
- age   5:       4704 bytes,      35224 total
- age   6:       4648 bytes,      39872 total
: 2223K->54K(2432K), 0.0006939 secs] 3838K->1674K(7936K), 0.0007700 secs] [Times: user=0.00 sys=0.00, real=0.00 secs] 
2017-07-06T17:38:19.501+0900: 5.578: [GC2017-07-06T17:38:19.501+0900: 5.578: [ParNew
Desired survivor size 131072 bytes, new threshold 6 (max 6)
- age   1:      24400 bytes,      24400 total
- age   2:       4840 bytes,      29240 total
- age   3:       4648 bytes,      33888 total
- age   4:       4704 bytes,      38592 total
- age   5:       4648 bytes,      43240 total
- age   6:       4704 bytes,      47944 total
: 2217K->70K(2432K), 0.0007011 secs] 3836K->1693K(7936K), 0.0008231 secs] [Times: user=0.00 sys=0.00, real=0.00 secs] 
2017-07-06T17:38:19.524+0900: 5.601: [GC2017-07-06T17:38:19.524+0900: 5.601: [ParNew
Desired survivor size 131072 bytes, new threshold 6 (max 6)
- age   1:      16384 bytes,      16384 total
- age   2:       4784 bytes,      21168 total
- age   3:       4704 bytes,      25872 total
- age   4:       4648 bytes,      30520 total
- age   5:       4704 bytes,      35224 total
- age   6:       4648 bytes,      39872 total
: 2246K->63K(2432K), 0.0006939 secs] 3869K->1692K(7936K), 0.0007692 secs] [Times: user=0.00 sys=0.00, real=0.00 secs] 
2017-07-06T17:38:19.546+0900: 5.623: [GC2017-07-06T17:38:19.546+0900: 5.623: [ParNew
Desired survivor size 131072 bytes, new threshold 6 (max 6)
- age   1:      24400 bytes,      24400 total
- age   2:       4840 bytes,      29240 total
- age   3:       4648 bytes,      33888 total
- age   4:       4704 bytes,      38592 total
- age   5:       4648 bytes,      43240 total
- age   6:       4704 bytes,      47944 total
: 2225K->60K(2432K), 0.0006523 secs] 3854K->1693K(7936K), 0.0007345 secs] [Times: user=0.00 sys=0.00, real=0.00 secs] 
2017-07-06T17:38:19.572+0900: 5.648: [GC2017-07-06T17:38:19.572+0900: 5.648: [ParNew
Desired survivor size 131072 bytes, new threshold 6 (max 6)
- age   1:      16384 bytes,      16384 total
- age   2:       4784 bytes,      21168 total
- age   3:       4704 bytes,      25872 total
- age   4:       4648 bytes,      30520 total
- age   5:       4704 bytes,      35224 total
- age   6:       4648 bytes,      39872 total
: 2236K->42K(2432K), 0.0027836 secs] 3869K->1680K(7936K), 0.0028910 secs] [Times: user=0.02 sys=0.00, real=0.00 secs] 
2017-07-06T17:38:19.598+0900: 5.675: [GC2017-07-06T17:38:19.598+0900: 5.675: [ParNew
Desired survivor size 131072 bytes, new threshold 6 (max 6)
- age   1:      24400 bytes,      24400 total
- age   2:       4840 bytes,      29240 total
- age   3:       4648 bytes,      33888 total
- age   4:       4704 bytes,      38592 total
- age   5:       4648 bytes,      43240 total
- age   6:       4704 bytes,      47944 total
: 2206K->71K(2432K), 0.0014746 secs] 3844K->1713K(7936K), 0.0015726 secs] [Times: user=0.00 sys=0.00, real=0.00 secs] 
2017-07-06T17:38:19.621+0900: 5.698: [GC2017-07-06T17:38:19.621+0900: 5.698: [ParNew
Desired survivor size 131072 bytes, new threshold 6 (max 6)
- age   1:      16384 bytes,      16384 total
- age   2:       4784 bytes,      21168 total
- age   3:       4704 bytes,      25872 total
- age   4:       4648 bytes,      30520 total
- age   5:       4704 bytes,      35224 total
- age   6:       4648 bytes,      39872 total
: 2241K->63K(2432K), 0.0006832 secs] 3883K->1710K(7936K), 0.0007559 secs] [Times: user=0.03 sys=0.00, real=0.00 secs] 
2017-07-06T17:38:19.643+0900: 5.719: [GC2017-07-06T17:38:19.643+0900: 5.719: [ParNew
Desired survivor size 131072 bytes, new threshold 6 (max 6)
- age   1:      24400 bytes,      24400 total
- age   2:       4840 bytes,      29240 total
- age   3:       4648 bytes,      33888 total
- age   4:       4704 bytes,      38592 total
- age   5:       4648 bytes,      43240 total
- age   6:       4704 bytes,      47944 total
: 2226K->60K(2432K), 0.0006459 secs] 3873K->1711K(7936K), 0.0007135 secs] [Times: user=0.00 sys=0.00, real=0.00 secs] 
2017-07-06T17:38:19.665+0900: 5.741: [GC2017-07-06T17:38:19.665+0900: 5.741: [ParNew
Desired survivor size 131072 bytes, new threshold 6 (max 6)
- age   1:      16384 bytes,      16384 total
- age   2:       4784 bytes,      21168 total
- age   3:       4704 bytes,      25872 total
- age   4:       4648 bytes,      30520 total
- age   5:       4704 bytes,      35224 total
- age   6:       4648 bytes,      39872 total
: 2236K->59K(2432K), 0.0006588 secs] 3887K->1715K(7936K), 0.0007311 secs] [Times: user=0.00 sys=0.00, real=0.00 secs] 
2017-07-06T17:38:19.690+0900: 5.767: [GC2017-07-06T17:38:19.690+0900: 5.767: [ParNew
Desired survivor size 131072 bytes, new threshold 6 (max 6)
- age   1:      24400 bytes,      24400 total
- age   2:       4840 bytes,      29240 total
- age   3:       4648 bytes,      33888 total
- age   4:       4704 bytes,      38592 total
- age   5:       4648 bytes,      43240 total
- age   6:       4704 bytes,      47944 total
: 2221K->47K(2432K), 0.0060628 secs] 3877K->1708K(7936K), 0.0061659 secs] [Times: user=0.00 sys=0.00, real=0.01 secs] 
2017-07-06T17:38:19.719+0900: 5.795: [GC2017-07-06T17:38:19.719+0900: 5.795: [ParNew
Desired survivor size 131072 bytes, new threshold 6 (max 6)
- age   1:      16384 bytes,      16384 total
- age   2:       4784 bytes,      21168 total
- age   3:       4704 bytes,      25872 total
- age   4:       4648 bytes,      30520 total
- age   5:       4704 bytes,      35224 total
- age   6:       4648 bytes,      39872 total
: 2223K->54K(2432K), 0.0007063 secs] 3884K->1719K(7936K), 0.0007872 secs] [Times: user=0.00 sys=0.00, real=0.00 secs] 
2017-07-06T17:38:19.741+0900: 5.817: [GC2017-07-06T17:38:19.741+0900: 5.817: [ParNew
Desired survivor size 131072 bytes, new threshold 6 (max 6)
- age   1:      24400 bytes,      24400 total
- age   2:       4840 bytes,      29240 total
- age   3:       4648 bytes,      33888 total
- age   4:       4704 bytes,      38592 total
- age   5:       4648 bytes,      43240 total
- age   6:       4704 bytes,      47944 total
: 2218K->70K(2432K), 0.0006802 secs] 3883K->1739K(7936K), 0.0007615 secs] [Times: user=0.00 sys=0.00, real=0.00 secs] 
2017-07-06T17:38:19.763+0900: 5.839: [GC2017-07-06T17:38:19.763+0900: 5.839: [ParNew
Desired survivor size 131072 bytes, new threshold 6 (max 6)
- age   1:      16384 bytes,      16384 total
- age   2:       4784 bytes,      21168 total
- age   3:       4704 bytes,      25872 total
- age   4:       4648 bytes,      30520 total
- age   5:       4704 bytes,      35224 total
- age   6:       4648 bytes,      39872 total
: 2246K->63K(2432K), 0.0007375 secs] 3915K->1737K(7936K), 0.0008180 secs] [Times: user=0.00 sys=0.00, real=0.00 secs] 
2017-07-06T17:38:19.785+0900: 5.861: [GC2017-07-06T17:38:19.785+0900: 5.861: [ParNew
Desired survivor size 131072 bytes, new threshold 6 (max 6)
- age   1:      24400 bytes,      24400 total
- age   2:       4840 bytes,      29240 total
- age   3:       4648 bytes,      33888 total
- age   4:       4704 bytes,      38592 total
- age   5:       4648 bytes,      43240 total
- age   6:       4704 bytes,      47944 total
: 2225K->49K(2432K), 0.0006545 secs] 3900K->1728K(7936K), 0.0007307 secs] [Times: user=0.00 sys=0.00, real=0.00 secs] 
2017-07-06T17:38:19.811+0900: 5.888: [GC2017-07-06T17:38:19.811+0900: 5.888: [ParNew
Desired survivor size 131072 bytes, new threshold 6 (max 6)
- age   1:      16384 bytes,      16384 total
- age   2:       4784 bytes,      21168 total
- age   3:       4704 bytes,      25872 total
- age   4:       4648 bytes,      30520 total
- age   5:       4704 bytes,      35224 total
- age   6:       4648 bytes,      39872 total
: 2225K->42K(2432K), 0.0014909 secs] 3904K->1725K(7936K), 0.0015919 secs] [Times: user=0.00 sys=0.00, real=0.00 secs] 
2017-07-06T17:38:19.835+0900: 5.911: [GC2017-07-06T17:38:19.835+0900: 5.911: [ParNew
Desired survivor size 131072 bytes, new threshold 6 (max 6)
- age   1:      24400 bytes,      24400 total
- age   2:       4840 bytes,      29240 total
- age   3:       4648 bytes,      33888 total
- age   4:       4704 bytes,      38592 total
- age   5:       4648 bytes,      43240 total
- age   6:       4704 bytes,      47944 total
: 2205K->71K(2432K), 0.0006883 secs] 3888K->1759K(7936K), 0.0007649 secs] [Times: user=0.00 sys=0.00, real=0.00 secs] 
2017-07-06T17:38:19.857+0900: 5.933: [GC2017-07-06T17:38:19.857+0900: 5.933: [ParNew
Desired survivor size 131072 bytes, new threshold 6 (max 6)
- age   1:      16384 bytes,      16384 total
- age   2:       4784 bytes,      21168 total
- age   3:       4704 bytes,      25872 total
- age   4:       4648 bytes,      30520 total
- age   5:       4704 bytes,      35224 total
- age   6:       4648 bytes,      39872 total
: 2247K->63K(2432K), 0.0006690 secs] 3935K->1756K(7936K), 0.0007422 secs] [Times: user=0.00 sys=0.00, real=0.00 secs] 
2017-07-06T17:38:19.879+0900: 5.955: [GC2017-07-06T17:38:19.879+0900: 5.955: [ParNew
Desired survivor size 131072 bytes, new threshold 6 (max 6)
- age   1:      24400 bytes,      24400 total
- age   2:       4840 bytes,      29240 total
- age   3:       4648 bytes,      33888 total
- age   4:       4704 bytes,      38592 total
- age   5:       4648 bytes,      43240 total
- age   6:       4704 bytes,      47944 total
: 2225K->60K(2432K), 0.0006656 secs] 3918K->1757K(7936K), 0.0007414 secs] [Times: user=0.00 sys=0.00, real=0.00 secs] 
2017-07-06T17:38:19.901+0900: 5.978: [GC2017-07-06T17:38:19.901+0900: 5.978: [ParNew
Desired survivor size 131072 bytes, new threshold 6 (max 6)
- age   1:      16384 bytes,      16384 total
- age   2:       4784 bytes,      21168 total
- age   3:       4704 bytes,      25872 total
- age   4:       4648 bytes,      30520 total
- age   5:       4704 bytes,      35224 total
- age   6:       4648 bytes,      39872 total
: 2236K->59K(2432K), 0.0007392 secs] 3933K->1761K(7936K), 0.0008227 secs] [Times: user=0.00 sys=0.00, real=0.00 secs] 
2017-07-06T17:38:19.927+0900: 6.004: [GC2017-07-06T17:38:19.928+0900: 6.004: [ParNew
Desired survivor size 131072 bytes, new threshold 6 (max 6)
- age   1:      24400 bytes,      24400 total
- age   2:       4840 bytes,      29240 total
- age   3:       4648 bytes,      33888 total
- age   4:       4704 bytes,      38592 total
- age   5:       4648 bytes,      43240 total
- age   6:       4704 bytes,      47944 total
: 2223K->47K(2432K), 0.0011189 secs] 3925K->1753K(7936K), 0.0012182 secs] [Times: user=0.00 sys=0.00, real=0.00 secs] 
2017-07-06T17:38:19.952+0900: 6.029: [GC2017-07-06T17:38:19.952+0900: 6.029: [ParNew
Desired survivor size 131072 bytes, new threshold 6 (max 6)
- age   1:      16384 bytes,      16384 total
- age   2:       4784 bytes,      21168 total
- age   3:       4704 bytes,      25872 total
- age   4:       4648 bytes,      30520 total
- age   5:       4704 bytes,      35224 total
- age   6:       4648 bytes,      39872 total
: 2217K->54K(2432K), 0.0007050 secs] 3923K->1765K(7936K), 0.0007833 secs] [Times: user=0.00 sys=0.00, real=0.00 secs] 
2017-07-06T17:38:19.975+0900: 6.051: [GC2017-07-06T17:38:19.975+0900: 6.051: [ParNew
Desired survivor size 131072 bytes, new threshold 6 (max 6)
- age   1:      24400 bytes,      24400 total
- age   2:       4840 bytes,      29240 total
- age   3:       4648 bytes,      33888 total
- age   4:       4704 bytes,      38592 total
- age   5:       4648 bytes,      43240 total
- age   6:       4704 bytes,      47944 total
: 2217K->70K(2432K), 0.0006840 secs] 3928K->1785K(7936K), 0.0007611 secs] [Times: user=0.00 sys=0.00, real=0.00 secs] 
2017-07-06T17:38:19.997+0900: 6.074: [GC2017-07-06T17:38:19.997+0900: 6.074: [ParNew
Desired survivor size 131072 bytes, new threshold 6 (max 6)
- age   1:      16384 bytes,      16384 total
- age   2:       4784 bytes,      21168 total
- age   3:       4704 bytes,      25872 total
- age   4:       4648 bytes,      30520 total
- age   5:       4704 bytes,      35224 total
- age   6:       4648 bytes,      39872 total
: 2246K->63K(2432K), 0.0006660 secs] 3961K->1783K(7936K), 0.0007418 secs] [Times: user=0.00 sys=0.00, real=0.00 secs] 
2017-07-06T17:38:20.019+0900: 6.096: [GC2017-07-06T17:38:20.019+0900: 6.096: [ParNew
Desired survivor size 131072 bytes, new threshold 6 (max 6)
- age   1:      24400 bytes,      24400 total
- age   2:       4840 bytes,      29240 total
- age   3:       4648 bytes,      33888 total
- age   4:       4704 bytes,      38592 total
- age   5:       4648 bytes,      43240 total
- age   6:       4704 bytes,      47944 total
: 2225K->49K(2432K), 0.0006695 secs] 3944K->1774K(7936K), 0.0007427 secs] [Times: user=0.00 sys=0.00, real=0.00 secs] 
2017-07-06T17:38:20.044+0900: 6.121: [GC2017-07-06T17:38:20.044+0900: 6.121: [ParNew
Desired survivor size 131072 bytes, new threshold 6 (max 6)
- age   1:      16384 bytes,      16384 total
- age   2:       4784 bytes,      21168 total
- age   3:       4704 bytes,      25872 total
- age   4:       4648 bytes,      30520 total
- age   5:       4704 bytes,      35224 total
- age   6:       4648 bytes,      39872 total
: 2225K->42K(2432K), 0.0010149 secs] 3950K->1771K(7936K), 0.0011073 secs] [Times: user=0.00 sys=0.00, real=0.00 secs] 
2017-07-06T17:38:20.070+0900: 6.146: [GC2017-07-06T17:38:20.070+0900: 6.146: [ParNew
Desired survivor size 131072 bytes, new threshold 6 (max 6)
- age   1:      24400 bytes,      24400 total
- age   2:       4840 bytes,      29240 total
- age   3:       4648 bytes,      33888 total
- age   4:       4704 bytes,      38592 total
- age   5:       4648 bytes,      43240 total
- age   6:       4704 bytes,      47944 total
: 2206K->71K(2432K), 0.0007093 secs] 3935K->1805K(7936K), 0.0007897 secs] [Times: user=0.00 sys=0.00, real=0.00 secs] 
2017-07-06T17:38:20.092+0900: 6.169: [GC2017-07-06T17:38:20.092+0900: 6.169: [ParNew
Desired survivor size 131072 bytes, new threshold 6 (max 6)
- age   1:      16384 bytes,      16384 total
- age   2:       4784 bytes,      21168 total
- age   3:       4704 bytes,      25872 total
- age   4:       4648 bytes,      30520 total
- age   5:       4704 bytes,      35224 total
- age   6:       4648 bytes,      39872 total
: 2247K->63K(2432K), 0.0006690 secs] 3981K->1801K(7936K), 0.0007456 secs] [Times: user=0.00 sys=0.00, real=0.00 secs] 
2017-07-06T17:38:20.114+0900: 6.190: [GC2017-07-06T17:38:20.114+0900: 6.190: [ParNew
Desired survivor size 131072 bytes, new threshold 6 (max 6)
- age   1:      24400 bytes,      24400 total
- age   2:       4840 bytes,      29240 total
- age   3:       4648 bytes,      33888 total
- age   4:       4704 bytes,      38592 total
- age   5:       4648 bytes,      43240 total
- age   6:       4704 bytes,      47944 total
: 2226K->60K(2432K), 0.0006549 secs] 3964K->1802K(7936K), 0.0007242 secs] [Times: user=0.00 sys=0.00, real=0.00 secs] 
2017-07-06T17:38:20.136+0900: 6.212: [GC2017-07-06T17:38:20.136+0900: 6.212: [ParNew
Desired survivor size 131072 bytes, new threshold 6 (max 6)
- age   1:      16384 bytes,      16384 total
- age   2:       4784 bytes,      21168 total
- age   3:       4704 bytes,      25872 total
- age   4:       4648 bytes,      30520 total
- age   5:       4704 bytes,      35224 total
- age   6:       4648 bytes,      39872 total
: 2236K->59K(2432K), 0.0006489 secs] 3978K->1806K(7936K), 0.0007200 secs] [Times: user=0.03 sys=0.00, real=0.00 secs] 
2017-07-06T17:38:20.160+0900: 6.236: [GC2017-07-06T17:38:20.160+0900: 6.236: [ParNew
Desired survivor size 131072 bytes, new threshold 6 (max 6)
- age   1:      24400 bytes,      24400 total
- age   2:       4840 bytes,      29240 total
- age   3:       4648 bytes,      33888 total
- age   4:       4704 bytes,      38592 total
- age   5:       4648 bytes,      43240 total
- age   6:       4704 bytes,      47944 total
: 2222K->47K(2432K), 0.0058595 secs] 3969K->1799K(7936K), 0.0059759 secs] [Times: user=0.00 sys=0.00, real=0.01 secs] 
2017-07-06T17:38:20.189+0900: 6.265: [GC2017-07-06T17:38:20.189+0900: 6.265: [ParNew
Desired survivor size 131072 bytes, new threshold 6 (max 6)
- age   1:      16384 bytes,      16384 total
- age   2:       4784 bytes,      21168 total
- age   3:       4704 bytes,      25872 total
- age   4:       4648 bytes,      30520 total
- age   5:       4704 bytes,      35224 total
- age   6:       4648 bytes,      39872 total
: 2223K->54K(2432K), 0.0007242 secs] 3975K->1811K(7936K), 0.0008013 secs] [Times: user=0.00 sys=0.00, real=0.00 secs] 
2017-07-06T17:38:20.211+0900: 6.287: [GC2017-07-06T17:38:20.211+0900: 6.287: [ParNew
Desired survivor size 131072 bytes, new threshold 6 (max 6)
- age   1:      24400 bytes,      24400 total
- age   2:       4840 bytes,      29240 total
- age   3:       4648 bytes,      33888 total
- age   4:       4704 bytes,      38592 total
- age   5:       4648 bytes,      43240 total
- age   6:       4704 bytes,      47944 total
: 2216K->70K(2432K), 0.0006836 secs] 3973K->1830K(7936K), 0.0007619 secs] [Times: user=0.00 sys=0.00, real=0.00 secs] 
2017-07-06T17:38:20.234+0900: 6.310: [GC2017-07-06T17:38:20.234+0900: 6.310: [ParNew
Desired survivor size 131072 bytes, new threshold 6 (max 6)
- age   1:      16384 bytes,      16384 total
- age   2:       4784 bytes,      21168 total
- age   3:       4704 bytes,      25872 total
- age   4:       4648 bytes,      30520 total
- age   5:       4704 bytes,      35224 total
- age   6:       4648 bytes,      39872 total
: 2246K->63K(2432K), 0.0007208 secs] 4006K->1829K(7936K), 0.0008094 secs] [Times: user=0.00 sys=0.00, real=0.00 secs] 
2017-07-06T17:38:20.256+0900: 6.332: [GC2017-07-06T17:38:20.256+0900: 6.332: [ParNew
Desired survivor size 131072 bytes, new threshold 6 (max 6)
- age   1:      24400 bytes,      24400 total
- age   2:       4840 bytes,      29240 total
- age   3:       4648 bytes,      33888 total
- age   4:       4704 bytes,      38592 total
- age   5:       4648 bytes,      43240 total
- age   6:       4704 bytes,      47944 total
: 2227K->60K(2432K), 0.0006660 secs] 3993K->1830K(7936K), 0.0007465 secs] [Times: user=0.00 sys=0.00, real=0.00 secs] 
2017-07-06T17:38:20.286+0900: 6.362: [GC2017-07-06T17:38:20.286+0900: 6.362: [ParNew
Desired survivor size 131072 bytes, new threshold 6 (max 6)
- age   1:      16384 bytes,      16384 total
- age   2:       4784 bytes,      21168 total
- age   3:       4704 bytes,      25872 total
- age   4:       4648 bytes,      30520 total
- age   5:       4704 bytes,      35224 total
- age   6:       4648 bytes,      39872 total
: 2230K->59K(2432K), 0.0007165 secs] 4000K->1834K(7936K), 0.0007987 secs] [Times: user=0.00 sys=0.00, real=0.00 secs] 
2017-07-06T17:38:20.309+0900: 6.385: [GC2017-07-06T17:38:20.309+0900: 6.385: [ParNew
Desired survivor size 131072 bytes, new threshold 6 (max 6)
- age   1:      24400 bytes,      24400 total
- age   2:       4840 bytes,      29240 total
- age   3:       4648 bytes,      33888 total
- age   4:       4704 bytes,      38592 total
- age   5:       4648 bytes,      43240 total
- age   6:       4704 bytes,      47944 total
: 2222K->71K(2432K), 0.0006836 secs] 3997K->1850K(7936K), 0.0007602 secs] [Times: user=0.00 sys=0.00, real=0.00 secs] 
2017-07-06T17:38:20.331+0900: 6.408: [GC2017-07-06T17:38:20.331+0900: 6.408: [ParNew
Desired survivor size 131072 bytes, new threshold 6 (max 6)
- age   1:      16384 bytes,      16384 total
- age   2:       4784 bytes,      21168 total
- age   3:       4704 bytes,      25872 total
- age   4:       4648 bytes,      30520 total
- age   5:       4704 bytes,      35224 total
- age   6:       4648 bytes,      39872 total
: 2247K->63K(2432K), 0.0016899 secs] 4026K->1847K(7936K), 0.0017875 secs] [Times: user=0.00 sys=0.00, real=0.00 secs] 
2017-07-06T17:38:20.354+0900: 6.431: [GC2017-07-06T17:38:20.355+0900: 6.432: [ParNew
Desired survivor size 131072 bytes, new threshold 6 (max 6)
- age   1:      24400 bytes,      24400 total
- age   2:       4840 bytes,      29240 total
- age   3:       4648 bytes,      33888 total
- age   4:       4704 bytes,      38592 total
- age   5:       4648 bytes,      43240 total
- age   6:       4704 bytes,      47944 total
: 2225K->60K(2432K), 0.0009687 secs] 4009K->1848K(7936K), 0.0018282 secs] [Times: user=0.00 sys=0.00, real=0.00 secs] 
2017-07-06T17:38:20.378+0900: 6.455: [GC2017-07-06T17:38:20.378+0900: 6.455: [ParNew
Desired survivor size 131072 bytes, new threshold 6 (max 6)
- age   1:      16384 bytes,      16384 total
- age   2:       4784 bytes,      21168 total
- age   3:       4704 bytes,      25872 total
- age   4:       4648 bytes,      30520 total
- age   5:       4704 bytes,      35224 total
- age   6:       4648 bytes,      39872 total
: 2236K->59K(2432K), 0.0006964 secs] 4024K->1852K(7936K), 0.0007722 secs] [Times: user=0.00 sys=0.00, real=0.00 secs] 
2017-07-06T17:38:20.405+0900: 6.481: [GC2017-07-06T17:38:20.405+0900: 6.481: [ParNew
Desired survivor size 131072 bytes, new threshold 6 (max 6)
- age   1:      24400 bytes,      24400 total
- age   2:       4840 bytes,      29240 total
- age   3:       4648 bytes,      33888 total
- age   4:       4704 bytes,      38592 total
- age   5:       4648 bytes,      43240 total
- age   6:       4704 bytes,      47944 total
: 2223K->71K(2432K), 0.0006917 secs] 4016K->1869K(7936K), 0.0007692 secs] [Times: user=0.00 sys=0.00, real=0.00 secs] 
2017-07-06T17:38:20.429+0900: 6.506: [GC2017-07-06T17:38:20.429+0900: 6.506: [ParNew
Desired survivor size 131072 bytes, new threshold 6 (max 6)
- age   1:      16384 bytes,      16384 total
- age   2:       4784 bytes,      21168 total
- age   3:       4704 bytes,      25872 total
- age   4:       4648 bytes,      30520 total
- age   5:       4704 bytes,      35224 total
- age   6:       4648 bytes,      39872 total
: 2247K->63K(2432K), 0.0007037 secs] 4045K->1865K(7936K), 0.0007816 secs] [Times: user=0.00 sys=0.00, real=0.00 secs] 
2017-07-06T17:38:20.452+0900: 6.528: [GC2017-07-06T17:38:20.452+0900: 6.528: [ParNew
Desired survivor size 131072 bytes, new threshold 6 (max 6)
- age   1:      24400 bytes,      24400 total
- age   2:       4840 bytes,      29240 total
- age   3:       4648 bytes,      33888 total
- age   4:       4704 bytes,      38592 total
- age   5:       4648 bytes,      43240 total
- age   6:       4704 bytes,      47944 total
: 2226K->49K(2432K), 0.0006767 secs] 4028K->1856K(7936K), 0.0007525 secs] [Times: user=0.00 sys=0.00, real=0.00 secs] 
2017-07-06T17:38:20.474+0900: 6.550: [GC2017-07-06T17:38:20.474+0900: 6.550: [ParNew
Desired survivor size 131072 bytes, new threshold 6 (max 6)
- age   1:      16384 bytes,      16384 total
- age   2:       4784 bytes,      21168 total
- age   3:       4704 bytes,      25872 total
- age   4:       4648 bytes,      30520 total
- age   5:       4704 bytes,      35224 total
- age   6:       4648 bytes,      39872 total
: 2225K->59K(2432K), 0.0006416 secs] 4032K->1870K(7936K), 0.0007110 secs] [Times: user=0.00 sys=0.00, real=0.00 secs] 
2017-07-06T17:38:20.496+0900: 6.572: [GC2017-07-06T17:38:20.496+0900: 6.572: [ParNew
Desired survivor size 131072 bytes, new threshold 6 (max 6)
- age   1:      24400 bytes,      24400 total
- age   2:       4840 bytes,      29240 total
- age   3:       4648 bytes,      33888 total
- age   4:       4704 bytes,      38592 total
- age   5:       4648 bytes,      43240 total
- age   6:       4704 bytes,      47944 total
: 2222K->71K(2432K), 0.0006874 secs] 4033K->1887K(7936K), 0.0007649 secs] [Times: user=0.00 sys=0.00, real=0.00 secs] 
2017-07-06T17:38:20.523+0900: 6.600: [GC2017-07-06T17:38:20.523+0900: 6.600: [ParNew
Desired survivor size 131072 bytes, new threshold 6 (max 6)
- age   1:      16384 bytes,      16384 total
- age   2:       4784 bytes,      21168 total
- age   3:       4704 bytes,      25872 total
- age   4:       4648 bytes,      30520 total
- age   5:       4704 bytes,      35224 total
- age   6:       4648 bytes,      39872 total
: 2247K->63K(2432K), 0.0007118 secs] 4063K->1884K(7936K), 0.0007936 secs] [Times: user=0.00 sys=0.00, real=0.00 secs] 
2017-07-06T17:38:20.546+0900: 6.622: [GC2017-07-06T17:38:20.546+0900: 6.622: [ParNew
Desired survivor size 131072 bytes, new threshold 6 (max 6)
- age   1:      24400 bytes,      24400 total
- age   2:       4840 bytes,      29240 total
- age   3:       4648 bytes,      33888 total
- age   4:       4704 bytes,      38592 total
- age   5:       4648 bytes,      43240 total
- age   6:       4704 bytes,      47944 total
: 2225K->49K(2432K), 0.0006725 secs] 4046K->1874K(7936K), 0.0007495 secs] [Times: user=0.00 sys=0.00, real=0.00 secs] 
2017-07-06T17:38:20.568+0900: 6.645: [GC2017-07-06T17:38:20.568+0900: 6.645: [ParNew
Desired survivor size 131072 bytes, new threshold 6 (max 6)
- age   1:      16384 bytes,      16384 total
- age   2:       4784 bytes,      21168 total
- age   3:       4704 bytes,      25872 total
- age   4:       4648 bytes,      30520 total
- age   5:       4704 bytes,      35224 total
- age   6:       4648 bytes,      39872 total
: 2225K->59K(2432K), 0.0006930 secs] 4050K->1889K(7936K), 0.0007709 secs] [Times: user=0.00 sys=0.00, real=0.00 secs] 
2017-07-06T17:38:20.590+0900: 6.667: [GC2017-07-06T17:38:20.590+0900: 6.667: [ParNew
Desired survivor size 131072 bytes, new threshold 6 (max 6)
- age   1:      24400 bytes,      24400 total
- age   2:       4840 bytes,      29240 total
- age   3:       4648 bytes,      33888 total
- age   4:       4704 bytes,      38592 total
- age   5:       4648 bytes,      43240 total
- age   6:       4704 bytes,      47944 total
: 2223K->71K(2432K), 0.0006476 secs] 4053K->1905K(7936K), 0.0007195 secs] [Times: user=0.00 sys=0.00, real=0.00 secs] 
2017-07-06T17:38:20.613+0900: 6.690: [GC2017-07-06T17:38:20.614+0900: 6.690: [ParNew
Desired survivor size 131072 bytes, new threshold 6 (max 6)
- age   1:      16384 bytes,      16384 total
- age   2:       4784 bytes,      21168 total
- age   3:       4704 bytes,      25872 total
- age   4:       4648 bytes,      30520 total
- age   5:       4704 bytes,      35224 total
- age   6:       4648 bytes,      39872 total
: 2241K->63K(2432K), 0.0006930 secs] 4075K->1902K(7936K), 0.0008625 secs] [Times: user=0.00 sys=0.00, real=0.00 secs] 
2017-07-06T17:38:20.639+0900: 6.716: [GC2017-07-06T17:38:20.639+0900: 6.716: [ParNew
Desired survivor size 131072 bytes, new threshold 6 (max 6)
- age   1:      24400 bytes,      24400 total
- age   2:       4840 bytes,      29240 total
- age   3:       4648 bytes,      33888 total
- age   4:       4704 bytes,      38592 total
- age   5:       4648 bytes,      43240 total
- age   6:       4704 bytes,      47944 total
: 2226K->60K(2432K), 0.0006934 secs] 4065K->1903K(7936K), 0.0007739 secs] [Times: user=0.00 sys=0.00, real=0.00 secs] 
2017-07-06T17:38:20.661+0900: 6.738: [GC2017-07-06T17:38:20.661+0900: 6.738: [ParNew
Desired survivor size 131072 bytes, new threshold 6 (max 6)
- age   1:      16384 bytes,      16384 total
- age   2:       4784 bytes,      21168 total
- age   3:       4704 bytes,      25872 total
- age   4:       4648 bytes,      30520 total
- age   5:       4704 bytes,      35224 total
- age   6:       4648 bytes,      39872 total
: 2236K->59K(2432K), 0.0006716 secs] 4079K->1907K(7936K), 0.0007469 secs] [Times: user=0.00 sys=0.00, real=0.00 secs] 
2017-07-06T17:38:20.683+0900: 6.760: [GC2017-07-06T17:38:20.683+0900: 6.760: [ParNew
Desired survivor size 131072 bytes, new threshold 6 (max 6)
- age   1:      24400 bytes,      24400 total
- age   2:       4840 bytes,      29240 total
- age   3:       4648 bytes,      33888 total
- age   4:       4704 bytes,      38592 total
- age   5:       4648 bytes,      43240 total
- age   6:       4704 bytes,      47944 total
: 2221K->71K(2432K), 0.0006476 secs] 4068K->1923K(7936K), 0.0007174 secs] [Times: user=0.00 sys=0.00, real=0.00 secs] 
2017-07-06T17:38:20.705+0900: 6.782: [GC2017-07-06T17:38:20.705+0900: 6.782: [ParNew
Desired survivor size 131072 bytes, new threshold 6 (max 6)
- age   1:      16384 bytes,      16384 total
- age   2:       4784 bytes,      21168 total
- age   3:       4704 bytes,      25872 total
- age   4:       4648 bytes,      30520 total
- age   5:       4704 bytes,      35224 total
- age   6:       4648 bytes,      39872 total
: 2247K->63K(2432K), 0.0006481 secs] 4099K->1920K(7936K), 0.0007195 secs] [Times: user=0.00 sys=0.00, real=0.00 secs] 
2017-07-06T17:38:20.729+0900: 6.806: [GC2017-07-06T17:38:20.729+0900: 6.806: [ParNew
Desired survivor size 131072 bytes, new threshold 6 (max 6)
- age   1:      24400 bytes,      24400 total
- age   2:       4840 bytes,      29240 total
- age   3:       4648 bytes,      33888 total
- age   4:       4704 bytes,      38592 total
- age   5:       4648 bytes,      43240 total
- age   6:       4704 bytes,      47944 total
: 2227K->60K(2432K), 0.0006836 secs] 4084K->1921K(7936K), 0.0007671 secs] [Times: user=0.03 sys=0.00, real=0.00 secs] 
2017-07-06T17:38:20.757+0900: 6.833: [GC2017-07-06T17:38:20.757+0900: 6.833: [ParNew
Desired survivor size 131072 bytes, new threshold 6 (max 6)
- age   1:      16384 bytes,      16384 total
- age   2:       4784 bytes,      21168 total
- age   3:       4704 bytes,      25872 total
- age   4:       4648 bytes,      30520 total
- age   5:       4704 bytes,      35224 total
- age   6:       4648 bytes,      39872 total
: 2236K->59K(2432K), 0.0007024 secs] 4097K->1925K(7936K), 0.0007829 secs] [Times: user=0.00 sys=0.00, real=0.00 secs] 
2017-07-06T17:38:20.779+0900: 6.856: [GC2017-07-06T17:38:20.779+0900: 6.856: [ParNew
Desired survivor size 131072 bytes, new threshold 6 (max 6)
- age   1:      24400 bytes,      24400 total
- age   2:       4840 bytes,      29240 total
- age   3:       4648 bytes,      33888 total
- age   4:       4704 bytes,      38592 total
- age   5:       4648 bytes,      43240 total
- age   6:       4704 bytes,      47944 total
: 2222K->71K(2432K), 0.0006583 secs] 4088K->1942K(7936K), 0.0007384 secs] [Times: user=0.00 sys=0.00, real=0.00 secs] 
2017-07-06T17:38:20.802+0900: 6.878: [GC2017-07-06T17:38:20.802+0900: 6.878: [ParNew
Desired survivor size 131072 bytes, new threshold 6 (max 6)
- age   1:      16384 bytes,      16384 total
- age   2:       4784 bytes,      21168 total
- age   3:       4704 bytes,      25872 total
- age   4:       4648 bytes,      30520 total
- age   5:       4704 bytes,      35224 total
- age   6:       4648 bytes,      39872 total
: 2247K->63K(2432K), 0.0006605 secs] 4118K->1938K(7936K), 0.0007354 secs] [Times: user=0.00 sys=0.00, real=0.00 secs] 
2017-07-06T17:38:20.823+0900: 6.900: [GC2017-07-06T17:38:20.823+0900: 6.900: [ParNew
Desired survivor size 131072 bytes, new threshold 6 (max 6)
- age   1:      24400 bytes,      24400 total
- age   2:       4840 bytes,      29240 total
- age   3:       4648 bytes,      33888 total
- age   4:       4704 bytes,      38592 total
- age   5:       4648 bytes,      43240 total
- age   6:       4704 bytes,      47944 total
: 2226K->60K(2432K), 0.0006421 secs] 4101K->1939K(7936K), 0.0007110 secs] [Times: user=0.00 sys=0.00, real=0.00 secs] 
2017-07-06T17:38:20.848+0900: 6.924: [GC2017-07-06T17:38:20.848+0900: 6.924: [ParNew
Desired survivor size 131072 bytes, new threshold 6 (max 6)
- age   1:      16384 bytes,      16384 total
- age   2:       4784 bytes,      21168 total
- age   3:       4704 bytes,      25872 total
- age   4:       4648 bytes,      30520 total
- age   5:       4704 bytes,      35224 total
- age   6:       4648 bytes,      39872 total
: 2236K->42K(2432K), 0.0011484 secs] 4115K->1926K(7936K), 0.0012460 secs] [Times: user=0.00 sys=0.00, real=0.00 secs] 
2017-07-06T17:38:20.873+0900: 6.949: [GC2017-07-06T17:38:20.873+0900: 6.949: [ParNew
Desired survivor size 131072 bytes, new threshold 6 (max 6)
- age   1:      24400 bytes,      24400 total
- age   2:       4840 bytes,      29240 total
- age   3:       4648 bytes,      33888 total
- age   4:       4704 bytes,      38592 total
- age   5:       4648 bytes,      43240 total
- age   6:       4704 bytes,      47944 total
: 2204K->71K(2432K), 0.0006951 secs] 4088K->1960K(7936K), 0.0007735 secs] [Times: user=0.00 sys=0.00, real=0.00 secs] 
2017-07-06T17:38:20.895+0900: 6.971: [GC2017-07-06T17:38:20.895+0900: 6.971: [ParNew
Desired survivor size 131072 bytes, new threshold 6 (max 6)
- age   1:      16384 bytes,      16384 total
- age   2:       4784 bytes,      21168 total
- age   3:       4704 bytes,      25872 total
- age   4:       4648 bytes,      30520 total
- age   5:       4704 bytes,      35224 total
- age   6:       4648 bytes,      39872 total
: 2247K->63K(2432K), 0.0006759 secs] 4136K->1957K(7936K), 0.0007512 secs] [Times: user=0.00 sys=0.00, real=0.00 secs] 
2017-07-06T17:38:20.916+0900: 6.992: [GC2017-07-06T17:38:20.916+0900: 6.992: [ParNew
Desired survivor size 131072 bytes, new threshold 1 (max 6)
- age   1:     142488 bytes,     142488 total
- age   2:       4960 bytes,     147448 total
- age   3:       4744 bytes,     152192 total
- age   4:       4752 bytes,     156944 total
- age   5:       4840 bytes,     161784 total
- age   6:       4704 bytes,     166488 total
: 2239K->172K(2432K), 0.0006763 secs] 4133K->2070K(7936K), 0.0007581 secs] [Times: user=0.00 sys=0.02, real=0.00 secs] 
2017-07-06T17:38:20.938+0900: 7.014: [GC2017-07-06T17:38:20.938+0900: 7.014: [ParNew
Desired survivor size 131072 bytes, new threshold 6 (max 6)
- age   1:      24400 bytes,      24400 total
: 2336K->35K(2432K), 0.0010543 secs] 4233K->2086K(7936K), 0.0011249 secs] [Times: user=0.00 sys=0.00, real=0.00 secs] 
2017-07-06T17:38:20.963+0900: 7.040: [GC2017-07-06T17:38:20.963+0900: 7.040: [ParNew
Desired survivor size 131072 bytes, new threshold 6 (max 6)
- age   1:      16384 bytes,      16384 total
- age   2:       4784 bytes,      21168 total
: 2206K->27K(2432K), 0.0005273 secs] 4256K->2078K(7936K), 0.0006031 secs] [Times: user=0.03 sys=0.00, real=0.00 secs] 
2017-07-06T17:38:20.988+0900: 7.064: [GC2017-07-06T17:38:20.988+0900: 7.064: [ParNew
Desired survivor size 131072 bytes, new threshold 6 (max 6)
- age   1:      24400 bytes,      24400 total
- age   2:       4840 bytes,      29240 total
- age   3:       4648 bytes,      33888 total
: 2190K->35K(2432K), 0.0005329 secs] 4241K->2085K(7936K), 0.0006185 secs] [Times: user=0.00 sys=0.00, real=0.00 secs] 
2017-07-06T17:38:21.010+0900: 7.086: [GC2017-07-06T17:38:21.010+0900: 7.086: [ParNew
Desired survivor size 131072 bytes, new threshold 6 (max 6)
- age   1:      16384 bytes,      16384 total
- age   2:       4784 bytes,      21168 total
- age   3:       4704 bytes,      25872 total
- age   4:       4648 bytes,      30520 total
: 2211K->32K(2432K), 0.0005308 secs] 4261K->2083K(7936K), 0.0006134 secs] [Times: user=0.00 sys=0.00, real=0.00 secs] 
2017-07-06T17:38:21.032+0900: 7.108: [GC2017-07-06T17:38:21.032+0900: 7.108: [ParNew
Desired survivor size 131072 bytes, new threshold 6 (max 6)
- age   1:      24400 bytes,      24400 total
- age   2:       4840 bytes,      29240 total
- age   3:       4648 bytes,      33888 total
- age   4:       4704 bytes,      38592 total
- age   5:       4648 bytes,      43240 total
: 2193K->46K(2432K), 0.0005308 secs] 4244K->2097K(7936K), 0.0006053 secs] [Times: user=0.00 sys=0.00, real=0.00 secs] 
2017-07-06T17:38:21.054+0900: 7.130: [GC2017-07-06T17:38:21.054+0900: 7.130: [ParNew
Desired survivor size 131072 bytes, new threshold 6 (max 6)
- age   1:      16384 bytes,      16384 total
- age   2:       4784 bytes,      21168 total
- age   3:       4704 bytes,      25872 total
- age   4:       4648 bytes,      30520 total
- age   5:       4704 bytes,      35224 total
- age   6:       4648 bytes,      39872 total
: 2222K->45K(2432K), 0.0005757 secs] 4273K->2096K(7936K), 0.0006481 secs] [Times: user=0.00 sys=0.00, real=0.00 secs] 
2017-07-06T17:38:21.079+0900: 7.156: [GC2017-07-06T17:38:21.079+0900: 7.156: [ParNew
Desired survivor size 131072 bytes, new threshold 6 (max 6)
- age   1:      24400 bytes,      24400 total
- age   2:       4840 bytes,      29240 total
- age   3:       4648 bytes,      33888 total
- age   4:       4704 bytes,      38592 total
- age   5:       4648 bytes,      43240 total
- age   6:       4704 bytes,      47944 total
: 2209K->66K(2432K), 0.0006755 secs] 4260K->2122K(7936K), 0.0007551 secs] [Times: user=0.00 sys=0.00, real=0.00 secs] 
2017-07-06T17:38:21.102+0900: 7.179: [GC2017-07-06T17:38:21.102+0900: 7.179: [ParNew
Desired survivor size 131072 bytes, new threshold 6 (max 6)
- age   1:      16384 bytes,      16384 total
- age   2:       4784 bytes,      21168 total
- age   3:       4704 bytes,      25872 total
- age   4:       4648 bytes,      30520 total
- age   5:       4704 bytes,      35224 total
- age   6:       4648 bytes,      39872 total
: 2242K->62K(2432K), 0.0006523 secs] 4298K->2122K(7936K), 0.0007298 secs] [Times: user=0.00 sys=0.00, real=0.00 secs] 
2017-07-06T17:38:21.124+0900: 7.200: [GC2017-07-06T17:38:21.124+0900: 7.200: [ParNew
Desired survivor size 131072 bytes, new threshold 6 (max 6)
- age   1:      24400 bytes,      24400 total
- age   2:       4840 bytes,      29240 total
- age   3:       4648 bytes,      33888 total
- age   4:       4704 bytes,      38592 total
- age   5:       4648 bytes,      43240 total
- age   6:       4704 bytes,      47944 total
: 2225K->57K(2432K), 0.0006442 secs] 4285K->2121K(7936K), 0.0007161 secs] [Times: user=0.00 sys=0.00, real=0.00 secs] 
2017-07-06T17:38:21.146+0900: 7.222: [GC2017-07-06T17:38:21.146+0900: 7.222: [ParNew
Desired survivor size 131072 bytes, new threshold 6 (max 6)
- age   1:      16384 bytes,      16384 total
- age   2:       4784 bytes,      21168 total
- age   3:       4704 bytes,      25872 total
- age   4:       4648 bytes,      30520 total
- age   5:       4704 bytes,      35224 total
- age   6:       4648 bytes,      39872 total
: 2233K->50K(2432K), 0.0006425 secs] 4297K->2119K(7936K), 0.0007123 secs] [Times: user=0.00 sys=0.00, real=0.00 secs] 
2017-07-06T17:38:21.168+0900: 7.244: [GC2017-07-06T17:38:21.168+0900: 7.244: [ParNew
Desired survivor size 131072 bytes, new threshold 6 (max 6)
- age   1:      24400 bytes,      24400 total
- age   2:       4840 bytes,      29240 total
- age   3:       4648 bytes,      33888 total
- age   4:       4704 bytes,      38592 total
- age   5:       4648 bytes,      43240 total
- age   6:       4704 bytes,      47944 total
: 2213K->68K(2432K), 0.0006352 secs] 4282K->2142K(7936K), 0.0007213 secs] [Times: user=0.00 sys=0.00, real=0.00 secs] 
2017-07-06T17:38:21.193+0900: 7.270: [GC2017-07-06T17:38:21.193+0900: 7.270: [ParNew
Desired survivor size 131072 bytes, new threshold 6 (max 6)
- age   1:      16384 bytes,      16384 total
- age   2:       4784 bytes,      21168 total
- age   3:       4704 bytes,      25872 total
- age   4:       4648 bytes,      30520 total
- age   5:       4704 bytes,      35224 total
- age   6:       4648 bytes,      39872 total
: 2244K->44K(2432K), 0.0013800 secs] 4318K->2122K(7936K), 0.0014960 secs] [Times: user=0.00 sys=0.00, real=0.00 secs] 
2017-07-06T17:38:21.216+0900: 7.292: [GC2017-07-06T17:38:21.216+0900: 7.293: [ParNew
Desired survivor size 131072 bytes, new threshold 6 (max 6)
- age   1:      24400 bytes,      24400 total
- age   2:       4840 bytes,      29240 total
- age   3:       4648 bytes,      33888 total
- age   4:       4704 bytes,      38592 total
- age   5:       4648 bytes,      43240 total
- age   6:       4704 bytes,      47944 total
: 2206K->72K(2432K), 0.0006665 secs] 4284K->2155K(7936K), 0.0007418 secs] [Times: user=0.00 sys=0.00, real=0.00 secs] 
2017-07-06T17:38:21.238+0900: 7.315: [GC2017-07-06T17:38:21.238+0900: 7.315: [ParNew
Desired survivor size 131072 bytes, new threshold 6 (max 6)
- age   1:      16384 bytes,      16384 total
- age   2:       4784 bytes,      21168 total
- age   3:       4704 bytes,      25872 total
- age   4:       4648 bytes,      30520 total
- age   5:       4704 bytes,      35224 total
- age   6:       4648 bytes,      39872 total
: 2248K->64K(2432K), 0.0006639 secs] 4331K->2151K(7936K), 0.0007358 secs] [Times: user=0.00 sys=0.00, real=0.00 secs] 
2017-07-06T17:38:21.264+0900: 7.340: [GC2017-07-06T17:38:21.264+0900: 7.340: [ParNew
Desired survivor size 131072 bytes, new threshold 6 (max 6)
- age   1:      24400 bytes,      24400 total
- age   2:       4840 bytes,      29240 total
- age   3:       4648 bytes,      33888 total
- age   4:       4704 bytes,      38592 total
- age   5:       4648 bytes,      43240 total
- age   6:       4704 bytes,      47944 total
: 2228K->57K(2432K), 0.0006887 secs] 4315K->2149K(7936K), 0.0007700 secs] [Times: user=0.00 sys=0.00, real=0.00 secs] 
2017-07-06T17:38:21.285+0900: 7.362: [GC2017-07-06T17:38:21.285+0900: 7.362: [ParNew
Desired survivor size 131072 bytes, new threshold 6 (max 6)
- age   1:      24592 bytes,      24592 total
- age   2:       4784 bytes,      29376 total
- age   3:       4704 bytes,      34080 total
- age   4:       4648 bytes,      38728 total
- age   5:       4704 bytes,      43432 total
- age   6:       4648 bytes,      48080 total
: 2233K->64K(2432K), 0.0006695 secs] 4325K->2161K(7936K), 0.0007444 secs] [Times: user=0.00 sys=0.00, real=0.00 secs] 
2017-07-06T17:38:21.313+0900: 7.390: [GC2017-07-06T17:38:21.313+0900: 7.390: [ParNew
Desired survivor size 131072 bytes, new threshold 6 (max 6)
- age   1:      16384 bytes,      16384 total
- age   2:       4840 bytes,      21224 total
- age   3:       4648 bytes,      25872 total
- age   4:       4704 bytes,      30576 total
- age   5:       4648 bytes,      35224 total
- age   6:       4704 bytes,      39928 total
: 2240K->62K(2432K), 0.0007037 secs] 4337K->2163K(7936K), 0.0007825 secs] [Times: user=0.00 sys=0.00, real=0.00 secs] 
2017-07-06T17:38:21.335+0900: 7.411: [GC2017-07-06T17:38:21.335+0900: 7.411: [ParNew
Desired survivor size 131072 bytes, new threshold 6 (max 6)
- age   1:      24400 bytes,      24400 total
- age   2:       4840 bytes,      29240 total
- age   3:       4704 bytes,      33944 total
- age   4:       4648 bytes,      38592 total
- age   5:       4704 bytes,      43296 total
- age   6:       4648 bytes,      47944 total
: 2223K->46K(2432K), 0.0006712 secs] 4324K->2152K(7936K), 0.0007512 secs] [Times: user=0.00 sys=0.00, real=0.00 secs] 
2017-07-06T17:38:21.357+0900: 7.433: [GC2017-07-06T17:38:21.357+0900: 7.433: [ParNew
Desired survivor size 131072 bytes, new threshold 6 (max 6)
- age   1:      16384 bytes,      16384 total
- age   2:       4784 bytes,      21168 total
- age   3:       4704 bytes,      25872 total
- age   4:       4704 bytes,      30576 total
- age   5:       4648 bytes,      35224 total
- age   6:       4704 bytes,      39928 total
: 2222K->50K(2432K), 0.0006639 secs] 4328K->2160K(7936K), 0.0007388 secs] [Times: user=0.00 sys=0.00, real=0.00 secs] 
2017-07-06T17:38:21.378+0900: 7.455: [GC2017-07-06T17:38:21.378+0900: 7.455: [ParNew
Desired survivor size 131072 bytes, new threshold 6 (max 6)
- age   1:      16384 bytes,      16384 total
- age   2:       4840 bytes,      21224 total
- age   3:       4648 bytes,      25872 total
- age   4:       4704 bytes,      30576 total
- age   5:       4704 bytes,      35280 total
- age   6:       4648 bytes,      39928 total
: 2226K->53K(2432K), 0.0006746 secs] 4336K->2168K(7936K), 0.0007491 secs] [Times: user=0.00 sys=0.00, real=0.00 secs] 
2017-07-06T17:38:21.402+0900: 7.478: [GC2017-07-06T17:38:21.402+0900: 7.478: [ParNew
Desired survivor size 131072 bytes, new threshold 6 (max 6)
- age   1:      24400 bytes,      24400 total
- age   2:       4840 bytes,      29240 total
- age   3:       4704 bytes,      33944 total
- age   4:       4648 bytes,      38592 total
- age   5:       4704 bytes,      43296 total
- age   6:       4704 bytes,      48000 total
: 2215K->69K(2432K), 0.0006750 secs] 4330K->2189K(7936K), 0.0007529 secs] [Times: user=0.00 sys=0.00, real=0.00 secs] 
2017-07-06T17:38:21.424+0900: 7.500: [GC2017-07-06T17:38:21.424+0900: 7.500: [ParNew
Desired survivor size 131072 bytes, new threshold 6 (max 6)
- age   1:      16384 bytes,      16384 total
- age   2:       4784 bytes,      21168 total
- age   3:       4704 bytes,      25872 total
- age   4:       4704 bytes,      30576 total
- age   5:       4648 bytes,      35224 total
- age   6:       4704 bytes,      39928 total
: 2237K->63K(2432K), 0.0006592 secs] 4357K->2187K(7936K), 0.0007354 secs] [Times: user=0.00 sys=0.00, real=0.00 secs] 
2017-07-06T17:38:21.445+0900: 7.522: [GC2017-07-06T17:38:21.445+0900: 7.522: [ParNew
Desired survivor size 131072 bytes, new threshold 6 (max 6)
- age   1:      24400 bytes,      24400 total
- age   2:       4840 bytes,      29240 total
- age   3:       4648 bytes,      33888 total
- age   4:       4704 bytes,      38592 total
- age   5:       4704 bytes,      43296 total
- age   6:       4648 bytes,      47944 total
: 2224K->47K(2432K), 0.0006425 secs] 4348K->2175K(7936K), 0.0007131 secs] [Times: user=0.00 sys=0.00, real=0.00 secs] 
2017-07-06T17:38:21.467+0900: 7.543: [GC2017-07-06T17:38:21.467+0900: 7.544: [ParNew
Desired survivor size 131072 bytes, new threshold 6 (max 6)
- age   1:      16384 bytes,      16384 total
- age   2:       4784 bytes,      21168 total
- age   3:       4704 bytes,      25872 total
- age   4:       4648 bytes,      30520 total
- age   5:       4704 bytes,      35224 total
- age   6:       4704 bytes,      39928 total
: 2223K->50K(2432K), 0.0006493 secs] 4351K->2183K(7936K), 0.0007200 secs] [Times: user=0.00 sys=0.00, real=0.00 secs] 
2017-07-06T17:38:21.489+0900: 7.565: [GC2017-07-06T17:38:21.489+0900: 7.565: [ParNew
Desired survivor size 131072 bytes, new threshold 6 (max 6)
- age   1:      16384 bytes,      16384 total
- age   2:       4840 bytes,      21224 total
- age   3:       4648 bytes,      25872 total
- age   4:       4704 bytes,      30576 total
- age   5:       4648 bytes,      35224 total
- age   6:       4704 bytes,      39928 total
: 2226K->53K(2432K), 0.0006382 secs] 4359K->2191K(7936K), 0.0007067 secs] [Times: user=0.00 sys=0.00, real=0.00 secs] 
2017-07-06T17:38:21.512+0900: 7.588: [GC2017-07-06T17:38:21.512+0900: 7.588: [ParNew
Desired survivor size 131072 bytes, new threshold 6 (max 6)
- age   1:      24400 bytes,      24400 total
- age   2:       4840 bytes,      29240 total
- age   3:       4704 bytes,      33944 total
- age   4:       4648 bytes,      38592 total
- age   5:       4704 bytes,      43296 total
- age   6:       4648 bytes,      47944 total
: 2215K->69K(2432K), 0.0006986 secs] 4353K->2211K(7936K), 0.0007790 secs] [Times: user=0.00 sys=0.00, real=0.00 secs] 
2017-07-06T17:38:21.536+0900: 7.612: [GC2017-07-06T17:38:21.536+0900: 7.612: [ParNew
Desired survivor size 131072 bytes, new threshold 6 (max 6)
- age   1:      16384 bytes,      16384 total
- age   2:       4784 bytes,      21168 total
- age   3:       4704 bytes,      25872 total
- age   4:       4704 bytes,      30576 total
- age   5:       4648 bytes,      35224 total
- age   6:       4704 bytes,      39928 total
: 2245K->63K(2432K), 0.0006917 secs] 4387K->2210K(7936K), 0.0007726 secs] [Times: user=0.00 sys=0.00, real=0.00 secs] 
2017-07-06T17:38:21.558+0900: 7.635: [GC2017-07-06T17:38:21.558+0900: 7.635: [ParNew
Desired survivor size 131072 bytes, new threshold 6 (max 6)
- age   1:      16384 bytes,      16384 total
- age   2:       4840 bytes,      21224 total
- age   3:       4648 bytes,      25872 total
- age   4:       4704 bytes,      30576 total
- age   5:       4704 bytes,      35280 total
- age   6:       4648 bytes,      39928 total
: 2239K->49K(2432K), 0.0006883 secs] 4386K->2201K(7936K), 0.0007649 secs] [Times: user=0.00 sys=0.00, real=0.00 secs] 
2017-07-06T17:38:21.580+0900: 7.656: [GC2017-07-06T17:38:21.580+0900: 7.656: [ParNew
Desired survivor size 131072 bytes, new threshold 6 (max 6)
- age   1:      24400 bytes,      24400 total
- age   2:       4840 bytes,      29240 total
- age   3:       4704 bytes,      33944 total
- age   4:       4648 bytes,      38592 total
- age   5:       4704 bytes,      43296 total
- age   6:       4704 bytes,      48000 total
: 2211K->64K(2432K), 0.0006446 secs] 4363K->2220K(7936K), 0.0007178 secs] [Times: user=0.00 sys=0.00, real=0.00 secs] 
2017-07-06T17:38:21.602+0900: 7.679: [GC2017-07-06T17:38:21.602+0900: 7.679: [ParNew
Desired survivor size 131072 bytes, new threshold 6 (max 6)
- age   1:      16384 bytes,      16384 total
- age   2:       4784 bytes,      21168 total
- age   3:       4704 bytes,      25872 total
- age   4:       4704 bytes,      30576 total
- age   5:       4648 bytes,      35224 total
- age   6:       4704 bytes,      39928 total
: 2233K->44K(2432K), 0.0117078 secs] 4388K->2204K(7936K), 0.0118092 secs] [Times: user=0.01 sys=0.00, real=0.01 secs] 
2017-07-06T17:38:21.639+0900: 7.715: [GC2017-07-06T17:38:21.639+0900: 7.715: [ParNew
Desired survivor size 131072 bytes, new threshold 6 (max 6)
- age   1:      24400 bytes,      24400 total
- age   2:       4840 bytes,      29240 total
- age   3:       4648 bytes,      33888 total
- age   4:       4704 bytes,      38592 total
- age   5:       4704 bytes,      43296 total
- age   6:       4648 bytes,      47944 total
: 2205K->72K(2432K), 0.0006969 secs] 4366K->2237K(7936K), 0.0007799 secs] [Times: user=0.00 sys=0.00, real=0.00 secs] 
2017-07-06T17:38:21.661+0900: 7.737: [GC2017-07-06T17:38:21.661+0900: 7.737: [ParNew
Desired survivor size 131072 bytes, new threshold 6 (max 6)
- age   1:      16384 bytes,      16384 total
- age   2:       4784 bytes,      21168 total
- age   3:       4704 bytes,      25872 total
- age   4:       4648 bytes,      30520 total
- age   5:       4704 bytes,      35224 total
- age   6:       4704 bytes,      39928 total
: 2248K->63K(2432K), 0.0006626 secs] 4413K->2233K(7936K), 0.0007362 secs] [Times: user=0.00 sys=0.00, real=0.00 secs] 
2017-07-06T17:38:21.682+0900: 7.759: [GC2017-07-06T17:38:21.682+0900: 7.759: [ParNew
Desired survivor size 131072 bytes, new threshold 6 (max 6)
- age   1:      16384 bytes,      16384 total
- age   2:       4840 bytes,      21224 total
- age   3:       4648 bytes,      25872 total
- age   4:       4704 bytes,      30576 total
- age   5:       4648 bytes,      35224 total
- age   6:       4704 bytes,      39928 total
: 2239K->49K(2432K), 0.0006917 secs] 4409K->2224K(7936K), 0.0007692 secs] [Times: user=0.00 sys=0.00, real=0.00 secs] 
2017-07-06T17:38:21.704+0900: 7.780: [GC2017-07-06T17:38:21.704+0900: 7.780: [ParNew
Desired survivor size 131072 bytes, new threshold 6 (max 6)
- age   1:      24400 bytes,      24400 total
- age   2:       4840 bytes,      29240 total
- age   3:       4704 bytes,      33944 total
- age   4:       4648 bytes,      38592 total
- age   5:       4704 bytes,      43296 total
- age   6:       4648 bytes,      47944 total
: 2212K->65K(2432K), 0.0006455 secs] 4386K->2243K(7936K), 0.0007161 secs] [Times: user=0.00 sys=0.00, real=0.00 secs] 
2017-07-06T17:38:21.728+0900: 7.804: [GC2017-07-06T17:38:21.728+0900: 7.804: [ParNew
Desired survivor size 131072 bytes, new threshold 6 (max 6)
- age   1:      16384 bytes,      16384 total
- age   2:       4784 bytes,      21168 total
- age   3:       4704 bytes,      25872 total
- age   4:       4704 bytes,      30576 total
- age   5:       4648 bytes,      35224 total
- age   6:       4704 bytes,      39928 total
: 2241K->62K(2432K), 0.0007058 secs] 4419K->2245K(7936K), 0.0007846 secs] [Times: user=0.00 sys=0.00, real=0.00 secs] 
2017-07-06T17:38:21.749+0900: 7.826: [GC2017-07-06T17:38:21.749+0900: 7.826: [ParNew
Desired survivor size 131072 bytes, new threshold 6 (max 6)
- age   1:      24400 bytes,      24400 total
- age   2:       4840 bytes,      29240 total
- age   3:       4648 bytes,      33888 total
- age   4:       4704 bytes,      38592 total
- age   5:       4704 bytes,      43296 total
- age   6:       4648 bytes,      47944 total
: 2222K->57K(2432K), 0.0006690 secs] 4405K->2245K(7936K), 0.0007452 secs] [Times: user=0.00 sys=0.00, real=0.00 secs] 
2017-07-06T17:38:21.771+0900: 7.847: [GC2017-07-06T17:38:21.771+0900: 7.848: [ParNew
Desired survivor size 131072 bytes, new threshold 6 (max 6)
- age   1:      16384 bytes,      16384 total
- age   2:       4784 bytes,      21168 total
- age   3:       4704 bytes,      25872 total
- age   4:       4648 bytes,      30520 total
- age   5:       4704 bytes,      35224 total
- age   6:       4704 bytes,      39928 total
: 2233K->64K(2432K), 0.0006267 secs] 4421K->2257K(7936K), 0.0006998 secs] [Times: user=0.00 sys=0.00, real=0.00 secs] 
2017-07-06T17:38:21.792+0900: 7.869: [GC2017-07-06T17:38:21.792+0900: 7.869: [ParNew
Desired survivor size 131072 bytes, new threshold 6 (max 6)
- age   1:      24400 bytes,      24400 total
- age   2:       4840 bytes,      29240 total
- age   3:       4648 bytes,      33888 total
- age   4:       4704 bytes,      38592 total
- age   5:       4648 bytes,      43240 total
- age   6:       4704 bytes,      47944 total
: 2225K->53K(2432K), 0.0005860 secs] 4417K->2250K(7936K), 0.0006549 secs] [Times: user=0.00 sys=0.00, real=0.00 secs] 
2017-07-06T17:38:21.815+0900: 7.892: [GC2017-07-06T17:38:21.815+0900: 7.892: [ParNew
Desired survivor size 131072 bytes, new threshold 6 (max 6)
- age   1:      16384 bytes,      16384 total
- age   2:       4784 bytes,      21168 total
- age   3:       4704 bytes,      25872 total
- age   4:       4648 bytes,      30520 total
- age   5:       4704 bytes,      35224 total
- age   6:       4648 bytes,      39872 total
: 2229K->49K(2432K), 0.0009875 secs] 4426K->2251K(7936K), 0.0010881 secs] [Times: user=0.00 sys=0.00, real=0.00 secs] 
2017-07-06T17:38:21.841+0900: 7.917: [GC2017-07-06T17:38:21.841+0900: 7.917: [ParNew
Desired survivor size 131072 bytes, new threshold 6 (max 6)
- age   1:      24400 bytes,      24400 total
- age   2:       4840 bytes,      29240 total
- age   3:       4648 bytes,      33888 total
- age   4:       4704 bytes,      38592 total
- age   5:       4648 bytes,      43240 total
- age   6:       4704 bytes,      47944 total
: 2210K->53K(2432K), 0.0006296 secs] 4412K->2259K(7936K), 0.0007105 secs] [Times: user=0.00 sys=0.00, real=0.00 secs] 
2017-07-06T17:38:21.862+0900: 7.939: [GC2017-07-06T17:38:21.862+0900: 7.939: [ParNew
Desired survivor size 131072 bytes, new threshold 6 (max 6)
- age   1:      16384 bytes,      16384 total
- age   2:       4784 bytes,      21168 total
- age   3:       4704 bytes,      25872 total
- age   4:       4648 bytes,      30520 total
- age   5:       4704 bytes,      35224 total
- age   6:       4648 bytes,      39872 total
: 2229K->63K(2432K), 0.0005916 secs] 4435K->2273K(7936K), 0.0006660 secs] [Times: user=0.00 sys=0.00, real=0.00 secs] 
2017-07-06T17:38:21.884+0900: 7.961: [GC2017-07-06T17:38:21.884+0900: 7.961: [ParNew
Desired survivor size 131072 bytes, new threshold 6 (max 6)
- age   1:      16384 bytes,      16384 total
- age   2:       4840 bytes,      21224 total
- age   3:       4648 bytes,      25872 total
- age   4:       4704 bytes,      30576 total
- age   5:       4648 bytes,      35224 total
- age   6:       4704 bytes,      39928 total
: 2239K->49K(2432K), 0.0006562 secs] 4449K->2264K(7936K), 0.0007272 secs] [Times: user=0.00 sys=0.00, real=0.00 secs] 
2017-07-06T17:38:21.906+0900: 7.982: [GC2017-07-06T17:38:21.906+0900: 7.982: [ParNew
Desired survivor size 131072 bytes, new threshold 6 (max 6)
- age   1:      24400 bytes,      24400 total
- age   2:       4840 bytes,      29240 total
- age   3:       4704 bytes,      33944 total
- age   4:       4648 bytes,      38592 total
- age   5:       4704 bytes,      43296 total
- age   6:       4648 bytes,      47944 total
: 2211K->64K(2432K), 0.0006481 secs] 4427K->2284K(7936K), 0.0007195 secs] [Times: user=0.00 sys=0.00, real=0.00 secs] 
2017-07-06T17:38:21.928+0900: 8.004: [GC2017-07-06T17:38:21.928+0900: 8.004: [ParNew
Desired survivor size 131072 bytes, new threshold 6 (max 6)
- age   1:      16384 bytes,      16384 total
- age   2:       4784 bytes,      21168 total
- age   3:       4704 bytes,      25872 total
- age   4:       4704 bytes,      30576 total
- age   5:       4648 bytes,      35224 total
- age   6:       4704 bytes,      39928 total
: 2233K->44K(2432K), 0.0156432 secs] 4452K->2268K(7936K), 0.0157485 secs] [Times: user=0.01 sys=0.00, real=0.02 secs] 
2017-07-06T17:38:21.967+0900: 8.043: [GC2017-07-06T17:38:21.967+0900: 8.043: [ParNew
Desired survivor size 131072 bytes, new threshold 6 (max 6)
- age   1:      24400 bytes,      24400 total
- age   2:       4840 bytes,      29240 total
- age   3:       4648 bytes,      33888 total
- age   4:       4704 bytes,      38592 total
- age   5:       4704 bytes,      43296 total
- age   6:       4648 bytes,      47944 total
: 2205K->72K(2432K), 0.0006930 secs] 4429K->2301K(7936K), 0.0007748 secs] [Times: user=0.00 sys=0.00, real=0.00 secs] 
2017-07-06T17:38:21.988+0900: 8.065: [GC2017-07-06T17:38:21.988+0900: 8.065: [ParNew
Desired survivor size 131072 bytes, new threshold 6 (max 6)
- age   1:      16384 bytes,      16384 total
- age   2:       4784 bytes,      21168 total
- age   3:       4704 bytes,      25872 total
- age   4:       4648 bytes,      30520 total
- age   5:       4704 bytes,      35224 total
- age   6:       4704 bytes,      39928 total
: 2248K->63K(2432K), 0.0006669 secs] 4477K->2297K(7936K), 0.0007392 secs] [Times: user=0.00 sys=0.00, real=0.00 secs] 
2017-07-06T17:38:22.010+0900: 8.087: [GC2017-07-06T17:38:22.010+0900: 8.087: [ParNew
Desired survivor size 131072 bytes, new threshold 6 (max 6)
- age   1:      16384 bytes,      16384 total
- age   2:       4840 bytes,      21224 total
- age   3:       4648 bytes,      25872 total
- age   4:       4704 bytes,      30576 total
- age   5:       4648 bytes,      35224 total
- age   6:       4704 bytes,      39928 total
: 2239K->49K(2432K), 0.0006690 secs] 4473K->2288K(7936K), 0.0007444 secs] [Times: user=0.00 sys=0.00, real=0.00 secs] 
2017-07-06T17:38:22.032+0900: 8.108: [GC2017-07-06T17:38:22.032+0900: 8.108: [ParNew
Desired survivor size 131072 bytes, new threshold 6 (max 6)
- age   1:      24400 bytes,      24400 total
- age   2:       4840 bytes,      29240 total
- age   3:       4704 bytes,      33944 total
- age   4:       4648 bytes,      38592 total
- age   5:       4704 bytes,      43296 total
- age   6:       4648 bytes,      47944 total
: 2212K->65K(2432K), 0.0006442 secs] 4450K->2307K(7936K), 0.0007195 secs] [Times: user=0.00 sys=0.00, real=0.00 secs] 
2017-07-06T17:38:22.054+0900: 8.130: [GC2017-07-06T17:38:22.054+0900: 8.130: [ParNew
Desired survivor size 131072 bytes, new threshold 6 (max 6)
- age   1:      16384 bytes,      16384 total
- age   2:       4784 bytes,      21168 total
- age   3:       4704 bytes,      25872 total
- age   4:       4704 bytes,      30576 total
- age   5:       4648 bytes,      35224 total
- age   6:       4704 bytes,      39928 total
: 2241K->44K(2432K), 0.0080750 secs] 4483K->2291K(7936K), 0.0081717 secs] [Times: user=0.00 sys=0.00, real=0.01 secs] 
2017-07-06T17:38:22.085+0900: 8.161: [GC2017-07-06T17:38:22.085+0900: 8.161: [ParNew
Desired survivor size 131072 bytes, new threshold 6 (max 6)
- age   1:      16384 bytes,      16384 total
- age   2:       4840 bytes,      21224 total
- age   3:       4648 bytes,      25872 total
- age   4:       4704 bytes,      30576 total
- age   5:       4704 bytes,      35280 total
- age   6:       4648 bytes,      39928 total
: 2220K->56K(2432K), 0.0007183 secs] 4467K->2308K(7936K), 0.0007983 secs] [Times: user=0.00 sys=0.00, real=0.00 secs] 
2017-07-06T17:38:22.107+0900: 8.183: [GC2017-07-06T17:38:22.107+0900: 8.183: [ParNew
Desired survivor size 131072 bytes, new threshold 6 (max 6)
- age   1:      24400 bytes,      24400 total
- age   2:       4840 bytes,      29240 total
- age   3:       4704 bytes,      33944 total
- age   4:       4648 bytes,      38592 total
- age   5:       4704 bytes,      43296 total
- age   6:       4704 bytes,      48000 total
: 2218K->70K(2432K), 0.0006562 secs] 4470K->2327K(7936K), 0.0007298 secs] [Times: user=0.00 sys=0.00, real=0.00 secs] 
2017-07-06T17:38:22.128+0900: 8.205: [GC2017-07-06T17:38:22.128+0900: 8.205: [ParNew
Desired survivor size 131072 bytes, new threshold 6 (max 6)
- age   1:      16384 bytes,      16384 total
- age   2:       4784 bytes,      21168 total
- age   3:       4704 bytes,      25872 total
- age   4:       4704 bytes,      30576 total
- age   5:       4648 bytes,      35224 total
- age   6:       4704 bytes,      39928 total
: 2238K->63K(2432K), 0.0006498 secs] 4495K->2324K(7936K), 0.0007221 secs] [Times: user=0.00 sys=0.00, real=0.00 secs] 
2017-07-06T17:38:22.150+0900: 8.226: [GC2017-07-06T17:38:22.150+0900: 8.226: [ParNew
Desired survivor size 131072 bytes, new threshold 6 (max 6)
- age   1:      24400 bytes,      24400 total
- age   2:       4840 bytes,      29240 total
- age   3:       4648 bytes,      33888 total
- age   4:       4704 bytes,      38592 total
- age   5:       4704 bytes,      43296 total
- age   6:       4648 bytes,      47944 total
: 2225K->57K(2432K), 0.0006382 secs] 4486K->2323K(7936K), 0.0007084 secs] [Times: user=0.00 sys=0.00, real=0.00 secs] 
2017-07-06T17:38:22.172+0900: 8.248: [GC2017-07-06T17:38:22.172+0900: 8.248: [ParNew
Desired survivor size 131072 bytes, new threshold 6 (max 6)
- age   1:      16384 bytes,      16384 total
- age   2:       4784 bytes,      21168 total
- age   3:       4704 bytes,      25872 total
- age   4:       4648 bytes,      30520 total
- age   5:       4704 bytes,      35224 total
- age   6:       4704 bytes,      39928 total
: 2233K->50K(2432K), 0.0008946 secs] 4499K->2320K(7936K), 0.0009747 secs] [Times: user=0.00 sys=0.00, real=0.00 secs] 
2017-07-06T17:38:22.198+0900: 8.275: [GC2017-07-06T17:38:22.198+0900: 8.275: [ParNew
Desired survivor size 131072 bytes, new threshold 6 (max 6)
- age   1:      16384 bytes,      16384 total
- age   2:       4840 bytes,      21224 total
- age   3:       4648 bytes,      25872 total
- age   4:       4704 bytes,      30576 total
- age   5:       4648 bytes,      35224 total
- age   6:       4704 bytes,      39928 total
: 2226K->53K(2432K), 0.0008681 secs] 4496K->2328K(7936K), 0.0010063 secs] [Times: user=0.00 sys=0.00, real=0.00 secs] 
2017-07-06T17:38:22.220+0900: 8.297: [GC2017-07-06T17:38:22.220+0900: 8.297: [ParNew
Desired survivor size 131072 bytes, new threshold 6 (max 6)
- age   1:      24400 bytes,      24400 total
- age   2:       4840 bytes,      29240 total
- age   3:       4704 bytes,      33944 total
- age   4:       4648 bytes,      38592 total
- age   5:       4704 bytes,      43296 total
- age   6:       4648 bytes,      47944 total
: 2216K->69K(2432K), 0.0006545 secs] 4490K->2349K(7936K), 0.0007307 secs] [Times: user=0.00 sys=0.00, real=0.00 secs] 
2017-07-06T17:38:22.242+0900: 8.318: [GC2017-07-06T17:38:22.242+0900: 8.318: [ParNew
Desired survivor size 131072 bytes, new threshold 6 (max 6)
- age   1:      16384 bytes,      16384 total
- age   2:       4784 bytes,      21168 total
- age   3:       4704 bytes,      25872 total
- age   4:       4704 bytes,      30576 total
- age   5:       4648 bytes,      35224 total
- age   6:       4704 bytes,      39928 total
: 2245K->63K(2432K), 0.0006528 secs] 4525K->2347K(7936K), 0.0007242 secs] [Times: user=0.02 sys=0.00, real=0.00 secs] 
2017-07-06T17:38:22.263+0900: 8.340: [GC2017-07-06T17:38:22.263+0900: 8.340: [ParNew
Desired survivor size 131072 bytes, new threshold 6 (max 6)
- age   1:      24400 bytes,      24400 total
- age   2:       4840 bytes,      29240 total
- age   3:       4648 bytes,      33888 total
- age   4:       4704 bytes,      38592 total
- age   5:       4704 bytes,      43296 total
- age   6:       4648 bytes,      47944 total
: 2223K->57K(2432K), 0.0006288 secs] 4507K->2346K(7936K), 0.0006981 secs] [Times: user=0.00 sys=0.00, real=0.00 secs] 
2017-07-06T17:38:22.285+0900: 8.362: [GC2017-07-06T17:38:22.285+0900: 8.362: [ParNew
Desired survivor size 131072 bytes, new threshold 6 (max 6)
- age   1:      16384 bytes,      16384 total
- age   2:       4784 bytes,      21168 total
- age   3:       4704 bytes,      25872 total
- age   4:       4648 bytes,      30520 total
- age   5:       4704 bytes,      35224 total
- age   6:       4704 bytes,      39928 total
: 2233K->50K(2432K), 0.0006618 secs] 4522K->2343K(7936K), 0.0007345 secs] [Times: user=0.00 sys=0.00, real=0.00 secs] 
2017-07-06T17:38:22.311+0900: 8.387: [GC2017-07-06T17:38:22.311+0900: 8.387: [ParNew
Desired survivor size 131072 bytes, new threshold 6 (max 6)
- age   1:      24400 bytes,      24400 total
- age   2:       4840 bytes,      29240 total
- age   3:       4648 bytes,      33888 total
- age   4:       4704 bytes,      38592 total
- age   5:       4648 bytes,      43240 total
- age   6:       4704 bytes,      47944 total
: 2211K->68K(2432K), 0.0006956 secs] 4504K->2366K(7936K), 0.0007735 secs] [Times: user=0.00 sys=0.00, real=0.00 secs] 
2017-07-06T17:38:22.336+0900: 8.412: [GC2017-07-06T17:38:22.336+0900: 8.412: [ParNew
Desired survivor size 131072 bytes, new threshold 6 (max 6)
- age   1:      16384 bytes,      16384 total
- age   2:       4784 bytes,      21168 total
- age   3:       4704 bytes,      25872 total
- age   4:       4648 bytes,      30520 total
- age   5:       4704 bytes,      35224 total
- age   6:       4648 bytes,      39872 total
: 2244K->63K(2432K), 0.0007123 secs] 4542K->2365K(7936K), 0.0007919 secs] [Times: user=0.00 sys=0.00, real=0.00 secs] 
2017-07-06T17:38:22.358+0900: 8.435: [GC2017-07-06T17:38:22.358+0900: 8.435: [ParNew
Desired survivor size 131072 bytes, new threshold 6 (max 6)
- age   1:      24400 bytes,      24400 total
- age   2:       4840 bytes,      29240 total
- age   3:       4648 bytes,      33888 total
- age   4:       4704 bytes,      38592 total
- age   5:       4648 bytes,      43240 total
- age   6:       4704 bytes,      47944 total
: 2224K->57K(2432K), 0.0006665 secs] 4526K->2364K(7936K), 0.0007439 secs] [Times: user=0.00 sys=0.00, real=0.00 secs] 
2017-07-06T17:38:22.380+0900: 8.457: [GC2017-07-06T17:38:22.380+0900: 8.457: [ParNew
Desired survivor size 131072 bytes, new threshold 6 (max 6)
- age   1:      16384 bytes,      16384 total
- age   2:       4784 bytes,      21168 total
- age   3:       4704 bytes,      25872 total
- age   4:       4648 bytes,      30520 total
- age   5:       4704 bytes,      35224 total
- age   6:       4648 bytes,      39872 total
: 2233K->50K(2432K), 0.0006883 secs] 4540K->2361K(7936K), 0.0007696 secs] [Times: user=0.00 sys=0.00, real=0.00 secs] 
2017-07-06T17:38:22.402+0900: 8.479: [GC2017-07-06T17:38:22.402+0900: 8.479: [ParNew
Desired survivor size 131072 bytes, new threshold 6 (max 6)
- age   1:      16384 bytes,      16384 total
- age   2:       4840 bytes,      21224 total
- age   3:       4648 bytes,      25872 total
- age   4:       4704 bytes,      30576 total
- age   5:       4648 bytes,      35224 total
- age   6:       4704 bytes,      39928 total
: 2226K->53K(2432K), 0.0120387 secs] 4537K->2369K(7936K), 0.0121555 secs] [Times: user=0.01 sys=0.00, real=0.01 secs] 
2017-07-06T17:38:22.437+0900: 8.513: [GC2017-07-06T17:38:22.437+0900: 8.513: [ParNew
Desired survivor size 131072 bytes, new threshold 6 (max 6)
- age   1:      24400 bytes,      24400 total
- age   2:       4840 bytes,      29240 total
- age   3:       4704 bytes,      33944 total
- age   4:       4648 bytes,      38592 total
- age   5:       4704 bytes,      43296 total
- age   6:       4648 bytes,      47944 total
: 2215K->69K(2432K), 0.0007058 secs] 4531K->2390K(7936K), 0.0007855 secs] [Times: user=0.00 sys=0.00, real=0.00 secs] 
2017-07-06T17:38:22.458+0900: 8.535: [GC2017-07-06T17:38:22.458+0900: 8.535: [ParNew
Desired survivor size 131072 bytes, new threshold 6 (max 6)
- age   1:      16384 bytes,      16384 total
- age   2:       4784 bytes,      21168 total
- age   3:       4704 bytes,      25872 total
- age   4:       4704 bytes,      30576 total
- age   5:       4648 bytes,      35224 total
- age   6:       4704 bytes,      39928 total
: 2237K->63K(2432K), 0.0006468 secs] 4558K->2388K(7936K), 0.0007165 secs] [Times: user=0.00 sys=0.00, real=0.00 secs] 
2017-07-06T17:38:22.480+0900: 8.556: [GC2017-07-06T17:38:22.480+0900: 8.556: [ParNew
Desired survivor size 131072 bytes, new threshold 6 (max 6)
- age   1:      24400 bytes,      24400 total
- age   2:       4840 bytes,      29240 total
- age   3:       4648 bytes,      33888 total
- age   4:       4704 bytes,      38592 total
- age   5:       4704 bytes,      43296 total
- age   6:       4648 bytes,      47944 total
: 2224K->57K(2432K), 0.0006750 secs] 4549K->2387K(7936K), 0.0007512 secs] [Times: user=0.00 sys=0.00, real=0.00 secs] 
2017-07-06T17:38:22.502+0900: 8.578: [GC2017-07-06T17:38:22.502+0900: 8.578: [ParNew
Desired survivor size 131072 bytes, new threshold 6 (max 6)
- age   1:      16384 bytes,      16384 total
- age   2:       4784 bytes,      21168 total
- age   3:       4704 bytes,      25872 total
- age   4:       4648 bytes,      30520 total
- age   5:       4704 bytes,      35224 total
- age   6:       4704 bytes,      39928 total
: 2233K->50K(2432K), 0.0006626 secs] 4563K->2384K(7936K), 0.0007358 secs] [Times: user=0.00 sys=0.00, real=0.00 secs] 
2017-07-06T17:38:22.526+0900: 8.602: [GC2017-07-06T17:38:22.526+0900: 8.602: [ParNew
Desired survivor size 131072 bytes, new threshold 6 (max 6)
- age   1:      16384 bytes,      16384 total
- age   2:       4840 bytes,      21224 total
- age   3:       4648 bytes,      25872 total
- age   4:       4704 bytes,      30576 total
- age   5:       4648 bytes,      35224 total
- age   6:       4704 bytes,      39928 total
: 2226K->53K(2432K), 0.0099935 secs] 4560K->2392K(7936K), 0.0100988 secs] [Times: user=0.00 sys=0.00, real=0.01 secs] 
2017-07-06T17:38:22.558+0900: 8.635: [GC2017-07-06T17:38:22.558+0900: 8.635: [ParNew
Desired survivor size 131072 bytes, new threshold 6 (max 6)
- age   1:      24400 bytes,      24400 total
- age   2:       4840 bytes,      29240 total
- age   3:       4704 bytes,      33944 total
- age   4:       4648 bytes,      38592 total
- age   5:       4704 bytes,      43296 total
- age   6:       4648 bytes,      47944 total
: 2215K->69K(2432K), 0.0007101 secs] 4554K->2413K(7936K), 0.0007927 secs] [Times: user=0.00 sys=0.00, real=0.00 secs] 
2017-07-06T17:38:22.580+0900: 8.657: [GC2017-07-06T17:38:22.580+0900: 8.657: [ParNew
Desired survivor size 131072 bytes, new threshold 6 (max 6)
- age   1:      16384 bytes,      16384 total
- age   2:       4784 bytes,      21168 total
- age   3:       4704 bytes,      25872 total
- age   4:       4704 bytes,      30576 total
- age   5:       4648 bytes,      35224 total
- age   6:       4704 bytes,      39928 total
: 2245K->63K(2432K), 0.0006772 secs] 4589K->2411K(7936K), 0.0007538 secs] [Times: user=0.00 sys=0.00, real=0.00 secs] 
2017-07-06T17:38:22.602+0900: 8.678: [GC2017-07-06T17:38:22.602+0900: 8.678: [ParNew
Desired survivor size 131072 bytes, new threshold 6 (max 6)
- age   1:      16384 bytes,      16384 total
- age   2:       4840 bytes,      21224 total
- age   3:       4648 bytes,      25872 total
- age   4:       4704 bytes,      30576 total
- age   5:       4704 bytes,      35280 total
- age   6:       4648 bytes,      39928 total
: 2239K->49K(2432K), 0.0006570 secs] 4587K->2402K(7936K), 0.0007302 secs] [Times: user=0.00 sys=0.00, real=0.00 secs] 
2017-07-06T17:38:22.623+0900: 8.700: [GC2017-07-06T17:38:22.623+0900: 8.700: [ParNew
Desired survivor size 131072 bytes, new threshold 6 (max 6)
- age   1:      24400 bytes,      24400 total
- age   2:       4840 bytes,      29240 total
- age   3:       4704 bytes,      33944 total
- age   4:       4648 bytes,      38592 total
- age   5:       4704 bytes,      43296 total
- age   6:       4704 bytes,      48000 total
: 2211K->64K(2432K), 0.0006228 secs] 4564K->2421K(7936K), 0.0006943 secs] [Times: user=0.00 sys=0.00, real=0.00 secs] 
2017-07-06T17:38:22.647+0900: 8.724: [GC2017-07-06T17:38:22.647+0900: 8.724: [ParNew
Desired survivor size 131072 bytes, new threshold 6 (max 6)
- age   1:      16384 bytes,      16384 total
- age   2:       4784 bytes,      21168 total
- age   3:       4704 bytes,      25872 total
- age   4:       4704 bytes,      30576 total
- age   5:       4648 bytes,      35224 total
- age   6:       4704 bytes,      39928 total
: 2233K->44K(2432K), 0.0011634 secs] 4590K->2405K(7936K), 0.0012589 secs] [Times: user=0.02 sys=0.00, real=0.00 secs] 
2017-07-06T17:38:22.672+0900: 8.748: [GC2017-07-06T17:38:22.672+0900: 8.748: [ParNew
Desired survivor size 131072 bytes, new threshold 6 (max 6)
- age   1:      24400 bytes,      24400 total
- age   2:       4840 bytes,      29240 total
- age   3:       4648 bytes,      33888 total
- age   4:       4704 bytes,      38592 total
- age   5:       4704 bytes,      43296 total
- age   6:       4648 bytes,      47944 total
: 2205K->72K(2432K), 0.0006926 secs] 4567K->2438K(7936K), 0.0007709 secs] [Times: user=0.00 sys=0.00, real=0.00 secs] 
2017-07-06T17:38:22.694+0900: 8.770: [GC2017-07-06T17:38:22.694+0900: 8.770: [ParNew
Desired survivor size 131072 bytes, new threshold 6 (max 6)
- age   1:      16384 bytes,      16384 total
- age   2:       4784 bytes,      21168 total
- age   3:       4704 bytes,      25872 total
- age   4:       4648 bytes,      30520 total
- age   5:       4704 bytes,      35224 total
- age   6:       4704 bytes,      39928 total
: 2248K->63K(2432K), 0.0006652 secs] 4614K->2434K(7936K), 0.0007409 secs] [Times: user=0.02 sys=0.00, real=0.00 secs] 
2017-07-06T17:38:22.716+0900: 8.792: [GC2017-07-06T17:38:22.716+0900: 8.792: [ParNew
Desired survivor size 131072 bytes, new threshold 6 (max 6)
- age   1:      16384 bytes,      16384 total
- age   2:       4840 bytes,      21224 total
- age   3:       4648 bytes,      25872 total
- age   4:       4704 bytes,      30576 total
- age   5:       4648 bytes,      35224 total
- age   6:       4704 bytes,      39928 total
: 2239K->49K(2432K), 0.0006451 secs] 4610K->2425K(7936K), 0.0007183 secs] [Times: user=0.00 sys=0.00, real=0.00 secs] 
2017-07-06T17:38:22.737+0900: 8.813: [GC2017-07-06T17:38:22.737+0900: 8.813: [ParNew
Desired survivor size 131072 bytes, new threshold 6 (max 6)
- age   1:      24400 bytes,      24400 total
- age   2:       4840 bytes,      29240 total
- age   3:       4704 bytes,      33944 total
- age   4:       4648 bytes,      38592 total
- age   5:       4704 bytes,      43296 total
- age   6:       4648 bytes,      47944 total
: 2212K->65K(2432K), 0.0006481 secs] 4587K->2444K(7936K), 0.0007234 secs] [Times: user=0.00 sys=0.00, real=0.00 secs] 
2017-07-06T17:38:22.759+0900: 8.835: [GC2017-07-06T17:38:22.759+0900: 8.835: [ParNew
Desired survivor size 131072 bytes, new threshold 6 (max 6)
- age   1:      16384 bytes,      16384 total
- age   2:       4784 bytes,      21168 total
- age   3:       4704 bytes,      25872 total
- age   4:       4704 bytes,      30576 total
- age   5:       4648 bytes,      35224 total
- age   6:       4704 bytes,      39928 total
: 2241K->44K(2432K), 0.0008852 secs] 4620K->2428K(7936K), 0.0009614 secs] [Times: user=0.00 sys=0.00, real=0.00 secs] 
2017-07-06T17:38:22.786+0900: 8.863: [GC2017-07-06T17:38:22.786+0900: 8.863: [ParNew
Desired survivor size 131072 bytes, new threshold 6 (max 6)
- age   1:      24400 bytes,      24400 total
- age   2:       4840 bytes,      29240 total
- age   3:       4648 bytes,      33888 total
- age   4:       4704 bytes,      38592 total
- age   5:       4704 bytes,      43296 total
- age   6:       4648 bytes,      47944 total
: 2204K->72K(2432K), 0.0007028 secs] 4588K->2461K(7936K), 0.0007863 secs] [Times: user=0.00 sys=0.00, real=0.00 secs] 
2017-07-06T17:38:22.808+0900: 8.885: [GC2017-07-06T17:38:22.808+0900: 8.885: [ParNew
Desired survivor size 131072 bytes, new threshold 6 (max 6)
- age   1:      16384 bytes,      16384 total
- age   2:       4784 bytes,      21168 total
- age   3:       4704 bytes,      25872 total
- age   4:       4648 bytes,      30520 total
- age   5:       4704 bytes,      35224 total
- age   6:       4704 bytes,      39928 total
: 2248K->63K(2432K), 0.0006797 secs] 4637K->2457K(7936K), 0.0007546 secs] [Times: user=0.00 sys=0.00, real=0.00 secs] 
2017-07-06T17:38:22.829+0900: 8.906: [GC2017-07-06T17:38:22.830+0900: 8.906: [ParNew
Desired survivor size 131072 bytes, new threshold 6 (max 6)
- age   1:      24400 bytes,      24400 total
- age   2:       4840 bytes,      29240 total
- age   3:       4648 bytes,      33888 total
- age   4:       4704 bytes,      38592 total
- age   5:       4648 bytes,      43240 total
- age   6:       4704 bytes,      47944 total
: 2224K->57K(2432K), 0.0006391 secs] 4618K->2456K(7936K), 0.0007135 secs] [Times: user=0.00 sys=0.00, real=0.00 secs] 
2017-07-06T17:38:22.851+0900: 8.928: [GC2017-07-06T17:38:22.851+0900: 8.928: [ParNew
Desired survivor size 131072 bytes, new threshold 6 (max 6)
- age   1:      16384 bytes,      16384 total
- age   2:       4784 bytes,      21168 total
- age   3:       4704 bytes,      25872 total
- age   4:       4648 bytes,      30520 total
- age   5:       4704 bytes,      35224 total
- age   6:       4648 bytes,      39872 total
: 2233K->50K(2432K), 0.0006536 secs] 4632K->2453K(7936K), 0.0007272 secs] [Times: user=0.00 sys=0.00, real=0.00 secs] 
2017-07-06T17:38:22.873+0900: 8.949: [GC2017-07-06T17:38:22.873+0900: 8.949: [ParNew
Desired survivor size 131072 bytes, new threshold 6 (max 6)
- age   1:      24400 bytes,      24400 total
- age   2:       4840 bytes,      29240 total
- age   3:       4648 bytes,      33888 total
- age   4:       4704 bytes,      38592 total
- age   5:       4648 bytes,      43240 total
- age   6:       4704 bytes,      47944 total
: 2211K->68K(2432K), 0.0006382 secs] 4614K->2476K(7936K), 0.0007084 secs] [Times: user=0.00 sys=0.00, real=0.00 secs] 
2017-07-06T17:38:22.897+0900: 8.973: [GC2017-07-06T17:38:22.897+0900: 8.973: [ParNew
Desired survivor size 131072 bytes, new threshold 6 (max 6)
- age   1:      16384 bytes,      16384 total
- age   2:       4784 bytes,      21168 total
- age   3:       4704 bytes,      25872 total
- age   4:       4648 bytes,      30520 total
- age   5:       4704 bytes,      35224 total
- age   6:       4648 bytes,      39872 total
: 2244K->63K(2432K), 0.0008569 secs] 4652K->2475K(7936K), 0.0009503 secs] [Times: user=0.03 sys=0.00, real=0.00 secs] 
2017-07-06T17:38:22.921+0900: 8.997: [GC2017-07-06T17:38:22.921+0900: 8.997: [ParNew
Desired survivor size 131072 bytes, new threshold 6 (max 6)
- age   1:      16384 bytes,      16384 total
- age   2:       4840 bytes,      21224 total
- age   3:       4648 bytes,      25872 total
- age   4:       4704 bytes,      30576 total
- age   5:       4648 bytes,      35224 total
- age   6:       4704 bytes,      39928 total
: 2239K->49K(2432K), 0.0007148 secs] 4651K->2466K(7936K), 0.0007927 secs] [Times: user=0.00 sys=0.00, real=0.00 secs] 
2017-07-06T17:38:22.943+0900: 9.019: [GC2017-07-06T17:38:22.943+0900: 9.019: [ParNew
Desired survivor size 131072 bytes, new threshold 6 (max 6)
- age   1:      24400 bytes,      24400 total
- age   2:       4840 bytes,      29240 total
- age   3:       4704 bytes,      33944 total
- age   4:       4648 bytes,      38592 total
- age   5:       4704 bytes,      43296 total
- age   6:       4648 bytes,      47944 total
: 2211K->64K(2432K), 0.0006575 secs] 4628K->2485K(7936K), 0.0007311 secs] [Times: user=0.00 sys=0.00, real=0.00 secs] 
2017-07-06T17:38:22.964+0900: 9.041: [GC2017-07-06T17:38:22.964+0900: 9.041: [ParNew
Desired survivor size 131072 bytes, new threshold 6 (max 6)
- age   1:      16384 bytes,      16384 total
- age   2:       4784 bytes,      21168 total
- age   3:       4704 bytes,      25872 total
- age   4:       4704 bytes,      30576 total
- age   5:       4648 bytes,      35224 total
- age   6:       4704 bytes,      39928 total
: 2233K->62K(2432K), 0.0006656 secs] 4654K->2488K(7936K), 0.0007354 secs] [Times: user=0.00 sys=0.00, real=0.00 secs] 
2017-07-06T17:38:22.985+0900: 9.062: [GC2017-07-06T17:38:22.986+0900: 9.062: [ParNew
Desired survivor size 131072 bytes, new threshold 6 (max 6)
- age   1:      24400 bytes,      24400 total
- age   2:       4840 bytes,      29240 total
- age   3:       4648 bytes,      33888 total
- age   4:       4704 bytes,      38592 total
- age   5:       4704 bytes,      43296 total
- age   6:       4648 bytes,      47944 total
: 2223K->57K(2432K), 0.0006245 secs] 4649K->2487K(7936K), 0.0006934 secs] [Times: user=0.00 sys=0.00, real=0.00 secs] 
2017-07-06T17:38:23.012+0900: 9.089: [GC2017-07-06T17:38:23.012+0900: 9.089: [ParNew
Desired survivor size 131072 bytes, new threshold 6 (max 6)
- age   1:      16384 bytes,      16384 total
- age   2:       4784 bytes,      21168 total
- age   3:       4704 bytes,      25872 total
- age   4:       4648 bytes,      30520 total
- age   5:       4704 bytes,      35224 total
- age   6:       4704 bytes,      39928 total
: 2233K->50K(2432K), 0.0007003 secs] 4663K->2485K(7936K), 0.0007795 secs] [Times: user=0.00 sys=0.00, real=0.00 secs] 
2017-07-06T17:38:23.034+0900: 9.111: [GC2017-07-06T17:38:23.034+0900: 9.111: [ParNew
Desired survivor size 131072 bytes, new threshold 6 (max 6)
- age   1:      16384 bytes,      16384 total
- age   2:       4840 bytes,      21224 total
- age   3:       4648 bytes,      25872 total
- age   4:       4704 bytes,      30576 total
- age   5:       4648 bytes,      35224 total
- age   6:       4704 bytes,      39928 total
: 2226K->53K(2432K), 0.0006729 secs] 4661K->2492K(7936K), 0.0007482 secs] [Times: user=0.00 sys=0.00, real=0.00 secs] 
2017-07-06T17:38:23.055+0900: 9.132: [GC2017-07-06T17:38:23.055+0900: 9.132: [ParNew
Desired survivor size 131072 bytes, new threshold 6 (max 6)
- age   1:      24400 bytes,      24400 total
- age   2:       4840 bytes,      29240 total
- age   3:       4704 bytes,      33944 total
- age   4:       4648 bytes,      38592 total
- age   5:       4704 bytes,      43296 total
- age   6:       4648 bytes,      47944 total
: 2215K->69K(2432K), 0.0006301 secs] 4655K->2513K(7936K), 0.0006994 secs] [Times: user=0.00 sys=0.00, real=0.00 secs] 
2017-07-06T17:38:23.077+0900: 9.154: [GC2017-07-06T17:38:23.077+0900: 9.154: [ParNew
Desired survivor size 131072 bytes, new threshold 6 (max 6)
- age   1:      16384 bytes,      16384 total
- age   2:       4784 bytes,      21168 total
- age   3:       4704 bytes,      25872 total
- age   4:       4704 bytes,      30576 total
- age   5:       4648 bytes,      35224 total
- age   6:       4704 bytes,      39928 total
: 2245K->63K(2432K), 0.0006451 secs] 4689K->2511K(7936K), 0.0007178 secs] [Times: user=0.00 sys=0.00, real=0.00 secs] 
2017-07-06T17:38:23.100+0900: 9.177: [GC2017-07-06T17:38:23.100+0900: 9.177: [ParNew
Desired survivor size 131072 bytes, new threshold 6 (max 6)
- age   1:      16384 bytes,      16384 total
- age   2:       4840 bytes,      21224 total
- age   3:       4648 bytes,      25872 total
- age   4:       4704 bytes,      30576 total
- age   5:       4704 bytes,      35280 total
- age   6:       4648 bytes,      39928 total
: 2239K->49K(2432K), 0.0006887 secs] 4687K->2502K(7936K), 0.0007679 secs] [Times: user=0.03 sys=0.00, real=0.00 secs] 
2017-07-06T17:38:23.122+0900: 9.198: [GC2017-07-06T17:38:23.122+0900: 9.198: [ParNew
Desired survivor size 131072 bytes, new threshold 6 (max 6)
- age   1:      24400 bytes,      24400 total
- age   2:       4840 bytes,      29240 total
- age   3:       4704 bytes,      33944 total
- age   4:       4648 bytes,      38592 total
- age   5:       4704 bytes,      43296 total
- age   6:       4704 bytes,      48000 total
: 2211K->64K(2432K), 0.0006498 secs] 4664K->2522K(7936K), 0.0007247 secs] [Times: user=0.00 sys=0.00, real=0.00 secs] 
2017-07-06T17:38:23.143+0900: 9.220: [GC2017-07-06T17:38:23.143+0900: 9.220: [ParNew
Desired survivor size 131072 bytes, new threshold 6 (max 6)
- age   1:      16384 bytes,      16384 total
- age   2:       4784 bytes,      21168 total
- age   3:       4704 bytes,      25872 total
- age   4:       4704 bytes,      30576 total
- age   5:       4648 bytes,      35224 total
- age   6:       4704 bytes,      39928 total
: 2233K->62K(2432K), 0.0006433 secs] 4690K->2524K(7936K), 0.0007144 secs] [Times: user=0.00 sys=0.00, real=0.00 secs] 
2017-07-06T17:38:23.165+0900: 9.241: [GC2017-07-06T17:38:23.165+0900: 9.241: [ParNew
Desired survivor size 131072 bytes, new threshold 6 (max 6)
- age   1:      24400 bytes,      24400 total
- age   2:       4840 bytes,      29240 total
- age   3:       4648 bytes,      33888 total
- age   4:       4704 bytes,      38592 total
- age   5:       4704 bytes,      43296 total
- age   6:       4648 bytes,      47944 total
: 2224K->57K(2432K), 0.0006365 secs] 4686K->2524K(7936K), 0.0007054 secs] [Times: user=0.00 sys=0.00, real=0.00 secs] 
2017-07-06T17:38:23.186+0900: 9.263: [GC2017-07-06T17:38:23.186+0900: 9.263: [ParNew
Desired survivor size 131072 bytes, new threshold 6 (max 6)
- age   1:      16384 bytes,      16384 total
- age   2:       4784 bytes,      21168 total
- age   3:       4704 bytes,      25872 total
- age   4:       4648 bytes,      30520 total
- age   5:       4704 bytes,      35224 total
- age   6:       4704 bytes,      39928 total
: 2233K->50K(2432K), 0.0006429 secs] 4700K->2521K(7936K), 0.0007110 secs] [Times: user=0.00 sys=0.00, real=0.00 secs] 
2017-07-06T17:38:23.211+0900: 9.288: [GC2017-07-06T17:38:23.211+0900: 9.288: [ParNew
Desired survivor size 131072 bytes, new threshold 6 (max 6)
- age   1:      16384 bytes,      16384 total
- age   2:       4840 bytes,      21224 total
- age   3:       4648 bytes,      25872 total
- age   4:       4704 bytes,      30576 total
- age   5:       4648 bytes,      35224 total
- age   6:       4704 bytes,      39928 total
: 2226K->53K(2432K), 0.0007388 secs] 4697K->2529K(7936K), 0.0008360 secs] [Times: user=0.00 sys=0.00, real=0.00 secs] 
2017-07-06T17:38:23.235+0900: 9.312: [GC2017-07-06T17:38:23.235+0900: 9.312: [ParNew
Desired survivor size 131072 bytes, new threshold 6 (max 6)
- age   1:      24400 bytes,      24400 total
- age   2:       4840 bytes,      29240 total
- age   3:       4704 bytes,      33944 total
- age   4:       4648 bytes,      38592 total
- age   5:       4704 bytes,      43296 total
- age   6:       4648 bytes,      47944 total
: 2216K->69K(2432K), 0.0007063 secs] 4692K->2550K(7936K), 0.0007932 secs] [Times: user=0.00 sys=0.00, real=0.00 secs] 
2017-07-06T17:38:23.257+0900: 9.334: [GC2017-07-06T17:38:23.257+0900: 9.334: [ParNew
Desired survivor size 131072 bytes, new threshold 6 (max 6)
- age   1:      16384 bytes,      16384 total
- age   2:       4784 bytes,      21168 total
- age   3:       4704 bytes,      25872 total
- age   4:       4704 bytes,      30576 total
- age   5:       4648 bytes,      35224 total
- age   6:       4704 bytes,      39928 total
: 2245K->63K(2432K), 0.0006660 secs] 4726K->2548K(7936K), 0.0007397 secs] [Times: user=0.00 sys=0.00, real=0.00 secs] 
2017-07-06T17:38:23.279+0900: 9.355: [GC2017-07-06T17:38:23.279+0900: 9.355: [ParNew
Desired survivor size 131072 bytes, new threshold 6 (max 6)
- age   1:      24400 bytes,      24400 total
- age   2:       4840 bytes,      29240 total
- age   3:       4648 bytes,      33888 total
- age   4:       4704 bytes,      38592 total
- age   5:       4704 bytes,      43296 total
- age   6:       4648 bytes,      47944 total
: 2223K->57K(2432K), 0.0006446 secs] 4708K->2547K(7936K), 0.0007153 secs] [Times: user=0.00 sys=0.00, real=0.00 secs] 
2017-07-06T17:38:23.301+0900: 9.377: [GC2017-07-06T17:38:23.301+0900: 9.377: [ParNew
Desired survivor size 131072 bytes, new threshold 6 (max 6)
- age   1:      16384 bytes,      16384 total
- age   2:       4784 bytes,      21168 total
- age   3:       4704 bytes,      25872 total
- age   4:       4648 bytes,      30520 total
- age   5:       4704 bytes,      35224 total
- age   6:       4704 bytes,      39928 total
: 2233K->50K(2432K), 0.0006472 secs] 4723K->2544K(7936K), 0.0007170 secs] [Times: user=0.00 sys=0.00, real=0.00 secs] 
2017-07-06T17:38:23.322+0900: 9.399: [GC2017-07-06T17:38:23.322+0900: 9.399: [ParNew
Desired survivor size 131072 bytes, new threshold 6 (max 6)
- age   1:      24400 bytes,      24400 total
- age   2:       4840 bytes,      29240 total
- age   3:       4648 bytes,      33888 total
- age   4:       4704 bytes,      38592 total
- age   5:       4648 bytes,      43240 total
- age   6:       4704 bytes,      47944 total
: 2211K->53K(2432K), 0.0104716 secs] 4705K->2552K(7936K), 0.0105791 secs] [Times: user=0.00 sys=0.00, real=0.01 secs] 
2017-07-06T17:38:23.357+0900: 9.434: [GC2017-07-06T17:38:23.357+0900: 9.434: [ParNew
Desired survivor size 131072 bytes, new threshold 6 (max 6)
- age   1:      16384 bytes,      16384 total
- age   2:       4784 bytes,      21168 total
- age   3:       4704 bytes,      25872 total
- age   4:       4648 bytes,      30520 total
- age   5:       4704 bytes,      35224 total
- age   6:       4648 bytes,      39872 total
: 2229K->63K(2432K), 0.0007178 secs] 4728K->2566K(7936K), 0.0007983 secs] [Times: user=0.00 sys=0.00, real=0.00 secs] 
2017-07-06T17:38:23.379+0900: 9.456: [GC2017-07-06T17:38:23.379+0900: 9.456: [ParNew
Desired survivor size 131072 bytes, new threshold 6 (max 6)
- age   1:      24400 bytes,      24400 total
- age   2:       4840 bytes,      29240 total
- age   3:       4648 bytes,      33888 total
- age   4:       4704 bytes,      38592 total
- age   5:       4648 bytes,      43240 total
- age   6:       4704 bytes,      47944 total
: 2224K->57K(2432K), 0.0006806 secs] 4727K->2565K(7936K), 0.0007572 secs] [Times: user=0.00 sys=0.00, real=0.00 secs] 
2017-07-06T17:38:23.402+0900: 9.478: [GC2017-07-06T17:38:23.402+0900: 9.478: [ParNew
Desired survivor size 131072 bytes, new threshold 6 (max 6)
- age   1:      16384 bytes,      16384 total
- age   2:       4784 bytes,      21168 total
- age   3:       4704 bytes,      25872 total
- age   4:       4648 bytes,      30520 total
- age   5:       4704 bytes,      35224 total
- age   6:       4648 bytes,      39872 total
: 2233K->50K(2432K), 0.0006712 secs] 4741K->2563K(7936K), 0.0007444 secs] [Times: user=0.00 sys=0.00, real=0.00 secs] 
2017-07-06T17:38:23.423+0900: 9.500: [GC2017-07-06T17:38:23.423+0900: 9.500: [ParNew
Desired survivor size 131072 bytes, new threshold 6 (max 6)
- age   1:      16384 bytes,      16384 total
- age   2:       4840 bytes,      21224 total
- age   3:       4648 bytes,      25872 total
- age   4:       4704 bytes,      30576 total
- age   5:       4648 bytes,      35224 total
- age   6:       4704 bytes,      39928 total
: 2226K->53K(2432K), 0.0006579 secs] 4739K->2570K(7936K), 0.0007983 secs] [Times: user=0.00 sys=0.00, real=0.00 secs] 
2017-07-06T17:38:23.449+0900: 9.526: [GC2017-07-06T17:38:23.449+0900: 9.526: [ParNew
Desired survivor size 131072 bytes, new threshold 6 (max 6)
- age   1:      24400 bytes,      24400 total
- age   2:       4840 bytes,      29240 total
- age   3:       4704 bytes,      33944 total
- age   4:       4648 bytes,      38592 total
- age   5:       4704 bytes,      43296 total
- age   6:       4648 bytes,      47944 total
: 2215K->69K(2432K), 0.0007080 secs] 4732K->2591K(7936K), 0.0007867 secs] [Times: user=0.00 sys=0.00, real=0.00 secs] 
2017-07-06T17:38:23.471+0900: 9.548: [GC2017-07-06T17:38:23.471+0900: 9.548: [ParNew
Desired survivor size 131072 bytes, new threshold 6 (max 6)
- age   1:      16384 bytes,      16384 total
- age   2:       4784 bytes,      21168 total
- age   3:       4704 bytes,      25872 total
- age   4:       4704 bytes,      30576 total
- age   5:       4648 bytes,      35224 total
- age   6:       4704 bytes,      39928 total
: 2237K->63K(2432K), 0.0006772 secs] 4759K->2589K(7936K), 0.0007499 secs] [Times: user=0.00 sys=0.00, real=0.00 secs] 
2017-07-06T17:38:23.493+0900: 9.569: [GC2017-07-06T17:38:23.493+0900: 9.569: [ParNew
Desired survivor size 131072 bytes, new threshold 6 (max 6)
- age   1:      24400 bytes,      24400 total
- age   2:       4840 bytes,      29240 total
- age   3:       4648 bytes,      33888 total
- age   4:       4704 bytes,      38592 total
- age   5:       4704 bytes,      43296 total
- age   6:       4648 bytes,      47944 total
: 2224K->57K(2432K), 0.0006523 secs] 4750K->2588K(7936K), 0.0007255 secs] [Times: user=0.00 sys=0.00, real=0.00 secs] 
2017-07-06T17:38:23.514+0900: 9.591: [GC2017-07-06T17:38:23.514+0900: 9.591: [ParNew
Desired survivor size 131072 bytes, new threshold 6 (max 6)
- age   1:      16384 bytes,      16384 total
- age   2:       4784 bytes,      21168 total
- age   3:       4704 bytes,      25872 total
- age   4:       4648 bytes,      30520 total
- age   5:       4704 bytes,      35224 total
- age   6:       4704 bytes,      39928 total
: 2233K->50K(2432K), 0.0006481 secs] 4764K->2585K(7936K), 0.0007183 secs] [Times: user=0.00 sys=0.00, real=0.00 secs] 
2017-07-06T17:38:23.536+0900: 9.613: [GC2017-07-06T17:38:23.536+0900: 9.613: [ParNew
Desired survivor size 131072 bytes, new threshold 6 (max 6)
- age   1:      16384 bytes,      16384 total
- age   2:       4840 bytes,      21224 total
- age   3:       4648 bytes,      25872 total
- age   4:       4704 bytes,      30576 total
- age   5:       4648 bytes,      35224 total
- age   6:       4704 bytes,      39928 total
: 2226K->53K(2432K), 0.0006540 secs] 4761K->2593K(7936K), 0.0007251 secs] [Times: user=0.03 sys=0.00, real=0.00 secs] 
2017-07-06T17:38:23.563+0900: 9.639: [GC2017-07-06T17:38:23.563+0900: 9.639: [ParNew
Desired survivor size 131072 bytes, new threshold 6 (max 6)
- age   1:      24400 bytes,      24400 total
- age   2:       4840 bytes,      29240 total
- age   3:       4704 bytes,      33944 total
- age   4:       4648 bytes,      38592 total
- age   5:       4704 bytes,      43296 total
- age   6:       4648 bytes,      47944 total
: 2215K->69K(2432K), 0.0006956 secs] 4755K->2614K(7936K), 0.0007752 secs] [Times: user=0.00 sys=0.00, real=0.00 secs] 
2017-07-06T17:38:23.585+0900: 9.662: [GC2017-07-06T17:38:23.585+0900: 9.662: [ParNew
Desired survivor size 131072 bytes, new threshold 6 (max 6)
- age   1:      16384 bytes,      16384 total
- age   2:       4784 bytes,      21168 total
- age   3:       4704 bytes,      25872 total
- age   4:       4704 bytes,      30576 total
- age   5:       4648 bytes,      35224 total
- age   6:       4704 bytes,      39928 total
: 2245K->63K(2432K), 0.0006926 secs] 4790K->2612K(7936K), 0.0007756 secs] [Times: user=0.00 sys=0.00, real=0.00 secs] 
2017-07-06T17:38:23.607+0900: 9.684: [GC2017-07-06T17:38:23.607+0900: 9.684: [ParNew
Desired survivor size 131072 bytes, new threshold 6 (max 6)
- age   1:      16384 bytes,      16384 total
- age   2:       4840 bytes,      21224 total
- age   3:       4648 bytes,      25872 total
- age   4:       4704 bytes,      30576 total
- age   5:       4704 bytes,      35280 total
- age   6:       4648 bytes,      39928 total
: 2239K->49K(2432K), 0.0006703 secs] 4788K->2603K(7936K), 0.0007427 secs] [Times: user=0.00 sys=0.00, real=0.00 secs] 
2017-07-06T17:38:23.628+0900: 9.705: [GC2017-07-06T17:38:23.628+0900: 9.705: [ParNew
Desired survivor size 131072 bytes, new threshold 6 (max 6)
- age   1:      24400 bytes,      24400 total
- age   2:       4840 bytes,      29240 total
- age   3:       4704 bytes,      33944 total
- age   4:       4648 bytes,      38592 total
- age   5:       4704 bytes,      43296 total
- age   6:       4704 bytes,      48000 total
: 2211K->64K(2432K), 0.0006374 secs] 4765K->2623K(7936K), 0.0007088 secs] [Times: user=0.00 sys=0.00, real=0.00 secs] 
2017-07-06T17:38:23.650+0900: 9.726: [GC2017-07-06T17:38:23.650+0900: 9.726: [ParNew
Desired survivor size 131072 bytes, new threshold 6 (max 6)
- age   1:      16384 bytes,      16384 total
- age   2:       4784 bytes,      21168 total
- age   3:       4704 bytes,      25872 total
- age   4:       4704 bytes,      30576 total
- age   5:       4648 bytes,      35224 total
- age   6:       4704 bytes,      39928 total
: 2233K->62K(2432K), 0.0006451 secs] 4791K->2625K(7936K), 0.0007161 secs] [Times: user=0.00 sys=0.00, real=0.00 secs] 
2017-07-06T17:38:23.677+0900: 9.753: [GC2017-07-06T17:38:23.677+0900: 9.753: [ParNew
Desired survivor size 131072 bytes, new threshold 6 (max 6)
- age   1:      24400 bytes,      24400 total
- age   2:       4840 bytes,      29240 total
- age   3:       4648 bytes,      33888 total
- age   4:       4704 bytes,      38592 total
- age   5:       4704 bytes,      43296 total
- age   6:       4648 bytes,      47944 total
: 2224K->57K(2432K), 0.0007174 secs] 4786K->2624K(7936K), 0.0008000 secs] [Times: user=0.02 sys=0.00, real=0.00 secs] 
2017-07-06T17:38:23.699+0900: 9.776: [GC2017-07-06T17:38:23.699+0900: 9.776: [ParNew
Desired survivor size 131072 bytes, new threshold 6 (max 6)
- age   1:      16384 bytes,      16384 total
- age   2:       4784 bytes,      21168 total
- age   3:       4704 bytes,      25872 total
- age   4:       4648 bytes,      30520 total
- age   5:       4704 bytes,      35224 total
- age   6:       4704 bytes,      39928 total
: 2233K->50K(2432K), 0.0006763 secs] 4800K->2622K(7936K), 0.0007645 secs] [Times: user=0.00 sys=0.00, real=0.00 secs] 
2017-07-06T17:38:23.721+0900: 9.797: [GC2017-07-06T17:38:23.721+0900: 9.797: [ParNew
Desired survivor size 131072 bytes, new threshold 6 (max 6)
- age   1:      16384 bytes,      16384 total
- age   2:       4840 bytes,      21224 total
- age   3:       4648 bytes,      25872 total
- age   4:       4704 bytes,      30576 total
- age   5:       4648 bytes,      35224 total
- age   6:       4704 bytes,      39928 total
: 2226K->53K(2432K), 0.0006635 secs] 4798K->2630K(7936K), 0.0007371 secs] [Times: user=0.00 sys=0.00, real=0.00 secs] 
2017-07-06T17:38:23.742+0900: 9.819: [GC2017-07-06T17:38:23.742+0900: 9.819: [ParNew
Desired survivor size 131072 bytes, new threshold 6 (max 6)
- age   1:      24400 bytes,      24400 total
- age   2:       4840 bytes,      29240 total
- age   3:       4704 bytes,      33944 total
- age   4:       4648 bytes,      38592 total
- age   5:       4704 bytes,      43296 total
- age   6:       4648 bytes,      47944 total
: 2216K->69K(2432K), 0.0006365 secs] 4792K->2650K(7936K), 0.0007076 secs] [Times: user=0.00 sys=0.00, real=0.00 secs] 
2017-07-06T17:38:23.767+0900: 9.843: [GC2017-07-06T17:38:23.767+0900: 9.843: [ParNew
Desired survivor size 131072 bytes, new threshold 6 (max 6)
- age   1:      16384 bytes,      16384 total
- age   2:       4784 bytes,      21168 total
- age   3:       4704 bytes,      25872 total
- age   4:       4704 bytes,      30576 total
- age   5:       4648 bytes,      35224 total
- age   6:       4704 bytes,      39928 total
: 2245K->44K(2432K), 0.0011283 secs] 4826K->2630K(7936K), 0.0012281 secs] [Times: user=0.00 sys=0.00, real=0.00 secs] 
2017-07-06T17:38:23.791+0900: 9.867: [GC2017-07-06T17:38:23.791+0900: 9.867: [ParNew
Desired survivor size 131072 bytes, new threshold 6 (max 6)
- age   1:      24400 bytes,      24400 total
- age   2:       4840 bytes,      29240 total
- age   3:       4648 bytes,      33888 total
- age   4:       4704 bytes,      38592 total
- age   5:       4704 bytes,      43296 total
- age   6:       4648 bytes,      47944 total
: 2204K->72K(2432K), 0.0006960 secs] 4790K->2663K(7936K), 0.0007756 secs] [Times: user=0.00 sys=0.00, real=0.00 secs] 
2017-07-06T17:38:23.813+0900: 9.889: [GC2017-07-06T17:38:23.813+0900: 9.889: [ParNew
Desired survivor size 131072 bytes, new threshold 6 (max 6)
- age   1:      16384 bytes,      16384 total
- age   2:       4784 bytes,      21168 total
- age   3:       4704 bytes,      25872 total
- age   4:       4648 bytes,      30520 total
- age   5:       4704 bytes,      35224 total
- age   6:       4704 bytes,      39928 total
: 2248K->42K(2432K), 0.0006943 secs] 4839K->2636K(7936K), 0.0007846 secs] [Times: user=0.00 sys=0.00, real=0.00 secs] 
2017-07-06T17:38:23.834+0900: 9.911: [GC2017-07-06T17:38:23.834+0900: 9.911: [ParNew
Desired survivor size 131072 bytes, new threshold 6 (max 6)
- age   1:      24400 bytes,      24400 total
- age   2:       4840 bytes,      29240 total
- age   3:       4648 bytes,      33888 total
- age   4:       4704 bytes,      38592 total
- age   5:       4648 bytes,      43240 total
- age   6:       4704 bytes,      47944 total
: 2202K->65K(2432K), 0.0006553 secs] 4797K->2665K(7936K), 0.0007260 secs] [Times: user=0.00 sys=0.00, real=0.00 secs] 
2017-07-06T17:38:23.854+0900: 9.931: [GC2017-07-06T17:38:23.854+0900: 9.931: [ParNew
Desired survivor size 131072 bytes, new threshold 1 (max 6)
- age   1:     204768 bytes,     204768 total
- age   2:       4784 bytes,     209552 total
- age   3:       4704 bytes,     214256 total
- age   4:       4648 bytes,     218904 total
- age   5:       4704 bytes,     223608 total
- age   6:       4648 bytes,     228256 total
: 2241K->247K(2432K), 0.0007987 secs] 4841K->2851K(7936K), 0.0008736 secs] [Times: user=0.00 sys=0.00, real=0.00 secs] 
2017-07-06T17:38:23.877+0900: 9.954: [GC2017-07-06T17:38:23.877+0900: 9.954: [ParNew
Desired survivor size 131072 bytes, new threshold 6 (max 6)
- age   1:      41096 bytes,      41096 total
: 2423K->41K(2432K), 0.0057593 secs] 5027K->2860K(7936K), 0.0058637 secs] [Times: user=0.02 sys=0.00, real=0.01 secs] 
2017-07-06T17:38:23.883+0900: 9.960: [GC [1 CMS-initial-mark: 2818K(5504K)] 2860K(7936K), 0.0002020 secs] [Times: user=0.00 sys=0.00, real=0.00 secs] 
2017-07-06T17:38:23.884+0900: 9.960: [CMS-concurrent-mark-start]
2017-07-06T17:38:23.890+0900: 9.967: [CMS-concurrent-mark: 0.007/0.007 secs] [Times: user=0.00 sys=0.00, real=0.01 secs] 
2017-07-06T17:38:23.890+0900: 9.967: [CMS-concurrent-preclean-start]
2017-07-06T17:38:23.890+0900: 9.967: [CMS-concurrent-preclean: 0.000/0.000 secs] [Times: user=0.00 sys=0.00, real=0.00 secs] 
2017-07-06T17:38:23.892+0900: 9.969: [GC[YG occupancy: 640 K (2432 K)]2017-07-06T17:38:23.892+0900: 9.969: [Rescan (parallel) , 0.0001669 secs]2017-07-06T17:38:23.892+0900: 9.969: [weak refs processing, 0.0000411 secs]2017-07-06T17:38:23.892+0900: 9.969: [scrub string table, 0.0002222 secs] [1 CMS-remark: 2818K(5504K)] 3458K(7936K), 0.0005316 secs] [Times: user=0.00 sys=0.00, real=0.00 secs] 
2017-07-06T17:38:23.893+0900: 9.969: [CMS-concurrent-sweep-start]
2017-07-06T17:38:23.895+0900: 9.971: [CMS-concurrent-sweep: 0.002/0.002 secs] [Times: user=0.00 sys=0.00, real=0.00 secs] 
2017-07-06T17:38:23.895+0900: 9.971: [CMS-concurrent-reset-start]
2017-07-06T17:38:23.895+0900: 9.972: [CMS-concurrent-reset: 0.000/0.000 secs] [Times: user=0.00 sys=0.00, real=0.00 secs] 
2017-07-06T17:38:23.909+0900: 9.986: [GC2017-07-06T17:38:23.909+0900: 9.986: [ParNew
Desired survivor size 131072 bytes, new threshold 6 (max 6)
- age   1:      24624 bytes,      24624 total
- age   2:       4784 bytes,      29408 total
: 2203K->33K(2432K), 0.0005342 secs] 4612K->2441K(7936K), 0.0006104 secs] [Times: user=0.00 sys=0.00, real=0.00 secs] 
2017-07-06T17:38:23.931+0900: 10.007: [GC2017-07-06T17:38:23.931+0900: 10.007: [ParNew
Desired survivor size 131072 bytes, new threshold 6 (max 6)
- age   1:      16384 bytes,      16384 total
- age   2:       4872 bytes,      21256 total
- age   3:       4648 bytes,      25904 total
: 2209K->26K(2432K), 0.0005072 secs] 4617K->2435K(7936K), 0.0005770 secs] [Times: user=0.00 sys=0.00, real=0.00 secs] 
2017-07-06T17:38:23.952+0900: 10.029: [GC2017-07-06T17:38:23.952+0900: 10.029: [ParNew
Desired survivor size 131072 bytes, new threshold 6 (max 6)
- age   1:      24400 bytes,      24400 total
- age   2:       4840 bytes,      29240 total
- age   3:       4736 bytes,      33976 total
- age   4:       4648 bytes,      38624 total
: 2187K->40K(2432K), 0.0005115 secs] 4595K->2448K(7936K), 0.0005830 secs] [Times: user=0.00 sys=0.00, real=0.00 secs] 
2017-07-06T17:38:23.974+0900: 10.050: [GC2017-07-06T17:38:23.974+0900: 10.050: [ParNew
Desired survivor size 131072 bytes, new threshold 6 (max 6)
- age   1:      16384 bytes,      16384 total
- age   2:       4784 bytes,      21168 total
- age   3:       4704 bytes,      25872 total
- age   4:       4736 bytes,      30608 total
- age   5:       4648 bytes,      35256 total
: 2216K->38K(2432K), 0.0005513 secs] 4624K->2447K(7936K), 0.0006194 secs] [Times: user=0.00 sys=0.00, real=0.00 secs] 
2017-07-06T17:38:23.995+0900: 10.072: [GC2017-07-06T17:38:23.996+0900: 10.072: [ParNew
Desired survivor size 131072 bytes, new threshold 6 (max 6)
- age   1:      16384 bytes,      16384 total
- age   2:       4840 bytes,      21224 total
- age   3:       4648 bytes,      25872 total
- age   4:       4704 bytes,      30576 total
- age   5:       4736 bytes,      35312 total
- age   6:       4648 bytes,      39960 total
: 2214K->45K(2432K), 0.0031050 secs] 4622K->2453K(7936K), 0.0032018 secs] [Times: user=0.00 sys=0.00, real=0.00 secs] 
2017-07-06T17:38:24.024+0900: 10.101: [GC2017-07-06T17:38:24.024+0900: 10.101: [ParNew
Desired survivor size 131072 bytes, new threshold 6 (max 6)
- age   1:      24400 bytes,      24400 total
- age   2:       4840 bytes,      29240 total
- age   3:       4704 bytes,      33944 total
- age   4:       4648 bytes,      38592 total
- age   5:       4704 bytes,      43296 total
- age   6:       4736 bytes,      48032 total
: 2205K->67K(2432K), 0.0006647 secs] 4614K->2479K(7936K), 0.0007491 secs] [Times: user=0.00 sys=0.00, real=0.00 secs] 
2017-07-06T17:38:24.046+0900: 10.123: [GC2017-07-06T17:38:24.046+0900: 10.123: [ParNew
Desired survivor size 131072 bytes, new threshold 6 (max 6)
- age   1:      16384 bytes,      16384 total
- age   2:       4784 bytes,      21168 total
- age   3:       4704 bytes,      25872 total
- age   4:       4704 bytes,      30576 total
- age   5:       4648 bytes,      35224 total
- age   6:       4704 bytes,      39928 total
: 2243K->63K(2432K), 0.0006271 secs] 4655K->2480K(7936K), 0.0007011 secs] [Times: user=0.00 sys=0.00, real=0.00 secs] 
2017-07-06T17:38:24.067+0900: 10.144: [GC2017-07-06T17:38:24.067+0900: 10.144: [ParNew
Desired survivor size 131072 bytes, new threshold 6 (max 6)
- age   1:      24400 bytes,      24400 total
- age   2:       4840 bytes,      29240 total
- age   3:       4648 bytes,      33888 total
- age   4:       4704 bytes,      38592 total
- age   5:       4704 bytes,      43296 total
- age   6:       4648 bytes,      47944 total
: 2224K->57K(2432K), 0.0006048 secs] 4642K->2479K(7936K), 0.0006827 secs] [Times: user=0.02 sys=0.00, real=0.00 secs] 
2017-07-06T17:38:24.089+0900: 10.166: [GC2017-07-06T17:38:24.089+0900: 10.166: [ParNew
Desired survivor size 131072 bytes, new threshold 6 (max 6)
- age   1:      16384 bytes,      16384 total
- age   2:       4784 bytes,      21168 total
- age   3:       4704 bytes,      25872 total
- age   4:       4648 bytes,      30520 total
- age   5:       4704 bytes,      35224 total
- age   6:       4704 bytes,      39928 total
: 2233K->50K(2432K), 0.0006014 secs] 4655K->2477K(7936K), 0.0006699 secs] [Times: user=0.00 sys=0.00, real=0.00 secs] 
2017-07-06T17:38:24.115+0900: 10.192: [GC2017-07-06T17:38:24.115+0900: 10.192: [ParNew
Desired survivor size 131072 bytes, new threshold 6 (max 6)
- age   1:      16384 bytes,      16384 total
- age   2:       4840 bytes,      21224 total
- age   3:       4648 bytes,      25872 total
- age   4:       4704 bytes,      30576 total
- age   5:       4648 bytes,      35224 total
- age   6:       4704 bytes,      39928 total
: 2226K->53K(2432K), 0.0006699 secs] 4653K->2484K(7936K), 0.0007516 secs] [Times: user=0.00 sys=0.00, real=0.00 secs] 
2017-07-06T17:38:24.137+0900: 10.214: [GC2017-07-06T17:38:24.137+0900: 10.214: [ParNew
Desired survivor size 131072 bytes, new threshold 6 (max 6)
- age   1:      24400 bytes,      24400 total
- age   2:       4840 bytes,      29240 total
- age   3:       4704 bytes,      33944 total
- age   4:       4648 bytes,      38592 total
- age   5:       4704 bytes,      43296 total
- age   6:       4648 bytes,      47944 total
: 2216K->69K(2432K), 0.0006275 secs] 4647K->2505K(7936K), 0.0007024 secs] [Times: user=0.00 sys=0.00, real=0.00 secs] 
2017-07-06T17:38:24.159+0900: 10.235: [GC2017-07-06T17:38:24.159+0900: 10.235: [ParNew
Desired survivor size 131072 bytes, new threshold 6 (max 6)
- age   1:      16384 bytes,      16384 total
- age   2:       4784 bytes,      21168 total
- age   3:       4704 bytes,      25872 total
- age   4:       4704 bytes,      30576 total
- age   5:       4648 bytes,      35224 total
- age   6:       4704 bytes,      39928 total
: 2245K->63K(2432K), 0.0006249 secs] 4681K->2503K(7936K), 0.0006981 secs] [Times: user=0.00 sys=0.00, real=0.00 secs] 
2017-07-06T17:38:24.182+0900: 10.259: [GC2017-07-06T17:38:24.182+0900: 10.259: [ParNew
Desired survivor size 131072 bytes, new threshold 6 (max 6)
- age   1:      24400 bytes,      24400 total
- age   2:       4840 bytes,      29240 total
- age   3:       4648 bytes,      33888 total
- age   4:       4704 bytes,      38592 total
- age   5:       4704 bytes,      43296 total
- age   6:       4648 bytes,      47944 total
: 2223K->57K(2432K), 0.0006802 secs] 4663K->2502K(7936K), 0.0007606 secs] [Times: user=0.00 sys=0.00, real=0.00 secs] 
2017-07-06T17:38:24.204+0900: 10.280: [GC2017-07-06T17:38:24.204+0900: 10.281: [ParNew
Desired survivor size 131072 bytes, new threshold 6 (max 6)
- age   1:      16384 bytes,      16384 total
- age   2:       4784 bytes,      21168 total
- age   3:       4704 bytes,      25872 total
- age   4:       4648 bytes,      30520 total
- age   5:       4704 bytes,      35224 total
- age   6:       4704 bytes,      39928 total
: 2233K->50K(2432K), 0.0006446 secs] 4678K->2500K(7936K), 0.0007183 secs] [Times: user=0.00 sys=0.00, real=0.00 secs] 
2017-07-06T17:38:24.230+0900: 10.306: [GC2017-07-06T17:38:24.230+0900: 10.306: [ParNew
Desired survivor size 131072 bytes, new threshold 6 (max 6)
- age   1:      24400 bytes,      24400 total
- age   2:       4840 bytes,      29240 total
- age   3:       4648 bytes,      33888 total
- age   4:       4704 bytes,      38592 total
- age   5:       4648 bytes,      43240 total
- age   6:       4704 bytes,      47944 total
: 2211K->53K(2432K), 0.0012075 secs] 4660K->2507K(7936K), 0.0013055 secs] [Times: user=0.00 sys=0.00, real=0.00 secs] 
2017-07-06T17:38:24.255+0900: 10.331: [GC2017-07-06T17:38:24.255+0900: 10.331: [ParNew
Desired survivor size 131072 bytes, new threshold 6 (max 6)
- age   1:      16384 bytes,      16384 total
- age   2:       4784 bytes,      21168 total
- age   3:       4704 bytes,      25872 total
- age   4:       4648 bytes,      30520 total
- age   5:       4704 bytes,      35224 total
- age   6:       4648 bytes,      39872 total
: 2229K->63K(2432K), 0.0007041 secs] 4683K->2521K(7936K), 0.0007910 secs] [Times: user=0.00 sys=0.00, real=0.00 secs] 
2017-07-06T17:38:24.276+0900: 10.353: [GC2017-07-06T17:38:24.276+0900: 10.353: [ParNew
Desired survivor size 131072 bytes, new threshold 6 (max 6)
- age   1:      24400 bytes,      24400 total
- age   2:       4840 bytes,      29240 total
- age   3:       4648 bytes,      33888 total
- age   4:       4704 bytes,      38592 total
- age   5:       4648 bytes,      43240 total
- age   6:       4704 bytes,      47944 total
: 2224K->57K(2432K), 0.0006502 secs] 4683K->2520K(7936K), 0.0007264 secs] [Times: user=0.00 sys=0.00, real=0.00 secs] 
2017-07-06T17:38:24.298+0900: 10.375: [GC2017-07-06T17:38:24.298+0900: 10.375: [ParNew
Desired survivor size 131072 bytes, new threshold 6 (max 6)
- age   1:      16384 bytes,      16384 total
- age   2:       4784 bytes,      21168 total
- age   3:       4704 bytes,      25872 total
- age   4:       4648 bytes,      30520 total
- age   5:       4704 bytes,      35224 total
- age   6:       4648 bytes,      39872 total
: 2233K->50K(2432K), 0.0006463 secs] 4696K->2518K(7936K), 0.0007183 secs] [Times: user=0.00 sys=0.00, real=0.00 secs] 
2017-07-06T17:38:24.320+0900: 10.396: [GC2017-07-06T17:38:24.320+0900: 10.396: [ParNew
Desired survivor size 131072 bytes, new threshold 6 (max 6)
- age   1:      16384 bytes,      16384 total
- age   2:       4840 bytes,      21224 total
- age   3:       4648 bytes,      25872 total
- age   4:       4704 bytes,      30576 total
- age   5:       4648 bytes,      35224 total
- age   6:       4704 bytes,      39928 total
: 2226K->53K(2432K), 0.0006232 secs] 4694K->2525K(7936K), 0.0006926 secs] [Times: user=0.00 sys=0.00, real=0.00 secs] 
2017-07-06T17:38:24.347+0900: 10.423: [GC2017-07-06T17:38:24.347+0900: 10.423: [ParNew
Desired survivor size 131072 bytes, new threshold 6 (max 6)
- age   1:      24400 bytes,      24400 total
- age   2:       4840 bytes,      29240 total
- age   3:       4704 bytes,      33944 total
- age   4:       4648 bytes,      38592 total
- age   5:       4704 bytes,      43296 total
- age   6:       4648 bytes,      47944 total
: 2215K->54K(2432K), 0.0009062 secs] 4688K->2531K(7936K), 0.0010025 secs] [Times: user=0.00 sys=0.00, real=0.00 secs] 
2017-07-06T17:38:24.369+0900: 10.446: [GC2017-07-06T17:38:24.369+0900: 10.446: [ParNew
Desired survivor size 131072 bytes, new threshold 6 (max 6)
- age   1:      16384 bytes,      16384 total
- age   2:       4784 bytes,      21168 total
- age   3:       4704 bytes,      25872 total
- age   4:       4704 bytes,      30576 total
- age   5:       4648 bytes,      35224 total
- age   6:       4704 bytes,      39928 total
: 2222K->63K(2432K), 0.0007024 secs] 4699K->2544K(7936K), 0.0007953 secs] [Times: user=0.00 sys=0.00, real=0.00 secs] 
2017-07-06T17:38:24.391+0900: 10.468: [GC2017-07-06T17:38:24.391+0900: 10.468: [ParNew
Desired survivor size 131072 bytes, new threshold 6 (max 6)
- age   1:      24400 bytes,      24400 total
- age   2:       4840 bytes,      29240 total
- age   3:       4648 bytes,      33888 total
- age   4:       4704 bytes,      38592 total
- age   5:       4704 bytes,      43296 total
- age   6:       4648 bytes,      47944 total
: 2224K->57K(2432K), 0.0006412 secs] 4706K->2543K(7936K), 0.0007131 secs] [Times: user=0.00 sys=0.00, real=0.00 secs] 
2017-07-06T17:38:24.413+0900: 10.490: [GC2017-07-06T17:38:24.413+0900: 10.490: [ParNew
Desired survivor size 131072 bytes, new threshold 6 (max 6)
- age   1:      16384 bytes,      16384 total
- age   2:       4784 bytes,      21168 total
- age   3:       4704 bytes,      25872 total
- age   4:       4648 bytes,      30520 total
- age   5:       4704 bytes,      35224 total
- age   6:       4704 bytes,      39928 total
: 2233K->50K(2432K), 0.0006429 secs] 4719K->2541K(7936K), 0.0007191 secs] [Times: user=0.00 sys=0.00, real=0.00 secs] 
2017-07-06T17:38:24.436+0900: 10.513: [GC2017-07-06T17:38:24.436+0900: 10.513: [ParNew
Desired survivor size 131072 bytes, new threshold 6 (max 6)
- age   1:      16384 bytes,      16384 total
- age   2:       4840 bytes,      21224 total
- age   3:       4648 bytes,      25872 total
- age   4:       4704 bytes,      30576 total
- age   5:       4648 bytes,      35224 total
- age   6:       4704 bytes,      39928 total
: 2226K->53K(2432K), 0.0006921 secs] 4717K->2548K(7936K), 0.0007688 secs] [Times: user=0.00 sys=0.00, real=0.00 secs] 
2017-07-06T17:38:24.458+0900: 10.534: [GC2017-07-06T17:38:24.458+0900: 10.534: [ParNew
Desired survivor size 131072 bytes, new threshold 6 (max 6)
- age   1:      24400 bytes,      24400 total
- age   2:       4840 bytes,      29240 total
- age   3:       4704 bytes,      33944 total
- age   4:       4648 bytes,      38592 total
- age   5:       4704 bytes,      43296 total
- age   6:       4648 bytes,      47944 total
: 2215K->69K(2432K), 0.0006451 secs] 4711K->2569K(7936K), 0.0007187 secs] [Times: user=0.00 sys=0.00, real=0.00 secs] 
2017-07-06T17:38:24.479+0900: 10.556: [GC2017-07-06T17:38:24.479+0900: 10.556: [ParNew
Desired survivor size 131072 bytes, new threshold 6 (max 6)
- age   1:      16384 bytes,      16384 total
- age   2:       4784 bytes,      21168 total
- age   3:       4704 bytes,      25872 total
- age   4:       4704 bytes,      30576 total
- age   5:       4648 bytes,      35224 total
- age   6:       4704 bytes,      39928 total
: 2245K->63K(2432K), 0.0006489 secs] 4745K->2567K(7936K), 0.0007187 secs] [Times: user=0.00 sys=0.00, real=0.00 secs] 
2017-07-06T17:38:24.501+0900: 10.577: [GC2017-07-06T17:38:24.501+0900: 10.577: [ParNew
Desired survivor size 131072 bytes, new threshold 6 (max 6)
- age   1:      16384 bytes,      16384 total
- age   2:       4840 bytes,      21224 total
- age   3:       4648 bytes,      25872 total
- age   4:       4704 bytes,      30576 total
- age   5:       4704 bytes,      35280 total
- age   6:       4648 bytes,      39928 total
: 2239K->49K(2432K), 0.0006395 secs] 4743K->2558K(7936K), 0.0007097 secs] [Times: user=0.00 sys=0.00, real=0.00 secs] 
2017-07-06T17:38:24.522+0900: 10.599: [GC2017-07-06T17:38:24.522+0900: 10.599: [ParNew
Desired survivor size 131072 bytes, new threshold 6 (max 6)
- age   1:      24400 bytes,      24400 total
- age   2:       4840 bytes,      29240 total
- age   3:       4704 bytes,      33944 total
- age   4:       4648 bytes,      38592 total
- age   5:       4704 bytes,      43296 total
- age   6:       4704 bytes,      48000 total
: 2211K->64K(2432K), 0.0006296 secs] 4720K->2578K(7936K), 0.0006986 secs] [Times: user=0.00 sys=0.00, real=0.00 secs] 
2017-07-06T17:38:24.545+0900: 10.621: [GC2017-07-06T17:38:24.545+0900: 10.621: [ParNew
Desired survivor size 131072 bytes, new threshold 6 (max 6)
- age   1:      16384 bytes,      16384 total
- age   2:       4784 bytes,      21168 total
- age   3:       4704 bytes,      25872 total
- age   4:       4704 bytes,      30576 total
- age   5:       4648 bytes,      35224 total
- age   6:       4704 bytes,      39928 total
: 2233K->44K(2432K), 0.0030489 secs] 4746K->2562K(7936K), 0.0031756 secs] [Times: user=0.00 sys=0.00, real=0.00 secs] 
2017-07-06T17:38:24.569+0900: 10.646: [GC2017-07-06T17:38:24.569+0900: 10.646: [ParNew
Desired survivor size 131072 bytes, new threshold 6 (max 6)
- age   1:      24400 bytes,      24400 total
- age   2:       4840 bytes,      29240 total
- age   3:       4648 bytes,      33888 total
- age   4:       4704 bytes,      38592 total
- age   5:       4704 bytes,      43296 total
- age   6:       4648 bytes,      47944 total
: 2205K->72K(2432K), 0.0006986 secs] 4723K->2595K(7936K), 0.0007799 secs] [Times: user=0.00 sys=0.00, real=0.00 secs] 
2017-07-06T17:38:24.591+0900: 10.667: [GC2017-07-06T17:38:24.591+0900: 10.667: [ParNew
Desired survivor size 131072 bytes, new threshold 6 (max 6)
- age   1:      16384 bytes,      16384 total
- age   2:       4784 bytes,      21168 total
- age   3:       4704 bytes,      25872 total
- age   4:       4648 bytes,      30520 total
- age   5:       4704 bytes,      35224 total
- age   6:       4704 bytes,      39928 total
: 2248K->63K(2432K), 0.0006635 secs] 4771K->2591K(7936K), 0.0007448 secs] [Times: user=0.00 sys=0.00, real=0.00 secs] 
2017-07-06T17:38:24.613+0900: 10.689: [GC2017-07-06T17:38:24.613+0900: 10.689: [ParNew
Desired survivor size 131072 bytes, new threshold 6 (max 6)
- age   1:      16384 bytes,      16384 total
- age   2:       4840 bytes,      21224 total
- age   3:       4648 bytes,      25872 total
- age   4:       4704 bytes,      30576 total
- age   5:       4648 bytes,      35224 total
- age   6:       4704 bytes,      39928 total
: 2239K->49K(2432K), 0.0006579 secs] 4767K->2581K(7936K), 0.0007302 secs] [Times: user=0.00 sys=0.00, real=0.00 secs] 
2017-07-06T17:38:24.634+0900: 10.711: [GC2017-07-06T17:38:24.634+0900: 10.711: [ParNew
Desired survivor size 131072 bytes, new threshold 6 (max 6)
- age   1:      24400 bytes,      24400 total
- age   2:       4840 bytes,      29240 total
- age   3:       4704 bytes,      33944 total
- age   4:       4648 bytes,      38592 total
- age   5:       4704 bytes,      43296 total
- age   6:       4648 bytes,      47944 total
: 2212K->65K(2432K), 0.0006301 secs] 4744K->2601K(7936K), 0.0006994 secs] [Times: user=0.00 sys=0.00, real=0.00 secs] 
2017-07-06T17:38:24.657+0900: 10.733: [GC2017-07-06T17:38:24.657+0900: 10.733: [ParNew
Desired survivor size 131072 bytes, new threshold 6 (max 6)
- age   1:      16384 bytes,      16384 total
- age   2:       4784 bytes,      21168 total
- age   3:       4704 bytes,      25872 total
- age   4:       4704 bytes,      30576 total
- age   5:       4648 bytes,      35224 total
- age   6:       4704 bytes,      39928 total
: 2241K->62K(2432K), 0.0006973 secs] 4777K->2603K(7936K), 0.0007944 secs] [Times: user=0.00 sys=0.00, real=0.00 secs] 
2017-07-06T17:38:24.682+0900: 10.759: [GC2017-07-06T17:38:24.682+0900: 10.759: [ParNew
Desired survivor size 131072 bytes, new threshold 6 (max 6)
- age   1:      24400 bytes,      24400 total
- age   2:       4840 bytes,      29240 total
- age   3:       4648 bytes,      33888 total
- age   4:       4704 bytes,      38592 total
- age   5:       4704 bytes,      43296 total
- age   6:       4648 bytes,      47944 total
: 2222K->57K(2432K), 0.0006879 secs] 4763K->2602K(7936K), 0.0007739 secs] [Times: user=0.00 sys=0.00, real=0.00 secs] 
2017-07-06T17:38:24.704+0900: 10.780: [GC2017-07-06T17:38:24.704+0900: 10.780: [ParNew
Desired survivor size 131072 bytes, new threshold 6 (max 6)
- age   1:      16384 bytes,      16384 total
- age   2:       4784 bytes,      21168 total
- age   3:       4704 bytes,      25872 total
- age   4:       4648 bytes,      30520 total
- age   5:       4704 bytes,      35224 total
- age   6:       4704 bytes,      39928 total
: 2233K->50K(2432K), 0.0006630 secs] 4778K->2600K(7936K), 0.0007371 secs] [Times: user=0.00 sys=0.00, real=0.00 secs] 
2017-07-06T17:38:24.725+0900: 10.802: [GC2017-07-06T17:38:24.726+0900: 10.802: [ParNew
Desired survivor size 131072 bytes, new threshold 6 (max 6)
- age   1:      24400 bytes,      24400 total
- age   2:       4840 bytes,      29240 total
- age   3:       4648 bytes,      33888 total
- age   4:       4704 bytes,      38592 total
- age   5:       4648 bytes,      43240 total
- age   6:       4704 bytes,      47944 total
: 2211K->68K(2432K), 0.0006562 secs] 4761K->2623K(7936K), 0.0007371 secs] [Times: user=0.00 sys=0.00, real=0.00 secs] 
2017-07-06T17:38:24.747+0900: 10.824: [GC2017-07-06T17:38:24.747+0900: 10.824: [ParNew
Desired survivor size 131072 bytes, new threshold 6 (max 6)
- age   1:      16384 bytes,      16384 total
- age   2:       4784 bytes,      21168 total
- age   3:       4704 bytes,      25872 total
- age   4:       4648 bytes,      30520 total
- age   5:       4704 bytes,      35224 total
- age   6:       4648 bytes,      39872 total
: 2244K->63K(2432K), 0.0006622 secs] 4799K->2622K(7936K), 0.0007405 secs] [Times: user=0.00 sys=0.00, real=0.00 secs] 
2017-07-06T17:38:24.770+0900: 10.847: [GC2017-07-06T17:38:24.771+0900: 10.847: [ParNew
Desired survivor size 131072 bytes, new threshold 6 (max 6)
- age   1:      24400 bytes,      24400 total
- age   2:       4840 bytes,      29240 total
- age   3:       4648 bytes,      33888 total
- age   4:       4704 bytes,      38592 total
- age   5:       4648 bytes,      43240 total
- age   6:       4704 bytes,      47944 total
: 2224K->57K(2432K), 0.0007213 secs] 4783K->2621K(7936K), 0.0008141 secs] [Times: user=0.00 sys=0.00, real=0.00 secs] 
2017-07-06T17:38:24.795+0900: 10.872: [GC2017-07-06T17:38:24.795+0900: 10.872: [ParNew
Desired survivor size 131072 bytes, new threshold 6 (max 6)
- age   1:      16384 bytes,      16384 total
- age   2:       4784 bytes,      21168 total
- age   3:       4704 bytes,      25872 total
- age   4:       4648 bytes,      30520 total
- age   5:       4704 bytes,      35224 total
- age   6:       4648 bytes,      39872 total
: 2233K->50K(2432K), 0.0007007 secs] 4797K->2619K(7936K), 0.0007820 secs] [Times: user=0.00 sys=0.00, real=0.00 secs] 
2017-07-06T17:38:24.817+0900: 10.893: [GC2017-07-06T17:38:24.817+0900: 10.894: [ParNew
Desired survivor size 131072 bytes, new threshold 6 (max 6)
- age   1:      16384 bytes,      16384 total
- age   2:       4840 bytes,      21224 total
- age   3:       4648 bytes,      25872 total
- age   4:       4704 bytes,      30576 total
- age   5:       4648 bytes,      35224 total
- age   6:       4704 bytes,      39928 total
: 2226K->53K(2432K), 0.0006622 secs] 4795K->2626K(7936K), 0.0007341 secs] [Times: user=0.00 sys=0.00, real=0.00 secs] 
2017-07-06T17:38:24.838+0900: 10.915: [GC2017-07-06T17:38:24.838+0900: 10.915: [ParNew
Desired survivor size 131072 bytes, new threshold 6 (max 6)
- age   1:      24400 bytes,      24400 total
- age   2:       4840 bytes,      29240 total
- age   3:       4704 bytes,      33944 total
- age   4:       4648 bytes,      38592 total
- age   5:       4704 bytes,      43296 total
- age   6:       4648 bytes,      47944 total
: 2215K->69K(2432K), 0.0006331 secs] 4788K->2647K(7936K), 0.0007058 secs] [Times: user=0.00 sys=0.00, real=0.00 secs] 
2017-07-06T17:38:24.860+0900: 10.936: [GC2017-07-06T17:38:24.860+0900: 10.936: [ParNew
Desired survivor size 131072 bytes, new threshold 6 (max 6)
- age   1:      16384 bytes,      16384 total
- age   2:       4784 bytes,      21168 total
- age   3:       4704 bytes,      25872 total
- age   4:       4704 bytes,      30576 total
- age   5:       4648 bytes,      35224 total
- age   6:       4704 bytes,      39928 total
: 2237K->63K(2432K), 0.0006613 secs] 4815K->2645K(7936K), 0.0007315 secs] [Times: user=0.00 sys=0.00, real=0.00 secs] 
2017-07-06T17:38:24.883+0900: 10.960: [GC2017-07-06T17:38:24.883+0900: 10.960: [ParNew
Desired survivor size 131072 bytes, new threshold 6 (max 6)
- age   1:      24400 bytes,      24400 total
- age   2:       4840 bytes,      29240 total
- age   3:       4648 bytes,      33888 total
- age   4:       4704 bytes,      38592 total
- age   5:       4704 bytes,      43296 total
- age   6:       4648 bytes,      47944 total
: 2224K->47K(2432K), 0.0006870 secs] 4806K->2633K(7936K), 0.0007662 secs] [Times: user=0.00 sys=0.00, real=0.00 secs] 
2017-07-06T17:38:24.910+0900: 10.987: [GC2017-07-06T17:38:24.910+0900: 10.987: [ParNew
Desired survivor size 131072 bytes, new threshold 6 (max 6)
- age   1:      16384 bytes,      16384 total
- age   2:       4784 bytes,      21168 total
- age   3:       4704 bytes,      25872 total
- age   4:       4648 bytes,      30520 total
- age   5:       4704 bytes,      35224 total
- age   6:       4704 bytes,      39928 total
: 2223K->50K(2432K), 0.0007041 secs] 4809K->2641K(7936K), 0.0007833 secs] [Times: user=0.00 sys=0.00, real=0.00 secs] 
2017-07-06T17:38:24.932+0900: 11.009: [GC2017-07-06T17:38:24.932+0900: 11.009: [ParNew
Desired survivor size 131072 bytes, new threshold 6 (max 6)
- age   1:      16384 bytes,      16384 total
- age   2:       4840 bytes,      21224 total
- age   3:       4648 bytes,      25872 total
- age   4:       4704 bytes,      30576 total
- age   5:       4648 bytes,      35224 total
- age   6:       4704 bytes,      39928 total
: 2226K->53K(2432K), 0.0006772 secs] 4817K->2649K(7936K), 0.0007525 secs] [Times: user=0.00 sys=0.00, real=0.00 secs] 
2017-07-06T17:38:24.953+0900: 11.030: [GC2017-07-06T17:38:24.953+0900: 11.030: [ParNew
Desired survivor size 131072 bytes, new threshold 6 (max 6)
- age   1:      24400 bytes,      24400 total
- age   2:       4840 bytes,      29240 total
- age   3:       4704 bytes,      33944 total
- age   4:       4648 bytes,      38592 total
- age   5:       4704 bytes,      43296 total
- age   6:       4648 bytes,      47944 total
: 2215K->69K(2432K), 0.0006528 secs] 4811K->2670K(7936K), 0.0007328 secs] [Times: user=0.00 sys=0.00, real=0.00 secs] 
2017-07-06T17:38:24.975+0900: 11.052: [GC2017-07-06T17:38:24.975+0900: 11.052: [ParNew
Desired survivor size 131072 bytes, new threshold 6 (max 6)
- age   1:      16384 bytes,      16384 total
- age   2:       4784 bytes,      21168 total
- age   3:       4704 bytes,      25872 total
- age   4:       4704 bytes,      30576 total
- age   5:       4648 bytes,      35224 total
- age   6:       4704 bytes,      39928 total
: 2245K->63K(2432K), 0.0006917 secs] 4846K->2668K(7936K), 0.0007700 secs] [Times: user=0.00 sys=0.00, real=0.00 secs] 
2017-07-06T17:38:25.000+0900: 11.077: [GC2017-07-06T17:38:25.000+0900: 11.077: [ParNew
Desired survivor size 131072 bytes, new threshold 6 (max 6)
- age   1:      16384 bytes,      16384 total
- age   2:       4840 bytes,      21224 total
- age   3:       4648 bytes,      25872 total
- age   4:       4704 bytes,      30576 total
- age   5:       4704 bytes,      35280 total
- age   6:       4648 bytes,      39928 total
: 2239K->49K(2432K), 0.0007127 secs] 4844K->2659K(7936K), 0.0008009 secs] [Times: user=0.00 sys=0.00, real=0.00 secs] 
2017-07-06T17:38:25.025+0900: 11.101: [GC2017-07-06T17:38:25.025+0900: 11.101: [ParNew
Desired survivor size 131072 bytes, new threshold 6 (max 6)
- age   1:      24400 bytes,      24400 total
- age   2:       4840 bytes,      29240 total
- age   3:       4704 bytes,      33944 total
- age   4:       4648 bytes,      38592 total
- age   5:       4704 bytes,      43296 total
- age   6:       4704 bytes,      48000 total
: 2211K->64K(2432K), 0.0006939 secs] 4821K->2679K(7936K), 0.0007726 secs] [Times: user=0.00 sys=0.00, real=0.00 secs] 
2017-07-06T17:38:25.047+0900: 11.123: [GC2017-07-06T17:38:25.047+0900: 11.123: [ParNew
Desired survivor size 131072 bytes, new threshold 6 (max 6)
- age   1:      16384 bytes,      16384 total
- age   2:       4784 bytes,      21168 total
- age   3:       4704 bytes,      25872 total
- age   4:       4704 bytes,      30576 total
- age   5:       4648 bytes,      35224 total
- age   6:       4704 bytes,      39928 total
: 2233K->62K(2432K), 0.0006874 secs] 4847K->2681K(7936K), 0.0007658 secs] [Times: user=0.00 sys=0.00, real=0.00 secs] 
2017-07-06T17:38:25.068+0900: 11.145: [GC2017-07-06T17:38:25.068+0900: 11.145: [ParNew
Desired survivor size 131072 bytes, new threshold 6 (max 6)
- age   1:      24400 bytes,      24400 total
- age   2:       4840 bytes,      29240 total
- age   3:       4648 bytes,      33888 total
- age   4:       4704 bytes,      38592 total
- age   5:       4704 bytes,      43296 total
- age   6:       4648 bytes,      47944 total
: 2224K->57K(2432K), 0.0006511 secs] 4842K->2680K(7936K), 0.0007247 secs] [Times: user=0.00 sys=0.00, real=0.00 secs] 
2017-07-06T17:38:25.090+0900: 11.167: [GC2017-07-06T17:38:25.090+0900: 11.167: [ParNew
Desired survivor size 131072 bytes, new threshold 6 (max 6)
- age   1:      16384 bytes,      16384 total
- age   2:       4784 bytes,      21168 total
- age   3:       4704 bytes,      25872 total
- age   4:       4648 bytes,      30520 total
- age   5:       4704 bytes,      35224 total
- age   6:       4704 bytes,      39928 total
: 2233K->50K(2432K), 0.0006391 secs] 4856K->2678K(7936K), 0.0007148 secs] [Times: user=0.00 sys=0.00, real=0.00 secs] 
2017-07-06T17:38:25.116+0900: 11.192: [GC2017-07-06T17:38:25.116+0900: 11.192: [ParNew
Desired survivor size 131072 bytes, new threshold 6 (max 6)
- age   1:      16384 bytes,      16384 total
- age   2:       4840 bytes,      21224 total
- age   3:       4648 bytes,      25872 total
- age   4:       4704 bytes,      30576 total
- age   5:       4648 bytes,      35224 total
- age   6:       4704 bytes,      39928 total
: 2226K->53K(2432K), 0.0007024 secs] 4854K->2686K(7936K), 0.0007807 secs] [Times: user=0.00 sys=0.00, real=0.00 secs] 
2017-07-06T17:38:25.137+0900: 11.214: [GC2017-07-06T17:38:25.137+0900: 11.214: [ParNew
Desired survivor size 131072 bytes, new threshold 6 (max 6)
- age   1:      24400 bytes,      24400 total
- age   2:       4840 bytes,      29240 total
- age   3:       4704 bytes,      33944 total
- age   4:       4648 bytes,      38592 total
- age   5:       4704 bytes,      43296 total
- age   6:       4648 bytes,      47944 total
: 2216K->69K(2432K), 0.0006660 secs] 4848K->2706K(7936K), 0.0007409 secs] [Times: user=0.00 sys=0.00, real=0.00 secs] 
2017-07-06T17:38:25.159+0900: 11.236: [GC2017-07-06T17:38:25.159+0900: 11.236: [ParNew
Desired survivor size 131072 bytes, new threshold 6 (max 6)
- age   1:      16384 bytes,      16384 total
- age   2:       4784 bytes,      21168 total
- age   3:       4704 bytes,      25872 total
- age   4:       4704 bytes,      30576 total
- age   5:       4648 bytes,      35224 total
- age   6:       4704 bytes,      39928 total
: 2245K->63K(2432K), 0.0006558 secs] 4882K->2705K(7936K), 0.0007315 secs] [Times: user=0.03 sys=0.00, real=0.00 secs] 
2017-07-06T17:38:25.180+0900: 11.257: [GC2017-07-06T17:38:25.181+0900: 11.257: [ParNew
Desired survivor size 131072 bytes, new threshold 6 (max 6)
- age   1:      24400 bytes,      24400 total
- age   2:       4840 bytes,      29240 total
- age   3:       4648 bytes,      33888 total
- age   4:       4704 bytes,      38592 total
- age   5:       4704 bytes,      43296 total
- age   6:       4648 bytes,      47944 total
: 2223K->57K(2432K), 0.0006408 secs] 4864K->2703K(7936K), 0.0007157 secs] [Times: user=0.00 sys=0.00, real=0.00 secs] 
2017-07-06T17:38:25.202+0900: 11.279: [GC2017-07-06T17:38:25.202+0900: 11.279: [ParNew
Desired survivor size 131072 bytes, new threshold 6 (max 6)
- age   1:      16384 bytes,      16384 total
- age   2:       4784 bytes,      21168 total
- age   3:       4704 bytes,      25872 total
- age   4:       4648 bytes,      30520 total
- age   5:       4704 bytes,      35224 total
- age   6:       4704 bytes,      39928 total
: 2233K->50K(2432K), 0.0006361 secs] 4879K->2701K(7936K), 0.0007050 secs] [Times: user=0.00 sys=0.00, real=0.00 secs] 
2017-07-06T17:38:25.224+0900: 11.301: [GC2017-07-06T17:38:25.224+0900: 11.301: [ParNew
Desired survivor size 131072 bytes, new threshold 6 (max 6)
- age   1:      24400 bytes,      24400 total
- age   2:       4840 bytes,      29240 total
- age   3:       4648 bytes,      33888 total
- age   4:       4704 bytes,      38592 total
- age   5:       4648 bytes,      43240 total
- age   6:       4704 bytes,      47944 total
: 2211K->68K(2432K), 0.0006921 secs] 4861K->2724K(7936K), 0.0007752 secs] [Times: user=0.00 sys=0.00, real=0.00 secs] 
2017-07-06T17:38:25.252+0900: 11.329: [GC2017-07-06T17:38:25.252+0900: 11.329: [ParNew
Desired survivor size 131072 bytes, new threshold 6 (max 6)
- age   1:      16384 bytes,      16384 total
- age   2:       4784 bytes,      21168 total
- age   3:       4704 bytes,      25872 total
- age   4:       4648 bytes,      30520 total
- age   5:       4704 bytes,      35224 total
- age   6:       4648 bytes,      39872 total
: 2244K->63K(2432K), 0.0007191 secs] 4900K->2723K(7936K), 0.0008039 secs] [Times: user=0.03 sys=0.00, real=0.00 secs] 
2017-07-06T17:38:25.273+0900: 11.350: [GC2017-07-06T17:38:25.274+0900: 11.350: [ParNew
Desired survivor size 131072 bytes, new threshold 6 (max 6)
- age   1:      24400 bytes,      24400 total
- age   2:       4840 bytes,      29240 total
- age   3:       4648 bytes,      33888 total
- age   4:       4704 bytes,      38592 total
- age   5:       4648 bytes,      43240 total
- age   6:       4704 bytes,      47944 total
: 2224K->57K(2432K), 0.0006613 secs] 4884K->2721K(7936K), 0.0007384 secs] [Times: user=0.00 sys=0.00, real=0.00 secs] 
2017-07-06T17:38:25.295+0900: 11.372: [GC2017-07-06T17:38:25.295+0900: 11.372: [ParNew
Desired survivor size 131072 bytes, new threshold 6 (max 6)
- age   1:      16384 bytes,      16384 total
- age   2:       4784 bytes,      21168 total
- age   3:       4704 bytes,      25872 total
- age   4:       4648 bytes,      30520 total
- age   5:       4704 bytes,      35224 total
- age   6:       4648 bytes,      39872 total
: 2233K->50K(2432K), 0.0006652 secs] 4897K->2719K(7936K), 0.0007388 secs] [Times: user=0.00 sys=0.00, real=0.00 secs] 
2017-07-06T17:38:25.317+0900: 11.394: [GC2017-07-06T17:38:25.317+0900: 11.394: [ParNew
Desired survivor size 131072 bytes, new threshold 6 (max 6)
- age   1:      16384 bytes,      16384 total
- age   2:       4840 bytes,      21224 total
- age   3:       4648 bytes,      25872 total
- age   4:       4704 bytes,      30576 total
- age   5:       4648 bytes,      35224 total
- age   6:       4704 bytes,      39928 total
: 2226K->53K(2432K), 0.0006523 secs] 4895K->2727K(7936K), 0.0007234 secs] [Times: user=0.00 sys=0.00, real=0.00 secs] 
2017-07-06T17:38:25.341+0900: 11.417: [GC2017-07-06T17:38:25.341+0900: 11.417: [ParNew
Desired survivor size 131072 bytes, new threshold 6 (max 6)
- age   1:      24400 bytes,      24400 total
- age   2:       4840 bytes,      29240 total
- age   3:       4704 bytes,      33944 total
- age   4:       4648 bytes,      38592 total
- age   5:       4704 bytes,      43296 total
- age   6:       4648 bytes,      47944 total
: 2215K->54K(2432K), 0.0009665 secs] 4889K->2732K(7936K), 0.0010603 secs] [Times: user=0.00 sys=0.00, real=0.00 secs] 
2017-07-06T17:38:25.366+0900: 11.443: [GC2017-07-06T17:38:25.366+0900: 11.443: [ParNew
Desired survivor size 131072 bytes, new threshold 6 (max 6)
- age   1:      16384 bytes,      16384 total
- age   2:       4784 bytes,      21168 total
- age   3:       4704 bytes,      25872 total
- age   4:       4704 bytes,      30576 total
- age   5:       4648 bytes,      35224 total
- age   6:       4704 bytes,      39928 total
: 2222K->63K(2432K), 0.0007016 secs] 4900K->2746K(7936K), 0.0007842 secs] [Times: user=0.00 sys=0.00, real=0.00 secs] 
2017-07-06T17:38:25.388+0900: 11.464: [GC2017-07-06T17:38:25.388+0900: 11.464: [ParNew
Desired survivor size 131072 bytes, new threshold 6 (max 6)
- age   1:      24400 bytes,      24400 total
- age   2:       4840 bytes,      29240 total
- age   3:       4648 bytes,      33888 total
- age   4:       4704 bytes,      38592 total
- age   5:       4704 bytes,      43296 total
- age   6:       4648 bytes,      47944 total
: 2224K->47K(2432K), 0.0006609 secs] 4907K->2734K(7936K), 0.0007375 secs] [Times: user=0.00 sys=0.00, real=0.00 secs] 
2017-07-06T17:38:25.409+0900: 11.486: [GC2017-07-06T17:38:25.409+0900: 11.486: [ParNew
Desired survivor size 131072 bytes, new threshold 6 (max 6)
- age   1:      16384 bytes,      16384 total
- age   2:       4784 bytes,      21168 total
- age   3:       4704 bytes,      25872 total
- age   4:       4648 bytes,      30520 total
- age   5:       4704 bytes,      35224 total
- age   6:       4704 bytes,      39928 total
: 2223K->50K(2432K), 0.0006797 secs] 4910K->2742K(7936K), 0.0007521 secs] [Times: user=0.00 sys=0.00, real=0.00 secs] 
2017-07-06T17:38:25.431+0900: 11.508: [GC2017-07-06T17:38:25.431+0900: 11.508: [ParNew
Desired survivor size 131072 bytes, new threshold 6 (max 6)
- age   1:      16384 bytes,      16384 total
- age   2:       4840 bytes,      21224 total
- age   3:       4648 bytes,      25872 total
- age   4:       4704 bytes,      30576 total
- age   5:       4648 bytes,      35224 total
- age   6:       4704 bytes,      39928 total
: 2226K->53K(2432K), 0.0006639 secs] 4918K->2750K(7936K), 0.0007401 secs] [Times: user=0.00 sys=0.00, real=0.00 secs] 
2017-07-06T17:38:25.455+0900: 11.532: [GC2017-07-06T17:38:25.455+0900: 11.532: [ParNew
Desired survivor size 131072 bytes, new threshold 6 (max 6)
- age   1:      24400 bytes,      24400 total
- age   2:       4840 bytes,      29240 total
- age   3:       4704 bytes,      33944 total
- age   4:       4648 bytes,      38592 total
- age   5:       4704 bytes,      43296 total
- age   6:       4648 bytes,      47944 total
: 2215K->69K(2432K), 0.0006844 secs] 4912K->2770K(7936K), 0.0007632 secs] [Times: user=0.03 sys=0.00, real=0.00 secs] 
2017-07-06T17:38:25.480+0900: 11.557: [GC2017-07-06T17:38:25.480+0900: 11.557: [ParNew
Desired survivor size 131072 bytes, new threshold 6 (max 6)
- age   1:      16384 bytes,      16384 total
- age   2:       4784 bytes,      21168 total
- age   3:       4704 bytes,      25872 total
- age   4:       4704 bytes,      30576 total
- age   5:       4648 bytes,      35224 total
- age   6:       4704 bytes,      39928 total
: 2245K->63K(2432K), 0.0008492 secs] 4946K->2768K(7936K), 0.0009447 secs] [Times: user=0.00 sys=0.00, real=0.00 secs] 
2017-07-06T17:38:25.502+0900: 11.579: [GC2017-07-06T17:38:25.502+0900: 11.579: [ParNew
Desired survivor size 131072 bytes, new threshold 6 (max 6)
- age   1:      16384 bytes,      16384 total
- age   2:       4840 bytes,      21224 total
- age   3:       4648 bytes,      25872 total
- age   4:       4704 bytes,      30576 total
- age   5:       4704 bytes,      35280 total
- age   6:       4648 bytes,      39928 total
: 2239K->49K(2432K), 0.0006729 secs] 4944K->2759K(7936K), 0.0007482 secs] [Times: user=0.03 sys=0.00, real=0.00 secs] 
2017-07-06T17:38:25.524+0900: 11.600: [GC2017-07-06T17:38:25.524+0900: 11.600: [ParNew
Desired survivor size 131072 bytes, new threshold 6 (max 6)
- age   1:      24400 bytes,      24400 total
- age   2:       4840 bytes,      29240 total
- age   3:       4704 bytes,      33944 total
- age   4:       4648 bytes,      38592 total
- age   5:       4704 bytes,      43296 total
- age   6:       4704 bytes,      48000 total
: 2211K->64K(2432K), 0.0006579 secs] 4922K->2779K(7936K), 0.0007307 secs] [Times: user=0.00 sys=0.00, real=0.00 secs] 
2017-07-06T17:38:25.545+0900: 11.622: [GC2017-07-06T17:38:25.545+0900: 11.622: [ParNew
Desired survivor size 131072 bytes, new threshold 6 (max 6)
- age   1:      16384 bytes,      16384 total
- age   2:       4784 bytes,      21168 total
- age   3:       4704 bytes,      25872 total
- age   4:       4704 bytes,      30576 total
- age   5:       4648 bytes,      35224 total
- age   6:       4704 bytes,      39928 total
: 2233K->62K(2432K), 0.0006485 secs] 4947K->2781K(7936K), 0.0007191 secs] [Times: user=0.00 sys=0.00, real=0.00 secs] 
2017-07-06T17:38:25.570+0900: 11.646: [GC2017-07-06T17:38:25.570+0900: 11.646: [ParNew
Desired survivor size 131072 bytes, new threshold 6 (max 6)
- age   1:      24400 bytes,      24400 total
- age   2:       4840 bytes,      29240 total
- age   3:       4648 bytes,      33888 total
- age   4:       4704 bytes,      38592 total
- age   5:       4704 bytes,      43296 total
- age   6:       4648 bytes,      47944 total
: 2224K->57K(2432K), 0.0006870 secs] 4943K->2781K(7936K), 0.0007653 secs] [Times: user=0.00 sys=0.00, real=0.00 secs] 
2017-07-06T17:38:25.592+0900: 11.669: [GC2017-07-06T17:38:25.592+0900: 11.669: [ParNew
Desired survivor size 131072 bytes, new threshold 6 (max 6)
- age   1:      16384 bytes,      16384 total
- age   2:       4784 bytes,      21168 total
- age   3:       4704 bytes,      25872 total
- age   4:       4648 bytes,      30520 total
- age   5:       4704 bytes,      35224 total
- age   6:       4704 bytes,      39928 total
: 2233K->50K(2432K), 0.0007024 secs] 4957K->2779K(7936K), 0.0007842 secs] [Times: user=0.00 sys=0.00, real=0.00 secs] 
2017-07-06T17:38:25.615+0900: 11.691: [GC2017-07-06T17:38:25.615+0900: 11.691: [ParNew
Desired survivor size 131072 bytes, new threshold 6 (max 6)
- age   1:      16384 bytes,      16384 total
- age   2:       4840 bytes,      21224 total
- age   3:       4648 bytes,      25872 total
- age   4:       4704 bytes,      30576 total
- age   5:       4648 bytes,      35224 total
- age   6:       4704 bytes,      39928 total
: 2226K->53K(2432K), 0.0006669 secs] 4955K->2786K(7936K), 0.0007422 secs] [Times: user=0.00 sys=0.00, real=0.00 secs] 
2017-07-06T17:38:25.636+0900: 11.713: [GC2017-07-06T17:38:25.636+0900: 11.713: [ParNew
Desired survivor size 131072 bytes, new threshold 6 (max 6)
- age   1:      24400 bytes,      24400 total
- age   2:       4840 bytes,      29240 total
- age   3:       4704 bytes,      33944 total
- age   4:       4648 bytes,      38592 total
- age   5:       4704 bytes,      43296 total
- age   6:       4648 bytes,      47944 total
: 2216K->69K(2432K), 0.0006391 secs] 4949K->2807K(7936K), 0.0007110 secs] [Times: user=0.00 sys=0.00, real=0.00 secs] 
2017-07-06T17:38:25.658+0900: 11.734: [GC2017-07-06T17:38:25.658+0900: 11.734: [ParNew
Desired survivor size 131072 bytes, new threshold 6 (max 6)
- age   1:      16384 bytes,      16384 total
- age   2:       4784 bytes,      21168 total
- age   3:       4704 bytes,      25872 total
- age   4:       4704 bytes,      30576 total
- age   5:       4648 bytes,      35224 total
- age   6:       4704 bytes,      39928 total
: 2245K->63K(2432K), 0.0006284 secs] 4983K->2805K(7936K), 0.0006994 secs] [Times: user=0.00 sys=0.00, real=0.00 secs] 
2017-07-06T17:38:25.682+0900: 11.759: [GC2017-07-06T17:38:25.682+0900: 11.759: [ParNew
Desired survivor size 131072 bytes, new threshold 6 (max 6)
- age   1:      24400 bytes,      24400 total
- age   2:       4840 bytes,      29240 total
- age   3:       4648 bytes,      33888 total
- age   4:       4704 bytes,      38592 total
- age   5:       4704 bytes,      43296 total
- age   6:       4648 bytes,      47944 total
: 2223K->47K(2432K), 0.0006900 secs] 4965K->2793K(7936K), 0.0007671 secs] [Times: user=0.00 sys=0.00, real=0.00 secs] 
2017-07-06T17:38:25.705+0900: 11.782: [GC2017-07-06T17:38:25.706+0900: 11.782: [ParNew
Desired survivor size 131072 bytes, new threshold 6 (max 6)
- age   1:      16384 bytes,      16384 total
- age   2:       4784 bytes,      21168 total
- age   3:       4704 bytes,      25872 total
- age   4:       4648 bytes,      30520 total
- age   5:       4704 bytes,      35224 total
- age   6:       4704 bytes,      39928 total
: 2223K->50K(2432K), 0.0006883 secs] 4969K->2801K(7936K), 0.0007696 secs] [Times: user=0.02 sys=0.00, real=0.00 secs] 
2017-07-06T17:38:25.727+0900: 11.804: [GC2017-07-06T17:38:25.727+0900: 11.804: [ParNew
Desired survivor size 131072 bytes, new threshold 6 (max 6)
- age   1:      24400 bytes,      24400 total
- age   2:       4840 bytes,      29240 total
- age   3:       4648 bytes,      33888 total
- age   4:       4704 bytes,      38592 total
- age   5:       4648 bytes,      43240 total
- age   6:       4704 bytes,      47944 total
: 2211K->68K(2432K), 0.0006707 secs] 4962K->2824K(7936K), 0.0007444 secs] [Times: user=0.00 sys=0.00, real=0.00 secs] 
2017-07-06T17:38:25.749+0900: 11.826: [GC2017-07-06T17:38:25.749+0900: 11.826: [ParNew
Desired survivor size 131072 bytes, new threshold 6 (max 6)
- age   1:      16384 bytes,      16384 total
- age   2:       4784 bytes,      21168 total
- age   3:       4704 bytes,      25872 total
- age   4:       4648 bytes,      30520 total
- age   5:       4704 bytes,      35224 total
- age   6:       4648 bytes,      39872 total
: 2244K->63K(2432K), 0.0006789 secs] 5000K->2823K(7936K), 0.0007512 secs] [Times: user=0.00 sys=0.00, real=0.00 secs] 
2017-07-06T17:38:25.771+0900: 11.847: [GC2017-07-06T17:38:25.771+0900: 11.847: [ParNew
Desired survivor size 131072 bytes, new threshold 6 (max 6)
- age   1:      24400 bytes,      24400 total
- age   2:       4840 bytes,      29240 total
- age   3:       4648 bytes,      33888 total
- age   4:       4704 bytes,      38592 total
- age   5:       4648 bytes,      43240 total
- age   6:       4704 bytes,      47944 total
: 2224K->57K(2432K), 0.0006609 secs] 4984K->2822K(7936K), 0.0007375 secs] [Times: user=0.00 sys=0.00, real=0.00 secs] 
2017-07-06T17:38:25.799+0900: 11.875: [GC2017-07-06T17:38:25.799+0900: 11.875: [ParNew
Desired survivor size 131072 bytes, new threshold 6 (max 6)
- age   1:      16384 bytes,      16384 total
- age   2:       4784 bytes,      21168 total
- age   3:       4704 bytes,      25872 total
- age   4:       4648 bytes,      30520 total
- age   5:       4704 bytes,      35224 total
- age   6:       4648 bytes,      39872 total
: 2233K->50K(2432K), 0.0007778 secs] 4998K->2820K(7936K), 0.0008711 secs] [Times: user=0.00 sys=0.00, real=0.00 secs] 
2017-07-06T17:38:25.821+0900: 11.897: [GC2017-07-06T17:38:25.821+0900: 11.897: [ParNew
Desired survivor size 131072 bytes, new threshold 6 (max 6)
- age   1:      16384 bytes,      16384 total
- age   2:       4840 bytes,      21224 total
- age   3:       4648 bytes,      25872 total
- age   4:       4704 bytes,      30576 total
- age   5:       4648 bytes,      35224 total
- age   6:       4704 bytes,      39928 total
: 2226K->53K(2432K), 0.0006673 secs] 4996K->2827K(7936K), 0.0007409 secs] [Times: user=0.00 sys=0.00, real=0.00 secs] 
2017-07-06T17:38:25.842+0900: 11.919: [GC2017-07-06T17:38:25.842+0900: 11.919: [ParNew
Desired survivor size 131072 bytes, new threshold 6 (max 6)
- age   1:      24400 bytes,      24400 total
- age   2:       4840 bytes,      29240 total
- age   3:       4704 bytes,      33944 total
- age   4:       4648 bytes,      38592 total
- age   5:       4704 bytes,      43296 total
- age   6:       4648 bytes,      47944 total
: 2215K->69K(2432K), 0.0006442 secs] 4989K->2848K(7936K), 0.0007178 secs] [Times: user=0.00 sys=0.00, real=0.00 secs] 
2017-07-06T17:38:25.864+0900: 11.940: [GC2017-07-06T17:38:25.864+0900: 11.940: [ParNew
Desired survivor size 131072 bytes, new threshold 6 (max 6)
- age   1:      16384 bytes,      16384 total
- age   2:       4784 bytes,      21168 total
- age   3:       4704 bytes,      25872 total
- age   4:       4704 bytes,      30576 total
- age   5:       4648 bytes,      35224 total
- age   6:       4704 bytes,      39928 total
: 2237K->63K(2432K), 0.0006579 secs] 5016K->2846K(7936K), 0.0007281 secs] [Times: user=0.00 sys=0.00, real=0.00 secs] 
2017-07-06T17:38:25.887+0900: 11.964: [GC2017-07-06T17:38:25.887+0900: 11.964: [ParNew
Desired survivor size 131072 bytes, new threshold 6 (max 6)
- age   1:      24400 bytes,      24400 total
- age   2:       4840 bytes,      29240 total
- age   3:       4648 bytes,      33888 total
- age   4:       4704 bytes,      38592 total
- age   5:       4704 bytes,      43296 total
- age   6:       4648 bytes,      47944 total
: 2224K->47K(2432K), 0.0006836 secs] 5007K->2835K(7936K), 0.0007589 secs] [Times: user=0.00 sys=0.00, real=0.00 secs] 
2017-07-06T17:38:25.909+0900: 11.986: [GC2017-07-06T17:38:25.909+0900: 11.986: [ParNew
Desired survivor size 131072 bytes, new threshold 6 (max 6)
- age   1:      16384 bytes,      16384 total
- age   2:       4784 bytes,      21168 total
- age   3:       4704 bytes,      25872 total
- age   4:       4648 bytes,      30520 total
- age   5:       4704 bytes,      35224 total
- age   6:       4704 bytes,      39928 total
: 2223K->50K(2432K), 0.0006737 secs] 5011K->2843K(7936K), 0.0007469 secs] [Times: user=0.00 sys=0.00, real=0.00 secs] 
2017-07-06T17:38:25.931+0900: 12.007: [GC2017-07-06T17:38:25.931+0900: 12.008: [ParNew
Desired survivor size 131072 bytes, new threshold 6 (max 6)
- age   1:      16384 bytes,      16384 total
- age   2:       4840 bytes,      21224 total
- age   3:       4648 bytes,      25872 total
- age   4:       4704 bytes,      30576 total
- age   5:       4648 bytes,      35224 total
- age   6:       4704 bytes,      39928 total
: 2226K->53K(2432K), 0.0006618 secs] 5019K->2850K(7936K), 0.0007409 secs] [Times: user=0.00 sys=0.00, real=0.00 secs] 
2017-07-06T17:38:25.952+0900: 12.029: [GC2017-07-06T17:38:25.952+0900: 12.029: [ParNew
Desired survivor size 131072 bytes, new threshold 6 (max 6)
- age   1:      24400 bytes,      24400 total
- age   2:       4840 bytes,      29240 total
- age   3:       4704 bytes,      33944 total
- age   4:       4648 bytes,      38592 total
- age   5:       4704 bytes,      43296 total
- age   6:       4648 bytes,      47944 total
: 2215K->69K(2432K), 0.0006258 secs] 5012K->2871K(7936K), 0.0006956 secs] [Times: user=0.00 sys=0.00, real=0.00 secs] 
2017-07-06T17:38:25.974+0900: 12.050: [GC2017-07-06T17:38:25.974+0900: 12.051: [ParNew
Desired survivor size 131072 bytes, new threshold 6 (max 6)
- age   1:      16384 bytes,      16384 total
- age   2:       4784 bytes,      21168 total
- age   3:       4704 bytes,      25872 total
- age   4:       4704 bytes,      30576 total
- age   5:       4648 bytes,      35224 total
- age   6:       4704 bytes,      39928 total
: 2245K->63K(2432K), 0.0006219 secs] 5047K->2869K(7936K), 0.0006917 secs] [Times: user=0.00 sys=0.00, real=0.00 secs] 
2017-07-06T17:38:25.996+0900: 12.073: [GC2017-07-06T17:38:25.996+0900: 12.073: [ParNew
Desired survivor size 131072 bytes, new threshold 6 (max 6)
- age   1:      16384 bytes,      16384 total
- age   2:       4840 bytes,      21224 total
- age   3:       4648 bytes,      25872 total
- age   4:       4704 bytes,      30576 total
- age   5:       4704 bytes,      35280 total
- age   6:       4648 bytes,      39928 total
: 2239K->39K(2432K), 0.0011219 secs] 5045K->2849K(7936K), 0.0012208 secs] [Times: user=0.00 sys=0.00, real=0.00 secs] 
2017-07-06T17:38:26.021+0900: 12.098: [GC2017-07-06T17:38:26.021+0900: 12.098: [ParNew
Desired survivor size 131072 bytes, new threshold 6 (max 6)
- age   1:      24400 bytes,      24400 total
- age   2:       4840 bytes,      29240 total
- age   3:       4704 bytes,      33944 total
- age   4:       4648 bytes,      38592 total
- age   5:       4704 bytes,      43296 total
- age   6:       4704 bytes,      48000 total
: 2201K->64K(2432K), 0.0007105 secs] 5012K->2880K(7936K), 0.0007885 secs] [Times: user=0.00 sys=0.00, real=0.00 secs] 
2017-07-06T17:38:26.043+0900: 12.120: [GC2017-07-06T17:38:26.043+0900: 12.120: [ParNew
Desired survivor size 131072 bytes, new threshold 6 (max 6)
- age   1:      16384 bytes,      16384 total
- age   2:       4784 bytes,      21168 total
- age   3:       4704 bytes,      25872 total
- age   4:       4704 bytes,      30576 total
- age   5:       4648 bytes,      35224 total
- age   6:       4704 bytes,      39928 total
: 2233K->62K(2432K), 0.0006759 secs] 5048K->2882K(7936K), 0.0007504 secs] [Times: user=0.00 sys=0.00, real=0.00 secs] 
2017-07-06T17:38:26.065+0900: 12.142: [GC2017-07-06T17:38:26.065+0900: 12.142: [ParNew
Desired survivor size 131072 bytes, new threshold 6 (max 6)
- age   1:      24400 bytes,      24400 total
- age   2:       4840 bytes,      29240 total
- age   3:       4648 bytes,      33888 total
- age   4:       4704 bytes,      38592 total
- age   5:       4704 bytes,      43296 total
- age   6:       4648 bytes,      47944 total
: 2224K->57K(2432K), 0.0006575 secs] 5043K->2881K(7936K), 0.0007302 secs] [Times: user=0.00 sys=0.00, real=0.00 secs] 
2017-07-06T17:38:26.086+0900: 12.163: [GC2017-07-06T17:38:26.087+0900: 12.163: [ParNew
Desired survivor size 131072 bytes, new threshold 6 (max 6)
- age   1:      16384 bytes,      16384 total
- age   2:       4784 bytes,      21168 total
- age   3:       4704 bytes,      25872 total
- age   4:       4648 bytes,      30520 total
- age   5:       4704 bytes,      35224 total
- age   6:       4704 bytes,      39928 total
: 2233K->50K(2432K), 0.0006442 secs] 5057K->2879K(7936K), 0.0007140 secs] [Times: user=0.00 sys=0.00, real=0.00 secs] 
2017-07-06T17:38:26.112+0900: 12.189: [GC2017-07-06T17:38:26.112+0900: 12.189: [ParNew
Desired survivor size 131072 bytes, new threshold 6 (max 6)
- age   1:      16384 bytes,      16384 total
- age   2:       4840 bytes,      21224 total
- age   3:       4648 bytes,      25872 total
- age   4:       4704 bytes,      30576 total
- age   5:       4648 bytes,      35224 total
- age   6:       4704 bytes,      39928 total
: 2226K->53K(2432K), 0.0006832 secs] 5055K->2887K(7936K), 0.0008997 secs] [Times: user=0.00 sys=0.00, real=0.00 secs] 
2017-07-06T17:38:26.134+0900: 12.211: [GC2017-07-06T17:38:26.134+0900: 12.211: [ParNew
Desired survivor size 131072 bytes, new threshold 6 (max 6)
- age   1:      24400 bytes,      24400 total
- age   2:       4840 bytes,      29240 total
- age   3:       4704 bytes,      33944 total
- age   4:       4648 bytes,      38592 total
- age   5:       4704 bytes,      43296 total
- age   6:       4648 bytes,      47944 total
: 2216K->77K(2432K), 0.0006498 secs] 5049K->2915K(7936K), 0.0007242 secs] [Times: user=0.00 sys=0.00, real=0.00 secs] 
2017-07-06T17:38:26.156+0900: 12.232: [GC2017-07-06T17:38:26.156+0900: 12.232: [ParNew
Desired survivor size 131072 bytes, new threshold 6 (max 6)
- age   1:      16384 bytes,      16384 total
- age   2:       4784 bytes,      21168 total
- age   3:       4704 bytes,      25872 total
- age   4:       4704 bytes,      30576 total
- age   5:       4648 bytes,      35224 total
- age   6:       4704 bytes,      39928 total
: 2253K->46K(2432K), 0.0006130 secs] 5091K->2889K(7936K), 0.0006857 secs] [Times: user=0.00 sys=0.00, real=0.00 secs] 
2017-07-06T17:38:26.177+0900: 12.254: [GC2017-07-06T17:38:26.177+0900: 12.254: [ParNew
Desired survivor size 131072 bytes, new threshold 6 (max 6)
- age   1:      24400 bytes,      24400 total
- age   2:       4840 bytes,      29240 total
- age   3:       4648 bytes,      33888 total
- age   4:       4704 bytes,      38592 total
- age   5:       4704 bytes,      43296 total
- age   6:       4648 bytes,      47944 total
: 2206K->64K(2432K), 0.0005796 secs] 5049K->2911K(7936K), 0.0006481 secs] [Times: user=0.00 sys=0.00, real=0.00 secs] 
2017-07-06T17:38:26.201+0900: 12.277: [GC2017-07-06T17:38:26.201+0900: 12.277: [ParNew
Desired survivor size 131072 bytes, new threshold 6 (max 6)
- age   1:      16384 bytes,      16384 total
- age   2:       4784 bytes,      21168 total
- age   3:       4704 bytes,      25872 total
- age   4:       4648 bytes,      30520 total
- age   5:       4704 bytes,      35224 total
- age   6:       4704 bytes,      39928 total
: 2240K->62K(2432K), 0.0006292 secs] 5087K->2914K(7936K), 0.0007187 secs] [Times: user=0.00 sys=0.00, real=0.00 secs] 
2017-07-06T17:38:26.223+0900: 12.299: [GC2017-07-06T17:38:26.223+0900: 12.299: [ParNew
Desired survivor size 131072 bytes, new threshold 6 (max 6)
- age   1:      24400 bytes,      24400 total
- age   2:       4840 bytes,      29240 total
- age   3:       4648 bytes,      33888 total
- age   4:       4704 bytes,      38592 total
- age   5:       4648 bytes,      43240 total
- age   6:       4704 bytes,      47944 total
: 2222K->57K(2432K), 0.0006108 secs] 5074K->2913K(7936K), 0.0006879 secs] [Times: user=0.00 sys=0.00, real=0.00 secs] 
2017-07-06T17:38:26.245+0900: 12.321: [GC2017-07-06T17:38:26.245+0900: 12.321: [ParNew
Desired survivor size 131072 bytes, new threshold 6 (max 6)
- age   1:      16384 bytes,      16384 total
- age   2:       4784 bytes,      21168 total
- age   3:       4704 bytes,      25872 total
- age   4:       4648 bytes,      30520 total
- age   5:       4704 bytes,      35224 total
- age   6:       4648 bytes,      39872 total
: 2233K->50K(2432K), 0.0006643 secs] 5089K->2911K(7936K), 0.0007392 secs] [Times: user=0.00 sys=0.00, real=0.00 secs] 
2017-07-06T17:38:26.266+0900: 12.343: [GC2017-07-06T17:38:26.266+0900: 12.343: [ParNew
Desired survivor size 131072 bytes, new threshold 6 (max 6)
- age   1:      24400 bytes,      24400 total
- age   2:       4840 bytes,      29240 total
- age   3:       4648 bytes,      33888 total
- age   4:       4704 bytes,      38592 total
- age   5:       4648 bytes,      43240 total
- age   6:       4704 bytes,      47944 total
: 2211K->68K(2432K), 0.0006528 secs] 5072K->2934K(7936K), 0.0007307 secs] [Times: user=0.03 sys=0.00, real=0.00 secs] 
2017-07-06T17:38:26.288+0900: 12.365: [GC2017-07-06T17:38:26.288+0900: 12.365: [ParNew
Desired survivor size 131072 bytes, new threshold 6 (max 6)
- age   1:      16384 bytes,      16384 total
- age   2:       4784 bytes,      21168 total
- age   3:       4704 bytes,      25872 total
- age   4:       4648 bytes,      30520 total
- age   5:       4704 bytes,      35224 total
- age   6:       4648 bytes,      39872 total
: 2244K->63K(2432K), 0.0006498 secs] 5110K->2933K(7936K), 0.0007247 secs] [Times: user=0.00 sys=0.00, real=0.00 secs] 
2017-07-06T17:38:26.310+0900: 12.387: [GC2017-07-06T17:38:26.310+0900: 12.387: [ParNew
Desired survivor size 131072 bytes, new threshold 6 (max 6)
- age   1:      16384 bytes,      16384 total
- age   2:       4840 bytes,      21224 total
- age   3:       4648 bytes,      25872 total
- age   4:       4704 bytes,      30576 total
- age   5:       4648 bytes,      35224 total
- age   6:       4704 bytes,      39928 total
: 2239K->49K(2432K), 0.0006849 secs] 5109K->2924K(7936K), 0.0007688 secs] [Times: user=0.00 sys=0.00, real=0.00 secs] 
2017-07-06T17:38:26.336+0900: 12.412: [GC2017-07-06T17:38:26.336+0900: 12.412: [ParNew
Desired survivor size 131072 bytes, new threshold 6 (max 6)
- age   1:      24400 bytes,      24400 total
- age   2:       4840 bytes,      29240 total
- age   3:       4704 bytes,      33944 total
- age   4:       4648 bytes,      38592 total
- age   5:       4704 bytes,      43296 total
- age   6:       4648 bytes,      47944 total
: 2211K->64K(2432K), 0.0007046 secs] 5086K->2944K(7936K), 0.0007855 secs] [Times: user=0.00 sys=0.00, real=0.00 secs] 
2017-07-06T17:38:26.357+0900: 12.434: [GC2017-07-06T17:38:26.357+0900: 12.434: [ParNew
Desired survivor size 131072 bytes, new threshold 6 (max 6)
- age   1:      16384 bytes,      16384 total
- age   2:       4784 bytes,      21168 total
- age   3:       4704 bytes,      25872 total
- age   4:       4704 bytes,      30576 total
- age   5:       4648 bytes,      35224 total
- age   6:       4704 bytes,      39928 total
: 2233K->62K(2432K), 0.0006725 secs] 5112K->2946K(7936K), 0.0007666 secs] [Times: user=0.00 sys=0.00, real=0.00 secs] 
2017-07-06T17:38:26.379+0900: 12.456: [GC2017-07-06T17:38:26.379+0900: 12.456: [ParNew
Desired survivor size 131072 bytes, new threshold 6 (max 6)
- age   1:      24400 bytes,      24400 total
- age   2:       4840 bytes,      29240 total
- age   3:       4648 bytes,      33888 total
- age   4:       4704 bytes,      38592 total
- age   5:       4704 bytes,      43296 total
- age   6:       4648 bytes,      47944 total
: 2223K->57K(2432K), 0.0007114 secs] 5107K->2945K(7936K), 0.0007893 secs] [Times: user=0.00 sys=0.00, real=0.00 secs] 
2017-07-06T17:38:26.401+0900: 12.478: [GC2017-07-06T17:38:26.401+0900: 12.478: [ParNew
Desired survivor size 131072 bytes, new threshold 6 (max 6)
- age   1:      16384 bytes,      16384 total
- age   2:       4784 bytes,      21168 total
- age   3:       4704 bytes,      25872 total
- age   4:       4648 bytes,      30520 total
- age   5:       4704 bytes,      35224 total
- age   6:       4704 bytes,      39928 total
: 2233K->50K(2432K), 0.0006609 secs] 5121K->2943K(7936K), 0.0007337 secs] [Times: user=0.00 sys=0.00, real=0.00 secs] 
2017-07-06T17:38:26.425+0900: 12.501: [GC2017-07-06T17:38:26.425+0900: 12.501: [ParNew
Desired survivor size 131072 bytes, new threshold 6 (max 6)
- age   1:      16384 bytes,      16384 total
- age   2:       4840 bytes,      21224 total
- age   3:       4648 bytes,      25872 total
- age   4:       4704 bytes,      30576 total
- age   5:       4648 bytes,      35224 total
- age   6:       4704 bytes,      39928 total
: 2226K->53K(2432K), 0.0006784 secs] 5119K->2951K(7936K), 0.0007795 secs] [Times: user=0.00 sys=0.00, real=0.00 secs] 
2017-07-06T17:38:26.450+0900: 12.527: [GC2017-07-06T17:38:26.450+0900: 12.527: [ParNew
Desired survivor size 131072 bytes, new threshold 6 (max 6)
- age   1:      24400 bytes,      24400 total
- age   2:       4840 bytes,      29240 total
- age   3:       4704 bytes,      33944 total
- age   4:       4648 bytes,      38592 total
- age   5:       4704 bytes,      43296 total
- age   6:       4648 bytes,      47944 total
: 2215K->69K(2432K), 0.0007080 secs] 5113K->2971K(7936K), 0.0007855 secs] [Times: user=0.00 sys=0.00, real=0.00 secs] 
2017-07-06T17:38:26.472+0900: 12.548: [GC2017-07-06T17:38:26.472+0900: 12.548: [ParNew
Desired survivor size 131072 bytes, new threshold 6 (max 6)
- age   1:      16384 bytes,      16384 total
- age   2:       4784 bytes,      21168 total
- age   3:       4704 bytes,      25872 total
- age   4:       4704 bytes,      30576 total
- age   5:       4648 bytes,      35224 total
- age   6:       4704 bytes,      39928 total
: 2245K->63K(2432K), 0.0006626 secs] 5147K->2970K(7936K), 0.0007371 secs] [Times: user=0.00 sys=0.00, real=0.00 secs] 
2017-07-06T17:38:26.493+0900: 12.570: [GC2017-07-06T17:38:26.493+0900: 12.570: [ParNew
Desired survivor size 131072 bytes, new threshold 6 (max 6)
- age   1:      16384 bytes,      16384 total
- age   2:       4840 bytes,      21224 total
- age   3:       4648 bytes,      25872 total
- age   4:       4704 bytes,      30576 total
- age   5:       4704 bytes,      35280 total
- age   6:       4648 bytes,      39928 total
: 2239K->49K(2432K), 0.0006425 secs] 5146K->2961K(7936K), 0.0007123 secs] [Times: user=0.00 sys=0.00, real=0.00 secs] 
2017-07-06T17:38:26.515+0900: 12.591: [GC2017-07-06T17:38:26.515+0900: 12.591: [ParNew
Desired survivor size 131072 bytes, new threshold 6 (max 6)
- age   1:      24400 bytes,      24400 total
- age   2:       4840 bytes,      29240 total
- age   3:       4704 bytes,      33944 total
- age   4:       4648 bytes,      38592 total
- age   5:       4704 bytes,      43296 total
- age   6:       4704 bytes,      48000 total
: 2211K->64K(2432K), 0.0006245 secs] 5123K->2980K(7936K), 0.0006947 secs] [Times: user=0.00 sys=0.00, real=0.00 secs] 
2017-07-06T17:38:26.541+0900: 12.617: [GC2017-07-06T17:38:26.541+0900: 12.617: [ParNew
Desired survivor size 131072 bytes, new threshold 6 (max 6)
- age   1:      16384 bytes,      16384 total
- age   2:       4784 bytes,      21168 total
- age   3:       4704 bytes,      25872 total
- age   4:       4704 bytes,      30576 total
- age   5:       4648 bytes,      35224 total
- age   6:       4704 bytes,      39928 total
: 2233K->62K(2432K), 0.0006891 secs] 5148K->2983K(7936K), 0.0007679 secs] [Times: user=0.00 sys=0.00, real=0.00 secs] 
2017-07-06T17:38:26.562+0900: 12.639: [GC2017-07-06T17:38:26.562+0900: 12.639: [ParNew
Desired survivor size 131072 bytes, new threshold 6 (max 6)
- age   1:      24400 bytes,      24400 total
- age   2:       4840 bytes,      29240 total
- age   3:       4648 bytes,      33888 total
- age   4:       4704 bytes,      38592 total
- age   5:       4704 bytes,      43296 total
- age   6:       4648 bytes,      47944 total
: 2224K->57K(2432K), 0.0007919 secs] 5144K->2982K(7936K), 0.0008818 secs] [Times: user=0.00 sys=0.00, real=0.00 secs] 
2017-07-06T17:38:26.586+0900: 12.661: [GC2017-07-06T17:38:26.586+0900: 12.661: [ParNew
Desired survivor size 131072 bytes, new threshold 6 (max 6)
- age   1:      16384 bytes,      16384 total
- age   2:       4784 bytes,      21168 total
- age   3:       4704 bytes,      25872 total
- age   4:       4648 bytes,      30520 total
- age   5:       4704 bytes,      35224 total
- age   6:       4704 bytes,      39928 total
: 2233K->50K(2432K), 0.0006737 secs] 5158K->2980K(7936K), 0.0007491 secs] [Times: user=0.00 sys=0.00, real=0.00 secs] 
2017-07-06T17:38:26.607+0900: 12.683: [GC2017-07-06T17:38:26.607+0900: 12.683: [ParNew
Desired survivor size 131072 bytes, new threshold 6 (max 6)
- age   1:      16384 bytes,      16384 total
- age   2:       4840 bytes,      21224 total
- age   3:       4648 bytes,      25872 total
- age   4:       4704 bytes,      30576 total
- age   5:       4648 bytes,      35224 total
- age   6:       4704 bytes,      39928 total
: 2226K->53K(2432K), 0.0006476 secs] 5156K->2987K(7936K), 0.0007260 secs] [Times: user=0.00 sys=0.00, real=0.00 secs] 
2017-07-06T17:38:26.630+0900: 12.705: [GC2017-07-06T17:38:26.630+0900: 12.705: [ParNew
Desired survivor size 131072 bytes, new threshold 6 (max 6)
- age   1:      24400 bytes,      24400 total
- age   2:       4840 bytes,      29240 total
- age   3:       4704 bytes,      33944 total
- age   4:       4648 bytes,      38592 total
- age   5:       4704 bytes,      43296 total
- age   6:       4648 bytes,      47944 total
: 2216K->69K(2432K), 0.0006647 secs] 5150K->3008K(7936K), 0.0007675 secs] [Times: user=0.00 sys=0.00, real=0.00 secs] 
2017-07-06T17:38:26.654+0900: 12.730: [GC2017-07-06T17:38:26.654+0900: 12.730: [ParNew
Desired survivor size 131072 bytes, new threshold 6 (max 6)
- age   1:      16384 bytes,      16384 total
- age   2:       4784 bytes,      21168 total
- age   3:       4704 bytes,      25872 total
- age   4:       4704 bytes,      30576 total
- age   5:       4648 bytes,      35224 total
- age   6:       4704 bytes,      39928 total
: 2245K->63K(2432K), 0.0006939 secs] 5184K->3006K(7936K), 0.0007748 secs] [Times: user=0.00 sys=0.00, real=0.00 secs] 
2017-07-06T17:38:26.680+0900: 12.756: [GC2017-07-06T17:38:26.680+0900: 12.756: [ParNew
Desired survivor size 131072 bytes, new threshold 6 (max 6)
- age   1:      24400 bytes,      24400 total
- age   2:       4840 bytes,      29240 total
- age   3:       4648 bytes,      33888 total
- age   4:       4704 bytes,      38592 total
- age   5:       4704 bytes,      43296 total
- age   6:       4648 bytes,      47944 total
: 2223K->47K(2432K), 0.0009592 secs] 5166K->2995K(7936K), 0.0010547 secs] [Times: user=0.00 sys=0.00, real=0.00 secs] 
2017-07-06T17:38:26.703+0900: 12.779: [GC2017-07-06T17:38:26.703+0900: 12.779: [ParNew
Desired survivor size 131072 bytes, new threshold 6 (max 6)
- age   1:      16384 bytes,      16384 total
- age   2:       4784 bytes,      21168 total
- age   3:       4704 bytes,      25872 total
- age   4:       4648 bytes,      30520 total
- age   5:       4704 bytes,      35224 total
- age   6:       4704 bytes,      39928 total
: 2223K->50K(2432K), 0.0006712 secs] 5171K->3003K(7936K), 0.0007435 secs] [Times: user=0.00 sys=0.00, real=0.00 secs] 
2017-07-06T17:38:26.725+0900: 12.800: [GC2017-07-06T17:38:26.725+0900: 12.800: [ParNew
Desired survivor size 131072 bytes, new threshold 6 (max 6)
- age   1:      24400 bytes,      24400 total
- age   2:       4840 bytes,      29240 total
- age   3:       4648 bytes,      33888 total
- age   4:       4704 bytes,      38592 total
- age   5:       4648 bytes,      43240 total
- age   6:       4704 bytes,      47944 total
: 2211K->68K(2432K), 0.0006408 secs] 5163K->3025K(7936K), 0.0007105 secs] [Times: user=0.00 sys=0.00, real=0.00 secs] 
2017-07-06T17:38:26.746+0900: 12.822: [GC2017-07-06T17:38:26.746+0900: 12.822: [ParNew
Desired survivor size 131072 bytes, new threshold 6 (max 6)
- age   1:      16384 bytes,      16384 total
- age   2:       4784 bytes,      21168 total
- age   3:       4704 bytes,      25872 total
- age   4:       4648 bytes,      30520 total
- age   5:       4704 bytes,      35224 total
- age   6:       4648 bytes,      39872 total
: 2244K->63K(2432K), 0.0006348 secs] 5201K->3024K(7936K), 0.0007054 secs] [Times: user=0.00 sys=0.00, real=0.00 secs] 
2017-07-06T17:38:26.771+0900: 12.847: [GC2017-07-06T17:38:26.772+0900: 12.847: [ParNew
Desired survivor size 131072 bytes, new threshold 6 (max 6)
- age   1:      24400 bytes,      24400 total
- age   2:       4840 bytes,      29240 total
- age   3:       4648 bytes,      33888 total
- age   4:       4704 bytes,      38592 total
- age   5:       4648 bytes,      43240 total
- age   6:       4704 bytes,      47944 total
: 2224K->57K(2432K), 0.0006879 secs] 5185K->3023K(7936K), 0.0007765 secs] [Times: user=0.00 sys=0.00, real=0.00 secs] 
2017-07-06T17:38:26.795+0900: 12.870: [GC2017-07-06T17:38:26.795+0900: 12.871: [ParNew
Desired survivor size 131072 bytes, new threshold 6 (max 6)
- age   1:      16384 bytes,      16384 total
- age   2:       4784 bytes,      21168 total
- age   3:       4704 bytes,      25872 total
- age   4:       4648 bytes,      30520 total
- age   5:       4704 bytes,      35224 total
- age   6:       4648 bytes,      39872 total
: 2233K->50K(2432K), 0.0006943 secs] 5199K->3021K(7936K), 0.0007709 secs] [Times: user=0.00 sys=0.00, real=0.00 secs] 
2017-07-06T17:38:26.817+0900: 12.892: [GC2017-07-06T17:38:26.817+0900: 12.892: [ParNew
Desired survivor size 131072 bytes, new threshold 6 (max 6)
- age   1:      16384 bytes,      16384 total
- age   2:       4840 bytes,      21224 total
- age   3:       4648 bytes,      25872 total
- age   4:       4704 bytes,      30576 total
- age   5:       4648 bytes,      35224 total
- age   6:       4704 bytes,      39928 total
: 2226K->53K(2432K), 0.0006725 secs] 5197K->3028K(7936K), 0.0007469 secs] [Times: user=0.00 sys=0.00, real=0.00 secs] 
2017-07-06T17:38:26.838+0900: 12.914: [GC2017-07-06T17:38:26.838+0900: 12.914: [ParNew
Desired survivor size 131072 bytes, new threshold 6 (max 6)
- age   1:      24400 bytes,      24400 total
- age   2:       4840 bytes,      29240 total
- age   3:       4704 bytes,      33944 total
- age   4:       4648 bytes,      38592 total
- age   5:       4704 bytes,      43296 total
- age   6:       4648 bytes,      47944 total
: 2215K->69K(2432K), 0.0006382 secs] 5190K->3049K(7936K), 0.0007067 secs] [Times: user=0.00 sys=0.00, real=0.00 secs] 
2017-07-06T17:38:26.860+0900: 12.935: [GC2017-07-06T17:38:26.860+0900: 12.935: [ParNew
Desired survivor size 131072 bytes, new threshold 6 (max 6)
- age   1:      16384 bytes,      16384 total
- age   2:       4784 bytes,      21168 total
- age   3:       4704 bytes,      25872 total
- age   4:       4704 bytes,      30576 total
- age   5:       4648 bytes,      35224 total
- age   6:       4704 bytes,      39928 total
: 2237K->63K(2432K), 0.0006292 secs] 5217K->3047K(7936K), 0.0006977 secs] [Times: user=0.00 sys=0.00, real=0.00 secs] 
2017-07-06T17:38:26.885+0900: 12.960: [GC2017-07-06T17:38:26.885+0900: 12.960: [ParNew
Desired survivor size 131072 bytes, new threshold 6 (max 6)
- age   1:      24400 bytes,      24400 total
- age   2:       4840 bytes,      29240 total
- age   3:       4648 bytes,      33888 total
- age   4:       4704 bytes,      38592 total
- age   5:       4704 bytes,      43296 total
- age   6:       4648 bytes,      47944 total
: 2224K->57K(2432K), 0.0006921 secs] 5208K->3046K(7936K), 0.0007743 secs] [Times: user=0.00 sys=0.00, real=0.00 secs] 
2017-07-06T17:38:26.908+0900: 12.983: [GC2017-07-06T17:38:26.908+0900: 12.984: [ParNew
Desired survivor size 131072 bytes, new threshold 6 (max 6)
- age   1:      16384 bytes,      16384 total
- age   2:       4784 bytes,      21168 total
- age   3:       4704 bytes,      25872 total
- age   4:       4648 bytes,      30520 total
- age   5:       4704 bytes,      35224 total
- age   6:       4704 bytes,      39928 total
: 2233K->50K(2432K), 0.0006776 secs] 5222K->3044K(7936K), 0.0007551 secs] [Times: user=0.00 sys=0.00, real=0.00 secs] 
2017-07-06T17:38:26.929+0900: 13.005: [GC2017-07-06T17:38:26.929+0900: 13.005: [ParNew
Desired survivor size 131072 bytes, new threshold 6 (max 6)
- age   1:      16384 bytes,      16384 total
- age   2:       4840 bytes,      21224 total
- age   3:       4648 bytes,      25872 total
- age   4:       4704 bytes,      30576 total
- age   5:       4648 bytes,      35224 total
- age   6:       4704 bytes,      39928 total
: 2226K->53K(2432K), 0.0006712 secs] 5220K->3051K(7936K), 0.0007461 secs] [Times: user=0.00 sys=0.00, real=0.00 secs] 
2017-07-06T17:38:26.951+0900: 13.027: [GC2017-07-06T17:38:26.951+0900: 13.027: [ParNew
Desired survivor size 131072 bytes, new threshold 6 (max 6)
- age   1:      24400 bytes,      24400 total
- age   2:       4840 bytes,      29240 total
- age   3:       4704 bytes,      33944 total
- age   4:       4648 bytes,      38592 total
- age   5:       4704 bytes,      43296 total
- age   6:       4648 bytes,      47944 total
: 2215K->69K(2432K), 0.0006365 secs] 5213K->3072K(7936K), 0.0007050 secs] [Times: user=0.00 sys=0.00, real=0.00 secs] 
2017-07-06T17:38:26.972+0900: 13.048: [GC2017-07-06T17:38:26.973+0900: 13.048: [ParNew
Desired survivor size 131072 bytes, new threshold 6 (max 6)
- age   1:      16384 bytes,      16384 total
- age   2:       4784 bytes,      21168 total
- age   3:       4704 bytes,      25872 total
- age   4:       4704 bytes,      30576 total
- age   5:       4648 bytes,      35224 total
- age   6:       4704 bytes,      39928 total
: 2245K->63K(2432K), 0.0006404 secs] 5248K->3070K(7936K), 0.0007123 secs] [Times: user=0.00 sys=0.00, real=0.00 secs] 
2017-07-06T17:38:26.998+0900: 13.074: [GC2017-07-06T17:38:26.998+0900: 13.074: [ParNew
Desired survivor size 131072 bytes, new threshold 6 (max 6)
- age   1:      16384 bytes,      16384 total
- age   2:       4840 bytes,      21224 total
- age   3:       4648 bytes,      25872 total
- age   4:       4704 bytes,      30576 total
- age   5:       4704 bytes,      35280 total
- age   6:       4648 bytes,      39928 total
: 2239K->49K(2432K), 0.0006891 secs] 5246K->3061K(7936K), 0.0007885 secs] [Times: user=0.00 sys=0.00, real=0.00 secs] 
2017-07-06T17:38:27.019+0900: 13.095: [GC2017-07-06T17:38:27.020+0900: 13.095: [ParNew
Desired survivor size 131072 bytes, new threshold 6 (max 6)
- age   1:      24400 bytes,      24400 total
- age   2:       4840 bytes,      29240 total
- age   3:       4704 bytes,      33944 total
- age   4:       4648 bytes,      38592 total
- age   5:       4704 bytes,      43296 total
- age   6:       4704 bytes,      48000 total
: 2211K->64K(2432K), 0.0006523 secs] 5223K->3081K(7936K), 0.0007281 secs] [Times: user=0.00 sys=0.00, real=0.00 secs] 
2017-07-06T17:38:27.041+0900: 13.117: [GC2017-07-06T17:38:27.041+0900: 13.117: [ParNew
Desired survivor size 131072 bytes, new threshold 6 (max 6)
- age   1:      16384 bytes,      16384 total
- age   2:       4784 bytes,      21168 total
- age   3:       4704 bytes,      25872 total
- age   4:       4704 bytes,      30576 total
- age   5:       4648 bytes,      35224 total
- age   6:       4704 bytes,      39928 total
: 2233K->62K(2432K), 0.0006502 secs] 5249K->3083K(7936K), 0.0007213 secs] [Times: user=0.00 sys=0.00, real=0.00 secs] 
2017-07-06T17:38:27.063+0900: 13.138: [GC2017-07-06T17:38:27.063+0900: 13.138: [ParNew
Desired survivor size 131072 bytes, new threshold 6 (max 6)
- age   1:      24400 bytes,      24400 total
- age   2:       4840 bytes,      29240 total
- age   3:       4648 bytes,      33888 total
- age   4:       4704 bytes,      38592 total
- age   5:       4704 bytes,      43296 total
- age   6:       4648 bytes,      47944 total
: 2224K->57K(2432K), 0.0006254 secs] 5245K->3082K(7936K), 0.0006947 secs] [Times: user=0.00 sys=0.00, real=0.00 secs] 
2017-07-06T17:38:27.084+0900: 13.160: [GC2017-07-06T17:38:27.084+0900: 13.160: [ParNew
Desired survivor size 131072 bytes, new threshold 6 (max 6)
- age   1:      16384 bytes,      16384 total
- age   2:       4784 bytes,      21168 total
- age   3:       4704 bytes,      25872 total
- age   4:       4648 bytes,      30520 total
- age   5:       4704 bytes,      35224 total
- age   6:       4704 bytes,      39928 total
: 2233K->50K(2432K), 0.0006639 secs] 5258K->3080K(7936K), 0.0007367 secs] [Times: user=0.00 sys=0.00, real=0.00 secs] 
2017-07-06T17:38:27.110+0900: 13.186: [GC2017-07-06T17:38:27.110+0900: 13.186: [ParNew
Desired survivor size 131072 bytes, new threshold 6 (max 6)
- age   1:      16384 bytes,      16384 total
- age   2:       4840 bytes,      21224 total
- age   3:       4648 bytes,      25872 total
- age   4:       4704 bytes,      30576 total
- age   5:       4648 bytes,      35224 total
- age   6:       4704 bytes,      39928 total
: 2226K->53K(2432K), 0.0006934 secs] 5256K->3088K(7936K), 0.0007765 secs] [Times: user=0.03 sys=0.00, real=0.00 secs] 
2017-07-06T17:38:27.132+0900: 13.208: [GC2017-07-06T17:38:27.132+0900: 13.208: [ParNew
Desired survivor size 131072 bytes, new threshold 6 (max 6)
- age   1:      24400 bytes,      24400 total
- age   2:       4840 bytes,      29240 total
- age   3:       4704 bytes,      33944 total
- age   4:       4648 bytes,      38592 total
- age   5:       4704 bytes,      43296 total
- age   6:       4648 bytes,      47944 total
: 2216K->69K(2432K), 0.0006759 secs] 5250K->3109K(7936K), 0.0007521 secs] [Times: user=0.00 sys=0.00, real=0.00 secs] 
2017-07-06T17:38:27.154+0900: 13.229: [GC2017-07-06T17:38:27.154+0900: 13.229: [ParNew
Desired survivor size 131072 bytes, new threshold 6 (max 6)
- age   1:      16384 bytes,      16384 total
- age   2:       4784 bytes,      21168 total
- age   3:       4704 bytes,      25872 total
- age   4:       4704 bytes,      30576 total
- age   5:       4648 bytes,      35224 total
- age   6:       4704 bytes,      39928 total
: 2245K->63K(2432K), 0.0006386 secs] 5285K->3107K(7936K), 0.0007110 secs] [Times: user=0.00 sys=0.00, real=0.00 secs] 
2017-07-06T17:38:27.175+0900: 13.251: [GC2017-07-06T17:38:27.175+0900: 13.251: [ParNew
Desired survivor size 131072 bytes, new threshold 6 (max 6)
- age   1:      24400 bytes,      24400 total
- age   2:       4840 bytes,      29240 total
- age   3:       4648 bytes,      33888 total
- age   4:       4704 bytes,      38592 total
- age   5:       4704 bytes,      43296 total
- age   6:       4648 bytes,      47944 total
: 2223K->57K(2432K), 0.0006309 secs] 5267K->3106K(7936K), 0.0006986 secs] [Times: user=0.00 sys=0.00, real=0.00 secs] 
2017-07-06T17:38:27.197+0900: 13.272: [GC2017-07-06T17:38:27.197+0900: 13.272: [ParNew
Desired survivor size 131072 bytes, new threshold 6 (max 6)
- age   1:      16384 bytes,      16384 total
- age   2:       4784 bytes,      21168 total
- age   3:       4704 bytes,      25872 total
- age   4:       4648 bytes,      30520 total
- age   5:       4704 bytes,      35224 total
- age   6:       4704 bytes,      39928 total
: 2233K->50K(2432K), 0.0006904 secs] 5282K->3103K(7936K), 0.0007598 secs] [Times: user=0.00 sys=0.00, real=0.00 secs] 
2017-07-06T17:38:27.219+0900: 13.294: [GC2017-07-06T17:38:27.219+0900: 13.294: [ParNew
Desired survivor size 131072 bytes, new threshold 6 (max 6)
- age   1:      24400 bytes,      24400 total
- age   2:       4840 bytes,      29240 total
- age   3:       4648 bytes,      33888 total
- age   4:       4704 bytes,      38592 total
- age   5:       4648 bytes,      43240 total
- age   6:       4704 bytes,      47944 total
: 2211K->68K(2432K), 0.0007178 secs] 5264K->3126K(7936K), 0.0008141 secs] [Times: user=0.01 sys=0.00, real=0.00 secs] 
2017-07-06T17:38:27.244+0900: 13.320: [GC2017-07-06T17:38:27.244+0900: 13.320: [ParNew
Desired survivor size 131072 bytes, new threshold 6 (max 6)
- age   1:      16384 bytes,      16384 total
- age   2:       4784 bytes,      21168 total
- age   3:       4704 bytes,      25872 total
- age   4:       4648 bytes,      30520 total
- age   5:       4704 bytes,      35224 total
- age   6:       4648 bytes,      39872 total
: 2244K->63K(2432K), 0.0007174 secs] 5302K->3125K(7936K), 0.0007979 secs] [Times: user=0.00 sys=0.00, real=0.00 secs] 
2017-07-06T17:38:27.267+0900: 13.342: [GC2017-07-06T17:38:27.267+0900: 13.342: [ParNew
Desired survivor size 131072 bytes, new threshold 6 (max 6)
- age   1:      24400 bytes,      24400 total
- age   2:       4840 bytes,      29240 total
- age   3:       4648 bytes,      33888 total
- age   4:       4704 bytes,      38592 total
- age   5:       4648 bytes,      43240 total
- age   6:       4704 bytes,      47944 total
: 2224K->57K(2432K), 0.0006746 secs] 5286K->3124K(7936K), 0.0007542 secs] [Times: user=0.00 sys=0.00, real=0.00 secs] 
2017-07-06T17:38:27.288+0900: 13.364: [GC2017-07-06T17:38:27.288+0900: 13.364: [ParNew
Desired survivor size 131072 bytes, new threshold 6 (max 6)
- age   1:      16384 bytes,      16384 total
- age   2:       4784 bytes,      21168 total
- age   3:       4704 bytes,      25872 total
- age   4:       4648 bytes,      30520 total
- age   5:       4704 bytes,      35224 total
- age   6:       4648 bytes,      39872 total
: 2233K->50K(2432K), 0.0006515 secs] 5300K->3121K(7936K), 0.0007251 secs] [Times: user=0.00 sys=0.00, real=0.00 secs] 
2017-07-06T17:38:27.310+0900: 13.386: [GC2017-07-06T17:38:27.310+0900: 13.386: [ParNew
Desired survivor size 131072 bytes, new threshold 6 (max 6)
- age   1:      16384 bytes,      16384 total
- age   2:       4840 bytes,      21224 total
- age   3:       4648 bytes,      25872 total
- age   4:       4704 bytes,      30576 total
- age   5:       4648 bytes,      35224 total
- age   6:       4704 bytes,      39928 total
: 2226K->53K(2432K), 0.0006442 secs] 5297K->3129K(7936K), 0.0007127 secs] [Times: user=0.00 sys=0.00, real=0.00 secs] 
2017-07-06T17:38:27.336+0900: 13.412: [GC2017-07-06T17:38:27.336+0900: 13.412: [ParNew
Desired survivor size 131072 bytes, new threshold 6 (max 6)
- age   1:      24400 bytes,      24400 total
- age   2:       4840 bytes,      29240 total
- age   3:       4704 bytes,      33944 total
- age   4:       4648 bytes,      38592 total
- age   5:       4704 bytes,      43296 total
- age   6:       4648 bytes,      47944 total
: 2215K->69K(2432K), 0.0006994 secs] 5291K->3150K(7936K), 0.0007812 secs] [Times: user=0.00 sys=0.00, real=0.00 secs] 
2017-07-06T17:38:27.358+0900: 13.434: [GC2017-07-06T17:38:27.358+0900: 13.434: [ParNew
Desired survivor size 131072 bytes, new threshold 6 (max 6)
- age   1:      16384 bytes,      16384 total
- age   2:       4784 bytes,      21168 total
- age   3:       4704 bytes,      25872 total
- age   4:       4704 bytes,      30576 total
- age   5:       4648 bytes,      35224 total
- age   6:       4704 bytes,      39928 total
: 2237K->63K(2432K), 0.0006742 secs] 5318K->3148K(7936K), 0.0007551 secs] [Times: user=0.00 sys=0.00, real=0.00 secs] 
2017-07-06T17:38:27.380+0900: 13.456: [GC2017-07-06T17:38:27.380+0900: 13.456: [ParNew
Desired survivor size 131072 bytes, new threshold 6 (max 6)
- age   1:      24400 bytes,      24400 total
- age   2:       4840 bytes,      29240 total
- age   3:       4648 bytes,      33888 total
- age   4:       4704 bytes,      38592 total
- age   5:       4704 bytes,      43296 total
- age   6:       4648 bytes,      47944 total
: 2224K->57K(2432K), 0.0006737 secs] 5309K->3147K(7936K), 0.0007576 secs] [Times: user=0.00 sys=0.00, real=0.00 secs] 
2017-07-06T17:38:27.402+0900: 13.477: [GC2017-07-06T17:38:27.402+0900: 13.477: [ParNew
Desired survivor size 131072 bytes, new threshold 6 (max 6)
- age   1:      16384 bytes,      16384 total
- age   2:       4784 bytes,      21168 total
- age   3:       4704 bytes,      25872 total
- age   4:       4648 bytes,      30520 total
- age   5:       4704 bytes,      35224 total
- age   6:       4704 bytes,      39928 total
: 2233K->50K(2432K), 0.0006438 secs] 5323K->3144K(7936K), 0.0007174 secs] [Times: user=0.00 sys=0.00, real=0.00 secs] 
2017-07-06T17:38:27.426+0900: 13.501: [GC2017-07-06T17:38:27.426+0900: 13.501: [ParNew
Desired survivor size 131072 bytes, new threshold 6 (max 6)
- age   1:      16384 bytes,      16384 total
- age   2:       4840 bytes,      21224 total
- age   3:       4648 bytes,      25872 total
- age   4:       4704 bytes,      30576 total
- age   5:       4648 bytes,      35224 total
- age   6:       4704 bytes,      39928 total
: 2226K->53K(2432K), 0.0006853 secs] 5320K->3152K(7936K), 0.0007653 secs] [Times: user=0.00 sys=0.00, real=0.00 secs] 
2017-07-06T17:38:27.447+0900: 13.523: [GC2017-07-06T17:38:27.447+0900: 13.523: [ParNew
Desired survivor size 131072 bytes, new threshold 6 (max 6)
- age   1:      24400 bytes,      24400 total
- age   2:       4840 bytes,      29240 total
- age   3:       4704 bytes,      33944 total
- age   4:       4648 bytes,      38592 total
- age   5:       4704 bytes,      43296 total
- age   6:       4648 bytes,      47944 total
: 2215K->69K(2432K), 0.0007345 secs] 5314K->3173K(7936K), 0.0008347 secs] [Times: user=0.00 sys=0.00, real=0.00 secs] 
2017-07-06T17:38:27.469+0900: 13.545: [GC2017-07-06T17:38:27.469+0900: 13.545: [ParNew
Desired survivor size 131072 bytes, new threshold 6 (max 6)
- age   1:      16384 bytes,      16384 total
- age   2:       4784 bytes,      21168 total
- age   3:       4704 bytes,      25872 total
- age   4:       4704 bytes,      30576 total
- age   5:       4648 bytes,      35224 total
- age   6:       4704 bytes,      39928 total
: 2245K->63K(2432K), 0.0006558 secs] 5349K->3171K(7936K), 0.0007285 secs] [Times: user=0.00 sys=0.00, real=0.00 secs] 
2017-07-06T17:38:27.491+0900: 13.567: [GC2017-07-06T17:38:27.491+0900: 13.567: [ParNew
Desired survivor size 131072 bytes, new threshold 6 (max 6)
- age   1:      16384 bytes,      16384 total
- age   2:       4840 bytes,      21224 total
- age   3:       4648 bytes,      25872 total
- age   4:       4704 bytes,      30576 total
- age   5:       4704 bytes,      35280 total
- age   6:       4648 bytes,      39928 total
: 2239K->49K(2432K), 0.0006408 secs] 5347K->3162K(7936K), 0.0007118 secs] [Times: user=0.00 sys=0.00, real=0.00 secs] 
2017-07-06T17:38:27.513+0900: 13.588: [GC2017-07-06T17:38:27.513+0900: 13.588: [ParNew
Desired survivor size 131072 bytes, new threshold 6 (max 6)
- age   1:      24400 bytes,      24400 total
- age   2:       4840 bytes,      29240 total
- age   3:       4704 bytes,      33944 total
- age   4:       4648 bytes,      38592 total
- age   5:       4704 bytes,      43296 total
- age   6:       4704 bytes,      48000 total
: 2211K->64K(2432K), 0.0006215 secs] 5324K->3181K(7936K), 0.0006904 secs] [Times: user=0.00 sys=0.00, real=0.00 secs] 
2017-07-06T17:38:27.535+0900: 13.610: [GC2017-07-06T17:38:27.535+0900: 13.611: [ParNew
Desired survivor size 131072 bytes, new threshold 6 (max 6)
- age   1:      16384 bytes,      16384 total
- age   2:       4784 bytes,      21168 total
- age   3:       4704 bytes,      25872 total
- age   4:       4704 bytes,      30576 total
- age   5:       4648 bytes,      35224 total
- age   6:       4704 bytes,      39928 total
: 2233K->44K(2432K), 0.0029702 secs] 5350K->3165K(7936K), 0.0030682 secs] [Times: user=0.00 sys=0.00, real=0.00 secs] 
2017-07-06T17:38:27.559+0900: 13.634: [GC2017-07-06T17:38:27.559+0900: 13.635: [ParNew
Desired survivor size 131072 bytes, new threshold 6 (max 6)
- age   1:      24400 bytes,      24400 total
- age   2:       4840 bytes,      29240 total
- age   3:       4648 bytes,      33888 total
- age   4:       4704 bytes,      38592 total
- age   5:       4704 bytes,      43296 total
- age   6:       4648 bytes,      47944 total
: 2205K->72K(2432K), 0.0006883 secs] 5327K->3198K(7936K), 0.0007675 secs] [Times: user=0.00 sys=0.00, real=0.00 secs] 
2017-07-06T17:38:27.581+0900: 13.656: [GC2017-07-06T17:38:27.581+0900: 13.656: [ParNew
Desired survivor size 131072 bytes, new threshold 6 (max 6)
- age   1:      16384 bytes,      16384 total
- age   2:       4784 bytes,      21168 total
- age   3:       4704 bytes,      25872 total
- age   4:       4648 bytes,      30520 total
- age   5:       4704 bytes,      35224 total
- age   6:       4704 bytes,      39928 total
: 2248K->63K(2432K), 0.0006630 secs] 5374K->3194K(7936K), 0.0007375 secs] [Times: user=0.00 sys=0.00, real=0.00 secs] 
2017-07-06T17:38:27.602+0900: 13.678: [GC2017-07-06T17:38:27.602+0900: 13.678: [ParNew
Desired survivor size 131072 bytes, new threshold 6 (max 6)
- age   1:      16384 bytes,      16384 total
- age   2:       4840 bytes,      21224 total
- age   3:       4648 bytes,      25872 total
- age   4:       4704 bytes,      30576 total
- age   5:       4648 bytes,      35224 total
- age   6:       4704 bytes,      39928 total
: 2239K->49K(2432K), 0.0006622 secs] 5370K->3185K(7936K), 0.0007401 secs] [Times: user=0.00 sys=0.00, real=0.00 secs] 
2017-07-06T17:38:27.624+0900: 13.699: [GC2017-07-06T17:38:27.624+0900: 13.699: [ParNew
Desired survivor size 131072 bytes, new threshold 6 (max 6)
- age   1:      24400 bytes,      24400 total
- age   2:       4840 bytes,      29240 total
- age   3:       4704 bytes,      33944 total
- age   4:       4648 bytes,      38592 total
- age   5:       4704 bytes,      43296 total
- age   6:       4648 bytes,      47944 total
: 2212K->65K(2432K), 0.0006301 secs] 5347K->3204K(7936K), 0.0006994 secs] [Times: user=0.00 sys=0.00, real=0.00 secs] 
2017-07-06T17:38:27.647+0900: 13.723: [GC2017-07-06T17:38:27.647+0900: 13.723: [ParNew
Desired survivor size 131072 bytes, new threshold 6 (max 6)
- age   1:      16384 bytes,      16384 total
- age   2:       4784 bytes,      21168 total
- age   3:       4704 bytes,      25872 total
- age   4:       4704 bytes,      30576 total
- age   5:       4648 bytes,      35224 total
- age   6:       4704 bytes,      39928 total
: 2241K->44K(2432K), 0.0086229 secs] 5380K->3188K(7936K), 0.0087329 secs] [Times: user=0.00 sys=0.00, real=0.01 secs] 
2017-07-06T17:38:27.679+0900: 13.755: [GC2017-07-06T17:38:27.679+0900: 13.755: [ParNew
Desired survivor size 131072 bytes, new threshold 6 (max 6)
- age   1:      24400 bytes,      24400 total
- age   2:       4840 bytes,      29240 total
- age   3:       4648 bytes,      33888 total
- age   4:       4704 bytes,      38592 total
- age   5:       4704 bytes,      43296 total
- age   6:       4648 bytes,      47944 total
: 2204K->72K(2432K), 0.0006964 secs] 5348K->3221K(7936K), 0.0007748 secs] [Times: user=0.00 sys=0.00, real=0.00 secs] 
2017-07-06T17:38:27.701+0900: 13.777: [GC2017-07-06T17:38:27.701+0900: 13.777: [ParNew
Desired survivor size 131072 bytes, new threshold 6 (max 6)
- age   1:      16384 bytes,      16384 total
- age   2:       4784 bytes,      21168 total
- age   3:       4704 bytes,      25872 total
- age   4:       4648 bytes,      30520 total
- age   5:       4704 bytes,      35224 total
- age   6:       4704 bytes,      39928 total
: 2248K->63K(2432K), 0.0006686 secs] 5397K->3217K(7936K), 0.0007448 secs] [Times: user=0.00 sys=0.00, real=0.00 secs] 
2017-07-06T17:38:27.722+0900: 13.798: [GC2017-07-06T17:38:27.722+0900: 13.798: [ParNew
Desired survivor size 131072 bytes, new threshold 6 (max 6)
- age   1:      24400 bytes,      24400 total
- age   2:       4840 bytes,      29240 total
- age   3:       4648 bytes,      33888 total
- age   4:       4704 bytes,      38592 total
- age   5:       4648 bytes,      43240 total
- age   6:       4704 bytes,      47944 total
: 2224K->57K(2432K), 0.0006566 secs] 5378K->3215K(7936K), 0.0007277 secs] [Times: user=0.00 sys=0.00, real=0.00 secs] 
2017-07-06T17:38:27.744+0900: 13.819: [GC2017-07-06T17:38:27.744+0900: 13.819: [ParNew
Desired survivor size 131072 bytes, new threshold 6 (max 6)
- age   1:      16384 bytes,      16384 total
- age   2:       4784 bytes,      21168 total
- age   3:       4704 bytes,      25872 total
- age   4:       4648 bytes,      30520 total
- age   5:       4704 bytes,      35224 total
- age   6:       4648 bytes,      39872 total
: 2233K->50K(2432K), 0.0006374 secs] 5391K->3213K(7936K), 0.0007093 secs] [Times: user=0.00 sys=0.00, real=0.00 secs] 
2017-07-06T17:38:27.767+0900: 13.843: [GC2017-07-06T17:38:27.767+0900: 13.843: [ParNew
Desired survivor size 131072 bytes, new threshold 6 (max 6)
- age   1:      24400 bytes,      24400 total
- age   2:       4840 bytes,      29240 total
- age   3:       4648 bytes,      33888 total
- age   4:       4704 bytes,      38592 total
- age   5:       4648 bytes,      43240 total
- age   6:       4704 bytes,      47944 total
: 2211K->68K(2432K), 0.0006836 secs] 5374K->3235K(7936K), 0.0007641 secs] [Times: user=0.00 sys=0.00, real=0.00 secs] 
2017-07-06T17:38:27.793+0900: 13.869: [GC2017-07-06T17:38:27.793+0900: 13.869: [ParNew
Desired survivor size 131072 bytes, new threshold 6 (max 6)
- age   1:      16384 bytes,      16384 total
- age   2:       4784 bytes,      21168 total
- age   3:       4704 bytes,      25872 total
- age   4:       4648 bytes,      30520 total
- age   5:       4704 bytes,      35224 total
- age   6:       4648 bytes,      39872 total
: 2244K->63K(2432K), 0.0007041 secs] 5411K->3235K(7936K), 0.0007910 secs] [Times: user=0.00 sys=0.00, real=0.00 secs] 
2017-07-06T17:38:27.815+0900: 13.891: [GC2017-07-06T17:38:27.815+0900: 13.891: [ParNew
Desired survivor size 131072 bytes, new threshold 6 (max 6)
- age   1:      16384 bytes,      16384 total
- age   2:       4840 bytes,      21224 total
- age   3:       4648 bytes,      25872 total
- age   4:       4704 bytes,      30576 total
- age   5:       4648 bytes,      35224 total
- age   6:       4704 bytes,      39928 total
: 2239K->49K(2432K), 0.0006639 secs] 5411K->3226K(7936K), 0.0007362 secs] [Times: user=0.00 sys=0.00, real=0.00 secs] 
2017-07-06T17:38:27.836+0900: 13.912: [GC2017-07-06T17:38:27.836+0900: 13.912: [ParNew
Desired survivor size 131072 bytes, new threshold 6 (max 6)
- age   1:      24400 bytes,      24400 total
- age   2:       4840 bytes,      29240 total
- age   3:       4704 bytes,      33944 total
- age   4:       4648 bytes,      38592 total
- age   5:       4704 bytes,      43296 total
- age   6:       4648 bytes,      47944 total
: 2211K->64K(2432K), 0.0006352 secs] 5388K->3245K(7936K), 0.0007058 secs] [Times: user=0.00 sys=0.00, real=0.00 secs] 
2017-07-06T17:38:27.858+0900: 13.934: [GC2017-07-06T17:38:27.858+0900: 13.934: [ParNew
Desired survivor size 131072 bytes, new threshold 6 (max 6)
- age   1:      16384 bytes,      16384 total
- age   2:       4784 bytes,      21168 total
- age   3:       4704 bytes,      25872 total
- age   4:       4704 bytes,      30576 total
- age   5:       4648 bytes,      35224 total
- age   6:       4704 bytes,      39928 total
: 2233K->62K(2432K), 0.0006455 secs] 5414K->3248K(7936K), 0.0007157 secs] [Times: user=0.02 sys=0.00, real=0.00 secs] 
2017-07-06T17:38:27.879+0900: 13.955: [GC2017-07-06T17:38:27.879+0900: 13.955: [ParNew
Desired survivor size 131072 bytes, new threshold 6 (max 6)
- age   1:      24400 bytes,      24400 total
- age   2:       4840 bytes,      29240 total
- age   3:       4648 bytes,      33888 total
- age   4:       4704 bytes,      38592 total
- age   5:       4704 bytes,      43296 total
- age   6:       4648 bytes,      47944 total
: 2223K->57K(2432K), 0.0007409 secs] 5409K->3247K(7936K), 0.0008210 secs] [Times: user=0.00 sys=0.00, real=0.00 secs] 
2017-07-06T17:38:27.906+0900: 13.982: [GC2017-07-06T17:38:27.906+0900: 13.982: [ParNew
Desired survivor size 131072 bytes, new threshold 6 (max 6)
- age   1:      16384 bytes,      16384 total
- age   2:       4784 bytes,      21168 total
- age   3:       4704 bytes,      25872 total
- age   4:       4648 bytes,      30520 total
- age   5:       4704 bytes,      35224 total
- age   6:       4704 bytes,      39928 total
: 2233K->50K(2432K), 0.0007041 secs] 5423K->3245K(7936K), 0.0007859 secs] [Times: user=0.00 sys=0.00, real=0.00 secs] 
2017-07-06T17:38:27.930+0900: 14.006: [GC2017-07-06T17:38:27.930+0900: 14.006: [ParNew
Desired survivor size 131072 bytes, new threshold 6 (max 6)
- age   1:      16384 bytes,      16384 total
- age   2:       4840 bytes,      21224 total
- age   3:       4648 bytes,      25872 total
- age   4:       4704 bytes,      30576 total
- age   5:       4648 bytes,      35224 total
- age   6:       4704 bytes,      39928 total
: 2226K->53K(2432K), 0.0008141 secs] 5421K->3252K(7936K), 0.0009045 secs] [Times: user=0.00 sys=0.00, real=0.00 secs] 
2017-07-06T17:38:27.952+0900: 14.027: [GC2017-07-06T17:38:27.952+0900: 14.027: [ParNew
Desired survivor size 131072 bytes, new threshold 6 (max 6)
- age   1:      24400 bytes,      24400 total
- age   2:       4840 bytes,      29240 total
- age   3:       4704 bytes,      33944 total
- age   4:       4648 bytes,      38592 total
- age   5:       4704 bytes,      43296 total
- age   6:       4648 bytes,      47944 total
: 2215K->69K(2432K), 0.0006553 secs] 5415K->3273K(7936K), 0.0007328 secs] [Times: user=0.00 sys=0.00, real=0.00 secs] 
2017-07-06T17:38:27.973+0900: 14.049: [GC2017-07-06T17:38:27.973+0900: 14.049: [ParNew
Desired survivor size 131072 bytes, new threshold 6 (max 6)
- age   1:      16384 bytes,      16384 total
- age   2:       4784 bytes,      21168 total
- age   3:       4704 bytes,      25872 total
- age   4:       4704 bytes,      30576 total
- age   5:       4648 bytes,      35224 total
- age   6:       4704 bytes,      39928 total
: 2245K->63K(2432K), 0.0006429 secs] 5449K->3271K(7936K), 0.0007110 secs] [Times: user=0.00 sys=0.00, real=0.00 secs] 
2017-07-06T17:38:27.996+0900: 14.071: [GC2017-07-06T17:38:27.996+0900: 14.071: [ParNew
Desired survivor size 131072 bytes, new threshold 6 (max 6)
- age   1:      16384 bytes,      16384 total
- age   2:       4840 bytes,      21224 total
- age   3:       4648 bytes,      25872 total
- age   4:       4704 bytes,      30576 total
- age   5:       4704 bytes,      35280 total
- age   6:       4648 bytes,      39928 total
: 2239K->49K(2432K), 0.0006784 secs] 5447K->3262K(7936K), 0.0007546 secs] [Times: user=0.00 sys=0.00, real=0.00 secs] 
2017-07-06T17:38:28.022+0900: 14.098: [GC2017-07-06T17:38:28.022+0900: 14.098: [ParNew
Desired survivor size 131072 bytes, new threshold 6 (max 6)
- age   1:      24400 bytes,      24400 total
- age   2:       4840 bytes,      29240 total
- age   3:       4704 bytes,      33944 total
- age   4:       4648 bytes,      38592 total
- age   5:       4704 bytes,      43296 total
- age   6:       4704 bytes,      48000 total
: 2211K->64K(2432K), 0.0007191 secs] 5424K->3282K(7936K), 0.0007996 secs] [Times: user=0.00 sys=0.00, real=0.00 secs] 
2017-07-06T17:38:28.044+0900: 14.120: [GC2017-07-06T17:38:28.044+0900: 14.120: [ParNew
Desired survivor size 131072 bytes, new threshold 6 (max 6)
- age   1:      16384 bytes,      16384 total
- age   2:       4784 bytes,      21168 total
- age   3:       4704 bytes,      25872 total
- age   4:       4704 bytes,      30576 total
- age   5:       4648 bytes,      35224 total
- age   6:       4704 bytes,      39928 total
: 2233K->62K(2432K), 0.0006626 secs] 5450K->3284K(7936K), 0.0007367 secs] [Times: user=0.00 sys=0.00, real=0.00 secs] 
2017-07-06T17:38:28.066+0900: 14.141: [GC2017-07-06T17:38:28.066+0900: 14.141: [ParNew
Desired survivor size 131072 bytes, new threshold 6 (max 6)
- age   1:      24400 bytes,      24400 total
- age   2:       4840 bytes,      29240 total
- age   3:       4648 bytes,      33888 total
- age   4:       4704 bytes,      38592 total
- age   5:       4704 bytes,      43296 total
- age   6:       4648 bytes,      47944 total
: 2224K->57K(2432K), 0.0006549 secs] 5446K->3284K(7936K), 0.0007242 secs] [Times: user=0.00 sys=0.00, real=0.00 secs] 
2017-07-06T17:38:28.087+0900: 14.163: [GC2017-07-06T17:38:28.087+0900: 14.163: [ParNew
Desired survivor size 131072 bytes, new threshold 6 (max 6)
- age   1:      16384 bytes,      16384 total
- age   2:       4784 bytes,      21168 total
- age   3:       4704 bytes,      25872 total
- age   4:       4648 bytes,      30520 total
- age   5:       4704 bytes,      35224 total
- age   6:       4704 bytes,      39928 total
: 2233K->50K(2432K), 0.0006425 secs] 5460K->3281K(7936K), 0.0007131 secs] [Times: user=0.00 sys=0.00, real=0.00 secs] 
2017-07-06T17:38:28.109+0900: 14.185: [GC2017-07-06T17:38:28.110+0900: 14.185: [ParNew
Desired survivor size 131072 bytes, new threshold 6 (max 6)
- age   1:      16384 bytes,      16384 total
- age   2:       4840 bytes,      21224 total
- age   3:       4648 bytes,      25872 total
- age   4:       4704 bytes,      30576 total
- age   5:       4648 bytes,      35224 total
- age   6:       4704 bytes,      39928 total
: 2226K->53K(2432K), 0.0006767 secs] 5457K->3289K(7936K), 0.0007542 secs] [Times: user=0.00 sys=0.00, real=0.00 secs] 
2017-07-06T17:38:28.133+0900: 14.209: [GC2017-07-06T17:38:28.133+0900: 14.209: [ParNew
Desired survivor size 131072 bytes, new threshold 6 (max 6)
- age   1:      24400 bytes,      24400 total
- age   2:       4840 bytes,      29240 total
- age   3:       4704 bytes,      33944 total
- age   4:       4648 bytes,      38592 total
- age   5:       4704 bytes,      43296 total
- age   6:       4648 bytes,      47944 total
: 2216K->69K(2432K), 0.0006939 secs] 5452K->3310K(7936K), 0.0007769 secs] [Times: user=0.00 sys=0.00, real=0.00 secs] 
2017-07-06T17:38:28.152+0900: 14.228: [GC2017-07-06T17:38:28.152+0900: 14.228: [ParNew
Desired survivor size 131072 bytes, new threshold 6 (max 6)
- age   1:      22480 bytes,      22480 total
- age   2:       4784 bytes,      27264 total
- age   3:       4704 bytes,      31968 total
- age   4:       4704 bytes,      36672 total
- age   5:       4648 bytes,      41320 total
- age   6:       4704 bytes,      46024 total
: 2242K->62K(2432K), 0.0012195 secs] 5483K->3585K(7936K), 0.0013004 secs] [Times: user=0.00 sys=0.00, real=0.00 secs] 
2017-07-06T17:38:28.175+0900: 14.250: [GC2017-07-06T17:38:28.175+0900: 14.250: [ParNew
Desired survivor size 131072 bytes, new threshold 6 (max 6)
- age   1:      16384 bytes,      16384 total
- age   2:       4296 bytes,      20680 total
- age   3:       5104 bytes,      25784 total
- age   4:       5208 bytes,      30992 total
- age   5:       5112 bytes,      36104 total
- age   6:       4912 bytes,      41016 total
: 2232K->45K(2432K), 0.0006493 secs] 5755K->3573K(7936K), 0.0007213 secs] [Times: user=0.00 sys=0.00, real=0.00 secs] 
2017-07-06T17:38:28.196+0900: 14.272: [GC2017-07-06T17:38:28.196+0900: 14.272: [ParNew
Desired survivor size 131072 bytes, new threshold 6 (max 6)
- age   1:      24400 bytes,      24400 total
- age   2:       4840 bytes,      29240 total
- age   3:       4088 bytes,      33328 total
- age   4:       4648 bytes,      37976 total
- age   5:       4704 bytes,      42680 total
- age   6:       4992 bytes,      47672 total
: 2205K->56K(2432K), 0.0006772 secs] 5733K->3588K(7936K), 0.0007495 secs] [Times: user=0.00 sys=0.00, real=0.00 secs] 
2017-07-06T17:38:28.218+0900: 14.294: [GC2017-07-06T17:38:28.218+0900: 14.294: [ParNew
Desired survivor size 131072 bytes, new threshold 6 (max 6)
- age   1:      16384 bytes,      16384 total
- age   2:       4784 bytes,      21168 total
- age   3:       4704 bytes,      25872 total
- age   4:       4184 bytes,      30056 total
- age   5:       5056 bytes,      35112 total
- age   6:       5040 bytes,      40152 total
: 2232K->63K(2432K), 0.0006583 secs] 5764K->3599K(7936K), 0.0007392 secs] [Times: user=0.00 sys=0.00, real=0.00 secs] 
2017-07-06T17:38:28.244+0900: 14.320: [GC2017-07-06T17:38:28.245+0900: 14.320: [ParNew
Desired survivor size 131072 bytes, new threshold 6 (max 6)
- age   1:      16384 bytes,      16384 total
- age   2:       4840 bytes,      21224 total
- age   3:       4648 bytes,      25872 total
- age   4:       4704 bytes,      30576 total
- age   5:       4160 bytes,      34736 total
- age   6:       4912 bytes,      39648 total
: 2239K->49K(2432K), 0.0007016 secs] 5775K->3590K(7936K), 0.0007820 secs] [Times: user=0.00 sys=0.00, real=0.00 secs] 
2017-07-06T17:38:28.267+0900: 14.342: [GC2017-07-06T17:38:28.267+0900: 14.342: [ParNew
Desired survivor size 131072 bytes, new threshold 6 (max 6)
- age   1:      24400 bytes,      24400 total
- age   2:       4840 bytes,      29240 total
- age   3:       4704 bytes,      33944 total
- age   4:       4648 bytes,      38592 total
- age   5:       4704 bytes,      43296 total
- age   6:       4184 bytes,      47480 total
: 2209K->63K(2432K), 0.0006755 secs] 5750K->3609K(7936K), 0.0007504 secs] [Times: user=0.00 sys=0.00, real=0.00 secs] 
2017-07-06T17:38:28.289+0900: 14.364: [GC2017-07-06T17:38:28.289+0900: 14.364: [ParNew
Desired survivor size 131072 bytes, new threshold 6 (max 6)
- age   1:      16384 bytes,      16384 total
- age   2:       4784 bytes,      21168 total
- age   3:       4704 bytes,      25872 total
- age   4:       4704 bytes,      30576 total
- age   5:       4648 bytes,      35224 total
- age   6:       4704 bytes,      39928 total
: 2239K->61K(2432K), 0.0006339 secs] 5785K->3611K(7936K), 0.0007084 secs] [Times: user=0.00 sys=0.00, real=0.00 secs] 
2017-07-06T17:38:28.310+0900: 14.386: [GC2017-07-06T17:38:28.310+0900: 14.386: [ParNew
Desired survivor size 131072 bytes, new threshold 6 (max 6)
- age   1:      24400 bytes,      24400 total
- age   2:       4840 bytes,      29240 total
- age   3:       4648 bytes,      33888 total
- age   4:       4704 bytes,      38592 total
- age   5:       4704 bytes,      43296 total
- age   6:       4648 bytes,      47944 total
: 2223K->57K(2432K), 0.0006540 secs] 5773K->3611K(7936K), 0.0007281 secs] [Times: user=0.00 sys=0.00, real=0.00 secs] 
2017-07-06T17:38:28.332+0900: 14.408: [GC2017-07-06T17:38:28.332+0900: 14.408: [ParNew
Desired survivor size 131072 bytes, new threshold 6 (max 6)
- age   1:      16384 bytes,      16384 total
- age   2:       4784 bytes,      21168 total
- age   3:       4704 bytes,      25872 total
- age   4:       4648 bytes,      30520 total
- age   5:       4704 bytes,      35224 total
- age   6:       4704 bytes,      39928 total
: 2233K->50K(2432K), 0.0008831 secs] 5787K->3609K(7936K), 0.0009622 secs] [Times: user=0.00 sys=0.00, real=0.00 secs] 
2017-07-06T17:38:28.358+0900: 14.434: [GC2017-07-06T17:38:28.358+0900: 14.434: [ParNew
Desired survivor size 131072 bytes, new threshold 6 (max 6)
- age   1:      16384 bytes,      16384 total
- age   2:       4840 bytes,      21224 total
- age   3:       4648 bytes,      25872 total
- age   4:       4704 bytes,      30576 total
- age   5:       4648 bytes,      35224 total
- age   6:       4704 bytes,      39928 total
: 2226K->53K(2432K), 0.0007829 secs] 5785K->3617K(7936K), 0.0008681 secs] [Times: user=0.03 sys=0.00, real=0.00 secs] 
2017-07-06T17:38:28.381+0900: 14.456: [GC2017-07-06T17:38:28.381+0900: 14.456: [ParNew
Desired survivor size 131072 bytes, new threshold 6 (max 6)
- age   1:      24400 bytes,      24400 total
- age   2:       4840 bytes,      29240 total
- age   3:       4704 bytes,      33944 total
- age   4:       4648 bytes,      38592 total
- age   5:       4704 bytes,      43296 total
- age   6:       4648 bytes,      47944 total
: 2216K->69K(2432K), 0.0006823 secs] 5779K->3637K(7936K), 0.0007623 secs] [Times: user=0.00 sys=0.00, real=0.00 secs] 
2017-07-06T17:38:28.402+0900: 14.478: [GC2017-07-06T17:38:28.402+0900: 14.478: [ParNew
Desired survivor size 131072 bytes, new threshold 6 (max 6)
- age   1:      16384 bytes,      16384 total
- age   2:       4784 bytes,      21168 total
- age   3:       4704 bytes,      25872 total
- age   4:       4704 bytes,      30576 total
- age   5:       4648 bytes,      35224 total
- age   6:       4704 bytes,      39928 total
: 2245K->63K(2432K), 0.0006481 secs] 5813K->3636K(7936K), 0.0007187 secs] [Times: user=0.00 sys=0.00, real=0.00 secs] 
2017-07-06T17:38:28.424+0900: 14.500: [GC2017-07-06T17:38:28.424+0900: 14.500: [ParNew
Desired survivor size 131072 bytes, new threshold 6 (max 6)
- age   1:      24400 bytes,      24400 total
- age   2:       4840 bytes,      29240 total
- age   3:       4648 bytes,      33888 total
- age   4:       4704 bytes,      38592 total
- age   5:       4704 bytes,      43296 total
- age   6:       4648 bytes,      47944 total
: 2223K->57K(2432K), 0.0006314 secs] 5796K->3634K(7936K), 0.0007028 secs] [Times: user=0.00 sys=0.00, real=0.00 secs] 
2017-07-06T17:38:28.445+0900: 14.521: [GC2017-07-06T17:38:28.445+0900: 14.521: [ParNew
Desired survivor size 131072 bytes, new threshold 6 (max 6)
- age   1:      16384 bytes,      16384 total
- age   2:       4784 bytes,      21168 total
- age   3:       4704 bytes,      25872 total
- age   4:       4648 bytes,      30520 total
- age   5:       4704 bytes,      35224 total
- age   6:       4704 bytes,      39928 total
: 2233K->50K(2432K), 0.0141575 secs] 5810K->3632K(7936K), 0.0142551 secs] [Times: user=0.02 sys=0.00, real=0.02 secs] 
2017-07-06T17:38:28.485+0900: 14.560: [GC2017-07-06T17:38:28.485+0900: 14.560: [ParNew
Desired survivor size 131072 bytes, new threshold 6 (max 6)
- age   1:      24400 bytes,      24400 total
- age   2:       4840 bytes,      29240 total
- age   3:       4648 bytes,      33888 total
- age   4:       4704 bytes,      38592 total
- age   5:       4648 bytes,      43240 total
- age   6:       4704 bytes,      47944 total
: 2211K->68K(2432K), 0.0007033 secs] 5792K->3655K(7936K), 0.0007897 secs] [Times: user=0.00 sys=0.00, real=0.00 secs] 
2017-07-06T17:38:28.507+0900: 14.582: [GC2017-07-06T17:38:28.507+0900: 14.582: [ParNew
Desired survivor size 131072 bytes, new threshold 6 (max 6)
- age   1:      16384 bytes,      16384 total
- age   2:       4784 bytes,      21168 total
- age   3:       4704 bytes,      25872 total
- age   4:       4648 bytes,      30520 total
- age   5:       4704 bytes,      35224 total
- age   6:       4648 bytes,      39872 total
: 2244K->63K(2432K), 0.0006695 secs] 5831K->3654K(7936K), 0.0007474 secs] [Times: user=0.00 sys=0.00, real=0.00 secs] 
2017-07-06T17:38:28.528+0900: 14.604: [GC2017-07-06T17:38:28.528+0900: 14.604: [ParNew
Desired survivor size 131072 bytes, new threshold 6 (max 6)
- age   1:      24400 bytes,      24400 total
- age   2:       4840 bytes,      29240 total
- age   3:       4648 bytes,      33888 total
- age   4:       4704 bytes,      38592 total
- age   5:       4648 bytes,      43240 total
- age   6:       4704 bytes,      47944 total
: 2224K->57K(2432K), 0.0006369 secs] 5815K->3653K(7936K), 0.0007093 secs] [Times: user=0.00 sys=0.00, real=0.00 secs] 
2017-07-06T17:38:28.550+0900: 14.625: [GC2017-07-06T17:38:28.550+0900: 14.625: [ParNew
Desired survivor size 131072 bytes, new threshold 6 (max 6)
- age   1:      16384 bytes,      16384 total
- age   2:       4784 bytes,      21168 total
- age   3:       4704 bytes,      25872 total
- age   4:       4648 bytes,      30520 total
- age   5:       4704 bytes,      35224 total
- age   6:       4648 bytes,      39872 total
: 2233K->50K(2432K), 0.0006404 secs] 5829K->3650K(7936K), 0.0007097 secs] [Times: user=0.00 sys=0.00, real=0.00 secs] 
2017-07-06T17:38:28.575+0900: 14.651: [GC2017-07-06T17:38:28.575+0900: 14.651: [ParNew
Desired survivor size 131072 bytes, new threshold 6 (max 6)
- age   1:      16384 bytes,      16384 total
- age   2:       4840 bytes,      21224 total
- age   3:       4648 bytes,      25872 total
- age   4:       4704 bytes,      30576 total
- age   5:       4648 bytes,      35224 total
- age   6:       4704 bytes,      39928 total
: 2226K->53K(2432K), 0.0007093 secs] 5826K->3658K(7936K), 0.0007927 secs] [Times: user=0.00 sys=0.00, real=0.00 secs] 
2017-07-06T17:38:28.599+0900: 14.675: [GC2017-07-06T17:38:28.599+0900: 14.675: [ParNew
Desired survivor size 131072 bytes, new threshold 6 (max 6)
- age   1:      24400 bytes,      24400 total
- age   2:       4840 bytes,      29240 total
- age   3:       4704 bytes,      33944 total
- age   4:       4648 bytes,      38592 total
- age   5:       4704 bytes,      43296 total
- age   6:       4648 bytes,      47944 total
: 2215K->69K(2432K), 0.0006917 secs] 5820K->3678K(7936K), 0.0007722 secs] [Times: user=0.00 sys=0.00, real=0.00 secs] 
2017-07-06T17:38:28.621+0900: 14.697: [GC2017-07-06T17:38:28.621+0900: 14.697: [ParNew
Desired survivor size 131072 bytes, new threshold 6 (max 6)
- age   1:      16384 bytes,      16384 total
- age   2:       4784 bytes,      21168 total
- age   3:       4704 bytes,      25872 total
- age   4:       4704 bytes,      30576 total
- age   5:       4648 bytes,      35224 total
- age   6:       4704 bytes,      39928 total
: 2237K->63K(2432K), 0.0006605 secs] 5847K->3677K(7936K), 0.0007354 secs] [Times: user=0.00 sys=0.00, real=0.00 secs] 
2017-07-06T17:38:28.642+0900: 14.718: [GC2017-07-06T17:38:28.642+0900: 14.718: [ParNew
Desired survivor size 131072 bytes, new threshold 6 (max 6)
- age   1:      24400 bytes,      24400 total
- age   2:       4840 bytes,      29240 total
- age   3:       4648 bytes,      33888 total
- age   4:       4704 bytes,      38592 total
- age   5:       4704 bytes,      43296 total
- age   6:       4648 bytes,      47944 total
: 2224K->47K(2432K), 0.0006532 secs] 5838K->3665K(7936K), 0.0007320 secs] [Times: user=0.00 sys=0.00, real=0.00 secs] 
2017-07-06T17:38:28.664+0900: 14.740: [GC2017-07-06T17:38:28.664+0900: 14.740: [ParNew
Desired survivor size 131072 bytes, new threshold 6 (max 6)
- age   1:      16384 bytes,      16384 total
- age   2:       4784 bytes,      21168 total
- age   3:       4704 bytes,      25872 total
- age   4:       4648 bytes,      30520 total
- age   5:       4704 bytes,      35224 total
- age   6:       4704 bytes,      39928 total
: 2223K->50K(2432K), 0.0006459 secs] 5841K->3673K(7936K), 0.0007131 secs] [Times: user=0.00 sys=0.00, real=0.00 secs] 
2017-07-06T17:38:28.691+0900: 14.766: [GC2017-07-06T17:38:28.691+0900: 14.767: [ParNew
Desired survivor size 131072 bytes, new threshold 6 (max 6)
- age   1:      16384 bytes,      16384 total
- age   2:       4840 bytes,      21224 total
- age   3:       4648 bytes,      25872 total
- age   4:       4704 bytes,      30576 total
- age   5:       4648 bytes,      35224 total
- age   6:       4704 bytes,      39928 total
: 2226K->53K(2432K), 0.0032317 secs] 5849K->3681K(7936K), 0.0033340 secs] [Times: user=0.00 sys=0.00, real=0.00 secs] 
2017-07-06T17:38:28.715+0900: 14.791: [GC2017-07-06T17:38:28.715+0900: 14.791: [ParNew
Desired survivor size 131072 bytes, new threshold 6 (max 6)
- age   1:      24400 bytes,      24400 total
- age   2:       4840 bytes,      29240 total
- age   3:       4704 bytes,      33944 total
- age   4:       4648 bytes,      38592 total
- age   5:       4704 bytes,      43296 total
- age   6:       4648 bytes,      47944 total
: 2215K->69K(2432K), 0.0006943 secs] 5843K->3701K(7936K), 0.0007722 secs] [Times: user=0.00 sys=0.00, real=0.00 secs] 
2017-07-06T17:38:28.737+0900: 14.813: [GC2017-07-06T17:38:28.737+0900: 14.813: [ParNew
Desired survivor size 131072 bytes, new threshold 6 (max 6)
- age   1:      16384 bytes,      16384 total
- age   2:       4784 bytes,      21168 total
- age   3:       4704 bytes,      25872 total
- age   4:       4704 bytes,      30576 total
- age   5:       4648 bytes,      35224 total
- age   6:       4704 bytes,      39928 total
: 2245K->63K(2432K), 0.0006421 secs] 5877K->3700K(7936K), 0.0007131 secs] [Times: user=0.00 sys=0.00, real=0.00 secs] 
2017-07-06T17:38:28.759+0900: 14.834: [GC2017-07-06T17:38:28.759+0900: 14.834: [ParNew
Desired survivor size 131072 bytes, new threshold 6 (max 6)
- age   1:      16384 bytes,      16384 total
- age   2:       4840 bytes,      21224 total
- age   3:       4648 bytes,      25872 total
- age   4:       4704 bytes,      30576 total
- age   5:       4704 bytes,      35280 total
- age   6:       4648 bytes,      39928 total
: 2239K->49K(2432K), 0.0006378 secs] 5876K->3690K(7936K), 0.0007084 secs] [Times: user=0.00 sys=0.00, real=0.00 secs] 
2017-07-06T17:38:28.780+0900: 14.856: [GC2017-07-06T17:38:28.780+0900: 14.856: [ParNew
Desired survivor size 131072 bytes, new threshold 6 (max 6)
- age   1:      24400 bytes,      24400 total
- age   2:       4840 bytes,      29240 total
- age   3:       4704 bytes,      33944 total
- age   4:       4648 bytes,      38592 total
- age   5:       4704 bytes,      43296 total
- age   6:       4704 bytes,      48000 total
: 2211K->64K(2432K), 0.0006493 secs] 5853K->3710K(7936K), 0.0007230 secs] [Times: user=0.00 sys=0.00, real=0.00 secs] 
2017-07-06T17:38:28.807+0900: 14.883: [GC2017-07-06T17:38:28.807+0900: 14.883: [ParNew
Desired survivor size 131072 bytes, new threshold 6 (max 6)
- age   1:      16384 bytes,      16384 total
- age   2:       4784 bytes,      21168 total
- age   3:       4704 bytes,      25872 total
- age   4:       4704 bytes,      30576 total
- age   5:       4648 bytes,      35224 total
- age   6:       4704 bytes,      39928 total
: 2233K->62K(2432K), 0.0007041 secs] 5878K->3712K(7936K), 0.0007837 secs] [Times: user=0.00 sys=0.00, real=0.00 secs] 
2017-07-06T17:38:28.829+0900: 14.905: [GC2017-07-06T17:38:28.829+0900: 14.905: [ParNew
Desired survivor size 131072 bytes, new threshold 6 (max 6)
- age   1:      24400 bytes,      24400 total
- age   2:       4840 bytes,      29240 total
- age   3:       4648 bytes,      33888 total
- age   4:       4704 bytes,      38592 total
- age   5:       4704 bytes,      43296 total
- age   6:       4648 bytes,      47944 total
: 2224K->57K(2432K), 0.0006665 secs] 5874K->3712K(7936K), 0.0007499 secs] [Times: user=0.00 sys=0.00, real=0.00 secs] 
2017-07-06T17:38:28.851+0900: 14.927: [GC2017-07-06T17:38:28.851+0900: 14.927: [ParNew
Desired survivor size 131072 bytes, new threshold 6 (max 6)
- age   1:      16384 bytes,      16384 total
- age   2:       4784 bytes,      21168 total
- age   3:       4704 bytes,      25872 total
- age   4:       4648 bytes,      30520 total
- age   5:       4704 bytes,      35224 total
- age   6:       4704 bytes,      39928 total
: 2233K->50K(2432K), 0.0006887 secs] 5888K->3710K(7936K), 0.0007598 secs] [Times: user=0.00 sys=0.00, real=0.00 secs] 
2017-07-06T17:38:28.872+0900: 14.948: [GC2017-07-06T17:38:28.872+0900: 14.948: [ParNew
Desired survivor size 131072 bytes, new threshold 6 (max 6)
- age   1:      16384 bytes,      16384 total
- age   2:       4840 bytes,      21224 total
- age   3:       4648 bytes,      25872 total
- age   4:       4704 bytes,      30576 total
- age   5:       4648 bytes,      35224 total
- age   6:       4704 bytes,      39928 total
: 2226K->53K(2432K), 0.0006562 secs] 5886K->3717K(7936K), 0.0007281 secs] [Times: user=0.02 sys=0.00, real=0.00 secs] 
2017-07-06T17:38:28.896+0900: 14.972: [GC2017-07-06T17:38:28.896+0900: 14.972: [ParNew
Desired survivor size 131072 bytes, new threshold 6 (max 6)
- age   1:      24400 bytes,      24400 total
- age   2:       4840 bytes,      29240 total
- age   3:       4704 bytes,      33944 total
- age   4:       4648 bytes,      38592 total
- age   5:       4704 bytes,      43296 total
- age   6:       4648 bytes,      47944 total
: 2216K->69K(2432K), 0.0008287 secs] 5880K->3738K(7936K), 0.0009139 secs] [Times: user=0.00 sys=0.00, real=0.00 secs] 
2017-07-06T17:38:28.918+0900: 14.994: [GC2017-07-06T17:38:28.918+0900: 14.994: [ParNew
Desired survivor size 131072 bytes, new threshold 6 (max 6)
- age   1:      16384 bytes,      16384 total
- age   2:       4784 bytes,      21168 total
- age   3:       4704 bytes,      25872 total
- age   4:       4704 bytes,      30576 total
- age   5:       4648 bytes,      35224 total
- age   6:       4704 bytes,      39928 total
: 2245K->63K(2432K), 0.0006609 secs] 5914K->3736K(7936K), 0.0007341 secs] [Times: user=0.00 sys=0.00, real=0.00 secs] 
2017-07-06T17:38:28.939+0900: 15.015: [GC2017-07-06T17:38:28.939+0900: 15.015: [ParNew
Desired survivor size 131072 bytes, new threshold 6 (max 6)
- age   1:      24400 bytes,      24400 total
- age   2:       4840 bytes,      29240 total
- age   3:       4648 bytes,      33888 total
- age   4:       4704 bytes,      38592 total
- age   5:       4704 bytes,      43296 total
- age   6:       4648 bytes,      47944 total
: 2223K->57K(2432K), 0.0006352 secs] 5896K->3735K(7936K), 0.0007058 secs] [Times: user=0.00 sys=0.00, real=0.00 secs] 
2017-07-06T17:38:28.961+0900: 15.036: [GC2017-07-06T17:38:28.961+0900: 15.036: [ParNew
Desired survivor size 131072 bytes, new threshold 6 (max 6)
- age   1:      16384 bytes,      16384 total
- age   2:       4784 bytes,      21168 total
- age   3:       4704 bytes,      25872 total
- age   4:       4648 bytes,      30520 total
- age   5:       4704 bytes,      35224 total
- age   6:       4704 bytes,      39928 total
: 2233K->50K(2432K), 0.0006412 secs] 5911K->3732K(7936K), 0.0007093 secs] [Times: user=0.00 sys=0.00, real=0.00 secs] 
2017-07-06T17:38:28.982+0900: 15.058: [GC2017-07-06T17:38:28.982+0900: 15.058: [ParNew
Desired survivor size 131072 bytes, new threshold 6 (max 6)
- age   1:      24400 bytes,      24400 total
- age   2:       4840 bytes,      29240 total
- age   3:       4648 bytes,      33888 total
- age   4:       4704 bytes,      38592 total
- age   5:       4648 bytes,      43240 total
- age   6:       4704 bytes,      47944 total
: 2211K->68K(2432K), 0.0006455 secs] 5893K->3755K(7936K), 0.0007208 secs] [Times: user=0.03 sys=0.00, real=0.00 secs] 
2017-07-06T17:38:29.004+0900: 15.080: [GC2017-07-06T17:38:29.005+0900: 15.080: [ParNew
Desired survivor size 131072 bytes, new threshold 6 (max 6)
- age   1:      16384 bytes,      16384 total
- age   2:       4784 bytes,      21168 total
- age   3:       4704 bytes,      25872 total
- age   4:       4648 bytes,      30520 total
- age   5:       4704 bytes,      35224 total
- age   6:       4648 bytes,      39872 total
: 2244K->44K(2432K), 0.0015281 secs] 5931K->3736K(7936K), 0.0016398 secs] [Times: user=0.00 sys=0.00, real=0.00 secs] 
2017-07-06T17:38:29.027+0900: 15.103: [GC2017-07-06T17:38:29.027+0900: 15.103: [ParNew
Desired survivor size 131072 bytes, new threshold 6 (max 6)
- age   1:      24400 bytes,      24400 total
- age   2:       4840 bytes,      29240 total
- age   3:       4648 bytes,      33888 total
- age   4:       4704 bytes,      38592 total
- age   5:       4648 bytes,      43240 total
- age   6:       4704 bytes,      47944 total
: 2205K->72K(2432K), 0.0006780 secs] 5897K->3768K(7936K), 0.0007534 secs] [Times: user=0.00 sys=0.00, real=0.00 secs] 
2017-07-06T17:38:29.049+0900: 15.124: [GC2017-07-06T17:38:29.049+0900: 15.125: [ParNew
Desired survivor size 131072 bytes, new threshold 6 (max 6)
- age   1:      16384 bytes,      16384 total
- age   2:       4784 bytes,      21168 total
- age   3:       4704 bytes,      25872 total
- age   4:       4648 bytes,      30520 total
- age   5:       4704 bytes,      35224 total
- age   6:       4648 bytes,      39872 total
: 2248K->64K(2432K), 0.0006558 secs] 5944K->3764K(7936K), 0.0007294 secs] [Times: user=0.00 sys=0.00, real=0.00 secs] 
2017-07-06T17:38:29.070+0900: 15.146: [GC2017-07-06T17:38:29.070+0900: 15.146: [ParNew
Desired survivor size 131072 bytes, new threshold 6 (max 6)
- age   1:      16384 bytes,      16384 total
- age   2:       4840 bytes,      21224 total
- age   3:       4648 bytes,      25872 total
- age   4:       4704 bytes,      30576 total
- age   5:       4648 bytes,      35224 total
- age   6:       4704 bytes,      39928 total
: 2240K->49K(2432K), 0.0006361 secs] 5940K->3755K(7936K), 0.0007105 secs] [Times: user=0.00 sys=0.00, real=0.00 secs] 
2017-07-06T17:38:29.092+0900: 15.167: [GC2017-07-06T17:38:29.092+0900: 15.167: [ParNew
Desired survivor size 131072 bytes, new threshold 6 (max 6)
- age   1:      24400 bytes,      24400 total
- age   2:       4840 bytes,      29240 total
- age   3:       4704 bytes,      33944 total
- age   4:       4648 bytes,      38592 total
- age   5:       4704 bytes,      43296 total
- age   6:       4648 bytes,      47944 total
: 2212K->65K(2432K), 0.0006339 secs] 5917K->3774K(7936K), 0.0007041 secs] [Times: user=0.00 sys=0.00, real=0.00 secs] 
2017-07-06T17:38:29.114+0900: 15.190: [GC2017-07-06T17:38:29.114+0900: 15.190: [ParNew
Desired survivor size 131072 bytes, new threshold 6 (max 6)
- age   1:      16384 bytes,      16384 total
- age   2:       4784 bytes,      21168 total
- age   3:       4704 bytes,      25872 total
- age   4:       4704 bytes,      30576 total
- age   5:       4648 bytes,      35224 total
- age   6:       4704 bytes,      39928 total
: 2233K->44K(2432K), 0.0009045 secs] 5942K->3758K(7936K), 0.0009866 secs] [Times: user=0.00 sys=0.00, real=0.00 secs] 
2017-07-06T17:38:29.140+0900: 15.215: [GC2017-07-06T17:38:29.140+0900: 15.215: [ParNew
Desired survivor size 131072 bytes, new threshold 6 (max 6)
- age   1:      24400 bytes,      24400 total
- age   2:       4840 bytes,      29240 total
- age   3:       4648 bytes,      33888 total
- age   4:       4704 bytes,      38592 total
- age   5:       4704 bytes,      43296 total
- age   6:       4648 bytes,      47944 total
: 2205K->72K(2432K), 0.0006973 secs] 5919K->3791K(7936K), 0.0007816 secs] [Times: user=0.00 sys=0.00, real=0.00 secs] 
2017-07-06T17:38:29.162+0900: 15.237: [GC2017-07-06T17:38:29.162+0900: 15.237: [ParNew
Desired survivor size 131072 bytes, new threshold 6 (max 6)
- age   1:      16384 bytes,      16384 total
- age   2:       4784 bytes,      21168 total
- age   3:       4704 bytes,      25872 total
- age   4:       4648 bytes,      30520 total
- age   5:       4704 bytes,      35224 total
- age   6:       4704 bytes,      39928 total
: 2248K->63K(2432K), 0.0006716 secs] 5967K->3787K(7936K), 0.0007469 secs] [Times: user=0.00 sys=0.00, real=0.00 secs] 
2017-07-06T17:38:29.183+0900: 15.259: [GC2017-07-06T17:38:29.183+0900: 15.259: [ParNew
Desired survivor size 131072 bytes, new threshold 6 (max 6)
- age   1:      16384 bytes,      16384 total
- age   2:       4840 bytes,      21224 total
- age   3:       4648 bytes,      25872 total
- age   4:       4704 bytes,      30576 total
- age   5:       4648 bytes,      35224 total
- age   6:       4704 bytes,      39928 total
: 2239K->49K(2432K), 0.0006686 secs] 5963K->3777K(7936K), 0.0007427 secs] [Times: user=0.00 sys=0.00, real=0.00 secs] 
2017-07-06T17:38:29.205+0900: 15.280: [GC2017-07-06T17:38:29.205+0900: 15.281: [ParNew
Desired survivor size 131072 bytes, new threshold 6 (max 6)
- age   1:      24400 bytes,      24400 total
- age   2:       4840 bytes,      29240 total
- age   3:       4704 bytes,      33944 total
- age   4:       4648 bytes,      38592 total
- age   5:       4704 bytes,      43296 total
- age   6:       4648 bytes,      47944 total
: 2212K->65K(2432K), 0.0006451 secs] 5940K->3797K(7936K), 0.0007161 secs] [Times: user=0.00 sys=0.00, real=0.00 secs] 
2017-07-06T17:38:29.228+0900: 15.304: [GC2017-07-06T17:38:29.228+0900: 15.304: [ParNew
Desired survivor size 131072 bytes, new threshold 6 (max 6)
- age   1:      16384 bytes,      16384 total
- age   2:       4784 bytes,      21168 total
- age   3:       4704 bytes,      25872 total
- age   4:       4704 bytes,      30576 total
- age   5:       4648 bytes,      35224 total
- age   6:       4704 bytes,      39928 total
: 2241K->62K(2432K), 0.0006917 secs] 5973K->3799K(7936K), 0.0007743 secs] [Times: user=0.00 sys=0.00, real=0.00 secs] 
2017-07-06T17:38:29.254+0900: 15.330: [GC2017-07-06T17:38:29.254+0900: 15.330: [ParNew
Desired survivor size 131072 bytes, new threshold 6 (max 6)
- age   1:      16384 bytes,      16384 total
- age   2:       4840 bytes,      21224 total
- age   3:       4648 bytes,      25872 total
- age   4:       4704 bytes,      30576 total
- age   5:       4704 bytes,      35280 total
- age   6:       4648 bytes,      39928 total
: 2238K->49K(2432K), 0.0007097 secs] 5975K->3791K(7936K), 0.0007902 secs] [Times: user=0.00 sys=0.00, real=0.00 secs] 
2017-07-06T17:38:29.275+0900: 15.351: [GC2017-07-06T17:38:29.275+0900: 15.351: [ParNew
Desired survivor size 131072 bytes, new threshold 6 (max 6)
- age   1:      24400 bytes,      24400 total
- age   2:       4840 bytes,      29240 total
- age   3:       4704 bytes,      33944 total
- age   4:       4648 bytes,      38592 total
- age   5:       4704 bytes,      43296 total
- age   6:       4704 bytes,      48000 total
: 2211K->64K(2432K), 0.0006506 secs] 5953K->3811K(7936K), 0.0007260 secs] [Times: user=0.00 sys=0.00, real=0.00 secs] 
2017-07-06T17:38:29.297+0900: 15.373: [GC2017-07-06T17:38:29.297+0900: 15.373: [ParNew
Desired survivor size 131072 bytes, new threshold 6 (max 6)
- age   1:      16384 bytes,      16384 total
- age   2:       4784 bytes,      21168 total
- age   3:       4704 bytes,      25872 total
- age   4:       4704 bytes,      30576 total
- age   5:       4648 bytes,      35224 total
- age   6:       4704 bytes,      39928 total
: 2233K->62K(2432K), 0.0006669 secs] 5979K->3813K(7936K), 0.0007431 secs] [Times: user=0.00 sys=0.00, real=0.00 secs] 
2017-07-06T17:38:29.319+0900: 15.395: [GC2017-07-06T17:38:29.319+0900: 15.395: [ParNew
Desired survivor size 131072 bytes, new threshold 6 (max 6)
- age   1:      24400 bytes,      24400 total
- age   2:       4840 bytes,      29240 total
- age   3:       4648 bytes,      33888 total
- age   4:       4704 bytes,      38592 total
- age   5:       4704 bytes,      43296 total
- age   6:       4648 bytes,      47944 total
: 2224K->57K(2432K), 0.0006583 secs] 5974K->3812K(7936K), 0.0007379 secs] [Times: user=0.00 sys=0.00, real=0.00 secs] 
2017-07-06T17:38:29.343+0900: 15.418: [GC2017-07-06T17:38:29.343+0900: 15.418: [ParNew
Desired survivor size 131072 bytes, new threshold 6 (max 6)
- age   1:      16384 bytes,      16384 total
- age   2:       4784 bytes,      21168 total
- age   3:       4704 bytes,      25872 total
- age   4:       4648 bytes,      30520 total
- age   5:       4704 bytes,      35224 total
- age   6:       4704 bytes,      39928 total
: 2233K->50K(2432K), 0.0007058 secs] 5988K->3810K(7936K), 0.0007914 secs] [Times: user=0.00 sys=0.00, real=0.00 secs] 
2017-07-06T17:38:29.370+0900: 15.445: [GC2017-07-06T17:38:29.370+0900: 15.445: [ParNew
Desired survivor size 131072 bytes, new threshold 6 (max 6)
- age   1:      16384 bytes,      16384 total
- age   2:       4840 bytes,      21224 total
- age   3:       4648 bytes,      25872 total
- age   4:       4704 bytes,      30576 total
- age   5:       4648 bytes,      35224 total
- age   6:       4704 bytes,      39928 total
: 2226K->53K(2432K), 0.0007041 secs] 5986K->3818K(7936K), 0.0007842 secs] [Times: user=0.00 sys=0.00, real=0.00 secs] 
2017-07-06T17:38:29.391+0900: 15.467: [GC2017-07-06T17:38:29.391+0900: 15.467: [ParNew
Desired survivor size 131072 bytes, new threshold 6 (max 6)
- age   1:      24400 bytes,      24400 total
- age   2:       4840 bytes,      29240 total
- age   3:       4704 bytes,      33944 total
- age   4:       4648 bytes,      38592 total
- age   5:       4704 bytes,      43296 total
- age   6:       4648 bytes,      47944 total
: 2216K->69K(2432K), 0.0006763 secs] 5980K->3838K(7936K), 0.0007525 secs] [Times: user=0.00 sys=0.00, real=0.00 secs] 
2017-07-06T17:38:29.413+0900: 15.488: [GC2017-07-06T17:38:29.413+0900: 15.488: [ParNew
Desired survivor size 131072 bytes, new threshold 6 (max 6)
- age   1:      16384 bytes,      16384 total
- age   2:       4784 bytes,      21168 total
- age   3:       4704 bytes,      25872 total
- age   4:       4704 bytes,      30576 total
- age   5:       4648 bytes,      35224 total
- age   6:       4704 bytes,      39928 total
: 2245K->63K(2432K), 0.0006455 secs] 6014K->3837K(7936K), 0.0007165 secs] [Times: user=0.00 sys=0.00, real=0.00 secs] 
2017-07-06T17:38:29.434+0900: 15.510: [GC2017-07-06T17:38:29.434+0900: 15.510: [ParNew
Desired survivor size 131072 bytes, new threshold 6 (max 6)
- age   1:      24400 bytes,      24400 total
- age   2:       4840 bytes,      29240 total
- age   3:       4648 bytes,      33888 total
- age   4:       4704 bytes,      38592 total
- age   5:       4704 bytes,      43296 total
- age   6:       4648 bytes,      47944 total
: 2223K->57K(2432K), 0.0006395 secs] 5997K->3835K(7936K), 0.0007127 secs] [Times: user=0.02 sys=0.00, real=0.00 secs] 
2017-07-06T17:38:29.460+0900: 15.536: [GC2017-07-06T17:38:29.460+0900: 15.536: [ParNew
Desired survivor size 131072 bytes, new threshold 6 (max 6)
- age   1:      16384 bytes,      16384 total
- age   2:       4784 bytes,      21168 total
- age   3:       4704 bytes,      25872 total
- age   4:       4648 bytes,      30520 total
- age   5:       4704 bytes,      35224 total
- age   6:       4704 bytes,      39928 total
: 2233K->50K(2432K), 0.0007016 secs] 6011K->3833K(7936K), 0.0007846 secs] [Times: user=0.00 sys=0.00, real=0.00 secs] 
2017-07-06T17:38:29.483+0900: 15.559: [GC2017-07-06T17:38:29.483+0900: 15.559: [ParNew
Desired survivor size 131072 bytes, new threshold 6 (max 6)
- age   1:      24400 bytes,      24400 total
- age   2:       4840 bytes,      29240 total
- age   3:       4648 bytes,      33888 total
- age   4:       4704 bytes,      38592 total
- age   5:       4648 bytes,      43240 total
- age   6:       4704 bytes,      47944 total
: 2211K->68K(2432K), 0.0006879 secs] 5994K->3856K(7936K), 0.0007735 secs] [Times: user=0.00 sys=0.00, real=0.00 secs] 
2017-07-06T17:38:29.505+0900: 15.580: [GC2017-07-06T17:38:29.505+0900: 15.580: [ParNew
Desired survivor size 131072 bytes, new threshold 6 (max 6)
- age   1:      16384 bytes,      16384 total
- age   2:       4784 bytes,      21168 total
- age   3:       4704 bytes,      25872 total
- age   4:       4648 bytes,      30520 total
- age   5:       4704 bytes,      35224 total
- age   6:       4648 bytes,      39872 total
: 2244K->63K(2432K), 0.0006421 secs] 6032K->3855K(7936K), 0.0007131 secs] [Times: user=0.00 sys=0.00, real=0.00 secs] 
2017-07-06T17:38:29.526+0900: 15.602: [GC2017-07-06T17:38:29.526+0900: 15.602: [ParNew
Desired survivor size 131072 bytes, new threshold 6 (max 6)
- age   1:      24400 bytes,      24400 total
- age   2:       4840 bytes,      29240 total
- age   3:       4648 bytes,      33888 total
- age   4:       4704 bytes,      38592 total
- age   5:       4648 bytes,      43240 total
- age   6:       4704 bytes,      47944 total
: 2224K->57K(2432K), 0.0006292 secs] 6016K->3854K(7936K), 0.0006973 secs] [Times: user=0.00 sys=0.00, real=0.00 secs] 
2017-07-06T17:38:29.548+0900: 15.623: [GC2017-07-06T17:38:29.548+0900: 15.623: [ParNew
Desired survivor size 131072 bytes, new threshold 6 (max 6)
- age   1:      16384 bytes,      16384 total
- age   2:       4784 bytes,      21168 total
- age   3:       4704 bytes,      25872 total
- age   4:       4648 bytes,      30520 total
- age   5:       4704 bytes,      35224 total
- age   6:       4648 bytes,      39872 total
: 2233K->50K(2432K), 0.0006309 secs] 6030K->3851K(7936K), 0.0006990 secs] [Times: user=0.00 sys=0.00, real=0.00 secs] 
2017-07-06T17:38:29.570+0900: 15.646: [GC2017-07-06T17:38:29.570+0900: 15.646: [ParNew
Desired survivor size 131072 bytes, new threshold 6 (max 6)
- age   1:      16384 bytes,      16384 total
- age   2:       4840 bytes,      21224 total
- age   3:       4648 bytes,      25872 total
- age   4:       4704 bytes,      30576 total
- age   5:       4648 bytes,      35224 total
- age   6:       4704 bytes,      39928 total
: 2226K->53K(2432K), 0.0007054 secs] 6027K->3859K(7936K), 0.0007880 secs] [Times: user=0.00 sys=0.00, real=0.00 secs] 
2017-07-06T17:38:29.596+0900: 15.672: [GC2017-07-06T17:38:29.596+0900: 15.672: [ParNew
Desired survivor size 131072 bytes, new threshold 6 (max 6)
- age   1:      24400 bytes,      24400 total
- age   2:       4840 bytes,      29240 total
- age   3:       4704 bytes,      33944 total
- age   4:       4648 bytes,      38592 total
- age   5:       4704 bytes,      43296 total
- age   6:       4648 bytes,      47944 total
: 2215K->54K(2432K), 0.0009331 secs] 6021K->3864K(7936K), 0.0010367 secs] [Times: user=0.00 sys=0.00, real=0.00 secs] 
2017-07-06T17:38:29.618+0900: 15.694: [GC2017-07-06T17:38:29.618+0900: 15.694: [ParNew
Desired survivor size 131072 bytes, new threshold 6 (max 6)
- age   1:      16384 bytes,      16384 total
- age   2:       4784 bytes,      21168 total
- age   3:       4704 bytes,      25872 total
- age   4:       4704 bytes,      30576 total
- age   5:       4648 bytes,      35224 total
- age   6:       4704 bytes,      39928 total
: 2222K->63K(2432K), 0.0006712 secs] 6032K->3878K(7936K), 0.0007444 secs] [Times: user=0.00 sys=0.00, real=0.00 secs] 
2017-07-06T17:38:29.639+0900: 15.715: [GC2017-07-06T17:38:29.639+0900: 15.715: [ParNew
Desired survivor size 131072 bytes, new threshold 6 (max 6)
- age   1:      24400 bytes,      24400 total
- age   2:       4840 bytes,      29240 total
- age   3:       4648 bytes,      33888 total
- age   4:       4704 bytes,      38592 total
- age   5:       4704 bytes,      43296 total
- age   6:       4648 bytes,      47944 total
: 2224K->57K(2432K), 0.0006425 secs] 6039K->3877K(7936K), 0.0007140 secs] [Times: user=0.00 sys=0.00, real=0.00 secs] 
2017-07-06T17:38:29.661+0900: 15.736: [GC2017-07-06T17:38:29.661+0900: 15.737: [ParNew
Desired survivor size 131072 bytes, new threshold 6 (max 6)
- age   1:      16384 bytes,      16384 total
- age   2:       4784 bytes,      21168 total
- age   3:       4704 bytes,      25872 total
- age   4:       4648 bytes,      30520 total
- age   5:       4704 bytes,      35224 total
- age   6:       4704 bytes,      39928 total
: 2233K->50K(2432K), 0.0006292 secs] 6053K->3874K(7936K), 0.0007067 secs] [Times: user=0.00 sys=0.00, real=0.00 secs] 
2017-07-06T17:38:29.687+0900: 15.763: [GC2017-07-06T17:38:29.687+0900: 15.763: [ParNew
Desired survivor size 131072 bytes, new threshold 6 (max 6)
- age   1:      16384 bytes,      16384 total
- age   2:       4840 bytes,      21224 total
- age   3:       4648 bytes,      25872 total
- age   4:       4704 bytes,      30576 total
- age   5:       4648 bytes,      35224 total
- age   6:       4704 bytes,      39928 total
: 2226K->53K(2432K), 0.0007020 secs] 6050K->3882K(7936K), 0.0007855 secs] [Times: user=0.00 sys=0.00, real=0.00 secs] 
2017-07-06T17:38:29.709+0900: 15.784: [GC2017-07-06T17:38:29.709+0900: 15.784: [ParNew
Desired survivor size 131072 bytes, new threshold 6 (max 6)
- age   1:      24400 bytes,      24400 total
- age   2:       4840 bytes,      29240 total
- age   3:       4704 bytes,      33944 total
- age   4:       4648 bytes,      38592 total
- age   5:       4704 bytes,      43296 total
- age   6:       4648 bytes,      47944 total
: 2215K->69K(2432K), 0.0006699 secs] 6044K->3902K(7936K), 0.0007465 secs] [Times: user=0.00 sys=0.00, real=0.00 secs] 
2017-07-06T17:38:29.731+0900: 15.806: [GC2017-07-06T17:38:29.731+0900: 15.806: [ParNew
Desired survivor size 131072 bytes, new threshold 6 (max 6)
- age   1:      16384 bytes,      16384 total
- age   2:       4784 bytes,      21168 total
- age   3:       4704 bytes,      25872 total
- age   4:       4704 bytes,      30576 total
- age   5:       4648 bytes,      35224 total
- age   6:       4704 bytes,      39928 total
: 2245K->63K(2432K), 0.0006519 secs] 6078K->3901K(7936K), 0.0007255 secs] [Times: user=0.00 sys=0.00, real=0.00 secs] 
2017-07-06T17:38:29.752+0900: 15.828: [GC2017-07-06T17:38:29.752+0900: 15.828: [ParNew
Desired survivor size 131072 bytes, new threshold 6 (max 6)
- age   1:      16384 bytes,      16384 total
- age   2:       4840 bytes,      21224 total
- age   3:       4648 bytes,      25872 total
- age   4:       4704 bytes,      30576 total
- age   5:       4704 bytes,      35280 total
- age   6:       4648 bytes,      39928 total
: 2239K->49K(2432K), 0.0006532 secs] 6077K->3892K(7936K), 0.0007230 secs] [Times: user=0.00 sys=0.00, real=0.00 secs] 
2017-07-06T17:38:29.773+0900: 15.849: [GC2017-07-06T17:38:29.773+0900: 15.849: [ParNew
Desired survivor size 131072 bytes, new threshold 6 (max 6)
- age   1:      24400 bytes,      24400 total
- age   2:       4840 bytes,      29240 total
- age   3:       4704 bytes,      33944 total
- age   4:       4648 bytes,      38592 total
- age   5:       4704 bytes,      43296 total
- age   6:       4704 bytes,      48000 total
: 2211K->64K(2432K), 0.0006275 secs] 6054K->3911K(7936K), 0.0006943 secs] [Times: user=0.00 sys=0.00, real=0.00 secs] 
2017-07-06T17:38:29.798+0900: 15.874: [GC2017-07-06T17:38:29.798+0900: 15.874: [ParNew
Desired survivor size 131072 bytes, new threshold 6 (max 6)
- age   1:      16384 bytes,      16384 total
- age   2:       4784 bytes,      21168 total
- age   3:       4704 bytes,      25872 total
- age   4:       4704 bytes,      30576 total
- age   5:       4648 bytes,      35224 total
- age   6:       4704 bytes,      39928 total
: 2233K->44K(2432K), 0.0046451 secs] 6079K->3895K(7936K), 0.0047457 secs] [Times: user=0.00 sys=0.00, real=0.00 secs] 
2017-07-06T17:38:29.825+0900: 15.901: [GC2017-07-06T17:38:29.825+0900: 15.901: [ParNew
Desired survivor size 131072 bytes, new threshold 6 (max 6)
- age   1:      24400 bytes,      24400 total
- age   2:       4840 bytes,      29240 total
- age   3:       4648 bytes,      33888 total
- age   4:       4704 bytes,      38592 total
- age   5:       4704 bytes,      43296 total
- age   6:       4648 bytes,      47944 total
: 2205K->72K(2432K), 0.0007114 secs] 6057K->3928K(7936K), 0.0007936 secs] [Times: user=0.00 sys=0.00, real=0.00 secs] 
2017-07-06T17:38:29.847+0900: 15.923: [GC2017-07-06T17:38:29.847+0900: 15.923: [ParNew
Desired survivor size 131072 bytes, new threshold 6 (max 6)
- age   1:      16384 bytes,      16384 total
- age   2:       4784 bytes,      21168 total
- age   3:       4704 bytes,      25872 total
- age   4:       4648 bytes,      30520 total
- age   5:       4704 bytes,      35224 total
- age   6:       4704 bytes,      39928 total
: 2248K->63K(2432K), 0.0006767 secs] 6104K->3924K(7936K), 0.0007495 secs] [Times: user=0.00 sys=0.00, real=0.00 secs] 
2017-07-06T17:38:29.869+0900: 15.945: [GC2017-07-06T17:38:29.869+0900: 15.945: [ParNew
Desired survivor size 131072 bytes, new threshold 6 (max 6)
- age   1:      16384 bytes,      16384 total
- age   2:       4840 bytes,      21224 total
- age   3:       4648 bytes,      25872 total
- age   4:       4704 bytes,      30576 total
- age   5:       4648 bytes,      35224 total
- age   6:       4704 bytes,      39928 total
: 2239K->49K(2432K), 0.0006553 secs] 6100K->3915K(7936K), 0.0007277 secs] [Times: user=0.00 sys=0.00, real=0.00 secs] 
2017-07-06T17:38:29.890+0900: 15.966: [GC2017-07-06T17:38:29.890+0900: 15.966: [ParNew
Desired survivor size 131072 bytes, new threshold 6 (max 6)
- age   1:      24400 bytes,      24400 total
- age   2:       4840 bytes,      29240 total
- age   3:       4704 bytes,      33944 total
- age   4:       4648 bytes,      38592 total
- age   5:       4704 bytes,      43296 total
- age   6:       4648 bytes,      47944 total
: 2212K->65K(2432K), 0.0006515 secs] 6077K->3934K(7936K), 0.0007234 secs] [Times: user=0.00 sys=0.00, real=0.00 secs] 
2017-07-06T17:38:29.915+0900: 15.991: [GC2017-07-06T17:38:29.915+0900: 15.991: [ParNew
Desired survivor size 131072 bytes, new threshold 6 (max 6)
- age   1:      16384 bytes,      16384 total
- age   2:       4784 bytes,      21168 total
- age   3:       4704 bytes,      25872 total
- age   4:       4704 bytes,      30576 total
- age   5:       4648 bytes,      35224 total
- age   6:       4704 bytes,      39928 total
: 2241K->44K(2432K), 0.0086884 secs] 6110K->3918K(7936K), 0.0088005 secs] [Times: user=0.02 sys=0.00, real=0.01 secs] 
2017-07-06T17:38:29.946+0900: 16.022: [GC2017-07-06T17:38:29.946+0900: 16.022: [ParNew
Desired survivor size 131072 bytes, new threshold 6 (max 6)
- age   1:      24400 bytes,      24400 total
- age   2:       4840 bytes,      29240 total
- age   3:       4648 bytes,      33888 total
- age   4:       4704 bytes,      38592 total
- age   5:       4704 bytes,      43296 total
- age   6:       4648 bytes,      47944 total
: 2204K->72K(2432K), 0.0008415 secs] 6078K->3951K(7936K), 0.0009306 secs] [Times: user=0.00 sys=0.00, real=0.00 secs] 
2017-07-06T17:38:29.968+0900: 16.044: [GC2017-07-06T17:38:29.968+0900: 16.044: [ParNew
Desired survivor size 131072 bytes, new threshold 6 (max 6)
- age   1:      16384 bytes,      16384 total
- age   2:       4784 bytes,      21168 total
- age   3:       4704 bytes,      25872 total
- age   4:       4648 bytes,      30520 total
- age   5:       4704 bytes,      35224 total
- age   6:       4704 bytes,      39928 total
: 2248K->63K(2432K), 0.0006939 secs] 6127K->3947K(7936K), 0.0007795 secs] [Times: user=0.00 sys=0.00, real=0.00 secs] 
2017-07-06T17:38:29.990+0900: 16.066: [GC2017-07-06T17:38:29.990+0900: 16.066: [ParNew
Desired survivor size 131072 bytes, new threshold 6 (max 6)
- age   1:      24400 bytes,      24400 total
- age   2:       4840 bytes,      29240 total
- age   3:       4648 bytes,      33888 total
- age   4:       4704 bytes,      38592 total
- age   5:       4648 bytes,      43240 total
- age   6:       4704 bytes,      47944 total
: 2224K->47K(2432K), 0.0006660 secs] 6107K->3935K(7936K), 0.0007384 secs] [Times: user=0.00 sys=0.00, real=0.00 secs] 
2017-07-06T17:38:30.011+0900: 16.087: [GC2017-07-06T17:38:30.011+0900: 16.087: [ParNew
Desired survivor size 131072 bytes, new threshold 6 (max 6)
- age   1:      16384 bytes,      16384 total
- age   2:       4784 bytes,      21168 total
- age   3:       4704 bytes,      25872 total
- age   4:       4648 bytes,      30520 total
- age   5:       4704 bytes,      35224 total
- age   6:       4648 bytes,      39872 total
: 2223K->50K(2432K), 0.0006382 secs] 6111K->3943K(7936K), 0.0007135 secs] [Times: user=0.02 sys=0.00, real=0.00 secs] 
2017-07-06T17:38:30.035+0900: 16.111: [GC2017-07-06T17:38:30.035+0900: 16.111: [ParNew
Desired survivor size 131072 bytes, new threshold 6 (max 6)
- age   1:      24400 bytes,      24400 total
- age   2:       4840 bytes,      29240 total
- age   3:       4648 bytes,      33888 total
- age   4:       4704 bytes,      38592 total
- age   5:       4648 bytes,      43240 total
- age   6:       4704 bytes,      47944 total
: 2211K->53K(2432K), 0.0009956 secs] 6104K->3950K(7936K), 0.0010902 secs] [Times: user=0.00 sys=0.00, real=0.00 secs] 
2017-07-06T17:38:30.060+0900: 16.136: [GC2017-07-06T17:38:30.060+0900: 16.136: [ParNew
Desired survivor size 131072 bytes, new threshold 6 (max 6)
- age   1:      16384 bytes,      16384 total
- age   2:       4784 bytes,      21168 total
- age   3:       4704 bytes,      25872 total
- age   4:       4648 bytes,      30520 total
- age   5:       4704 bytes,      35224 total
- age   6:       4648 bytes,      39872 total
: 2229K->63K(2432K), 0.0007067 secs] 6126K->3964K(7936K), 0.0007910 secs] [Times: user=0.00 sys=0.00, real=0.00 secs] 
2017-07-06T17:38:30.082+0900: 16.158: [GC2017-07-06T17:38:30.082+0900: 16.158: [ParNew
Desired survivor size 131072 bytes, new threshold 6 (max 6)
- age   1:      16384 bytes,      16384 total
- age   2:       4840 bytes,      21224 total
- age   3:       4648 bytes,      25872 total
- age   4:       4704 bytes,      30576 total
- age   5:       4648 bytes,      35224 total
- age   6:       4704 bytes,      39928 total
: 2239K->49K(2432K), 0.0006643 secs] 6140K->3955K(7936K), 0.0007418 secs] [Times: user=0.00 sys=0.00, real=0.00 secs] 
2017-07-06T17:38:30.104+0900: 16.180: [GC2017-07-06T17:38:30.104+0900: 16.180: [ParNew
Desired survivor size 131072 bytes, new threshold 6 (max 6)
- age   1:      24400 bytes,      24400 total
- age   2:       4840 bytes,      29240 total
- age   3:       4704 bytes,      33944 total
- age   4:       4648 bytes,      38592 total
- age   5:       4704 bytes,      43296 total
- age   6:       4648 bytes,      47944 total
: 2211K->64K(2432K), 0.0006463 secs] 6118K->3975K(7936K), 0.0007148 secs] [Times: user=0.00 sys=0.00, real=0.00 secs] 
2017-07-06T17:38:30.125+0900: 16.201: [GC2017-07-06T17:38:30.125+0900: 16.201: [ParNew
Desired survivor size 131072 bytes, new threshold 6 (max 6)
- age   1:      16384 bytes,      16384 total
- age   2:       4784 bytes,      21168 total
- age   3:       4704 bytes,      25872 total
- age   4:       4704 bytes,      30576 total
- age   5:       4648 bytes,      35224 total
- age   6:       4704 bytes,      39928 total
: 2233K->62K(2432K), 0.0006416 secs] 6143K->3977K(7936K), 0.0007097 secs] [Times: user=0.00 sys=0.00, real=0.00 secs] 
2017-07-06T17:38:30.147+0900: 16.223: [GC2017-07-06T17:38:30.147+0900: 16.223: [ParNew
Desired survivor size 131072 bytes, new threshold 6 (max 6)
- age   1:      24400 bytes,      24400 total
- age   2:       4840 bytes,      29240 total
- age   3:       4648 bytes,      33888 total
- age   4:       4704 bytes,      38592 total
- age   5:       4704 bytes,      43296 total
- age   6:       4648 bytes,      47944 total
: 2223K->46K(2432K), 0.0009057 secs] 6139K->3967K(7936K), 0.0009854 secs] [Times: user=0.00 sys=0.00, real=0.00 secs] 
2017-07-06T17:38:30.175+0900: 16.251: [GC2017-07-06T17:38:30.175+0900: 16.251: [ParNew
Desired survivor size 131072 bytes, new threshold 6 (max 6)
- age   1:      16384 bytes,      16384 total
- age   2:       4784 bytes,      21168 total
- age   3:       4704 bytes,      25872 total
- age   4:       4648 bytes,      30520 total
- age   5:       4704 bytes,      35224 total
- age   6:       4704 bytes,      39928 total
: 2222K->50K(2432K), 0.0007041 secs] 6143K->3975K(7936K), 0.0007897 secs] [Times: user=0.00 sys=0.00, real=0.00 secs] 
2017-07-06T17:38:30.197+0900: 16.273: [GC2017-07-06T17:38:30.197+0900: 16.273: [ParNew
Desired survivor size 131072 bytes, new threshold 6 (max 6)
- age   1:      16384 bytes,      16384 total
- age   2:       4840 bytes,      21224 total
- age   3:       4648 bytes,      25872 total
- age   4:       4704 bytes,      30576 total
- age   5:       4648 bytes,      35224 total
- age   6:       4704 bytes,      39928 total
: 2226K->53K(2432K), 0.0006677 secs] 6151K->3982K(7936K), 0.0007469 secs] [Times: user=0.00 sys=0.00, real=0.00 secs] 
2017-07-06T17:38:30.218+0900: 16.294: [GC2017-07-06T17:38:30.218+0900: 16.294: [ParNew
Desired survivor size 131072 bytes, new threshold 6 (max 6)
- age   1:      24400 bytes,      24400 total
- age   2:       4840 bytes,      29240 total
- age   3:       4704 bytes,      33944 total
- age   4:       4648 bytes,      38592 total
- age   5:       4704 bytes,      43296 total
- age   6:       4648 bytes,      47944 total
: 2215K->69K(2432K), 0.0006425 secs] 6144K->4003K(7936K), 0.0007161 secs] [Times: user=0.00 sys=0.00, real=0.00 secs] 
2017-07-06T17:38:30.240+0900: 16.316: [GC2017-07-06T17:38:30.240+0900: 16.316: [ParNew
Desired survivor size 131072 bytes, new threshold 6 (max 6)
- age   1:      16384 bytes,      16384 total
- age   2:       4784 bytes,      21168 total
- age   3:       4704 bytes,      25872 total
- age   4:       4704 bytes,      30576 total
- age   5:       4648 bytes,      35224 total
- age   6:       4704 bytes,      39928 total
: 2245K->63K(2432K), 0.0006451 secs] 6179K->4001K(7936K), 0.0007161 secs] [Times: user=0.00 sys=0.00, real=0.00 secs] 
2017-07-06T17:38:30.262+0900: 16.338: [GC2017-07-06T17:38:30.262+0900: 16.338: [ParNew
Desired survivor size 131072 bytes, new threshold 6 (max 6)
- age   1:      16384 bytes,      16384 total
- age   2:       4840 bytes,      21224 total
- age   3:       4648 bytes,      25872 total
- age   4:       4704 bytes,      30576 total
- age   5:       4704 bytes,      35280 total
- age   6:       4648 bytes,      39928 total
: 2239K->39K(2432K), 0.0094392 secs] 6177K->3982K(7936K), 0.0095466 secs] [Times: user=0.00 sys=0.00, real=0.01 secs] 
2017-07-06T17:38:30.293+0900: 16.369: [GC2017-07-06T17:38:30.293+0900: 16.369: [ParNew
Desired survivor size 131072 bytes, new threshold 6 (max 6)
- age   1:      24400 bytes,      24400 total
- age   2:       4840 bytes,      29240 total
- age   3:       4704 bytes,      33944 total
- age   4:       4648 bytes,      38592 total
- age   5:       4704 bytes,      43296 total
- age   6:       4704 bytes,      48000 total
: 2201K->64K(2432K), 0.0007050 secs] 6144K->4012K(7936K), 0.0007855 secs] [Times: user=0.00 sys=0.00, real=0.00 secs] 
2017-07-06T17:38:30.315+0900: 16.391: [GC2017-07-06T17:38:30.315+0900: 16.391: [ParNew
Desired survivor size 131072 bytes, new threshold 6 (max 6)
- age   1:      16384 bytes,      16384 total
- age   2:       4784 bytes,      21168 total
- age   3:       4704 bytes,      25872 total
- age   4:       4704 bytes,      30576 total
- age   5:       4648 bytes,      35224 total
- age   6:       4704 bytes,      39928 total
: 2233K->62K(2432K), 0.0006579 secs] 6180K->4014K(7936K), 0.0007311 secs] [Times: user=0.00 sys=0.00, real=0.00 secs] 
2017-07-06T17:38:30.337+0900: 16.412: [GC2017-07-06T17:38:30.337+0900: 16.412: [ParNew
Desired survivor size 131072 bytes, new threshold 6 (max 6)
- age   1:      24400 bytes,      24400 total
- age   2:       4840 bytes,      29240 total
- age   3:       4648 bytes,      33888 total
- age   4:       4704 bytes,      38592 total
- age   5:       4704 bytes,      43296 total
- age   6:       4648 bytes,      47944 total
: 2224K->57K(2432K), 0.0006395 secs] 6176K->4013K(7936K), 0.0007140 secs] [Times: user=0.00 sys=0.00, real=0.00 secs] 
2017-07-06T17:38:30.358+0900: 16.434: [GC2017-07-06T17:38:30.358+0900: 16.434: [ParNew
Desired survivor size 131072 bytes, new threshold 6 (max 6)
- age   1:      16384 bytes,      16384 total
- age   2:       4784 bytes,      21168 total
- age   3:       4704 bytes,      25872 total
- age   4:       4648 bytes,      30520 total
- age   5:       4704 bytes,      35224 total
- age   6:       4704 bytes,      39928 total
: 2233K->50K(2432K), 0.0006622 secs] 6189K->4011K(7936K), 0.0007371 secs] [Times: user=0.00 sys=0.00, real=0.00 secs] 
2017-07-06T17:38:30.383+0900: 16.459: [GC2017-07-06T17:38:30.383+0900: 16.459: [ParNew
Desired survivor size 131072 bytes, new threshold 6 (max 6)
- age   1:      16384 bytes,      16384 total
- age   2:       4840 bytes,      21224 total
- age   3:       4648 bytes,      25872 total
- age   4:       4704 bytes,      30576 total
- age   5:       4648 bytes,      35224 total
- age   6:       4704 bytes,      39928 total
: 2226K->53K(2432K), 0.0073859 secs] 6187K->4019K(7936K), 0.0074839 secs] [Times: user=0.02 sys=0.00, real=0.01 secs] 
2017-07-06T17:38:30.414+0900: 16.490: [GC2017-07-06T17:38:30.414+0900: 16.490: [ParNew
Desired survivor size 131072 bytes, new threshold 6 (max 6)
- age   1:      24400 bytes,      24400 total
- age   2:       4840 bytes,      29240 total
- age   3:       4704 bytes,      33944 total
- age   4:       4648 bytes,      38592 total
- age   5:       4704 bytes,      43296 total
- age   6:       4648 bytes,      47944 total
: 2216K->69K(2432K), 0.0006981 secs] 6181K->4040K(7936K), 0.0007807 secs] [Times: user=0.00 sys=0.00, real=0.00 secs] 
2017-07-06T17:38:30.436+0900: 16.512: [GC2017-07-06T17:38:30.436+0900: 16.512: [ParNew
Desired survivor size 131072 bytes, new threshold 6 (max 6)
- age   1:      16384 bytes,      16384 total
- age   2:       4784 bytes,      21168 total
- age   3:       4704 bytes,      25872 total
- age   4:       4704 bytes,      30576 total
- age   5:       4648 bytes,      35224 total
- age   6:       4704 bytes,      39928 total
: 2245K->63K(2432K), 0.0006528 secs] 6216K->4038K(7936K), 0.0007260 secs] [Times: user=0.00 sys=0.00, real=0.00 secs] 
2017-07-06T17:38:30.457+0900: 16.533: [GC2017-07-06T17:38:30.457+0900: 16.533: [ParNew
Desired survivor size 131072 bytes, new threshold 6 (max 6)
- age   1:      24400 bytes,      24400 total
- age   2:       4840 bytes,      29240 total
- age   3:       4648 bytes,      33888 total
- age   4:       4704 bytes,      38592 total
- age   5:       4704 bytes,      43296 total
- age   6:       4648 bytes,      47944 total
: 2223K->57K(2432K), 0.0006305 secs] 6198K->4037K(7936K), 0.0007020 secs] [Times: user=0.00 sys=0.00, real=0.00 secs] 
2017-07-06T17:38:30.479+0900: 16.555: [GC2017-07-06T17:38:30.479+0900: 16.555: [ParNew
Desired survivor size 131072 bytes, new threshold 6 (max 6)
- age   1:      16384 bytes,      16384 total
- age   2:       4784 bytes,      21168 total
- age   3:       4704 bytes,      25872 total
- age   4:       4648 bytes,      30520 total
- age   5:       4704 bytes,      35224 total
- age   6:       4704 bytes,      39928 total
: 2233K->50K(2432K), 0.0006519 secs] 6213K->4034K(7936K), 0.0007268 secs] [Times: user=0.01 sys=0.00, real=0.00 secs] 
2017-07-06T17:38:30.502+0900: 16.578: [GC2017-07-06T17:38:30.502+0900: 16.578: [ParNew
Desired survivor size 131072 bytes, new threshold 6 (max 6)
- age   1:      24400 bytes,      24400 total
- age   2:       4840 bytes,      29240 total
- age   3:       4648 bytes,      33888 total
- age   4:       4704 bytes,      38592 total
- age   5:       4648 bytes,      43240 total
- age   6:       4704 bytes,      47944 total
: 2211K->53K(2432K), 0.0010089 secs] 6195K->4042K(7936K), 0.0010941 secs] [Times: user=0.00 sys=0.00, real=0.00 secs] 
2017-07-06T17:38:30.527+0900: 16.603: [GC2017-07-06T17:38:30.527+0900: 16.603: [ParNew
Desired survivor size 131072 bytes, new threshold 6 (max 6)
- age   1:      16384 bytes,      16384 total
- age   2:       4784 bytes,      21168 total
- age   3:       4704 bytes,      25872 total
- age   4:       4648 bytes,      30520 total
- age   5:       4704 bytes,      35224 total
- age   6:       4648 bytes,      39872 total
: 2229K->63K(2432K), 0.0006977 secs] 6218K->4056K(7936K), 0.0007837 secs] [Times: user=0.00 sys=0.00, real=0.00 secs] 
2017-07-06T17:38:30.549+0900: 16.625: [GC2017-07-06T17:38:30.549+0900: 16.625: [ParNew
Desired survivor size 131072 bytes, new threshold 6 (max 6)
- age   1:      24400 bytes,      24400 total
- age   2:       4840 bytes,      29240 total
- age   3:       4648 bytes,      33888 total
- age   4:       4704 bytes,      38592 total
- age   5:       4648 bytes,      43240 total
- age   6:       4704 bytes,      47944 total
: 2224K->57K(2432K), 0.0006673 secs] 6217K->4055K(7936K), 0.0007461 secs] [Times: user=0.00 sys=0.00, real=0.00 secs] 
2017-07-06T17:38:30.571+0900: 16.647: [GC2017-07-06T17:38:30.571+0900: 16.647: [ParNew
Desired survivor size 131072 bytes, new threshold 6 (max 6)
- age   1:      16384 bytes,      16384 total
- age   2:       4784 bytes,      21168 total
- age   3:       4704 bytes,      25872 total
- age   4:       4648 bytes,      30520 total
- age   5:       4704 bytes,      35224 total
- age   6:       4648 bytes,      39872 total
: 2233K->50K(2432K), 0.0006682 secs] 6231K->4052K(7936K), 0.0007422 secs] [Times: user=0.00 sys=0.00, real=0.00 secs] 
2017-07-06T17:38:30.593+0900: 16.669: [GC2017-07-06T17:38:30.593+0900: 16.669: [ParNew
Desired survivor size 131072 bytes, new threshold 6 (max 6)
- age   1:      16384 bytes,      16384 total
- age   2:       4840 bytes,      21224 total
- age   3:       4648 bytes,      25872 total
- age   4:       4704 bytes,      30576 total
- age   5:       4648 bytes,      35224 total
- age   6:       4704 bytes,      39928 total
: 2226K->53K(2432K), 0.0006412 secs] 6228K->4060K(7936K), 0.0007285 secs] [Times: user=0.00 sys=0.00, real=0.00 secs] 
2017-07-06T17:38:30.614+0900: 16.690: [GC2017-07-06T17:38:30.614+0900: 16.690: [ParNew
Desired survivor size 131072 bytes, new threshold 6 (max 6)
- age   1:      24400 bytes,      24400 total
- age   2:       4840 bytes,      29240 total
- age   3:       4704 bytes,      33944 total
- age   4:       4648 bytes,      38592 total
- age   5:       4704 bytes,      43296 total
- age   6:       4648 bytes,      47944 total
: 2215K->54K(2432K), 0.0143950 secs] 6222K->4065K(7936K), 0.0144944 secs] [Times: user=0.02 sys=0.00, real=0.01 secs] 
2017-07-06T17:38:30.654+0900: 16.730: [GC2017-07-06T17:38:30.654+0900: 16.730: [ParNew
Desired survivor size 131072 bytes, new threshold 6 (max 6)
- age   1:      16384 bytes,      16384 total
- age   2:       4784 bytes,      21168 total
- age   3:       4704 bytes,      25872 total
- age   4:       4704 bytes,      30576 total
- age   5:       4648 bytes,      35224 total
- age   6:       4704 bytes,      39928 total
: 2222K->63K(2432K), 0.0007123 secs] 6233K->4079K(7936K), 0.0007919 secs] [Times: user=0.00 sys=0.00, real=0.00 secs] 
2017-07-06T17:38:30.675+0900: 16.751: [GC2017-07-06T17:38:30.675+0900: 16.751: [ParNew
Desired survivor size 131072 bytes, new threshold 6 (max 6)
- age   1:      24400 bytes,      24400 total
- age   2:       4840 bytes,      29240 total
- age   3:       4648 bytes,      33888 total
- age   4:       4704 bytes,      38592 total
- age   5:       4704 bytes,      43296 total
- age   6:       4648 bytes,      47944 total
: 2224K->47K(2432K), 0.0006647 secs] 6240K->4067K(7936K), 0.0007397 secs] [Times: user=0.00 sys=0.00, real=0.00 secs] 
2017-07-06T17:38:30.697+0900: 16.773: [GC2017-07-06T17:38:30.697+0900: 16.773: [ParNew
Desired survivor size 131072 bytes, new threshold 6 (max 6)
- age   1:      16384 bytes,      16384 total
- age   2:       4784 bytes,      21168 total
- age   3:       4704 bytes,      25872 total
- age   4:       4648 bytes,      30520 total
- age   5:       4704 bytes,      35224 total
- age   6:       4704 bytes,      39928 total
: 2223K->50K(2432K), 0.0006446 secs] 6243K->4075K(7936K), 0.0007195 secs] [Times: user=0.03 sys=0.00, real=0.00 secs] 
2017-07-06T17:38:30.719+0900: 16.795: [GC2017-07-06T17:38:30.719+0900: 16.795: [ParNew
Desired survivor size 131072 bytes, new threshold 6 (max 6)
- age   1:      16384 bytes,      16384 total
- age   2:       4840 bytes,      21224 total
- age   3:       4648 bytes,      25872 total
- age   4:       4704 bytes,      30576 total
- age   5:       4648 bytes,      35224 total
- age   6:       4704 bytes,      39928 total
: 2226K->53K(2432K), 0.0006528 secs] 6251K->4083K(7936K), 0.0007242 secs] [Times: user=0.00 sys=0.00, real=0.00 secs] 
2017-07-06T17:38:30.743+0900: 16.819: [GC2017-07-06T17:38:30.743+0900: 16.819: [ParNew
Desired survivor size 131072 bytes, new threshold 6 (max 6)
- age   1:      24400 bytes,      24400 total
- age   2:       4840 bytes,      29240 total
- age   3:       4704 bytes,      33944 total
- age   4:       4648 bytes,      38592 total
- age   5:       4704 bytes,      43296 total
- age   6:       4648 bytes,      47944 total
: 2215K->69K(2432K), 0.0006891 secs] 6245K->4104K(7936K), 0.0007713 secs] [Times: user=0.00 sys=0.00, real=0.00 secs] 
2017-07-06T17:38:30.767+0900: 16.843: [GC2017-07-06T17:38:30.767+0900: 16.843: [ParNew
Desired survivor size 131072 bytes, new threshold 6 (max 6)
- age   1:      16384 bytes,      16384 total
- age   2:       4784 bytes,      21168 total
- age   3:       4704 bytes,      25872 total
- age   4:       4704 bytes,      30576 total
- age   5:       4648 bytes,      35224 total
- age   6:       4704 bytes,      39928 total
: 2245K->63K(2432K), 0.0007071 secs] 6280K->4102K(7936K), 0.0007867 secs] [Times: user=0.00 sys=0.00, real=0.00 secs] 
2017-07-06T17:38:30.789+0900: 16.865: [GC2017-07-06T17:38:30.789+0900: 16.865: [ParNew
Desired survivor size 131072 bytes, new threshold 6 (max 6)
- age   1:      16384 bytes,      16384 total
- age   2:       4840 bytes,      21224 total
- age   3:       4648 bytes,      25872 total
- age   4:       4704 bytes,      30576 total
- age   5:       4704 bytes,      35280 total
- age   6:       4648 bytes,      39928 total
: 2239K->49K(2432K), 0.0006626 secs] 6278K->4093K(7936K), 0.0007379 secs] [Times: user=0.00 sys=0.00, real=0.00 secs] 
2017-07-06T17:38:30.810+0900: 16.886: [GC2017-07-06T17:38:30.810+0900: 16.886: [ParNew
Desired survivor size 131072 bytes, new threshold 6 (max 6)
- age   1:      24400 bytes,      24400 total
- age   2:       4840 bytes,      29240 total
- age   3:       4704 bytes,      33944 total
- age   4:       4648 bytes,      38592 total
- age   5:       4704 bytes,      43296 total
- age   6:       4704 bytes,      48000 total
: 2211K->64K(2432K), 0.0006408 secs] 6255K->4112K(7936K), 0.0007135 secs] [Times: user=0.00 sys=0.00, real=0.00 secs] 
2017-07-06T17:38:30.832+0900: 16.908: [GC2017-07-06T17:38:30.832+0900: 16.908: [ParNew
Desired survivor size 131072 bytes, new threshold 6 (max 6)
- age   1:      16384 bytes,      16384 total
- age   2:       4784 bytes,      21168 total
- age   3:       4704 bytes,      25872 total
- age   4:       4704 bytes,      30576 total
- age   5:       4648 bytes,      35224 total
- age   6:       4704 bytes,      39928 total
: 2233K->62K(2432K), 0.0006635 secs] 6281K->4115K(7936K), 0.0007375 secs] [Times: user=0.00 sys=0.00, real=0.00 secs] 
2017-07-06T17:38:30.857+0900: 16.932: [GC2017-07-06T17:38:30.857+0900: 16.933: [ParNew
Desired survivor size 131072 bytes, new threshold 6 (max 6)
- age   1:      24400 bytes,      24400 total
- age   2:       4840 bytes,      29240 total
- age   3:       4648 bytes,      33888 total
- age   4:       4704 bytes,      38592 total
- age   5:       4704 bytes,      43296 total
- age   6:       4648 bytes,      47944 total
: 2224K->57K(2432K), 0.0006874 secs] 6276K->4114K(7936K), 0.0007645 secs] [Times: user=0.00 sys=0.00, real=0.00 secs] 
2017-07-06T17:38:30.878+0900: 16.954: [GC2017-07-06T17:38:30.878+0900: 16.954: [ParNew
Desired survivor size 131072 bytes, new threshold 6 (max 6)
- age   1:      16384 bytes,      16384 total
- age   2:       4784 bytes,      21168 total
- age   3:       4704 bytes,      25872 total
- age   4:       4648 bytes,      30520 total
- age   5:       4704 bytes,      35224 total
- age   6:       4704 bytes,      39928 total
: 2233K->50K(2432K), 0.0011540 secs] 6290K->4112K(7936K), 0.0012430 secs] [Times: user=0.00 sys=0.00, real=0.00 secs] 
2017-07-06T17:38:30.901+0900: 16.977: [GC2017-07-06T17:38:30.901+0900: 16.977: [ParNew
Desired survivor size 131072 bytes, new threshold 6 (max 6)
- age   1:      16384 bytes,      16384 total
- age   2:       4840 bytes,      21224 total
- age   3:       4648 bytes,      25872 total
- age   4:       4704 bytes,      30576 total
- age   5:       4648 bytes,      35224 total
- age   6:       4704 bytes,      39928 total
: 2226K->53K(2432K), 0.0006673 secs] 6288K->4119K(7936K), 0.0007371 secs] [Times: user=0.00 sys=0.00, real=0.00 secs] 
2017-07-06T17:38:30.922+0900: 16.998: [GC2017-07-06T17:38:30.922+0900: 16.998: [ParNew
Desired survivor size 131072 bytes, new threshold 6 (max 6)
- age   1:      24400 bytes,      24400 total
- age   2:       4840 bytes,      29240 total
- age   3:       4704 bytes,      33944 total
- age   4:       4648 bytes,      38592 total
- age   5:       4704 bytes,      43296 total
- age   6:       4648 bytes,      47944 total
: 2216K->69K(2432K), 0.0006515 secs] 6282K->4140K(7936K), 0.0007238 secs] [Times: user=0.00 sys=0.00, real=0.00 secs] 
2017-07-06T17:38:30.944+0900: 17.020: [GC2017-07-06T17:38:30.944+0900: 17.020: [ParNew
Desired survivor size 131072 bytes, new threshold 6 (max 6)
- age   1:      16384 bytes,      16384 total
- age   2:       4784 bytes,      21168 total
- age   3:       4704 bytes,      25872 total
- age   4:       4704 bytes,      30576 total
- age   5:       4648 bytes,      35224 total
- age   6:       4704 bytes,      39928 total
: 2245K->63K(2432K), 0.0006365 secs] 6316K->4138K(7936K), 0.0007054 secs] [Times: user=0.00 sys=0.00, real=0.00 secs] 
2017-07-06T17:38:30.966+0900: 17.042: [GC2017-07-06T17:38:30.966+0900: 17.042: [ParNew
Desired survivor size 131072 bytes, new threshold 6 (max 6)
- age   1:      24400 bytes,      24400 total
- age   2:       4840 bytes,      29240 total
- age   3:       4648 bytes,      33888 total
- age   4:       4704 bytes,      38592 total
- age   5:       4704 bytes,      43296 total
- age   6:       4648 bytes,      47944 total
: 2223K->47K(2432K), 0.0009079 secs] 6298K->4127K(7936K), 0.0009931 secs] [Times: user=0.00 sys=0.00, real=0.00 secs] 
2017-07-06T17:38:30.989+0900: 17.065: [GC2017-07-06T17:38:30.989+0900: 17.065: [ParNew
Desired survivor size 131072 bytes, new threshold 6 (max 6)
- age   1:      16384 bytes,      16384 total
- age   2:       4784 bytes,      21168 total
- age   3:       4704 bytes,      25872 total
- age   4:       4648 bytes,      30520 total
- age   5:       4704 bytes,      35224 total
- age   6:       4704 bytes,      39928 total
: 2223K->50K(2432K), 0.0006939 secs] 6303K->4135K(7936K), 0.0007718 secs] [Times: user=0.00 sys=0.00, real=0.00 secs] 
2017-07-06T17:38:31.011+0900: 17.086: [GC2017-07-06T17:38:31.011+0900: 17.087: [ParNew
Desired survivor size 131072 bytes, new threshold 6 (max 6)
- age   1:      24400 bytes,      24400 total
- age   2:       4840 bytes,      29240 total
- age   3:       4648 bytes,      33888 total
- age   4:       4704 bytes,      38592 total
- age   5:       4648 bytes,      43240 total
- age   6:       4704 bytes,      47944 total
: 2211K->68K(2432K), 0.0006622 secs] 6295K->4157K(7936K), 0.0007358 secs] [Times: user=0.00 sys=0.00, real=0.00 secs] 
2017-07-06T17:38:31.032+0900: 17.108: [GC2017-07-06T17:38:31.032+0900: 17.108: [ParNew
Desired survivor size 131072 bytes, new threshold 6 (max 6)
- age   1:      16384 bytes,      16384 total
- age   2:       4784 bytes,      21168 total
- age   3:       4704 bytes,      25872 total
- age   4:       4648 bytes,      30520 total
- age   5:       4704 bytes,      35224 total
- age   6:       4648 bytes,      39872 total
: 2244K->63K(2432K), 0.0006365 secs] 6333K->4157K(7936K), 0.0007127 secs] [Times: user=0.00 sys=0.00, real=0.00 secs] 
2017-07-06T17:38:31.054+0900: 17.130: [GC2017-07-06T17:38:31.054+0900: 17.130: [ParNew
Desired survivor size 131072 bytes, new threshold 6 (max 6)
- age   1:      24400 bytes,      24400 total
- age   2:       4840 bytes,      29240 total
- age   3:       4648 bytes,      33888 total
- age   4:       4704 bytes,      38592 total
- age   5:       4648 bytes,      43240 total
- age   6:       4704 bytes,      47944 total
: 2224K->57K(2432K), 0.0006232 secs] 6318K->4155K(7936K), 0.0006934 secs] [Times: user=0.00 sys=0.00, real=0.00 secs] 
2017-07-06T17:38:31.075+0900: 17.151: [GC2017-07-06T17:38:31.075+0900: 17.151: [ParNew
Desired survivor size 131072 bytes, new threshold 6 (max 6)
- age   1:      16384 bytes,      16384 total
- age   2:       4784 bytes,      21168 total
- age   3:       4704 bytes,      25872 total
- age   4:       4648 bytes,      30520 total
- age   5:       4704 bytes,      35224 total
- age   6:       4648 bytes,      39872 total
: 2233K->50K(2432K), 0.0008706 secs] 6331K->4153K(7936K), 0.0009490 secs] [Times: user=0.00 sys=0.00, real=0.00 secs] 
2017-07-06T17:38:31.103+0900: 17.179: [GC2017-07-06T17:38:31.103+0900: 17.179: [ParNew
Desired survivor size 131072 bytes, new threshold 6 (max 6)
- age   1:      16384 bytes,      16384 total
- age   2:       4840 bytes,      21224 total
- age   3:       4648 bytes,      25872 total
- age   4:       4704 bytes,      30576 total
- age   5:       4648 bytes,      35224 total
- age   6:       4704 bytes,      39928 total
: 2226K->53K(2432K), 0.0007080 secs] 6329K->4160K(7936K), 0.0007867 secs] [Times: user=0.03 sys=0.00, real=0.00 secs] 
2017-07-06T17:38:31.125+0900: 17.200: [GC2017-07-06T17:38:31.125+0900: 17.200: [ParNew
Desired survivor size 131072 bytes, new threshold 6 (max 6)
- age   1:      24400 bytes,      24400 total
- age   2:       4840 bytes,      29240 total
- age   3:       4704 bytes,      33944 total
- age   4:       4648 bytes,      38592 total
- age   5:       4704 bytes,      43296 total
- age   6:       4648 bytes,      47944 total
: 2215K->69K(2432K), 0.0006515 secs] 6323K->4181K(7936K), 0.0007242 secs] [Times: user=0.00 sys=0.00, real=0.00 secs] 
2017-07-06T17:38:31.146+0900: 17.222: [GC2017-07-06T17:38:31.146+0900: 17.222: [ParNew
Desired survivor size 131072 bytes, new threshold 6 (max 6)
- age   1:      16384 bytes,      16384 total
- age   2:       4784 bytes,      21168 total
- age   3:       4704 bytes,      25872 total
- age   4:       4704 bytes,      30576 total
- age   5:       4648 bytes,      35224 total
- age   6:       4704 bytes,      39928 total
: 2237K->63K(2432K), 0.0006643 secs] 6349K->4180K(7936K), 0.0007371 secs] [Times: user=0.00 sys=0.00, real=0.00 secs] 
2017-07-06T17:38:31.167+0900: 17.243: [GC2017-07-06T17:38:31.168+0900: 17.243: [ParNew
Desired survivor size 131072 bytes, new threshold 6 (max 6)
- age   1:      24400 bytes,      24400 total
- age   2:       4840 bytes,      29240 total
- age   3:       4648 bytes,      33888 total
- age   4:       4704 bytes,      38592 total
- age   5:       4704 bytes,      43296 total
- age   6:       4648 bytes,      47944 total
: 2224K->57K(2432K), 0.0006296 secs] 6341K->4178K(7936K), 0.0007020 secs] [Times: user=0.00 sys=0.00, real=0.00 secs] 
2017-07-06T17:38:31.189+0900: 17.265: [GC2017-07-06T17:38:31.189+0900: 17.265: [ParNew
Desired survivor size 131072 bytes, new threshold 6 (max 6)
- age   1:      16384 bytes,      16384 total
- age   2:       4784 bytes,      21168 total
- age   3:       4704 bytes,      25872 total
- age   4:       4648 bytes,      30520 total
- age   5:       4704 bytes,      35224 total
- age   6:       4704 bytes,      39928 total
: 2233K->50K(2432K), 0.0006395 secs] 6354K->4176K(7936K), 0.0007105 secs] [Times: user=0.00 sys=0.00, real=0.00 secs] 
2017-07-06T17:38:31.214+0900: 17.290: [GC2017-07-06T17:38:31.214+0900: 17.290: [ParNew
Desired survivor size 131072 bytes, new threshold 6 (max 6)
- age   1:      16384 bytes,      16384 total
- age   2:       4840 bytes,      21224 total
- age   3:       4648 bytes,      25872 total
- age   4:       4704 bytes,      30576 total
- age   5:       4648 bytes,      35224 total
- age   6:       4704 bytes,      39928 total
: 2226K->53K(2432K), 0.0025867 secs] 6352K->4183K(7936K), 0.0026945 secs] [Times: user=0.00 sys=0.00, real=0.00 secs] 
2017-07-06T17:38:31.240+0900: 17.316: [GC2017-07-06T17:38:31.240+0900: 17.316: [ParNew
Desired survivor size 131072 bytes, new threshold 6 (max 6)
- age   1:      24400 bytes,      24400 total
- age   2:       4840 bytes,      29240 total
- age   3:       4704 bytes,      33944 total
- age   4:       4648 bytes,      38592 total
- age   5:       4704 bytes,      43296 total
- age   6:       4648 bytes,      47944 total
: 2215K->69K(2432K), 0.0007093 secs] 6346K->4204K(7936K), 0.0007872 secs] [Times: user=0.00 sys=0.00, real=0.00 secs] 
2017-07-06T17:38:31.262+0900: 17.338: [GC2017-07-06T17:38:31.262+0900: 17.338: [ParNew
Desired survivor size 131072 bytes, new threshold 6 (max 6)
- age   1:      16384 bytes,      16384 total
- age   2:       4784 bytes,      21168 total
- age   3:       4704 bytes,      25872 total
- age   4:       4704 bytes,      30576 total
- age   5:       4648 bytes,      35224 total
- age   6:       4704 bytes,      39928 total
: 2245K->63K(2432K), 0.0006746 secs] 6380K->4202K(7936K), 0.0007521 secs] [Times: user=0.00 sys=0.00, real=0.00 secs] 
2017-07-06T17:38:31.284+0900: 17.360: [GC2017-07-06T17:38:31.284+0900: 17.360: [ParNew
Desired survivor size 131072 bytes, new threshold 6 (max 6)
- age   1:      16384 bytes,      16384 total
- age   2:       4840 bytes,      21224 total
- age   3:       4648 bytes,      25872 total
- age   4:       4704 bytes,      30576 total
- age   5:       4704 bytes,      35280 total
- age   6:       4648 bytes,      39928 total
: 2239K->39K(2432K), 0.0006374 secs] 6378K->4183K(7936K), 0.0007118 secs] [Times: user=0.00 sys=0.00, real=0.00 secs] 
2017-07-06T17:38:31.305+0900: 17.381: [GC2017-07-06T17:38:31.305+0900: 17.381: [ParNew
Desired survivor size 131072 bytes, new threshold 6 (max 6)
- age   1:      24400 bytes,      24400 total
- age   2:       4840 bytes,      29240 total
- age   3:       4704 bytes,      33944 total
- age   4:       4648 bytes,      38592 total
- age   5:       4704 bytes,      43296 total
- age   6:       4704 bytes,      48000 total
: 2201K->64K(2432K), 0.0006296 secs] 6345K->4213K(7936K), 0.0007007 secs] [Times: user=0.00 sys=0.00, real=0.00 secs] 
2017-07-06T17:38:31.332+0900: 17.407: [GC2017-07-06T17:38:31.332+0900: 17.407: [ParNew
Desired survivor size 131072 bytes, new threshold 6 (max 6)
- age   1:      16384 bytes,      16384 total
- age   2:       4784 bytes,      21168 total
- age   3:       4704 bytes,      25872 total
- age   4:       4704 bytes,      30576 total
- age   5:       4648 bytes,      35224 total
- age   6:       4704 bytes,      39928 total
: 2233K->62K(2432K), 0.0006977 secs] 6381K->4215K(7936K), 0.0007735 secs] [Times: user=0.00 sys=0.00, real=0.00 secs] 
2017-07-06T17:38:31.353+0900: 17.429: [GC2017-07-06T17:38:31.353+0900: 17.429: [ParNew
Desired survivor size 131072 bytes, new threshold 6 (max 6)
- age   1:      24400 bytes,      24400 total
- age   2:       4840 bytes,      29240 total
- age   3:       4648 bytes,      33888 total
- age   4:       4704 bytes,      38592 total
- age   5:       4704 bytes,      43296 total
- age   6:       4648 bytes,      47944 total
: 2224K->57K(2432K), 0.0006583 secs] 6377K->4215K(7936K), 0.0007320 secs] [Times: user=0.03 sys=0.00, real=0.00 secs] 
2017-07-06T17:38:31.375+0900: 17.451: [GC2017-07-06T17:38:31.375+0900: 17.451: [ParNew
Desired survivor size 131072 bytes, new threshold 6 (max 6)
- age   1:      16384 bytes,      16384 total
- age   2:       4784 bytes,      21168 total
- age   3:       4704 bytes,      25872 total
- age   4:       4648 bytes,      30520 total
- age   5:       4704 bytes,      35224 total
- age   6:       4704 bytes,      39928 total
: 2233K->50K(2432K), 0.0006926 secs] 6391K->4212K(7936K), 0.0007765 secs] [Times: user=0.00 sys=0.00, real=0.00 secs] 
2017-07-06T17:38:31.397+0900: 17.473: [GC2017-07-06T17:38:31.397+0900: 17.473: [ParNew
Desired survivor size 131072 bytes, new threshold 6 (max 6)
- age   1:      16384 bytes,      16384 total
- age   2:       4840 bytes,      21224 total
- age   3:       4648 bytes,      25872 total
- age   4:       4704 bytes,      30576 total
- age   5:       4648 bytes,      35224 total
- age   6:       4704 bytes,      39928 total
: 2226K->53K(2432K), 0.0006853 secs] 6388K->4220K(7936K), 0.0007564 secs] [Times: user=0.00 sys=0.00, real=0.00 secs] 
2017-07-06T17:38:31.418+0900: 17.494: [GC2017-07-06T17:38:31.418+0900: 17.494: [ParNew
Desired survivor size 131072 bytes, new threshold 6 (max 6)
- age   1:      24400 bytes,      24400 total
- age   2:       4840 bytes,      29240 total
- age   3:       4704 bytes,      33944 total
- age   4:       4648 bytes,      38592 total
- age   5:       4704 bytes,      43296 total
- age   6:       4648 bytes,      47944 total
: 2216K->69K(2432K), 0.0006314 secs] 6383K->4241K(7936K), 0.0007033 secs] [Times: user=0.00 sys=0.00, real=0.00 secs] 
2017-07-06T17:38:31.443+0900: 17.519: [GC2017-07-06T17:38:31.443+0900: 17.519: [ParNew
Desired survivor size 131072 bytes, new threshold 6 (max 6)
- age   1:      16384 bytes,      16384 total
- age   2:       4784 bytes,      21168 total
- age   3:       4704 bytes,      25872 total
- age   4:       4704 bytes,      30576 total
- age   5:       4648 bytes,      35224 total
- age   6:       4704 bytes,      39928 total
: 2245K->63K(2432K), 0.0006981 secs] 6417K->4239K(7936K), 0.0007769 secs] [Times: user=0.00 sys=0.00, real=0.00 secs] 
2017-07-06T17:38:31.465+0900: 17.541: [GC2017-07-06T17:38:31.465+0900: 17.541: [ParNew
Desired survivor size 131072 bytes, new threshold 6 (max 6)
- age   1:      24400 bytes,      24400 total
- age   2:       4840 bytes,      29240 total
- age   3:       4648 bytes,      33888 total
- age   4:       4704 bytes,      38592 total
- age   5:       4704 bytes,      43296 total
- age   6:       4648 bytes,      47944 total
: 2223K->57K(2432K), 0.0006618 secs] 6399K->4238K(7936K), 0.0007397 secs] [Times: user=0.00 sys=0.00, real=0.00 secs] 
2017-07-06T17:38:31.487+0900: 17.563: [GC2017-07-06T17:38:31.487+0900: 17.563: [ParNew
Desired survivor size 131072 bytes, new threshold 6 (max 6)
- age   1:      16384 bytes,      16384 total
- age   2:       4784 bytes,      21168 total
- age   3:       4704 bytes,      25872 total
- age   4:       4648 bytes,      30520 total
- age   5:       4704 bytes,      35224 total
- age   6:       4704 bytes,      39928 total
: 2233K->50K(2432K), 0.0006339 secs] 6414K->4235K(7936K), 0.0007067 secs] [Times: user=0.00 sys=0.00, real=0.00 secs] 
2017-07-06T17:38:31.508+0900: 17.584: [GC2017-07-06T17:38:31.508+0900: 17.584: [ParNew
Desired survivor size 131072 bytes, new threshold 6 (max 6)
- age   1:      24400 bytes,      24400 total
- age   2:       4840 bytes,      29240 total
- age   3:       4648 bytes,      33888 total
- age   4:       4704 bytes,      38592 total
- age   5:       4648 bytes,      43240 total
- age   6:       4704 bytes,      47944 total
: 2211K->68K(2432K), 0.0006408 secs] 6396K->4258K(7936K), 0.0007097 secs] [Times: user=0.00 sys=0.00, real=0.00 secs] 
2017-07-06T17:38:31.530+0900: 17.605: [GC2017-07-06T17:38:31.530+0900: 17.605: [ParNew
Desired survivor size 131072 bytes, new threshold 6 (max 6)
- age   1:      16384 bytes,      16384 total
- age   2:       4784 bytes,      21168 total
- age   3:       4704 bytes,      25872 total
- age   4:       4648 bytes,      30520 total
- age   5:       4704 bytes,      35224 total
- age   6:       4648 bytes,      39872 total
: 2244K->63K(2432K), 0.0006284 secs] 6434K->4257K(7936K), 0.0007482 secs] [Times: user=0.00 sys=0.00, real=0.00 secs] 
2017-07-06T17:38:31.555+0900: 17.631: [GC2017-07-06T17:38:31.556+0900: 17.631: [ParNew
Desired survivor size 131072 bytes, new threshold 6 (max 6)
- age   1:      24400 bytes,      24400 total
- age   2:       4840 bytes,      29240 total
- age   3:       4648 bytes,      33888 total
- age   4:       4704 bytes,      38592 total
- age   5:       4648 bytes,      43240 total
- age   6:       4704 bytes,      47944 total
: 2224K->47K(2432K), 0.0013847 secs] 6418K->4246K(7936K), 0.0014849 secs] [Times: user=0.02 sys=0.00, real=0.00 secs] 
2017-07-06T17:38:31.578+0900: 17.654: [GC2017-07-06T17:38:31.578+0900: 17.654: [ParNew
Desired survivor size 131072 bytes, new threshold 6 (max 6)
- age   1:      16384 bytes,      16384 total
- age   2:       4784 bytes,      21168 total
- age   3:       4704 bytes,      25872 total
- age   4:       4648 bytes,      30520 total
- age   5:       4704 bytes,      35224 total
- age   6:       4648 bytes,      39872 total
: 2223K->64K(2432K), 0.0010068 secs] 6422K->4268K(7936K), 0.0010971 secs] [Times: user=0.00 sys=0.00, real=0.00 secs] 
2017-07-06T17:38:31.600+0900: 17.676: [GC2017-07-06T17:38:31.600+0900: 17.676: [ParNew
Desired survivor size 131072 bytes, new threshold 6 (max 6)
- age   1:      16384 bytes,      16384 total
- age   2:       4840 bytes,      21224 total
- age   3:       4648 bytes,      25872 total
- age   4:       4704 bytes,      30576 total
- age   5:       4648 bytes,      35224 total
- age   6:       4704 bytes,      39928 total
: 2240K->54K(2432K), 0.0006613 secs] 6444K->4262K(7936K), 0.0007337 secs] [Times: user=0.00 sys=0.00, real=0.00 secs] 
2017-07-06T17:38:31.622+0900: 17.698: [GC2017-07-06T17:38:31.622+0900: 17.698: [ParNew
Desired survivor size 131072 bytes, new threshold 6 (max 6)
- age   1:      24400 bytes,      24400 total
- age   2:       4840 bytes,      29240 total
- age   3:       4704 bytes,      33944 total
- age   4:       4648 bytes,      38592 total
- age   5:       4704 bytes,      43296 total
- age   6:       4648 bytes,      47944 total
: 2216K->63K(2432K), 0.0006677 secs] 6425K->4276K(7936K), 0.0007431 secs] [Times: user=0.00 sys=0.00, real=0.00 secs] 
2017-07-06T17:38:31.644+0900: 17.720: [GC2017-07-06T17:38:31.644+0900: 17.720: [ParNew
Desired survivor size 131072 bytes, new threshold 6 (max 6)
- age   1:      16384 bytes,      16384 total
- age   2:       4784 bytes,      21168 total
- age   3:       4704 bytes,      25872 total
- age   4:       4704 bytes,      30576 total
- age   5:       4648 bytes,      35224 total
- age   6:       4704 bytes,      39928 total
: 2232K->62K(2432K), 0.0006399 secs] 6444K->4279K(7936K), 0.0007093 secs] [Times: user=0.00 sys=0.00, real=0.00 secs] 
2017-07-06T17:38:31.667+0900: 17.743: [GC2017-07-06T17:38:31.667+0900: 17.743: [ParNew
Desired survivor size 131072 bytes, new threshold 6 (max 6)
- age   1:      24400 bytes,      24400 total
- age   2:       4840 bytes,      29240 total
- age   3:       4648 bytes,      33888 total
- age   4:       4704 bytes,      38592 total
- age   5:       4704 bytes,      43296 total
- age   6:       4648 bytes,      47944 total
: 2223K->46K(2432K), 0.0054961 secs] 6440K->4268K(7936K), 0.0055924 secs] [Times: user=0.00 sys=0.00, real=0.01 secs] 
2017-07-06T17:38:31.697+0900: 17.773: [GC2017-07-06T17:38:31.697+0900: 17.773: [ParNew
Desired survivor size 131072 bytes, new threshold 6 (max 6)
- age   1:      16384 bytes,      16384 total
- age   2:       4784 bytes,      21168 total
- age   3:       4704 bytes,      25872 total
- age   4:       4648 bytes,      30520 total
- age   5:       4704 bytes,      35224 total
- age   6:       4704 bytes,      39928 total
: 2222K->50K(2432K), 0.0007277 secs] 6444K->4276K(7936K), 0.0008073 secs] [Times: user=0.00 sys=0.00, real=0.00 secs] 
2017-07-06T17:38:31.719+0900: 17.795: [GC2017-07-06T17:38:31.719+0900: 17.795: [ParNew
Desired survivor size 131072 bytes, new threshold 6 (max 6)
- age   1:      16384 bytes,      16384 total
- age   2:       4840 bytes,      21224 total
- age   3:       4648 bytes,      25872 total
- age   4:       4704 bytes,      30576 total
- age   5:       4648 bytes,      35224 total
- age   6:       4704 bytes,      39928 total
: 2226K->53K(2432K), 0.0006446 secs] 6452K->4284K(7936K), 0.0007208 secs] [Times: user=0.00 sys=0.00, real=0.00 secs] 
2017-07-06T17:38:31.740+0900: 17.816: [GC2017-07-06T17:38:31.740+0900: 17.816: [ParNew
Desired survivor size 131072 bytes, new threshold 6 (max 6)
- age   1:      24400 bytes,      24400 total
- age   2:       4840 bytes,      29240 total
- age   3:       4704 bytes,      33944 total
- age   4:       4648 bytes,      38592 total
- age   5:       4704 bytes,      43296 total
- age   6:       4648 bytes,      47944 total
: 2215K->69K(2432K), 0.0007007 secs] 6446K->4305K(7936K), 0.0007752 secs] [Times: user=0.00 sys=0.00, real=0.00 secs] 
2017-07-06T17:38:31.762+0900: 17.838: [GC2017-07-06T17:38:31.762+0900: 17.838: [ParNew
Desired survivor size 131072 bytes, new threshold 6 (max 6)
- age   1:      16384 bytes,      16384 total
- age   2:       4784 bytes,      21168 total
- age   3:       4704 bytes,      25872 total
- age   4:       4704 bytes,      30576 total
- age   5:       4648 bytes,      35224 total
- age   6:       4704 bytes,      39928 total
: 2245K->63K(2432K), 0.0006720 secs] 6481K->4303K(7936K), 0.0007474 secs] [Times: user=0.00 sys=0.00, real=0.00 secs] 
2017-07-06T17:38:31.785+0900: 17.861: [GC2017-07-06T17:38:31.785+0900: 17.861: [ParNew
Desired survivor size 131072 bytes, new threshold 6 (max 6)
- age   1:      16384 bytes,      16384 total
- age   2:       4840 bytes,      21224 total
- age   3:       4648 bytes,      25872 total
- age   4:       4704 bytes,      30576 total
- age   5:       4704 bytes,      35280 total
- age   6:       4648 bytes,      39928 total
: 2239K->49K(2432K), 0.0006969 secs] 6479K->4294K(7936K), 0.0007850 secs] [Times: user=0.00 sys=0.00, real=0.00 secs] 
2017-07-06T17:38:31.812+0900: 17.888: [GC2017-07-06T17:38:31.812+0900: 17.888: [ParNew
Desired survivor size 131072 bytes, new threshold 6 (max 6)
- age   1:      24400 bytes,      24400 total
- age   2:       4840 bytes,      29240 total
- age   3:       4704 bytes,      33944 total
- age   4:       4648 bytes,      38592 total
- age   5:       4704 bytes,      43296 total
- age   6:       4704 bytes,      48000 total
: 2211K->64K(2432K), 0.0009524 secs] 6456K->4314K(7936K), 0.0011249 secs] [Times: user=0.00 sys=0.00, real=0.00 secs] 
2017-07-06T17:38:31.834+0900: 17.910: [GC2017-07-06T17:38:31.834+0900: 17.910: [ParNew
Desired survivor size 131072 bytes, new threshold 6 (max 6)
- age   1:      16384 bytes,      16384 total
- age   2:       4784 bytes,      21168 total
- age   3:       4704 bytes,      25872 total
- age   4:       4704 bytes,      30576 total
- age   5:       4648 bytes,      35224 total
- age   6:       4704 bytes,      39928 total
: 2233K->62K(2432K), 0.0006784 secs] 6482K->4316K(7936K), 0.0007542 secs] [Times: user=0.00 sys=0.00, real=0.00 secs] 
2017-07-06T17:38:31.855+0900: 17.931: [GC2017-07-06T17:38:31.855+0900: 17.931: [ParNew
Desired survivor size 131072 bytes, new threshold 6 (max 6)
- age   1:      24400 bytes,      24400 total
- age   2:       4840 bytes,      29240 total
- age   3:       4648 bytes,      33888 total
- age   4:       4704 bytes,      38592 total
- age   5:       4704 bytes,      43296 total
- age   6:       4648 bytes,      47944 total
: 2224K->57K(2432K), 0.0006459 secs] 6477K->4315K(7936K), 0.0007183 secs] [Times: user=0.00 sys=0.00, real=0.00 secs] 
2017-07-06T17:38:31.877+0900: 17.953: [GC2017-07-06T17:38:31.877+0900: 17.953: [ParNew
Desired survivor size 131072 bytes, new threshold 6 (max 6)
- age   1:      16384 bytes,      16384 total
- age   2:       4784 bytes,      21168 total
- age   3:       4704 bytes,      25872 total
- age   4:       4648 bytes,      30520 total
- age   5:       4704 bytes,      35224 total
- age   6:       4704 bytes,      39928 total
: 2233K->50K(2432K), 0.0006416 secs] 6491K->4313K(7936K), 0.0007165 secs] [Times: user=0.00 sys=0.00, real=0.00 secs] 
2017-07-06T17:38:31.902+0900: 17.978: [GC2017-07-06T17:38:31.902+0900: 17.978: [ParNew
Desired survivor size 131072 bytes, new threshold 6 (max 6)
- age   1:      16384 bytes,      16384 total
- age   2:       4840 bytes,      21224 total
- age   3:       4648 bytes,      25872 total
- age   4:       4704 bytes,      30576 total
- age   5:       4648 bytes,      35224 total
- age   6:       4704 bytes,      39928 total
: 2226K->53K(2432K), 0.0010149 secs] 6489K->4321K(7936K), 0.0011129 secs] [Times: user=0.00 sys=0.00, real=0.00 secs] 
2017-07-06T17:38:31.927+0900: 18.003: [GC2017-07-06T17:38:31.927+0900: 18.003: [ParNew
Desired survivor size 131072 bytes, new threshold 6 (max 6)
- age   1:      24400 bytes,      24400 total
- age   2:       4840 bytes,      29240 total
- age   3:       4704 bytes,      33944 total
- age   4:       4648 bytes,      38592 total
- age   5:       4704 bytes,      43296 total
- age   6:       4648 bytes,      47944 total
: 2216K->69K(2432K), 0.0007290 secs] 6483K->4341K(7936K), 0.0008111 secs] [Times: user=0.00 sys=0.00, real=0.00 secs] 
2017-07-06T17:38:31.949+0900: 18.025: [GC2017-07-06T17:38:31.949+0900: 18.025: [ParNew
Desired survivor size 131072 bytes, new threshold 6 (max 6)
- age   1:      16384 bytes,      16384 total
- age   2:       4784 bytes,      21168 total
- age   3:       4704 bytes,      25872 total
- age   4:       4704 bytes,      30576 total
- age   5:       4648 bytes,      35224 total
- age   6:       4704 bytes,      39928 total
: 2245K->63K(2432K), 0.0006686 secs] 6517K->4340K(7936K), 0.0007435 secs] [Times: user=0.00 sys=0.00, real=0.00 secs] 
2017-07-06T17:38:31.971+0900: 18.047: [GC2017-07-06T17:38:31.971+0900: 18.047: [ParNew
Desired survivor size 131072 bytes, new threshold 6 (max 6)
- age   1:      24400 bytes,      24400 total
- age   2:       4840 bytes,      29240 total
- age   3:       4648 bytes,      33888 total
- age   4:       4704 bytes,      38592 total
- age   5:       4704 bytes,      43296 total
- age   6:       4648 bytes,      47944 total
: 2223K->57K(2432K), 0.0006433 secs] 6500K->4338K(7936K), 0.0007144 secs] [Times: user=0.00 sys=0.00, real=0.00 secs] 
2017-07-06T17:38:31.992+0900: 18.068: [GC2017-07-06T17:38:31.992+0900: 18.068: [ParNew
Desired survivor size 131072 bytes, new threshold 6 (max 6)
- age   1:      16384 bytes,      16384 total
- age   2:       4784 bytes,      21168 total
- age   3:       4704 bytes,      25872 total
- age   4:       4648 bytes,      30520 total
- age   5:       4704 bytes,      35224 total
- age   6:       4704 bytes,      39928 total
: 2233K->50K(2432K), 0.0006455 secs] 6514K->4336K(7936K), 0.0007183 secs] [Times: user=0.03 sys=0.00, real=0.00 secs] 
2017-07-06T17:38:32.017+0900: 18.093: [GC2017-07-06T17:38:32.017+0900: 18.093: [ParNew
Desired survivor size 131072 bytes, new threshold 6 (max 6)
- age   1:      24400 bytes,      24400 total
- age   2:       4840 bytes,      29240 total
- age   3:       4648 bytes,      33888 total
- age   4:       4704 bytes,      38592 total
- age   5:       4648 bytes,      43240 total
- age   6:       4704 bytes,      47944 total
: 2211K->68K(2432K), 0.0007110 secs] 6496K->4359K(7936K), 0.0007940 secs] [Times: user=0.00 sys=0.00, real=0.00 secs] 
2017-07-06T17:38:32.041+0900: 18.117: [GC2017-07-06T17:38:32.041+0900: 18.117: [ParNew
Desired survivor size 131072 bytes, new threshold 6 (max 6)
- age   1:      16384 bytes,      16384 total
- age   2:       4784 bytes,      21168 total
- age   3:       4704 bytes,      25872 total
- age   4:       4648 bytes,      30520 total
- age   5:       4704 bytes,      35224 total
- age   6:       4648 bytes,      39872 total
: 2244K->63K(2432K), 0.0007183 secs] 6535K->4358K(7936K), 0.0007979 secs] [Times: user=0.00 sys=0.00, real=0.00 secs] 
2017-07-06T17:38:32.063+0900: 18.139: [GC2017-07-06T17:38:32.063+0900: 18.139: [ParNew
Desired survivor size 131072 bytes, new threshold 6 (max 6)
- age   1:      24400 bytes,      24400 total
- age   2:       4840 bytes,      29240 total
- age   3:       4648 bytes,      33888 total
- age   4:       4704 bytes,      38592 total
- age   5:       4648 bytes,      43240 total
- age   6:       4704 bytes,      47944 total
: 2224K->57K(2432K), 0.0006720 secs] 6519K->4357K(7936K), 0.0007508 secs] [Times: user=0.00 sys=0.00, real=0.00 secs] 
2017-07-06T17:38:32.084+0900: 18.160: [GC2017-07-06T17:38:32.084+0900: 18.160: [ParNew
Desired survivor size 131072 bytes, new threshold 6 (max 6)
- age   1:      16384 bytes,      16384 total
- age   2:       4784 bytes,      21168 total
- age   3:       4704 bytes,      25872 total
- age   4:       4648 bytes,      30520 total
- age   5:       4704 bytes,      35224 total
- age   6:       4648 bytes,      39872 total
: 2233K->50K(2432K), 0.0006506 secs] 6533K->4354K(7936K), 0.0007217 secs] [Times: user=0.00 sys=0.00, real=0.00 secs] 
2017-07-06T17:38:32.106+0900: 18.182: [GC2017-07-06T17:38:32.106+0900: 18.182: [ParNew
Desired survivor size 131072 bytes, new threshold 6 (max 6)
- age   1:      16384 bytes,      16384 total
- age   2:       4840 bytes,      21224 total
- age   3:       4648 bytes,      25872 total
- age   4:       4704 bytes,      30576 total
- age   5:       4648 bytes,      35224 total
- age   6:       4704 bytes,      39928 total
: 2226K->53K(2432K), 0.0006369 secs] 6530K->4362K(7936K), 0.0007071 secs] [Times: user=0.00 sys=0.00, real=0.00 secs] 
2017-07-06T17:38:32.130+0900: 18.206: [GC2017-07-06T17:38:32.130+0900: 18.206: [ParNew
Desired survivor size 131072 bytes, new threshold 6 (max 6)
- age   1:      24400 bytes,      24400 total
- age   2:       4840 bytes,      29240 total
- age   3:       4704 bytes,      33944 total
- age   4:       4648 bytes,      38592 total
- age   5:       4704 bytes,      43296 total
- age   6:       4648 bytes,      47944 total
: 2215K->69K(2432K), 0.0007889 secs] 6524K->4382K(7936K), 0.0008882 secs] [Times: user=0.00 sys=0.00, real=0.00 secs] 
2017-07-06T17:38:32.154+0900: 18.230: [GC2017-07-06T17:38:32.154+0900: 18.230: [ParNew
Desired survivor size 131072 bytes, new threshold 6 (max 6)
- age   1:      16384 bytes,      16384 total
- age   2:       4784 bytes,      21168 total
- age   3:       4704 bytes,      25872 total
- age   4:       4704 bytes,      30576 total
- age   5:       4648 bytes,      35224 total
- age   6:       4704 bytes,      39928 total
: 2237K->63K(2432K), 0.0007067 secs] 6551K->4381K(7936K), 0.0007837 secs] [Times: user=0.00 sys=0.00, real=0.00 secs] 
2017-07-06T17:38:32.175+0900: 18.251: [GC2017-07-06T17:38:32.175+0900: 18.251: [ParNew
Desired survivor size 131072 bytes, new threshold 6 (max 6)
- age   1:      24400 bytes,      24400 total
- age   2:       4840 bytes,      29240 total
- age   3:       4648 bytes,      33888 total
- age   4:       4704 bytes,      38592 total
- age   5:       4704 bytes,      43296 total
- age   6:       4648 bytes,      47944 total
: 2224K->47K(2432K), 0.0006656 secs] 6542K->4369K(7936K), 0.0007401 secs] [Times: user=0.00 sys=0.00, real=0.00 secs] 
2017-07-06T17:38:32.197+0900: 18.273: [GC2017-07-06T17:38:32.197+0900: 18.273: [ParNew
Desired survivor size 131072 bytes, new threshold 6 (max 6)
- age   1:      16384 bytes,      16384 total
- age   2:       4784 bytes,      21168 total
- age   3:       4704 bytes,      25872 total
- age   4:       4648 bytes,      30520 total
- age   5:       4704 bytes,      35224 total
- age   6:       4704 bytes,      39928 total
: 2223K->50K(2432K), 0.0006463 secs] 6545K->4377K(7936K), 0.0007140 secs] [Times: user=0.00 sys=0.00, real=0.00 secs] 
2017-07-06T17:38:32.218+0900: 18.294: [GC2017-07-06T17:38:32.218+0900: 18.294: [ParNew
Desired survivor size 131072 bytes, new threshold 6 (max 6)
- age   1:      16384 bytes,      16384 total
- age   2:       4840 bytes,      21224 total
- age   3:       4648 bytes,      25872 total
- age   4:       4704 bytes,      30576 total
- age   5:       4648 bytes,      35224 total
- age   6:       4704 bytes,      39928 total
: 2226K->53K(2432K), 0.0006382 secs] 6553K->4385K(7936K), 0.0007123 secs] [Times: user=0.00 sys=0.00, real=0.00 secs] 
2017-07-06T17:38:32.242+0900: 18.318: [GC2017-07-06T17:38:32.242+0900: 18.318: [ParNew
Desired survivor size 131072 bytes, new threshold 6 (max 6)
- age   1:      24400 bytes,      24400 total
- age   2:       4840 bytes,      29240 total
- age   3:       4704 bytes,      33944 total
- age   4:       4648 bytes,      38592 total
- age   5:       4704 bytes,      43296 total
- age   6:       4648 bytes,      47944 total
: 2215K->54K(2432K), 0.0008634 secs] 6547K->4390K(7936K), 0.0009545 secs] [Times: user=0.01 sys=0.00, real=0.00 secs] 
2017-07-06T17:38:32.266+0900: 18.342: [GC2017-07-06T17:38:32.266+0900: 18.342: [ParNew
Desired survivor size 131072 bytes, new threshold 6 (max 6)
- age   1:      16384 bytes,      16384 total
- age   2:       4784 bytes,      21168 total
- age   3:       4704 bytes,      25872 total
- age   4:       4704 bytes,      30576 total
- age   5:       4648 bytes,      35224 total
- age   6:       4704 bytes,      39928 total
: 2230K->63K(2432K), 0.0006913 secs] 6566K->4404K(7936K), 0.0007722 secs] [Times: user=0.00 sys=0.00, real=0.00 secs] 
2017-07-06T17:38:32.288+0900: 18.364: [GC2017-07-06T17:38:32.288+0900: 18.364: [ParNew
Desired survivor size 131072 bytes, new threshold 6 (max 6)
- age   1:      16384 bytes,      16384 total
- age   2:       4840 bytes,      21224 total
- age   3:       4648 bytes,      25872 total
- age   4:       4704 bytes,      30576 total
- age   5:       4704 bytes,      35280 total
- age   6:       4648 bytes,      39928 total
: 2239K->39K(2432K), 0.0006836 secs] 6580K->4384K(7936K), 0.0007568 secs] [Times: user=0.00 sys=0.00, real=0.00 secs] 
2017-07-06T17:38:32.309+0900: 18.385: [GC2017-07-06T17:38:32.309+0900: 18.385: [ParNew
Desired survivor size 131072 bytes, new threshold 6 (max 6)
- age   1:      24400 bytes,      24400 total
- age   2:       4840 bytes,      29240 total
- age   3:       4704 bytes,      33944 total
- age   4:       4648 bytes,      38592 total
- age   5:       4704 bytes,      43296 total
- age   6:       4704 bytes,      48000 total
: 2201K->64K(2432K), 0.0006421 secs] 6546K->4414K(7936K), 0.0007264 secs] [Times: user=0.00 sys=0.00, real=0.00 secs] 
2017-07-06T17:38:32.331+0900: 18.407: [GC2017-07-06T17:38:32.331+0900: 18.407: [ParNew
Desired survivor size 131072 bytes, new threshold 6 (max 6)
- age   1:      16384 bytes,      16384 total
- age   2:       4784 bytes,      21168 total
- age   3:       4704 bytes,      25872 total
- age   4:       4704 bytes,      30576 total
- age   5:       4648 bytes,      35224 total
- age   6:       4704 bytes,      39928 total
: 2233K->62K(2432K), 0.0006378 secs] 6582K->4416K(7936K), 0.0007088 secs] [Times: user=0.00 sys=0.00, real=0.00 secs] 
2017-07-06T17:38:32.360+0900: 18.436: [GC2017-07-06T17:38:32.360+0900: 18.436: [ParNew
Desired survivor size 131072 bytes, new threshold 6 (max 6)
- age   1:      24400 bytes,      24400 total
- age   2:       4840 bytes,      29240 total
- age   3:       4648 bytes,      33888 total
- age   4:       4704 bytes,      38592 total
- age   5:       4704 bytes,      43296 total
- age   6:       4648 bytes,      47944 total
: 2224K->57K(2432K), 0.0007118 secs] 6578K->4416K(7936K), 0.0007949 secs] [Times: user=0.00 sys=0.00, real=0.00 secs] 
2017-07-06T17:38:32.383+0900: 18.459: [GC2017-07-06T17:38:32.383+0900: 18.459: [ParNew
Desired survivor size 131072 bytes, new threshold 6 (max 6)
- age   1:      16384 bytes,      16384 total
- age   2:       4784 bytes,      21168 total
- age   3:       4704 bytes,      25872 total
- age   4:       4648 bytes,      30520 total
- age   5:       4704 bytes,      35224 total
- age   6:       4704 bytes,      39928 total
: 2233K->50K(2432K), 0.0007148 secs] 6592K->4414K(7936K), 0.0007966 secs] [Times: user=0.00 sys=0.00, real=0.00 secs] 
2017-07-06T17:38:32.405+0900: 18.481: [GC2017-07-06T17:38:32.405+0900: 18.481: [ParNew
Desired survivor size 131072 bytes, new threshold 6 (max 6)
- age   1:      16384 bytes,      16384 total
- age   2:       4840 bytes,      21224 total
- age   3:       4648 bytes,      25872 total
- age   4:       4704 bytes,      30576 total
- age   5:       4648 bytes,      35224 total
- age   6:       4704 bytes,      39928 total
: 2226K->53K(2432K), 0.0006630 secs] 6590K->4421K(7936K), 0.0007427 secs] [Times: user=0.00 sys=0.00, real=0.00 secs] 
2017-07-06T17:38:32.426+0900: 18.502: [GC2017-07-06T17:38:32.426+0900: 18.502: [ParNew
Desired survivor size 131072 bytes, new threshold 6 (max 6)
- age   1:      24400 bytes,      24400 total
- age   2:       4840 bytes,      29240 total
- age   3:       4704 bytes,      33944 total
- age   4:       4648 bytes,      38592 total
- age   5:       4704 bytes,      43296 total
- age   6:       4648 bytes,      47944 total
: 2216K->69K(2432K), 0.0006211 secs] 6584K->4442K(7936K), 0.0006900 secs] [Times: user=0.00 sys=0.00, real=0.00 secs] 
2017-07-06T17:38:32.448+0900: 18.524: [GC2017-07-06T17:38:32.448+0900: 18.524: [ParNew
Desired survivor size 131072 bytes, new threshold 6 (max 6)
- age   1:      16384 bytes,      16384 total
- age   2:       4784 bytes,      21168 total
- age   3:       4704 bytes,      25872 total
- age   4:       4704 bytes,      30576 total
- age   5:       4648 bytes,      35224 total
- age   6:       4704 bytes,      39928 total
: 2245K->63K(2432K), 0.0006348 secs] 6618K->4440K(7936K), 0.0007046 secs] [Times: user=0.00 sys=0.00, real=0.00 secs] 
2017-07-06T17:38:32.474+0900: 18.550: [GC2017-07-06T17:38:32.475+0900: 18.550: [ParNew
Desired survivor size 131072 bytes, new threshold 6 (max 6)
- age   1:      24400 bytes,      24400 total
- age   2:       4840 bytes,      29240 total
- age   3:       4648 bytes,      33888 total
- age   4:       4704 bytes,      38592 total
- age   5:       4704 bytes,      43296 total
- age   6:       4648 bytes,      47944 total
: 2223K->57K(2432K), 0.0006994 secs] 6600K->4439K(7936K), 0.0008000 secs] [Times: user=0.00 sys=0.00, real=0.00 secs] 
2017-07-06T17:38:32.496+0900: 18.572: [GC2017-07-06T17:38:32.496+0900: 18.572: [ParNew
Desired survivor size 131072 bytes, new threshold 6 (max 6)
- age   1:      16384 bytes,      16384 total
- age   2:       4784 bytes,      21168 total
- age   3:       4704 bytes,      25872 total
- age   4:       4648 bytes,      30520 total
- age   5:       4704 bytes,      35224 total
- age   6:       4704 bytes,      39928 total
: 2233K->50K(2432K), 0.0006806 secs] 6615K->4436K(7936K), 0.0007546 secs] [Times: user=0.00 sys=0.00, real=0.00 secs] 
2017-07-06T17:38:32.518+0900: 18.594: [GC2017-07-06T17:38:32.518+0900: 18.594: [ParNew
Desired survivor size 131072 bytes, new threshold 6 (max 6)
- age   1:      24400 bytes,      24400 total
- age   2:       4840 bytes,      29240 total
- age   3:       4648 bytes,      33888 total
- age   4:       4704 bytes,      38592 total
- age   5:       4648 bytes,      43240 total
- age   6:       4704 bytes,      47944 total
: 2211K->68K(2432K), 0.0006459 secs] 6597K->4459K(7936K), 0.0007178 secs] [Times: user=0.00 sys=0.00, real=0.00 secs] 
2017-07-06T17:38:32.539+0900: 18.615: [GC2017-07-06T17:38:32.539+0900: 18.615: [ParNew
Desired survivor size 131072 bytes, new threshold 6 (max 6)
- age   1:      16384 bytes,      16384 total
- age   2:       4784 bytes,      21168 total
- age   3:       4704 bytes,      25872 total
- age   4:       4648 bytes,      30520 total
- age   5:       4704 bytes,      35224 total
- age   6:       4648 bytes,      39872 total
: 2244K->63K(2432K), 0.0006395 secs] 6635K->4458K(7936K), 0.0007097 secs] [Times: user=0.00 sys=0.00, real=0.00 secs] 
2017-07-06T17:38:32.561+0900: 18.637: [GC2017-07-06T17:38:32.561+0900: 18.637: [ParNew
Desired survivor size 131072 bytes, new threshold 6 (max 6)
- age   1:      24400 bytes,      24400 total
- age   2:       4840 bytes,      29240 total
- age   3:       4648 bytes,      33888 total
- age   4:       4704 bytes,      38592 total
- age   5:       4648 bytes,      43240 total
- age   6:       4704 bytes,      47944 total
: 2224K->57K(2432K), 0.0006797 secs] 6619K->4457K(7936K), 0.0007593 secs] [Times: user=0.00 sys=0.00, real=0.00 secs] 
2017-07-06T17:38:32.585+0900: 18.661: [GC2017-07-06T17:38:32.585+0900: 18.661: [ParNew
Desired survivor size 131072 bytes, new threshold 6 (max 6)
- age   1:      16384 bytes,      16384 total
- age   2:       4784 bytes,      21168 total
- age   3:       4704 bytes,      25872 total
- age   4:       4648 bytes,      30520 total
- age   5:       4704 bytes,      35224 total
- age   6:       4648 bytes,      39872 total
: 2233K->50K(2432K), 0.0009473 secs] 6633K->4455K(7936K), 0.0010320 secs] [Times: user=0.02 sys=0.00, real=0.00 secs] 
2017-07-06T17:38:32.609+0900: 18.685: [GC2017-07-06T17:38:32.609+0900: 18.685: [ParNew
Desired survivor size 131072 bytes, new threshold 6 (max 6)
- age   1:      16384 bytes,      16384 total
- age   2:       4840 bytes,      21224 total
- age   3:       4648 bytes,      25872 total
- age   4:       4704 bytes,      30576 total
- age   5:       4648 bytes,      35224 total
- age   6:       4704 bytes,      39928 total
: 2226K->53K(2432K), 0.0007144 secs] 6631K->4462K(7936K), 0.0007944 secs] [Times: user=0.00 sys=0.00, real=0.00 secs] 
2017-07-06T17:38:32.631+0900: 18.707: [GC2017-07-06T17:38:32.631+0900: 18.707: [ParNew
Desired survivor size 131072 bytes, new threshold 6 (max 6)
- age   1:      24400 bytes,      24400 total
- age   2:       4840 bytes,      29240 total
- age   3:       4704 bytes,      33944 total
- age   4:       4648 bytes,      38592 total
- age   5:       4704 bytes,      43296 total
- age   6:       4648 bytes,      47944 total
: 2215K->69K(2432K), 0.0006630 secs] 6624K->4483K(7936K), 0.0007371 secs] [Times: user=0.00 sys=0.00, real=0.00 secs] 
2017-07-06T17:38:32.652+0900: 18.728: [GC2017-07-06T17:38:32.652+0900: 18.728: [ParNew
Desired survivor size 131072 bytes, new threshold 6 (max 6)
- age   1:      16384 bytes,      16384 total
- age   2:       4784 bytes,      21168 total
- age   3:       4704 bytes,      25872 total
- age   4:       4704 bytes,      30576 total
- age   5:       4648 bytes,      35224 total
- age   6:       4704 bytes,      39928 total
: 2237K->63K(2432K), 0.0006429 secs] 6651K->4481K(7936K), 0.0007097 secs] [Times: user=0.00 sys=0.00, real=0.00 secs] 
2017-07-06T17:38:32.674+0900: 18.750: [GC2017-07-06T17:38:32.674+0900: 18.750: [ParNew
Desired survivor size 131072 bytes, new threshold 6 (max 6)
- age   1:      24400 bytes,      24400 total
- age   2:       4840 bytes,      29240 total
- age   3:       4648 bytes,      33888 total
- age   4:       4704 bytes,      38592 total
- age   5:       4704 bytes,      43296 total
- age   6:       4648 bytes,      47944 total
: 2224K->57K(2432K), 0.0006309 secs] 6642K->4480K(7936K), 0.0006998 secs] [Times: user=0.00 sys=0.00, real=0.00 secs] 
2017-07-06T17:38:32.698+0900: 18.773: [GC2017-07-06T17:38:32.698+0900: 18.774: [ParNew
Desired survivor size 131072 bytes, new threshold 6 (max 6)
- age   1:      16384 bytes,      16384 total
- age   2:       4784 bytes,      21168 total
- age   3:       4704 bytes,      25872 total
- age   4:       4648 bytes,      30520 total
- age   5:       4704 bytes,      35224 total
- age   6:       4704 bytes,      39928 total
: 2233K->50K(2432K), 0.0116111 secs] 6656K->4478K(7936K), 0.0117138 secs] [Times: user=0.00 sys=0.00, real=0.01 secs] 
2017-07-06T17:38:32.732+0900: 18.808: [GC2017-07-06T17:38:32.732+0900: 18.808: [ParNew
Desired survivor size 131072 bytes, new threshold 6 (max 6)
- age   1:      16384 bytes,      16384 total
- age   2:       4840 bytes,      21224 total
- age   3:       4648 bytes,      25872 total
- age   4:       4704 bytes,      30576 total
- age   5:       4648 bytes,      35224 total
- age   6:       4704 bytes,      39928 total
: 2226K->53K(2432K), 0.0007041 secs] 6654K->4485K(7936K), 0.0007825 secs] [Times: user=0.00 sys=0.00, real=0.00 secs] 
2017-07-06T17:38:32.753+0900: 18.829: [GC2017-07-06T17:38:32.753+0900: 18.829: [ParNew
Desired survivor size 131072 bytes, new threshold 6 (max 6)
- age   1:      24400 bytes,      24400 total
- age   2:       4840 bytes,      29240 total
- age   3:       4704 bytes,      33944 total
- age   4:       4648 bytes,      38592 total
- age   5:       4704 bytes,      43296 total
- age   6:       4648 bytes,      47944 total
: 2215K->69K(2432K), 0.0006618 secs] 6647K->4506K(7936K), 0.0007349 secs] [Times: user=0.00 sys=0.00, real=0.00 secs] 
2017-07-06T17:38:32.775+0900: 18.851: [GC2017-07-06T17:38:32.775+0900: 18.851: [ParNew
Desired survivor size 131072 bytes, new threshold 6 (max 6)
- age   1:      16384 bytes,      16384 total
- age   2:       4784 bytes,      21168 total
- age   3:       4704 bytes,      25872 total
- age   4:       4704 bytes,      30576 total
- age   5:       4648 bytes,      35224 total
- age   6:       4704 bytes,      39928 total
: 2245K->63K(2432K), 0.0006412 secs] 6682K->4504K(7936K), 0.0007114 secs] [Times: user=0.00 sys=0.00, real=0.00 secs] 
2017-07-06T17:38:32.796+0900: 18.872: [GC2017-07-06T17:38:32.796+0900: 18.872: [ParNew
Desired survivor size 131072 bytes, new threshold 6 (max 6)
- age   1:      16384 bytes,      16384 total
- age   2:       4840 bytes,      21224 total
- age   3:       4648 bytes,      25872 total
- age   4:       4704 bytes,      30576 total
- age   5:       4704 bytes,      35280 total
- age   6:       4648 bytes,      39928 total
: 2239K->49K(2432K), 0.0006365 secs] 6680K->4495K(7936K), 0.0007058 secs] [Times: user=0.00 sys=0.00, real=0.00 secs] 
2017-07-06T17:38:32.820+0900: 18.896: [GC2017-07-06T17:38:32.820+0900: 18.896: [ParNew
Desired survivor size 131072 bytes, new threshold 6 (max 6)
- age   1:      24400 bytes,      24400 total
- age   2:       4840 bytes,      29240 total
- age   3:       4704 bytes,      33944 total
- age   4:       4648 bytes,      38592 total
- age   5:       4704 bytes,      43296 total
- age   6:       4704 bytes,      48000 total
: 2211K->50K(2432K), 0.0080887 secs] 6657K->4500K(7936K), 0.0081936 secs] [Times: user=0.00 sys=0.00, real=0.01 secs] 
2017-07-06T17:38:32.850+0900: 18.926: [GC2017-07-06T17:38:32.850+0900: 18.926: [ParNew
Desired survivor size 131072 bytes, new threshold 6 (max 6)
- age   1:      16384 bytes,      16384 total
- age   2:       4784 bytes,      21168 total
- age   3:       4704 bytes,      25872 total
- age   4:       4704 bytes,      30576 total
- age   5:       4648 bytes,      35224 total
- age   6:       4704 bytes,      39928 total
: 2218K->62K(2432K), 0.0007058 secs] 6669K->4517K(7936K), 0.0007872 secs] [Times: user=0.03 sys=0.00, real=0.00 secs] 
2017-07-06T17:38:32.872+0900: 18.948: [GC2017-07-06T17:38:32.872+0900: 18.948: [ParNew
Desired survivor size 131072 bytes, new threshold 6 (max 6)
- age   1:      24400 bytes,      24400 total
- age   2:       4840 bytes,      29240 total
- age   3:       4648 bytes,      33888 total
- age   4:       4704 bytes,      38592 total
- age   5:       4704 bytes,      43296 total
- age   6:       4648 bytes,      47944 total
: 2224K->57K(2432K), 0.0006532 secs] 6678K->4516K(7936K), 0.0007238 secs] [Times: user=0.00 sys=0.00, real=0.00 secs] 
2017-07-06T17:38:32.893+0900: 18.969: [GC2017-07-06T17:38:32.893+0900: 18.969: [ParNew
Desired survivor size 131072 bytes, new threshold 6 (max 6)
- age   1:      16384 bytes,      16384 total
- age   2:       4784 bytes,      21168 total
- age   3:       4704 bytes,      25872 total
- age   4:       4648 bytes,      30520 total
- age   5:       4704 bytes,      35224 total
- age   6:       4704 bytes,      39928 total
: 2233K->50K(2432K), 0.0006361 secs] 6692K->4514K(7936K), 0.0007054 secs] [Times: user=0.00 sys=0.00, real=0.00 secs] 
2017-07-06T17:38:32.915+0900: 18.991: [GC2017-07-06T17:38:32.915+0900: 18.991: [ParNew
Desired survivor size 131072 bytes, new threshold 6 (max 6)
- age   1:      16384 bytes,      16384 total
- age   2:       4840 bytes,      21224 total
- age   3:       4648 bytes,      25872 total
- age   4:       4704 bytes,      30576 total
- age   5:       4648 bytes,      35224 total
- age   6:       4704 bytes,      39928 total
: 2226K->53K(2432K), 0.0006361 secs] 6690K->4522K(7936K), 0.0007101 secs] [Times: user=0.00 sys=0.00, real=0.00 secs] 
2017-07-06T17:38:32.938+0900: 19.014: [GC2017-07-06T17:38:32.938+0900: 19.014: [ParNew
Desired survivor size 131072 bytes, new threshold 6 (max 6)
- age   1:      24400 bytes,      24400 total
- age   2:       4840 bytes,      29240 total
- age   3:       4704 bytes,      33944 total
- age   4:       4648 bytes,      38592 total
- age   5:       4704 bytes,      43296 total
- age   6:       4648 bytes,      47944 total
: 2216K->62K(2432K), 0.0068705 secs] 6684K->4535K(7936K), 0.0069869 secs] [Times: user=0.02 sys=0.00, real=0.01 secs] 
2017-07-06T17:38:32.967+0900: 19.043: [GC2017-07-06T17:38:32.967+0900: 19.043: [ParNew
Desired survivor size 131072 bytes, new threshold 6 (max 6)
- age   1:      16384 bytes,      16384 total
- age   2:       4784 bytes,      21168 total
- age   3:       4704 bytes,      25872 total
- age   4:       4704 bytes,      30576 total
- age   5:       4648 bytes,      35224 total
- age   6:       4704 bytes,      39928 total
: 2238K->54K(2432K), 0.0007024 secs] 6711K->4532K(7936K), 0.0007799 secs] [Times: user=0.00 sys=0.00, real=0.00 secs] 
2017-07-06T17:38:32.988+0900: 19.064: [GC2017-07-06T17:38:32.988+0900: 19.064: [ParNew
Desired survivor size 131072 bytes, new threshold 6 (max 6)
- age   1:      24400 bytes,      24400 total
- age   2:       4840 bytes,      29240 total
- age   3:       4648 bytes,      33888 total
- age   4:       4704 bytes,      38592 total
- age   5:       4704 bytes,      43296 total
- age   6:       4648 bytes,      47944 total
: 2214K->70K(2432K), 0.0006433 secs] 6692K->4552K(7936K), 0.0007140 secs] [Times: user=0.00 sys=0.00, real=0.00 secs] 
2017-07-06T17:38:33.010+0900: 19.086: [GC2017-07-06T17:38:33.010+0900: 19.086: [ParNew
Desired survivor size 131072 bytes, new threshold 6 (max 6)
- age   1:      16384 bytes,      16384 total
- age   2:       4784 bytes,      21168 total
- age   3:       4704 bytes,      25872 total
- age   4:       4648 bytes,      30520 total
- age   5:       4704 bytes,      35224 total
- age   6:       4704 bytes,      39928 total
: 2246K->63K(2432K), 0.0006493 secs] 6728K->4550K(7936K), 0.0007178 secs] [Times: user=0.00 sys=0.00, real=0.00 secs] 
2017-07-06T17:38:33.031+0900: 19.107: [GC2017-07-06T17:38:33.031+0900: 19.107: [ParNew
Desired survivor size 131072 bytes, new threshold 6 (max 6)
- age   1:      24400 bytes,      24400 total
- age   2:       4840 bytes,      29240 total
- age   3:       4648 bytes,      33888 total
- age   4:       4704 bytes,      38592 total
- age   5:       4648 bytes,      43240 total
- age   6:       4704 bytes,      47944 total
: 2223K->57K(2432K), 0.0006421 secs] 6710K->4549K(7936K), 0.0007114 secs] [Times: user=0.00 sys=0.00, real=0.00 secs] 
2017-07-06T17:38:33.054+0900: 19.130: [GC2017-07-06T17:38:33.054+0900: 19.130: [ParNew
Desired survivor size 131072 bytes, new threshold 6 (max 6)
- age   1:      16384 bytes,      16384 total
- age   2:       4784 bytes,      21168 total
- age   3:       4704 bytes,      25872 total
- age   4:       4648 bytes,      30520 total
- age   5:       4704 bytes,      35224 total
- age   6:       4648 bytes,      39872 total
: 2233K->50K(2432K), 0.0009648 secs] 6725K->4546K(7936K), 0.0010513 secs] [Times: user=0.00 sys=0.00, real=0.00 secs] 
2017-07-06T17:38:33.080+0900: 19.156: [GC2017-07-06T17:38:33.080+0900: 19.156: [ParNew
Desired survivor size 131072 bytes, new threshold 6 (max 6)
- age   1:      24400 bytes,      24400 total
- age   2:       4840 bytes,      29240 total
- age   3:       4648 bytes,      33888 total
- age   4:       4704 bytes,      38592 total
- age   5:       4648 bytes,      43240 total
- age   6:       4704 bytes,      47944 total
: 2211K->68K(2432K), 0.0006917 secs] 6707K->4569K(7936K), 0.0007786 secs] [Times: user=0.00 sys=0.00, real=0.00 secs] 
2017-07-06T17:38:33.101+0900: 19.177: [GC2017-07-06T17:38:33.101+0900: 19.177: [ParNew
Desired survivor size 131072 bytes, new threshold 6 (max 6)
- age   1:      16384 bytes,      16384 total
- age   2:       4784 bytes,      21168 total
- age   3:       4704 bytes,      25872 total
- age   4:       4648 bytes,      30520 total
- age   5:       4704 bytes,      35224 total
- age   6:       4648 bytes,      39872 total
: 2244K->63K(2432K), 0.0006699 secs] 6745K->4568K(7936K), 0.0007439 secs] [Times: user=0.00 sys=0.00, real=0.00 secs] 
2017-07-06T17:38:33.123+0900: 19.199: [GC2017-07-06T17:38:33.123+0900: 19.199: [ParNew
Desired survivor size 131072 bytes, new threshold 6 (max 6)
- age   1:      16384 bytes,      16384 total
- age   2:       4840 bytes,      21224 total
- age   3:       4648 bytes,      25872 total
- age   4:       4704 bytes,      30576 total
- age   5:       4648 bytes,      35224 total
- age   6:       4704 bytes,      39928 total
: 2239K->49K(2432K), 0.0006472 secs] 6744K->4559K(7936K), 0.0007191 secs] [Times: user=0.00 sys=0.00, real=0.00 secs] 
2017-07-06T17:38:33.145+0900: 19.221: [GC2017-07-06T17:38:33.145+0900: 19.221: [ParNew
Desired survivor size 131072 bytes, new threshold 6 (max 6)
- age   1:      24400 bytes,      24400 total
- age   2:       4840 bytes,      29240 total
- age   3:       4704 bytes,      33944 total
- age   4:       4648 bytes,      38592 total
- age   5:       4704 bytes,      43296 total
- age   6:       4648 bytes,      47944 total
: 2213K->64K(2432K), 0.0006369 secs] 6722K->4579K(7936K), 0.0007093 secs] [Times: user=0.00 sys=0.00, real=0.00 secs] 
2017-07-06T17:38:33.169+0900: 19.245: [GC2017-07-06T17:38:33.169+0900: 19.245: [ParNew
Desired survivor size 131072 bytes, new threshold 6 (max 6)
- age   1:      16384 bytes,      16384 total
- age   2:       4784 bytes,      21168 total
- age   3:       4704 bytes,      25872 total
- age   4:       4704 bytes,      30576 total
- age   5:       4648 bytes,      35224 total
- age   6:       4704 bytes,      39928 total
: 2233K->44K(2432K), 0.0009387 secs] 6747K->4563K(7936K), 0.0010226 secs] [Times: user=0.00 sys=0.00, real=0.00 secs] 
2017-07-06T17:38:33.196+0900: 19.272: [GC2017-07-06T17:38:33.196+0900: 19.272: [ParNew
Desired survivor size 131072 bytes, new threshold 6 (max 6)
- age   1:      24400 bytes,      24400 total
- age   2:       4840 bytes,      29240 total
- age   3:       4648 bytes,      33888 total
- age   4:       4704 bytes,      38592 total
- age   5:       4704 bytes,      43296 total
- age   6:       4648 bytes,      47944 total
: 2205K->72K(2432K), 0.0007033 secs] 6724K->4596K(7936K), 0.0007863 secs] [Times: user=0.00 sys=0.00, real=0.00 secs] 
2017-07-06T17:38:33.218+0900: 19.294: [GC2017-07-06T17:38:33.218+0900: 19.294: [ParNew
Desired survivor size 131072 bytes, new threshold 6 (max 6)
- age   1:      16384 bytes,      16384 total
- age   2:       4784 bytes,      21168 total
- age   3:       4704 bytes,      25872 total
- age   4:       4648 bytes,      30520 total
- age   5:       4704 bytes,      35224 total
- age   6:       4704 bytes,      39928 total
: 2248K->63K(2432K), 0.0006528 secs] 6772K->4591K(7936K), 0.0007247 secs] [Times: user=0.00 sys=0.00, real=0.00 secs] 
2017-07-06T17:38:33.240+0900: 19.316: [GC2017-07-06T17:38:33.240+0900: 19.316: [ParNew
Desired survivor size 131072 bytes, new threshold 6 (max 6)
- age   1:      24400 bytes,      24400 total
- age   2:       4840 bytes,      29240 total
- age   3:       4648 bytes,      33888 total
- age   4:       4704 bytes,      38592 total
- age   5:       4648 bytes,      43240 total
- age   6:       4704 bytes,      47944 total
: 2225K->57K(2432K), 0.0006254 secs] 6753K->4590K(7936K), 0.0006990 secs] [Times: user=0.03 sys=0.00, real=0.00 secs] 
2017-07-06T17:38:33.262+0900: 19.338: [GC2017-07-06T17:38:33.263+0900: 19.338: [ParNew
Desired survivor size 131072 bytes, new threshold 6 (max 6)
- age   1:      16384 bytes,      16384 total
- age   2:       4784 bytes,      21168 total
- age   3:       4704 bytes,      25872 total
- age   4:       4648 bytes,      30520 total
- age   5:       4704 bytes,      35224 total
- age   6:       4648 bytes,      39872 total
: 2233K->50K(2432K), 0.0006339 secs] 6766K->4587K(7936K), 0.0007093 secs] [Times: user=0.00 sys=0.00, real=0.00 secs] 
2017-07-06T17:38:33.286+0900: 19.362: [GC2017-07-06T17:38:33.286+0900: 19.362: [ParNew
Desired survivor size 131072 bytes, new threshold 6 (max 6)
- age   1:      16384 bytes,      16384 total
- age   2:       4840 bytes,      21224 total
- age   3:       4648 bytes,      25872 total
- age   4:       4704 bytes,      30576 total
- age   5:       4648 bytes,      35224 total
- age   6:       4704 bytes,      39928 total
: 2226K->53K(2432K), 0.0009682 secs] 6763K->4595K(7936K), 0.0010530 secs] [Times: user=0.00 sys=0.00, real=0.00 secs] 
2017-07-06T17:38:33.313+0900: 19.389: [GC2017-07-06T17:38:33.313+0900: 19.389: [ParNew
Desired survivor size 131072 bytes, new threshold 6 (max 6)
- age   1:      24400 bytes,      24400 total
- age   2:       4840 bytes,      29240 total
- age   3:       4704 bytes,      33944 total
- age   4:       4648 bytes,      38592 total
- age   5:       4704 bytes,      43296 total
- age   6:       4648 bytes,      47944 total
: 2216K->69K(2432K), 0.0007020 secs] 6758K->4616K(7936K), 0.0007820 secs] [Times: user=0.00 sys=0.00, real=0.00 secs] 
2017-07-06T17:38:33.335+0900: 19.411: [GC2017-07-06T17:38:33.335+0900: 19.411: [ParNew
Desired survivor size 131072 bytes, new threshold 6 (max 6)
- age   1:      16384 bytes,      16384 total
- age   2:       4784 bytes,      21168 total
- age   3:       4704 bytes,      25872 total
- age   4:       4704 bytes,      30576 total
- age   5:       4648 bytes,      35224 total
- age   6:       4704 bytes,      39928 total
: 2237K->63K(2432K), 0.0006729 secs] 6784K->4614K(7936K), 0.0007461 secs] [Times: user=0.00 sys=0.00, real=0.00 secs] 
2017-07-06T17:38:33.357+0900: 19.433: [GC2017-07-06T17:38:33.357+0900: 19.433: [ParNew
Desired survivor size 131072 bytes, new threshold 6 (max 6)
- age   1:      24400 bytes,      24400 total
- age   2:       4840 bytes,      29240 total
- age   3:       4648 bytes,      33888 total
- age   4:       4704 bytes,      38592 total
- age   5:       4704 bytes,      43296 total
- age   6:       4648 bytes,      47944 total
: 2224K->57K(2432K), 0.0006862 secs] 6775K->4613K(7936K), 0.0007589 secs] [Times: user=0.00 sys=0.00, real=0.00 secs] 
2017-07-06T17:38:33.380+0900: 19.456: [GC2017-07-06T17:38:33.380+0900: 19.456: [ParNew
Desired survivor size 131072 bytes, new threshold 6 (max 6)
- age   1:      16384 bytes,      16384 total
- age   2:       4784 bytes,      21168 total
- age   3:       4704 bytes,      25872 total
- age   4:       4648 bytes,      30520 total
- age   5:       4704 bytes,      35224 total
- age   6:       4704 bytes,      39928 total
: 2233K->50K(2432K), 0.0006596 secs] 6789K->4610K(7936K), 0.0007332 secs] [Times: user=0.00 sys=0.00, real=0.00 secs] 
2017-07-06T17:38:33.402+0900: 19.478: [GC2017-07-06T17:38:33.402+0900: 19.478: [ParNew
Desired survivor size 131072 bytes, new threshold 6 (max 6)
- age   1:      24400 bytes,      24400 total
- age   2:       4840 bytes,      29240 total
- age   3:       4648 bytes,      33888 total
- age   4:       4704 bytes,      38592 total
- age   5:       4648 bytes,      43240 total
- age   6:       4704 bytes,      47944 total
: 2211K->53K(2432K), 0.0115905 secs] 6771K->4618K(7936K), 0.0116928 secs] [Times: user=0.02 sys=0.00, real=0.01 secs] 
2017-07-06T17:38:33.442+0900: 19.518: [GC2017-07-06T17:38:33.442+0900: 19.518: [ParNew
Desired survivor size 131072 bytes, new threshold 6 (max 6)
- age   1:      16384 bytes,      16384 total
- age   2:       4784 bytes,      21168 total
- age   3:       4704 bytes,      25872 total
- age   4:       4648 bytes,      30520 total
- age   5:       4704 bytes,      35224 total
- age   6:       4648 bytes,      39872 total
: 2229K->44K(2432K), 0.0118756 secs] 6794K->4613K(7936K), 0.0120027 secs] [Times: user=0.03 sys=0.00, real=0.01 secs] 
2017-07-06T17:38:33.481+0900: 19.557: [GC2017-07-06T17:38:33.481+0900: 19.557: [ParNew
Desired survivor size 131072 bytes, new threshold 6 (max 6)
- age   1:      16384 bytes,      16384 total
- age   2:       4840 bytes,      21224 total
- age   3:       4648 bytes,      25872 total
- age   4:       4704 bytes,      30576 total
- age   5:       4648 bytes,      35224 total
- age   6:       4704 bytes,      39928 total
: 2220K->56K(2432K), 0.0007465 secs] 6789K->4630K(7936K), 0.0008450 secs] [Times: user=0.00 sys=0.00, real=0.00 secs] 
2017-07-06T17:38:33.508+0900: 19.584: [GC2017-07-06T17:38:33.508+0900: 19.584: [ParNew
Desired survivor size 131072 bytes, new threshold 6 (max 6)
- age   1:      24400 bytes,      24400 total
- age   2:       4840 bytes,      29240 total
- age   3:       4704 bytes,      33944 total
- age   4:       4648 bytes,      38592 total
- age   5:       4704 bytes,      43296 total
- age   6:       4648 bytes,      47944 total
: 2220K->70K(2432K), 0.0007071 secs] 6793K->4649K(7936K), 0.0007889 secs] [Times: user=0.00 sys=0.00, real=0.00 secs] 
2017-07-06T17:38:33.535+0900: 19.611: [GC2017-07-06T17:38:33.535+0900: 19.611: [ParNew
Desired survivor size 131072 bytes, new threshold 6 (max 6)
- age   1:      16384 bytes,      16384 total
- age   2:       4784 bytes,      21168 total
- age   3:       4704 bytes,      25872 total
- age   4:       4704 bytes,      30576 total
- age   5:       4648 bytes,      35224 total
- age   6:       4704 bytes,      39928 total
: 2238K->63K(2432K), 0.0009087 secs] 6817K->4646K(7936K), 0.0010050 secs] [Times: user=0.00 sys=0.00, real=0.00 secs] 
2017-07-06T17:38:33.559+0900: 19.635: [GC2017-07-06T17:38:33.559+0900: 19.635: [ParNew
Desired survivor size 131072 bytes, new threshold 6 (max 6)
- age   1:      24400 bytes,      24400 total
- age   2:       4840 bytes,      29240 total
- age   3:       4648 bytes,      33888 total
- age   4:       4704 bytes,      38592 total
- age   5:       4704 bytes,      43296 total
- age   6:       4648 bytes,      47944 total
: 2224K->57K(2432K), 0.0006802 secs] 6807K->4645K(7936K), 0.0007598 secs] [Times: user=0.00 sys=0.00, real=0.00 secs] 
2017-07-06T17:38:33.582+0900: 19.658: [GC2017-07-06T17:38:33.582+0900: 19.658: [ParNew
Desired survivor size 131072 bytes, new threshold 6 (max 6)
- age   1:      16384 bytes,      16384 total
- age   2:       4784 bytes,      21168 total
- age   3:       4704 bytes,      25872 total
- age   4:       4648 bytes,      30520 total
- age   5:       4704 bytes,      35224 total
- age   6:       4704 bytes,      39928 total
: 2233K->50K(2432K), 0.0006772 secs] 6821K->4642K(7936K), 0.0007525 secs] [Times: user=0.00 sys=0.00, real=0.00 secs] 
2017-07-06T17:38:33.604+0900: 19.680: [GC2017-07-06T17:38:33.604+0900: 19.680: [ParNew
Desired survivor size 131072 bytes, new threshold 6 (max 6)
- age   1:      24400 bytes,      24400 total
- age   2:       4840 bytes,      29240 total
- age   3:       4648 bytes,      33888 total
- age   4:       4704 bytes,      38592 total
- age   5:       4648 bytes,      43240 total
- age   6:       4704 bytes,      47944 total
: 2211K->68K(2432K), 0.0006369 secs] 6803K->4665K(7936K), 0.0007071 secs] [Times: user=0.00 sys=0.00, real=0.00 secs] 
2017-07-06T17:38:33.626+0900: 19.702: [GC2017-07-06T17:38:33.626+0900: 19.702: [ParNew
Desired survivor size 131072 bytes, new threshold 6 (max 6)
- age   1:      16384 bytes,      16384 total
- age   2:       4784 bytes,      21168 total
- age   3:       4704 bytes,      25872 total
- age   4:       4648 bytes,      30520 total
- age   5:       4704 bytes,      35224 total
- age   6:       4648 bytes,      39872 total
: 2244K->63K(2432K), 0.0006331 secs] 6841K->4664K(7936K), 0.0007003 secs] [Times: user=0.00 sys=0.00, real=0.00 secs] 
2017-07-06T17:38:33.650+0900: 19.726: [GC2017-07-06T17:38:33.650+0900: 19.726: [ParNew
Desired survivor size 131072 bytes, new threshold 6 (max 6)
- age   1:      16384 bytes,      16384 total
- age   2:       4840 bytes,      21224 total
- age   3:       4648 bytes,      25872 total
- age   4:       4704 bytes,      30576 total
- age   5:       4648 bytes,      35224 total
- age   6:       4704 bytes,      39928 total
: 2239K->39K(2432K), 0.0009374 secs] 6840K->4644K(7936K), 0.0010277 secs] [Times: user=0.00 sys=0.00, real=0.00 secs] 
2017-07-06T17:38:33.677+0900: 19.753: [GC2017-07-06T17:38:33.677+0900: 19.753: [ParNew
Desired survivor size 131072 bytes, new threshold 6 (max 6)
- age   1:      24400 bytes,      24400 total
- age   2:       4840 bytes,      29240 total
- age   3:       4704 bytes,      33944 total
- age   4:       4648 bytes,      38592 total
- age   5:       4704 bytes,      43296 total
- age   6:       4648 bytes,      47944 total
: 2202K->50K(2432K), 0.0013646 secs] 6808K->4660K(7936K), 0.0014806 secs] [Times: user=0.03 sys=0.00, real=0.00 secs] 
2017-07-06T17:38:33.700+0900: 19.776: [GC2017-07-06T17:38:33.700+0900: 19.776: [ParNew
Desired survivor size 131072 bytes, new threshold 6 (max 6)
- age   1:      16384 bytes,      16384 total
- age   2:       4784 bytes,      21168 total
- age   3:       4704 bytes,      25872 total
- age   4:       4704 bytes,      30576 total
- age   5:       4648 bytes,      35224 total
- age   6:       4704 bytes,      39928 total
: 2218K->62K(2432K), 0.0006699 secs] 6829K->4677K(7936K), 0.0007452 secs] [Times: user=0.00 sys=0.00, real=0.00 secs] 
2017-07-06T17:38:33.722+0900: 19.798: [GC2017-07-06T17:38:33.722+0900: 19.798: [ParNew
Desired survivor size 131072 bytes, new threshold 6 (max 6)
- age   1:      24400 bytes,      24400 total
- age   2:       4840 bytes,      29240 total
- age   3:       4648 bytes,      33888 total
- age   4:       4704 bytes,      38592 total
- age   5:       4704 bytes,      43296 total
- age   6:       4648 bytes,      47944 total
: 2223K->57K(2432K), 0.0006523 secs] 6838K->4676K(7936K), 0.0007264 secs] [Times: user=0.00 sys=0.00, real=0.00 secs] 
2017-07-06T17:38:33.744+0900: 19.820: [GC2017-07-06T17:38:33.744+0900: 19.820: [ParNew
Desired survivor size 131072 bytes, new threshold 6 (max 6)
- age   1:      16384 bytes,      16384 total
- age   2:       4784 bytes,      21168 total
- age   3:       4704 bytes,      25872 total
- age   4:       4648 bytes,      30520 total
- age   5:       4704 bytes,      35224 total
- age   6:       4704 bytes,      39928 total
: 2233K->50K(2432K), 0.0006583 secs] 6852K->4674K(7936K), 0.0007371 secs] [Times: user=0.00 sys=0.00, real=0.00 secs] 
2017-07-06T17:38:33.769+0900: 19.845: [GC2017-07-06T17:38:33.769+0900: 19.845: [ParNew
Desired survivor size 131072 bytes, new threshold 6 (max 6)
- age   1:      24400 bytes,      24400 total
- age   2:       4840 bytes,      29240 total
- age   3:       4648 bytes,      33888 total
- age   4:       4704 bytes,      38592 total
- age   5:       4648 bytes,      43240 total
- age   6:       4704 bytes,      47944 total
: 2211K->53K(2432K), 0.0009699 secs] 6835K->4682K(7936K), 0.0010560 secs] [Times: user=0.00 sys=0.00, real=0.00 secs] 
2017-07-06T17:38:33.793+0900: 19.869: [GC2017-07-06T17:38:33.793+0900: 19.869: [ParNew
Desired survivor size 131072 bytes, new threshold 6 (max 6)
- age   1:      16384 bytes,      16384 total
- age   2:       4784 bytes,      21168 total
- age   3:       4704 bytes,      25872 total
- age   4:       4648 bytes,      30520 total
- age   5:       4704 bytes,      35224 total
- age   6:       4648 bytes,      39872 total
: 2229K->63K(2432K), 0.0006921 secs] 6858K->4696K(7936K), 0.0007713 secs] [Times: user=0.00 sys=0.00, real=0.00 secs] 
2017-07-06T17:38:33.814+0900: 19.890: [GC2017-07-06T17:38:33.814+0900: 19.890: [ParNew
Desired survivor size 131072 bytes, new threshold 6 (max 6)
- age   1:      16384 bytes,      16384 total
- age   2:       4840 bytes,      21224 total
- age   3:       4648 bytes,      25872 total
- age   4:       4704 bytes,      30576 total
- age   5:       4648 bytes,      35224 total
- age   6:       4704 bytes,      39928 total
: 2239K->49K(2432K), 0.0006707 secs] 6872K->4687K(7936K), 0.0007512 secs] [Times: user=0.00 sys=0.00, real=0.00 secs] 
2017-07-06T17:38:33.836+0900: 19.912: [GC2017-07-06T17:38:33.836+0900: 19.912: [ParNew
Desired survivor size 131072 bytes, new threshold 6 (max 6)
- age   1:      24400 bytes,      24400 total
- age   2:       4840 bytes,      29240 total
- age   3:       4704 bytes,      33944 total
- age   4:       4648 bytes,      38592 total
- age   5:       4704 bytes,      43296 total
- age   6:       4648 bytes,      47944 total
: 2211K->64K(2432K), 0.0006416 secs] 6849K->4707K(7936K), 0.0007114 secs] [Times: user=0.00 sys=0.00, real=0.00 secs] 
2017-07-06T17:38:33.858+0900: 19.934: [GC2017-07-06T17:38:33.858+0900: 19.934: [ParNew
Desired survivor size 131072 bytes, new threshold 6 (max 6)
- age   1:      16384 bytes,      16384 total
- age   2:       4784 bytes,      21168 total
- age   3:       4704 bytes,      25872 total
- age   4:       4704 bytes,      30576 total
- age   5:       4648 bytes,      35224 total
- age   6:       4704 bytes,      39928 total
: 2233K->62K(2432K), 0.0006408 secs] 6875K->4709K(7936K), 0.0007088 secs] [Times: user=0.00 sys=0.00, real=0.00 secs] 
2017-07-06T17:38:33.882+0900: 19.958: [GC2017-07-06T17:38:33.882+0900: 19.958: [ParNew
Desired survivor size 131072 bytes, new threshold 6 (max 6)
- age   1:      24400 bytes,      24400 total
- age   2:       4840 bytes,      29240 total
- age   3:       4648 bytes,      33888 total
- age   4:       4704 bytes,      38592 total
- age   5:       4704 bytes,      43296 total
- age   6:       4648 bytes,      47944 total
: 2223K->46K(2432K), 0.0009575 secs] 6870K->4698K(7936K), 0.0010423 secs] [Times: user=0.00 sys=0.00, real=0.00 secs] 
2017-07-06T17:38:33.905+0900: 19.981: [GC2017-07-06T17:38:33.906+0900: 19.982: [ParNew
Desired survivor size 131072 bytes, new threshold 6 (max 6)
- age   1:      16384 bytes,      16384 total
- age   2:       4784 bytes,      21168 total
- age   3:       4704 bytes,      25872 total
- age   4:       4648 bytes,      30520 total
- age   5:       4704 bytes,      35224 total
- age   6:       4704 bytes,      39928 total
: 2222K->50K(2432K), 0.0006836 secs] 6874K->4706K(7936K), 0.0007632 secs] [Times: user=0.00 sys=0.00, real=0.00 secs] 
2017-07-06T17:38:33.927+0900: 20.003: [GC2017-07-06T17:38:33.927+0900: 20.003: [ParNew
Desired survivor size 131072 bytes, new threshold 6 (max 6)
- age   1:      16384 bytes,      16384 total
- age   2:       4840 bytes,      21224 total
- age   3:       4648 bytes,      25872 total
- age   4:       4704 bytes,      30576 total
- age   5:       4648 bytes,      35224 total
- age   6:       4704 bytes,      39928 total
: 2226K->53K(2432K), 0.0007088 secs] 6882K->4714K(7936K), 0.0007855 secs] [Times: user=0.00 sys=0.00, real=0.00 secs] 
2017-07-06T17:38:33.949+0900: 20.025: [GC2017-07-06T17:38:33.949+0900: 20.025: [ParNew
Desired survivor size 131072 bytes, new threshold 6 (max 6)
- age   1:      24400 bytes,      24400 total
- age   2:       4840 bytes,      29240 total
- age   3:       4704 bytes,      33944 total
- age   4:       4648 bytes,      38592 total
- age   5:       4704 bytes,      43296 total
- age   6:       4648 bytes,      47944 total
: 2215K->69K(2432K), 0.0006331 secs] 6876K->4734K(7936K), 0.0007016 secs] [Times: user=0.00 sys=0.00, real=0.00 secs] 
2017-07-06T17:38:33.971+0900: 20.047: [GC2017-07-06T17:38:33.971+0900: 20.047: [ParNew
Desired survivor size 131072 bytes, new threshold 6 (max 6)
- age   1:      16384 bytes,      16384 total
- age   2:       4784 bytes,      21168 total
- age   3:       4704 bytes,      25872 total
- age   4:       4704 bytes,      30576 total
- age   5:       4648 bytes,      35224 total
- age   6:       4704 bytes,      39928 total
: 2245K->63K(2432K), 0.0006374 secs] 6910K->4733K(7936K), 0.0007063 secs] [Times: user=0.00 sys=0.00, real=0.00 secs] 
2017-07-06T17:38:33.996+0900: 20.072: [GC2017-07-06T17:38:33.996+0900: 20.072: [ParNew
Desired survivor size 131072 bytes, new threshold 6 (max 6)
- age   1:      16384 bytes,      16384 total
- age   2:       4840 bytes,      21224 total
- age   3:       4648 bytes,      25872 total
- age   4:       4704 bytes,      30576 total
- age   5:       4704 bytes,      35280 total
- age   6:       4648 bytes,      39928 total
: 2239K->49K(2432K), 0.0006973 secs] 6909K->4724K(7936K), 0.0007786 secs] [Times: user=0.00 sys=0.00, real=0.00 secs] 
2017-07-06T17:38:34.017+0900: 20.093: [GC2017-07-06T17:38:34.017+0900: 20.093: [ParNew
Desired survivor size 131072 bytes, new threshold 6 (max 6)
- age   1:      24400 bytes,      24400 total
- age   2:       4840 bytes,      29240 total
- age   3:       4704 bytes,      33944 total
- age   4:       4648 bytes,      38592 total
- age   5:       4704 bytes,      43296 total
- age   6:       4704 bytes,      48000 total
: 2211K->64K(2432K), 0.0006498 secs] 6886K->4743K(7936K), 0.0007242 secs] [Times: user=0.00 sys=0.00, real=0.00 secs] 
2017-07-06T17:38:34.039+0900: 20.115: [GC2017-07-06T17:38:34.039+0900: 20.115: [ParNew
Desired survivor size 131072 bytes, new threshold 6 (max 6)
- age   1:      16384 bytes,      16384 total
- age   2:       4784 bytes,      21168 total
- age   3:       4704 bytes,      25872 total
- age   4:       4704 bytes,      30576 total
- age   5:       4648 bytes,      35224 total
- age   6:       4704 bytes,      39928 total
: 2233K->62K(2432K), 0.0006463 secs] 6911K->4746K(7936K), 0.0007170 secs] [Times: user=0.00 sys=0.00, real=0.00 secs] 
2017-07-06T17:38:34.060+0900: 20.136: [GC2017-07-06T17:38:34.061+0900: 20.137: [ParNew
Desired survivor size 131072 bytes, new threshold 6 (max 6)
- age   1:      24400 bytes,      24400 total
- age   2:       4840 bytes,      29240 total
- age   3:       4648 bytes,      33888 total
- age   4:       4704 bytes,      38592 total
- age   5:       4704 bytes,      43296 total
- age   6:       4648 bytes,      47944 total
: 2224K->57K(2432K), 0.0006998 secs] 6907K->4745K(7936K), 0.0007735 secs] [Times: user=0.00 sys=0.00, real=0.00 secs] 
2017-07-06T17:38:34.082+0900: 20.158: [GC2017-07-06T17:38:34.082+0900: 20.158: [ParNew
Desired survivor size 131072 bytes, new threshold 6 (max 6)
- age   1:      16384 bytes,      16384 total
- age   2:       4784 bytes,      21168 total
- age   3:       4704 bytes,      25872 total
- age   4:       4648 bytes,      30520 total
- age   5:       4704 bytes,      35224 total
- age   6:       4704 bytes,      39928 total
: 2233K->50K(2432K), 0.0006592 secs] 6921K->4743K(7936K), 0.0007281 secs] [Times: user=0.03 sys=0.00, real=0.00 secs] 
2017-07-06T17:38:34.109+0900: 20.185: [GC2017-07-06T17:38:34.109+0900: 20.185: [ParNew
Desired survivor size 131072 bytes, new threshold 6 (max 6)
- age   1:      16384 bytes,      16384 total
- age   2:       4840 bytes,      21224 total
- age   3:       4648 bytes,      25872 total
- age   4:       4704 bytes,      30576 total
- age   5:       4648 bytes,      35224 total
- age   6:       4704 bytes,      39928 total
: 2226K->53K(2432K), 0.0007174 secs] 6919K->4750K(7936K), 0.0008051 secs] [Times: user=0.00 sys=0.00, real=0.00 secs] 
2017-07-06T17:38:34.131+0900: 20.207: [GC2017-07-06T17:38:34.131+0900: 20.207: [ParNew
Desired survivor size 131072 bytes, new threshold 6 (max 6)
- age   1:      24400 bytes,      24400 total
- age   2:       4840 bytes,      29240 total
- age   3:       4704 bytes,      33944 total
- age   4:       4648 bytes,      38592 total
- age   5:       4704 bytes,      43296 total
- age   6:       4648 bytes,      47944 total
: 2216K->69K(2432K), 0.0006600 secs] 6913K->4771K(7936K), 0.0007354 secs] [Times: user=0.00 sys=0.00, real=0.00 secs] 
2017-07-06T17:38:34.152+0900: 20.228: [GC2017-07-06T17:38:34.152+0900: 20.228: [ParNew
Desired survivor size 131072 bytes, new threshold 6 (max 6)
- age   1:      16384 bytes,      16384 total
- age   2:       4784 bytes,      21168 total
- age   3:       4704 bytes,      25872 total
- age   4:       4704 bytes,      30576 total
- age   5:       4648 bytes,      35224 total
- age   6:       4704 bytes,      39928 total
: 2245K->44K(2432K), 0.0006181 secs] 6947K->4751K(7936K), 0.0006930 secs] [Times: user=0.00 sys=0.00, real=0.00 secs] 
2017-07-06T17:38:34.174+0900: 20.250: [GC2017-07-06T17:38:34.174+0900: 20.250: [ParNew
Desired survivor size 131072 bytes, new threshold 6 (max 6)
- age   1:      24400 bytes,      24400 total
- age   2:       4840 bytes,      29240 total
- age   3:       4648 bytes,      33888 total
- age   4:       4704 bytes,      38592 total
- age   5:       4704 bytes,      43296 total
- age   6:       4648 bytes,      47944 total
: 2204K->64K(2432K), 0.0005975 secs] 6911K->4775K(7936K), 0.0006660 secs] [Times: user=0.00 sys=0.00, real=0.00 secs] 
2017-07-06T17:38:34.195+0900: 20.271: [GC2017-07-06T17:38:34.195+0900: 20.271: [ParNew
Desired survivor size 131072 bytes, new threshold 6 (max 6)
- age   1:      16384 bytes,      16384 total
- age   2:       4784 bytes,      21168 total
- age   3:       4704 bytes,      25872 total
- age   4:       4648 bytes,      30520 total
- age   5:       4704 bytes,      35224 total
- age   6:       4704 bytes,      39928 total
: 2240K->55K(2432K), 0.0005676 secs] 6951K->4770K(7936K), 0.0006356 secs] [Times: user=0.00 sys=0.00, real=0.00 secs] 
2017-07-06T17:38:34.219+0900: 20.295: [GC2017-07-06T17:38:34.219+0900: 20.295: [ParNew
Desired survivor size 131072 bytes, new threshold 6 (max 6)
- age   1:      24400 bytes,      24400 total
- age   2:       4840 bytes,      29240 total
- age   3:       4648 bytes,      33888 total
- age   4:       4704 bytes,      38592 total
- age   5:       4648 bytes,      43240 total
- age   6:       4704 bytes,      47944 total
: 2215K->47K(2432K), 0.0057824 secs] 6930K->4767K(7936K), 0.0058860 secs] [Times: user=0.02 sys=0.00, real=0.01 secs] 
2017-07-06T17:38:34.249+0900: 20.325: [GC2017-07-06T17:38:34.249+0900: 20.325: [ParNew
Desired survivor size 131072 bytes, new threshold 6 (max 6)
- age   1:      16384 bytes,      16384 total
- age   2:       4784 bytes,      21168 total
- age   3:       4704 bytes,      25872 total
- age   4:       4648 bytes,      30520 total
- age   5:       4704 bytes,      35224 total
- age   6:       4648 bytes,      39872 total
: 2223K->54K(2432K), 0.0006391 secs] 6943K->4779K(7936K), 0.0007183 secs] [Times: user=0.00 sys=0.00, real=0.00 secs] 
2017-07-06T17:38:34.272+0900: 20.348: [GC2017-07-06T17:38:34.272+0900: 20.348: [ParNew
Desired survivor size 131072 bytes, new threshold 6 (max 6)
- age   1:      24400 bytes,      24400 total
- age   2:       4840 bytes,      29240 total
- age   3:       4648 bytes,      33888 total
- age   4:       4704 bytes,      38592 total
- age   5:       4648 bytes,      43240 total
- age   6:       4704 bytes,      47944 total
: 2215K->46K(2432K), 0.0030429 secs] 6940K->4776K(7936K), 0.0031320 secs] [Times: user=0.00 sys=0.00, real=0.00 secs] 
2017-07-06T17:38:34.296+0900: 20.372: [GC2017-07-06T17:38:34.296+0900: 20.372: [ParNew
Desired survivor size 131072 bytes, new threshold 6 (max 6)
- age   1:      16384 bytes,      16384 total
- age   2:       4784 bytes,      21168 total
- age   3:       4704 bytes,      25872 total
- age   4:       4648 bytes,      30520 total
- age   5:       4704 bytes,      35224 total
- age   6:       4648 bytes,      39872 total
: 2222K->54K(2432K), 0.0007080 secs] 6952K->4788K(7936K), 0.0007820 secs] [Times: user=0.00 sys=0.00, real=0.00 secs] 
2017-07-06T17:38:34.318+0900: 20.394: [GC2017-07-06T17:38:34.318+0900: 20.394: [ParNew
Desired survivor size 131072 bytes, new threshold 6 (max 6)
- age   1:      16384 bytes,      16384 total
- age   2:       4840 bytes,      21224 total
- age   3:       4648 bytes,      25872 total
- age   4:       4704 bytes,      30576 total
- age   5:       4648 bytes,      35224 total
- age   6:       4704 bytes,      39928 total
: 2230K->54K(2432K), 0.0006408 secs] 6964K->4792K(7936K), 0.0007855 secs] [Times: user=0.00 sys=0.00, real=0.00 secs] 
2017-07-06T17:38:34.342+0900: 20.418: [GC2017-07-06T17:38:34.342+0900: 20.418: [ParNew
Desired survivor size 131072 bytes, new threshold 6 (max 6)
- age   1:      24400 bytes,      24400 total
- age   2:       4840 bytes,      29240 total
- age   3:       4704 bytes,      33944 total
- age   4:       4648 bytes,      38592 total
- age   5:       4704 bytes,      43296 total
- age   6:       4648 bytes,      47944 total
: 2216K->46K(2432K), 0.0055628 secs] 6954K->4789K(7936K), 0.0056793 secs] [Times: user=0.00 sys=0.00, real=0.01 secs] 
2017-07-06T17:38:34.370+0900: 20.446: [GC2017-07-06T17:38:34.370+0900: 20.446: [ParNew
Desired survivor size 131072 bytes, new threshold 6 (max 6)
- age   1:      16384 bytes,      16384 total
- age   2:       4784 bytes,      21168 total
- age   3:       4704 bytes,      25872 total
- age   4:       4704 bytes,      30576 total
- age   5:       4648 bytes,      35224 total
- age   6:       4704 bytes,      39928 total
: 2215K->54K(2432K), 0.0007003 secs] 6957K->4801K(7936K), 0.0007825 secs] [Times: user=0.00 sys=0.00, real=0.00 secs] 
2017-07-06T17:38:34.392+0900: 20.468: [GC2017-07-06T17:38:34.392+0900: 20.468: [ParNew
Desired survivor size 131072 bytes, new threshold 6 (max 6)
- age   1:      24400 bytes,      24400 total
- age   2:       4840 bytes,      29240 total
- age   3:       4648 bytes,      33888 total
- age   4:       4704 bytes,      38592 total
- age   5:       4704 bytes,      43296 total
- age   6:       4648 bytes,      47944 total
: 2215K->70K(2432K), 0.0006716 secs] 6962K->4822K(7936K), 0.0007461 secs] [Times: user=0.00 sys=0.00, real=0.00 secs] 
2017-07-06T17:38:34.413+0900: 20.489: [GC2017-07-06T17:38:34.413+0900: 20.489: [ParNew
Desired survivor size 131072 bytes, new threshold 6 (max 6)
- age   1:      16384 bytes,      16384 total
- age   2:       4784 bytes,      21168 total
- age   3:       4704 bytes,      25872 total
- age   4:       4648 bytes,      30520 total
- age   5:       4704 bytes,      35224 total
- age   6:       4704 bytes,      39928 total
: 2246K->63K(2432K), 0.0006481 secs] 6998K->4820K(7936K), 0.0007178 secs] [Times: user=0.00 sys=0.00, real=0.00 secs] 
2017-07-06T17:38:34.435+0900: 20.511: [GC2017-07-06T17:38:34.435+0900: 20.511: [ParNew
Desired survivor size 131072 bytes, new threshold 6 (max 6)
- age   1:      16384 bytes,      16384 total
- age   2:       4840 bytes,      21224 total
- age   3:       4648 bytes,      25872 total
- age   4:       4704 bytes,      30576 total
- age   5:       4648 bytes,      35224 total
- age   6:       4704 bytes,      39928 total
: 2239K->39K(2432K), 0.0006425 secs] 6996K->4800K(7936K), 0.0007105 secs] [Times: user=0.00 sys=0.00, real=0.00 secs] 
2017-07-06T17:38:34.456+0900: 20.532: [GC2017-07-06T17:38:34.456+0900: 20.532: [ParNew
Desired survivor size 131072 bytes, new threshold 6 (max 6)
- age   1:      24400 bytes,      24400 total
- age   2:       4840 bytes,      29240 total
- age   3:       4704 bytes,      33944 total
- age   4:       4648 bytes,      38592 total
- age   5:       4704 bytes,      43296 total
- age   6:       4648 bytes,      47944 total
: 2201K->50K(2432K), 0.0009263 secs] 6962K->4816K(7936K), 0.0010127 secs] [Times: user=0.00 sys=0.00, real=0.00 secs] 
2017-07-06T17:38:34.482+0900: 20.558: [GC2017-07-06T17:38:34.482+0900: 20.558: [ParNew
Desired survivor size 131072 bytes, new threshold 6 (max 6)
- age   1:      16384 bytes,      16384 total
- age   2:       4784 bytes,      21168 total
- age   3:       4704 bytes,      25872 total
- age   4:       4704 bytes,      30576 total
- age   5:       4648 bytes,      35224 total
- age   6:       4704 bytes,      39928 total
: 2226K->62K(2432K), 0.0007127 secs] 6992K->4832K(7936K), 0.0007936 secs] [Times: user=0.00 sys=0.00, real=0.00 secs] 
2017-07-06T17:38:34.504+0900: 20.580: [GC2017-07-06T17:38:34.504+0900: 20.580: [ParNew
Desired survivor size 131072 bytes, new threshold 6 (max 6)
- age   1:      16384 bytes,      16384 total
- age   2:       4840 bytes,      21224 total
- age   3:       4648 bytes,      25872 total
- age   4:       4704 bytes,      30576 total
- age   5:       4704 bytes,      35280 total
- age   6:       4648 bytes,      39928 total
: 2238K->49K(2432K), 0.0008646 secs] 7008K->4824K(7936K), 0.0009494 secs] [Times: user=0.01 sys=0.02, real=0.00 secs] 
2017-07-06T17:38:34.526+0900: 20.602: [GC2017-07-06T17:38:34.526+0900: 20.602: [ParNew
Desired survivor size 131072 bytes, new threshold 6 (max 6)
- age   1:      24400 bytes,      24400 total
- age   2:       4840 bytes,      29240 total
- age   3:       4704 bytes,      33944 total
- age   4:       4648 bytes,      38592 total
- age   5:       4704 bytes,      43296 total
- age   6:       4704 bytes,      48000 total
: 2211K->64K(2432K), 0.0006583 secs] 6986K->4844K(7936K), 0.0007328 secs] [Times: user=0.00 sys=0.00, real=0.00 secs] 
2017-07-06T17:38:34.547+0900: 20.623: [GC2017-07-06T17:38:34.547+0900: 20.623: [ParNew
Desired survivor size 131072 bytes, new threshold 6 (max 6)
- age   1:      16384 bytes,      16384 total
- age   2:       4784 bytes,      21168 total
- age   3:       4704 bytes,      25872 total
- age   4:       4704 bytes,      30576 total
- age   5:       4648 bytes,      35224 total
- age   6:       4704 bytes,      39928 total
: 2233K->62K(2432K), 0.0006502 secs] 7012K->4846K(7936K), 0.0007204 secs] [Times: user=0.00 sys=0.00, real=0.00 secs] 
2017-07-06T17:38:34.574+0900: 20.650: [GC2017-07-06T17:38:34.574+0900: 20.650: [ParNew
Desired survivor size 131072 bytes, new threshold 6 (max 6)
- age   1:      24400 bytes,      24400 total
- age   2:       4840 bytes,      29240 total
- age   3:       4648 bytes,      33888 total
- age   4:       4704 bytes,      38592 total
- age   5:       4704 bytes,      43296 total
- age   6:       4648 bytes,      47944 total
: 2224K->57K(2432K), 0.0006981 secs] 7008K->4845K(7936K), 0.0007812 secs] [Times: user=0.00 sys=0.00, real=0.00 secs] 
2017-07-06T17:38:34.596+0900: 20.672: [GC2017-07-06T17:38:34.596+0900: 20.672: [ParNew
Desired survivor size 131072 bytes, new threshold 6 (max 6)
- age   1:      16384 bytes,      16384 total
- age   2:       4784 bytes,      21168 total
- age   3:       4704 bytes,      25872 total
- age   4:       4648 bytes,      30520 total
- age   5:       4704 bytes,      35224 total
- age   6:       4704 bytes,      39928 total
: 2233K->50K(2432K), 0.0006725 secs] 7021K->4843K(7936K), 0.0007521 secs] [Times: user=0.00 sys=0.00, real=0.00 secs] 
2017-07-06T17:38:34.617+0900: 20.693: [GC2017-07-06T17:38:34.617+0900: 20.693: [ParNew
Desired survivor size 131072 bytes, new threshold 6 (max 6)
- age   1:      16384 bytes,      16384 total
- age   2:       4840 bytes,      21224 total
- age   3:       4648 bytes,      25872 total
- age   4:       4704 bytes,      30576 total
- age   5:       4648 bytes,      35224 total
- age   6:       4704 bytes,      39928 total
: 2226K->53K(2432K), 0.0006408 secs] 7019K->4851K(7936K), 0.0007097 secs] [Times: user=0.00 sys=0.00, real=0.00 secs] 
2017-07-06T17:38:34.639+0900: 20.715: [GC2017-07-06T17:38:34.639+0900: 20.715: [ParNew
Desired survivor size 131072 bytes, new threshold 6 (max 6)
- age   1:      24400 bytes,      24400 total
- age   2:       4840 bytes,      29240 total
- age   3:       4704 bytes,      33944 total
- age   4:       4648 bytes,      38592 total
- age   5:       4704 bytes,      43296 total
- age   6:       4648 bytes,      47944 total
: 2216K->69K(2432K), 0.0006399 secs] 7013K->4872K(7936K), 0.0007118 secs] [Times: user=0.00 sys=0.00, real=0.00 secs] 
2017-07-06T17:38:34.662+0900: 20.738: [GC2017-07-06T17:38:34.662+0900: 20.738: [ParNew
Desired survivor size 131072 bytes, new threshold 6 (max 6)
- age   1:      16384 bytes,      16384 total
- age   2:       4784 bytes,      21168 total
- age   3:       4704 bytes,      25872 total
- age   4:       4704 bytes,      30576 total
- age   5:       4648 bytes,      35224 total
- age   6:       4704 bytes,      39928 total
: 2245K->63K(2432K), 0.0006930 secs] 7048K->4870K(7936K), 0.0007760 secs] [Times: user=0.00 sys=0.00, real=0.00 secs] 
2017-07-06T17:38:34.684+0900: 20.760: [GC2017-07-06T17:38:34.684+0900: 20.760: [ParNew
Desired survivor size 131072 bytes, new threshold 6 (max 6)
- age   1:      24400 bytes,      24400 total
- age   2:       4840 bytes,      29240 total
- age   3:       4648 bytes,      33888 total
- age   4:       4704 bytes,      38592 total
- age   5:       4704 bytes,      43296 total
- age   6:       4648 bytes,      47944 total
: 2223K->57K(2432K), 0.0006536 secs] 7030K->4869K(7936K), 0.0007264 secs] [Times: user=0.00 sys=0.00, real=0.00 secs] 
2017-07-06T17:38:34.705+0900: 20.781: [GC2017-07-06T17:38:34.705+0900: 20.781: [ParNew
Desired survivor size 131072 bytes, new threshold 6 (max 6)
- age   1:      16384 bytes,      16384 total
- age   2:       4784 bytes,      21168 total
- age   3:       4704 bytes,      25872 total
- age   4:       4648 bytes,      30520 total
- age   5:       4704 bytes,      35224 total
- age   6:       4704 bytes,      39928 total
: 2233K->50K(2432K), 0.0006536 secs] 7045K->4866K(7936K), 0.0007238 secs] [Times: user=0.00 sys=0.00, real=0.00 secs] 
2017-07-06T17:38:34.723+0900: 20.799: [GC2017-07-06T17:38:34.723+0900: 20.799: [ParNew
Desired survivor size 131072 bytes, new threshold 6 (max 6)
- age   1:      21328 bytes,      21328 total
- age   2:       4840 bytes,      26168 total
- age   3:       4648 bytes,      30816 total
- age   4:       4704 bytes,      35520 total
- age   5:       4648 bytes,      40168 total
- age   6:       4704 bytes,      44872 total
: 2214K->60K(2432K), 0.0015217 secs] 7030K->5297K(7936K), 0.0016107 secs] [Times: user=0.00 sys=0.00, real=0.00 secs] 
2017-07-06T17:38:34.725+0900: 20.801: [GC [1 CMS-initial-mark: 5237K(5504K)] 5313K(7936K), 0.0001395 secs] [Times: user=0.00 sys=0.00, real=0.00 secs] 
2017-07-06T17:38:34.725+0900: 20.801: [CMS-concurrent-mark-start]
2017-07-06T17:38:34.734+0900: 20.810: [CMS-concurrent-mark: 0.009/0.009 secs] [Times: user=0.00 sys=0.00, real=0.01 secs] 
2017-07-06T17:38:34.734+0900: 20.810: [CMS-concurrent-preclean-start]
2017-07-06T17:38:34.734+0900: 20.810: [CMS-concurrent-preclean: 0.000/0.000 secs] [Times: user=0.00 sys=0.00, real=0.00 secs] 
2017-07-06T17:38:34.735+0900: 20.811: [GC[YG occupancy: 1021 K (2432 K)]2017-07-06T17:38:34.735+0900: 20.811: [Rescan (parallel) , 0.0001939 secs]2017-07-06T17:38:34.735+0900: 20.811: [weak refs processing, 0.0000227 secs]2017-07-06T17:38:34.735+0900: 20.811: [scrub string table, 0.0003938 secs] [1 CMS-remark: 5237K(5504K)] 6258K(7936K), 0.0007071 secs] [Times: user=0.00 sys=0.00, real=0.00 secs] 
2017-07-06T17:38:34.736+0900: 20.812: [CMS-concurrent-sweep-start]
2017-07-06T17:38:34.739+0900: 20.815: [CMS-concurrent-sweep: 0.003/0.003 secs] [Times: user=0.02 sys=0.01, real=0.00 secs] 
2017-07-06T17:38:34.739+0900: 20.815: [CMS-concurrent-reset-start]
2017-07-06T17:38:34.740+0900: 20.816: [CMS-concurrent-reset: 0.000/0.000 secs] [Times: user=0.00 sys=0.00, real=0.00 secs] 
2017-07-06T17:38:34.749+0900: 20.825: [GC2017-07-06T17:38:34.749+0900: 20.825: [ParNew
Desired survivor size 131072 bytes, new threshold 6 (max 6)
- age   1:      16384 bytes,      16384 total
- age   2:       3888 bytes,      20272 total
- age   3:       4704 bytes,      24976 total
- age   4:       4648 bytes,      29624 total
- age   5:       4704 bytes,      34328 total
- age   6:       4648 bytes,      38976 total
: 2236K->52K(2432K), 0.0006318 secs] 7000K->4821K(7936K), 0.0006998 secs] [Times: user=0.00 sys=0.00, real=0.00 secs] 
2017-07-06T17:38:34.773+0900: 20.849: [GC2017-07-06T17:38:34.773+0900: 20.849: [ParNew
Desired survivor size 131072 bytes, new threshold 6 (max 6)
- age   1:      16136 bytes,      16136 total
- age   2:       4840 bytes,      20976 total
- age   3:       3752 bytes,      24728 total
- age   4:       4704 bytes,      29432 total
- age   5:       4648 bytes,      34080 total
- age   6:       4704 bytes,      38784 total
: 2228K->37K(2432K), 0.0016818 secs] 6997K->4811K(7936K), 0.0017815 secs] [Times: user=0.00 sys=0.00, real=0.00 secs] 
2017-07-06T17:38:34.800+0900: 20.876: [GC2017-07-06T17:38:34.800+0900: 20.876: [ParNew
Desired survivor size 131072 bytes, new threshold 6 (max 6)
- age   1:      24592 bytes,      24592 total
- age   2:       4648 bytes,      29240 total
- age   3:       4704 bytes,      33944 total
- age   4:       3752 bytes,      37696 total
- age   5:       4704 bytes,      42400 total
- age   6:       4648 bytes,      47048 total
: 2210K->67K(2432K), 0.0007135 secs] 6984K->4846K(7936K), 0.0007906 secs] [Times: user=0.03 sys=0.00, real=0.00 secs] 
2017-07-06T17:38:34.822+0900: 20.898: [GC2017-07-06T17:38:34.822+0900: 20.898: [ParNew
Desired survivor size 131072 bytes, new threshold 6 (max 6)
- age   1:      16384 bytes,      16384 total
- age   2:       4840 bytes,      21224 total
- age   3:       4648 bytes,      25872 total
- age   4:       4704 bytes,      30576 total
- age   5:       3752 bytes,      34328 total
- age   6:       4704 bytes,      39032 total
: 2237K->62K(2432K), 0.0006784 secs] 7016K->4845K(7936K), 0.0007538 secs] [Times: user=0.00 sys=0.00, real=0.00 secs] 
2017-07-06T17:38:34.843+0900: 20.919: [GC2017-07-06T17:38:34.843+0900: 20.920: [ParNew
Desired survivor size 131072 bytes, new threshold 6 (max 6)
- age   1:      24400 bytes,      24400 total
- age   2:       4840 bytes,      29240 total
- age   3:       4704 bytes,      33944 total
- age   4:       4648 bytes,      38592 total
- age   5:       4704 bytes,      43296 total
- age   6:       3752 bytes,      47048 total
: 2223K->56K(2432K), 0.0006896 secs] 7006K->4844K(7936K), 0.0007619 secs] [Times: user=0.00 sys=0.00, real=0.00 secs] 
2017-07-06T17:38:34.865+0900: 20.941: [GC2017-07-06T17:38:34.865+0900: 20.941: [ParNew
Desired survivor size 131072 bytes, new threshold 6 (max 6)
- age   1:      16384 bytes,      16384 total
- age   2:       4784 bytes,      21168 total
- age   3:       4704 bytes,      25872 total
- age   4:       4704 bytes,      30576 total
- age   5:       4648 bytes,      35224 total
- age   6:       4704 bytes,      39928 total
: 2232K->49K(2432K), 0.0006339 secs] 7020K->4840K(7936K), 0.0007050 secs] [Times: user=0.00 sys=0.00, real=0.00 secs] 
2017-07-06T17:38:34.890+0900: 20.966: [GC2017-07-06T17:38:34.890+0900: 20.966: [ParNew
Desired survivor size 131072 bytes, new threshold 6 (max 6)
- age   1:      24400 bytes,      24400 total
- age   2:       4840 bytes,      29240 total
- age   3:       4648 bytes,      33888 total
- age   4:       4704 bytes,      38592 total
- age   5:       4704 bytes,      43296 total
- age   6:       4648 bytes,      47944 total
: 2209K->68K(2432K), 0.0006930 secs] 7001K->4864K(7936K), 0.0007705 secs] [Times: user=0.00 sys=0.00, real=0.00 secs] 
2017-07-06T17:38:34.912+0900: 20.988: [GC2017-07-06T17:38:34.912+0900: 20.988: [ParNew
Desired survivor size 131072 bytes, new threshold 6 (max 6)
- age   1:      16384 bytes,      16384 total
- age   2:       4784 bytes,      21168 total
- age   3:       4704 bytes,      25872 total
- age   4:       4648 bytes,      30520 total
- age   5:       4704 bytes,      35224 total
- age   6:       4704 bytes,      39928 total
: 2244K->63K(2432K), 0.0006883 secs] 7040K->4863K(7936K), 0.0007653 secs] [Times: user=0.00 sys=0.00, real=0.00 secs] 
2017-07-06T17:38:34.934+0900: 21.010: [GC2017-07-06T17:38:34.934+0900: 21.010: [ParNew
Desired survivor size 131072 bytes, new threshold 6 (max 6)
- age   1:      16384 bytes,      16384 total
- age   2:       4840 bytes,      21224 total
- age   3:       4648 bytes,      25872 total
- age   4:       4704 bytes,      30576 total
- age   5:       4648 bytes,      35224 total
- age   6:       4704 bytes,      39928 total
: 2238K->49K(2432K), 0.0006476 secs] 7039K->4854K(7936K), 0.0007174 secs] [Times: user=0.00 sys=0.00, real=0.00 secs] 
2017-07-06T17:38:34.955+0900: 21.031: [GC2017-07-06T17:38:34.955+0900: 21.031: [ParNew
Desired survivor size 131072 bytes, new threshold 6 (max 6)
- age   1:      24400 bytes,      24400 total
- age   2:       4840 bytes,      29240 total
- age   3:       4704 bytes,      33944 total
- age   4:       4648 bytes,      38592 total
- age   5:       4704 bytes,      43296 total
- age   6:       4648 bytes,      47944 total
: 2209K->64K(2432K), 0.0006365 secs] 7014K->4874K(7936K), 0.0007084 secs] [Times: user=0.00 sys=0.00, real=0.00 secs] 
2017-07-06T17:38:34.977+0900: 21.053: [GC2017-07-06T17:38:34.977+0900: 21.053: [ParNew
Desired survivor size 131072 bytes, new threshold 6 (max 6)
- age   1:      16384 bytes,      16384 total
- age   2:       4784 bytes,      21168 total
- age   3:       4704 bytes,      25872 total
- age   4:       4704 bytes,      30576 total
- age   5:       4648 bytes,      35224 total
- age   6:       4704 bytes,      39928 total
: 2240K->62K(2432K), 0.0007140 secs] 7050K->4876K(7936K), 0.0007940 secs] [Times: user=0.00 sys=0.00, real=0.00 secs] 
2017-07-06T17:38:35.002+0900: 21.078: [GC2017-07-06T17:38:35.002+0900: 21.078: [ParNew
Desired survivor size 131072 bytes, new threshold 6 (max 6)
- age   1:      24400 bytes,      24400 total
- age   2:       4840 bytes,      29240 total
- age   3:       4648 bytes,      33888 total
- age   4:       4704 bytes,      38592 total
- age   5:       4704 bytes,      43296 total
- age   6:       4648 bytes,      47944 total
: 2224K->46K(2432K), 0.0013817 secs] 7038K->4865K(7936K), 0.0014708 secs] [Times: user=0.00 sys=0.00, real=0.00 secs] 
2017-07-06T17:38:35.028+0900: 21.104: [GC2017-07-06T17:38:35.028+0900: 21.104: [ParNew
Desired survivor size 131072 bytes, new threshold 6 (max 6)
- age   1:      16384 bytes,      16384 total
- age   2:       4784 bytes,      21168 total
- age   3:       4704 bytes,      25872 total
- age   4:       4648 bytes,      30520 total
- age   5:       4704 bytes,      35224 total
- age   6:       4704 bytes,      39928 total
: 2222K->50K(2432K), 0.0007161 secs] 7041K->4873K(7936K), 0.0007944 secs] [Times: user=0.00 sys=0.00, real=0.00 secs] 
2017-07-06T17:38:35.050+0900: 21.126: [GC2017-07-06T17:38:35.050+0900: 21.126: [ParNew
Desired survivor size 131072 bytes, new threshold 6 (max 6)
- age   1:      16384 bytes,      16384 total
- age   2:       4840 bytes,      21224 total
- age   3:       4648 bytes,      25872 total
- age   4:       4704 bytes,      30576 total
- age   5:       4648 bytes,      35224 total
- age   6:       4704 bytes,      39928 total
: 2226K->53K(2432K), 0.0006934 secs] 7049K->4881K(7936K), 0.0007692 secs] [Times: user=0.03 sys=0.00, real=0.00 secs] 
2017-07-06T17:38:35.072+0900: 21.148: [GC2017-07-06T17:38:35.072+0900: 21.148: [ParNew
Desired survivor size 131072 bytes, new threshold 6 (max 6)
- age   1:      24400 bytes,      24400 total
- age   2:       4840 bytes,      29240 total
- age   3:       4704 bytes,      33944 total
- age   4:       4648 bytes,      38592 total
- age   5:       4704 bytes,      43296 total
- age   6:       4648 bytes,      47944 total
: 2216K->69K(2432K), 0.0006579 secs] 7044K->4902K(7936K), 0.0007315 secs] [Times: user=0.00 sys=0.00, real=0.00 secs] 
2017-07-06T17:38:35.093+0900: 21.170: [GC2017-07-06T17:38:35.094+0900: 21.170: [ParNew
Desired survivor size 131072 bytes, new threshold 6 (max 6)
- age   1:      16384 bytes,      16384 total
- age   2:       4784 bytes,      21168 total
- age   3:       4704 bytes,      25872 total
- age   4:       4704 bytes,      30576 total
- age   5:       4648 bytes,      35224 total
- age   6:       4704 bytes,      39928 total
: 2245K->63K(2432K), 0.0006917 secs] 7078K->4900K(7936K), 0.0007649 secs] [Times: user=0.00 sys=0.00, real=0.00 secs] 
2017-07-06T17:38:35.118+0900: 21.194: [GC2017-07-06T17:38:35.118+0900: 21.194: [ParNew
Desired survivor size 131072 bytes, new threshold 6 (max 6)
- age   1:      24400 bytes,      24400 total
- age   2:       4840 bytes,      29240 total
- age   3:       4648 bytes,      33888 total
- age   4:       4704 bytes,      38592 total
- age   5:       4704 bytes,      43296 total
- age   6:       4648 bytes,      47944 total
: 2223K->57K(2432K), 0.0006986 secs] 7060K->4899K(7936K), 0.0007820 secs] [Times: user=0.00 sys=0.00, real=0.00 secs] 
2017-07-06T17:38:35.139+0900: 21.216: [GC2017-07-06T17:38:35.140+0900: 21.216: [ParNew
Desired survivor size 131072 bytes, new threshold 6 (max 6)
- age   1:      16384 bytes,      16384 total
- age   2:       4784 bytes,      21168 total
- age   3:       4704 bytes,      25872 total
- age   4:       4648 bytes,      30520 total
- age   5:       4704 bytes,      35224 total
- age   6:       4704 bytes,      39928 total
: 2233K->50K(2432K), 0.0006652 secs] 7075K->4896K(7936K), 0.0007431 secs] [Times: user=0.00 sys=0.00, real=0.00 secs] 
2017-07-06T17:38:35.161+0900: 21.237: [GC2017-07-06T17:38:35.161+0900: 21.237: [ParNew
Desired survivor size 131072 bytes, new threshold 6 (max 6)
- age   1:      24400 bytes,      24400 total
- age   2:       4840 bytes,      29240 total
- age   3:       4648 bytes,      33888 total
- age   4:       4704 bytes,      38592 total
- age   5:       4648 bytes,      43240 total
- age   6:       4704 bytes,      47944 total
: 2211K->68K(2432K), 0.0006215 secs] 7057K->4919K(7936K), 0.0006896 secs] [Times: user=0.00 sys=0.00, real=0.00 secs] 
2017-07-06T17:38:35.182+0900: 21.258: [GC2017-07-06T17:38:35.182+0900: 21.258: [ParNew
Desired survivor size 131072 bytes, new threshold 6 (max 6)
- age   1:      16384 bytes,      16384 total
- age   2:       4784 bytes,      21168 total
- age   3:       4704 bytes,      25872 total
- age   4:       4648 bytes,      30520 total
- age   5:       4704 bytes,      35224 total
- age   6:       4648 bytes,      39872 total
: 2244K->63K(2432K), 0.0006515 secs] 7095K->4918K(7936K), 0.0007221 secs] [Times: user=0.00 sys=0.00, real=0.00 secs] 
2017-07-06T17:38:35.204+0900: 21.280: [GC2017-07-06T17:38:35.204+0900: 21.280: [ParNew
Desired survivor size 131072 bytes, new threshold 6 (max 6)
- age   1:      24400 bytes,      24400 total
- age   2:       4840 bytes,      29240 total
- age   3:       4648 bytes,      33888 total
- age   4:       4704 bytes,      38592 total
- age   5:       4648 bytes,      43240 total
- age   6:       4704 bytes,      47944 total
: 2224K->57K(2432K), 0.0006344 secs] 7079K->4917K(7936K), 0.0007046 secs] [Times: user=0.00 sys=0.00, real=0.00 secs] 
2017-07-06T17:38:35.226+0900: 21.302: [GC2017-07-06T17:38:35.226+0900: 21.302: [ParNew
Desired survivor size 131072 bytes, new threshold 6 (max 6)
- age   1:      16384 bytes,      16384 total
- age   2:       4784 bytes,      21168 total
- age   3:       4704 bytes,      25872 total
- age   4:       4648 bytes,      30520 total
- age   5:       4704 bytes,      35224 total
- age   6:       4648 bytes,      39872 total
: 2233K->50K(2432K), 0.0006956 secs] 7093K->4915K(7936K), 0.0007743 secs] [Times: user=0.00 sys=0.00, real=0.00 secs] 
2017-07-06T17:38:35.248+0900: 21.324: [GC2017-07-06T17:38:35.248+0900: 21.324: [ParNew
Desired survivor size 131072 bytes, new threshold 6 (max 6)
- age   1:      16384 bytes,      16384 total
- age   2:       4840 bytes,      21224 total
- age   3:       4648 bytes,      25872 total
- age   4:       4704 bytes,      30576 total
- age   5:       4648 bytes,      35224 total
- age   6:       4704 bytes,      39928 total
: 2226K->53K(2432K), 0.0006823 secs] 7091K->4922K(7936K), 0.0007581 secs] [Times: user=0.00 sys=0.00, real=0.00 secs] 
2017-07-06T17:38:35.270+0900: 21.346: [GC2017-07-06T17:38:35.270+0900: 21.346: [ParNew
Desired survivor size 131072 bytes, new threshold 6 (max 6)
- age   1:      24400 bytes,      24400 total
- age   2:       4840 bytes,      29240 total
- age   3:       4704 bytes,      33944 total
- age   4:       4648 bytes,      38592 total
- age   5:       4704 bytes,      43296 total
- age   6:       4648 bytes,      47944 total
: 2215K->69K(2432K), 0.0006369 secs] 7084K->4943K(7936K), 0.0007076 secs] [Times: user=0.00 sys=0.00, real=0.00 secs] 
2017-07-06T17:38:35.291+0900: 21.367: [GC2017-07-06T17:38:35.291+0900: 21.367: [ParNew
Desired survivor size 131072 bytes, new threshold 6 (max 6)
- age   1:      16384 bytes,      16384 total
- age   2:       4784 bytes,      21168 total
- age   3:       4704 bytes,      25872 total
- age   4:       4704 bytes,      30576 total
- age   5:       4648 bytes,      35224 total
- age   6:       4704 bytes,      39928 total
: 2237K->63K(2432K), 0.0006519 secs] 7111K->4941K(7936K), 0.0007242 secs] [Times: user=0.00 sys=0.00, real=0.00 secs] 
2017-07-06T17:38:35.313+0900: 21.389: [GC2017-07-06T17:38:35.313+0900: 21.389: [ParNew
Desired survivor size 131072 bytes, new threshold 6 (max 6)
- age   1:      24400 bytes,      24400 total
- age   2:       4840 bytes,      29240 total
- age   3:       4648 bytes,      33888 total
- age   4:       4704 bytes,      38592 total
- age   5:       4704 bytes,      43296 total
- age   6:       4648 bytes,      47944 total
: 2224K->57K(2432K), 0.0006374 secs] 7102K->4940K(7936K), 0.0007084 secs] [Times: user=0.00 sys=0.00, real=0.00 secs] 
2017-07-06T17:38:35.337+0900: 21.413: [GC2017-07-06T17:38:35.337+0900: 21.413: [ParNew
Desired survivor size 131072 bytes, new threshold 6 (max 6)
- age   1:      16384 bytes,      16384 total
- age   2:       4784 bytes,      21168 total
- age   3:       4704 bytes,      25872 total
- age   4:       4648 bytes,      30520 total
- age   5:       4704 bytes,      35224 total
- age   6:       4704 bytes,      39928 total
: 2233K->50K(2432K), 0.0009096 secs] 7116K->4937K(7936K), 0.0009952 secs] [Times: user=0.00 sys=0.00, real=0.00 secs] 
2017-07-06T17:38:35.361+0900: 21.437: [GC2017-07-06T17:38:35.361+0900: 21.437: [ParNew
Desired survivor size 131072 bytes, new threshold 6 (max 6)
- age   1:      16384 bytes,      16384 total
- age   2:       4840 bytes,      21224 total
- age   3:       4648 bytes,      25872 total
- age   4:       4704 bytes,      30576 total
- age   5:       4648 bytes,      35224 total
- age   6:       4704 bytes,      39928 total
: 2226K->53K(2432K), 0.0007221 secs] 7113K->4945K(7936K), 0.0008090 secs] [Times: user=0.00 sys=0.00, real=0.00 secs] 
2017-07-06T17:38:35.384+0900: 21.460: [GC2017-07-06T17:38:35.384+0900: 21.460: [ParNew
Desired survivor size 131072 bytes, new threshold 6 (max 6)
- age   1:      24400 bytes,      24400 total
- age   2:       4840 bytes,      29240 total
- age   3:       4704 bytes,      33944 total
- age   4:       4648 bytes,      38592 total
- age   5:       4704 bytes,      43296 total
- age   6:       4648 bytes,      47944 total
: 2215K->69K(2432K), 0.0006720 secs] 7107K->4966K(7936K), 0.0007495 secs] [Times: user=0.00 sys=0.00, real=0.00 secs] 
2017-07-06T17:38:35.406+0900: 21.482: [GC2017-07-06T17:38:35.406+0900: 21.482: [ParNew
Desired survivor size 131072 bytes, new threshold 6 (max 6)
- age   1:      16384 bytes,      16384 total
- age   2:       4784 bytes,      21168 total
- age   3:       4704 bytes,      25872 total
- age   4:       4704 bytes,      30576 total
- age   5:       4648 bytes,      35224 total
- age   6:       4704 bytes,      39928 total
: 2245K->63K(2432K), 0.0006404 secs] 7142K->4964K(7936K), 0.0007097 secs] [Times: user=0.00 sys=0.00, real=0.00 secs] 
2017-07-06T17:38:35.427+0900: 21.503: [GC2017-07-06T17:38:35.427+0900: 21.503: [ParNew
Desired survivor size 131072 bytes, new threshold 6 (max 6)
- age   1:      16384 bytes,      16384 total
- age   2:       4840 bytes,      21224 total
- age   3:       4648 bytes,      25872 total
- age   4:       4704 bytes,      30576 total
- age   5:       4704 bytes,      35280 total
- age   6:       4648 bytes,      39928 total
: 2239K->49K(2432K), 0.0006455 secs] 7140K->4955K(7936K), 0.0007221 secs] [Times: user=0.00 sys=0.00, real=0.00 secs] 
2017-07-06T17:38:35.449+0900: 21.525: [GC2017-07-06T17:38:35.449+0900: 21.525: [ParNew
Desired survivor size 131072 bytes, new threshold 6 (max 6)
- age   1:      24400 bytes,      24400 total
- age   2:       4840 bytes,      29240 total
- age   3:       4704 bytes,      33944 total
- age   4:       4648 bytes,      38592 total
- age   5:       4704 bytes,      43296 total
- age   6:       4704 bytes,      48000 total
: 2211K->64K(2432K), 0.0007093 secs] 7117K->4975K(7936K), 0.0007962 secs] [Times: user=0.00 sys=0.00, real=0.00 secs] 
2017-07-06T17:38:35.476+0900: 21.552: [GC2017-07-06T17:38:35.476+0900: 21.552: [ParNew
Desired survivor size 131072 bytes, new threshold 6 (max 6)
- age   1:      16384 bytes,      16384 total
- age   2:       4784 bytes,      21168 total
- age   3:       4704 bytes,      25872 total
- age   4:       4704 bytes,      30576 total
- age   5:       4648 bytes,      35224 total
- age   6:       4704 bytes,      39928 total
: 2233K->62K(2432K), 0.0007046 secs] 7143K->4977K(7936K), 0.0007820 secs] [Times: user=0.00 sys=0.00, real=0.00 secs] 
2017-07-06T17:38:35.498+0900: 21.574: [GC2017-07-06T17:38:35.498+0900: 21.574: [ParNew
Desired survivor size 131072 bytes, new threshold 6 (max 6)
- age   1:      24400 bytes,      24400 total
- age   2:       4840 bytes,      29240 total
- age   3:       4648 bytes,      33888 total
- age   4:       4704 bytes,      38592 total
- age   5:       4704 bytes,      43296 total
- age   6:       4648 bytes,      47944 total
: 2224K->57K(2432K), 0.0006750 secs] 7138K->4976K(7936K), 0.0007491 secs] [Times: user=0.00 sys=0.00, real=0.00 secs] 
2017-07-06T17:38:35.520+0900: 21.596: [GC2017-07-06T17:38:35.520+0900: 21.596: [ParNew
Desired survivor size 131072 bytes, new threshold 6 (max 6)
- age   1:      16384 bytes,      16384 total
- age   2:       4784 bytes,      21168 total
- age   3:       4704 bytes,      25872 total
- age   4:       4648 bytes,      30520 total
- age   5:       4704 bytes,      35224 total
- age   6:       4704 bytes,      39928 total
: 2233K->50K(2432K), 0.0006600 secs] 7152K->4974K(7936K), 0.0007341 secs] [Times: user=0.00 sys=0.00, real=0.00 secs] 
2017-07-06T17:38:35.541+0900: 21.618: [GC2017-07-06T17:38:35.542+0900: 21.618: [ParNew
Desired survivor size 131072 bytes, new threshold 6 (max 6)
- age   1:      16384 bytes,      16384 total
- age   2:       4840 bytes,      21224 total
- age   3:       4648 bytes,      25872 total
- age   4:       4704 bytes,      30576 total
- age   5:       4648 bytes,      35224 total
- age   6:       4704 bytes,      39928 total
: 2226K->53K(2432K), 0.0006322 secs] 7150K->4982K(7936K), 0.0007050 secs] [Times: user=0.00 sys=0.00, real=0.00 secs] 
2017-07-06T17:38:35.565+0900: 21.641: [GC2017-07-06T17:38:35.565+0900: 21.641: [ParNew
Desired survivor size 131072 bytes, new threshold 6 (max 6)
- age   1:      24400 bytes,      24400 total
- age   2:       4840 bytes,      29240 total
- age   3:       4704 bytes,      33944 total
- age   4:       4648 bytes,      38592 total
- age   5:       4704 bytes,      43296 total
- age   6:       4648 bytes,      47944 total
: 2216K->54K(2432K), 0.0039487 secs] 7144K->4987K(7936K), 0.0040510 secs] [Times: user=0.00 sys=0.00, real=0.00 secs] 
2017-07-06T17:38:35.592+0900: 21.668: [GC2017-07-06T17:38:35.592+0900: 21.668: [ParNew
Desired survivor size 131072 bytes, new threshold 6 (max 6)
- age   1:      16384 bytes,      16384 total
- age   2:       4784 bytes,      21168 total
- age   3:       4704 bytes,      25872 total
- age   4:       4704 bytes,      30576 total
- age   5:       4648 bytes,      35224 total
- age   6:       4704 bytes,      39928 total
: 2230K->63K(2432K), 0.0007110 secs] 7163K->5000K(7936K), 0.0007914 secs] [Times: user=0.00 sys=0.00, real=0.00 secs] 
2017-07-06T17:38:35.614+0900: 21.690: [GC2017-07-06T17:38:35.614+0900: 21.690: [ParNew
Desired survivor size 131072 bytes, new threshold 6 (max 6)
- age   1:      24400 bytes,      24400 total
- age   2:       4840 bytes,      29240 total
- age   3:       4648 bytes,      33888 total
- age   4:       4704 bytes,      38592 total
- age   5:       4704 bytes,      43296 total
- age   6:       4648 bytes,      47944 total
: 2223K->57K(2432K), 0.0006729 secs] 7160K->4999K(7936K), 0.0007529 secs] [Times: user=0.00 sys=0.00, real=0.00 secs] 
2017-07-06T17:38:35.636+0900: 21.712: [GC2017-07-06T17:38:35.636+0900: 21.712: [ParNew
Desired survivor size 131072 bytes, new threshold 6 (max 6)
- age   1:      16384 bytes,      16384 total
- age   2:       4784 bytes,      21168 total
- age   3:       4704 bytes,      25872 total
- age   4:       4648 bytes,      30520 total
- age   5:       4704 bytes,      35224 total
- age   6:       4704 bytes,      39928 total
: 2233K->50K(2432K), 0.0006592 secs] 7175K->4997K(7936K), 0.0007302 secs] [Times: user=0.00 sys=0.00, real=0.00 secs] 
2017-07-06T17:38:35.658+0900: 21.734: [GC2017-07-06T17:38:35.658+0900: 21.734: [ParNew
Desired survivor size 131072 bytes, new threshold 6 (max 6)
- age   1:      24400 bytes,      24400 total
- age   2:       4840 bytes,      29240 total
- age   3:       4648 bytes,      33888 total
- age   4:       4704 bytes,      38592 total
- age   5:       4648 bytes,      43240 total
- age   6:       4704 bytes,      47944 total
: 2211K->53K(2432K), 0.0009413 secs] 7157K->5004K(7936K), 0.0010354 secs] [Times: user=0.02 sys=0.00, real=0.00 secs] 
2017-07-06T17:38:35.684+0900: 21.760: [GC2017-07-06T17:38:35.684+0900: 21.760: [ParNew
Desired survivor size 131072 bytes, new threshold 6 (max 6)
- age   1:      16384 bytes,      16384 total
- age   2:       4784 bytes,      21168 total
- age   3:       4704 bytes,      25872 total
- age   4:       4648 bytes,      30520 total
- age   5:       4704 bytes,      35224 total
- age   6:       4648 bytes,      39872 total
: 2229K->63K(2432K), 0.0007024 secs] 7180K->5019K(7936K), 0.0007820 secs] [Times: user=0.00 sys=0.00, real=0.00 secs] 
2017-07-06T17:38:35.705+0900: 21.781: [GC2017-07-06T17:38:35.705+0900: 21.781: [ParNew
Desired survivor size 131072 bytes, new threshold 6 (max 6)
- age   1:      24400 bytes,      24400 total
- age   2:       4840 bytes,      29240 total
- age   3:       4648 bytes,      33888 total
- age   4:       4704 bytes,      38592 total
- age   5:       4648 bytes,      43240 total
- age   6:       4704 bytes,      47944 total
: 2224K->57K(2432K), 0.0006686 secs] 7180K->5017K(7936K), 0.0007435 secs] [Times: user=0.03 sys=0.00, real=0.00 secs] 
2017-07-06T17:38:35.727+0900: 21.803: [GC2017-07-06T17:38:35.727+0900: 21.803: [ParNew
Desired survivor size 131072 bytes, new threshold 6 (max 6)
- age   1:      16384 bytes,      16384 total
- age   2:       4784 bytes,      21168 total
- age   3:       4704 bytes,      25872 total
- age   4:       4648 bytes,      30520 total
- age   5:       4704 bytes,      35224 total
- age   6:       4648 bytes,      39872 total
: 2233K->50K(2432K), 0.0006579 secs] 7193K->5015K(7936K), 0.0007478 secs] [Times: user=0.00 sys=0.00, real=0.00 secs] 
2017-07-06T17:38:35.749+0900: 21.825: [GC2017-07-06T17:38:35.749+0900: 21.825: [ParNew
Desired survivor size 131072 bytes, new threshold 6 (max 6)
- age   1:      16384 bytes,      16384 total
- age   2:       4840 bytes,      21224 total
- age   3:       4648 bytes,      25872 total
- age   4:       4704 bytes,      30576 total
- age   5:       4648 bytes,      35224 total
- age   6:       4704 bytes,      39928 total
: 2226K->53K(2432K), 0.0006489 secs] 7191K->5023K(7936K), 0.0007225 secs] [Times: user=0.00 sys=0.00, real=0.00 secs] 
2017-07-06T17:38:35.773+0900: 21.849: [GC2017-07-06T17:38:35.773+0900: 21.849: [ParNew
Desired survivor size 131072 bytes, new threshold 6 (max 6)
- age   1:      24400 bytes,      24400 total
- age   2:       4840 bytes,      29240 total
- age   3:       4704 bytes,      33944 total
- age   4:       4648 bytes,      38592 total
- age   5:       4704 bytes,      43296 total
- age   6:       4648 bytes,      47944 total
: 2215K->69K(2432K), 0.0006746 secs] 7185K->5043K(7936K), 0.0007581 secs] [Times: user=0.00 sys=0.00, real=0.00 secs] 
2017-07-06T17:38:35.795+0900: 21.871: [GC2017-07-06T17:38:35.795+0900: 21.871: [ParNew
Desired survivor size 131072 bytes, new threshold 6 (max 6)
- age   1:      16384 bytes,      16384 total
- age   2:       4784 bytes,      21168 total
- age   3:       4704 bytes,      25872 total
- age   4:       4704 bytes,      30576 total
- age   5:       4648 bytes,      35224 total
- age   6:       4704 bytes,      39928 total
: 2237K->63K(2432K), 0.0006742 secs] 7211K->5042K(7936K), 0.0007572 secs] [Times: user=0.00 sys=0.00, real=0.00 secs] 
2017-07-06T17:38:35.816+0900: 21.892: [GC2017-07-06T17:38:35.816+0900: 21.892: [ParNew
Desired survivor size 131072 bytes, new threshold 6 (max 6)
- age   1:      24400 bytes,      24400 total
- age   2:       4840 bytes,      29240 total
- age   3:       4648 bytes,      33888 total
- age   4:       4704 bytes,      38592 total
- age   5:       4704 bytes,      43296 total
- age   6:       4648 bytes,      47944 total
: 2224K->57K(2432K), 0.0006489 secs] 7203K->5040K(7936K), 0.0007195 secs] [Times: user=0.00 sys=0.00, real=0.00 secs] 
2017-07-06T17:38:35.838+0900: 21.914: [GC2017-07-06T17:38:35.838+0900: 21.914: [ParNew
Desired survivor size 131072 bytes, new threshold 6 (max 6)
- age   1:      16384 bytes,      16384 total
- age   2:       4784 bytes,      21168 total
- age   3:       4704 bytes,      25872 total
- age   4:       4648 bytes,      30520 total
- age   5:       4704 bytes,      35224 total
- age   6:       4704 bytes,      39928 total
: 2233K->50K(2432K), 0.0006523 secs] 7216K->5038K(7936K), 0.0007221 secs] [Times: user=0.00 sys=0.00, real=0.00 secs] 
2017-07-06T17:38:35.860+0900: 21.936: [GC2017-07-06T17:38:35.860+0900: 21.936: [ParNew
Desired survivor size 131072 bytes, new threshold 6 (max 6)
- age   1:      16384 bytes,      16384 total
- age   2:       4840 bytes,      21224 total
- age   3:       4648 bytes,      25872 total
- age   4:       4704 bytes,      30576 total
- age   5:       4648 bytes,      35224 total
- age   6:       4704 bytes,      39928 total
: 2226K->53K(2432K), 0.0006515 secs] 7214K->5046K(7936K), 0.0007255 secs] [Times: user=0.00 sys=0.00, real=0.00 secs] 
2017-07-06T17:38:35.904+0900: 21.980: [GC2017-07-06T17:38:35.904+0900: 21.980: [ParNew
Desired survivor size 131072 bytes, new threshold 6 (max 6)
- age   1:      24400 bytes,      24400 total
- age   2:       4840 bytes,      29240 total
- age   3:       4704 bytes,      33944 total
- age   4:       4648 bytes,      38592 total
- age   5:       4704 bytes,      43296 total
- age   6:       4648 bytes,      47944 total
: 2215K->69K(2432K), 0.0007093 secs] 7208K->5066K(7936K), 0.0007919 secs] [Times: user=0.00 sys=0.00, real=0.00 secs] 
2017-07-06T17:38:35.926+0900: 22.002: [GC2017-07-06T17:38:35.926+0900: 22.002: [ParNew
Desired survivor size 131072 bytes, new threshold 6 (max 6)
- age   1:      16384 bytes,      16384 total
- age   2:       4784 bytes,      21168 total
- age   3:       4704 bytes,      25872 total
- age   4:       4704 bytes,      30576 total
- age   5:       4648 bytes,      35224 total
- age   6:       4704 bytes,      39928 total
: 2245K->63K(2432K), 0.0006934 secs] 7242K->5064K(7936K), 0.0007688 secs] [Times: user=0.00 sys=0.00, real=0.00 secs] 
2017-07-06T17:38:35.948+0900: 22.024: [GC2017-07-06T17:38:35.948+0900: 22.024: [ParNew
Desired survivor size 131072 bytes, new threshold 6 (max 6)
- age   1:      16384 bytes,      16384 total
- age   2:       4840 bytes,      21224 total
- age   3:       4648 bytes,      25872 total
- age   4:       4704 bytes,      30576 total
- age   5:       4704 bytes,      35280 total
- age   6:       4648 bytes,      39928 total
: 2239K->49K(2432K), 0.0006468 secs] 7240K->5055K(7936K), 0.0007195 secs] [Times: user=0.00 sys=0.00, real=0.00 secs] 
2017-07-06T17:38:35.969+0900: 22.045: [GC2017-07-06T17:38:35.969+0900: 22.046: [ParNew
Desired survivor size 131072 bytes, new threshold 6 (max 6)
- age   1:      24400 bytes,      24400 total
- age   2:       4840 bytes,      29240 total
- age   3:       4704 bytes,      33944 total
- age   4:       4648 bytes,      38592 total
- age   5:       4704 bytes,      43296 total
- age   6:       4704 bytes,      48000 total
: 2211K->50K(2432K), 0.0009541 secs] 7218K->5061K(7936K), 0.0010478 secs] [Times: user=0.00 sys=0.00, real=0.00 secs] 
2017-07-06T17:38:35.994+0900: 22.071: [GC2017-07-06T17:38:35.994+0900: 22.071: [ParNew
Desired survivor size 131072 bytes, new threshold 6 (max 6)
- age   1:      16384 bytes,      16384 total
- age   2:       4784 bytes,      21168 total
- age   3:       4704 bytes,      25872 total
- age   4:       4704 bytes,      30576 total
- age   5:       4648 bytes,      35224 total
- age   6:       4704 bytes,      39928 total
: 2218K->62K(2432K), 0.0007011 secs] 7229K->5077K(7936K), 0.0007803 secs] [Times: user=0.00 sys=0.00, real=0.00 secs] 
2017-07-06T17:38:36.016+0900: 22.092: [GC2017-07-06T17:38:36.016+0900: 22.092: [ParNew
Desired survivor size 131072 bytes, new threshold 6 (max 6)
- age   1:      24400 bytes,      24400 total
- age   2:       4840 bytes,      29240 total
- age   3:       4648 bytes,      33888 total
- age   4:       4704 bytes,      38592 total
- age   5:       4704 bytes,      43296 total
- age   6:       4648 bytes,      47944 total
: 2224K->57K(2432K), 0.0006699 secs] 7239K->5077K(7936K), 0.0007435 secs] [Times: user=0.00 sys=0.00, real=0.00 secs] 
2017-07-06T17:38:36.039+0900: 22.115: [GC2017-07-06T17:38:36.039+0900: 22.115: [ParNew
Desired survivor size 131072 bytes, new threshold 6 (max 6)
- age   1:      16384 bytes,      16384 total
- age   2:       4784 bytes,      21168 total
- age   3:       4704 bytes,      25872 total
- age   4:       4648 bytes,      30520 total
- age   5:       4704 bytes,      35224 total
- age   6:       4704 bytes,      39928 total
: 2233K->50K(2432K), 0.0072048 secs] 7253K->5074K(7936K), 0.0073041 secs] [Times: user=0.00 sys=0.00, real=0.01 secs] 
2017-07-06T17:38:36.068+0900: 22.144: [GC2017-07-06T17:38:36.068+0900: 22.145: [ParNew
Desired survivor size 131072 bytes, new threshold 6 (max 6)
- age   1:      16384 bytes,      16384 total
- age   2:       4840 bytes,      21224 total
- age   3:       4648 bytes,      25872 total
- age   4:       4704 bytes,      30576 total
- age   5:       4648 bytes,      35224 total
- age   6:       4704 bytes,      39928 total
: 2226K->53K(2432K), 0.0007058 secs] 7250K->5082K(7936K), 0.0007820 secs] [Times: user=0.00 sys=0.00, real=0.00 secs] 
2017-07-06T17:38:36.090+0900: 22.166: [GC2017-07-06T17:38:36.090+0900: 22.166: [ParNew
Desired survivor size 131072 bytes, new threshold 6 (max 6)
- age   1:      24400 bytes,      24400 total
- age   2:       4840 bytes,      29240 total
- age   3:       4704 bytes,      33944 total
- age   4:       4648 bytes,      38592 total
- age   5:       4704 bytes,      43296 total
- age   6:       4648 bytes,      47944 total
: 2216K->69K(2432K), 0.0006506 secs] 7245K->5103K(7936K), 0.0007230 secs] [Times: user=0.00 sys=0.00, real=0.00 secs] 
2017-07-06T17:38:36.112+0900: 22.188: [GC2017-07-06T17:38:36.112+0900: 22.188: [ParNew
Desired survivor size 131072 bytes, new threshold 6 (max 6)
- age   1:      16384 bytes,      16384 total
- age   2:       4784 bytes,      21168 total
- age   3:       4704 bytes,      25872 total
- age   4:       4704 bytes,      30576 total
- age   5:       4648 bytes,      35224 total
- age   6:       4704 bytes,      39928 total
: 2245K->63K(2432K), 0.0006442 secs] 7279K->5101K(7936K), 0.0007153 secs] [Times: user=0.00 sys=0.00, real=0.00 secs] 
2017-07-06T17:38:36.133+0900: 22.209: [GC2017-07-06T17:38:36.133+0900: 22.209: [ParNew
Desired survivor size 131072 bytes, new threshold 6 (max 6)
- age   1:      24400 bytes,      24400 total
- age   2:       4840 bytes,      29240 total
- age   3:       4648 bytes,      33888 total
- age   4:       4704 bytes,      38592 total
- age   5:       4704 bytes,      43296 total
- age   6:       4648 bytes,      47944 total
: 2223K->57K(2432K), 0.0006528 secs] 7261K->5100K(7936K), 0.0007217 secs] [Times: user=0.00 sys=0.00, real=0.00 secs] 
2017-07-06T17:38:36.155+0900: 22.231: [GC2017-07-06T17:38:36.155+0900: 22.231: [ParNew
Desired survivor size 131072 bytes, new threshold 6 (max 6)
- age   1:      16384 bytes,      16384 total
- age   2:       4784 bytes,      21168 total
- age   3:       4704 bytes,      25872 total
- age   4:       4648 bytes,      30520 total
- age   5:       4704 bytes,      35224 total
- age   6:       4704 bytes,      39928 total
: 2233K->50K(2432K), 0.0006896 secs] 7276K->5097K(7936K), 0.0007752 secs] [Times: user=0.00 sys=0.00, real=0.00 secs] 
2017-07-06T17:38:36.183+0900: 22.259: [GC2017-07-06T17:38:36.183+0900: 22.259: [ParNew
Desired survivor size 131072 bytes, new threshold 6 (max 6)
- age   1:      24400 bytes,      24400 total
- age   2:       4840 bytes,      29240 total
- age   3:       4648 bytes,      33888 total
- age   4:       4704 bytes,      38592 total
- age   5:       4648 bytes,      43240 total
- age   6:       4704 bytes,      47944 total
: 2211K->68K(2432K), 0.0007058 secs] 7258K->5120K(7936K), 0.0007889 secs] [Times: user=0.00 sys=0.00, real=0.00 secs] 
2017-07-06T17:38:36.205+0900: 22.281: [GC2017-07-06T17:38:36.205+0900: 22.281: [ParNew
Desired survivor size 131072 bytes, new threshold 6 (max 6)
- age   1:      16384 bytes,      16384 total
- age   2:       4784 bytes,      21168 total
- age   3:       4704 bytes,      25872 total
- age   4:       4648 bytes,      30520 total
- age   5:       4704 bytes,      35224 total
- age   6:       4648 bytes,      39872 total
: 2244K->63K(2432K), 0.0006647 secs] 7296K->5119K(7936K), 0.0007397 secs] [Times: user=0.00 sys=0.00, real=0.00 secs] 
2017-07-06T17:38:36.226+0900: 22.302: [GC2017-07-06T17:38:36.226+0900: 22.302: [ParNew
Desired survivor size 131072 bytes, new threshold 6 (max 6)
- age   1:      24400 bytes,      24400 total
- age   2:       4840 bytes,      29240 total
- age   3:       4648 bytes,      33888 total
- age   4:       4704 bytes,      38592 total
- age   5:       4648 bytes,      43240 total
- age   6:       4704 bytes,      47944 total
: 2224K->57K(2432K), 0.0007020 secs] 7280K->5118K(7936K), 0.0007812 secs] [Times: user=0.00 sys=0.00, real=0.00 secs] 
2017-07-06T17:38:36.248+0900: 22.324: [GC2017-07-06T17:38:36.248+0900: 22.324: [ParNew
Desired survivor size 131072 bytes, new threshold 6 (max 6)
- age   1:      16384 bytes,      16384 total
- age   2:       4784 bytes,      21168 total
- age   3:       4704 bytes,      25872 total
- age   4:       4648 bytes,      30520 total
- age   5:       4704 bytes,      35224 total
- age   6:       4648 bytes,      39872 total
: 2233K->50K(2432K), 0.0006476 secs] 7294K->5116K(7936K), 0.0007161 secs] [Times: user=0.00 sys=0.00, real=0.00 secs] 
2017-07-06T17:38:36.249+0900: 22.325: [GC [1 CMS-initial-mark: 5065K(5504K)] 5124K(7936K), 0.0001443 secs] [Times: user=0.00 sys=0.00, real=0.00 secs] 
2017-07-06T17:38:36.249+0900: 22.325: [CMS-concurrent-mark-start]
2017-07-06T17:38:36.258+0900: 22.334: [CMS-concurrent-mark: 0.009/0.009 secs] [Times: user=0.01 sys=0.02, real=0.01 secs] 
2017-07-06T17:38:36.258+0900: 22.334: [CMS-concurrent-preclean-start]
2017-07-06T17:38:36.258+0900: 22.334: [CMS-concurrent-preclean: 0.000/0.000 secs] [Times: user=0.00 sys=0.00, real=0.00 secs] 
2017-07-06T17:38:36.258+0900: 22.335: [GC[YG occupancy: 889 K (2432 K)]2017-07-06T17:38:36.258+0900: 22.335: [Rescan (parallel) , 0.0002085 secs]2017-07-06T17:38:36.259+0900: 22.335: [weak refs processing, 0.0000223 secs]2017-07-06T17:38:36.259+0900: 22.335: [scrub string table, 0.0002089 secs] [1 CMS-remark: 5065K(5504K)] 5955K(7936K), 0.0005235 secs] [Times: user=0.00 sys=0.00, real=0.00 secs] 
2017-07-06T17:38:36.259+0900: 22.335: [CMS-concurrent-sweep-start]
2017-07-06T17:38:36.264+0900: 22.340: [CMS-concurrent-sweep: 0.005/0.005 secs] [Times: user=0.00 sys=0.00, real=0.00 secs] 
2017-07-06T17:38:36.264+0900: 22.341: [CMS-concurrent-reset-start]
2017-07-06T17:38:36.265+0900: 22.341: [CMS-concurrent-reset: 0.000/0.000 secs] [Times: user=0.00 sys=0.00, real=0.00 secs] 
2017-07-06T17:38:36.278+0900: 22.354: [GC2017-07-06T17:38:36.278+0900: 22.354: [ParNew
Desired survivor size 131072 bytes, new threshold 6 (max 6)
- age   1:      16384 bytes,      16384 total
- age   2:       4840 bytes,      21224 total
- age   3:       4648 bytes,      25872 total
- age   4:       4704 bytes,      30576 total
- age   5:       4648 bytes,      35224 total
- age   6:       4704 bytes,      39928 total
: 2226K->53K(2432K), 0.0006784 secs] 7292K->5123K(7936K), 0.0007628 secs] [Times: user=0.00 sys=0.00, real=0.00 secs] 
2017-07-06T17:38:36.279+0900: 22.355: [GC [1 CMS-initial-mark: 5070K(5504K)] 5131K(7936K), 0.0001515 secs] [Times: user=0.00 sys=0.00, real=0.00 secs] 
2017-07-06T17:38:36.279+0900: 22.355: [CMS-concurrent-mark-start]
2017-07-06T17:38:36.288+0900: 22.364: [CMS-concurrent-mark: 0.009/0.009 secs] [Times: user=0.02 sys=0.02, real=0.01 secs] 
2017-07-06T17:38:36.288+0900: 22.364: [CMS-concurrent-preclean-start]
2017-07-06T17:38:36.288+0900: 22.365: [CMS-concurrent-preclean: 0.000/0.000 secs] [Times: user=0.00 sys=0.00, real=0.00 secs] 
2017-07-06T17:38:36.294+0900: 22.370: [GC[YG occupancy: 1205 K (2432 K)]2017-07-06T17:38:36.294+0900: 22.370: [Rescan (parallel) , 0.0003159 secs]2017-07-06T17:38:36.294+0900: 22.370: [weak refs processing, 0.0000274 secs]2017-07-06T17:38:36.294+0900: 22.370: [scrub string table, 0.0002885 secs] [1 CMS-remark: 5070K(5504K)] 6275K(7936K), 0.0007705 secs] [Times: user=0.00 sys=0.00, real=0.00 secs] 
2017-07-06T17:38:36.295+0900: 22.371: [CMS-concurrent-sweep-start]
2017-07-06T17:38:36.298+0900: 22.374: [CMS-concurrent-sweep: 0.004/0.004 secs] [Times: user=0.00 sys=0.00, real=0.00 secs] 
2017-07-06T17:38:36.298+0900: 22.374: [CMS-concurrent-reset-start]
2017-07-06T17:38:36.299+0900: 22.375: [CMS-concurrent-reset: 0.000/0.000 secs] [Times: user=0.02 sys=0.02, real=0.00 secs] 
2017-07-06T17:38:36.305+0900: 22.381: [GC2017-07-06T17:38:36.305+0900: 22.381: [ParNew
Desired survivor size 131072 bytes, new threshold 6 (max 6)
- age   1:      24400 bytes,      24400 total
- age   2:       4840 bytes,      29240 total
- age   3:       4704 bytes,      33944 total
- age   4:       4648 bytes,      38592 total
- age   5:       4704 bytes,      43296 total
- age   6:       4648 bytes,      47944 total
: 2215K->69K(2432K), 0.0006374 secs] 7285K->5144K(7936K), 0.0007020 secs] [Times: user=0.00 sys=0.00, real=0.00 secs] 
2017-07-06T17:38:36.306+0900: 22.382: [GC [1 CMS-initial-mark: 5074K(5504K)] 5160K(7936K), 0.0001348 secs] [Times: user=0.00 sys=0.00, real=0.00 secs] 
2017-07-06T17:38:36.306+0900: 22.382: [CMS-concurrent-mark-start]
2017-07-06T17:38:36.315+0900: 22.391: [CMS-concurrent-mark: 0.009/0.009 secs] [Times: user=0.03 sys=0.00, real=0.01 secs] 
2017-07-06T17:38:36.315+0900: 22.392: [CMS-concurrent-preclean-start]
2017-07-06T17:38:36.316+0900: 22.392: [CMS-concurrent-preclean: 0.000/0.000 secs] [Times: user=0.00 sys=0.00, real=0.00 secs] 
2017-07-06T17:38:36.326+0900: 22.402: [GC[YG occupancy: 1548 K (2432 K)]2017-07-06T17:38:36.326+0900: 22.402: [Rescan (parallel) , 0.0002264 secs]2017-07-06T17:38:36.326+0900: 22.402: [weak refs processing, 0.0000240 secs]2017-07-06T17:38:36.326+0900: 22.402: [scrub string table, 0.0002311 secs] [1 CMS-remark: 5074K(5504K)] 6623K(7936K), 0.0005924 secs] [Times: user=0.00 sys=0.00, real=0.00 secs] 
2017-07-06T17:38:36.327+0900: 22.403: [CMS-concurrent-sweep-start]
2017-07-06T17:38:36.330+0900: 22.406: [CMS-concurrent-sweep: 0.004/0.004 secs] [Times: user=0.03 sys=0.00, real=0.00 secs] 
2017-07-06T17:38:36.330+0900: 22.406: [CMS-concurrent-reset-start]
2017-07-06T17:38:36.331+0900: 22.407: [CMS-concurrent-reset: 0.000/0.000 secs] [Times: user=0.00 sys=0.00, real=0.00 secs] 
2017-07-06T17:38:36.335+0900: 22.411: [GC2017-07-06T17:38:36.335+0900: 22.411: [ParNew
Desired survivor size 131072 bytes, new threshold 6 (max 6)
- age   1:      16384 bytes,      16384 total
- age   2:       4784 bytes,      21168 total
- age   3:       4704 bytes,      25872 total
- age   4:       4704 bytes,      30576 total
- age   5:       4648 bytes,      35224 total
- age   6:       4704 bytes,      39928 total
: 2237K->63K(2432K), 0.0006600 secs] 7312K->5142K(7936K), 0.0007328 secs] [Times: user=0.00 sys=0.00, real=0.00 secs] 
2017-07-06T17:38:36.336+0900: 22.412: [GC [1 CMS-initial-mark: 5079K(5504K)] 5150K(7936K), 0.0001438 secs] [Times: user=0.00 sys=0.00, real=0.00 secs] 
2017-07-06T17:38:36.336+0900: 22.412: [CMS-concurrent-mark-start]
2017-07-06T17:38:36.345+0900: 22.421: [CMS-concurrent-mark: 0.009/0.009 secs] [Times: user=0.02 sys=0.02, real=0.01 secs] 
2017-07-06T17:38:36.345+0900: 22.421: [CMS-concurrent-preclean-start]
2017-07-06T17:38:36.345+0900: 22.421: [CMS-concurrent-preclean: 0.000/0.000 secs] [Times: user=0.00 sys=0.00, real=0.00 secs] 
2017-07-06T17:38:36.357+0900: 22.433: [GC[YG occupancy: 1697 K (2432 K)]2017-07-06T17:38:36.357+0900: 22.433: [Rescan (parallel) , 0.0002311 secs]2017-07-06T17:38:36.358+0900: 22.434: [weak refs processing, 0.0000244 secs]2017-07-06T17:38:36.358+0900: 22.434: [scrub string table, 0.0003082 secs] [1 CMS-remark: 5079K(5504K)] 6777K(7936K), 0.0012340 secs] [Times: user=0.00 sys=0.00, real=0.00 secs] 
2017-07-06T17:38:36.359+0900: 22.435: [CMS-concurrent-sweep-start]
2017-07-06T17:38:36.363+0900: 22.439: [CMS-concurrent-sweep: 0.004/0.004 secs] [Times: user=0.01 sys=0.00, real=0.00 secs] 
2017-07-06T17:38:36.363+0900: 22.439: [CMS-concurrent-reset-start]
2017-07-06T17:38:36.363+0900: 22.439: [CMS-concurrent-reset: 0.000/0.000 secs] [Times: user=0.00 sys=0.00, real=0.00 secs] 
2017-07-06T17:38:36.365+0900: 22.442: [GC2017-07-06T17:38:36.365+0900: 22.442: [ParNew
Desired survivor size 131072 bytes, new threshold 6 (max 6)
- age   1:      24400 bytes,      24400 total
- age   2:       4840 bytes,      29240 total
- age   3:       4648 bytes,      33888 total
- age   4:       4704 bytes,      38592 total
- age   5:       4704 bytes,      43296 total
- age   6:       4648 bytes,      47944 total
: 2224K->57K(2432K), 0.0006506 secs] 7303K->5141K(7936K), 0.0007247 secs] [Times: user=0.00 sys=0.00, real=0.00 secs] 
2017-07-06T17:38:36.366+0900: 22.442: [GC [1 CMS-initial-mark: 5083K(5504K)] 5157K(7936K), 0.0001370 secs] [Times: user=0.00 sys=0.00, real=0.00 secs] 
2017-07-06T17:38:36.366+0900: 22.443: [CMS-concurrent-mark-start]
2017-07-06T17:38:36.376+0900: 22.452: [CMS-concurrent-mark: 0.009/0.009 secs] [Times: user=0.00 sys=0.00, real=0.01 secs] 
2017-07-06T17:38:36.376+0900: 22.452: [CMS-concurrent-preclean-start]
2017-07-06T17:38:36.376+0900: 22.452: [CMS-concurrent-preclean: 0.000/0.000 secs] [Times: user=0.00 sys=0.00, real=0.00 secs] 
2017-07-06T17:38:36.383+0900: 22.459: [GC[YG occupancy: 1295 K (2432 K)]2017-07-06T17:38:36.383+0900: 22.459: [Rescan (parallel) , 0.0002260 secs]2017-07-06T17:38:36.383+0900: 22.460: [weak refs processing, 0.0000231 secs]2017-07-06T17:38:36.384+0900: 22.460: [scrub string table, 0.0002153 secs] [1 CMS-remark: 5083K(5504K)] 6379K(7936K), 0.0005719 secs] [Times: user=0.00 sys=0.00, real=0.00 secs] 
2017-07-06T17:38:36.384+0900: 22.460: [CMS-concurrent-sweep-start]
2017-07-06T17:38:36.388+0900: 22.464: [CMS-concurrent-sweep: 0.004/0.004 secs] [Times: user=0.00 sys=0.00, real=0.00 secs] 
2017-07-06T17:38:36.388+0900: 22.464: [CMS-concurrent-reset-start]
2017-07-06T17:38:36.388+0900: 22.464: [CMS-concurrent-reset: 0.000/0.000 secs] [Times: user=0.00 sys=0.00, real=0.00 secs] 
2017-07-06T17:38:36.394+0900: 22.470: [GC2017-07-06T17:38:36.394+0900: 22.470: [ParNew
Desired survivor size 131072 bytes, new threshold 6 (max 6)
- age   1:      16384 bytes,      16384 total
- age   2:       4784 bytes,      21168 total
- age   3:       4704 bytes,      25872 total
- age   4:       4648 bytes,      30520 total
- age   5:       4704 bytes,      35224 total
- age   6:       4704 bytes,      39928 total
: 2233K->50K(2432K), 0.0006776 secs] 7317K->5139K(7936K), 0.0007679 secs] [Times: user=0.00 sys=0.00, real=0.00 secs] 
2017-07-06T17:38:36.394+0900: 22.471: [GC [1 CMS-initial-mark: 5088K(5504K)] 5147K(7936K), 0.0001494 secs] [Times: user=0.00 sys=0.00, real=0.00 secs] 
2017-07-06T17:38:36.395+0900: 22.471: [CMS-concurrent-mark-start]
2017-07-06T17:38:36.404+0900: 22.480: [CMS-concurrent-mark: 0.009/0.009 secs] [Times: user=0.00 sys=0.00, real=0.01 secs] 
2017-07-06T17:38:36.404+0900: 22.480: [CMS-concurrent-preclean-start]
2017-07-06T17:38:36.404+0900: 22.480: [CMS-concurrent-preclean: 0.000/0.000 secs] [Times: user=0.00 sys=0.00, real=0.00 secs] 
2017-07-06T17:38:36.406+0900: 22.482: [GC[YG occupancy: 1217 K (2432 K)]2017-07-06T17:38:36.406+0900: 22.482: [Rescan (parallel) , 0.0002012 secs]2017-07-06T17:38:36.406+0900: 22.482: [weak refs processing, 0.0000227 secs]2017-07-06T17:38:36.406+0900: 22.482: [scrub string table, 0.0002290 secs] [1 CMS-remark: 5088K(5504K)] 6305K(7936K), 0.0005458 secs] [Times: user=0.00 sys=0.00, real=0.00 secs] 
2017-07-06T17:38:36.406+0900: 22.482: [CMS-concurrent-sweep-start]
2017-07-06T17:38:36.410+0900: 22.486: [CMS-concurrent-sweep: 0.004/0.004 secs] [Times: user=0.01 sys=0.02, real=0.00 secs] 
2017-07-06T17:38:36.410+0900: 22.486: [CMS-concurrent-reset-start]
2017-07-06T17:38:36.411+0900: 22.487: [CMS-concurrent-reset: 0.000/0.000 secs] [Times: user=0.00 sys=0.00, real=0.00 secs] 
2017-07-06T17:38:36.417+0900: 22.493: [GC2017-07-06T17:38:36.417+0900: 22.493: [ParNew
Desired survivor size 131072 bytes, new threshold 6 (max 6)
- age   1:      16384 bytes,      16384 total
- age   2:       4840 bytes,      21224 total
- age   3:       4648 bytes,      25872 total
- age   4:       4704 bytes,      30576 total
- age   5:       4648 bytes,      35224 total
- age   6:       4704 bytes,      39928 total
: 2226K->53K(2432K), 0.0006618 secs] 7315K->5146K(7936K), 0.0007328 secs] [Times: user=0.00 sys=0.00, real=0.00 secs] 
2017-07-06T17:38:36.418+0900: 22.494: [GC [1 CMS-initial-mark: 5092K(5504K)] 5154K(7936K), 0.0001425 secs] [Times: user=0.00 sys=0.00, real=0.00 secs] 
2017-07-06T17:38:36.418+0900: 22.494: [CMS-concurrent-mark-start]
2017-07-06T17:38:36.428+0900: 22.504: [CMS-concurrent-mark: 0.009/0.009 secs] [Times: user=0.03 sys=0.00, real=0.01 secs] 
2017-07-06T17:38:36.428+0900: 22.504: [CMS-concurrent-preclean-start]
2017-07-06T17:38:36.428+0900: 22.504: [CMS-concurrent-preclean: 0.000/0.000 secs] [Times: user=0.00 sys=0.00, real=0.00 secs] 
2017-07-06T17:38:36.428+0900: 22.504: [GC[YG occupancy: 780 K (2432 K)]2017-07-06T17:38:36.428+0900: 22.504: [Rescan (parallel) , 0.0001772 secs]2017-07-06T17:38:36.428+0900: 22.504: [weak refs processing, 0.0000223 secs]2017-07-06T17:38:36.428+0900: 22.504: [scrub string table, 0.0002149 secs] [1 CMS-remark: 5092K(5504K)] 5873K(7936K), 0.0005034 secs] [Times: user=0.00 sys=0.00, real=0.00 secs] 
2017-07-06T17:38:36.429+0900: 22.505: [CMS-concurrent-sweep-start]
2017-07-06T17:38:36.432+0900: 22.508: [CMS-concurrent-sweep: 0.004/0.004 secs] [Times: user=0.00 sys=0.00, real=0.00 secs] 
2017-07-06T17:38:36.432+0900: 22.508: [CMS-concurrent-reset-start]
2017-07-06T17:38:36.433+0900: 22.509: [CMS-concurrent-reset: 0.000/0.000 secs] [Times: user=0.00 sys=0.00, real=0.00 secs] 
2017-07-06T17:38:36.443+0900: 22.519: [GC2017-07-06T17:38:36.443+0900: 22.519: [ParNew
Desired survivor size 131072 bytes, new threshold 6 (max 6)
- age   1:      24400 bytes,      24400 total
- age   2:       4840 bytes,      29240 total
- age   3:       4704 bytes,      33944 total
- age   4:       4648 bytes,      38592 total
- age   5:       4704 bytes,      43296 total
- age   6:       4648 bytes,      47944 total
: 2215K->54K(2432K), 0.0006716 secs] 7308K->5151K(7936K), 0.0007409 secs] [Times: user=0.00 sys=0.00, real=0.00 secs] 
2017-07-06T17:38:36.444+0900: 22.520: [GC [1 CMS-initial-mark: 5097K(5504K)] 5167K(7936K), 0.0001361 secs] [Times: user=0.00 sys=0.00, real=0.00 secs] 
2017-07-06T17:38:36.444+0900: 22.520: [CMS-concurrent-mark-start]
2017-07-06T17:38:36.453+0900: 22.529: [CMS-concurrent-mark: 0.009/0.009 secs] [Times: user=0.00 sys=0.00, real=0.01 secs] 
2017-07-06T17:38:36.453+0900: 22.529: [CMS-concurrent-preclean-start]
2017-07-06T17:38:36.453+0900: 22.530: [CMS-concurrent-preclean: 0.000/0.000 secs] [Times: user=0.00 sys=0.00, real=0.00 secs] 
2017-07-06T17:38:36.454+0900: 22.530: [GC[YG occupancy: 903 K (2432 K)]2017-07-06T17:38:36.454+0900: 22.530: [Rescan (parallel) , 0.0001879 secs]2017-07-06T17:38:36.454+0900: 22.530: [weak refs processing, 0.0000218 secs]2017-07-06T17:38:36.454+0900: 22.530: [scrub string table, 0.0002102 secs] [1 CMS-remark: 5097K(5504K)] 6000K(7936K), 0.0005047 secs] [Times: user=0.00 sys=0.00, real=0.00 secs] 
2017-07-06T17:38:36.454+0900: 22.530: [CMS-concurrent-sweep-start]
2017-07-06T17:38:36.458+0900: 22.534: [CMS-concurrent-sweep: 0.004/0.004 secs] [Times: user=0.01 sys=0.01, real=0.00 secs] 
2017-07-06T17:38:36.458+0900: 22.534: [CMS-concurrent-reset-start]
2017-07-06T17:38:36.458+0900: 22.534: [CMS-concurrent-reset: 0.000/0.000 secs] [Times: user=0.00 sys=0.00, real=0.00 secs] 
2017-07-06T17:38:36.469+0900: 22.545: [GC2017-07-06T17:38:36.469+0900: 22.545: [ParNew
Desired survivor size 131072 bytes, new threshold 6 (max 6)
- age   1:      16384 bytes,      16384 total
- age   2:       4784 bytes,      21168 total
- age   3:       4704 bytes,      25872 total
- age   4:       4704 bytes,      30576 total
- age   5:       4648 bytes,      35224 total
- age   6:       4704 bytes,      39928 total
: 2230K->63K(2432K), 0.0006690 secs] 7327K->5165K(7936K), 0.0007465 secs] [Times: user=0.02 sys=0.00, real=0.00 secs] 
2017-07-06T17:38:36.470+0900: 22.546: [GC [1 CMS-initial-mark: 5102K(5504K)] 5200K(7936K), 0.0001365 secs] [Times: user=0.00 sys=0.00, real=0.00 secs] 
2017-07-06T17:38:36.470+0900: 22.546: [CMS-concurrent-mark-start]
2017-07-06T17:38:36.479+0900: 22.555: [CMS-concurrent-mark: 0.009/0.009 secs] [Times: user=0.00 sys=0.00, real=0.01 secs] 
2017-07-06T17:38:36.479+0900: 22.555: [CMS-concurrent-preclean-start]
2017-07-06T17:38:36.479+0900: 22.556: [CMS-concurrent-preclean: 0.000/0.000 secs] [Times: user=0.00 sys=0.00, real=0.00 secs] 
2017-07-06T17:38:36.497+0900: 22.573: [GC[YG occupancy: 2085 K (2432 K)]2017-07-06T17:38:36.497+0900: 22.573: [Rescan (parallel) , 0.0002517 secs]2017-07-06T17:38:36.497+0900: 22.573: [weak refs processing, 0.0000223 secs]2017-07-06T17:38:36.497+0900: 22.573: [scrub string table, 0.0002307 secs] [1 CMS-remark: 5102K(5504K)] 7187K(7936K), 0.0006108 secs] [Times: user=0.00 sys=0.00, real=0.00 secs] 
2017-07-06T17:38:36.497+0900: 22.573: [CMS-concurrent-sweep-start]
2017-07-06T17:38:36.499+0900: 22.575: [GC2017-07-06T17:38:36.499+0900: 22.575: [ParNew
Desired survivor size 131072 bytes, new threshold 6 (max 6)
- age   1:      16384 bytes,      16384 total
- age   2:       4840 bytes,      21224 total
- age   3:       4648 bytes,      25872 total
- age   4:       4704 bytes,      30576 total
- age   5:       4704 bytes,      35280 total
- age   6:       4648 bytes,      39928 total
: 2239K->49K(2432K), 0.0006853 secs] 7341K->5156K(7936K), 0.0007671 secs] [Times: user=0.00 sys=0.00, real=0.00 secs] 
2017-07-06T17:38:36.502+0900: 22.578: [CMS-concurrent-sweep: 0.004/0.005 secs] [Times: user=0.01 sys=0.01, real=0.01 secs] 
2017-07-06T17:38:36.502+0900: 22.578: [CMS-concurrent-reset-start]
2017-07-06T17:38:36.502+0900: 22.579: [CMS-concurrent-reset: 0.000/0.000 secs] [Times: user=0.00 sys=0.00, real=0.00 secs] 
2017-07-06T17:38:36.524+0900: 22.600: [GC2017-07-06T17:38:36.524+0900: 22.600: [ParNew
Desired survivor size 131072 bytes, new threshold 6 (max 6)
- age   1:      24400 bytes,      24400 total
- age   2:       4840 bytes,      29240 total
- age   3:       4704 bytes,      33944 total
- age   4:       4648 bytes,      38592 total
- age   5:       4704 bytes,      43296 total
- age   6:       4704 bytes,      48000 total
: 2211K->64K(2432K), 0.0006900 secs] 7318K->5176K(7936K), 0.0007679 secs] [Times: user=0.00 sys=0.00, real=0.00 secs] 
2017-07-06T17:38:36.525+0900: 22.601: [GC [1 CMS-initial-mark: 5111K(5504K)] 5192K(7936K), 0.0001404 secs] [Times: user=0.00 sys=0.00, real=0.00 secs] 
2017-07-06T17:38:36.525+0900: 22.601: [CMS-concurrent-mark-start]
2017-07-06T17:38:36.534+0900: 22.610: [CMS-concurrent-mark: 0.009/0.009 secs] [Times: user=0.02 sys=0.02, real=0.01 secs] 
2017-07-06T17:38:36.534+0900: 22.610: [CMS-concurrent-preclean-start]
2017-07-06T17:38:36.534+0900: 22.611: [CMS-concurrent-preclean: 0.000/0.000 secs] [Times: user=0.00 sys=0.00, real=0.00 secs] 
2017-07-06T17:38:36.535+0900: 22.611: [GC[YG occupancy: 741 K (2432 K)]2017-07-06T17:38:36.535+0900: 22.611: [Rescan (parallel) , 0.0001811 secs]2017-07-06T17:38:36.535+0900: 22.611: [weak refs processing, 0.0000227 secs]2017-07-06T17:38:36.535+0900: 22.611: [scrub string table, 0.0002136 secs] [1 CMS-remark: 5111K(5504K)] 5852K(7936K), 0.0005077 secs] [Times: user=0.00 sys=0.00, real=0.00 secs] 
2017-07-06T17:38:36.535+0900: 22.611: [CMS-concurrent-sweep-start]
2017-07-06T17:38:36.539+0900: 22.615: [CMS-concurrent-sweep: 0.004/0.004 secs] [Times: user=0.00 sys=0.00, real=0.00 secs] 
2017-07-06T17:38:36.539+0900: 22.615: [CMS-concurrent-reset-start]
2017-07-06T17:38:36.539+0900: 22.615: [CMS-concurrent-reset: 0.000/0.000 secs] [Times: user=0.00 sys=0.00, real=0.00 secs] 
2017-07-06T17:38:36.550+0900: 22.626: [GC2017-07-06T17:38:36.550+0900: 22.626: [ParNew
Desired survivor size 131072 bytes, new threshold 6 (max 6)
- age   1:      16384 bytes,      16384 total
- age   2:       4784 bytes,      21168 total
- age   3:       4704 bytes,      25872 total
- age   4:       4704 bytes,      30576 total
- age   5:       4648 bytes,      35224 total
- age   6:       4704 bytes,      39928 total
: 2233K->62K(2432K), 0.0006934 secs] 7344K->5178K(7936K), 0.0007653 secs] [Times: user=0.00 sys=0.00, real=0.00 secs] 
2017-07-06T17:38:36.551+0900: 22.627: [GC [1 CMS-initial-mark: 5115K(5504K)] 5186K(7936K), 0.0001430 secs] [Times: user=0.00 sys=0.00, real=0.00 secs] 
2017-07-06T17:38:36.551+0900: 22.627: [CMS-concurrent-mark-start]
2017-07-06T17:38:36.561+0900: 22.637: [CMS-concurrent-mark: 0.009/0.009 secs] [Times: user=0.00 sys=0.00, real=0.01 secs] 
2017-07-06T17:38:36.561+0900: 22.637: [CMS-concurrent-preclean-start]
2017-07-06T17:38:36.561+0900: 22.637: [CMS-concurrent-preclean: 0.000/0.000 secs] [Times: user=0.00 sys=0.00, real=0.00 secs] 
2017-07-06T17:38:36.576+0900: 22.652: [GC[YG occupancy: 1956 K (2432 K)]2017-07-06T17:38:36.576+0900: 22.652: [Rescan (parallel) , 0.0002513 secs]2017-07-06T17:38:36.577+0900: 22.653: [weak refs processing, 0.0000235 secs]2017-07-06T17:38:36.577+0900: 22.653: [scrub string table, 0.0004464 secs] [1 CMS-remark: 5115K(5504K)] 7072K(7936K), 0.0008634 secs] [Times: user=0.00 sys=0.00, real=0.00 secs] 
2017-07-06T17:38:36.577+0900: 22.653: [CMS-concurrent-sweep-start]
2017-07-06T17:38:36.582+0900: 22.657: [GC2017-07-06T17:38:36.582+0900: 22.657: [ParNew
Desired survivor size 131072 bytes, new threshold 6 (max 6)
- age   1:      24400 bytes,      24400 total
- age   2:       4840 bytes,      29240 total
- age   3:       4648 bytes,      33888 total
- age   4:       4704 bytes,      38592 total
- age   5:       4704 bytes,      43296 total
- age   6:       4648 bytes,      47944 total
: 2224K->57K(2432K), 0.0007110 secs] 7339K->5177K(7936K), 0.0007897 secs] [Times: user=0.00 sys=0.00, real=0.00 secs] 
2017-07-06T17:38:36.583+0900: 22.658: [CMS-concurrent-sweep: 0.004/0.005 secs] [Times: user=0.02 sys=0.02, real=0.01 secs] 
2017-07-06T17:38:36.583+0900: 22.658: [CMS-concurrent-reset-start]
2017-07-06T17:38:36.584+0900: 22.659: [CMS-concurrent-reset: 0.000/0.000 secs] [Times: user=0.00 sys=0.00, real=0.00 secs] 
2017-07-06T17:38:36.604+0900: 22.679: [GC2017-07-06T17:38:36.604+0900: 22.679: [ParNew
Desired survivor size 131072 bytes, new threshold 6 (max 6)
- age   1:      16384 bytes,      16384 total
- age   2:       4784 bytes,      21168 total
- age   3:       4704 bytes,      25872 total
- age   4:       4648 bytes,      30520 total
- age   5:       4704 bytes,      35224 total
- age   6:       4704 bytes,      39928 total
: 2233K->50K(2432K), 0.0006699 secs] 7353K->5175K(7936K), 0.0007401 secs] [Times: user=0.00 sys=0.00, real=0.00 secs] 
2017-07-06T17:38:36.605+0900: 22.680: [GC [1 CMS-initial-mark: 5124K(5504K)] 5183K(7936K), 0.0001468 secs] [Times: user=0.00 sys=0.00, real=0.00 secs] 
2017-07-06T17:38:36.605+0900: 22.680: [CMS-concurrent-mark-start]
2017-07-06T17:38:36.617+0900: 22.693: [CMS-concurrent-mark: 0.013/0.013 secs] [Times: user=0.01 sys=0.02, real=0.01 secs] 
2017-07-06T17:38:36.617+0900: 22.693: [CMS-concurrent-preclean-start]
2017-07-06T17:38:36.618+0900: 22.693: [CMS-concurrent-preclean: 0.000/0.000 secs] [Times: user=0.00 sys=0.00, real=0.00 secs] 
2017-07-06T17:38:36.626+0900: 22.701: [GC[YG occupancy: 1745 K (2432 K)]2017-07-06T17:38:36.626+0900: 22.701: [Rescan (parallel) , 0.0002384 secs]2017-07-06T17:38:36.626+0900: 22.701: [weak refs processing, 0.0000265 secs]2017-07-06T17:38:36.626+0900: 22.701: [scrub string table, 0.0002162 secs] [1 CMS-remark: 5124K(5504K)] 6870K(7936K), 0.0005903 secs] [Times: user=0.00 sys=0.00, real=0.00 secs] 
2017-07-06T17:38:36.626+0900: 22.701: [CMS-concurrent-sweep-start]
2017-07-06T17:38:36.630+0900: 22.705: [CMS-concurrent-sweep: 0.004/0.004 secs] [Times: user=0.02 sys=0.01, real=0.00 secs] 
2017-07-06T17:38:36.630+0900: 22.706: [CMS-concurrent-reset-start]
2017-07-06T17:38:36.631+0900: 22.706: [CMS-concurrent-reset: 0.000/0.000 secs] [Times: user=0.00 sys=0.00, real=0.00 secs] 
2017-07-06T17:38:36.632+0900: 22.707: [GC2017-07-06T17:38:36.632+0900: 22.707: [ParNew
Desired survivor size 131072 bytes, new threshold 6 (max 6)
- age   1:      16384 bytes,      16384 total
- age   2:       4840 bytes,      21224 total
- age   3:       4648 bytes,      25872 total
- age   4:       4704 bytes,      30576 total
- age   5:       4648 bytes,      35224 total
- age   6:       4704 bytes,      39928 total
: 2226K->53K(2432K), 0.0006951 secs] 7351K->5183K(7936K), 0.0007576 secs] [Times: user=0.00 sys=0.00, real=0.00 secs] 
2017-07-06T17:38:36.633+0900: 22.708: [GC [1 CMS-initial-mark: 5129K(5504K)] 5218K(7936K), 0.0001365 secs] [Times: user=0.00 sys=0.00, real=0.00 secs] 
2017-07-06T17:38:36.633+0900: 22.708: [CMS-concurrent-mark-start]
2017-07-06T17:38:36.642+0900: 22.718: [CMS-concurrent-mark: 0.009/0.009 secs] [Times: user=0.00 sys=0.00, real=0.01 secs] 
2017-07-06T17:38:36.642+0900: 22.718: [CMS-concurrent-preclean-start]
2017-07-06T17:38:36.643+0900: 22.718: [CMS-concurrent-preclean: 0.000/0.000 secs] [Times: user=0.02 sys=0.02, real=0.00 secs] 
2017-07-06T17:38:36.645+0900: 22.720: [GC[YG occupancy: 1283 K (2432 K)]2017-07-06T17:38:36.645+0900: 22.720: [Rescan (parallel) , 0.0002410 secs]2017-07-06T17:38:36.645+0900: 22.720: [weak refs processing, 0.0000235 secs]2017-07-06T17:38:36.645+0900: 22.720: [scrub string table, 0.0002179 secs] [1 CMS-remark: 5129K(5504K)] 6413K(7936K), 0.0005894 secs] [Times: user=0.00 sys=0.00, real=0.00 secs] 
2017-07-06T17:38:36.646+0900: 22.721: [CMS-concurrent-sweep-start]
2017-07-06T17:38:36.649+0900: 22.724: [CMS-concurrent-sweep: 0.004/0.004 secs] [Times: user=0.00 sys=0.00, real=0.00 secs] 
2017-07-06T17:38:36.649+0900: 22.725: [CMS-concurrent-reset-start]
2017-07-06T17:38:36.650+0900: 22.725: [CMS-concurrent-reset: 0.000/0.000 secs] [Times: user=0.00 sys=0.00, real=0.00 secs] 
2017-07-06T17:38:36.655+0900: 22.730: [GC2017-07-06T17:38:36.655+0900: 22.730: [ParNew
Desired survivor size 131072 bytes, new threshold 6 (max 6)
- age   1:      24400 bytes,      24400 total
- age   2:       4840 bytes,      29240 total
- age   3:       4704 bytes,      33944 total
- age   4:       4648 bytes,      38592 total
- age   5:       4704 bytes,      43296 total
- age   6:       4648 bytes,      47944 total
: 2216K->69K(2432K), 0.0006665 secs] 7345K->5203K(7936K), 0.0007302 secs] [Times: user=0.00 sys=0.00, real=0.00 secs] 
2017-07-06T17:38:36.656+0900: 22.731: [GC [1 CMS-initial-mark: 5134K(5504K)] 5219K(7936K), 0.0001348 secs] [Times: user=0.00 sys=0.00, real=0.00 secs] 
2017-07-06T17:38:36.656+0900: 22.731: [CMS-concurrent-mark-start]
2017-07-06T17:38:36.666+0900: 22.741: [CMS-concurrent-mark: 0.009/0.009 secs] [Times: user=0.02 sys=0.00, real=0.01 secs] 
2017-07-06T17:38:36.666+0900: 22.741: [CMS-concurrent-preclean-start]
2017-07-06T17:38:36.666+0900: 22.741: [CMS-concurrent-preclean: 0.000/0.000 secs] [Times: user=0.00 sys=0.00, real=0.00 secs] 
2017-07-06T17:38:36.666+0900: 22.741: [GC[YG occupancy: 902 K (2432 K)]2017-07-06T17:38:36.666+0900: 22.741: [Rescan (parallel) , 0.0001879 secs]2017-07-06T17:38:36.666+0900: 22.741: [weak refs processing, 0.0000214 secs]2017-07-06T17:38:36.666+0900: 22.741: [scrub string table, 0.0002115 secs] [1 CMS-remark: 5134K(5504K)] 6036K(7936K), 0.0005025 secs] [Times: user=0.00 sys=0.00, real=0.00 secs] 
2017-07-06T17:38:36.666+0900: 22.741: [CMS-concurrent-sweep-start]
2017-07-06T17:38:36.670+0900: 22.745: [CMS-concurrent-sweep: 0.004/0.004 secs] [Times: user=0.00 sys=0.00, real=0.00 secs] 
2017-07-06T17:38:36.670+0900: 22.745: [CMS-concurrent-reset-start]
2017-07-06T17:38:36.670+0900: 22.746: [CMS-concurrent-reset: 0.000/0.000 secs] [Times: user=0.00 sys=0.00, real=0.00 secs] 
2017-07-06T17:38:36.682+0900: 22.757: [GC2017-07-06T17:38:36.682+0900: 22.758: [ParNew
Desired survivor size 131072 bytes, new threshold 6 (max 6)
- age   1:      16384 bytes,      16384 total
- age   2:       4784 bytes,      21168 total
- age   3:       4704 bytes,      25872 total
- age   4:       4704 bytes,      30576 total
- age   5:       4648 bytes,      35224 total
- age   6:       4704 bytes,      39928 total
: 2245K->44K(2432K), 0.0019549 secs] 7379K->5183K(7936K), 0.0020469 secs] [Times: user=0.00 sys=0.00, real=0.00 secs] 
2017-07-06T17:38:36.695+0900: 22.770: [GC [1 CMS-initial-mark: 5138K(5504K)] 6038K(7936K), 0.0003399 secs] [Times: user=0.00 sys=0.00, real=0.00 secs] 
2017-07-06T17:38:36.695+0900: 22.771: [CMS-concurrent-mark-start]
2017-07-06T17:38:36.705+0900: 22.780: [CMS-concurrent-mark: 0.009/0.009 secs] [Times: user=0.02 sys=0.02, real=0.01 secs] 
2017-07-06T17:38:36.705+0900: 22.780: [CMS-concurrent-preclean-start]
2017-07-06T17:38:36.705+0900: 22.780: [CMS-concurrent-preclean: 0.000/0.000 secs] [Times: user=0.00 sys=0.00, real=0.00 secs] 
2017-07-06T17:38:36.705+0900: 22.780: [GC[YG occupancy: 1660 K (2432 K)]2017-07-06T17:38:36.705+0900: 22.780: [Rescan (parallel) , 0.0002136 secs]2017-07-06T17:38:36.705+0900: 22.781: [weak refs processing, 0.0000240 secs]2017-07-06T17:38:36.706+0900: 22.781: [scrub string table, 0.0002136 secs] [1 CMS-remark: 5138K(5504K)] 6799K(7936K), 0.0005372 secs] [Times: user=0.00 sys=0.00, real=0.00 secs] 
2017-07-06T17:38:36.706+0900: 22.781: [CMS-concurrent-sweep-start]
2017-07-06T17:38:36.710+0900: 22.785: [CMS-concurrent-sweep: 0.004/0.004 secs] [Times: user=0.00 sys=0.00, real=0.00 secs] 
2017-07-06T17:38:36.710+0900: 22.785: [CMS-concurrent-reset-start]
2017-07-06T17:38:36.710+0900: 22.785: [CMS-concurrent-reset: 0.000/0.000 secs] [Times: user=0.00 sys=0.00, real=0.00 secs] 
2017-07-06T17:38:36.712+0900: 22.787: [GC2017-07-06T17:38:36.712+0900: 22.787: [ParNew
Desired survivor size 131072 bytes, new threshold 6 (max 6)
- age   1:      24400 bytes,      24400 total
- age   2:       4840 bytes,      29240 total
- age   3:       4648 bytes,      33888 total
- age   4:       4704 bytes,      38592 total
- age   5:       4704 bytes,      43296 total
- age   6:       4648 bytes,      47944 total
: 2204K->72K(2432K), 0.0006746 secs] 7343K->5216K(7936K), 0.0007435 secs] [Times: user=0.00 sys=0.00, real=0.00 secs] 
2017-07-06T17:38:36.713+0900: 22.788: [GC [1 CMS-initial-mark: 5143K(5504K)] 5232K(7936K), 0.0001357 secs] [Times: user=0.00 sys=0.00, real=0.00 secs] 
2017-07-06T17:38:36.713+0900: 22.788: [CMS-concurrent-mark-start]
2017-07-06T17:38:36.723+0900: 22.798: [CMS-concurrent-mark: 0.009/0.009 secs] [Times: user=0.01 sys=0.02, real=0.01 secs] 
2017-07-06T17:38:36.723+0900: 22.798: [CMS-concurrent-preclean-start]
2017-07-06T17:38:36.723+0900: 22.798: [CMS-concurrent-preclean: 0.000/0.000 secs] [Times: user=0.00 sys=0.00, real=0.00 secs] 
2017-07-06T17:38:36.723+0900: 22.798: [GC[YG occupancy: 921 K (2432 K)]2017-07-06T17:38:36.723+0900: 22.798: [Rescan (parallel) , 0.0001871 secs]2017-07-06T17:38:36.723+0900: 22.798: [weak refs processing, 0.0000214 secs]2017-07-06T17:38:36.723+0900: 22.798: [scrub string table, 0.0002115 secs] [1 CMS-remark: 5143K(5504K)] 6064K(7936K), 0.0005081 secs] [Times: user=0.00 sys=0.00, real=0.00 secs] 
2017-07-06T17:38:36.723+0900: 22.799: [CMS-concurrent-sweep-start]
2017-07-06T17:38:36.727+0900: 22.802: [CMS-concurrent-sweep: 0.004/0.004 secs] [Times: user=0.00 sys=0.00, real=0.00 secs] 
2017-07-06T17:38:36.727+0900: 22.802: [CMS-concurrent-reset-start]
2017-07-06T17:38:36.728+0900: 22.803: [CMS-concurrent-reset: 0.000/0.000 secs] [Times: user=0.00 sys=0.00, real=0.00 secs] 
2017-07-06T17:38:36.739+0900: 22.814: [GC2017-07-06T17:38:36.739+0900: 22.814: [ParNew
Desired survivor size 131072 bytes, new threshold 6 (max 6)
- age   1:      16384 bytes,      16384 total
- age   2:       4784 bytes,      21168 total
- age   3:       4704 bytes,      25872 total
- age   4:       4648 bytes,      30520 total
- age   5:       4704 bytes,      35224 total
- age   6:       4704 bytes,      39928 total
: 2248K->64K(2432K), 0.0007050 secs] 7392K->5211K(7936K), 0.0007829 secs] [Times: user=0.00 sys=0.00, real=0.00 secs] 
2017-07-06T17:38:36.740+0900: 22.815: [GC [1 CMS-initial-mark: 5147K(5504K)] 5219K(7936K), 0.0001472 secs] [Times: user=0.00 sys=0.00, real=0.00 secs] 
2017-07-06T17:38:36.740+0900: 22.815: [CMS-concurrent-mark-start]
2017-07-06T17:38:36.752+0900: 22.827: [CMS-concurrent-mark: 0.012/0.012 secs] [Times: user=0.02 sys=0.02, real=0.01 secs] 
2017-07-06T17:38:36.752+0900: 22.827: [CMS-concurrent-preclean-start]
2017-07-06T17:38:36.752+0900: 22.827: [CMS-concurrent-preclean: 0.000/0.000 secs] [Times: user=0.00 sys=0.00, real=0.00 secs] 
2017-07-06T17:38:36.752+0900: 22.827: [GC[YG occupancy: 1291 K (2432 K)]2017-07-06T17:38:36.752+0900: 22.827: [Rescan (parallel) , 0.0002003 secs]2017-07-06T17:38:36.752+0900: 22.827: [weak refs processing, 0.0000227 secs]2017-07-06T17:38:36.752+0900: 22.827: [scrub string table, 0.0002294 secs] [1 CMS-remark: 5147K(5504K)] 6439K(7936K), 0.0005410 secs] [Times: user=0.00 sys=0.00, real=0.00 secs] 
2017-07-06T17:38:36.753+0900: 22.828: [CMS-concurrent-sweep-start]
2017-07-06T17:38:36.756+0900: 22.831: [CMS-concurrent-sweep: 0.004/0.004 secs] [Times: user=0.00 sys=0.00, real=0.00 secs] 
2017-07-06T17:38:36.756+0900: 22.832: [CMS-concurrent-reset-start]
2017-07-06T17:38:36.757+0900: 22.832: [CMS-concurrent-reset: 0.000/0.000 secs] [Times: user=0.00 sys=0.00, real=0.00 secs] 
2017-07-06T17:38:36.762+0900: 22.838: [GC2017-07-06T17:38:36.762+0900: 22.838: [ParNew
Desired survivor size 131072 bytes, new threshold 6 (max 6)
- age   1:      24400 bytes,      24400 total
- age   2:       4840 bytes,      29240 total
- age   3:       4648 bytes,      33888 total
- age   4:       4704 bytes,      38592 total
- age   5:       4648 bytes,      43240 total
- age   6:       4704 bytes,      47944 total
: 2224K->47K(2432K), 0.0006921 secs] 7372K->5199K(7936K), 0.0007628 secs] [Times: user=0.00 sys=0.00, real=0.00 secs] 
2017-07-06T17:38:36.763+0900: 22.838: [GC [1 CMS-initial-mark: 5152K(5504K)] 5215K(7936K), 0.0001353 secs] [Times: user=0.00 sys=0.00, real=0.00 secs] 
2017-07-06T17:38:36.763+0900: 22.839: [CMS-concurrent-mark-start]
2017-07-06T17:38:36.773+0900: 22.848: [CMS-concurrent-mark: 0.009/0.009 secs] [Times: user=0.01 sys=0.02, real=0.01 secs] 
2017-07-06T17:38:36.773+0900: 22.848: [CMS-concurrent-preclean-start]
2017-07-06T17:38:36.773+0900: 22.848: [CMS-concurrent-preclean: 0.000/0.000 secs] [Times: user=0.00 sys=0.00, real=0.00 secs] 
2017-07-06T17:38:36.773+0900: 22.848: [GC[YG occupancy: 766 K (2432 K)]2017-07-06T17:38:36.773+0900: 22.848: [Rescan (parallel) , 0.0001751 secs]2017-07-06T17:38:36.773+0900: 22.848: [weak refs processing, 0.0000223 secs]2017-07-06T17:38:36.773+0900: 22.848: [scrub string table, 0.0002144 secs] [1 CMS-remark: 5152K(5504K)] 5918K(7936K), 0.0004961 secs] [Times: user=0.00 sys=0.00, real=0.00 secs] 
2017-07-06T17:38:36.774+0900: 22.849: [CMS-concurrent-sweep-start]
2017-07-06T17:38:36.777+0900: 22.853: [CMS-concurrent-sweep: 0.004/0.004 secs] [Times: user=0.00 sys=0.00, real=0.00 secs] 
2017-07-06T17:38:36.777+0900: 22.853: [CMS-concurrent-reset-start]
2017-07-06T17:38:36.778+0900: 22.853: [CMS-concurrent-reset: 0.000/0.000 secs] [Times: user=0.00 sys=0.00, real=0.00 secs] 
2017-07-06T17:38:36.788+0900: 22.863: [GC2017-07-06T17:38:36.788+0900: 22.864: [ParNew
Desired survivor size 131072 bytes, new threshold 6 (max 6)
- age   1:      16384 bytes,      16384 total
- age   2:       4784 bytes,      21168 total
- age   3:       4704 bytes,      25872 total
- age   4:       4648 bytes,      30520 total
- age   5:       4704 bytes,      35224 total
- age   6:       4648 bytes,      39872 total
: 2223K->50K(2432K), 0.0006900 secs] 7375K->5207K(7936K), 0.0007628 secs] [Times: user=0.00 sys=0.00, real=0.00 secs] 
2017-07-06T17:38:36.789+0900: 22.864: [GC [1 CMS-initial-mark: 5157K(5504K)] 5215K(7936K), 0.0001425 secs] [Times: user=0.00 sys=0.00, real=0.00 secs] 
2017-07-06T17:38:36.789+0900: 22.865: [CMS-concurrent-mark-start]
2017-07-06T17:38:36.799+0900: 22.874: [CMS-concurrent-mark: 0.009/0.009 secs] [Times: user=0.02 sys=0.01, real=0.01 secs] 
2017-07-06T17:38:36.799+0900: 22.874: [CMS-concurrent-preclean-start]
2017-07-06T17:38:36.799+0900: 22.874: [CMS-concurrent-preclean: 0.000/0.000 secs] [Times: user=0.00 sys=0.00, real=0.00 secs] 
2017-07-06T17:38:36.800+0900: 22.875: [GC[YG occupancy: 837 K (2432 K)]2017-07-06T17:38:36.800+0900: 22.875: [Rescan (parallel) , 0.0001828 secs]2017-07-06T17:38:36.800+0900: 22.875: [weak refs processing, 0.0000235 secs]2017-07-06T17:38:36.800+0900: 22.875: [scrub string table, 0.0002303 secs] [1 CMS-remark: 5157K(5504K)] 5994K(7936K), 0.0005351 secs] [Times: user=0.00 sys=0.00, real=0.00 secs] 
2017-07-06T17:38:36.800+0900: 22.875: [CMS-concurrent-sweep-start]
2017-07-06T17:38:36.804+0900: 22.879: [CMS-concurrent-sweep: 0.004/0.004 secs] [Times: user=0.00 sys=0.00, real=0.00 secs] 
2017-07-06T17:38:36.804+0900: 22.879: [CMS-concurrent-reset-start]
2017-07-06T17:38:36.804+0900: 22.880: [CMS-concurrent-reset: 0.000/0.000 secs] [Times: user=0.00 sys=0.00, real=0.00 secs] 
2017-07-06T17:38:36.814+0900: 22.889: [GC2017-07-06T17:38:36.814+0900: 22.889: [ParNew
Desired survivor size 131072 bytes, new threshold 6 (max 6)
- age   1:      24400 bytes,      24400 total
- age   2:       4840 bytes,      29240 total
- age   3:       4648 bytes,      33888 total
- age   4:       4704 bytes,      38592 total
- age   5:       4648 bytes,      43240 total
- age   6:       4704 bytes,      47944 total
: 2211K->68K(2432K), 0.0006827 secs] 7368K->5230K(7936K), 0.0007542 secs] [Times: user=0.00 sys=0.00, real=0.00 secs] 
2017-07-06T17:38:36.815+0900: 22.890: [GC [1 CMS-initial-mark: 5161K(5504K)] 5246K(7936K), 0.0001374 secs] [Times: user=0.00 sys=0.00, real=0.00 secs] 
2017-07-06T17:38:36.815+0900: 22.890: [CMS-concurrent-mark-start]
2017-07-06T17:38:36.825+0900: 22.900: [CMS-concurrent-mark: 0.009/0.009 secs] [Times: user=0.00 sys=0.00, real=0.01 secs] 
2017-07-06T17:38:36.825+0900: 22.900: [CMS-concurrent-preclean-start]
2017-07-06T17:38:36.825+0900: 22.900: [CMS-concurrent-preclean: 0.000/0.000 secs] [Times: user=0.00 sys=0.00, real=0.00 secs] 
2017-07-06T17:38:36.825+0900: 22.900: [GC[YG occupancy: 917 K (2432 K)]2017-07-06T17:38:36.825+0900: 22.900: [Rescan (parallel) , 0.0001883 secs]2017-07-06T17:38:36.825+0900: 22.900: [weak refs processing, 0.0000240 secs]2017-07-06T17:38:36.825+0900: 22.900: [scrub string table, 0.0002140 secs] [1 CMS-remark: 5161K(5504K)] 6079K(7936K), 0.0005166 secs] [Times: user=0.00 sys=0.00, real=0.00 secs] 
2017-07-06T17:38:36.826+0900: 22.901: [CMS-concurrent-sweep-start]
2017-07-06T17:38:36.830+0900: 22.905: [CMS-concurrent-sweep: 0.004/0.004 secs] [Times: user=0.02 sys=0.01, real=0.00 secs] 
2017-07-06T17:38:36.830+0900: 22.905: [CMS-concurrent-reset-start]
2017-07-06T17:38:36.830+0900: 22.906: [CMS-concurrent-reset: 0.000/0.000 secs] [Times: user=0.00 sys=0.00, real=0.00 secs] 
2017-07-06T17:38:36.840+0900: 22.915: [GC2017-07-06T17:38:36.840+0900: 22.915: [ParNew
Desired survivor size 131072 bytes, new threshold 6 (max 6)
- age   1:      16384 bytes,      16384 total
- age   2:       4784 bytes,      21168 total
- age   3:       4704 bytes,      25872 total
- age   4:       4648 bytes,      30520 total
- age   5:       4704 bytes,      35224 total
- age   6:       4648 bytes,      39872 total
: 2244K->44K(2432K), 0.0010744 secs] 7406K->5210K(7936K), 0.0011681 secs] [Times: user=0.00 sys=0.00, real=0.00 secs] 
2017-07-06T17:38:36.853+0900: 22.928: [GC [1 CMS-initial-mark: 5166K(5504K)] 6326K(7936K), 0.0002936 secs] [Times: user=0.00 sys=0.00, real=0.00 secs] 
2017-07-06T17:38:36.853+0900: 22.928: [CMS-concurrent-mark-start]
2017-07-06T17:38:36.864+0900: 22.940: [CMS-concurrent-mark: 0.011/0.011 secs] [Times: user=0.02 sys=0.02, real=0.01 secs] 
2017-07-06T17:38:36.865+0900: 22.940: [CMS-concurrent-preclean-start]
2017-07-06T17:38:36.865+0900: 22.940: [CMS-concurrent-preclean: 0.000/0.000 secs] [Times: user=0.00 sys=0.00, real=0.00 secs] 
2017-07-06T17:38:36.865+0900: 22.940: [GC[YG occupancy: 1987 K (2432 K)]2017-07-06T17:38:36.865+0900: 22.940: [Rescan (parallel) , 0.0002299 secs]2017-07-06T17:38:36.865+0900: 22.940: [weak refs processing, 0.0000235 secs]2017-07-06T17:38:36.865+0900: 22.940: [scrub string table, 0.0002153 secs] [1 CMS-remark: 5166K(5504K)] 7153K(7936K), 0.0005547 secs] [Times: user=0.00 sys=0.00, real=0.00 secs] 
2017-07-06T17:38:36.865+0900: 22.941: [CMS-concurrent-sweep-start]
2017-07-06T17:38:36.868+0900: 22.943: [GC2017-07-06T17:38:36.868+0900: 22.943: [ParNew
Desired survivor size 131072 bytes, new threshold 6 (max 6)
- age   1:      16384 bytes,      16384 total
- age   2:       4840 bytes,      21224 total
- age   3:       4648 bytes,      25872 total
- age   4:       4704 bytes,      30576 total
- age   5:       4648 bytes,      35224 total
- age   6:       4704 bytes,      39928 total
: 2220K->56K(2432K), 0.0006677 secs] 7386K->5227K(7936K), 0.0007397 secs] [Times: user=0.00 sys=0.00, real=0.00 secs] 
2017-07-06T17:38:36.870+0900: 22.945: [CMS-concurrent-sweep: 0.004/0.005 secs] [Times: user=0.00 sys=0.00, real=0.00 secs] 
2017-07-06T17:38:36.870+0900: 22.945: [CMS-concurrent-reset-start]
2017-07-06T17:38:36.870+0900: 22.946: [CMS-concurrent-reset: 0.000/0.000 secs] [Times: user=0.00 sys=0.00, real=0.00 secs] 
2017-07-06T17:38:36.890+0900: 22.965: [GC2017-07-06T17:38:36.890+0900: 22.965: [ParNew
Desired survivor size 131072 bytes, new threshold 6 (max 6)
- age   1:      24400 bytes,      24400 total
- age   2:       4840 bytes,      29240 total
- age   3:       4704 bytes,      33944 total
- age   4:       4648 bytes,      38592 total
- age   5:       4704 bytes,      43296 total
- age   6:       4648 bytes,      47944 total
: 2218K->70K(2432K), 0.0006673 secs] 7389K->5246K(7936K), 0.0007397 secs] [Times: user=0.00 sys=0.00, real=0.00 secs] 
2017-07-06T17:38:36.891+0900: 22.966: [GC [1 CMS-initial-mark: 5175K(5504K)] 5262K(7936K), 0.0001361 secs] [Times: user=0.00 sys=0.00, real=0.00 secs] 
2017-07-06T17:38:36.891+0900: 22.966: [CMS-concurrent-mark-start]
2017-07-06T17:38:36.901+0900: 22.976: [CMS-concurrent-mark: 0.009/0.009 secs] [Times: user=0.02 sys=0.02, real=0.01 secs] 
2017-07-06T17:38:36.901+0900: 22.976: [CMS-concurrent-preclean-start]
2017-07-06T17:38:36.901+0900: 22.976: [CMS-concurrent-preclean: 0.000/0.000 secs] [Times: user=0.00 sys=0.00, real=0.00 secs] 
2017-07-06T17:38:36.901+0900: 22.976: [GC[YG occupancy: 944 K (2432 K)]2017-07-06T17:38:36.901+0900: 22.976: [Rescan (parallel) , 0.0001896 secs]2017-07-06T17:38:36.901+0900: 22.976: [weak refs processing, 0.0000223 secs]2017-07-06T17:38:36.901+0900: 22.976: [scrub string table, 0.0002102 secs] [1 CMS-remark: 5175K(5504K)] 6119K(7936K), 0.0005085 secs] [Times: user=0.00 sys=0.00, real=0.00 secs] 
2017-07-06T17:38:36.902+0900: 22.977: [CMS-concurrent-sweep-start]
2017-07-06T17:38:36.906+0900: 22.981: [CMS-concurrent-sweep: 0.004/0.004 secs] [Times: user=0.00 sys=0.00, real=0.00 secs] 
2017-07-06T17:38:36.906+0900: 22.981: [CMS-concurrent-reset-start]
2017-07-06T17:38:36.906+0900: 22.981: [CMS-concurrent-reset: 0.000/0.000 secs] [Times: user=0.00 sys=0.00, real=0.00 secs] 
2017-07-06T17:38:36.915+0900: 22.991: [GC2017-07-06T17:38:36.916+0900: 22.991: [ParNew
Desired survivor size 131072 bytes, new threshold 6 (max 6)
- age   1:      16384 bytes,      16384 total
- age   2:       4784 bytes,      21168 total
- age   3:       4704 bytes,      25872 total
- age   4:       4704 bytes,      30576 total
- age   5:       4648 bytes,      35224 total
- age   6:       4704 bytes,      39928 total
: 2238K->63K(2432K), 0.0006866 secs] 7414K->5243K(7936K), 0.0007581 secs] [Times: user=0.00 sys=0.00, real=0.00 secs] 
2017-07-06T17:38:36.916+0900: 22.991: [GC [1 CMS-initial-mark: 5179K(5504K)] 5251K(7936K), 0.0001485 secs] [Times: user=0.00 sys=0.00, real=0.00 secs] 
2017-07-06T17:38:36.917+0900: 22.992: [CMS-concurrent-mark-start]
2017-07-06T17:38:36.926+0900: 23.001: [CMS-concurrent-mark: 0.009/0.009 secs] [Times: user=0.02 sys=0.01, real=0.01 secs] 
2017-07-06T17:38:36.926+0900: 23.001: [CMS-concurrent-preclean-start]
2017-07-06T17:38:36.926+0900: 23.001: [CMS-concurrent-preclean: 0.000/0.000 secs] [Times: user=0.00 sys=0.00, real=0.00 secs] 
2017-07-06T17:38:36.926+0900: 23.001: [GC[YG occupancy: 814 K (2432 K)]2017-07-06T17:38:36.926+0900: 23.001: [Rescan (parallel) , 0.0001734 secs]2017-07-06T17:38:36.926+0900: 23.002: [weak refs processing, 0.0000218 secs]2017-07-06T17:38:36.926+0900: 23.002: [scrub string table, 0.0002127 secs] [1 CMS-remark: 5179K(5504K)] 5994K(7936K), 0.0004944 secs] [Times: user=0.00 sys=0.00, real=0.00 secs] 
2017-07-06T17:38:36.927+0900: 23.002: [CMS-concurrent-sweep-start]
2017-07-06T17:38:36.931+0900: 23.006: [CMS-concurrent-sweep: 0.004/0.004 secs] [Times: user=0.00 sys=0.00, real=0.00 secs] 
2017-07-06T17:38:36.931+0900: 23.006: [CMS-concurrent-reset-start]
2017-07-06T17:38:36.931+0900: 23.006: [CMS-concurrent-reset: 0.000/0.000 secs] [Times: user=0.00 sys=0.00, real=0.00 secs] 
2017-07-06T17:38:36.941+0900: 23.016: [GC2017-07-06T17:38:36.941+0900: 23.016: [ParNew
Desired survivor size 131072 bytes, new threshold 6 (max 6)
- age   1:      24400 bytes,      24400 total
- age   2:       4840 bytes,      29240 total
- age   3:       4648 bytes,      33888 total
- age   4:       4704 bytes,      38592 total
- age   5:       4704 bytes,      43296 total
- age   6:       4648 bytes,      47944 total
: 2224K->57K(2432K), 0.0006797 secs] 7404K->5242K(7936K), 0.0007491 secs] [Times: user=0.00 sys=0.00, real=0.00 secs] 
2017-07-06T17:38:36.942+0900: 23.017: [GC [1 CMS-initial-mark: 5184K(5504K)] 5258K(7936K), 0.0001370 secs] [Times: user=0.00 sys=0.00, real=0.00 secs] 
2017-07-06T17:38:36.942+0900: 23.017: [CMS-concurrent-mark-start]
2017-07-06T17:38:36.952+0900: 23.027: [CMS-concurrent-mark: 0.009/0.009 secs] [Times: user=0.00 sys=0.00, real=0.01 secs] 
2017-07-06T17:38:36.952+0900: 23.027: [CMS-concurrent-preclean-start]
2017-07-06T17:38:36.952+0900: 23.027: [CMS-concurrent-preclean: 0.000/0.000 secs] [Times: user=0.00 sys=0.00, real=0.00 secs] 
2017-07-06T17:38:36.952+0900: 23.027: [GC[YG occupancy: 1071 K (2432 K)]2017-07-06T17:38:36.952+0900: 23.027: [Rescan (parallel) , 0.0002140 secs]2017-07-06T17:38:36.952+0900: 23.027: [weak refs processing, 0.0000227 secs]2017-07-06T17:38:36.952+0900: 23.027: [scrub string table, 0.0002230 secs] [1 CMS-remark: 5184K(5504K)] 6256K(7936K), 0.0005466 secs] [Times: user=0.00 sys=0.00, real=0.00 secs] 
2017-07-06T17:38:36.968+0900: 23.043: [GC2017-07-06T17:38:36.968+0900: 23.043: [ParNew
Desired survivor size 131072 bytes, new threshold 6 (max 6)
- age   1:      16384 bytes,      16384 total
- age   2:       4784 bytes,      21168 total
- age   3:       4704 bytes,      25872 total
- age   4:       4648 bytes,      30520 total
- age   5:       4704 bytes,      35224 total
- age   6:       4704 bytes,      39928 total
: 2233K->50K(2432K), 0.0043780 secs] 7418K->5239K(7936K), 0.0044825 secs] [Times: user=0.02 sys=0.00, real=0.00 secs] 
2017-07-06T17:38:36.974+0900: 23.049: [CMS-concurrent-sweep-start]
2017-07-06T17:38:36.978+0900: 23.053: [CMS-concurrent-sweep: 0.004/0.004 secs] [Times: user=0.00 sys=0.00, real=0.00 secs] 
2017-07-06T17:38:36.978+0900: 23.053: [CMS-concurrent-reset-start]
2017-07-06T17:38:36.978+0900: 23.053: [CMS-concurrent-reset: 0.000/0.000 secs] [Times: user=0.00 sys=0.00, real=0.00 secs] 
2017-07-06T17:38:36.997+0900: 23.072: [GC2017-07-06T17:38:36.997+0900: 23.072: [ParNew
Desired survivor size 131072 bytes, new threshold 6 (max 6)
- age   1:      16384 bytes,      16384 total
- age   2:       4840 bytes,      21224 total
- age   3:       4648 bytes,      25872 total
- age   4:       4704 bytes,      30576 total
- age   5:       4648 bytes,      35224 total
- age   6:       4704 bytes,      39928 total
: 2226K->53K(2432K), 0.0007178 secs] 7415K->5247K(7936K), 0.0007962 secs] [Times: user=0.00 sys=0.00, real=0.00 secs] 
2017-07-06T17:38:36.998+0900: 23.073: [GC [1 CMS-initial-mark: 5193K(5504K)] 5282K(7936K), 0.0001378 secs] [Times: user=0.00 sys=0.00, real=0.00 secs] 
2017-07-06T17:38:36.998+0900: 23.074: [CMS-concurrent-mark-start]
2017-07-06T17:38:37.008+0900: 23.083: [CMS-concurrent-mark: 0.009/0.009 secs] [Times: user=0.01 sys=0.02, real=0.01 secs] 
2017-07-06T17:38:37.008+0900: 23.083: [CMS-concurrent-preclean-start]
2017-07-06T17:38:37.008+0900: 23.083: [CMS-concurrent-preclean: 0.000/0.000 secs] [Times: user=0.00 sys=0.00, real=0.00 secs] 
2017-07-06T17:38:37.008+0900: 23.083: [GC[YG occupancy: 1075 K (2432 K)]2017-07-06T17:38:37.008+0900: 23.083: [Rescan (parallel) , 0.0001930 secs]2017-07-06T17:38:37.008+0900: 23.084: [weak refs processing, 0.0000231 secs]2017-07-06T17:38:37.008+0900: 23.084: [scrub string table, 0.0002136 secs] [1 CMS-remark: 5193K(5504K)] 6269K(7936K), 0.0005154 secs] [Times: user=0.00 sys=0.00, real=0.00 secs] 
2017-07-06T17:38:37.009+0900: 23.084: [CMS-concurrent-sweep-start]
2017-07-06T17:38:37.013+0900: 23.088: [CMS-concurrent-sweep: 0.004/0.004 secs] [Times: user=0.00 sys=0.00, real=0.00 secs] 
2017-07-06T17:38:37.013+0900: 23.088: [CMS-concurrent-reset-start]
2017-07-06T17:38:37.013+0900: 23.088: [CMS-concurrent-reset: 0.000/0.000 secs] [Times: user=0.00 sys=0.00, real=0.00 secs] 
2017-07-06T17:38:37.022+0900: 23.097: [GC2017-07-06T17:38:37.022+0900: 23.097: [ParNew
Desired survivor size 131072 bytes, new threshold 6 (max 6)
- age   1:      24400 bytes,      24400 total
- age   2:       4840 bytes,      29240 total
- age   3:       4704 bytes,      33944 total
- age   4:       4648 bytes,      38592 total
- age   5:       4704 bytes,      43296 total
- age   6:       4648 bytes,      47944 total
: 2215K->69K(2432K), 0.0007054 secs] 7409K->5267K(7936K), 0.0007782 secs] [Times: user=0.00 sys=0.00, real=0.00 secs] 
2017-07-06T17:38:37.023+0900: 23.098: [GC [1 CMS-initial-mark: 5198K(5504K)] 5283K(7936K), 0.0001383 secs] [Times: user=0.00 sys=0.00, real=0.00 secs] 
2017-07-06T17:38:37.023+0900: 23.098: [CMS-concurrent-mark-start]
2017-07-06T17:38:37.033+0900: 23.108: [CMS-concurrent-mark: 0.010/0.010 secs] [Times: user=0.02 sys=0.02, real=0.01 secs] 
2017-07-06T17:38:37.033+0900: 23.108: [CMS-concurrent-preclean-start]
2017-07-06T17:38:37.033+0900: 23.108: [CMS-concurrent-preclean: 0.000/0.000 secs] [Times: user=0.00 sys=0.00, real=0.00 secs] 
2017-07-06T17:38:37.033+0900: 23.108: [GC[YG occupancy: 875 K (2432 K)]2017-07-06T17:38:37.033+0900: 23.108: [Rescan (parallel) , 0.0001815 secs]2017-07-06T17:38:37.033+0900: 23.108: [weak refs processing, 0.0000214 secs]2017-07-06T17:38:37.033+0900: 23.109: [scrub string table, 0.0002149 secs] [1 CMS-remark: 5198K(5504K)] 6073K(7936K), 0.0005222 secs] [Times: user=0.00 sys=0.00, real=0.00 secs] 
2017-07-06T17:38:37.034+0900: 23.109: [CMS-concurrent-sweep-start]
2017-07-06T17:38:37.037+0900: 23.113: [CMS-concurrent-sweep: 0.004/0.004 secs] [Times: user=0.00 sys=0.00, real=0.00 secs] 
2017-07-06T17:38:37.038+0900: 23.113: [CMS-concurrent-reset-start]
2017-07-06T17:38:37.038+0900: 23.113: [CMS-concurrent-reset: 0.000/0.000 secs] [Times: user=0.00 sys=0.00, real=0.00 secs] 
2017-07-06T17:38:37.047+0900: 23.123: [GC2017-07-06T17:38:37.048+0900: 23.123: [ParNew
Desired survivor size 131072 bytes, new threshold 6 (max 6)
- age   1:      16384 bytes,      16384 total
- age   2:       4784 bytes,      21168 total
- age   3:       4704 bytes,      25872 total
- age   4:       4704 bytes,      30576 total
- age   5:       4648 bytes,      35224 total
- age   6:       4704 bytes,      39928 total
: 2245K->63K(2432K), 0.0006802 secs] 7443K->5266K(7936K), 0.0007512 secs] [Times: user=0.00 sys=0.02, real=0.00 secs] 
2017-07-06T17:38:37.048+0900: 23.123: [GC [1 CMS-initial-mark: 5202K(5504K)] 5274K(7936K), 0.0001443 secs] [Times: user=0.00 sys=0.00, real=0.00 secs] 
2017-07-06T17:38:37.049+0900: 23.124: [CMS-concurrent-mark-start]
2017-07-06T17:38:37.058+0900: 23.133: [CMS-concurrent-mark: 0.009/0.009 secs] [Times: user=0.00 sys=0.00, real=0.01 secs] 
2017-07-06T17:38:37.058+0900: 23.133: [CMS-concurrent-preclean-start]
2017-07-06T17:38:37.058+0900: 23.133: [CMS-concurrent-preclean: 0.000/0.000 secs] [Times: user=0.00 sys=0.00, real=0.00 secs] 
2017-07-06T17:38:37.058+0900: 23.133: [GC[YG occupancy: 815 K (2432 K)]2017-07-06T17:38:37.058+0900: 23.133: [Rescan (parallel) , 0.0001819 secs]2017-07-06T17:38:37.058+0900: 23.134: [weak refs processing, 0.0000231 secs]2017-07-06T17:38:37.058+0900: 23.134: [scrub string table, 0.0002170 secs] [1 CMS-remark: 5202K(5504K)] 6018K(7936K), 0.0005111 secs] [Times: user=0.00 sys=0.00, real=0.00 secs] 
2017-07-06T17:38:37.059+0900: 23.134: [CMS-concurrent-sweep-start]
2017-07-06T17:38:37.072+0900: 23.147: [CMS-concurrent-sweep: 0.013/0.013 secs] [Times: user=0.01 sys=0.00, real=0.01 secs] 
2017-07-06T17:38:37.072+0900: 23.147: [CMS-concurrent-reset-start]
2017-07-06T17:38:37.072+0900: 23.147: [CMS-concurrent-reset: 0.000/0.000 secs] [Times: user=0.00 sys=0.00, real=0.00 secs] 
2017-07-06T17:38:37.075+0900: 23.150: [GC2017-07-06T17:38:37.075+0900: 23.150: [ParNew
Desired survivor size 131072 bytes, new threshold 6 (max 6)
- age   1:      16384 bytes,      16384 total
- age   2:       4840 bytes,      21224 total
- age   3:       4648 bytes,      25872 total
- age   4:       4704 bytes,      30576 total
- age   5:       4704 bytes,      35280 total
- age   6:       4648 bytes,      39928 total
: 2239K->49K(2432K), 0.0007157 secs] 7442K->5257K(7936K), 0.0007902 secs] [Times: user=0.00 sys=0.00, real=0.00 secs] 
2017-07-06T17:38:37.076+0900: 23.151: [GC [1 CMS-initial-mark: 5207K(5504K)] 5265K(7936K), 0.0001511 secs] [Times: user=0.00 sys=0.00, real=0.00 secs] 
2017-07-06T17:38:37.076+0900: 23.152: [CMS-concurrent-mark-start]
2017-07-06T17:38:37.086+0900: 23.161: [CMS-concurrent-mark: 0.009/0.009 secs] [Times: user=0.02 sys=0.01, real=0.01 secs] 
2017-07-06T17:38:37.086+0900: 23.161: [CMS-concurrent-preclean-start]
2017-07-06T17:38:37.086+0900: 23.161: [CMS-concurrent-preclean: 0.000/0.000 secs] [Times: user=0.00 sys=0.00, real=0.00 secs] 
2017-07-06T17:38:37.095+0900: 23.170: [GC[YG occupancy: 1476 K (2432 K)]2017-07-06T17:38:37.095+0900: 23.170: [Rescan (parallel) , 0.0002247 secs]2017-07-06T17:38:37.095+0900: 23.170: [weak refs processing, 0.0000231 secs]2017-07-06T17:38:37.095+0900: 23.170: [scrub string table, 0.0002487 secs] [1 CMS-remark: 5207K(5504K)] 6684K(7936K), 0.0006104 secs] [Times: user=0.00 sys=0.00, real=0.00 secs] 
2017-07-06T17:38:37.096+0900: 23.171: [CMS-concurrent-sweep-start]
2017-07-06T17:38:37.100+0900: 23.175: [CMS-concurrent-sweep: 0.004/0.004 secs] [Times: user=0.00 sys=0.00, real=0.00 secs] 
2017-07-06T17:38:37.100+0900: 23.175: [CMS-concurrent-reset-start]
2017-07-06T17:38:37.100+0900: 23.175: [CMS-concurrent-reset: 0.000/0.000 secs] [Times: user=0.00 sys=0.00, real=0.00 secs] 
2017-07-06T17:38:37.103+0900: 23.179: [GC2017-07-06T17:38:37.104+0900: 23.179: [ParNew
Desired survivor size 131072 bytes, new threshold 6 (max 6)
- age   1:      24400 bytes,      24400 total
- age   2:       4840 bytes,      29240 total
- age   3:       4704 bytes,      33944 total
- age   4:       4648 bytes,      38592 total
- age   5:       4704 bytes,      43296 total
- age   6:       4704 bytes,      48000 total
: 2211K->64K(2432K), 0.0006909 secs] 7419K->5276K(7936K), 0.0007653 secs] [Times: user=0.00 sys=0.00, real=0.00 secs] 
2017-07-06T17:38:37.104+0900: 23.179: [GC [1 CMS-initial-mark: 5211K(5504K)] 5292K(7936K), 0.0001413 secs] [Times: user=0.00 sys=0.00, real=0.00 secs] 
2017-07-06T17:38:37.105+0900: 23.180: [CMS-concurrent-mark-start]
2017-07-06T17:38:37.114+0900: 23.189: [CMS-concurrent-mark: 0.010/0.010 secs] [Times: user=0.02 sys=0.02, real=0.01 secs] 
2017-07-06T17:38:37.114+0900: 23.189: [CMS-concurrent-preclean-start]
2017-07-06T17:38:37.114+0900: 23.189: [CMS-concurrent-preclean: 0.000/0.000 secs] [Times: user=0.00 sys=0.00, real=0.00 secs] 
2017-07-06T17:38:37.114+0900: 23.190: [GC[YG occupancy: 757 K (2432 K)]2017-07-06T17:38:37.114+0900: 23.190: [Rescan (parallel) , 0.0001836 secs]2017-07-06T17:38:37.115+0900: 23.190: [weak refs processing, 0.0000223 secs]2017-07-06T17:38:37.115+0900: 23.190: [scrub string table, 0.0002174 secs] [1 CMS-remark: 5211K(5504K)] 5968K(7936K), 0.0005119 secs] [Times: user=0.00 sys=0.00, real=0.00 secs] 
2017-07-06T17:38:37.115+0900: 23.190: [CMS-concurrent-sweep-start]
2017-07-06T17:38:37.119+0900: 23.194: [CMS-concurrent-sweep: 0.004/0.004 secs] [Times: user=0.00 sys=0.00, real=0.00 secs] 
2017-07-06T17:38:37.119+0900: 23.194: [CMS-concurrent-reset-start]
2017-07-06T17:38:37.119+0900: 23.194: [CMS-concurrent-reset: 0.000/0.000 secs] [Times: user=0.00 sys=0.00, real=0.00 secs] 
2017-07-06T17:38:37.130+0900: 23.205: [GC2017-07-06T17:38:37.130+0900: 23.205: [ParNew
Desired survivor size 131072 bytes, new threshold 6 (max 6)
- age   1:      16384 bytes,      16384 total
- age   2:       4784 bytes,      21168 total
- age   3:       4704 bytes,      25872 total
- age   4:       4704 bytes,      30576 total
- age   5:       4648 bytes,      35224 total
- age   6:       4704 bytes,      39928 total
: 2233K->62K(2432K), 0.0006930 secs] 7444K->5279K(7936K), 0.0007675 secs] [Times: user=0.00 sys=0.00, real=0.00 secs] 
2017-07-06T17:38:37.131+0900: 23.206: [GC [1 CMS-initial-mark: 5216K(5504K)] 5287K(7936K), 0.0001417 secs] [Times: user=0.00 sys=0.00, real=0.00 secs] 
2017-07-06T17:38:37.131+0900: 23.206: [CMS-concurrent-mark-start]
2017-07-06T17:38:37.141+0900: 23.216: [CMS-concurrent-mark: 0.009/0.009 secs] [Times: user=0.00 sys=0.00, real=0.01 secs] 
2017-07-06T17:38:37.141+0900: 23.216: [CMS-concurrent-preclean-start]
2017-07-06T17:38:37.141+0900: 23.216: [CMS-concurrent-preclean: 0.000/0.000 secs] [Times: user=0.00 sys=0.00, real=0.00 secs] 
2017-07-06T17:38:37.141+0900: 23.216: [GC[YG occupancy: 919 K (2432 K)]2017-07-06T17:38:37.141+0900: 23.216: [Rescan (parallel) , 0.0002012 secs]2017-07-06T17:38:37.141+0900: 23.216: [weak refs processing, 0.0000227 secs]2017-07-06T17:38:37.141+0900: 23.216: [scrub string table, 0.0002119 secs] [1 CMS-remark: 5216K(5504K)] 6135K(7936K), 0.0005252 secs] [Times: user=0.00 sys=0.02, real=0.00 secs] 
2017-07-06T17:38:37.142+0900: 23.217: [CMS-concurrent-sweep-start]
2017-07-06T17:38:37.145+0900: 23.221: [CMS-concurrent-sweep: 0.004/0.004 secs] [Times: user=0.00 sys=0.00, real=0.00 secs] 
2017-07-06T17:38:37.146+0900: 23.221: [CMS-concurrent-reset-start]
2017-07-06T17:38:37.146+0900: 23.221: [CMS-concurrent-reset: 0.000/0.000 secs] [Times: user=0.00 sys=0.00, real=0.00 secs] 
2017-07-06T17:38:37.156+0900: 23.231: [GC2017-07-06T17:38:37.156+0900: 23.231: [ParNew
Desired survivor size 131072 bytes, new threshold 6 (max 6)
- age   1:      24400 bytes,      24400 total
- age   2:       4840 bytes,      29240 total
- age   3:       4648 bytes,      33888 total
- age   4:       4704 bytes,      38592 total
- age   5:       4704 bytes,      43296 total
- age   6:       4648 bytes,      47944 total
: 2224K->57K(2432K), 0.0006909 secs] 7440K->5278K(7936K), 0.0007653 secs] [Times: user=0.02 sys=0.00, real=0.00 secs] 
2017-07-06T17:38:37.157+0900: 23.232: [GC [1 CMS-initial-mark: 5221K(5504K)] 5305K(7936K), 0.0001511 secs] [Times: user=0.00 sys=0.00, real=0.00 secs] 
2017-07-06T17:38:37.157+0900: 23.232: [CMS-concurrent-mark-start]
2017-07-06T17:38:37.167+0900: 23.242: [CMS-concurrent-mark: 0.010/0.010 secs] [Times: user=0.00 sys=0.00, real=0.01 secs] 
2017-07-06T17:38:37.167+0900: 23.242: [CMS-concurrent-preclean-start]
2017-07-06T17:38:37.167+0900: 23.242: [CMS-concurrent-preclean: 0.000/0.000 secs] [Times: user=0.00 sys=0.00, real=0.00 secs] 
2017-07-06T17:38:37.183+0900: 23.258: [GC[YG occupancy: 1814 K (2432 K)]2017-07-06T17:38:37.183+0900: 23.259: [Rescan (parallel) , 0.0002448 secs]2017-07-06T17:38:37.184+0900: 23.259: [weak refs processing, 0.0000231 secs]2017-07-06T17:38:37.184+0900: 23.259: [scrub string table, 0.0002170 secs] [1 CMS-remark: 5221K(5504K)] 7035K(7936K), 0.0006095 secs] [Times: user=0.00 sys=0.00, real=0.00 secs] 
2017-07-06T17:38:37.184+0900: 23.259: [CMS-concurrent-sweep-start]
2017-07-06T17:38:37.188+0900: 23.263: [CMS-concurrent-sweep: 0.004/0.004 secs] [Times: user=0.00 sys=0.00, real=0.00 secs] 
2017-07-06T17:38:37.188+0900: 23.263: [CMS-concurrent-reset-start]
2017-07-06T17:38:37.188+0900: 23.263: [CMS-concurrent-reset: 0.000/0.000 secs] [Times: user=0.00 sys=0.00, real=0.00 secs] 
2017-07-06T17:38:37.189+0900: 23.264: [GC2017-07-06T17:38:37.189+0900: 23.264: [ParNew
Desired survivor size 131072 bytes, new threshold 6 (max 6)
- age   1:      16384 bytes,      16384 total
- age   2:       4784 bytes,      21168 total
- age   3:       4704 bytes,      25872 total
- age   4:       4648 bytes,      30520 total
- age   5:       4704 bytes,      35224 total
- age   6:       4704 bytes,      39928 total
: 2233K->50K(2432K), 0.0006998 secs] 7454K->5276K(7936K), 0.0007589 secs] [Times: user=0.00 sys=0.00, real=0.00 secs] 
2017-07-06T17:38:37.190+0900: 23.265: [GC [1 CMS-initial-mark: 5225K(5504K)] 5284K(7936K), 0.0001464 secs] [Times: user=0.00 sys=0.00, real=0.00 secs] 
2017-07-06T17:38:37.190+0900: 23.265: [CMS-concurrent-mark-start]
2017-07-06T17:38:37.200+0900: 23.275: [CMS-concurrent-mark: 0.010/0.010 secs] [Times: user=0.00 sys=0.00, real=0.01 secs] 
2017-07-06T17:38:37.200+0900: 23.275: [CMS-concurrent-preclean-start]
2017-07-06T17:38:37.200+0900: 23.275: [CMS-concurrent-preclean: 0.000/0.000 secs] [Times: user=0.00 sys=0.00, real=0.00 secs] 
2017-07-06T17:38:37.200+0900: 23.275: [GC[YG occupancy: 724 K (2432 K)]2017-07-06T17:38:37.200+0900: 23.275: [Rescan (parallel) , 0.0001772 secs]2017-07-06T17:38:37.200+0900: 23.275: [weak refs processing, 0.0000231 secs]2017-07-06T17:38:37.200+0900: 23.275: [scrub string table, 0.0002136 secs] [1 CMS-remark: 5225K(5504K)] 5950K(7936K), 0.0005029 secs] [Times: user=0.00 sys=0.00, real=0.00 secs] 
2017-07-06T17:38:37.200+0900: 23.276: [CMS-concurrent-sweep-start]
2017-07-06T17:38:37.204+0900: 23.279: [CMS-concurrent-sweep: 0.004/0.004 secs] [Times: user=0.02 sys=0.01, real=0.00 secs] 
2017-07-06T17:38:37.204+0900: 23.279: [CMS-concurrent-reset-start]
2017-07-06T17:38:37.205+0900: 23.280: [CMS-concurrent-reset: 0.000/0.000 secs] [Times: user=0.00 sys=0.00, real=0.00 secs] 
2017-07-06T17:38:37.215+0900: 23.291: [GC2017-07-06T17:38:37.216+0900: 23.291: [ParNew
Desired survivor size 131072 bytes, new threshold 6 (max 6)
- age   1:      16384 bytes,      16384 total
- age   2:       4840 bytes,      21224 total
- age   3:       4648 bytes,      25872 total
- age   4:       4704 bytes,      30576 total
- age   5:       4648 bytes,      35224 total
- age   6:       4704 bytes,      39928 total
: 2226K->53K(2432K), 0.0006849 secs] 7452K->5283K(7936K), 0.0007611 secs] [Times: user=0.00 sys=0.00, real=0.00 secs] 
2017-07-06T17:38:37.216+0900: 23.292: [GC [1 CMS-initial-mark: 5230K(5504K)] 5291K(7936K), 0.0001481 secs] [Times: user=0.00 sys=0.00, real=0.00 secs] 
2017-07-06T17:38:37.217+0900: 23.292: [CMS-concurrent-mark-start]
2017-07-06T17:38:37.226+0900: 23.301: [CMS-concurrent-mark: 0.009/0.009 secs] [Times: user=0.02 sys=0.00, real=0.01 secs] 
2017-07-06T17:38:37.226+0900: 23.301: [CMS-concurrent-preclean-start]
2017-07-06T17:38:37.226+0900: 23.301: [CMS-concurrent-preclean: 0.000/0.000 secs] [Times: user=0.00 sys=0.00, real=0.00 secs] 
2017-07-06T17:38:37.226+0900: 23.301: [GC[YG occupancy: 816 K (2432 K)]2017-07-06T17:38:37.226+0900: 23.301: [Rescan (parallel) , 0.0002008 secs]2017-07-06T17:38:37.227+0900: 23.302: [weak refs processing, 0.0000227 secs]2017-07-06T17:38:37.227+0900: 23.302: [scrub string table, 0.0002123 secs] [1 CMS-remark: 5230K(5504K)] 6046K(7936K), 0.0005282 secs] [Times: user=0.00 sys=0.00, real=0.00 secs] 
2017-07-06T17:38:37.227+0900: 23.302: [CMS-concurrent-sweep-start]
2017-07-06T17:38:37.231+0900: 23.306: [CMS-concurrent-sweep: 0.004/0.004 secs] [Times: user=0.00 sys=0.00, real=0.00 secs] 
2017-07-06T17:38:37.231+0900: 23.306: [CMS-concurrent-reset-start]
2017-07-06T17:38:37.231+0900: 23.306: [CMS-concurrent-reset: 0.000/0.000 secs] [Times: user=0.00 sys=0.00, real=0.00 secs] 
2017-07-06T17:38:37.242+0900: 23.317: [GC2017-07-06T17:38:37.242+0900: 23.317: [ParNew
Desired survivor size 131072 bytes, new threshold 6 (max 6)
- age   1:      24400 bytes,      24400 total
- age   2:       4840 bytes,      29240 total
- age   3:       4704 bytes,      33944 total
- age   4:       4648 bytes,      38592 total
- age   5:       4704 bytes,      43296 total
- age   6:       4648 bytes,      47944 total
: 2216K->54K(2432K), 0.0098351 secs] 7446K->5288K(7936K), 0.0099400 secs] [Times: user=0.02 sys=0.00, real=0.01 secs] 
2017-07-06T17:38:37.252+0900: 23.327: [GC [1 CMS-initial-mark: 5234K(5504K)] 5304K(7936K), 0.0001592 secs] [Times: user=0.00 sys=0.00, real=0.00 secs] 
2017-07-06T17:38:37.252+0900: 23.327: [CMS-concurrent-mark-start]
2017-07-06T17:38:37.262+0900: 23.338: [CMS-concurrent-mark: 0.010/0.010 secs] [Times: user=0.00 sys=0.00, real=0.01 secs] 
2017-07-06T17:38:37.262+0900: 23.338: [CMS-concurrent-preclean-start]
2017-07-06T17:38:37.263+0900: 23.338: [CMS-concurrent-preclean: 0.000/0.000 secs] [Times: user=0.00 sys=0.00, real=0.00 secs] 
2017-07-06T17:38:37.263+0900: 23.338: [GC[YG occupancy: 1119 K (2432 K)]2017-07-06T17:38:37.263+0900: 23.338: [Rescan (parallel) , 0.0001995 secs]2017-07-06T17:38:37.263+0900: 23.338: [weak refs processing, 0.0000231 secs]2017-07-06T17:38:37.263+0900: 23.338: [scrub string table, 0.0002144 secs] [1 CMS-remark: 5234K(5504K)] 6354K(7936K), 0.0005244 secs] [Times: user=0.00 sys=0.00, real=0.00 secs] 
2017-07-06T17:38:37.264+0900: 23.339: [CMS-concurrent-sweep-start]
2017-07-06T17:38:37.268+0900: 23.343: [CMS-concurrent-sweep: 0.004/0.004 secs] [Times: user=0.01 sys=0.01, real=0.00 secs] 
2017-07-06T17:38:37.268+0900: 23.343: [CMS-concurrent-reset-start]
2017-07-06T17:38:37.268+0900: 23.343: [CMS-concurrent-reset: 0.000/0.000 secs] [Times: user=0.00 sys=0.00, real=0.00 secs] 
2017-07-06T17:38:37.276+0900: 23.351: [GC2017-07-06T17:38:37.276+0900: 23.351: [ParNew
Desired survivor size 131072 bytes, new threshold 6 (max 6)
- age   1:      16384 bytes,      16384 total
- age   2:       4784 bytes,      21168 total
- age   3:       4704 bytes,      25872 total
- age   4:       4704 bytes,      30576 total
- age   5:       4648 bytes,      35224 total
- age   6:       4704 bytes,      39928 total
: 2230K->63K(2432K), 0.0006943 secs] 7464K->5302K(7936K), 0.0007675 secs] [Times: user=0.00 sys=0.00, real=0.00 secs] 
2017-07-06T17:38:37.277+0900: 23.352: [GC [1 CMS-initial-mark: 5239K(5504K)] 5310K(7936K), 0.0001464 secs] [Times: user=0.00 sys=0.00, real=0.00 secs] 
2017-07-06T17:38:37.277+0900: 23.352: [CMS-concurrent-mark-start]
2017-07-06T17:38:37.286+0900: 23.361: [CMS-concurrent-mark: 0.009/0.009 secs] [Times: user=0.02 sys=0.02, real=0.01 secs] 
2017-07-06T17:38:37.286+0900: 23.362: [CMS-concurrent-preclean-start]
2017-07-06T17:38:37.286+0900: 23.362: [CMS-concurrent-preclean: 0.000/0.000 secs] [Times: user=0.00 sys=0.00, real=0.00 secs] 
2017-07-06T17:38:37.287+0900: 23.362: [GC[YG occupancy: 867 K (2432 K)]2017-07-06T17:38:37.287+0900: 23.362: [Rescan (parallel) , 0.0001871 secs]2017-07-06T17:38:37.287+0900: 23.362: [weak refs processing, 0.0000227 secs]2017-07-06T17:38:37.287+0900: 23.362: [scrub string table, 0.0002410 secs] [1 CMS-remark: 5239K(5504K)] 6106K(7936K), 0.0005415 secs] [Times: user=0.00 sys=0.00, real=0.00 secs] 
2017-07-06T17:38:37.288+0900: 23.363: [CMS-concurrent-sweep-start]
2017-07-06T17:38:37.292+0900: 23.367: [CMS-concurrent-sweep: 0.004/0.004 secs] [Times: user=0.00 sys=0.00, real=0.00 secs] 
2017-07-06T17:38:37.292+0900: 23.367: [CMS-concurrent-reset-start]
2017-07-06T17:38:37.292+0900: 23.367: [CMS-concurrent-reset: 0.000/0.000 secs] [Times: user=0.00 sys=0.00, real=0.00 secs] 
2017-07-06T17:38:37.303+0900: 23.379: [GC2017-07-06T17:38:37.303+0900: 23.379: [ParNew
Desired survivor size 131072 bytes, new threshold 6 (max 6)
- age   1:      24400 bytes,      24400 total
- age   2:       4840 bytes,      29240 total
- age   3:       4648 bytes,      33888 total
- age   4:       4704 bytes,      38592 total
- age   5:       4704 bytes,      43296 total
- age   6:       4648 bytes,      47944 total
: 2223K->57K(2432K), 0.0006887 secs] 7462K->5301K(7936K), 0.0007692 secs] [Times: user=0.00 sys=0.00, real=0.00 secs] 
2017-07-06T17:38:37.304+0900: 23.379: [GC [1 CMS-initial-mark: 5243K(5504K)] 5317K(7936K), 0.0001383 secs] [Times: user=0.00 sys=0.00, real=0.00 secs] 
2017-07-06T17:38:37.304+0900: 23.380: [CMS-concurrent-mark-start]
2017-07-06T17:38:37.314+0900: 23.389: [CMS-concurrent-mark: 0.010/0.010 secs] [Times: user=0.02 sys=0.02, real=0.01 secs] 
2017-07-06T17:38:37.314+0900: 23.389: [CMS-concurrent-preclean-start]
2017-07-06T17:38:37.314+0900: 23.389: [CMS-concurrent-preclean: 0.000/0.000 secs] [Times: user=0.00 sys=0.00, real=0.00 secs] 
2017-07-06T17:38:37.314+0900: 23.390: [GC[YG occupancy: 733 K (2432 K)]2017-07-06T17:38:37.314+0900: 23.390: [Rescan (parallel) , 0.0001815 secs]2017-07-06T17:38:37.315+0900: 23.390: [weak refs processing, 0.0000223 secs]2017-07-06T17:38:37.315+0900: 23.390: [scrub string table, 0.0002136 secs] [1 CMS-remark: 5243K(5504K)] 5976K(7936K), 0.0005072 secs] [Times: user=0.00 sys=0.00, real=0.00 secs] 
2017-07-06T17:38:37.315+0900: 23.390: [CMS-concurrent-sweep-start]
2017-07-06T17:38:37.319+0900: 23.394: [CMS-concurrent-sweep: 0.004/0.004 secs] [Times: user=0.00 sys=0.00, real=0.00 secs] 
2017-07-06T17:38:37.319+0900: 23.394: [CMS-concurrent-reset-start]
2017-07-06T17:38:37.319+0900: 23.394: [CMS-concurrent-reset: 0.000/0.000 secs] [Times: user=0.00 sys=0.00, real=0.00 secs] 
2017-07-06T17:38:37.330+0900: 23.405: [GC2017-07-06T17:38:37.330+0900: 23.405: [ParNew
Desired survivor size 131072 bytes, new threshold 6 (max 6)
- age   1:      16384 bytes,      16384 total
- age   2:       4784 bytes,      21168 total
- age   3:       4704 bytes,      25872 total
- age   4:       4648 bytes,      30520 total
- age   5:       4704 bytes,      35224 total
- age   6:       4704 bytes,      39928 total
: 2233K->50K(2432K), 0.0006956 secs] 7477K->5299K(7936K), 0.0007688 secs] [Times: user=0.00 sys=0.00, real=0.00 secs] 
2017-07-06T17:38:37.331+0900: 23.406: [GC [1 CMS-initial-mark: 5248K(5504K)] 5307K(7936K), 0.0001443 secs] [Times: user=0.00 sys=0.00, real=0.00 secs] 
2017-07-06T17:38:37.331+0900: 23.406: [CMS-concurrent-mark-start]
2017-07-06T17:38:37.355+0900: 23.430: [CMS-concurrent-mark: 0.024/0.024 secs] [Times: user=0.00 sys=0.02, real=0.02 secs] 
2017-07-06T17:38:37.355+0900: 23.430: [CMS-concurrent-preclean-start]
2017-07-06T17:38:37.355+0900: 23.430: [CMS-concurrent-preclean: 0.000/0.000 secs] [Times: user=0.00 sys=0.00, real=0.00 secs] 
2017-07-06T17:38:37.356+0900: 23.431: [GC[YG occupancy: 2030 K (2432 K)]2017-07-06T17:38:37.356+0900: 23.431: [Rescan (parallel) , 0.0002320 secs]2017-07-06T17:38:37.356+0900: 23.432: [weak refs processing, 0.0000240 secs]2017-07-06T17:38:37.356+0900: 23.432: [scrub string table, 0.0002500 secs] [1 CMS-remark: 5248K(5504K)] 7278K(7936K), 0.0006040 secs] [Times: user=0.00 sys=0.00, real=0.00 secs] 
2017-07-06T17:38:37.357+0900: 23.432: [CMS-concurrent-sweep-start]
2017-07-06T17:38:37.359+0900: 23.434: [GC2017-07-06T17:38:37.359+0900: 23.434: [ParNew
Desired survivor size 131072 bytes, new threshold 6 (max 6)
- age   1:      24400 bytes,      24400 total
- age   2:       4840 bytes,      29240 total
- age   3:       4648 bytes,      33888 total
- age   4:       4704 bytes,      38592 total
- age   5:       4648 bytes,      43240 total
- age   6:       4704 bytes,      47944 total
: 2211K->68K(2432K), 0.0006832 secs] 7459K->5321K(7936K), 0.0007906 secs] [Times: user=0.03 sys=0.00, real=0.00 secs] 
2017-07-06T17:38:37.362+0900: 23.437: [CMS-concurrent-sweep: 0.004/0.005 secs] [Times: user=0.03 sys=0.00, real=0.00 secs] 
2017-07-06T17:38:37.362+0900: 23.437: [CMS-concurrent-reset-start]
2017-07-06T17:38:37.362+0900: 23.437: [CMS-concurrent-reset: 0.000/0.000 secs] [Times: user=0.00 sys=0.00, real=0.00 secs] 
2017-07-06T17:38:37.383+0900: 23.459: [GC2017-07-06T17:38:37.384+0900: 23.459: [ParNew
Desired survivor size 131072 bytes, new threshold 6 (max 6)
- age   1:      16384 bytes,      16384 total
- age   2:       4784 bytes,      21168 total
- age   3:       4704 bytes,      25872 total
- age   4:       4648 bytes,      30520 total
- age   5:       4704 bytes,      35224 total
- age   6:       4648 bytes,      39872 total
: 2244K->63K(2432K), 0.0007011 secs] 7497K->5320K(7936K), 0.0007829 secs] [Times: user=0.00 sys=0.00, real=0.00 secs] 
2017-07-06T17:38:37.384+0900: 23.460: [GC [1 CMS-initial-mark: 5257K(5504K)] 5328K(7936K), 0.0001494 secs] [Times: user=0.00 sys=0.00, real=0.00 secs] 
2017-07-06T17:38:37.385+0900: 23.460: [CMS-concurrent-mark-start]
2017-07-06T17:38:37.394+0900: 23.469: [CMS-concurrent-mark: 0.010/0.010 secs] [Times: user=0.02 sys=0.02, real=0.01 secs] 
2017-07-06T17:38:37.394+0900: 23.469: [CMS-concurrent-preclean-start]
2017-07-06T17:38:37.394+0900: 23.469: [CMS-concurrent-preclean: 0.000/0.000 secs] [Times: user=0.00 sys=0.00, real=0.00 secs] 
2017-07-06T17:38:37.394+0900: 23.470: [GC[YG occupancy: 815 K (2432 K)]2017-07-06T17:38:37.394+0900: 23.470: [Rescan (parallel) , 0.0001828 secs]2017-07-06T17:38:37.395+0900: 23.470: [weak refs processing, 0.0000231 secs]2017-07-06T17:38:37.395+0900: 23.470: [scrub string table, 0.0002166 secs] [1 CMS-remark: 5257K(5504K)] 6072K(7936K), 0.0005107 secs] [Times: user=0.00 sys=0.00, real=0.00 secs] 
2017-07-06T17:38:37.395+0900: 23.470: [CMS-concurrent-sweep-start]
2017-07-06T17:38:37.399+0900: 23.474: [CMS-concurrent-sweep: 0.004/0.004 secs] [Times: user=0.00 sys=0.00, real=0.00 secs] 
2017-07-06T17:38:37.399+0900: 23.474: [CMS-concurrent-reset-start]
2017-07-06T17:38:37.399+0900: 23.474: [CMS-concurrent-reset: 0.000/0.000 secs] [Times: user=0.00 sys=0.00, real=0.00 secs] 
2017-07-06T17:38:37.409+0900: 23.484: [GC2017-07-06T17:38:37.409+0900: 23.484: [ParNew
Desired survivor size 131072 bytes, new threshold 6 (max 6)
- age   1:      24400 bytes,      24400 total
- age   2:       4840 bytes,      29240 total
- age   3:       4648 bytes,      33888 total
- age   4:       4704 bytes,      38592 total
- age   5:       4648 bytes,      43240 total
- age   6:       4704 bytes,      47944 total
: 2224K->57K(2432K), 0.0006849 secs] 7481K->5319K(7936K), 0.0007534 secs] [Times: user=0.00 sys=0.00, real=0.00 secs] 
2017-07-06T17:38:37.410+0900: 23.485: [GC [1 CMS-initial-mark: 5262K(5504K)] 5335K(7936K), 0.0001361 secs] [Times: user=0.00 sys=0.00, real=0.00 secs] 
2017-07-06T17:38:37.410+0900: 23.485: [CMS-concurrent-mark-start]
2017-07-06T17:38:37.420+0900: 23.495: [CMS-concurrent-mark: 0.009/0.009 secs] [Times: user=0.00 sys=0.00, real=0.01 secs] 
2017-07-06T17:38:37.420+0900: 23.495: [CMS-concurrent-preclean-start]
2017-07-06T17:38:37.420+0900: 23.495: [CMS-concurrent-preclean: 0.000/0.000 secs] [Times: user=0.00 sys=0.00, real=0.00 secs] 
2017-07-06T17:38:37.420+0900: 23.495: [GC[YG occupancy: 776 K (2432 K)]2017-07-06T17:38:37.420+0900: 23.495: [Rescan (parallel) , 0.0001785 secs]2017-07-06T17:38:37.420+0900: 23.495: [weak refs processing, 0.0000218 secs]2017-07-06T17:38:37.420+0900: 23.495: [scrub string table, 0.0002127 secs] [1 CMS-remark: 5262K(5504K)] 6038K(7936K), 0.0004995 secs] [Times: user=0.00 sys=0.00, real=0.00 secs] 
2017-07-06T17:38:37.420+0900: 23.496: [CMS-concurrent-sweep-start]
2017-07-06T17:38:37.424+0900: 23.499: [CMS-concurrent-sweep: 0.004/0.004 secs] [Times: user=0.02 sys=0.00, real=0.00 secs] 
2017-07-06T17:38:37.424+0900: 23.499: [CMS-concurrent-reset-start]
2017-07-06T17:38:37.425+0900: 23.500: [CMS-concurrent-reset: 0.000/0.000 secs] [Times: user=0.00 sys=0.00, real=0.00 secs] 
2017-07-06T17:38:37.435+0900: 23.510: [GC2017-07-06T17:38:37.435+0900: 23.510: [ParNew
Desired survivor size 131072 bytes, new threshold 6 (max 6)
- age   1:      16384 bytes,      16384 total
- age   2:       4784 bytes,      21168 total
- age   3:       4704 bytes,      25872 total
- age   4:       4648 bytes,      30520 total
- age   5:       4704 bytes,      35224 total
- age   6:       4648 bytes,      39872 total
: 2233K->50K(2432K), 0.0006789 secs] 7495K->5317K(7936K), 0.0007469 secs] [Times: user=0.00 sys=0.00, real=0.00 secs] 
2017-07-06T17:38:37.436+0900: 23.511: [GC [1 CMS-initial-mark: 5266K(5504K)] 5325K(7936K), 0.0001413 secs] [Times: user=0.00 sys=0.00, real=0.00 secs] 
2017-07-06T17:38:37.436+0900: 23.511: [CMS-concurrent-mark-start]
2017-07-06T17:38:37.445+0900: 23.521: [CMS-concurrent-mark: 0.010/0.010 secs] [Times: user=0.02 sys=0.01, real=0.01 secs] 
2017-07-06T17:38:37.446+0900: 23.521: [CMS-concurrent-preclean-start]
2017-07-06T17:38:37.446+0900: 23.521: [CMS-concurrent-preclean: 0.000/0.000 secs] [Times: user=0.00 sys=0.00, real=0.00 secs] 
2017-07-06T17:38:37.446+0900: 23.521: [GC[YG occupancy: 803 K (2432 K)]2017-07-06T17:38:37.446+0900: 23.521: [Rescan (parallel) , 0.0001764 secs]2017-07-06T17:38:37.446+0900: 23.521: [weak refs processing, 0.0000218 secs]2017-07-06T17:38:37.446+0900: 23.521: [scrub string table, 0.0002115 secs] [1 CMS-remark: 5266K(5504K)] 6069K(7936K), 0.0004978 secs] [Times: user=0.00 sys=0.00, real=0.00 secs] 
2017-07-06T17:38:37.446+0900: 23.521: [CMS-concurrent-sweep-start]
2017-07-06T17:38:37.450+0900: 23.525: [CMS-concurrent-sweep: 0.004/0.004 secs] [Times: user=0.00 sys=0.00, real=0.00 secs] 
2017-07-06T17:38:37.450+0900: 23.525: [CMS-concurrent-reset-start]
2017-07-06T17:38:37.451+0900: 23.526: [CMS-concurrent-reset: 0.000/0.000 secs] [Times: user=0.00 sys=0.00, real=0.00 secs] 
2017-07-06T17:38:37.463+0900: 23.538: [GC2017-07-06T17:38:37.463+0900: 23.538: [ParNew
Desired survivor size 131072 bytes, new threshold 6 (max 6)
- age   1:      16384 bytes,      16384 total
- age   2:       4840 bytes,      21224 total
- age   3:       4648 bytes,      25872 total
- age   4:       4704 bytes,      30576 total
- age   5:       4648 bytes,      35224 total
- age   6:       4704 bytes,      39928 total
: 2226K->53K(2432K), 0.0106390 secs] 7493K->5324K(7936K), 0.0107468 secs] [Times: user=0.02 sys=0.00, real=0.01 secs] 
2017-07-06T17:38:37.477+0900: 23.552: [GC [1 CMS-initial-mark: 5271K(5504K)] 5568K(7936K), 0.0002085 secs] [Times: user=0.00 sys=0.00, real=0.00 secs] 
2017-07-06T17:38:37.477+0900: 23.552: [CMS-concurrent-mark-start]
2017-07-06T17:38:37.487+0900: 23.562: [CMS-concurrent-mark: 0.010/0.010 secs] [Times: user=0.01 sys=0.02, real=0.01 secs] 
2017-07-06T17:38:37.487+0900: 23.562: [CMS-concurrent-preclean-start]
2017-07-06T17:38:37.487+0900: 23.562: [CMS-concurrent-preclean: 0.000/0.000 secs] [Times: user=0.00 sys=0.00, real=0.00 secs] 
2017-07-06T17:38:37.496+0900: 23.571: [GC[YG occupancy: 1723 K (2432 K)]2017-07-06T17:38:37.496+0900: 23.571: [Rescan (parallel) , 0.0002316 secs]2017-07-06T17:38:37.496+0900: 23.571: [weak refs processing, 0.0000248 secs]2017-07-06T17:38:37.496+0900: 23.571: [scrub string table, 0.0002166 secs] [1 CMS-remark: 5271K(5504K)] 6995K(7936K), 0.0005937 secs] [Times: user=0.00 sys=0.00, real=0.00 secs] 
2017-07-06T17:38:37.496+0900: 23.571: [CMS-concurrent-sweep-start]
2017-07-06T17:38:37.500+0900: 23.575: [CMS-concurrent-sweep: 0.004/0.004 secs] [Times: user=0.00 sys=0.00, real=0.00 secs] 
2017-07-06T17:38:37.500+0900: 23.575: [CMS-concurrent-reset-start]
2017-07-06T17:38:37.500+0900: 23.576: [CMS-concurrent-reset: 0.000/0.000 secs] [Times: user=0.00 sys=0.00, real=0.00 secs] 
2017-07-06T17:38:37.502+0900: 23.577: [GC2017-07-06T17:38:37.502+0900: 23.577: [ParNew
Desired survivor size 131072 bytes, new threshold 6 (max 6)
- age   1:      24400 bytes,      24400 total
- age   2:       4840 bytes,      29240 total
- age   3:       4704 bytes,      33944 total
- age   4:       4648 bytes,      38592 total
- age   5:       4704 bytes,      43296 total
- age   6:       4648 bytes,      47944 total
: 2215K->69K(2432K), 0.0006742 secs] 7486K->5345K(7936K), 0.0007405 secs] [Times: user=0.00 sys=0.00, real=0.00 secs] 
2017-07-06T17:38:37.503+0900: 23.578: [GC [1 CMS-initial-mark: 5275K(5504K)] 5361K(7936K), 0.0001353 secs] [Times: user=0.00 sys=0.00, real=0.00 secs] 
2017-07-06T17:38:37.503+0900: 23.578: [CMS-concurrent-mark-start]
2017-07-06T17:38:37.513+0900: 23.588: [CMS-concurrent-mark: 0.010/0.010 secs] [Times: user=0.00 sys=0.00, real=0.01 secs] 
2017-07-06T17:38:37.513+0900: 23.588: [CMS-concurrent-preclean-start]
2017-07-06T17:38:37.513+0900: 23.589: [CMS-concurrent-preclean: 0.000/0.000 secs] [Times: user=0.00 sys=0.00, real=0.00 secs] 
2017-07-06T17:38:37.514+0900: 23.589: [GC[YG occupancy: 1159 K (2432 K)]2017-07-06T17:38:37.514+0900: 23.589: [Rescan (parallel) , 0.0001969 secs]2017-07-06T17:38:37.514+0900: 23.589: [weak refs processing, 0.0000223 secs]2017-07-06T17:38:37.514+0900: 23.589: [scrub string table, 0.0002140 secs] [1 CMS-remark: 5275K(5504K)] 6435K(7936K), 0.0005201 secs] [Times: user=0.00 sys=0.00, real=0.00 secs] 
2017-07-06T17:38:37.515+0900: 23.590: [CMS-concurrent-sweep-start]
2017-07-06T17:38:37.519+0900: 23.594: [CMS-concurrent-sweep: 0.004/0.004 secs] [Times: user=0.03 sys=0.00, real=0.00 secs] 
2017-07-06T17:38:37.519+0900: 23.594: [CMS-concurrent-reset-start]
2017-07-06T17:38:37.519+0900: 23.594: [CMS-concurrent-reset: 0.000/0.000 secs] [Times: user=0.00 sys=0.00, real=0.00 secs] 
2017-07-06T17:38:37.528+0900: 23.603: [GC2017-07-06T17:38:37.528+0900: 23.603: [ParNew
Desired survivor size 131072 bytes, new threshold 6 (max 6)
- age   1:      16384 bytes,      16384 total
- age   2:       4784 bytes,      21168 total
- age   3:       4704 bytes,      25872 total
- age   4:       4704 bytes,      30576 total
- age   5:       4648 bytes,      35224 total
- age   6:       4704 bytes,      39928 total
: 2237K->44K(2432K), 0.0074668 secs] 7513K->5325K(7936K), 0.0075703 secs] [Times: user=0.02 sys=0.00, real=0.01 secs] 
2017-07-06T17:38:37.536+0900: 23.611: [GC [1 CMS-initial-mark: 5280K(5504K)] 5333K(7936K), 0.0001686 secs] [Times: user=0.00 sys=0.00, real=0.00 secs] 
2017-07-06T17:38:37.536+0900: 23.611: [CMS-concurrent-mark-start]
2017-07-06T17:38:37.546+0900: 23.621: [CMS-concurrent-mark: 0.010/0.010 secs] [Times: user=0.00 sys=0.00, real=0.01 secs] 
2017-07-06T17:38:37.546+0900: 23.621: [CMS-concurrent-preclean-start]
2017-07-06T17:38:37.546+0900: 23.621: [CMS-concurrent-preclean: 0.000/0.000 secs] [Times: user=0.00 sys=0.00, real=0.00 secs] 
2017-07-06T17:38:37.551+0900: 23.626: [GC[YG occupancy: 1066 K (2432 K)]2017-07-06T17:38:37.551+0900: 23.626: [Rescan (parallel) , 0.0002016 secs]2017-07-06T17:38:37.551+0900: 23.626: [weak refs processing, 0.0000231 secs]2017-07-06T17:38:37.551+0900: 23.626: [scrub string table, 0.0002166 secs] [1 CMS-remark: 5280K(5504K)] 6346K(7936K), 0.0005466 secs] [Times: user=0.00 sys=0.00, real=0.00 secs] 
2017-07-06T17:38:37.551+0900: 23.626: [CMS-concurrent-sweep-start]
2017-07-06T17:38:37.555+0900: 23.630: [CMS-concurrent-sweep: 0.004/0.004 secs] [Times: user=0.00 sys=0.00, real=0.00 secs] 
2017-07-06T17:38:37.555+0900: 23.630: [CMS-concurrent-reset-start]
2017-07-06T17:38:37.555+0900: 23.631: [CMS-concurrent-reset: 0.000/0.000 secs] [Times: user=0.00 sys=0.00, real=0.00 secs] 
2017-07-06T17:38:37.564+0900: 23.639: [GC2017-07-06T17:38:37.564+0900: 23.639: [ParNew
Desired survivor size 131072 bytes, new threshold 6 (max 6)
- age   1:      24400 bytes,      24400 total
- age   2:       4840 bytes,      29240 total
- age   3:       4648 bytes,      33888 total
- age   4:       4704 bytes,      38592 total
- age   5:       4704 bytes,      43296 total
- age   6:       4648 bytes,      47944 total
: 2205K->72K(2432K), 0.0006990 secs] 7486K->5357K(7936K), 0.0008398 secs] [Times: user=0.00 sys=0.00, real=0.00 secs] 
2017-07-06T17:38:37.565+0900: 23.640: [GC [1 CMS-initial-mark: 5285K(5504K)] 5373K(7936K), 0.0001395 secs] [Times: user=0.00 sys=0.00, real=0.00 secs] 
2017-07-06T17:38:37.565+0900: 23.641: [CMS-concurrent-mark-start]
2017-07-06T17:38:37.575+0900: 23.650: [CMS-concurrent-mark: 0.010/0.010 secs] [Times: user=0.00 sys=0.00, real=0.01 secs] 
2017-07-06T17:38:37.575+0900: 23.650: [CMS-concurrent-preclean-start]
2017-07-06T17:38:37.575+0900: 23.650: [CMS-concurrent-preclean: 0.000/0.000 secs] [Times: user=0.00 sys=0.00, real=0.00 secs] 
2017-07-06T17:38:37.576+0900: 23.651: [GC[YG occupancy: 1138 K (2432 K)]2017-07-06T17:38:37.576+0900: 23.651: [Rescan (parallel) , 0.0001973 secs]2017-07-06T17:38:37.576+0900: 23.651: [weak refs processing, 0.0000227 secs]2017-07-06T17:38:37.576+0900: 23.651: [scrub string table, 0.0002170 secs] [1 CMS-remark: 5285K(5504K)] 6423K(7936K), 0.0005248 secs] [Times: user=0.00 sys=0.00, real=0.00 secs] 
2017-07-06T17:38:37.577+0900: 23.652: [CMS-concurrent-sweep-start]
2017-07-06T17:38:37.581+0900: 23.656: [CMS-concurrent-sweep: 0.004/0.004 secs] [Times: user=0.02 sys=0.01, real=0.00 secs] 
2017-07-06T17:38:37.581+0900: 23.656: [CMS-concurrent-reset-start]
2017-07-06T17:38:37.581+0900: 23.656: [CMS-concurrent-reset: 0.000/0.000 secs] [Times: user=0.00 sys=0.00, real=0.00 secs] 
2017-07-06T17:38:37.589+0900: 23.664: [GC2017-07-06T17:38:37.589+0900: 23.664: [ParNew
Desired survivor size 131072 bytes, new threshold 6 (max 6)
- age   1:      16384 bytes,      16384 total
- age   2:       4784 bytes,      21168 total
- age   3:       4704 bytes,      25872 total
- age   4:       4648 bytes,      30520 total
- age   5:       4704 bytes,      35224 total
- age   6:       4704 bytes,      39928 total
: 2248K->64K(2432K), 0.0006926 secs] 7533K->5353K(7936K), 0.0007611 secs] [Times: user=0.00 sys=0.00, real=0.00 secs] 
2017-07-06T17:38:37.590+0900: 23.665: [GC [1 CMS-initial-mark: 5289K(5504K)] 5361K(7936K), 0.0001438 secs] [Times: user=0.00 sys=0.00, real=0.00 secs] 
2017-07-06T17:38:37.590+0900: 23.665: [CMS-concurrent-mark-start]
2017-07-06T17:38:37.600+0900: 23.675: [CMS-concurrent-mark: 0.010/0.010 secs] [Times: user=0.02 sys=0.02, real=0.01 secs] 
2017-07-06T17:38:37.600+0900: 23.675: [CMS-concurrent-preclean-start]
2017-07-06T17:38:37.600+0900: 23.675: [CMS-concurrent-preclean: 0.000/0.000 secs] [Times: user=0.00 sys=0.00, real=0.00 secs] 
2017-07-06T17:38:37.600+0900: 23.675: [GC[YG occupancy: 816 K (2432 K)]2017-07-06T17:38:37.600+0900: 23.675: [Rescan (parallel) , 0.0001785 secs]2017-07-06T17:38:37.600+0900: 23.675: [weak refs processing, 0.0000227 secs]2017-07-06T17:38:37.600+0900: 23.675: [scrub string table, 0.0002162 secs] [1 CMS-remark: 5289K(5504K)] 6106K(7936K), 0.0005059 secs] [Times: user=0.00 sys=0.00, real=0.00 secs] 
2017-07-06T17:38:37.600+0900: 23.676: [CMS-concurrent-sweep-start]
2017-07-06T17:38:37.604+0900: 23.679: [CMS-concurrent-sweep: 0.004/0.004 secs] [Times: user=0.00 sys=0.00, real=0.00 secs] 
2017-07-06T17:38:37.604+0900: 23.679: [CMS-concurrent-reset-start]
2017-07-06T17:38:37.605+0900: 23.680: [CMS-concurrent-reset: 0.000/0.000 secs] [Times: user=0.00 sys=0.00, real=0.00 secs] 
2017-07-06T17:38:37.615+0900: 23.690: [GC2017-07-06T17:38:37.615+0900: 23.690: [ParNew
Desired survivor size 131072 bytes, new threshold 6 (max 6)
- age   1:      16384 bytes,      16384 total
- age   2:       4840 bytes,      21224 total
- age   3:       4648 bytes,      25872 total
- age   4:       4704 bytes,      30576 total
- age   5:       4648 bytes,      35224 total
- age   6:       4704 bytes,      39928 total
: 2240K->39K(2432K), 0.0021501 secs] 7529K->5333K(7936K), 0.0022408 secs] [Times: user=0.00 sys=0.00, real=0.00 secs] 
2017-07-06T17:38:37.632+0900: 23.707: [GC [1 CMS-initial-mark: 5294K(5504K)] 6579K(7936K), 0.0003018 secs] [Times: user=0.00 sys=0.00, real=0.00 secs] 
2017-07-06T17:38:37.632+0900: 23.708: [CMS-concurrent-mark-start]
2017-07-06T17:38:37.642+0900: 23.717: [CMS-concurrent-mark: 0.010/0.010 secs] [Times: user=0.02 sys=0.02, real=0.01 secs] 
2017-07-06T17:38:37.642+0900: 23.717: [CMS-concurrent-preclean-start]
2017-07-06T17:38:37.642+0900: 23.717: [CMS-concurrent-preclean: 0.000/0.000 secs] [Times: user=0.00 sys=0.00, real=0.00 secs] 
2017-07-06T17:38:37.642+0900: 23.718: [GC[YG occupancy: 2047 K (2432 K)]2017-07-06T17:38:37.642+0900: 23.718: [Rescan (parallel) , 0.0002401 secs]2017-07-06T17:38:37.643+0900: 23.718: [weak refs processing, 0.0000223 secs]2017-07-06T17:38:37.643+0900: 23.718: [scrub string table, 0.0002144 secs] [1 CMS-remark: 5294K(5504K)] 7342K(7936K), 0.0005642 secs] [Times: user=0.00 sys=0.00, real=0.00 secs] 
2017-07-06T17:38:37.643+0900: 23.718: [CMS-concurrent-sweep-start]
2017-07-06T17:38:37.646+0900: 23.721: [GC2017-07-06T17:38:37.646+0900: 23.721: [ParNew
Desired survivor size 131072 bytes, new threshold 6 (max 6)
- age   1:      24400 bytes,      24400 total
- age   2:       4840 bytes,      29240 total
- age   3:       4704 bytes,      33944 total
- age   4:       4648 bytes,      38592 total
- age   5:       4704 bytes,      43296 total
- age   6:       4648 bytes,      47944 total
: 2201K->64K(2432K), 0.0006755 secs] 7495K->5363K(7936K), 0.0007508 secs] [Times: user=0.00 sys=0.00, real=0.00 secs] 
2017-07-06T17:38:37.648+0900: 23.723: [CMS-concurrent-sweep: 0.004/0.005 secs] [Times: user=0.00 sys=0.00, real=0.01 secs] 
2017-07-06T17:38:37.648+0900: 23.723: [CMS-concurrent-reset-start]
2017-07-06T17:38:37.648+0900: 23.723: [CMS-concurrent-reset: 0.000/0.000 secs] [Times: user=0.00 sys=0.00, real=0.00 secs] 
2017-07-06T17:38:37.668+0900: 23.743: [GC2017-07-06T17:38:37.668+0900: 23.743: [ParNew
Desired survivor size 131072 bytes, new threshold 6 (max 6)
- age   1:      16384 bytes,      16384 total
- age   2:       4784 bytes,      21168 total
- age   3:       4704 bytes,      25872 total
- age   4:       4704 bytes,      30576 total
- age   5:       4648 bytes,      35224 total
- age   6:       4704 bytes,      39928 total
: 2240K->62K(2432K), 0.0006806 secs] 7539K->5365K(7936K), 0.0007585 secs] [Times: user=0.00 sys=0.00, real=0.00 secs] 
2017-07-06T17:38:37.669+0900: 23.744: [GC [1 CMS-initial-mark: 5303K(5504K)] 5373K(7936K), 0.0001455 secs] [Times: user=0.00 sys=0.00, real=0.00 secs] 
2017-07-06T17:38:37.669+0900: 23.744: [CMS-concurrent-mark-start]
2017-07-06T17:38:37.678+0900: 23.754: [CMS-concurrent-mark: 0.010/0.010 secs] [Times: user=0.02 sys=0.02, real=0.01 secs] 
2017-07-06T17:38:37.678+0900: 23.754: [CMS-concurrent-preclean-start]
2017-07-06T17:38:37.679+0900: 23.754: [CMS-concurrent-preclean: 0.000/0.000 secs] [Times: user=0.00 sys=0.00, real=0.00 secs] 
2017-07-06T17:38:37.679+0900: 23.754: [GC[YG occupancy: 815 K (2432 K)]2017-07-06T17:38:37.679+0900: 23.754: [Rescan (parallel) , 0.0001793 secs]2017-07-06T17:38:37.679+0900: 23.754: [weak refs processing, 0.0000223 secs]2017-07-06T17:38:37.679+0900: 23.754: [scrub string table, 0.0002119 secs] [1 CMS-remark: 5303K(5504K)] 6118K(7936K), 0.0004995 secs] [Times: user=0.00 sys=0.00, real=0.00 secs] 
2017-07-06T17:38:37.679+0900: 23.754: [CMS-concurrent-sweep-start]
2017-07-06T17:38:37.683+0900: 23.758: [CMS-concurrent-sweep: 0.004/0.004 secs] [Times: user=0.00 sys=0.00, real=0.00 secs] 
2017-07-06T17:38:37.683+0900: 23.758: [CMS-concurrent-reset-start]
2017-07-06T17:38:37.684+0900: 23.759: [CMS-concurrent-reset: 0.000/0.000 secs] [Times: user=0.00 sys=0.00, real=0.00 secs] 
2017-07-06T17:38:37.694+0900: 23.769: [GC2017-07-06T17:38:37.694+0900: 23.769: [ParNew
Desired survivor size 131072 bytes, new threshold 6 (max 6)
- age   1:      16384 bytes,      16384 total
- age   2:       4840 bytes,      21224 total
- age   3:       4648 bytes,      25872 total
- age   4:       4704 bytes,      30576 total
- age   5:       4704 bytes,      35280 total
- age   6:       4648 bytes,      39928 total
: 2238K->49K(2432K), 0.0006921 secs] 7541K->5357K(7936K), 0.0007726 secs] [Times: user=0.00 sys=0.00, real=0.00 secs] 
2017-07-06T17:38:37.695+0900: 23.770: [GC [1 CMS-initial-mark: 5307K(5504K)] 5392K(7936K), 0.0001400 secs] [Times: user=0.00 sys=0.00, real=0.00 secs] 
2017-07-06T17:38:37.695+0900: 23.770: [CMS-concurrent-mark-start]
2017-07-06T17:38:37.704+0900: 23.780: [CMS-concurrent-mark: 0.010/0.010 secs] [Times: user=0.01 sys=0.02, real=0.01 secs] 
2017-07-06T17:38:37.704+0900: 23.780: [CMS-concurrent-preclean-start]
2017-07-06T17:38:37.705+0900: 23.780: [CMS-concurrent-preclean: 0.000/0.000 secs] [Times: user=0.00 sys=0.00, real=0.00 secs] 
2017-07-06T17:38:37.705+0900: 23.780: [GC[YG occupancy: 1087 K (2432 K)]2017-07-06T17:38:37.705+0900: 23.780: [Rescan (parallel) , 0.0001973 secs]2017-07-06T17:38:37.705+0900: 23.780: [weak refs processing, 0.0000240 secs]2017-07-06T17:38:37.705+0900: 23.781: [scrub string table, 0.0002153 secs] [1 CMS-remark: 5307K(5504K)] 6395K(7936K), 0.0005239 secs] [Times: user=0.00 sys=0.00, real=0.00 secs] 
2017-07-06T17:38:37.706+0900: 23.781: [CMS-concurrent-sweep-start]
2017-07-06T17:38:37.710+0900: 23.785: [CMS-concurrent-sweep: 0.004/0.004 secs] [Times: user=0.00 sys=0.00, real=0.00 secs] 
2017-07-06T17:38:37.710+0900: 23.785: [CMS-concurrent-reset-start]
2017-07-06T17:38:37.711+0900: 23.786: [CMS-concurrent-reset: 0.000/0.000 secs] [Times: user=0.00 sys=0.00, real=0.00 secs] 
2017-07-06T17:38:37.719+0900: 23.794: [GC2017-07-06T17:38:37.719+0900: 23.794: [ParNew
Desired survivor size 131072 bytes, new threshold 6 (max 6)
- age   1:      24400 bytes,      24400 total
- age   2:       4840 bytes,      29240 total
- age   3:       4704 bytes,      33944 total
- age   4:       4648 bytes,      38592 total
- age   5:       4704 bytes,      43296 total
- age   6:       4704 bytes,      48000 total
: 2211K->64K(2432K), 0.0006926 secs] 7519K->5377K(7936K), 0.0007700 secs] [Times: user=0.00 sys=0.00, real=0.00 secs] 
2017-07-06T17:38:37.720+0900: 23.795: [GC [1 CMS-initial-mark: 5312K(5504K)] 5393K(7936K), 0.0001348 secs] [Times: user=0.00 sys=0.00, real=0.00 secs] 
2017-07-06T17:38:37.720+0900: 23.795: [CMS-concurrent-mark-start]
2017-07-06T17:38:37.730+0900: 23.805: [CMS-concurrent-mark: 0.010/0.010 secs] [Times: user=0.00 sys=0.00, real=0.01 secs] 
2017-07-06T17:38:37.730+0900: 23.805: [CMS-concurrent-preclean-start]
2017-07-06T17:38:37.730+0900: 23.806: [CMS-concurrent-preclean: 0.000/0.000 secs] [Times: user=0.00 sys=0.00, real=0.00 secs] 
2017-07-06T17:38:37.731+0900: 23.806: [GC[YG occupancy: 1119 K (2432 K)]2017-07-06T17:38:37.731+0900: 23.806: [Rescan (parallel) , 0.0002003 secs]2017-07-06T17:38:37.731+0900: 23.806: [weak refs processing, 0.0000227 secs]2017-07-06T17:38:37.731+0900: 23.806: [scrub string table, 0.0002628 secs] [1 CMS-remark: 5312K(5504K)] 6431K(7936K), 0.0005753 secs] [Times: user=0.00 sys=0.00, real=0.00 secs] 
2017-07-06T17:38:37.732+0900: 23.807: [CMS-concurrent-sweep-start]
2017-07-06T17:38:37.736+0900: 23.811: [CMS-concurrent-sweep: 0.004/0.004 secs] [Times: user=0.02 sys=0.00, real=0.00 secs] 
2017-07-06T17:38:37.736+0900: 23.811: [CMS-concurrent-reset-start]
2017-07-06T17:38:37.736+0900: 23.811: [CMS-concurrent-reset: 0.000/0.000 secs] [Times: user=0.00 sys=0.00, real=0.00 secs] 
2017-07-06T17:38:37.744+0900: 23.819: [GC2017-07-06T17:38:37.744+0900: 23.819: [ParNew
Desired survivor size 131072 bytes, new threshold 6 (max 6)
- age   1:      16384 bytes,      16384 total
- age   2:       4784 bytes,      21168 total
- age   3:       4704 bytes,      25872 total
- age   4:       4704 bytes,      30576 total
- age   5:       4648 bytes,      35224 total
- age   6:       4704 bytes,      39928 total
: 2233K->62K(2432K), 0.0009160 secs] 7545K->5379K(7936K), 0.0009999 secs] [Times: user=0.00 sys=0.00, real=0.00 secs] 
2017-07-06T17:38:37.745+0900: 23.820: [GC [1 CMS-initial-mark: 5316K(5504K)] 5414K(7936K), 0.0001443 secs] [Times: user=0.00 sys=0.00, real=0.00 secs] 
2017-07-06T17:38:37.745+0900: 23.820: [CMS-concurrent-mark-start]
2017-07-06T17:38:37.755+0900: 23.830: [CMS-concurrent-mark: 0.010/0.010 secs] [Times: user=0.01 sys=0.01, real=0.01 secs] 
2017-07-06T17:38:37.755+0900: 23.830: [CMS-concurrent-preclean-start]
2017-07-06T17:38:37.755+0900: 23.830: [CMS-concurrent-preclean: 0.000/0.000 secs] [Times: user=0.00 sys=0.00, real=0.00 secs] 
2017-07-06T17:38:37.755+0900: 23.830: [GC[YG occupancy: 824 K (2432 K)]2017-07-06T17:38:37.755+0900: 23.830: [Rescan (parallel) , 0.0001768 secs]2017-07-06T17:38:37.755+0900: 23.830: [weak refs processing, 0.0000227 secs]2017-07-06T17:38:37.755+0900: 23.830: [scrub string table, 0.0002127 secs] [1 CMS-remark: 5316K(5504K)] 6141K(7936K), 0.0004987 secs] [Times: user=0.00 sys=0.00, real=0.00 secs] 
2017-07-06T17:38:37.755+0900: 23.831: [CMS-concurrent-sweep-start]
2017-07-06T17:38:37.759+0900: 23.834: [CMS-concurrent-sweep: 0.004/0.004 secs] [Times: user=0.00 sys=0.00, real=0.00 secs] 
2017-07-06T17:38:37.759+0900: 23.834: [CMS-concurrent-reset-start]
2017-07-06T17:38:37.760+0900: 23.835: [CMS-concurrent-reset: 0.000/0.000 secs] [Times: user=0.00 sys=0.00, real=0.00 secs] 
2017-07-06T17:38:37.770+0900: 23.845: [GC2017-07-06T17:38:37.770+0900: 23.845: [ParNew
Desired survivor size 131072 bytes, new threshold 6 (max 6)
- age   1:      24400 bytes,      24400 total
- age   2:       4840 bytes,      29240 total
- age   3:       4648 bytes,      33888 total
- age   4:       4704 bytes,      38592 total
- age   5:       4704 bytes,      43296 total
- age   6:       4648 bytes,      47944 total
: 2224K->57K(2432K), 0.0006832 secs] 7541K->5378K(7936K), 0.0007546 secs] [Times: user=0.00 sys=0.00, real=0.00 secs] 
2017-07-06T17:38:37.770+0900: 23.846: [GC [1 CMS-initial-mark: 5321K(5504K)] 5394K(7936K), 0.0001421 secs] [Times: user=0.00 sys=0.00, real=0.00 secs] 
2017-07-06T17:38:37.771+0900: 23.846: [CMS-concurrent-mark-start]
2017-07-06T17:38:37.780+0900: 23.855: [CMS-concurrent-mark: 0.010/0.010 secs] [Times: user=0.00 sys=0.00, real=0.01 secs] 
2017-07-06T17:38:37.780+0900: 23.855: [CMS-concurrent-preclean-start]
2017-07-06T17:38:37.780+0900: 23.856: [CMS-concurrent-preclean: 0.000/0.000 secs] [Times: user=0.00 sys=0.00, real=0.00 secs] 
2017-07-06T17:38:37.780+0900: 23.856: [GC[YG occupancy: 906 K (2432 K)]2017-07-06T17:38:37.781+0900: 23.856: [Rescan (parallel) , 0.0001918 secs]2017-07-06T17:38:37.781+0900: 23.856: [weak refs processing, 0.0000218 secs]2017-07-06T17:38:37.781+0900: 23.856: [scrub string table, 0.0002106 secs] [1 CMS-remark: 5321K(5504K)] 6227K(7936K), 0.0005273 secs] [Times: user=0.02 sys=0.01, real=0.00 secs] 
2017-07-06T17:38:37.781+0900: 23.856: [CMS-concurrent-sweep-start]
2017-07-06T17:38:37.785+0900: 23.860: [CMS-concurrent-sweep: 0.004/0.004 secs] [Times: user=0.00 sys=0.00, real=0.00 secs] 
2017-07-06T17:38:37.785+0900: 23.860: [CMS-concurrent-reset-start]
2017-07-06T17:38:37.785+0900: 23.861: [CMS-concurrent-reset: 0.000/0.000 secs] [Times: user=0.00 sys=0.00, real=0.00 secs] 
2017-07-06T17:38:37.796+0900: 23.871: [GC2017-07-06T17:38:37.796+0900: 23.871: [ParNew
Desired survivor size 131072 bytes, new threshold 6 (max 6)
- age   1:      16384 bytes,      16384 total
- age   2:       4784 bytes,      21168 total
- age   3:       4704 bytes,      25872 total
- age   4:       4648 bytes,      30520 total
- age   5:       4704 bytes,      35224 total
- age   6:       4704 bytes,      39928 total
: 2233K->50K(2432K), 0.0006823 secs] 7554K->5376K(7936K), 0.0007534 secs] [Times: user=0.00 sys=0.00, real=0.00 secs] 
2017-07-06T17:38:37.796+0900: 23.872: [GC [1 CMS-initial-mark: 5326K(5504K)] 5384K(7936K), 0.0001455 secs] [Times: user=0.02 sys=0.00, real=0.00 secs] 
2017-07-06T17:38:37.797+0900: 23.872: [CMS-concurrent-mark-start]
2017-07-06T17:38:37.806+0900: 23.881: [CMS-concurrent-mark: 0.010/0.010 secs] [Times: user=0.00 sys=0.00, real=0.01 secs] 
2017-07-06T17:38:37.806+0900: 23.882: [CMS-concurrent-preclean-start]
2017-07-06T17:38:37.806+0900: 23.882: [CMS-concurrent-preclean: 0.000/0.000 secs] [Times: user=0.00 sys=0.00, real=0.00 secs] 
2017-07-06T17:38:37.807+0900: 23.882: [GC[YG occupancy: 803 K (2432 K)]2017-07-06T17:38:37.807+0900: 23.882: [Rescan (parallel) , 0.0001776 secs]2017-07-06T17:38:37.807+0900: 23.882: [weak refs processing, 0.0000218 secs]2017-07-06T17:38:37.807+0900: 23.882: [scrub string table, 0.0002119 secs] [1 CMS-remark: 5326K(5504K)] 6129K(7936K), 0.0005000 secs] [Times: user=0.00 sys=0.00, real=0.00 secs] 
2017-07-06T17:38:37.807+0900: 23.882: [CMS-concurrent-sweep-start]
2017-07-06T17:38:37.811+0900: 23.886: [CMS-concurrent-sweep: 0.004/0.004 secs] [Times: user=0.00 sys=0.00, real=0.00 secs] 
2017-07-06T17:38:37.811+0900: 23.886: [CMS-concurrent-reset-start]
2017-07-06T17:38:37.811+0900: 23.887: [CMS-concurrent-reset: 0.000/0.000 secs] [Times: user=0.00 sys=0.00, real=0.00 secs] 
2017-07-06T17:38:37.823+0900: 23.898: [GC2017-07-06T17:38:37.823+0900: 23.898: [ParNew
Desired survivor size 131072 bytes, new threshold 6 (max 6)
- age   1:      16384 bytes,      16384 total
- age   2:       4840 bytes,      21224 total
- age   3:       4648 bytes,      25872 total
- age   4:       4704 bytes,      30576 total
- age   5:       4648 bytes,      35224 total
- age   6:       4704 bytes,      39928 total
: 2226K->53K(2432K), 0.0155893 secs] 7552K->5384K(7936K), 0.0156959 secs] [Times: user=0.02 sys=0.00, real=0.02 secs] 
2017-07-06T17:38:37.839+0900: 23.914: [GC [1 CMS-initial-mark: 5330K(5504K)] 5446K(7936K), 0.0001888 secs] [Times: user=0.00 sys=0.00, real=0.00 secs] 
2017-07-06T17:38:37.839+0900: 23.914: [CMS-concurrent-mark-start]
2017-07-06T17:38:37.849+0900: 23.924: [CMS-concurrent-mark: 0.010/0.010 secs] [Times: user=0.02 sys=0.02, real=0.01 secs] 
2017-07-06T17:38:37.849+0900: 23.924: [CMS-concurrent-preclean-start]
2017-07-06T17:38:37.849+0900: 23.924: [CMS-concurrent-preclean: 0.000/0.000 secs] [Times: user=0.00 sys=0.00, real=0.00 secs] 
2017-07-06T17:38:37.849+0900: 23.924: [GC[YG occupancy: 910 K (2432 K)]2017-07-06T17:38:37.849+0900: 23.924: [Rescan (parallel) , 0.0001901 secs]2017-07-06T17:38:37.850+0900: 23.925: [weak refs processing, 0.0000214 secs]2017-07-06T17:38:37.850+0900: 23.925: [scrub string table, 0.0002144 secs] [1 CMS-remark: 5330K(5504K)] 6241K(7936K), 0.0005089 secs] [Times: user=0.00 sys=0.00, real=0.00 secs] 
2017-07-06T17:38:37.850+0900: 23.925: [CMS-concurrent-sweep-start]
2017-07-06T17:38:37.854+0900: 23.929: [CMS-concurrent-sweep: 0.004/0.004 secs] [Times: user=0.00 sys=0.00, real=0.00 secs] 
2017-07-06T17:38:37.854+0900: 23.929: [CMS-concurrent-reset-start]
2017-07-06T17:38:37.855+0900: 23.930: [CMS-concurrent-reset: 0.000/0.000 secs] [Times: user=0.00 sys=0.00, real=0.00 secs] 
2017-07-06T17:38:37.864+0900: 23.939: [GC2017-07-06T17:38:37.864+0900: 23.939: [ParNew
Desired survivor size 131072 bytes, new threshold 6 (max 6)
- age   1:      24400 bytes,      24400 total
- age   2:       4840 bytes,      29240 total
- age   3:       4704 bytes,      33944 total
- age   4:       4648 bytes,      38592 total
- age   5:       4704 bytes,      43296 total
- age   6:       4648 bytes,      47944 total
: 2216K->69K(2432K), 0.0006909 secs] 7546K->5405K(7936K), 0.0007671 secs] [Times: user=0.00 sys=0.00, real=0.00 secs] 
2017-07-06T17:38:37.865+0900: 23.940: [GC [1 CMS-initial-mark: 5335K(5504K)] 5421K(7936K), 0.0001361 secs] [Times: user=0.00 sys=0.00, real=0.00 secs] 
2017-07-06T17:38:37.865+0900: 23.940: [CMS-concurrent-mark-start]
2017-07-06T17:38:37.875+0900: 23.950: [CMS-concurrent-mark: 0.010/0.010 secs] [Times: user=0.01 sys=0.02, real=0.01 secs] 
2017-07-06T17:38:37.875+0900: 23.950: [CMS-concurrent-preclean-start]
2017-07-06T17:38:37.875+0900: 23.950: [CMS-concurrent-preclean: 0.000/0.000 secs] [Times: user=0.00 sys=0.00, real=0.00 secs] 
2017-07-06T17:38:37.875+0900: 23.950: [GC[YG occupancy: 1099 K (2432 K)]2017-07-06T17:38:37.875+0900: 23.950: [Rescan (parallel) , 0.0001986 secs]2017-07-06T17:38:37.875+0900: 23.951: [weak refs processing, 0.0000227 secs]2017-07-06T17:38:37.875+0900: 23.951: [scrub string table, 0.0002213 secs] [1 CMS-remark: 5335K(5504K)] 6434K(7936K), 0.0005513 secs] [Times: user=0.00 sys=0.00, real=0.00 secs] 
2017-07-06T17:38:37.876+0900: 23.951: [CMS-concurrent-sweep-start]
2017-07-06T17:38:37.880+0900: 23.955: [CMS-concurrent-sweep: 0.004/0.004 secs] [Times: user=0.00 sys=0.00, real=0.00 secs] 
2017-07-06T17:38:37.880+0900: 23.955: [CMS-concurrent-reset-start]
2017-07-06T17:38:37.880+0900: 23.956: [CMS-concurrent-reset: 0.000/0.000 secs] [Times: user=0.00 sys=0.00, real=0.00 secs] 
2017-07-06T17:38:37.888+0900: 23.964: [GC2017-07-06T17:38:37.888+0900: 23.964: [ParNew
Desired survivor size 131072 bytes, new threshold 6 (max 6)
- age   1:      16384 bytes,      16384 total
- age   2:       4784 bytes,      21168 total
- age   3:       4704 bytes,      25872 total
- age   4:       4704 bytes,      30576 total
- age   5:       4648 bytes,      35224 total
- age   6:       4704 bytes,      39928 total
: 2245K->63K(2432K), 0.0006909 secs] 7581K->5403K(7936K), 0.0007602 secs] [Times: user=0.00 sys=0.00, real=0.00 secs] 
2017-07-06T17:38:37.889+0900: 23.964: [GC [1 CMS-initial-mark: 5339K(5504K)] 5411K(7936K), 0.0001443 secs] [Times: user=0.00 sys=0.00, real=0.00 secs] 
2017-07-06T17:38:37.889+0900: 23.965: [CMS-concurrent-mark-start]
2017-07-06T17:38:37.899+0900: 23.974: [CMS-concurrent-mark: 0.010/0.010 secs] [Times: user=0.02 sys=0.02, real=0.01 secs] 
2017-07-06T17:38:37.899+0900: 23.975: [CMS-concurrent-preclean-start]
2017-07-06T17:38:37.899+0900: 23.975: [CMS-concurrent-preclean: 0.000/0.000 secs] [Times: user=0.00 sys=0.00, real=0.00 secs] 
2017-07-06T17:38:37.900+0900: 23.975: [GC[YG occupancy: 902 K (2432 K)]2017-07-06T17:38:37.900+0900: 23.975: [Rescan (parallel) , 0.0001845 secs]2017-07-06T17:38:37.900+0900: 23.975: [weak refs processing, 0.0000231 secs]2017-07-06T17:38:37.900+0900: 23.975: [scrub string table, 0.0002149 secs] [1 CMS-remark: 5339K(5504K)] 6242K(7936K), 0.0005094 secs] [Times: user=0.00 sys=0.00, real=0.00 secs] 
2017-07-06T17:38:37.900+0900: 23.975: [CMS-concurrent-sweep-start]
2017-07-06T17:38:37.904+0900: 23.979: [CMS-concurrent-sweep: 0.004/0.004 secs] [Times: user=0.00 sys=0.00, real=0.00 secs] 
2017-07-06T17:38:37.904+0900: 23.979: [CMS-concurrent-reset-start]
2017-07-06T17:38:37.904+0900: 23.980: [CMS-concurrent-reset: 0.000/0.000 secs] [Times: user=0.00 sys=0.00, real=0.00 secs] 
2017-07-06T17:38:37.913+0900: 23.989: [GC2017-07-06T17:38:37.913+0900: 23.989: [ParNew (promotion failed)
Desired survivor size 131072 bytes, new threshold 6 (max 6)
- age   1:      24400 bytes,      24400 total
- age   2:       4840 bytes,      29240 total
- age   3:       4648 bytes,      33888 total
- age   4:       4704 bytes,      38592 total
- age   5:       4704 bytes,      43296 total
- age   6:       4648 bytes,      47944 total
: 2223K->2217K(2432K), 0.0010795 secs]2017-07-06T17:38:37.915+0900: 23.990: [CMS: 5344K->5384K(5504K), 0.0317051 secs] 7563K->5384K(7936K), [CMS Perm : 3314K->3313K(21248K)], 0.0329280 secs] [Times: user=0.03 sys=0.00, real=0.03 secs] 
2017-07-06T17:38:37.953+0900: 24.028: [GC [1 CMS-initial-mark: 5384K(5504K)] 5895K(7936K), 0.0002055 secs] [Times: user=0.00 sys=0.00, real=0.00 secs] 
2017-07-06T17:38:37.953+0900: 24.028: [CMS-concurrent-mark-start]
2017-07-06T17:38:37.964+0900: 24.039: [CMS-concurrent-mark: 0.011/0.011 secs] [Times: user=0.00 sys=0.00, real=0.01 secs] 
2017-07-06T17:38:37.964+0900: 24.039: [CMS-concurrent-preclean-start]
2017-07-06T17:38:37.964+0900: 24.039: [CMS-concurrent-preclean: 0.000/0.000 secs] [Times: user=0.00 sys=0.00, real=0.00 secs] 
2017-07-06T17:38:37.972+0900: 24.047: [GC[YG occupancy: 1402 K (2432 K)]2017-07-06T17:38:37.972+0900: 24.047: [Rescan (parallel) , 0.0002008 secs]2017-07-06T17:38:37.972+0900: 24.048: [weak refs processing, 0.0000248 secs]2017-07-06T17:38:37.972+0900: 24.048: [scrub string table, 0.0002671 secs] [1 CMS-remark: 5384K(5504K)] 6786K(7936K), 0.0006010 secs] [Times: user=0.00 sys=0.00, real=0.00 secs] 
2017-07-06T17:38:37.973+0900: 24.048: [CMS-concurrent-sweep-start]
2017-07-06T17:38:37.977+0900: 24.052: [CMS-concurrent-sweep: 0.004/0.004 secs] [Times: user=0.00 sys=0.00, real=0.00 secs] 
2017-07-06T17:38:37.977+0900: 24.052: [CMS-concurrent-reset-start]
2017-07-06T17:38:37.977+0900: 24.052: [CMS-concurrent-reset: 0.000/0.000 secs] [Times: user=0.00 sys=0.00, real=0.00 secs] 
2017-07-06T17:38:37.981+0900: 24.056: [GC2017-07-06T17:38:37.981+0900: 24.056: [ParNew
Desired survivor size 131072 bytes, new threshold 6 (max 6)
- age   1:      16384 bytes,      16384 total
: 2176K->36K(2432K), 0.0004922 secs] 7539K->5400K(7936K), 0.0005616 secs] [Times: user=0.00 sys=0.00, real=0.00 secs] 
2017-07-06T17:38:37.982+0900: 24.057: [GC [1 CMS-initial-mark: 5363K(5504K)] 5408K(7936K), 0.0001276 secs] [Times: user=0.00 sys=0.00, real=0.00 secs] 
2017-07-06T17:38:37.982+0900: 24.057: [CMS-concurrent-mark-start]
2017-07-06T17:38:37.992+0900: 24.067: [CMS-concurrent-mark: 0.010/0.010 secs] [Times: user=0.02 sys=0.02, real=0.01 secs] 
2017-07-06T17:38:37.992+0900: 24.067: [CMS-concurrent-preclean-start]
2017-07-06T17:38:37.992+0900: 24.067: [CMS-concurrent-preclean: 0.000/0.000 secs] [Times: user=0.00 sys=0.00, real=0.00 secs] 
2017-07-06T17:38:37.992+0900: 24.067: [GC[YG occupancy: 917 K (2432 K)]2017-07-06T17:38:37.992+0900: 24.067: [Rescan (parallel) , 0.0001819 secs]2017-07-06T17:38:37.992+0900: 24.067: [weak refs processing, 0.0000227 secs]2017-07-06T17:38:37.992+0900: 24.068: [scrub string table, 0.0002187 secs] [1 CMS-remark: 5363K(5504K)] 6281K(7936K), 0.0005145 secs] [Times: user=0.00 sys=0.00, real=0.00 secs] 
2017-07-06T17:38:37.993+0900: 24.068: [CMS-concurrent-sweep-start]
2017-07-06T17:38:37.997+0900: 24.072: [CMS-concurrent-sweep: 0.004/0.004 secs] [Times: user=0.00 sys=0.00, real=0.00 secs] 
2017-07-06T17:38:37.997+0900: 24.072: [CMS-concurrent-reset-start]
2017-07-06T17:38:37.997+0900: 24.072: [CMS-concurrent-reset: 0.000/0.000 secs] [Times: user=0.00 sys=0.00, real=0.00 secs] 
2017-07-06T17:38:38.007+0900: 24.082: [GC2017-07-06T17:38:38.007+0900: 24.082: [ParNew
Desired survivor size 131072 bytes, new threshold 6 (max 6)
- age   1:      24400 bytes,      24400 total
- age   2:       4840 bytes,      29240 total
: 2196K->29K(2432K), 0.0005068 secs] 7560K->5393K(7936K), 0.0005796 secs] [Times: user=0.00 sys=0.00, real=0.00 secs] 
2017-07-06T17:38:38.008+0900: 24.083: [GC [1 CMS-initial-mark: 5363K(5504K)] 5409K(7936K), 0.0001246 secs] [Times: user=0.00 sys=0.00, real=0.00 secs] 
2017-07-06T17:38:38.008+0900: 24.083: [CMS-concurrent-mark-start]
2017-07-06T17:38:38.018+0900: 24.093: [CMS-concurrent-mark: 0.010/0.010 secs] [Times: user=0.01 sys=0.02, real=0.01 secs] 
2017-07-06T17:38:38.018+0900: 24.093: [CMS-concurrent-preclean-start]
2017-07-06T17:38:38.018+0900: 24.093: [CMS-concurrent-preclean: 0.000/0.000 secs] [Times: user=0.00 sys=0.00, real=0.00 secs] 
2017-07-06T17:38:38.018+0900: 24.093: [GC[YG occupancy: 783 K (2432 K)]2017-07-06T17:38:38.018+0900: 24.093: [Rescan (parallel) , 0.0001725 secs]2017-07-06T17:38:38.018+0900: 24.093: [weak refs processing, 0.0000227 secs]2017-07-06T17:38:38.018+0900: 24.093: [scrub string table, 0.0002123 secs] [1 CMS-remark: 5363K(5504K)] 6147K(7936K), 0.0004952 secs] [Times: user=0.00 sys=0.00, real=0.00 secs] 
2017-07-06T17:38:38.018+0900: 24.094: [CMS-concurrent-sweep-start]
2017-07-06T17:38:38.022+0900: 24.097: [CMS-concurrent-sweep: 0.004/0.004 secs] [Times: user=0.00 sys=0.00, real=0.00 secs] 
2017-07-06T17:38:38.022+0900: 24.098: [CMS-concurrent-reset-start]
2017-07-06T17:38:38.023+0900: 24.098: [CMS-concurrent-reset: 0.000/0.000 secs] [Times: user=0.00 sys=0.00, real=0.00 secs] 
2017-07-06T17:38:38.033+0900: 24.108: [GC2017-07-06T17:38:38.033+0900: 24.108: [ParNew
Desired survivor size 131072 bytes, new threshold 6 (max 6)
- age   1:      16384 bytes,      16384 total
- age   2:       4784 bytes,      21168 total
- age   3:       4704 bytes,      25872 total
: 2205K->31K(2432K), 0.0005248 secs] 7569K->5395K(7936K), 0.0005907 secs] [Times: user=0.00 sys=0.00, real=0.00 secs] 
2017-07-06T17:38:38.033+0900: 24.109: [GC [1 CMS-initial-mark: 5363K(5504K)] 5403K(7936K), 0.0001344 secs] [Times: user=0.00 sys=0.00, real=0.00 secs] 
2017-07-06T17:38:38.034+0900: 24.109: [CMS-concurrent-mark-start]
2017-07-06T17:38:38.043+0900: 24.118: [CMS-concurrent-mark: 0.010/0.010 secs] [Times: user=0.00 sys=0.00, real=0.01 secs] 
2017-07-06T17:38:38.043+0900: 24.118: [CMS-concurrent-preclean-start]
2017-07-06T17:38:38.043+0900: 24.119: [CMS-concurrent-preclean: 0.000/0.000 secs] [Times: user=0.00 sys=0.00, real=0.00 secs] 
2017-07-06T17:38:38.044+0900: 24.119: [GC[YG occupancy: 913 K (2432 K)]2017-07-06T17:38:38.044+0900: 24.119: [Rescan (parallel) , 0.0001832 secs]2017-07-06T17:38:38.044+0900: 24.119: [weak refs processing, 0.0000227 secs]2017-07-06T17:38:38.044+0900: 24.119: [scrub string table, 0.0002256 secs] [1 CMS-remark: 5363K(5504K)] 6276K(7936K), 0.0006035 secs] [Times: user=0.00 sys=0.00, real=0.00 secs] 
2017-07-06T17:38:38.044+0900: 24.119: [CMS-concurrent-sweep-start]
2017-07-06T17:38:38.048+0900: 24.123: [CMS-concurrent-sweep: 0.004/0.004 secs] [Times: user=0.02 sys=0.00, real=0.00 secs] 
2017-07-06T17:38:38.048+0900: 24.123: [CMS-concurrent-reset-start]
2017-07-06T17:38:38.048+0900: 24.124: [CMS-concurrent-reset: 0.000/0.000 secs] [Times: user=0.00 sys=0.00, real=0.00 secs] 
2017-07-06T17:38:38.059+0900: 24.135: [GC2017-07-06T17:38:38.059+0900: 24.135: [ParNew
Desired survivor size 131072 bytes, new threshold 6 (max 6)
- age   1:      24400 bytes,      24400 total
- age   2:       4840 bytes,      29240 total
- age   3:       4648 bytes,      33888 total
- age   4:       4704 bytes,      38592 total
: 2192K->39K(2432K), 0.0046819 secs] 7556K->5403K(7936K), 0.0047851 secs] [Times: user=0.02 sys=0.00, real=0.00 secs] 
2017-07-06T17:38:38.064+0900: 24.140: [GC [1 CMS-initial-mark: 5363K(5504K)] 5419K(7936K), 0.0001515 secs] [Times: user=0.00 sys=0.00, real=0.00 secs] 
2017-07-06T17:38:38.065+0900: 24.140: [CMS-concurrent-mark-start]
2017-07-06T17:38:38.074+0900: 24.149: [CMS-concurrent-mark: 0.010/0.010 secs] [Times: user=0.00 sys=0.00, real=0.01 secs] 
2017-07-06T17:38:38.074+0900: 24.150: [CMS-concurrent-preclean-start]
2017-07-06T17:38:38.074+0900: 24.150: [CMS-concurrent-preclean: 0.000/0.000 secs] [Times: user=0.00 sys=0.00, real=0.00 secs] 
2017-07-06T17:38:38.075+0900: 24.150: [GC[YG occupancy: 794 K (2432 K)]2017-07-06T17:38:38.075+0900: 24.150: [Rescan (parallel) , 0.0001755 secs]2017-07-06T17:38:38.075+0900: 24.150: [weak refs processing, 0.0000231 secs]2017-07-06T17:38:38.075+0900: 24.150: [scrub string table, 0.0002204 secs] [1 CMS-remark: 5363K(5504K)] 6157K(7936K), 0.0005098 secs] [Times: user=0.00 sys=0.00, real=0.00 secs] 
2017-07-06T17:38:38.075+0900: 24.150: [CMS-concurrent-sweep-start]
2017-07-06T17:38:38.079+0900: 24.154: [CMS-concurrent-sweep: 0.004/0.004 secs] [Times: user=0.01 sys=0.00, real=0.00 secs] 
2017-07-06T17:38:38.079+0900: 24.154: [CMS-concurrent-reset-start]
2017-07-06T17:38:38.080+0900: 24.155: [CMS-concurrent-reset: 0.000/0.000 secs] [Times: user=0.00 sys=0.00, real=0.00 secs] 
2017-07-06T17:38:38.090+0900: 24.165: [GC2017-07-06T17:38:38.090+0900: 24.165: [ParNew
Desired survivor size 131072 bytes, new threshold 6 (max 6)
- age   1:      16384 bytes,      16384 total
- age   2:       4784 bytes,      21168 total
- age   3:       4704 bytes,      25872 total
- age   4:       4648 bytes,      30520 total
- age   5:       4704 bytes,      35224 total
: 2215K->38K(2432K), 0.0005916 secs] 7579K->5402K(7936K), 0.0006647 secs] [Times: user=0.00 sys=0.00, real=0.00 secs] 
2017-07-06T17:38:38.091+0900: 24.166: [GC [1 CMS-initial-mark: 5363K(5504K)] 5410K(7936K), 0.0001404 secs] [Times: user=0.00 sys=0.00, real=0.00 secs] 
2017-07-06T17:38:38.091+0900: 24.166: [CMS-concurrent-mark-start]
2017-07-06T17:38:38.101+0900: 24.176: [CMS-concurrent-mark: 0.010/0.010 secs] [Times: user=0.02 sys=0.02, real=0.01 secs] 
2017-07-06T17:38:38.101+0900: 24.176: [CMS-concurrent-preclean-start]
2017-07-06T17:38:38.101+0900: 24.176: [CMS-concurrent-preclean: 0.000/0.000 secs] [Times: user=0.00 sys=0.00, real=0.00 secs] 
2017-07-06T17:38:38.101+0900: 24.177: [GC[YG occupancy: 1110 K (2432 K)]2017-07-06T17:38:38.101+0900: 24.177: [Rescan (parallel) , 0.0001965 secs]2017-07-06T17:38:38.102+0900: 24.177: [weak refs processing, 0.0000223 secs]2017-07-06T17:38:38.102+0900: 24.177: [scrub string table, 0.0002132 secs] [1 CMS-remark: 5363K(5504K)] 6473K(7936K), 0.0005222 secs] [Times: user=0.00 sys=0.00, real=0.00 secs] 
2017-07-06T17:38:38.102+0900: 24.177: [CMS-concurrent-sweep-start]
2017-07-06T17:38:38.106+0900: 24.181: [CMS-concurrent-sweep: 0.004/0.004 secs] [Times: user=0.00 sys=0.00, real=0.00 secs] 
2017-07-06T17:38:38.106+0900: 24.181: [CMS-concurrent-reset-start]
2017-07-06T17:38:38.107+0900: 24.182: [CMS-concurrent-reset: 0.000/0.000 secs] [Times: user=0.00 sys=0.00, real=0.00 secs] 
2017-07-06T17:38:38.114+0900: 24.189: [GC2017-07-06T17:38:38.114+0900: 24.189: [ParNew
Desired survivor size 131072 bytes, new threshold 6 (max 6)
- age   1:      16384 bytes,      16384 total
- age   2:       4840 bytes,      21224 total
- age   3:       4648 bytes,      25872 total
- age   4:       4704 bytes,      30576 total
- age   5:       4648 bytes,      35224 total
- age   6:       4704 bytes,      39928 total
: 2214K->45K(2432K), 0.0006087 secs] 7578K->5409K(7936K), 0.0006793 secs] [Times: user=0.00 sys=0.00, real=0.00 secs] 
2017-07-06T17:38:38.115+0900: 24.190: [GC [1 CMS-initial-mark: 5363K(5504K)] 5444K(7936K), 0.0001361 secs] [Times: user=0.00 sys=0.00, real=0.00 secs] 
2017-07-06T17:38:38.115+0900: 24.190: [CMS-concurrent-mark-start]
2017-07-06T17:38:38.125+0900: 24.200: [CMS-concurrent-mark: 0.010/0.010 secs] [Times: user=0.01 sys=0.02, real=0.01 secs] 
2017-07-06T17:38:38.125+0900: 24.200: [CMS-concurrent-preclean-start]
2017-07-06T17:38:38.125+0900: 24.200: [CMS-concurrent-preclean: 0.000/0.000 secs] [Times: user=0.00 sys=0.00, real=0.00 secs] 
2017-07-06T17:38:38.125+0900: 24.200: [GC[YG occupancy: 1083 K (2432 K)]2017-07-06T17:38:38.125+0900: 24.200: [Rescan (parallel) , 0.0001926 secs]2017-07-06T17:38:38.125+0900: 24.201: [weak refs processing, 0.0000223 secs]2017-07-06T17:38:38.125+0900: 24.201: [scrub string table, 0.0002144 secs] [1 CMS-remark: 5363K(5504K)] 6446K(7936K), 0.0005166 secs] [Times: user=0.00 sys=0.00, real=0.00 secs] 
2017-07-06T17:38:38.126+0900: 24.201: [CMS-concurrent-sweep-start]
2017-07-06T17:38:38.130+0900: 24.205: [CMS-concurrent-sweep: 0.004/0.004 secs] [Times: user=0.00 sys=0.00, real=0.00 secs] 
2017-07-06T17:38:38.130+0900: 24.205: [CMS-concurrent-reset-start]
2017-07-06T17:38:38.130+0900: 24.206: [CMS-concurrent-reset: 0.000/0.000 secs] [Times: user=0.00 sys=0.00, real=0.00 secs] 
2017-07-06T17:38:38.138+0900: 24.213: [GC2017-07-06T17:38:38.138+0900: 24.213: [ParNew
Desired survivor size 131072 bytes, new threshold 6 (max 6)
- age   1:      24400 bytes,      24400 total
- age   2:       4840 bytes,      29240 total
- age   3:       4704 bytes,      33944 total
- age   4:       4648 bytes,      38592 total
- age   5:       4704 bytes,      43296 total
- age   6:       4648 bytes,      47944 total
: 2207K->67K(2432K), 0.0006874 secs] 7571K->5439K(7936K), 0.0007538 secs] [Times: user=0.00 sys=0.00, real=0.00 secs] 
2017-07-06T17:38:38.139+0900: 24.214: [GC [1 CMS-initial-mark: 5372K(5504K)] 5455K(7936K), 0.0001353 secs] [Times: user=0.00 sys=0.00, real=0.00 secs] 
2017-07-06T17:38:38.139+0900: 24.214: [CMS-concurrent-mark-start]
2017-07-06T17:38:38.149+0900: 24.224: [CMS-concurrent-mark: 0.010/0.010 secs] [Times: user=0.02 sys=0.02, real=0.01 secs] 
2017-07-06T17:38:38.149+0900: 24.224: [CMS-concurrent-preclean-start]
2017-07-06T17:38:38.149+0900: 24.224: [CMS-concurrent-preclean: 0.000/0.000 secs] [Times: user=0.00 sys=0.00, real=0.00 secs] 
2017-07-06T17:38:38.149+0900: 24.224: [GC[YG occupancy: 810 K (2432 K)]2017-07-06T17:38:38.149+0900: 24.224: [Rescan (parallel) , 0.0001811 secs]2017-07-06T17:38:38.149+0900: 24.224: [weak refs processing, 0.0000214 secs]2017-07-06T17:38:38.149+0900: 24.224: [scrub string table, 0.0002204 secs] [1 CMS-remark: 5372K(5504K)] 6182K(7936K), 0.0005325 secs] [Times: user=0.00 sys=0.00, real=0.00 secs] 
2017-07-06T17:38:38.150+0900: 24.225: [CMS-concurrent-sweep-start]
2017-07-06T17:38:38.154+0900: 24.229: [CMS-concurrent-sweep: 0.004/0.004 secs] [Times: user=0.00 sys=0.00, real=0.00 secs] 
2017-07-06T17:38:38.154+0900: 24.229: [CMS-concurrent-reset-start]
2017-07-06T17:38:38.154+0900: 24.229: [CMS-concurrent-reset: 0.000/0.000 secs] [Times: user=0.00 sys=0.00, real=0.00 secs] 
2017-07-06T17:38:38.164+0900: 24.239: [GC2017-07-06T17:38:38.164+0900: 24.239: [ParNew
Desired survivor size 131072 bytes, new threshold 6 (max 6)
- age   1:      16384 bytes,      16384 total
- age   2:       4784 bytes,      21168 total
- age   3:       4704 bytes,      25872 total
- age   4:       4704 bytes,      30576 total
- age   5:       4648 bytes,      35224 total
- age   6:       4704 bytes,      39928 total
: 2235K->44K(2432K), 0.0009323 secs] 7607K->5421K(7936K), 0.0010166 secs] [Times: user=0.00 sys=0.00, real=0.00 secs] 
2017-07-06T17:38:38.180+0900: 24.255: [GC [1 CMS-initial-mark: 5376K(5504K)] 6666K(7936K), 0.0002851 secs] [Times: user=0.00 sys=0.00, real=0.00 secs] 
2017-07-06T17:38:38.180+0900: 24.255: [CMS-concurrent-mark-start]
2017-07-06T17:38:38.190+0900: 24.265: [CMS-concurrent-mark: 0.010/0.010 secs] [Times: user=0.02 sys=0.02, real=0.01 secs] 
2017-07-06T17:38:38.190+0900: 24.265: [CMS-concurrent-preclean-start]
2017-07-06T17:38:38.190+0900: 24.265: [CMS-concurrent-preclean: 0.000/0.000 secs] [Times: user=0.00 sys=0.00, real=0.00 secs] 
2017-07-06T17:38:38.192+0900: 24.267: [GC2017-07-06T17:38:38.192+0900: 24.267: [ParNew
Desired survivor size 131072 bytes, new threshold 6 (max 6)
- age   1:      24400 bytes,      24400 total
- age   2:       4840 bytes,      29240 total
- age   3:       4648 bytes,      33888 total
- age   4:       4704 bytes,      38592 total
- age   5:       4704 bytes,      43296 total
- age   6:       4648 bytes,      47944 total
: 2205K->72K(2432K), 0.0007118 secs] 7582K->5454K(7936K), 0.0007846 secs] [Times: user=0.00 sys=0.00, real=0.00 secs] 
2017-07-06T17:38:38.205+0900: 24.280: [GC[YG occupancy: 921 K (2432 K)]2017-07-06T17:38:38.205+0900: 24.280: [Rescan (parallel) , 0.0002714 secs]2017-07-06T17:38:38.205+0900: 24.281: [weak refs processing, 0.0000223 secs]2017-07-06T17:38:38.205+0900: 24.281: [scrub string table, 0.0002179 secs] [1 CMS-remark: 5381K(5504K)] 6303K(7936K), 0.0006202 secs] [Times: user=0.00 sys=0.00, real=0.00 secs] 
2017-07-06T17:38:38.206+0900: 24.281: [CMS-concurrent-sweep-start]
2017-07-06T17:38:38.210+0900: 24.285: [CMS-concurrent-sweep: 0.004/0.004 secs] [Times: user=0.00 sys=0.00, real=0.00 secs] 
2017-07-06T17:38:38.210+0900: 24.285: [CMS-concurrent-reset-start]
2017-07-06T17:38:38.210+0900: 24.285: [CMS-concurrent-reset: 0.000/0.000 secs] [Times: user=0.00 sys=0.00, real=0.00 secs] 
2017-07-06T17:38:38.219+0900: 24.294: [GC2017-07-06T17:38:38.219+0900: 24.294: [ParNew
Desired survivor size 131072 bytes, new threshold 6 (max 6)
- age   1:      16384 bytes,      16384 total
- age   2:       4784 bytes,      21168 total
- age   3:       4704 bytes,      25872 total
- age   4:       4648 bytes,      30520 total
- age   5:       4704 bytes,      35224 total
- age   6:       4704 bytes,      39928 total
: 2248K->64K(2432K), 0.0006849 secs] 7630K->5450K(7936K), 0.0007743 secs] [Times: user=0.00 sys=0.00, real=0.00 secs] 
2017-07-06T17:38:38.220+0900: 24.295: [GC [1 CMS-initial-mark: 5386K(5504K)] 5458K(7936K), 0.0001468 secs] [Times: user=0.00 sys=0.00, real=0.00 secs] 
2017-07-06T17:38:38.220+0900: 24.296: [CMS-concurrent-mark-start]
2017-07-06T17:38:38.230+0900: 24.306: [CMS-concurrent-mark: 0.010/0.010 secs] [Times: user=0.00 sys=0.00, real=0.01 secs] 
2017-07-06T17:38:38.231+0900: 24.306: [CMS-concurrent-preclean-start]
2017-07-06T17:38:38.231+0900: 24.306: [CMS-concurrent-preclean: 0.000/0.000 secs] [Times: user=0.00 sys=0.00, real=0.00 secs] 
2017-07-06T17:38:38.242+0900: 24.317: [GC[YG occupancy: 1774 K (2432 K)]2017-07-06T17:38:38.242+0900: 24.317: [Rescan (parallel) , 0.0002585 secs]2017-07-06T17:38:38.242+0900: 24.317: [weak refs processing, 0.0000244 secs]2017-07-06T17:38:38.242+0900: 24.318: [scrub string table, 0.0002333 secs] [1 CMS-remark: 5386K(5504K)] 7160K(7936K), 0.0006279 secs] [Times: user=0.00 sys=0.00, real=0.00 secs] 
2017-07-06T17:38:38.243+0900: 24.318: [CMS-concurrent-sweep-start]
2017-07-06T17:38:38.247+0900: 24.322: [CMS-concurrent-sweep: 0.004/0.004 secs] [Times: user=0.00 sys=0.00, real=0.00 secs] 
2017-07-06T17:38:38.247+0900: 24.322: [CMS-concurrent-reset-start]
2017-07-06T17:38:38.247+0900: 24.322: [CMS-concurrent-reset: 0.000/0.000 secs] [Times: user=0.00 sys=0.00, real=0.00 secs] 
2017-07-06T17:38:38.249+0900: 24.324: [GC2017-07-06T17:38:38.249+0900: 24.324: [ParNew
Desired survivor size 131072 bytes, new threshold 6 (max 6)
- age   1:      16384 bytes,      16384 total
- age   2:       4840 bytes,      21224 total
- age   3:       4648 bytes,      25872 total
- age   4:       4704 bytes,      30576 total
- age   5:       4648 bytes,      35224 total
- age   6:       4704 bytes,      39928 total
: 2240K->49K(2432K), 0.0006836 secs] 7626K->5440K(7936K), 0.0007444 secs] [Times: user=0.00 sys=0.00, real=0.00 secs] 
2017-07-06T17:38:38.250+0900: 24.325: [GC [1 CMS-initial-mark: 5390K(5504K)] 5448K(7936K), 0.0001631 secs] [Times: user=0.00 sys=0.00, real=0.00 secs] 
2017-07-06T17:38:38.250+0900: 24.325: [CMS-concurrent-mark-start]
2017-07-06T17:38:38.259+0900: 24.335: [CMS-concurrent-mark: 0.010/0.010 secs] [Times: user=0.00 sys=0.00, real=0.01 secs] 
2017-07-06T17:38:38.259+0900: 24.335: [CMS-concurrent-preclean-start]
2017-07-06T17:38:38.260+0900: 24.335: [CMS-concurrent-preclean: 0.000/0.000 secs] [Times: user=0.00 sys=0.00, real=0.00 secs] 
2017-07-06T17:38:38.260+0900: 24.335: [GC[YG occupancy: 828 K (2432 K)]2017-07-06T17:38:38.260+0900: 24.335: [Rescan (parallel) , 0.0001742 secs]2017-07-06T17:38:38.260+0900: 24.335: [weak refs processing, 0.0000223 secs]2017-07-06T17:38:38.260+0900: 24.335: [scrub string table, 0.0002123 secs] [1 CMS-remark: 5390K(5504K)] 6218K(7936K), 0.0004935 secs] [Times: user=0.00 sys=0.00, real=0.00 secs] 
2017-07-06T17:38:38.260+0900: 24.335: [CMS-concurrent-sweep-start]
2017-07-06T17:38:38.264+0900: 24.339: [CMS-concurrent-sweep: 0.004/0.004 secs] [Times: user=0.00 sys=0.00, real=0.00 secs] 
2017-07-06T17:38:38.264+0900: 24.339: [CMS-concurrent-reset-start]
2017-07-06T17:38:38.265+0900: 24.340: [CMS-concurrent-reset: 0.000/0.000 secs] [Times: user=0.01 sys=0.02, real=0.00 secs] 
2017-07-06T17:38:38.275+0900: 24.350: [GC2017-07-06T17:38:38.275+0900: 24.350: [ParNew
Desired survivor size 131072 bytes, new threshold 6 (max 6)
- age   1:      24400 bytes,      24400 total
- age   2:       4840 bytes,      29240 total
- age   3:       4704 bytes,      33944 total
- age   4:       4648 bytes,      38592 total
- age   5:       4704 bytes,      43296 total
- age   6:       4648 bytes,      47944 total
: 2212K->65K(2432K), 0.0007076 secs] 7602K->5460K(7936K), 0.0007859 secs] [Times: user=0.00 sys=0.00, real=0.00 secs] 
2017-07-06T17:38:38.279+0900: 24.354: [GC [1 CMS-initial-mark: 5395K(5504K)] 5695K(7936K), 0.0002072 secs] [Times: user=0.00 sys=0.00, real=0.00 secs] 
2017-07-06T17:38:38.279+0900: 24.354: [CMS-concurrent-mark-start]
2017-07-06T17:38:38.297+0900: 24.372: [CMS-concurrent-mark: 0.018/0.018 secs] [Times: user=0.05 sys=0.01, real=0.02 secs] 
2017-07-06T17:38:38.297+0900: 24.372: [CMS-concurrent-preclean-start]
2017-07-06T17:38:38.297+0900: 24.372: [CMS-concurrent-preclean: 0.000/0.000 secs] [Times: user=0.00 sys=0.00, real=0.00 secs] 
2017-07-06T17:38:38.297+0900: 24.373: [GC[YG occupancy: 1727 K (2432 K)]2017-07-06T17:38:38.297+0900: 24.373: [Rescan (parallel) , 0.0002812 secs]2017-07-06T17:38:38.298+0900: 24.373: [weak refs processing, 0.0000227 secs]2017-07-06T17:38:38.298+0900: 24.373: [scrub string table, 0.0002329 secs] [1 CMS-remark: 5395K(5504K)] 7122K(7936K), 0.0006275 secs] [Times: user=0.00 sys=0.00, real=0.00 secs] 
2017-07-06T17:38:38.298+0900: 24.373: [CMS-concurrent-sweep-start]
2017-07-06T17:38:38.302+0900: 24.377: [CMS-concurrent-sweep: 0.004/0.004 secs] [Times: user=0.00 sys=0.00, real=0.00 secs] 
2017-07-06T17:38:38.302+0900: 24.377: [CMS-concurrent-reset-start]
2017-07-06T17:38:38.302+0900: 24.378: [CMS-concurrent-reset: 0.000/0.000 secs] [Times: user=0.00 sys=0.00, real=0.00 secs] 
2017-07-06T17:38:38.304+0900: 24.379: [GC2017-07-06T17:38:38.304+0900: 24.379: [ParNew
Desired survivor size 131072 bytes, new threshold 6 (max 6)
- age   1:      16384 bytes,      16384 total
- age   2:       4784 bytes,      21168 total
- age   3:       4704 bytes,      25872 total
- age   4:       4704 bytes,      30576 total
- age   5:       4648 bytes,      35224 total
- age   6:       4704 bytes,      39928 total
: 2241K->62K(2432K), 0.0006784 secs] 7636K->5462K(7936K), 0.0007418 secs] [Times: user=0.00 sys=0.00, real=0.00 secs] 
2017-07-06T17:38:38.305+0900: 24.380: [GC [1 CMS-initial-mark: 5399K(5504K)] 5470K(7936K), 0.0001430 secs] [Times: user=0.00 sys=0.00, real=0.00 secs] 
2017-07-06T17:38:38.305+0900: 24.380: [CMS-concurrent-mark-start]
2017-07-06T17:38:38.315+0900: 24.390: [CMS-concurrent-mark: 0.010/0.010 secs] [Times: user=0.02 sys=0.00, real=0.01 secs] 
2017-07-06T17:38:38.315+0900: 24.390: [CMS-concurrent-preclean-start]
2017-07-06T17:38:38.315+0900: 24.390: [CMS-concurrent-preclean: 0.000/0.000 secs] [Times: user=0.00 sys=0.00, real=0.00 secs] 
2017-07-06T17:38:38.315+0900: 24.390: [GC[YG occupancy: 917 K (2432 K)]2017-07-06T17:38:38.315+0900: 24.390: [Rescan (parallel) , 0.0002003 secs]2017-07-06T17:38:38.315+0900: 24.391: [weak refs processing, 0.0000227 secs]2017-07-06T17:38:38.315+0900: 24.391: [scrub string table, 0.0002341 secs] [1 CMS-remark: 5399K(5504K)] 6317K(7936K), 0.0005595 secs] [Times: user=0.00 sys=0.00, real=0.00 secs] 
2017-07-06T17:38:38.316+0900: 24.391: [CMS-concurrent-sweep-start]
2017-07-06T17:38:38.320+0900: 24.395: [CMS-concurrent-sweep: 0.004/0.004 secs] [Times: user=0.00 sys=0.00, real=0.00 secs] 
2017-07-06T17:38:38.320+0900: 24.395: [CMS-concurrent-reset-start]
2017-07-06T17:38:38.320+0900: 24.395: [CMS-concurrent-reset: 0.000/0.000 secs] [Times: user=0.00 sys=0.00, real=0.00 secs] 
2017-07-06T17:38:38.330+0900: 24.406: [GC2017-07-06T17:38:38.330+0900: 24.406: [ParNew
Desired survivor size 131072 bytes, new threshold 6 (max 6)
- age   1:      16384 bytes,      16384 total
- age   2:       4840 bytes,      21224 total
- age   3:       4648 bytes,      25872 total
- age   4:       4704 bytes,      30576 total
- age   5:       4704 bytes,      35280 total
- age   6:       4648 bytes,      39928 total
: 2238K->49K(2432K), 0.0006909 secs] 7638K->5453K(7936K), 0.0007628 secs] [Times: user=0.00 sys=0.00, real=0.00 secs] 
2017-07-06T17:38:38.331+0900: 24.406: [GC [1 CMS-initial-mark: 5404K(5504K)] 5461K(7936K), 0.0001438 secs] [Times: user=0.00 sys=0.00, real=0.00 secs] 
2017-07-06T17:38:38.331+0900: 24.407: [CMS-concurrent-mark-start]
2017-07-06T17:38:38.341+0900: 24.417: [CMS-concurrent-mark: 0.010/0.010 secs] [Times: user=0.00 sys=0.00, real=0.01 secs] 
2017-07-06T17:38:38.341+0900: 24.417: [CMS-concurrent-preclean-start]
2017-07-06T17:38:38.342+0900: 24.417: [CMS-concurrent-preclean: 0.000/0.000 secs] [Times: user=0.00 sys=0.00, real=0.00 secs] 
2017-07-06T17:38:38.342+0900: 24.417: [GC[YG occupancy: 906 K (2432 K)]2017-07-06T17:38:38.342+0900: 24.417: [Rescan (parallel) , 0.0001883 secs]2017-07-06T17:38:38.342+0900: 24.417: [weak refs processing, 0.0000253 secs]2017-07-06T17:38:38.342+0900: 24.417: [scrub string table, 0.0002123 secs] [1 CMS-remark: 5404K(5504K)] 6310K(7936K), 0.0005192 secs] [Times: user=0.00 sys=0.00, real=0.00 secs] 
2017-07-06T17:38:38.342+0900: 24.417: [CMS-concurrent-sweep-start]
2017-07-06T17:38:38.346+0900: 24.421: [CMS-concurrent-sweep: 0.004/0.004 secs] [Times: user=0.01 sys=0.02, real=0.00 secs] 
2017-07-06T17:38:38.346+0900: 24.422: [CMS-concurrent-reset-start]
2017-07-06T17:38:38.347+0900: 24.422: [CMS-concurrent-reset: 0.000/0.000 secs] [Times: user=0.00 sys=0.00, real=0.00 secs] 
2017-07-06T17:38:38.358+0900: 24.433: [GC2017-07-06T17:38:38.358+0900: 24.433: [ParNew
Desired survivor size 131072 bytes, new threshold 6 (max 6)
- age   1:      24400 bytes,      24400 total
- age   2:       4840 bytes,      29240 total
- age   3:       4704 bytes,      33944 total
- age   4:       4648 bytes,      38592 total
- age   5:       4704 bytes,      43296 total
- age   6:       4704 bytes,      48000 total
: 2211K->50K(2432K), 0.0038318 secs] 7615K->5459K(7936K), 0.0039328 secs] [Times: user=0.02 sys=0.00, real=0.00 secs] 
2017-07-06T17:38:38.362+0900: 24.437: [GC [1 CMS-initial-mark: 5408K(5504K)] 5475K(7936K), 0.0001567 secs] [Times: user=0.00 sys=0.00, real=0.00 secs] 
2017-07-06T17:38:38.362+0900: 24.438: [CMS-concurrent-mark-start]
2017-07-06T17:38:38.372+0900: 24.447: [CMS-concurrent-mark: 0.010/0.010 secs] [Times: user=0.00 sys=0.00, real=0.01 secs] 
2017-07-06T17:38:38.372+0900: 24.447: [CMS-concurrent-preclean-start]
2017-07-06T17:38:38.372+0900: 24.448: [CMS-concurrent-preclean: 0.000/0.000 secs] [Times: user=0.00 sys=0.00, real=0.00 secs] 
2017-07-06T17:38:38.374+0900: 24.449: [GC[YG occupancy: 1218 K (2432 K)]2017-07-06T17:38:38.374+0900: 24.449: [Rescan (parallel) , 0.0002089 secs]2017-07-06T17:38:38.374+0900: 24.449: [weak refs processing, 0.0000240 secs]2017-07-06T17:38:38.374+0900: 24.449: [scrub string table, 0.0002346 secs] [1 CMS-remark: 5408K(5504K)] 6627K(7936K), 0.0005736 secs] [Times: user=0.00 sys=0.00, real=0.00 secs] 
2017-07-06T17:38:38.375+0900: 24.450: [CMS-concurrent-sweep-start]
2017-07-06T17:38:38.379+0900: 24.454: [CMS-concurrent-sweep: 0.004/0.004 secs] [Times: user=0.00 sys=0.00, real=0.00 secs] 
2017-07-06T17:38:38.379+0900: 24.454: [CMS-concurrent-reset-start]
2017-07-06T17:38:38.379+0900: 24.454: [CMS-concurrent-reset: 0.000/0.000 secs] [Times: user=0.00 sys=0.00, real=0.00 secs] 
2017-07-06T17:38:38.386+0900: 24.461: [GC2017-07-06T17:38:38.386+0900: 24.461: [ParNew
Desired survivor size 131072 bytes, new threshold 6 (max 6)
- age   1:      16384 bytes,      16384 total
- age   2:       4784 bytes,      21168 total
- age   3:       4704 bytes,      25872 total
- age   4:       4704 bytes,      30576 total
- age   5:       4648 bytes,      35224 total
- age   6:       4704 bytes,      39928 total
: 2218K->62K(2432K), 0.0006883 secs] 7627K->5476K(7936K), 0.0007564 secs] [Times: user=0.00 sys=0.00, real=0.00 secs] 
2017-07-06T17:38:38.387+0900: 24.462: [GC [1 CMS-initial-mark: 5413K(5504K)] 5484K(7936K), 0.0001477 secs] [Times: user=0.00 sys=0.00, real=0.00 secs] 
2017-07-06T17:38:38.387+0900: 24.462: [CMS-concurrent-mark-start]
2017-07-06T17:38:38.397+0900: 24.472: [CMS-concurrent-mark: 0.010/0.010 secs] [Times: user=0.01 sys=0.02, real=0.01 secs] 
2017-07-06T17:38:38.397+0900: 24.472: [CMS-concurrent-preclean-start]
2017-07-06T17:38:38.397+0900: 24.472: [CMS-concurrent-preclean: 0.000/0.000 secs] [Times: user=0.00 sys=0.00, real=0.00 secs] 
2017-07-06T17:38:38.397+0900: 24.473: [GC[YG occupancy: 773 K (2432 K)]2017-07-06T17:38:38.397+0900: 24.473: [Rescan (parallel) , 0.0001871 secs]2017-07-06T17:38:38.398+0900: 24.473: [weak refs processing, 0.0000218 secs]2017-07-06T17:38:38.398+0900: 24.473: [scrub string table, 0.0002136 secs] [1 CMS-remark: 5413K(5504K)] 6186K(7936K), 0.0005085 secs] [Times: user=0.00 sys=0.00, real=0.00 secs] 
2017-07-06T17:38:38.398+0900: 24.473: [CMS-concurrent-sweep-start]
2017-07-06T17:38:38.402+0900: 24.477: [CMS-concurrent-sweep: 0.004/0.004 secs] [Times: user=0.00 sys=0.00, real=0.00 secs] 
2017-07-06T17:38:38.402+0900: 24.477: [CMS-concurrent-reset-start]
2017-07-06T17:38:38.402+0900: 24.477: [CMS-concurrent-reset: 0.000/0.000 secs] [Times: user=0.00 sys=0.00, real=0.00 secs] 
2017-07-06T17:38:38.412+0900: 24.488: [GC2017-07-06T17:38:38.413+0900: 24.488: [ParNew
Desired survivor size 131072 bytes, new threshold 6 (max 6)
- age   1:      24400 bytes,      24400 total
- age   2:       4840 bytes,      29240 total
- age   3:       4648 bytes,      33888 total
- age   4:       4704 bytes,      38592 total
- age   5:       4704 bytes,      43296 total
- age   6:       4648 bytes,      47944 total
: 2224K->57K(2432K), 0.0006810 secs] 7637K->5475K(7936K), 0.0007752 secs] [Times: user=0.00 sys=0.00, real=0.00 secs] 
2017-07-06T17:38:38.413+0900: 24.489: [GC [1 CMS-initial-mark: 5418K(5504K)] 5491K(7936K), 0.0001374 secs] [Times: user=0.00 sys=0.00, real=0.00 secs] 
2017-07-06T17:38:38.414+0900: 24.489: [CMS-concurrent-mark-start]
2017-07-06T17:38:38.423+0900: 24.498: [CMS-concurrent-mark: 0.010/0.010 secs] [Times: user=0.02 sys=0.02, real=0.01 secs] 
2017-07-06T17:38:38.423+0900: 24.499: [CMS-concurrent-preclean-start]
2017-07-06T17:38:38.423+0900: 24.499: [CMS-concurrent-preclean: 0.000/0.000 secs] [Times: user=0.00 sys=0.00, real=0.00 secs] 
2017-07-06T17:38:38.424+0900: 24.499: [GC[YG occupancy: 941 K (2432 K)]2017-07-06T17:38:38.424+0900: 24.499: [Rescan (parallel) , 0.0001909 secs]2017-07-06T17:38:38.424+0900: 24.499: [weak refs processing, 0.0000214 secs]2017-07-06T17:38:38.424+0900: 24.499: [scrub string table, 0.0002097 secs] [1 CMS-remark: 5418K(5504K)] 6359K(7936K), 0.0005047 secs] [Times: user=0.00 sys=0.00, real=0.00 secs] 
2017-07-06T17:38:38.424+0900: 24.499: [CMS-concurrent-sweep-start]
2017-07-06T17:38:38.428+0900: 24.503: [CMS-concurrent-sweep: 0.004/0.004 secs] [Times: user=0.00 sys=0.00, real=0.00 secs] 
2017-07-06T17:38:38.428+0900: 24.503: [CMS-concurrent-reset-start]
2017-07-06T17:38:38.429+0900: 24.504: [CMS-concurrent-reset: 0.000/0.000 secs] [Times: user=0.00 sys=0.00, real=0.00 secs] 
2017-07-06T17:38:38.438+0900: 24.514: [GC2017-07-06T17:38:38.438+0900: 24.514: [ParNew
Desired survivor size 131072 bytes, new threshold 6 (max 6)
- age   1:      16384 bytes,      16384 total
- age   2:       4784 bytes,      21168 total
- age   3:       4704 bytes,      25872 total
- age   4:       4648 bytes,      30520 total
- age   5:       4704 bytes,      35224 total
- age   6:       4704 bytes,      39928 total
: 2233K->50K(2432K), 0.0006990 secs] 7651K->5473K(7936K), 0.0007713 secs] [Times: user=0.00 sys=0.00, real=0.00 secs] 
2017-07-06T17:38:38.439+0900: 24.514: [GC [1 CMS-initial-mark: 5422K(5504K)] 5481K(7936K), 0.0001443 secs] [Times: user=0.00 sys=0.00, real=0.00 secs] 
2017-07-06T17:38:38.439+0900: 24.515: [CMS-concurrent-mark-start]
2017-07-06T17:38:38.449+0900: 24.524: [CMS-concurrent-mark: 0.010/0.010 secs] [Times: user=0.00 sys=0.00, real=0.01 secs] 
2017-07-06T17:38:38.449+0900: 24.524: [CMS-concurrent-preclean-start]
2017-07-06T17:38:38.449+0900: 24.525: [CMS-concurrent-preclean: 0.000/0.000 secs] [Times: user=0.00 sys=0.00, real=0.00 secs] 
2017-07-06T17:38:38.450+0900: 24.525: [GC[YG occupancy: 941 K (2432 K)]2017-07-06T17:38:38.450+0900: 24.525: [Rescan (parallel) , 0.0001905 secs]2017-07-06T17:38:38.450+0900: 24.525: [weak refs processing, 0.0000231 secs]2017-07-06T17:38:38.450+0900: 24.525: [scrub string table, 0.0002290 secs] [1 CMS-remark: 5422K(5504K)] 6363K(7936K), 0.0005312 secs] [Times: user=0.00 sys=0.00, real=0.00 secs] 
2017-07-06T17:38:38.451+0900: 24.526: [CMS-concurrent-sweep-start]
2017-07-06T17:38:38.455+0900: 24.530: [CMS-concurrent-sweep: 0.004/0.004 secs] [Times: user=0.02 sys=0.01, real=0.00 secs] 
2017-07-06T17:38:38.455+0900: 24.530: [CMS-concurrent-reset-start]
2017-07-06T17:38:38.455+0900: 24.531: [CMS-concurrent-reset: 0.000/0.000 secs] [Times: user=0.00 sys=0.00, real=0.00 secs] 
2017-07-06T17:38:38.465+0900: 24.540: [GC2017-07-06T17:38:38.465+0900: 24.540: [ParNew
Desired survivor size 131072 bytes, new threshold 6 (max 6)
- age   1:      16384 bytes,      16384 total
- age   2:       4840 bytes,      21224 total
- age   3:       4648 bytes,      25872 total
- age   4:       4704 bytes,      30576 total
- age   5:       4648 bytes,      35224 total
- age   6:       4704 bytes,      39928 total
: 2226K->53K(2432K), 0.0130707 secs] 7649K->5480K(7936K), 0.0132051 secs] [Times: user=0.01 sys=0.00, real=0.01 secs] 
2017-07-06T17:38:38.487+0900: 24.562: [GC [1 CMS-initial-mark: 5427K(5504K)] 6294K(7936K), 0.0002637 secs] [Times: user=0.00 sys=0.00, real=0.00 secs] 
2017-07-06T17:38:38.487+0900: 24.563: [CMS-concurrent-mark-start]
2017-07-06T17:38:38.497+0900: 24.573: [CMS-concurrent-mark: 0.010/0.010 secs] [Times: user=0.00 sys=0.00, real=0.01 secs] 
2017-07-06T17:38:38.498+0900: 24.573: [CMS-concurrent-preclean-start]
2017-07-06T17:38:38.498+0900: 24.573: [CMS-concurrent-preclean: 0.000/0.000 secs] [Times: user=0.00 sys=0.00, real=0.00 secs] 
2017-07-06T17:38:38.498+0900: 24.573: [GC[YG occupancy: 1724 K (2432 K)]2017-07-06T17:38:38.498+0900: 24.573: [Rescan (parallel) , 0.0002444 secs]2017-07-06T17:38:38.498+0900: 24.573: [weak refs processing, 0.0000227 secs]2017-07-06T17:38:38.498+0900: 24.573: [scrub string table, 0.0002170 secs] [1 CMS-remark: 5427K(5504K)] 7151K(7936K), 0.0005749 secs] [Times: user=0.00 sys=0.00, real=0.00 secs] 
2017-07-06T17:38:38.499+0900: 24.575: [CMS-concurrent-sweep-start]
2017-07-06T17:38:38.503+0900: 24.579: [CMS-concurrent-sweep: 0.004/0.004 secs] [Times: user=0.00 sys=0.00, real=0.00 secs] 
2017-07-06T17:38:38.503+0900: 24.579: [CMS-concurrent-reset-start]
2017-07-06T17:38:38.504+0900: 24.579: [CMS-concurrent-reset: 0.000/0.000 secs] [Times: user=0.00 sys=0.00, real=0.00 secs] 
2017-07-06T17:38:38.505+0900: 24.580: [GC2017-07-06T17:38:38.505+0900: 24.580: [ParNew
Desired survivor size 131072 bytes, new threshold 6 (max 6)
- age   1:      24400 bytes,      24400 total
- age   2:       4840 bytes,      29240 total
- age   3:       4704 bytes,      33944 total
- age   4:       4648 bytes,      38592 total
- age   5:       4704 bytes,      43296 total
- age   6:       4648 bytes,      47944 total
: 2216K->69K(2432K), 0.0006635 secs] 7643K->5501K(7936K), 0.0007230 secs] [Times: user=0.00 sys=0.00, real=0.00 secs] 
2017-07-06T17:38:38.505+0900: 24.581: [GC [1 CMS-initial-mark: 5431K(5504K)] 5517K(7936K), 0.0001417 secs] [Times: user=0.00 sys=0.00, real=0.00 secs] 
2017-07-06T17:38:38.506+0900: 24.581: [CMS-concurrent-mark-start]
2017-07-06T17:38:38.516+0900: 24.591: [CMS-concurrent-mark: 0.010/0.010 secs] [Times: user=0.02 sys=0.02, real=0.01 secs] 
2017-07-06T17:38:38.516+0900: 24.591: [CMS-concurrent-preclean-start]
2017-07-06T17:38:38.516+0900: 24.591: [CMS-concurrent-preclean: 0.000/0.000 secs] [Times: user=0.00 sys=0.00, real=0.00 secs] 
2017-07-06T17:38:38.516+0900: 24.591: [GC[YG occupancy: 772 K (2432 K)]2017-07-06T17:38:38.516+0900: 24.591: [Rescan (parallel) , 0.0001802 secs]2017-07-06T17:38:38.516+0900: 24.591: [weak refs processing, 0.0000227 secs]2017-07-06T17:38:38.516+0900: 24.591: [scrub string table, 0.0002132 secs] [1 CMS-remark: 5431K(5504K)] 6204K(7936K), 0.0005038 secs] [Times: user=0.00 sys=0.00, real=0.00 secs] 
2017-07-06T17:38:38.516+0900: 24.592: [CMS-concurrent-sweep-start]
2017-07-06T17:38:38.534+0900: 24.609: [GC2017-07-06T17:38:38.534+0900: 24.609: [ParNew
Desired survivor size 131072 bytes, new threshold 6 (max 6)
- age   1:      16384 bytes,      16384 total
- age   2:       4784 bytes,      21168 total
- age   3:       4704 bytes,      25872 total
- age   4:       4704 bytes,      30576 total
- age   5:       4648 bytes,      35224 total
- age   6:       4704 bytes,      39928 total
: 2245K->63K(2432K), 0.0007067 secs] 7677K->5499K(7936K), 0.0007876 secs] [Times: user=0.00 sys=0.00, real=0.00 secs] 
2017-07-06T17:38:38.536+0900: 24.611: [CMS-concurrent-sweep: 0.019/0.020 secs] [Times: user=0.00 sys=0.02, real=0.02 secs] 
2017-07-06T17:38:38.536+0900: 24.611: [CMS-concurrent-reset-start]
2017-07-06T17:38:38.536+0900: 24.612: [CMS-concurrent-reset: 0.000/0.000 secs] [Times: user=0.00 sys=0.00, real=0.00 secs] 
2017-07-06T17:38:38.556+0900: 24.631: [GC2017-07-06T17:38:38.556+0900: 24.631: [ParNew
Desired survivor size 131072 bytes, new threshold 6 (max 6)
- age   1:      24400 bytes,      24400 total
- age   2:       4840 bytes,      29240 total
- age   3:       4648 bytes,      33888 total
- age   4:       4704 bytes,      38592 total
- age   5:       4704 bytes,      43296 total
- age   6:       4648 bytes,      47944 total
: 2223K->57K(2432K), 0.0006759 secs] 7659K->5498K(7936K), 0.0007559 secs] [Times: user=0.00 sys=0.00, real=0.00 secs] 
2017-07-06T17:38:38.557+0900: 24.632: [GC [1 CMS-initial-mark: 5440K(5504K)] 5514K(7936K), 0.0001365 secs] [Times: user=0.00 sys=0.00, real=0.00 secs] 
2017-07-06T17:38:38.557+0900: 24.632: [CMS-concurrent-mark-start]
2017-07-06T17:38:38.568+0900: 24.643: [CMS-concurrent-mark: 0.010/0.010 secs] [Times: user=0.00 sys=0.02, real=0.01 secs] 
2017-07-06T17:38:38.568+0900: 24.643: [CMS-concurrent-preclean-start]
2017-07-06T17:38:38.568+0900: 24.643: [CMS-concurrent-preclean: 0.000/0.000 secs] [Times: user=0.00 sys=0.00, real=0.00 secs] 
2017-07-06T17:38:38.568+0900: 24.643: [GC[YG occupancy: 1165 K (2432 K)]2017-07-06T17:38:38.568+0900: 24.643: [Rescan (parallel) , 0.0001999 secs]2017-07-06T17:38:38.568+0900: 24.643: [weak refs processing, 0.0000218 secs]2017-07-06T17:38:38.568+0900: 24.643: [scrub string table, 0.0002157 secs] [1 CMS-remark: 5440K(5504K)] 6606K(7936K), 0.0005376 secs] [Times: user=0.00 sys=0.00, real=0.00 secs] 
2017-07-06T17:38:38.569+0900: 24.644: [CMS-concurrent-sweep-start]
2017-07-06T17:38:38.573+0900: 24.648: [CMS-concurrent-sweep: 0.004/0.004 secs] [Times: user=0.00 sys=0.00, real=0.00 secs] 
2017-07-06T17:38:38.573+0900: 24.648: [CMS-concurrent-reset-start]
2017-07-06T17:38:38.573+0900: 24.649: [CMS-concurrent-reset: 0.000/0.000 secs] [Times: user=0.00 sys=0.00, real=0.00 secs] 
2017-07-06T17:38:38.580+0900: 24.656: [GC2017-07-06T17:38:38.581+0900: 24.656: [ParNew
Desired survivor size 131072 bytes, new threshold 6 (max 6)
- age   1:      16384 bytes,      16384 total
- age   2:       4784 bytes,      21168 total
- age   3:       4704 bytes,      25872 total
- age   4:       4648 bytes,      30520 total
- age   5:       4704 bytes,      35224 total
- age   6:       4704 bytes,      39928 total
: 2233K->50K(2432K), 0.0006823 secs] 7674K->5496K(7936K), 0.0007525 secs] [Times: user=0.00 sys=0.00, real=0.00 secs] 
2017-07-06T17:38:38.581+0900: 24.657: [GC [1 CMS-initial-mark: 5445K(5504K)] 5504K(7936K), 0.0001451 secs] [Times: user=0.00 sys=0.00, real=0.00 secs] 
2017-07-06T17:38:38.582+0900: 24.657: [CMS-concurrent-mark-start]
2017-07-06T17:38:38.591+0900: 24.667: [CMS-concurrent-mark: 0.010/0.010 secs] [Times: user=0.00 sys=0.00, real=0.01 secs] 
2017-07-06T17:38:38.591+0900: 24.667: [CMS-concurrent-preclean-start]
2017-07-06T17:38:38.592+0900: 24.667: [CMS-concurrent-preclean: 0.000/0.000 secs] [Times: user=0.00 sys=0.00, real=0.00 secs] 
2017-07-06T17:38:38.592+0900: 24.667: [GC[YG occupancy: 1113 K (2432 K)]2017-07-06T17:38:38.592+0900: 24.667: [Rescan (parallel) , 0.0001965 secs]2017-07-06T17:38:38.592+0900: 24.667: [weak refs processing, 0.0000223 secs]2017-07-06T17:38:38.592+0900: 24.667: [scrub string table, 0.0002132 secs] [1 CMS-remark: 5445K(5504K)] 6558K(7936K), 0.0005158 secs] [Times: user=0.00 sys=0.00, real=0.00 secs] 
2017-07-06T17:38:38.593+0900: 24.668: [CMS-concurrent-sweep-start]
2017-07-06T17:38:38.597+0900: 24.672: [CMS-concurrent-sweep: 0.004/0.004 secs] [Times: user=0.00 sys=0.00, real=0.00 secs] 
2017-07-06T17:38:38.597+0900: 24.672: [CMS-concurrent-reset-start]
2017-07-06T17:38:38.597+0900: 24.673: [CMS-concurrent-reset: 0.000/0.000 secs] [Times: user=0.00 sys=0.00, real=0.00 secs] 
2017-07-06T17:38:38.604+0900: 24.679: [GC2017-07-06T17:38:38.604+0900: 24.679: [ParNew
Desired survivor size 131072 bytes, new threshold 6 (max 6)
- age   1:      24400 bytes,      24400 total
- age   2:       4840 bytes,      29240 total
- age   3:       4648 bytes,      33888 total
- age   4:       4704 bytes,      38592 total
- age   5:       4648 bytes,      43240 total
- age   6:       4704 bytes,      47944 total
: 2211K->68K(2432K), 0.0006750 secs] 7656K->5518K(7936K), 0.0007418 secs] [Times: user=0.00 sys=0.00, real=0.00 secs] 
2017-07-06T17:38:38.605+0900: 24.680: [GC [1 CMS-initial-mark: 5450K(5504K)] 5534K(7936K), 0.0001357 secs] [Times: user=0.00 sys=0.00, real=0.00 secs] 
2017-07-06T17:38:38.605+0900: 24.681: [CMS-concurrent-mark-start]
2017-07-06T17:38:38.616+0900: 24.691: [CMS-concurrent-mark: 0.010/0.010 secs] [Times: user=0.01 sys=0.02, real=0.01 secs] 
2017-07-06T17:38:38.616+0900: 24.691: [CMS-concurrent-preclean-start]
2017-07-06T17:38:38.616+0900: 24.691: [CMS-concurrent-preclean: 0.000/0.000 secs] [Times: user=0.00 sys=0.00, real=0.00 secs] 
2017-07-06T17:38:38.616+0900: 24.691: [GC[YG occupancy: 190 K (2432 K)]2017-07-06T17:38:38.616+0900: 24.691: [Rescan (parallel) , 0.0003112 secs]2017-07-06T17:38:38.616+0900: 24.692: [weak refs processing, 0.0000231 secs]2017-07-06T17:38:38.616+0900: 24.692: [scrub string table, 0.0002346 secs] [1 CMS-remark: 5450K(5504K)] 5640K(7936K), 0.0006686 secs] [Times: user=0.00 sys=0.00, real=0.00 secs] 
2017-07-06T17:38:38.617+0900: 24.692: [CMS-concurrent-sweep-start]
2017-07-06T17:38:38.621+0900: 24.696: [CMS-concurrent-sweep: 0.004/0.004 secs] [Times: user=0.00 sys=0.00, real=0.00 secs] 
2017-07-06T17:38:38.621+0900: 24.696: [CMS-concurrent-reset-start]
2017-07-06T17:38:38.621+0900: 24.696: [CMS-concurrent-reset: 0.000/0.000 secs] [Times: user=0.00 sys=0.00, real=0.00 secs] 
2017-07-06T17:38:38.639+0900: 24.715: [GC2017-07-06T17:38:38.639+0900: 24.715: [ParNew
Desired survivor size 131072 bytes, new threshold 6 (max 6)
- age   1:      16384 bytes,      16384 total
- age   2:       4784 bytes,      21168 total
- age   3:       4704 bytes,      25872 total
- age   4:       4648 bytes,      30520 total
- age   5:       4704 bytes,      35224 total
- age   6:       4648 bytes,      39872 total
: 2244K->44K(2432K), 0.0143497 secs] 7694K->5499K(7936K), 0.0144914 secs] [Times: user=0.00 sys=0.00, real=0.02 secs] 
2017-07-06T17:38:38.654+0900: 24.729: [GC [1 CMS-initial-mark: 5454K(5504K)] 5507K(7936K), 0.0001661 secs] [Times: user=0.00 sys=0.00, real=0.00 secs] 
2017-07-06T17:38:38.654+0900: 24.729: [CMS-concurrent-mark-start]
2017-07-06T17:38:38.664+0900: 24.739: [CMS-concurrent-mark: 0.010/0.010 secs] [Times: user=0.02 sys=0.02, real=0.01 secs] 
2017-07-06T17:38:38.664+0900: 24.740: [CMS-concurrent-preclean-start]
2017-07-06T17:38:38.664+0900: 24.740: [CMS-concurrent-preclean: 0.000/0.000 secs] [Times: user=0.00 sys=0.00, real=0.00 secs] 
2017-07-06T17:38:38.670+0900: 24.745: [GC[YG occupancy: 875 K (2432 K)]2017-07-06T17:38:38.670+0900: 24.746: [Rescan (parallel) , 0.0001888 secs]2017-07-06T17:38:38.671+0900: 24.746: [weak refs processing, 0.0000235 secs]2017-07-06T17:38:38.671+0900: 24.746: [scrub string table, 0.0002209 secs] [1 CMS-remark: 5454K(5504K)] 6329K(7936K), 0.0005402 secs] [Times: user=0.00 sys=0.03, real=0.00 secs] 
2017-07-06T17:38:38.671+0900: 24.746: [CMS-concurrent-sweep-start]
2017-07-06T17:38:38.675+0900: 24.750: [CMS-concurrent-sweep: 0.004/0.004 secs] [Times: user=0.00 sys=0.00, real=0.00 secs] 
2017-07-06T17:38:38.675+0900: 24.750: [CMS-concurrent-reset-start]
2017-07-06T17:38:38.675+0900: 24.750: [CMS-concurrent-reset: 0.000/0.000 secs] [Times: user=0.00 sys=0.00, real=0.00 secs] 
2017-07-06T17:38:38.684+0900: 24.760: [GC2017-07-06T17:38:38.684+0900: 24.760: [ParNew
Desired survivor size 131072 bytes, new threshold 6 (max 6)
- age   1:      24400 bytes,      24400 total
- age   2:       4840 bytes,      29240 total
- age   3:       4648 bytes,      33888 total
- age   4:       4704 bytes,      38592 total
- age   5:       4648 bytes,      43240 total
- age   6:       4704 bytes,      47944 total
: 2205K->72K(2432K), 0.0006763 secs] 7660K->5532K(7936K), 0.0007495 secs] [Times: user=0.00 sys=0.00, real=0.00 secs] 
2017-07-06T17:38:38.685+0900: 24.760: [GC [1 CMS-initial-mark: 5459K(5504K)] 5548K(7936K), 0.0001357 secs] [Times: user=0.00 sys=0.00, real=0.00 secs] 
2017-07-06T17:38:38.685+0900: 24.761: [CMS-concurrent-mark-start]
2017-07-06T17:38:38.695+0900: 24.770: [CMS-concurrent-mark: 0.010/0.010 secs] [Times: user=0.01 sys=0.02, real=0.01 secs] 
2017-07-06T17:38:38.695+0900: 24.771: [CMS-concurrent-preclean-start]
2017-07-06T17:38:38.695+0900: 24.771: [CMS-concurrent-preclean: 0.000/0.000 secs] [Times: user=0.00 sys=0.00, real=0.00 secs] 
2017-07-06T17:38:38.696+0900: 24.771: [GC[YG occupancy: 843 K (2432 K)]2017-07-06T17:38:38.696+0900: 24.771: [Rescan (parallel) , 0.0001828 secs]2017-07-06T17:38:38.696+0900: 24.771: [weak refs processing, 0.0000223 secs]2017-07-06T17:38:38.696+0900: 24.771: [scrub string table, 0.0002123 secs] [1 CMS-remark: 5459K(5504K)] 6302K(7936K), 0.0005055 secs] [Times: user=0.00 sys=0.00, real=0.00 secs] 
2017-07-06T17:38:38.696+0900: 24.771: [CMS-concurrent-sweep-start]
2017-07-06T17:38:38.700+0900: 24.775: [CMS-concurrent-sweep: 0.004/0.004 secs] [Times: user=0.00 sys=0.00, real=0.00 secs] 
2017-07-06T17:38:38.700+0900: 24.775: [CMS-concurrent-reset-start]
2017-07-06T17:38:38.701+0900: 24.776: [CMS-concurrent-reset: 0.000/0.000 secs] [Times: user=0.00 sys=0.00, real=0.00 secs] 
2017-07-06T17:38:38.710+0900: 24.785: [GC2017-07-06T17:38:38.710+0900: 24.786: [ParNew
Desired survivor size 131072 bytes, new threshold 6 (max 6)
- age   1:      16384 bytes,      16384 total
- age   2:       4784 bytes,      21168 total
- age   3:       4704 bytes,      25872 total
- age   4:       4648 bytes,      30520 total
- age   5:       4704 bytes,      35224 total
- age   6:       4648 bytes,      39872 total
: 2248K->64K(2432K), 0.0006806 secs] 7708K->5527K(7936K), 0.0007512 secs] [Times: user=0.00 sys=0.00, real=0.00 secs] 
2017-07-06T17:38:38.711+0900: 24.786: [GC [1 CMS-initial-mark: 5463K(5504K)] 5563K(7936K), 0.0001417 secs] [Times: user=0.00 sys=0.00, real=0.00 secs] 
2017-07-06T17:38:38.711+0900: 24.787: [CMS-concurrent-mark-start]
2017-07-06T17:38:38.722+0900: 24.797: [CMS-concurrent-mark: 0.011/0.011 secs] [Times: user=0.02 sys=0.02, real=0.01 secs] 
2017-07-06T17:38:38.722+0900: 24.797: [CMS-concurrent-preclean-start]
2017-07-06T17:38:38.722+0900: 24.797: [CMS-concurrent-preclean: 0.000/0.000 secs] [Times: user=0.00 sys=0.00, real=0.00 secs] 
2017-07-06T17:38:38.722+0900: 24.797: [GC[YG occupancy: 607 K (2432 K)]2017-07-06T17:38:38.722+0900: 24.797: [Rescan (parallel) , 0.0001721 secs]2017-07-06T17:38:38.722+0900: 24.798: [weak refs processing, 0.0000214 secs]2017-07-06T17:38:38.722+0900: 24.798: [scrub string table, 0.0002196 secs] [1 CMS-remark: 5463K(5504K)] 6071K(7936K), 0.0005017 secs] [Times: user=0.00 sys=0.00, real=0.00 secs] 
2017-07-06T17:38:38.723+0900: 24.798: [CMS-concurrent-sweep-start]
2017-07-06T17:38:38.727+0900: 24.802: [CMS-concurrent-sweep: 0.004/0.004 secs] [Times: user=0.00 sys=0.00, real=0.00 secs] 
2017-07-06T17:38:38.727+0900: 24.802: [CMS-concurrent-reset-start]
2017-07-06T17:38:38.727+0900: 24.802: [CMS-concurrent-reset: 0.000/0.000 secs] [Times: user=0.00 sys=0.00, real=0.00 secs] 
2017-07-06T17:38:38.739+0900: 24.814: [GC2017-07-06T17:38:38.739+0900: 24.814: [ParNew
Desired survivor size 131072 bytes, new threshold 6 (max 6)
- age   1:      16384 bytes,      16384 total
- age   2:       4840 bytes,      21224 total
- age   3:       4648 bytes,      25872 total
- age   4:       4704 bytes,      30576 total
- age   5:       4648 bytes,      35224 total
- age   6:       4704 bytes,      39928 total
: 2240K->49K(2432K), 0.0007024 secs] 7703K->5518K(7936K), 0.0007752 secs] [Times: user=0.00 sys=0.00, real=0.00 secs] 
2017-07-06T17:38:38.740+0900: 24.815: [GC [1 CMS-initial-mark: 5468K(5504K)] 5553K(7936K), 0.0001370 secs] [Times: user=0.00 sys=0.00, real=0.00 secs] 
2017-07-06T17:38:38.740+0900: 24.816: [CMS-concurrent-mark-start]
2017-07-06T17:38:38.751+0900: 24.826: [CMS-concurrent-mark: 0.011/0.011 secs] [Times: user=0.03 sys=0.00, real=0.01 secs] 
2017-07-06T17:38:38.751+0900: 24.826: [CMS-concurrent-preclean-start]
2017-07-06T17:38:38.751+0900: 24.826: [CMS-concurrent-preclean: 0.000/0.000 secs] [Times: user=0.00 sys=0.00, real=0.00 secs] 
2017-07-06T17:38:38.751+0900: 24.826: [GC[YG occupancy: 1166 K (2432 K)]2017-07-06T17:38:38.751+0900: 24.826: [Rescan (parallel) , 0.0001939 secs]2017-07-06T17:38:38.751+0900: 24.827: [weak refs processing, 0.0000240 secs]2017-07-06T17:38:38.752+0900: 24.827: [scrub string table, 0.0002269 secs] [1 CMS-remark: 5468K(5504K)] 6634K(7936K), 0.0005316 secs] [Times: user=0.00 sys=0.00, real=0.00 secs] 
2017-07-06T17:38:38.753+0900: 24.828: [CMS-concurrent-sweep-start]
2017-07-06T17:38:38.764+0900: 24.840: [GC2017-07-06T17:38:38.765+0900: 24.840: [ParNew
Desired survivor size 131072 bytes, new threshold 6 (max 6)
- age   1:      24400 bytes,      24400 total
- age   2:       4840 bytes,      29240 total
- age   3:       4704 bytes,      33944 total
- age   4:       4648 bytes,      38592 total
- age   5:       4704 bytes,      43296 total
- age   6:       4648 bytes,      47944 total
: 2212K->50K(2432K), 0.0009455 secs] 7680K->5523K(7936K), 0.0010389 secs] [Times: user=0.00 sys=0.00, real=0.00 secs] 
2017-07-06T17:38:38.773+0900: 24.848: [CMS-concurrent-sweep: 0.015/0.020 secs] [Times: user=0.00 sys=0.02, real=0.02 secs] 
2017-07-06T17:38:38.773+0900: 24.848: [CMS-concurrent-reset-start]
2017-07-06T17:38:38.773+0900: 24.848: [CMS-concurrent-reset: 0.000/0.000 secs] [Times: user=0.00 sys=0.00, real=0.00 secs] 
2017-07-06T17:38:38.791+0900: 24.867: [GC2017-07-06T17:38:38.791+0900: 24.867: [ParNew
Desired survivor size 131072 bytes, new threshold 6 (max 6)
- age   1:      16384 bytes,      16384 total
- age   2:       4784 bytes,      21168 total
- age   3:       4704 bytes,      25872 total
- age   4:       4704 bytes,      30576 total
- age   5:       4648 bytes,      35224 total
- age   6:       4704 bytes,      39928 total
: 2218K->62K(2432K), 0.0007238 secs] 7691K->5539K(7936K), 0.0008056 secs] [Times: user=0.00 sys=0.00, real=0.00 secs] 
2017-07-06T17:38:38.792+0900: 24.868: [GC [1 CMS-initial-mark: 5477K(5504K)] 5548K(7936K), 0.0001430 secs] [Times: user=0.00 sys=0.00, real=0.00 secs] 
2017-07-06T17:38:38.793+0900: 24.868: [CMS-concurrent-mark-start]
2017-07-06T17:38:38.803+0900: 24.878: [CMS-concurrent-mark: 0.010/0.010 secs] [Times: user=0.02 sys=0.00, real=0.01 secs] 
2017-07-06T17:38:38.803+0900: 24.878: [CMS-concurrent-preclean-start]
2017-07-06T17:38:38.803+0900: 24.878: [CMS-concurrent-preclean: 0.000/0.000 secs] [Times: user=0.00 sys=0.00, real=0.00 secs] 
2017-07-06T17:38:38.803+0900: 24.878: [GC[YG occupancy: 824 K (2432 K)]2017-07-06T17:38:38.803+0900: 24.878: [Rescan (parallel) , 0.0001785 secs]2017-07-06T17:38:38.803+0900: 24.878: [weak refs processing, 0.0000218 secs]2017-07-06T17:38:38.803+0900: 24.878: [scrub string table, 0.0002136 secs] [1 CMS-remark: 5477K(5504K)] 6301K(7936K), 0.0004965 secs] [Times: user=0.00 sys=0.00, real=0.00 secs] 
2017-07-06T17:38:38.803+0900: 24.879: [CMS-concurrent-sweep-start]
2017-07-06T17:38:38.807+0900: 24.883: [CMS-concurrent-sweep: 0.004/0.004 secs] [Times: user=0.00 sys=0.00, real=0.00 secs] 
2017-07-06T17:38:38.807+0900: 24.883: [CMS-concurrent-reset-start]
2017-07-06T17:38:38.808+0900: 24.883: [CMS-concurrent-reset: 0.000/0.000 secs] [Times: user=0.00 sys=0.00, real=0.00 secs] 
2017-07-06T17:38:38.818+0900: 24.893: [GC2017-07-06T17:38:38.818+0900: 24.893: [ParNew
Desired survivor size 131072 bytes, new threshold 6 (max 6)
- age   1:      24400 bytes,      24400 total
- age   2:       4840 bytes,      29240 total
- age   3:       4648 bytes,      33888 total
- age   4:       4704 bytes,      38592 total
- age   5:       4704 bytes,      43296 total
- age   6:       4648 bytes,      47944 total
: 2223K->57K(2432K), 0.0006947 secs] 7701K->5539K(7936K), 0.0007675 secs] [Times: user=0.00 sys=0.00, real=0.00 secs] 
2017-07-06T17:38:38.819+0900: 24.894: [GC [1 CMS-initial-mark: 5482K(5504K)] 5555K(7936K), 0.0001370 secs] [Times: user=0.00 sys=0.00, real=0.00 secs] 
2017-07-06T17:38:38.819+0900: 24.894: [CMS-concurrent-mark-start]
2017-07-06T17:38:38.829+0900: 24.904: [CMS-concurrent-mark: 0.010/0.010 secs] [Times: user=0.03 sys=0.00, real=0.01 secs] 
2017-07-06T17:38:38.829+0900: 24.904: [CMS-concurrent-preclean-start]
2017-07-06T17:38:38.829+0900: 24.904: [CMS-concurrent-preclean: 0.000/0.000 secs] [Times: user=0.00 sys=0.00, real=0.00 secs] 
2017-07-06T17:38:38.829+0900: 24.905: [GC[YG occupancy: 1071 K (2432 K)]2017-07-06T17:38:38.829+0900: 24.905: [Rescan (parallel) , 0.0002055 secs]2017-07-06T17:38:38.830+0900: 24.905: [weak refs processing, 0.0000227 secs]2017-07-06T17:38:38.830+0900: 24.905: [scrub string table, 0.0002303 secs] [1 CMS-remark: 5482K(5504K)] 6553K(7936K), 0.0005530 secs] [Times: user=0.00 sys=0.00, real=0.00 secs] 
2017-07-06T17:38:38.830+0900: 24.906: [CMS-concurrent-sweep-start]
2017-07-06T17:38:38.834+0900: 24.910: [CMS-concurrent-sweep: 0.004/0.004 secs] [Times: user=0.00 sys=0.00, real=0.00 secs] 
2017-07-06T17:38:38.834+0900: 24.910: [CMS-concurrent-reset-start]
2017-07-06T17:38:38.835+0900: 24.910: [CMS-concurrent-reset: 0.000/0.000 secs] [Times: user=0.00 sys=0.00, real=0.00 secs] 
2017-07-06T17:38:38.843+0900: 24.918: [GC2017-07-06T17:38:38.843+0900: 24.918: [ParNew
Desired survivor size 131072 bytes, new threshold 6 (max 6)
- age   1:      16384 bytes,      16384 total
- age   2:       4784 bytes,      21168 total
- age   3:       4704 bytes,      25872 total
- age   4:       4648 bytes,      30520 total
- age   5:       4704 bytes,      35224 total
- age   6:       4704 bytes,      39928 total
: 2233K->50K(2432K), 0.0006956 secs] 7715K->5537K(7936K), 0.0007700 secs] [Times: user=0.00 sys=0.00, real=0.00 secs] 
2017-07-06T17:38:38.844+0900: 24.919: [GC [1 CMS-initial-mark: 5486K(5504K)] 5545K(7936K), 0.0001464 secs] [Times: user=0.00 sys=0.00, real=0.00 secs] 
2017-07-06T17:38:38.844+0900: 24.919: [CMS-concurrent-mark-start]
2017-07-06T17:38:38.854+0900: 24.929: [CMS-concurrent-mark: 0.010/0.010 secs] [Times: user=0.00 sys=0.00, real=0.01 secs] 
2017-07-06T17:38:38.854+0900: 24.929: [CMS-concurrent-preclean-start]
2017-07-06T17:38:38.854+0900: 24.929: [CMS-concurrent-preclean: 0.000/0.000 secs] [Times: user=0.00 sys=0.00, real=0.00 secs] 
2017-07-06T17:38:38.854+0900: 24.929: [GC[YG occupancy: 854 K (2432 K)]2017-07-06T17:38:38.854+0900: 24.929: [Rescan (parallel) , 0.0001815 secs]2017-07-06T17:38:38.854+0900: 24.929: [weak refs processing, 0.0000214 secs]2017-07-06T17:38:38.854+0900: 24.929: [scrub string table, 0.0002119 secs] [1 CMS-remark: 5486K(5504K)] 6341K(7936K), 0.0005008 secs] [Times: user=0.00 sys=0.00, real=0.00 secs] 
2017-07-06T17:38:38.855+0900: 24.930: [CMS-concurrent-sweep-start]
2017-07-06T17:38:38.859+0900: 24.934: [CMS-concurrent-sweep: 0.004/0.004 secs] [Times: user=0.02 sys=0.00, real=0.00 secs] 
2017-07-06T17:38:38.859+0900: 24.934: [CMS-concurrent-reset-start]
2017-07-06T17:38:38.859+0900: 24.934: [CMS-concurrent-reset: 0.000/0.000 secs] [Times: user=0.00 sys=0.00, real=0.00 secs] 
2017-07-06T17:38:38.870+0900: 24.945: [GC2017-07-06T17:38:38.870+0900: 24.945: [ParNew
Desired survivor size 131072 bytes, new threshold 6 (max 6)
- age   1:      16384 bytes,      16384 total
- age   2:       4840 bytes,      21224 total
- age   3:       4648 bytes,      25872 total
- age   4:       4704 bytes,      30576 total
- age   5:       4648 bytes,      35224 total
- age   6:       4704 bytes,      39928 total
: 2226K->53K(2432K), 0.0009571 secs] 7713K->5544K(7936K), 0.0010431 secs] [Times: user=0.00 sys=0.00, real=0.00 secs] 
2017-07-06T17:38:38.878+0900: 24.953: [GC [1 CMS-initial-mark: 5491K(5504K)] 6126K(7936K), 0.0002277 secs] [Times: user=0.00 sys=0.00, real=0.00 secs] 
2017-07-06T17:38:38.879+0900: 24.954: [CMS-concurrent-mark-start]
2017-07-06T17:38:38.889+0900: 24.964: [CMS-concurrent-mark: 0.010/0.010 secs] [Times: user=0.01 sys=0.01, real=0.01 secs] 
2017-07-06T17:38:38.889+0900: 24.964: [CMS-concurrent-preclean-start]
2017-07-06T17:38:38.889+0900: 24.964: [CMS-concurrent-preclean: 0.000/0.000 secs] [Times: user=0.00 sys=0.00, real=0.00 secs] 
2017-07-06T17:38:38.889+0900: 24.965: [GC[YG occupancy: 1543 K (2432 K)]2017-07-06T17:38:38.889+0900: 24.965: [Rescan (parallel) , 0.0002093 secs]2017-07-06T17:38:38.890+0900: 24.965: [weak refs processing, 0.0000231 secs]2017-07-06T17:38:38.890+0900: 24.965: [scrub string table, 0.0002204 secs] [1 CMS-remark: 5491K(5504K)] 7034K(7936K), 0.0005445 secs] [Times: user=0.00 sys=0.00, real=0.00 secs] 
2017-07-06T17:38:38.890+0900: 24.965: [CMS-concurrent-sweep-start]
2017-07-06T17:38:38.894+0900: 24.969: [CMS-concurrent-sweep: 0.004/0.004 secs] [Times: user=0.00 sys=0.00, real=0.00 secs] 
2017-07-06T17:38:38.894+0900: 24.969: [CMS-concurrent-reset-start]
2017-07-06T17:38:38.895+0900: 24.970: [CMS-concurrent-reset: 0.000/0.000 secs] [Times: user=0.00 sys=0.00, real=0.00 secs] 
2017-07-06T17:38:38.898+0900: 24.973: [GC2017-07-06T17:38:38.898+0900: 24.973: [ParNew
Desired survivor size 131072 bytes, new threshold 6 (max 6)
- age   1:      24400 bytes,      24400 total
- age   2:       4840 bytes,      29240 total
- age   3:       4704 bytes,      33944 total
- age   4:       4648 bytes,      38592 total
- age   5:       4704 bytes,      43296 total
- age   6:       4648 bytes,      47944 total
: 2215K->69K(2432K), 0.0006853 secs] 7706K->5565K(7936K), 0.0007482 secs] [Times: user=0.00 sys=0.00, real=0.00 secs] 
2017-07-06T17:38:38.899+0900: 24.974: [GC [1 CMS-initial-mark: 5495K(5504K)] 5581K(7936K), 0.0001353 secs] [Times: user=0.00 sys=0.00, real=0.00 secs] 
2017-07-06T17:38:38.899+0900: 24.974: [CMS-concurrent-mark-start]
2017-07-06T17:38:38.909+0900: 24.984: [CMS-concurrent-mark: 0.010/0.010 secs] [Times: user=0.02 sys=0.02, real=0.01 secs] 
2017-07-06T17:38:38.909+0900: 24.984: [CMS-concurrent-preclean-start]
2017-07-06T17:38:38.909+0900: 24.984: [CMS-concurrent-preclean: 0.000/0.000 secs] [Times: user=0.00 sys=0.00, real=0.00 secs] 
2017-07-06T17:38:38.909+0900: 24.984: [GC[YG occupancy: 969 K (2432 K)]2017-07-06T17:38:38.909+0900: 24.984: [Rescan (parallel) , 0.0001935 secs]2017-07-06T17:38:38.909+0900: 24.985: [weak refs processing, 0.0000218 secs]2017-07-06T17:38:38.909+0900: 24.985: [scrub string table, 0.0002324 secs] [1 CMS-remark: 5495K(5504K)] 6465K(7936K), 0.0005329 secs] [Times: user=0.00 sys=0.00, real=0.00 secs] 
2017-07-06T17:38:38.910+0900: 24.985: [CMS-concurrent-sweep-start]
2017-07-06T17:38:38.914+0900: 24.989: [CMS-concurrent-sweep: 0.004/0.004 secs] [Times: user=0.00 sys=0.00, real=0.00 secs] 
2017-07-06T17:38:38.914+0900: 24.989: [CMS-concurrent-reset-start]
2017-07-06T17:38:38.914+0900: 24.990: [CMS-concurrent-reset: 0.000/0.000 secs] [Times: user=0.00 sys=0.00, real=0.00 secs] 
2017-07-06T17:38:38.924+0900: 24.999: [GC2017-07-06T17:38:38.924+0900: 24.999: [ParNew (promotion failed)
Desired survivor size 131072 bytes, new threshold 6 (max 6)
- age   1:      16384 bytes,      16384 total
- age   2:       4784 bytes,      21168 total
- age   3:       4704 bytes,      25872 total
- age   4:       4704 bytes,      30576 total
- age   5:       4648 bytes,      35224 total
- age   6:       4704 bytes,      39928 total
: 2245K->2239K(2432K), 0.0012837 secs]2017-07-06T17:38:38.926+0900: 25.001: [CMS: 5498K->5503K(5504K), 0.0250113 secs] 7741K->5535K(7936K), [CMS Perm : 3313K->3313K(21248K)], 0.0264329 secs] [Times: user=0.03 sys=0.00, real=0.03 secs] 
2017-07-06T17:38:38.951+0900: 25.026: [GC [1 CMS-initial-mark: 5503K(5504K)] 5543K(7936K), 0.0001520 secs] [Times: user=0.00 sys=0.00, real=0.00 secs] 
2017-07-06T17:38:38.951+0900: 25.026: [CMS-concurrent-mark-start]
2017-07-06T17:38:38.961+0900: 25.036: [CMS-concurrent-mark: 0.010/0.010 secs] [Times: user=0.00 sys=0.00, real=0.01 secs] 
2017-07-06T17:38:38.961+0900: 25.036: [CMS-concurrent-preclean-start]
2017-07-06T17:38:38.971+0900: 25.047: [CMS-concurrent-preclean: 0.010/0.010 secs] [Times: user=0.03 sys=0.00, real=0.01 secs] 
2017-07-06T17:38:38.972+0900: 25.047: [GC[YG occupancy: 2025 K (2432 K)]2017-07-06T17:38:38.972+0900: 25.047: [Rescan (parallel) , 0.0002341 secs]2017-07-06T17:38:38.972+0900: 25.047: [weak refs processing, 0.0000235 secs]2017-07-06T17:38:38.972+0900: 25.047: [scrub string table, 0.0002136 secs] [1 CMS-remark: 5503K(5504K)] 7529K(7936K), 0.0005603 secs] [Times: user=0.00 sys=0.00, real=0.00 secs] 
2017-07-06T17:38:38.972+0900: 25.047: [CMS-concurrent-sweep-start]
2017-07-06T17:38:38.976+0900: 25.051: [CMS-concurrent-sweep: 0.004/0.004 secs] [Times: user=0.00 sys=0.00, real=0.00 secs] 
2017-07-06T17:38:38.976+0900: 25.051: [CMS-concurrent-reset-start]
2017-07-06T17:38:38.977+0900: 25.052: [GC2017-07-06T17:38:38.977+0900: 25.052: [ParNew: 2422K->2422K(2432K), 0.0000334 secs]2017-07-06T17:38:38.977+0900: 25.052: [CMS2017-07-06T17:38:38.977+0900: 25.052: [CMS-concurrent-reset: 0.000/0.001 secs] [Times: user=0.00 sys=0.00, real=0.00 secs] 
: 5503K->5504K(5504K), 0.0265707 secs] 7926K->5549K(7936K), [CMS Perm : 3313K->3313K(21248K)], 0.0267252 secs] [Times: user=0.03 sys=0.00, real=0.03 secs] 
2017-07-06T17:38:39.009+0900: 25.084: [GC [1 CMS-initial-mark: 5504K(5504K)] 6009K(7936K), 0.0002341 secs] [Times: user=0.00 sys=0.00, real=0.00 secs] 
2017-07-06T17:38:39.009+0900: 25.085: [CMS-concurrent-mark-start]
2017-07-06T17:38:39.019+0900: 25.095: [CMS-concurrent-mark: 0.010/0.010 secs] [Times: user=0.02 sys=0.02, real=0.01 secs] 
2017-07-06T17:38:39.019+0900: 25.095: [CMS-concurrent-preclean-start]
2017-07-06T17:38:39.030+0900: 25.105: [CMS-concurrent-preclean: 0.010/0.010 secs] [Times: user=0.01 sys=0.02, real=0.01 secs] 
2017-07-06T17:38:39.030+0900: 25.105: [CMS-concurrent-abortable-preclean-start]
2017-07-06T17:38:39.030+0900: 25.105: [CMS-concurrent-abortable-preclean: 0.000/0.000 secs] [Times: user=0.00 sys=0.00, real=0.00 secs] 
2017-07-06T17:38:39.030+0900: 25.105: [GC[YG occupancy: 2216 K (2432 K)]2017-07-06T17:38:39.030+0900: 25.105: [Rescan (parallel) , 0.0002667 secs]2017-07-06T17:38:39.030+0900: 25.106: [weak refs processing, 0.0000227 secs]2017-07-06T17:38:39.030+0900: 25.106: [scrub string table, 0.0002209 secs] [1 CMS-remark: 5504K(5504K)] 7720K(7936K), 0.0006014 secs] [Times: user=0.00 sys=0.00, real=0.00 secs] 
2017-07-06T17:38:39.031+0900: 25.106: [CMS-concurrent-sweep-start]
2017-07-06T17:38:39.033+0900: 25.108: [Full GC2017-07-06T17:38:39.033+0900: 25.108: [CMS2017-07-06T17:38:39.035+0900: 25.110: [CMS-concurrent-sweep: 0.004/0.004 secs] [Times: user=0.00 sys=0.00, real=0.00 secs] 
 (concurrent mode failure): 5504K->5504K(5504K), 0.0271575 secs] 7935K->5563K(7936K), [CMS Perm : 3313K->3313K(21248K)], 0.0272688 secs] [Times: user=0.02 sys=0.00, real=0.03 secs] 
2017-07-06T17:38:39.083+0900: 25.159: [Full GC2017-07-06T17:38:39.084+0900: 25.159: [CMS: 5504K->5503K(5504K), 0.0260793 secs] 7920K->5559K(7936K), [CMS Perm : 3313K->3313K(21248K)], 0.0262022 secs] [Times: user=0.03 sys=0.00, real=0.03 secs] 
2017-07-06T17:38:39.111+0900: 25.187: [GC [1 CMS-initial-mark: 5503K(5504K)] 5613K(7936K), 0.0002299 secs] [Times: user=0.00 sys=0.00, real=0.00 secs] 
2017-07-06T17:38:39.112+0900: 25.187: [CMS-concurrent-mark-start]
2017-07-06T17:38:39.121+0900: 25.197: [CMS-concurrent-mark: 0.010/0.010 secs] [Times: user=0.00 sys=0.00, real=0.01 secs] 
2017-07-06T17:38:39.122+0900: 25.197: [CMS-concurrent-preclean-start]
2017-07-06T17:38:39.132+0900: 25.208: [CMS-concurrent-preclean: 0.011/0.011 secs] [Times: user=0.02 sys=0.02, real=0.01 secs] 
2017-07-06T17:38:39.132+0900: 25.208: [CMS-concurrent-abortable-preclean-start]
2017-07-06T17:38:39.132+0900: 25.208: [CMS-concurrent-abortable-preclean: 0.000/0.000 secs] [Times: user=0.00 sys=0.00, real=0.00 secs] 
2017-07-06T17:38:39.133+0900: 25.208: [GC[YG occupancy: 2155 K (2432 K)]2017-07-06T17:38:39.133+0900: 25.208: [Rescan (parallel) , 0.0002778 secs]2017-07-06T17:38:39.133+0900: 25.208: [weak refs processing, 0.0000227 secs]2017-07-06T17:38:39.133+0900: 25.208: [scrub string table, 0.0002149 secs] [1 CMS-remark: 5503K(5504K)] 7659K(7936K), 0.0006001 secs] [Times: user=0.00 sys=0.00, real=0.00 secs] 
2017-07-06T17:38:39.133+0900: 25.209: [CMS-concurrent-sweep-start]
2017-07-06T17:38:39.136+0900: 25.212: [Full GC2017-07-06T17:38:39.136+0900: 25.212: [CMS2017-07-06T17:38:39.138+0900: 25.213: [CMS-concurrent-sweep: 0.004/0.004 secs] [Times: user=0.00 sys=0.00, real=0.01 secs] 
 (concurrent mode failure): 5503K->5503K(5504K), 0.0262090 secs] 7934K->5556K(7936K), [CMS Perm : 3313K->3313K(21248K)], 0.0263246 secs] [Times: user=0.03 sys=0.00, real=0.03 secs] 
2017-07-06T17:38:39.186+0900: 25.261: [Full GC2017-07-06T17:38:39.186+0900: 25.261: [CMS: 5503K->5503K(5504K), 0.0258387 secs] 7921K->5569K(7936K), [CMS Perm : 3313K->3313K(21248K)], 0.0259650 secs] [Times: user=0.02 sys=0.00, real=0.03 secs] 
2017-07-06T17:38:39.212+0900: 25.287: [GC [1 CMS-initial-mark: 5503K(5504K)] 5596K(7936K), 0.0001948 secs] [Times: user=0.00 sys=0.00, real=0.00 secs] 
2017-07-06T17:38:39.212+0900: 25.287: [CMS-concurrent-mark-start]
2017-07-06T17:38:39.222+0900: 25.297: [CMS-concurrent-mark: 0.010/0.010 secs] [Times: user=0.01 sys=0.01, real=0.01 secs] 
2017-07-06T17:38:39.222+0900: 25.297: [CMS-concurrent-preclean-start]
2017-07-06T17:38:39.233+0900: 25.308: [CMS-concurrent-preclean: 0.010/0.010 secs] [Times: user=0.03 sys=0.00, real=0.01 secs] 
2017-07-06T17:38:39.233+0900: 25.308: [GC[YG occupancy: 1743 K (2432 K)]2017-07-06T17:38:39.233+0900: 25.308: [Rescan (parallel) , 0.0002560 secs]2017-07-06T17:38:39.234+0900: 25.309: [weak refs processing, 0.0000235 secs]2017-07-06T17:38:39.234+0900: 25.309: [scrub string table, 0.0002252 secs] [1 CMS-remark: 5503K(5504K)] 7247K(7936K), 0.0005971 secs] [Times: user=0.00 sys=0.00, real=0.00 secs] 
2017-07-06T17:38:39.234+0900: 25.309: [CMS-concurrent-sweep-start]
2017-07-06T17:38:39.238+0900: 25.313: [CMS-concurrent-sweep: 0.004/0.004 secs] [Times: user=0.00 sys=0.00, real=0.00 secs] 
2017-07-06T17:38:39.238+0900: 25.313: [CMS-concurrent-reset-start]
2017-07-06T17:38:39.238+0900: 25.314: [CMS-concurrent-reset: 0.000/0.000 secs] [Times: user=0.00 sys=0.00, real=0.00 secs] 
2017-07-06T17:38:39.241+0900: 25.316: [GC2017-07-06T17:38:39.241+0900: 25.316: [ParNew: 2425K->2425K(2432K), 0.0000325 secs]2017-07-06T17:38:39.241+0900: 25.317: [CMS: 5503K->5503K(5504K), 0.0248530 secs] 7929K->5574K(7936K), [CMS Perm : 3313K->3313K(21248K)], 0.0250075 secs] [Times: user=0.03 sys=0.00, real=0.03 secs] 
2017-07-06T17:38:39.266+0900: 25.342: [GC [1 CMS-initial-mark: 5503K(5504K)] 5590K(7936K), 0.0001734 secs] [Times: user=0.00 sys=0.00, real=0.00 secs] 
2017-07-06T17:38:39.267+0900: 25.342: [CMS-concurrent-mark-start]
2017-07-06T17:38:39.276+0900: 25.352: [CMS-concurrent-mark: 0.010/0.010 secs] [Times: user=0.00 sys=0.00, real=0.01 secs] 
2017-07-06T17:38:39.277+0900: 25.352: [CMS-concurrent-preclean-start]
2017-07-06T17:38:39.287+0900: 25.362: [CMS-concurrent-preclean: 0.010/0.010 secs] [Times: user=0.02 sys=0.02, real=0.01 secs] 
2017-07-06T17:38:39.287+0900: 25.362: [GC[YG occupancy: 1748 K (2432 K)]2017-07-06T17:38:39.287+0900: 25.362: [Rescan (parallel) , 0.0002418 secs]2017-07-06T17:38:39.287+0900: 25.362: [weak refs processing, 0.0000235 secs]2017-07-06T17:38:39.287+0900: 25.363: [scrub string table, 0.0002140 secs] [1 CMS-remark: 5503K(5504K)] 7252K(7936K), 0.0005761 secs] [Times: user=0.00 sys=0.00, real=0.00 secs] 
2017-07-06T17:38:39.288+0900: 25.363: [CMS-concurrent-sweep-start]
2017-07-06T17:38:39.292+0900: 25.367: [CMS-concurrent-sweep: 0.004/0.004 secs] [Times: user=0.00 sys=0.00, real=0.00 secs] 
2017-07-06T17:38:39.292+0900: 25.367: [CMS-concurrent-reset-start]
2017-07-06T17:38:39.292+0900: 25.367: [CMS-concurrent-reset: 0.000/0.000 secs] [Times: user=0.00 sys=0.00, real=0.00 secs] 
2017-07-06T17:38:39.295+0900: 25.370: [GC2017-07-06T17:38:39.295+0900: 25.370: [ParNew: 2430K->2430K(2432K), 0.0000325 secs]2017-07-06T17:38:39.295+0900: 25.370: [CMS: 5503K->5503K(5504K), 0.0262081 secs] 7934K->5579K(7936K), [CMS Perm : 3313K->3313K(21248K)], 0.0263699 secs] [Times: user=0.02 sys=0.00, real=0.03 secs] 
2017-07-06T17:38:39.322+0900: 25.397: [GC [1 CMS-initial-mark: 5503K(5504K)] 5606K(7936K), 0.0002097 secs] [Times: user=0.00 sys=0.00, real=0.00 secs] 
2017-07-06T17:38:39.322+0900: 25.397: [CMS-concurrent-mark-start]
2017-07-06T17:38:39.332+0900: 25.408: [CMS-concurrent-mark: 0.010/0.010 secs] [Times: user=0.01 sys=0.02, real=0.01 secs] 
2017-07-06T17:38:39.332+0900: 25.408: [CMS-concurrent-preclean-start]
2017-07-06T17:38:39.343+0900: 25.418: [CMS-concurrent-preclean: 0.010/0.010 secs] [Times: user=0.02 sys=0.02, real=0.01 secs] 
2017-07-06T17:38:39.343+0900: 25.418: [GC[YG occupancy: 1753 K (2432 K)]2017-07-06T17:38:39.343+0900: 25.418: [Rescan (parallel) , 0.0002628 secs]2017-07-06T17:38:39.343+0900: 25.418: [weak refs processing, 0.0000235 secs]2017-07-06T17:38:39.343+0900: 25.418: [scrub string table, 0.0002436 secs] [1 CMS-remark: 5503K(5504K)] 7257K(7936K), 0.0006288 secs] [Times: user=0.00 sys=0.00, real=0.00 secs] 
2017-07-06T17:38:39.344+0900: 25.419: [CMS-concurrent-sweep-start]
2017-07-06T17:38:39.348+0900: 25.423: [CMS-concurrent-sweep: 0.004/0.004 secs] [Times: user=0.00 sys=0.00, real=0.00 secs] 
2017-07-06T17:38:39.348+0900: 25.423: [CMS-concurrent-reset-start]
2017-07-06T17:38:39.348+0900: 25.423: [CMS-concurrent-reset: 0.000/0.000 secs] [Times: user=0.00 sys=0.00, real=0.00 secs] 
2017-07-06T17:38:39.351+0900: 25.427: [GC2017-07-06T17:38:39.351+0900: 25.427: [ParNew: 2427K->2427K(2432K), 0.0000325 secs]2017-07-06T17:38:39.351+0900: 25.427: [CMS: 5503K->5503K(5504K), 0.0249921 secs] 7931K->5576K(7936K), [CMS Perm : 3313K->3313K(21248K)], 0.0251440 secs] [Times: user=0.03 sys=0.00, real=0.03 secs] 
2017-07-06T17:38:39.377+0900: 25.452: [GC [1 CMS-initial-mark: 5503K(5504K)] 5584K(7936K), 0.0001913 secs] [Times: user=0.00 sys=0.00, real=0.00 secs] 
2017-07-06T17:38:39.377+0900: 25.452: [CMS-concurrent-mark-start]
2017-07-06T17:38:39.387+0900: 25.462: [CMS-concurrent-mark: 0.010/0.010 secs] [Times: user=0.00 sys=0.00, real=0.01 secs] 
2017-07-06T17:38:39.387+0900: 25.462: [CMS-concurrent-preclean-start]
2017-07-06T17:38:39.397+0900: 25.472: [CMS-concurrent-preclean: 0.010/0.010 secs] [Times: user=0.02 sys=0.00, real=0.01 secs] 
2017-07-06T17:38:39.397+0900: 25.473: [GC[YG occupancy: 1869 K (2432 K)]2017-07-06T17:38:39.397+0900: 25.473: [Rescan (parallel) , 0.0002538 secs]2017-07-06T17:38:39.398+0900: 25.473: [weak refs processing, 0.0000227 secs]2017-07-06T17:38:39.398+0900: 25.473: [scrub string table, 0.0002166 secs] [1 CMS-remark: 5503K(5504K)] 7373K(7936K), 0.0005783 secs] [Times: user=0.00 sys=0.00, real=0.00 secs] 
2017-07-06T17:38:39.398+0900: 25.473: [CMS-concurrent-sweep-start]
2017-07-06T17:38:39.402+0900: 25.477: [CMS-concurrent-sweep: 0.004/0.004 secs] [Times: user=0.00 sys=0.00, real=0.00 secs] 
2017-07-06T17:38:39.402+0900: 25.477: [CMS-concurrent-reset-start]
2017-07-06T17:38:39.402+0900: 25.478: [CMS-concurrent-reset: 0.000/0.000 secs] [Times: user=0.00 sys=0.00, real=0.00 secs] 
2017-07-06T17:38:39.406+0900: 25.481: [GC2017-07-06T17:38:39.406+0900: 25.481: [ParNew: 2430K->2430K(2432K), 0.0000321 secs]2017-07-06T17:38:39.406+0900: 25.481: [CMS: 5503K->5503K(5504K), 0.0257754 secs] 7934K->5581K(7936K), [CMS Perm : 3313K->3313K(21248K)], 0.0259265 secs] [Times: user=0.01 sys=0.00, real=0.03 secs] 
2017-07-06T17:38:39.436+0900: 25.511: [GC [1 CMS-initial-mark: 5503K(5504K)] 5928K(7936K), 0.0002645 secs] [Times: user=0.00 sys=0.00, real=0.00 secs] 
2017-07-06T17:38:39.436+0900: 25.511: [CMS-concurrent-mark-start]
2017-07-06T17:38:39.447+0900: 25.522: [CMS-concurrent-mark: 0.011/0.011 secs] [Times: user=0.00 sys=0.00, real=0.01 secs] 
2017-07-06T17:38:39.447+0900: 25.522: [CMS-concurrent-preclean-start]
2017-07-06T17:38:39.457+0900: 25.532: [Full GC2017-07-06T17:38:39.457+0900: 25.532: [CMS2017-07-06T17:38:39.457+0900: 25.533: [CMS-concurrent-preclean: 0.010/0.011 secs] [Times: user=0.03 sys=0.00, real=0.01 secs] 
 (concurrent mode failure): 5503K->5503K(5504K), 0.0251449 secs] 7922K->5593K(7936K), [CMS Perm : 3313K->3313K(21248K)], 0.0252622 secs] [Times: user=0.03 sys=0.00, real=0.03 secs] 
2017-07-06T17:38:39.505+0900: 25.580: [Full GC2017-07-06T17:38:39.505+0900: 25.580: [CMS: 5503K->5503K(5504K), 0.0252481 secs] 7928K->5598K(7936K), [CMS Perm : 3313K->3313K(21248K)], 0.0253632 secs] [Times: user=0.03 sys=0.00, real=0.02 secs] 
2017-07-06T17:38:39.531+0900: 25.606: [GC [1 CMS-initial-mark: 5503K(5504K)] 5614K(7936K), 0.0001888 secs] [Times: user=0.00 sys=0.00, real=0.00 secs] 
2017-07-06T17:38:39.531+0900: 25.606: [CMS-concurrent-mark-start]
2017-07-06T17:38:39.549+0900: 25.624: [CMS-concurrent-mark: 0.018/0.018 secs] [Times: user=0.02 sys=0.02, real=0.02 secs] 
2017-07-06T17:38:39.549+0900: 25.624: [CMS-concurrent-preclean-start]
2017-07-06T17:38:39.559+0900: 25.635: [Full GC2017-07-06T17:38:39.559+0900: 25.635: [CMS2017-07-06T17:38:39.559+0900: 25.635: [CMS-concurrent-preclean: 0.010/0.011 secs] [Times: user=0.00 sys=0.00, real=0.01 secs] 
 (concurrent mode failure): 5503K->5503K(5504K), 0.0263297 secs] 7930K->5615K(7936K), [CMS Perm : 3313K->3313K(21248K)], 0.0264577 secs] [Times: user=0.03 sys=0.00, real=0.03 secs] 
2017-07-06T17:38:39.609+0900: 25.684: [Full GC2017-07-06T17:38:39.609+0900: 25.684: [CMS: 5503K->5503K(5504K), 0.0251012 secs] 7922K->5608K(7936K), [CMS Perm : 3313K->3313K(21248K)], 0.0252185 secs] [Times: user=0.01 sys=0.00, real=0.03 secs] 
2017-07-06T17:38:39.634+0900: 25.709: [GC [1 CMS-initial-mark: 5503K(5504K)] 5624K(7936K), 0.0001926 secs] [Times: user=0.00 sys=0.00, real=0.00 secs] 
2017-07-06T17:38:39.634+0900: 25.710: [CMS-concurrent-mark-start]
2017-07-06T17:38:39.644+0900: 25.719: [CMS-concurrent-mark: 0.010/0.010 secs] [Times: user=0.02 sys=0.01, real=0.01 secs] 
2017-07-06T17:38:39.644+0900: 25.720: [CMS-concurrent-preclean-start]
2017-07-06T17:38:39.655+0900: 25.730: [CMS-concurrent-preclean: 0.010/0.010 secs] [Times: user=0.02 sys=0.02, real=0.01 secs] 
2017-07-06T17:38:39.655+0900: 25.730: [CMS-concurrent-abortable-preclean-start]
2017-07-06T17:38:39.655+0900: 25.730: [CMS-concurrent-abortable-preclean: 0.000/0.000 secs] [Times: user=0.00 sys=0.00, real=0.00 secs] 
2017-07-06T17:38:39.655+0900: 25.730: [GC[YG occupancy: 2101 K (2432 K)]2017-07-06T17:38:39.655+0900: 25.730: [Rescan (parallel) , 0.0002958 secs]2017-07-06T17:38:39.655+0900: 25.730: [weak refs processing, 0.0000235 secs]2017-07-06T17:38:39.655+0900: 25.730: [scrub string table, 0.0002144 secs] [1 CMS-remark: 5503K(5504K)] 7605K(7936K), 0.0006228 secs] [Times: user=0.00 sys=0.00, real=0.00 secs] 
2017-07-06T17:38:39.656+0900: 25.731: [CMS-concurrent-sweep-start]
2017-07-06T17:38:39.659+0900: 25.734: [Full GC2017-07-06T17:38:39.659+0900: 25.734: [CMS2017-07-06T17:38:39.660+0900: 25.735: [CMS-concurrent-sweep: 0.004/0.004 secs] [Times: user=0.00 sys=0.00, real=0.00 secs] 
 (concurrent mode failure): 5503K->5503K(5504K), 0.0268044 secs] 7931K->5605K(7936K), [CMS Perm : 3313K->3313K(21248K)], 0.0269196 secs] [Times: user=0.03 sys=0.00, real=0.03 secs] 
2017-07-06T17:38:39.709+0900: 25.784: [Full GC2017-07-06T17:38:39.709+0900: 25.784: [CMS: 5503K->5503K(5504K), 0.0254372 secs] 7920K->5618K(7936K), [CMS Perm : 3313K->3313K(21248K)], 0.0255627 secs] [Times: user=0.03 sys=0.00, real=0.02 secs] 
2017-07-06T17:38:39.734+0900: 25.810: [GC [1 CMS-initial-mark: 5503K(5504K)] 5634K(7936K), 0.0002042 secs] [Times: user=0.00 sys=0.00, real=0.00 secs] 
2017-07-06T17:38:39.735+0900: 25.810: [CMS-concurrent-mark-start]
2017-07-06T17:38:39.745+0900: 25.820: [CMS-concurrent-mark: 0.010/0.010 secs] [Times: user=0.00 sys=0.00, real=0.01 secs] 
2017-07-06T17:38:39.745+0900: 25.820: [CMS-concurrent-preclean-start]
2017-07-06T17:38:39.755+0900: 25.830: [CMS-concurrent-preclean: 0.010/0.010 secs] [Times: user=0.01 sys=0.00, real=0.01 secs] 
2017-07-06T17:38:39.758+0900: 25.833: [GC[YG occupancy: 1177 K (2432 K)]2017-07-06T17:38:39.758+0900: 25.833: [Rescan (parallel) , 0.0006455 secs]2017-07-06T17:38:39.759+0900: 25.834: [weak refs processing, 0.0000253 secs]2017-07-06T17:38:39.759+0900: 25.834: [scrub string table, 0.0002495 secs] [1 CMS-remark: 5503K(5504K)] 6681K(7936K), 0.0010436 secs] [Times: user=0.00 sys=0.00, real=0.00 secs] 
2017-07-06T17:38:39.759+0900: 25.834: [CMS-concurrent-sweep-start]
2017-07-06T17:38:39.763+0900: 25.839: [CMS-concurrent-sweep: 0.004/0.004 secs] [Times: user=0.02 sys=0.01, real=0.00 secs] 
2017-07-06T17:38:39.763+0900: 25.839: [CMS-concurrent-reset-start]
2017-07-06T17:38:39.764+0900: 25.839: [CMS-concurrent-reset: 0.000/0.000 secs] [Times: user=0.00 sys=0.00, real=0.00 secs] 
2017-07-06T17:38:39.773+0900: 25.848: [GC2017-07-06T17:38:39.773+0900: 25.848: [ParNew: 2419K->2419K(2432K), 0.0000342 secs]2017-07-06T17:38:39.773+0900: 25.848: [CMS: 5503K->5503K(5504K), 0.0250948 secs] 7923K->5623K(7936K), [CMS Perm : 3313K->3313K(21248K)], 0.0252596 secs] [Times: user=0.03 sys=0.00, real=0.03 secs] 
2017-07-06T17:38:39.798+0900: 25.873: [GC [1 CMS-initial-mark: 5503K(5504K)] 5639K(7936K), 0.0002008 secs] [Times: user=0.00 sys=0.00, real=0.00 secs] 
2017-07-06T17:38:39.798+0900: 25.874: [CMS-concurrent-mark-start]
2017-07-06T17:38:39.808+0900: 25.884: [CMS-concurrent-mark: 0.010/0.010 secs] [Times: user=0.00 sys=0.00, real=0.01 secs] 
2017-07-06T17:38:39.808+0900: 25.884: [CMS-concurrent-preclean-start]
2017-07-06T17:38:39.819+0900: 25.894: [CMS-concurrent-preclean: 0.010/0.010 secs] [Times: user=0.02 sys=0.02, real=0.01 secs] 
2017-07-06T17:38:39.819+0900: 25.894: [CMS-concurrent-abortable-preclean-start]
2017-07-06T17:38:39.819+0900: 25.894: [CMS-concurrent-abortable-preclean: 0.000/0.000 secs] [Times: user=0.00 sys=0.00, real=0.00 secs] 
2017-07-06T17:38:39.819+0900: 25.894: [GC[YG occupancy: 2090 K (2432 K)]2017-07-06T17:38:39.819+0900: 25.894: [Rescan (parallel) , 0.0003039 secs]2017-07-06T17:38:39.819+0900: 25.895: [weak refs processing, 0.0000240 secs]2017-07-06T17:38:39.819+0900: 25.895: [scrub string table, 0.0002170 secs] [1 CMS-remark: 5503K(5504K)] 7594K(7936K), 0.0006361 secs] [Times: user=0.00 sys=0.00, real=0.00 secs] 
2017-07-06T17:38:39.820+0900: 25.895: [CMS-concurrent-sweep-start]
2017-07-06T17:38:39.823+0900: 25.898: [Full GC2017-07-06T17:38:39.823+0900: 25.898: [CMS2017-07-06T17:38:39.824+0900: 25.899: [CMS-concurrent-sweep: 0.004/0.004 secs] [Times: user=0.00 sys=0.00, real=0.00 secs] 
 (concurrent mode failure): 5503K->5503K(5504K), 0.0273151 secs] 7929K->5628K(7936K), [CMS Perm : 3313K->3313K(21248K)], 0.0274418 secs] [Times: user=0.03 sys=0.00, real=0.03 secs] 
2017-07-06T17:38:39.875+0900: 25.950: [Full GC2017-07-06T17:38:39.875+0900: 25.950: [CMS: 5503K->5503K(5504K), 0.0252827 secs] 7933K->5632K(7936K), [CMS Perm : 3313K->3313K(21248K)], 0.0254004 secs] [Times: user=0.01 sys=0.00, real=0.03 secs] 
2017-07-06T17:38:39.901+0900: 25.976: [GC [1 CMS-initial-mark: 5503K(5504K)] 5648K(7936K), 0.0002055 secs] [Times: user=0.00 sys=0.00, real=0.00 secs] 
2017-07-06T17:38:39.901+0900: 25.976: [CMS-concurrent-mark-start]
2017-07-06T17:38:39.911+0900: 25.986: [CMS-concurrent-mark: 0.010/0.010 secs] [Times: user=0.02 sys=0.02, real=0.01 secs] 
2017-07-06T17:38:39.911+0900: 25.986: [CMS-concurrent-preclean-start]
2017-07-06T17:38:39.921+0900: 25.997: [CMS-concurrent-preclean: 0.010/0.010 secs] [Times: user=0.02 sys=0.02, real=0.01 secs] 
2017-07-06T17:38:39.921+0900: 25.997: [CMS-concurrent-abortable-preclean-start]
2017-07-06T17:38:39.921+0900: 25.997: [CMS-concurrent-abortable-preclean: 0.000/0.000 secs] [Times: user=0.00 sys=0.00, real=0.00 secs] 
2017-07-06T17:38:39.922+0900: 25.997: [GC[YG occupancy: 2100 K (2432 K)]2017-07-06T17:38:39.922+0900: 25.997: [Rescan (parallel) , 0.0003347 secs]2017-07-06T17:38:39.922+0900: 25.997: [weak refs processing, 0.0000227 secs]2017-07-06T17:38:39.922+0900: 25.997: [scrub string table, 0.0002136 secs] [1 CMS-remark: 5503K(5504K)] 7604K(7936K), 0.0006605 secs] [Times: user=0.00 sys=0.00, real=0.00 secs] 
2017-07-06T17:38:39.922+0900: 25.998: [CMS-concurrent-sweep-start]
2017-07-06T17:38:39.926+0900: 26.001: [Full GC2017-07-06T17:38:39.926+0900: 26.001: [CMS2017-07-06T17:38:39.927+0900: 26.002: [CMS-concurrent-sweep: 0.004/0.004 secs] [Times: user=0.00 sys=0.00, real=0.01 secs] 
 (concurrent mode failure): 5503K->5503K(5504K), 0.0262728 secs] 7931K->5629K(7936K), [CMS Perm : 3313K->3313K(21248K)], 0.0263918 secs] [Times: user=0.03 sys=0.00, real=0.03 secs] 
2017-07-06T17:38:39.979+0900: 26.055: [Full GC2017-07-06T17:38:39.980+0900: 26.055: [CMS: 5503K->5503K(5504K), 0.0252498 secs] 7935K->5634K(7936K), [CMS Perm : 3313K->3313K(21248K)], 0.0253713 secs] [Times: user=0.03 sys=0.00, real=0.03 secs] 
2017-07-06T17:38:40.005+0900: 26.080: [GC [1 CMS-initial-mark: 5503K(5504K)] 5634K(7936K), 0.0002149 secs] [Times: user=0.00 sys=0.00, real=0.00 secs] 
2017-07-06T17:38:40.005+0900: 26.081: [CMS-concurrent-mark-start]
2017-07-06T17:38:40.015+0900: 26.091: [CMS-concurrent-mark: 0.010/0.010 secs] [Times: user=0.02 sys=0.02, real=0.01 secs] 
2017-07-06T17:38:40.015+0900: 26.091: [CMS-concurrent-preclean-start]
2017-07-06T17:38:40.026+0900: 26.101: [CMS-concurrent-preclean: 0.010/0.010 secs] [Times: user=0.00 sys=0.00, real=0.01 secs] 
2017-07-06T17:38:40.026+0900: 26.101: [GC[YG occupancy: 1996 K (2432 K)]2017-07-06T17:38:40.026+0900: 26.101: [Rescan (parallel) , 0.0003095 secs]2017-07-06T17:38:40.026+0900: 26.102: [weak refs processing, 0.0000244 secs]2017-07-06T17:38:40.026+0900: 26.102: [scrub string table, 0.0002303 secs] [1 CMS-remark: 5503K(5504K)] 7500K(7936K), 0.0006523 secs] [Times: user=0.00 sys=0.00, real=0.00 secs] 
2017-07-06T17:38:40.027+0900: 26.102: [CMS-concurrent-sweep-start]
2017-07-06T17:38:40.031+0900: 26.106: [CMS-concurrent-sweep: 0.004/0.004 secs] [Times: user=0.01 sys=0.01, real=0.00 secs] 
2017-07-06T17:38:40.031+0900: 26.106: [CMS-concurrent-reset-start]
2017-07-06T17:38:40.031+0900: 26.106: [CMS-concurrent-reset: 0.000/0.000 secs] [Times: user=0.00 sys=0.00, real=0.00 secs] 
2017-07-06T17:38:40.031+0900: 26.107: [GC2017-07-06T17:38:40.031+0900: 26.107: [ParNew: 2419K->2419K(2432K), 0.0000312 secs]2017-07-06T17:38:40.031+0900: 26.107: [CMS: 5503K->5503K(5504K), 0.0254428 secs] 7923K->5647K(7936K), [CMS Perm : 3313K->3313K(21248K)], 0.0255875 secs] [Times: user=0.02 sys=0.00, real=0.03 secs] 
2017-07-06T17:38:40.058+0900: 26.133: [GC [1 CMS-initial-mark: 5503K(5504K)] 5663K(7936K), 0.0002461 secs] [Times: user=0.00 sys=0.00, real=0.00 secs] 
2017-07-06T17:38:40.058+0900: 26.134: [CMS-concurrent-mark-start]
2017-07-06T17:38:40.081+0900: 26.156: [CMS-concurrent-mark: 0.022/0.022 secs] [Times: user=0.03 sys=0.02, real=0.02 secs] 
2017-07-06T17:38:40.081+0900: 26.156: [CMS-concurrent-preclean-start]
2017-07-06T17:38:40.085+0900: 26.161: [Full GC2017-07-06T17:38:40.085+0900: 26.161: [CMS2017-07-06T17:38:40.091+0900: 26.166: [CMS-concurrent-preclean: 0.010/0.010 secs] [Times: user=0.02 sys=0.00, real=0.01 secs] 
 (concurrent mode failure): 5503K->5503K(5504K), 0.0308905 secs] 7926K->5652K(7936K), [CMS Perm : 3313K->3313K(21248K)], 0.0310061 secs] [Times: user=0.03 sys=0.00, real=0.03 secs] 
2017-07-06T17:38:40.139+0900: 26.214: [Full GC2017-07-06T17:38:40.139+0900: 26.214: [CMS: 5503K->5503K(5504K), 0.0249634 secs] 7932K->5656K(7936K), [CMS Perm : 3313K->3313K(21248K)], 0.0250785 secs] [Times: user=0.02 sys=0.00, real=0.03 secs] 
2017-07-06T17:38:40.164+0900: 26.239: [GC [1 CMS-initial-mark: 5503K(5504K)] 5672K(7936K), 0.0002200 secs] [Times: user=0.00 sys=0.00, real=0.00 secs] 
2017-07-06T17:38:40.164+0900: 26.239: [CMS-concurrent-mark-start]
2017-07-06T17:38:40.174+0900: 26.249: [CMS-concurrent-mark: 0.010/0.010 secs] [Times: user=0.02 sys=0.02, real=0.01 secs] 
2017-07-06T17:38:40.174+0900: 26.249: [CMS-concurrent-preclean-start]
2017-07-06T17:38:40.184+0900: 26.260: [CMS-concurrent-preclean: 0.010/0.010 secs] [Times: user=0.02 sys=0.02, real=0.01 secs] 
2017-07-06T17:38:40.192+0900: 26.267: [Full GC2017-07-06T17:38:40.192+0900: 26.267: [CMS (concurrent mode failure): 5503K->5503K(5504K), 0.0261581 secs] 7929K->5653K(7936K), [CMS Perm : 3313K->3313K(21248K)], 0.0262736 secs] [Times: user=0.03 sys=0.00, real=0.03 secs] 
2017-07-06T17:38:40.241+0900: 26.316: [Full GC2017-07-06T17:38:40.241+0900: 26.316: [CMS: 5503K->5503K(5504K), 0.0251633 secs] 7934K->5658K(7936K), [CMS Perm : 3313K->3313K(21248K)], 0.0252814 secs] [Times: user=0.03 sys=0.00, real=0.03 secs] 
2017-07-06T17:38:40.266+0900: 26.341: [GC [1 CMS-initial-mark: 5503K(5504K)] 5666K(7936K), 0.0002333 secs] [Times: user=0.00 sys=0.00, real=0.00 secs] 
2017-07-06T17:38:40.266+0900: 26.342: [CMS-concurrent-mark-start]
2017-07-06T17:38:40.276+0900: 26.351: [CMS-concurrent-mark: 0.010/0.010 secs] [Times: user=0.00 sys=0.00, real=0.01 secs] 
2017-07-06T17:38:40.276+0900: 26.351: [CMS-concurrent-preclean-start]
2017-07-06T17:38:40.287+0900: 26.362: [CMS-concurrent-preclean: 0.010/0.010 secs] [Times: user=0.02 sys=0.02, real=0.01 secs] 
2017-07-06T17:38:40.292+0900: 26.367: [Full GC2017-07-06T17:38:40.292+0900: 26.367: [CMS (concurrent mode failure): 5503K->5503K(5504K), 0.0262231 secs] 7921K->5671K(7936K), [CMS Perm : 3313K->3313K(21248K)], 0.0263438 secs] [Times: user=0.03 sys=0.00, real=0.03 secs] 
2017-07-06T17:38:40.340+0900: 26.415: [Full GC2017-07-06T17:38:40.340+0900: 26.415: [CMS: 5503K->5503K(5504K), 0.0256662 secs] 7925K->5675K(7936K), [CMS Perm : 3313K->3313K(21248K)], 0.0257835 secs] [Times: user=0.02 sys=0.00, real=0.03 secs] 
2017-07-06T17:38:40.366+0900: 26.441: [GC [1 CMS-initial-mark: 5503K(5504K)] 5691K(7936K), 0.0002324 secs] [Times: user=0.00 sys=0.00, real=0.00 secs] 
2017-07-06T17:38:40.366+0900: 26.441: [CMS-concurrent-mark-start]
2017-07-06T17:38:40.376+0900: 26.451: [CMS-concurrent-mark: 0.010/0.010 secs] [Times: user=0.02 sys=0.02, real=0.01 secs] 
2017-07-06T17:38:40.376+0900: 26.451: [CMS-concurrent-preclean-start]
2017-07-06T17:38:40.386+0900: 26.462: [CMS-concurrent-preclean: 0.010/0.010 secs] [Times: user=0.00 sys=0.00, real=0.01 secs] 
2017-07-06T17:38:40.387+0900: 26.462: [GC[YG occupancy: 1962 K (2432 K)]2017-07-06T17:38:40.387+0900: 26.462: [Rescan (parallel) , 0.0003249 secs]2017-07-06T17:38:40.387+0900: 26.462: [weak refs processing, 0.0000244 secs]2017-07-06T17:38:40.387+0900: 26.462: [scrub string table, 0.0002153 secs] [1 CMS-remark: 5503K(5504K)] 7466K(7936K), 0.0006575 secs] [Times: user=0.00 sys=0.00, real=0.00 secs] 
2017-07-06T17:38:40.389+0900: 26.464: [CMS-concurrent-sweep-start]
2017-07-06T17:38:40.392+0900: 26.467: [Full GC2017-07-06T17:38:40.392+0900: 26.468: [CMS2017-07-06T17:38:40.393+0900: 26.468: [CMS-concurrent-sweep: 0.004/0.004 secs] [Times: user=0.00 sys=0.00, real=0.00 secs] 
 (concurrent mode failure): 5503K->5503K(5504K), 0.0267535 secs] 7930K->5681K(7936K), [CMS Perm : 3313K->3313K(21248K)], 0.0268678 secs] [Times: user=0.03 sys=0.00, real=0.03 secs] 
2017-07-06T17:38:40.441+0900: 26.516: [Full GC2017-07-06T17:38:40.441+0900: 26.517: [CMS: 5503K->5503K(5504K), 0.0254381 secs] 7928K->5677K(7936K), [CMS Perm : 3313K->3313K(21248K)], 0.0255541 secs] [Times: user=0.03 sys=0.00, real=0.03 secs] 
2017-07-06T17:38:40.467+0900: 26.542: [GC [1 CMS-initial-mark: 5503K(5504K)] 5685K(7936K), 0.0002444 secs] [Times: user=0.00 sys=0.00, real=0.00 secs] 
2017-07-06T17:38:40.467+0900: 26.543: [CMS-concurrent-mark-start]
2017-07-06T17:38:40.477+0900: 26.553: [CMS-concurrent-mark: 0.010/0.010 secs] [Times: user=0.00 sys=0.00, real=0.01 secs] 
2017-07-06T17:38:40.477+0900: 26.553: [CMS-concurrent-preclean-start]
2017-07-06T17:38:40.488+0900: 26.563: [CMS-concurrent-preclean: 0.010/0.010 secs] [Times: user=0.03 sys=0.00, real=0.01 secs] 
2017-07-06T17:38:40.488+0900: 26.563: [CMS-concurrent-abortable-preclean-start]
2017-07-06T17:38:40.488+0900: 26.563: [CMS-concurrent-abortable-preclean: 0.000/0.000 secs] [Times: user=0.00 sys=0.00, real=0.00 secs] 
2017-07-06T17:38:40.488+0900: 26.563: [GC[YG occupancy: 2168 K (2432 K)]2017-07-06T17:38:40.488+0900: 26.563: [Rescan (parallel) , 0.0003501 secs]2017-07-06T17:38:40.488+0900: 26.563: [weak refs processing, 0.0000240 secs]2017-07-06T17:38:40.488+0900: 26.563: [scrub string table, 0.0002153 secs] [1 CMS-remark: 5503K(5504K)] 7672K(7936K), 0.0006789 secs] [Times: user=0.00 sys=0.00, real=0.00 secs] 
2017-07-06T17:38:40.488+0900: 26.564: [CMS-concurrent-sweep-start]
2017-07-06T17:38:40.491+0900: 26.567: [Full GC2017-07-06T17:38:40.491+0900: 26.567: [CMS2017-07-06T17:38:40.493+0900: 26.568: [CMS-concurrent-sweep: 0.004/0.004 secs] [Times: user=0.00 sys=0.00, real=0.01 secs] 
 (concurrent mode failure): 5503K->5503K(5504K), 0.0277157 secs] 7931K->5682K(7936K), [CMS Perm : 3313K->3313K(21248K)], 0.0278386 secs] [Times: user=0.03 sys=0.00, real=0.03 secs] 
2017-07-06T17:38:40.542+0900: 26.617: [Full GC2017-07-06T17:38:40.542+0900: 26.617: [CMS: 5503K->5503K(5504K), 0.0253585 secs] 7935K->5686K(7936K), [CMS Perm : 3313K->3313K(21248K)], 0.0254779 secs] [Times: user=0.03 sys=0.00, real=0.02 secs] 
2017-07-06T17:38:40.568+0900: 26.643: [GC [1 CMS-initial-mark: 5503K(5504K)] 5686K(7936K), 0.0002534 secs] [Times: user=0.00 sys=0.00, real=0.00 secs] 
2017-07-06T17:38:40.568+0900: 26.643: [CMS-concurrent-mark-start]
2017-07-06T17:38:40.578+0900: 26.653: [CMS-concurrent-mark: 0.010/0.010 secs] [Times: user=0.01 sys=0.02, real=0.01 secs] 
2017-07-06T17:38:40.578+0900: 26.653: [CMS-concurrent-preclean-start]
2017-07-06T17:38:40.588+0900: 26.663: [CMS-concurrent-preclean: 0.010/0.010 secs] [Times: user=0.00 sys=0.00, real=0.01 secs] 
2017-07-06T17:38:40.588+0900: 26.664: [GC[YG occupancy: 1876 K (2432 K)]2017-07-06T17:38:40.588+0900: 26.664: [Rescan (parallel) , 0.0003600 secs]2017-07-06T17:38:40.589+0900: 26.664: [weak refs processing, 0.0000240 secs]2017-07-06T17:38:40.589+0900: 26.664: [scrub string table, 0.0002166 secs] [1 CMS-remark: 5503K(5504K)] 7380K(7936K), 0.0007114 secs] [Times: user=0.03 sys=0.00, real=0.00 secs] 
2017-07-06T17:38:40.589+0900: 26.664: [CMS-concurrent-sweep-start]
2017-07-06T17:38:40.593+0900: 26.668: [CMS-concurrent-sweep: 0.004/0.004 secs] [Times: user=0.00 sys=0.00, real=0.00 secs] 
2017-07-06T17:38:40.593+0900: 26.669: [CMS-concurrent-reset-start]
2017-07-06T17:38:40.594+0900: 26.669: [CMS-concurrent-reset: 0.000/0.000 secs] [Times: user=0.00 sys=0.00, real=0.00 secs] 
2017-07-06T17:38:40.595+0900: 26.671: [GC2017-07-06T17:38:40.595+0900: 26.671: [ParNew: 2419K->2419K(2432K), 0.0000321 secs]2017-07-06T17:38:40.595+0900: 26.671: [CMS: 5503K->5503K(5504K), 0.0252361 secs] 7923K->5699K(7936K), [CMS Perm : 3313K->3313K(21248K)], 0.0253850 secs] [Times: user=0.03 sys=0.00, real=0.03 secs] 
2017-07-06T17:38:40.638+0900: 26.713: [GC [1 CMS-initial-mark: 5503K(5504K)] 7428K(7936K), 0.0004786 secs] [Times: user=0.00 sys=0.00, real=0.00 secs] 
2017-07-06T17:38:40.638+0900: 26.714: [CMS-concurrent-mark-start]
2017-07-06T17:38:40.647+0900: 26.723: [Full GC2017-07-06T17:38:40.647+0900: 26.723: [CMS2017-07-06T17:38:40.649+0900: 26.724: [CMS-concurrent-mark: 0.010/0.010 secs] [Times: user=0.00 sys=0.00, real=0.01 secs] 
 (concurrent mode failure): 5503K->5503K(5504K), 0.0265574 secs] 7927K->5704K(7936K), [CMS Perm : 3313K->3313K(21248K)], 0.0266781 secs] [Times: user=0.03 sys=0.00, real=0.03 secs] 
2017-07-06T17:38:40.696+0900: 26.771: [Full GC2017-07-06T17:38:40.696+0900: 26.771: [CMS: 5503K->5503K(5504K), 0.0252070 secs] 7932K->5708K(7936K), [CMS Perm : 3313K->3313K(21248K)], 0.0253208 secs] [Times: user=0.03 sys=0.00, real=0.02 secs] 
2017-07-06T17:38:40.721+0900: 26.797: [GC [1 CMS-initial-mark: 5503K(5504K)] 5724K(7936K), 0.0002513 secs] [Times: user=0.00 sys=0.00, real=0.00 secs] 
2017-07-06T17:38:40.722+0900: 26.797: [CMS-concurrent-mark-start]
2017-07-06T17:38:40.731+0900: 26.807: [CMS-concurrent-mark: 0.010/0.010 secs] [Times: user=0.02 sys=0.02, real=0.01 secs] 
2017-07-06T17:38:40.731+0900: 26.807: [CMS-concurrent-preclean-start]
2017-07-06T17:38:40.749+0900: 26.824: [Full GC2017-07-06T17:38:40.749+0900: 26.824: [CMS2017-07-06T17:38:40.751+0900: 26.826: [CMS-concurrent-preclean: 0.019/0.019 secs] [Times: user=0.00 sys=0.01, real=0.02 secs] 
 (concurrent mode failure): 5503K->5503K(5504K), 0.0282062 secs] 7928K->5705K(7936K), [CMS Perm : 3313K->3313K(21248K)], 0.0283261 secs] [Times: user=0.03 sys=0.00, real=0.03 secs] 
2017-07-06T17:38:40.799+0900: 26.875: [Full GC2017-07-06T17:38:40.799+0900: 26.875: [CMS: 5503K->5503K(5504K), 0.0255537 secs] 7933K->5710K(7936K), [CMS Perm : 3313K->3313K(21248K)], 0.0256701 secs] [Times: user=0.03 sys=0.00, real=0.03 secs] 
2017-07-06T17:38:40.825+0900: 26.900: [GC [1 CMS-initial-mark: 5503K(5504K)] 5718K(7936K), 0.0002650 secs] [Times: user=0.00 sys=0.00, real=0.00 secs] 
2017-07-06T17:38:40.825+0900: 26.901: [CMS-concurrent-mark-start]
2017-07-06T17:38:40.835+0900: 26.911: [CMS-concurrent-mark: 0.010/0.010 secs] [Times: user=0.00 sys=0.00, real=0.01 secs] 
2017-07-06T17:38:40.835+0900: 26.911: [CMS-concurrent-preclean-start]
2017-07-06T17:38:40.846+0900: 26.921: [CMS-concurrent-preclean: 0.010/0.010 secs] [Times: user=0.02 sys=0.01, real=0.01 secs] 
2017-07-06T17:38:40.846+0900: 26.921: [CMS-concurrent-abortable-preclean-start]
2017-07-06T17:38:40.846+0900: 26.921: [CMS-concurrent-abortable-preclean: 0.000/0.000 secs] [Times: user=0.00 sys=0.00, real=0.00 secs] 
2017-07-06T17:38:40.846+0900: 26.921: [GC[YG occupancy: 2208 K (2432 K)]2017-07-06T17:38:40.846+0900: 26.921: [Rescan (parallel) , 0.0003728 secs]2017-07-06T17:38:40.846+0900: 26.922: [weak refs processing, 0.0000244 secs]2017-07-06T17:38:40.847+0900: 26.922: [scrub string table, 0.0002132 secs] [1 CMS-remark: 5503K(5504K)] 7711K(7936K), 0.0007020 secs] [Times: user=0.00 sys=0.00, real=0.00 secs] 
2017-07-06T17:38:40.847+0900: 26.922: [CMS-concurrent-sweep-start]
2017-07-06T17:38:40.850+0900: 26.925: [Full GC2017-07-06T17:38:40.850+0900: 26.926: [CMS2017-07-06T17:38:40.853+0900: 26.928: [CMS-concurrent-sweep: 0.005/0.006 secs] [Times: user=0.00 sys=0.00, real=0.01 secs] 
 (concurrent mode failure): 5503K->5503K(5504K), 0.0296522 secs] 7920K->5722K(7936K), [CMS Perm : 3313K->3313K(21248K)], 0.0297776 secs] [Times: user=0.03 sys=0.00, real=0.03 secs] 
2017-07-06T17:38:40.901+0900: 26.977: [Full GC2017-07-06T17:38:40.901+0900: 26.977: [CMS: 5503K->5503K(5504K), 0.0253876 secs] 7924K->5727K(7936K), [CMS Perm : 3313K->3313K(21248K)], 0.0255023 secs] [Times: user=0.02 sys=0.00, real=0.03 secs] 
2017-07-06T17:38:40.927+0900: 27.002: [GC [1 CMS-initial-mark: 5503K(5504K)] 5743K(7936K), 0.0002654 secs] [Times: user=0.00 sys=0.00, real=0.00 secs] 
2017-07-06T17:38:40.927+0900: 27.003: [CMS-concurrent-mark-start]
2017-07-06T17:38:40.937+0900: 27.013: [CMS-concurrent-mark: 0.010/0.010 secs] [Times: user=0.01 sys=0.00, real=0.01 secs] 
2017-07-06T17:38:40.937+0900: 27.013: [CMS-concurrent-preclean-start]
2017-07-06T17:38:40.948+0900: 27.024: [CMS-concurrent-preclean: 0.011/0.011 secs] [Times: user=0.03 sys=0.00, real=0.01 secs] 
2017-07-06T17:38:40.949+0900: 27.024: [GC[YG occupancy: 847 K (2432 K)]2017-07-06T17:38:40.949+0900: 27.024: [Rescan (parallel) , 0.0002864 secs]2017-07-06T17:38:40.949+0900: 27.024: [weak refs processing, 0.0000235 secs]2017-07-06T17:38:40.949+0900: 27.025: [scrub string table, 0.0002453 secs] [1 CMS-remark: 5503K(5504K)] 6351K(7936K), 0.0006528 secs] [Times: user=0.00 sys=0.00, real=0.00 secs] 
2017-07-06T17:38:40.952+0900: 27.027: [CMS-concurrent-sweep-start]
2017-07-06T17:38:40.956+0900: 27.031: [CMS-concurrent-sweep: 0.004/0.004 secs] [Times: user=0.00 sys=0.00, real=0.00 secs] 
2017-07-06T17:38:40.956+0900: 27.031: [CMS-concurrent-reset-start]
2017-07-06T17:38:40.956+0900: 27.032: [CMS-concurrent-reset: 0.000/0.000 secs] [Times: user=0.00 sys=0.00, real=0.00 secs] 
2017-07-06T17:38:40.967+0900: 27.042: [GC2017-07-06T17:38:40.967+0900: 27.042: [ParNew: 2425K->2425K(2432K), 0.0000471 secs]2017-07-06T17:38:40.967+0900: 27.043: [CMS: 5503K->5503K(5504K), 0.0254997 secs] 7929K->5732K(7936K), [CMS Perm : 3313K->3313K(21248K)], 0.0256778 secs] [Times: user=0.02 sys=0.00, real=0.03 secs] 
2017-07-06T17:38:40.993+0900: 27.068: [GC [1 CMS-initial-mark: 5503K(5504K)] 5748K(7936K), 0.0002769 secs] [Times: user=0.00 sys=0.00, real=0.00 secs] 
2017-07-06T17:38:40.993+0900: 27.069: [CMS-concurrent-mark-start]
2017-07-06T17:38:41.003+0900: 27.078: [CMS-concurrent-mark: 0.010/0.010 secs] [Times: user=0.02 sys=0.02, real=0.01 secs] 
2017-07-06T17:38:41.003+0900: 27.079: [CMS-concurrent-preclean-start]
2017-07-06T17:38:41.014+0900: 27.089: [CMS-concurrent-preclean: 0.010/0.010 secs] [Times: user=0.01 sys=0.01, real=0.01 secs] 
2017-07-06T17:38:41.020+0900: 27.095: [Full GC2017-07-06T17:38:41.020+0900: 27.095: [CMS (concurrent mode failure): 5503K->5503K(5504K), 0.0261388 secs] 7934K->5736K(7936K), [CMS Perm : 3313K->3313K(21248K)], 0.0262522 secs] [Times: user=0.03 sys=0.00, real=0.03 secs] 
2017-07-06T17:38:41.068+0900: 27.143: [Full GC2017-07-06T17:38:41.068+0900: 27.143: [CMS: 5503K->5503K(5504K), 0.0252532 secs] 7931K->5733K(7936K), [CMS Perm : 3313K->3313K(21248K)], 0.0253662 secs] [Times: user=0.03 sys=0.00, real=0.02 secs] 
2017-07-06T17:38:41.093+0900: 27.169: [GC [1 CMS-initial-mark: 5503K(5504K)] 5741K(7936K), 0.0002795 secs] [Times: user=0.00 sys=0.00, real=0.00 secs] 
2017-07-06T17:38:41.094+0900: 27.169: [CMS-concurrent-mark-start]
2017-07-06T17:38:41.104+0900: 27.179: [CMS-concurrent-mark: 0.010/0.010 secs] [Times: user=0.01 sys=0.00, real=0.01 secs] 
2017-07-06T17:38:41.104+0900: 27.179: [CMS-concurrent-preclean-start]
2017-07-06T17:38:41.114+0900: 27.190: [CMS-concurrent-preclean: 0.011/0.011 secs] [Times: user=0.00 sys=0.00, real=0.01 secs] 
2017-07-06T17:38:41.115+0900: 27.190: [GC[YG occupancy: 773 K (2432 K)]2017-07-06T17:38:41.115+0900: 27.190: [Rescan (parallel) , 0.0002949 secs]2017-07-06T17:38:41.115+0900: 27.190: [weak refs processing, 0.0000235 secs]2017-07-06T17:38:41.115+0900: 27.190: [scrub string table, 0.0002397 secs] [1 CMS-remark: 5503K(5504K)] 6277K(7936K), 0.0006519 secs] [Times: user=0.00 sys=0.00, real=0.00 secs] 
2017-07-06T17:38:41.117+0900: 27.193: [CMS-concurrent-sweep-start]
2017-07-06T17:38:41.121+0900: 27.197: [CMS-concurrent-sweep: 0.004/0.004 secs] [Times: user=0.02 sys=0.00, real=0.00 secs] 
2017-07-06T17:38:41.121+0900: 27.197: [CMS-concurrent-reset-start]
2017-07-06T17:38:41.122+0900: 27.197: [CMS-concurrent-reset: 0.000/0.000 secs] [Times: user=0.00 sys=0.00, real=0.00 secs] 
2017-07-06T17:38:41.134+0900: 27.209: [GC2017-07-06T17:38:41.134+0900: 27.209: [ParNew: 2431K->2431K(2432K), 0.0000347 secs]2017-07-06T17:38:41.134+0900: 27.209: [CMS: 5503K->5503K(5504K), 0.0253221 secs] 7935K->5738K(7936K), [CMS Perm : 3313K->3313K(21248K)], 0.0254843 secs] [Times: user=0.03 sys=0.00, real=0.02 secs] 
2017-07-06T17:38:41.159+0900: 27.235: [GC [1 CMS-initial-mark: 5503K(5504K)] 5772K(7936K), 0.0002945 secs] [Times: user=0.00 sys=0.00, real=0.00 secs] 
2017-07-06T17:38:41.160+0900: 27.235: [CMS-concurrent-mark-start]
2017-07-06T17:38:41.170+0900: 27.245: [CMS-concurrent-mark: 0.010/0.010 secs] [Times: user=0.02 sys=0.02, real=0.01 secs] 
2017-07-06T17:38:41.170+0900: 27.245: [CMS-concurrent-preclean-start]
2017-07-06T17:38:41.180+0900: 27.255: [CMS-concurrent-preclean: 0.010/0.010 secs] [Times: user=0.00 sys=0.00, real=0.01 secs] 
2017-07-06T17:38:41.180+0900: 27.255: [CMS-concurrent-abortable-preclean-start]
2017-07-06T17:38:41.180+0900: 27.255: [CMS-concurrent-abortable-preclean: 0.000/0.000 secs] [Times: user=0.00 sys=0.00, real=0.00 secs] 
2017-07-06T17:38:41.186+0900: 27.261: [Full GC2017-07-06T17:38:41.186+0900: 27.261: [CMS (concurrent mode failure): 5503K->5503K(5504K), 0.0264667 secs] 7925K->5761K(7936K), [CMS Perm : 3313K->3313K(21248K)], 0.0265840 secs] [Times: user=0.01 sys=0.00, real=0.03 secs] 
2017-07-06T17:38:41.234+0900: 27.309: [Full GC2017-07-06T17:38:41.234+0900: 27.309: [CMS: 5503K->5503K(5504K), 0.0253298 secs] 7929K->5747K(7936K), [CMS Perm : 3313K->3313K(21248K)], 0.0254437 secs] [Times: user=0.02 sys=0.02, real=0.03 secs] 
2017-07-06T17:38:41.260+0900: 27.335: [GC [1 CMS-initial-mark: 5503K(5504K)] 5755K(7936K), 0.0002864 secs] [Times: user=0.00 sys=0.00, real=0.00 secs] 
2017-07-06T17:38:41.260+0900: 27.335: [CMS-concurrent-mark-start]
2017-07-06T17:38:41.270+0900: 27.345: [CMS-concurrent-mark: 0.010/0.010 secs] [Times: user=0.00 sys=0.00, real=0.01 secs] 
2017-07-06T17:38:41.270+0900: 27.345: [CMS-concurrent-preclean-start]
2017-07-06T17:38:41.281+0900: 27.356: [CMS-concurrent-preclean: 0.011/0.011 secs] [Times: user=0.01 sys=0.00, real=0.01 secs] 
2017-07-06T17:38:41.281+0900: 27.356: [GC[YG occupancy: 813 K (2432 K)]2017-07-06T17:38:41.281+0900: 27.356: [Rescan (parallel) , 0.0002941 secs]2017-07-06T17:38:41.281+0900: 27.357: [weak refs processing, 0.0000244 secs]2017-07-06T17:38:41.281+0900: 27.357: [scrub string table, 0.0002290 secs] [1 CMS-remark: 5503K(5504K)] 6317K(7936K), 0.0006425 secs] [Times: user=0.00 sys=0.00, real=0.00 secs] 
2017-07-06T17:38:41.284+0900: 27.360: [CMS-concurrent-sweep-start]
2017-07-06T17:38:41.288+0900: 27.364: [CMS-concurrent-sweep: 0.004/0.004 secs] [Times: user=0.00 sys=0.00, real=0.00 secs] 
2017-07-06T17:38:41.288+0900: 27.364: [CMS-concurrent-reset-start]
2017-07-06T17:38:41.289+0900: 27.364: [CMS-concurrent-reset: 0.000/0.000 secs] [Times: user=0.00 sys=0.00, real=0.00 secs] 
2017-07-06T17:38:41.299+0900: 27.375: [GC2017-07-06T17:38:41.299+0900: 27.375: [ParNew: 2426K->2426K(2432K), 0.0000385 secs]2017-07-06T17:38:41.299+0900: 27.375: [CMS: 5503K->5503K(5504K), 0.0253713 secs] 7930K->5759K(7936K), [CMS Perm : 3313K->3313K(21248K)], 0.0255443 secs] [Times: user=0.03 sys=0.00, real=0.03 secs] 
2017-07-06T17:38:41.325+0900: 27.400: [GC [1 CMS-initial-mark: 5503K(5504K)] 5775K(7936K), 0.0002804 secs] [Times: user=0.00 sys=0.00, real=0.00 secs] 
2017-07-06T17:38:41.325+0900: 27.401: [CMS-concurrent-mark-start]
2017-07-06T17:38:41.335+0900: 27.411: [CMS-concurrent-mark: 0.010/0.010 secs] [Times: user=0.00 sys=0.00, real=0.01 secs] 
2017-07-06T17:38:41.336+0900: 27.411: [CMS-concurrent-preclean-start]
2017-07-06T17:38:41.346+0900: 27.421: [CMS-concurrent-preclean: 0.011/0.011 secs] [Times: user=0.02 sys=0.01, real=0.01 secs] 
2017-07-06T17:38:41.352+0900: 27.427: [Full GC2017-07-06T17:38:41.352+0900: 27.427: [CMS (concurrent mode failure): 5503K->5503K(5504K), 0.0268973 secs] 7935K->5764K(7936K), [CMS Perm : 3313K->3313K(21248K)], 0.0270116 secs] [Times: user=0.03 sys=0.00, real=0.03 secs] 
2017-07-06T17:38:41.400+0900: 27.475: [Full GC2017-07-06T17:38:41.400+0900: 27.475: [CMS: 5503K->5503K(5504K), 0.0254509 secs] 7935K->5760K(7936K), [CMS Perm : 3313K->3313K(21248K)], 0.0255644 secs] [Times: user=0.02 sys=0.00, real=0.02 secs] 
2017-07-06T17:38:41.426+0900: 27.501: [GC [1 CMS-initial-mark: 5503K(5504K)] 5768K(7936K), 0.0003287 secs] [Times: user=0.00 sys=0.00, real=0.00 secs] 
2017-07-06T17:38:41.426+0900: 27.502: [CMS-concurrent-mark-start]
2017-07-06T17:38:41.440+0900: 27.515: [CMS-concurrent-mark: 0.013/0.013 secs] [Times: user=0.02 sys=0.02, real=0.01 secs] 
2017-07-06T17:38:41.440+0900: 27.515: [CMS-concurrent-preclean-start]
2017-07-06T17:38:41.450+0900: 27.526: [CMS-concurrent-preclean: 0.010/0.010 secs] [Times: user=0.01 sys=0.02, real=0.01 secs] 
2017-07-06T17:38:41.450+0900: 27.526: [CMS-concurrent-abortable-preclean-start]
2017-07-06T17:38:41.450+0900: 27.526: [CMS-concurrent-abortable-preclean: 0.000/0.000 secs] [Times: user=0.00 sys=0.00, real=0.00 secs] 
2017-07-06T17:38:41.452+0900: 27.528: [Full GC2017-07-06T17:38:41.453+0900: 27.528: [CMS (concurrent mode failure): 5503K->5503K(5504K), 0.0270090 secs] 7922K->5773K(7936K), [CMS Perm : 3313K->3313K(21248K)], 0.0271657 secs] [Times: user=0.03 sys=0.00, real=0.03 secs] 
2017-07-06T17:38:41.501+0900: 27.576: [Full GC2017-07-06T17:38:41.501+0900: 27.576: [CMS: 5503K->5503K(5504K), 0.0256016 secs] 7924K->5777K(7936K), [CMS Perm : 3313K->3313K(21248K)], 0.0257446 secs] [Times: user=0.03 sys=0.00, real=0.03 secs] 
2017-07-06T17:38:41.527+0900: 27.602: [GC [1 CMS-initial-mark: 5503K(5504K)] 5793K(7936K), 0.0003056 secs] [Times: user=0.00 sys=0.00, real=0.00 secs] 
2017-07-06T17:38:41.527+0900: 27.603: [CMS-concurrent-mark-start]
2017-07-06T17:38:41.537+0900: 27.613: [CMS-concurrent-mark: 0.010/0.010 secs] [Times: user=0.00 sys=0.00, real=0.01 secs] 
2017-07-06T17:38:41.537+0900: 27.613: [CMS-concurrent-preclean-start]
2017-07-06T17:38:41.548+0900: 27.624: [CMS-concurrent-preclean: 0.011/0.011 secs] [Times: user=0.02 sys=0.00, real=0.01 secs] 
2017-07-06T17:38:41.550+0900: 27.625: [GC[YG occupancy: 1702 K (2432 K)]2017-07-06T17:38:41.550+0900: 27.625: [Rescan (parallel) , 0.0005402 secs]2017-07-06T17:38:41.550+0900: 27.626: [weak refs processing, 0.0000253 secs]2017-07-06T17:38:41.550+0900: 27.626: [scrub string table, 0.0002641 secs] [1 CMS-remark: 5503K(5504K)] 7206K(7936K), 0.0009374 secs] [Times: user=0.00 sys=0.00, real=0.00 secs] 
2017-07-06T17:38:41.551+0900: 27.627: [CMS-concurrent-sweep-start]
2017-07-06T17:38:41.555+0900: 27.631: [CMS-concurrent-sweep: 0.004/0.004 secs] [Times: user=0.00 sys=0.00, real=0.00 secs] 
2017-07-06T17:38:41.556+0900: 27.631: [CMS-concurrent-reset-start]
2017-07-06T17:38:41.556+0900: 27.631: [CMS-concurrent-reset: 0.000/0.000 secs] [Times: user=0.00 sys=0.00, real=0.00 secs] 
2017-07-06T17:38:41.560+0900: 27.636: [GC2017-07-06T17:38:41.560+0900: 27.636: [ParNew: 2426K->2426K(2432K), 0.0000390 secs]2017-07-06T17:38:41.561+0900: 27.636: [CMS: 5503K->5503K(5504K), 0.0252724 secs] 7930K->5782K(7936K), [CMS Perm : 3313K->3313K(21248K)], 0.0255143 secs] [Times: user=0.02 sys=0.00, real=0.03 secs] 
2017-07-06T17:38:41.586+0900: 27.661: [GC [1 CMS-initial-mark: 5503K(5504K)] 5798K(7936K), 0.0003150 secs] [Times: user=0.00 sys=0.00, real=0.00 secs] 
2017-07-06T17:38:41.586+0900: 27.662: [CMS-concurrent-mark-start]
2017-07-06T17:38:41.597+0900: 27.672: [CMS-concurrent-mark: 0.010/0.010 secs] [Times: user=0.02 sys=0.02, real=0.01 secs] 
2017-07-06T17:38:41.597+0900: 27.672: [CMS-concurrent-preclean-start]
2017-07-06T17:38:41.607+0900: 27.682: [CMS-concurrent-preclean: 0.010/0.010 secs] [Times: user=0.02 sys=0.02, real=0.01 secs] 
2017-07-06T17:38:41.607+0900: 27.682: [CMS-concurrent-abortable-preclean-start]
2017-07-06T17:38:41.607+0900: 27.682: [CMS-concurrent-abortable-preclean: 0.000/0.000 secs] [Times: user=0.00 sys=0.00, real=0.00 secs] 
2017-07-06T17:38:41.607+0900: 27.683: [GC[YG occupancy: 2147 K (2432 K)]2017-07-06T17:38:41.607+0900: 27.683: [Rescan (parallel) , 0.0004272 secs]2017-07-06T17:38:41.608+0900: 27.683: [weak refs processing, 0.0000231 secs]2017-07-06T17:38:41.608+0900: 27.683: [scrub string table, 0.0002157 secs] [1 CMS-remark: 5503K(5504K)] 7651K(7936K), 0.0007564 secs] [Times: user=0.00 sys=0.00, real=0.00 secs] 
2017-07-06T17:38:41.608+0900: 27.683: [CMS-concurrent-sweep-start]
2017-07-06T17:38:41.612+0900: 27.687: [Full GC2017-07-06T17:38:41.612+0900: 27.687: [CMS2017-07-06T17:38:41.612+0900: 27.688: [CMS-concurrent-sweep: 0.004/0.004 secs] [Times: user=0.00 sys=0.00, real=0.00 secs] 
 (concurrent mode failure): 5503K->5503K(5504K), 0.0257681 secs] 7935K->5786K(7936K), [CMS Perm : 3313K->3313K(21248K)], 0.0258854 secs] [Times: user=0.03 sys=0.00, real=0.03 secs] 
2017-07-06T17:38:41.663+0900: 27.739: [Full GC2017-07-06T17:38:41.664+0900: 27.739: [CMS: 5503K->5503K(5504K), 0.0255049 secs] 7931K->5783K(7936K), [CMS Perm : 3313K->3313K(21248K)], 0.0256282 secs] [Times: user=0.03 sys=0.00, real=0.03 secs] 
2017-07-06T17:38:41.689+0900: 27.765: [GC [1 CMS-initial-mark: 5503K(5504K)] 5791K(7936K), 0.0003095 secs] [Times: user=0.00 sys=0.00, real=0.00 secs] 
2017-07-06T17:38:41.690+0900: 27.765: [CMS-concurrent-mark-start]
2017-07-06T17:38:41.700+0900: 27.775: [CMS-concurrent-mark: 0.010/0.010 secs] [Times: user=0.02 sys=0.02, real=0.01 secs] 
2017-07-06T17:38:41.700+0900: 27.775: [CMS-concurrent-preclean-start]
2017-07-06T17:38:41.710+0900: 27.785: [CMS-concurrent-preclean: 0.010/0.010 secs] [Times: user=0.00 sys=0.00, real=0.01 secs] 
2017-07-06T17:38:41.710+0900: 27.785: [CMS-concurrent-abortable-preclean-start]
2017-07-06T17:38:41.710+0900: 27.785: [CMS-concurrent-abortable-preclean: 0.000/0.000 secs] [Times: user=0.00 sys=0.00, real=0.00 secs] 
2017-07-06T17:38:41.710+0900: 27.786: [GC[YG occupancy: 2299 K (2432 K)]2017-07-06T17:38:41.710+0900: 27.786: [Rescan (parallel) , 0.0004220 secs]2017-07-06T17:38:41.711+0900: 27.786: [weak refs processing, 0.0000240 secs]2017-07-06T17:38:41.711+0900: 27.786: [scrub string table, 0.0002187 secs] [1 CMS-remark: 5503K(5504K)] 7803K(7936K), 0.0007559 secs] [Times: user=0.00 sys=0.00, real=0.00 secs] 
2017-07-06T17:38:41.711+0900: 27.786: [CMS-concurrent-sweep-start]
2017-07-06T17:38:41.713+0900: 27.788: [Full GC2017-07-06T17:38:41.713+0900: 27.788: [CMS2017-07-06T17:38:41.715+0900: 27.791: [CMS-concurrent-sweep: 0.004/0.004 secs] [Times: user=0.03 sys=0.00, real=0.00 secs] 
 (concurrent mode failure): 5503K->5503K(5504K), 0.0285127 secs] 7932K->5788K(7936K), [CMS Perm : 3313K->3313K(21248K)], 0.0286266 secs] [Times: user=0.02 sys=0.00, real=0.03 secs] 
2017-07-06T17:38:41.765+0900: 27.841: [Full GC2017-07-06T17:38:41.765+0900: 27.841: [CMS: 5503K->5503K(5504K), 0.0253401 secs] 7935K->5816K(7936K), [CMS Perm : 3313K->3313K(21248K)], 0.0254565 secs] [Times: user=0.03 sys=0.00, real=0.03 secs] 
2017-07-06T17:38:41.791+0900: 27.866: [GC [1 CMS-initial-mark: 5503K(5504K)] 5816K(7936K), 0.0003249 secs] [Times: user=0.00 sys=0.00, real=0.00 secs] 
2017-07-06T17:38:41.791+0900: 27.867: [CMS-concurrent-mark-start]
2017-07-06T17:38:41.801+0900: 27.877: [CMS-concurrent-mark: 0.010/0.010 secs] [Times: user=0.00 sys=0.00, real=0.01 secs] 
2017-07-06T17:38:41.801+0900: 27.877: [CMS-concurrent-preclean-start]
2017-07-06T17:38:41.812+0900: 27.887: [CMS-concurrent-preclean: 0.010/0.010 secs] [Times: user=0.03 sys=0.00, real=0.01 secs] 
2017-07-06T17:38:41.818+0900: 27.893: [Full GC2017-07-06T17:38:41.818+0900: 27.893: [CMS (concurrent mode failure): 5503K->5503K(5504K), 0.0263781 secs] 7927K->5804K(7936K), [CMS Perm : 3313K->3313K(21248K)], 0.0264911 secs] [Times: user=0.03 sys=0.00, real=0.03 secs] 
2017-07-06T17:38:41.865+0900: 27.940: [Full GC2017-07-06T17:38:41.865+0900: 27.940: [CMS: 5503K->5503K(5504K), 0.0255267 secs] 7928K->5809K(7936K), [CMS Perm : 3313K->3313K(21248K)], 0.0256397 secs] [Times: user=0.03 sys=0.00, real=0.03 secs] 
2017-07-06T17:38:41.891+0900: 27.966: [GC [1 CMS-initial-mark: 5503K(5504K)] 5825K(7936K), 0.0003099 secs] [Times: user=0.00 sys=0.00, real=0.00 secs] 
2017-07-06T17:38:41.891+0900: 27.967: [CMS-concurrent-mark-start]
2017-07-06T17:38:41.901+0900: 27.977: [CMS-concurrent-mark: 0.010/0.010 secs] [Times: user=0.03 sys=0.00, real=0.01 secs] 
2017-07-06T17:38:41.901+0900: 27.977: [CMS-concurrent-preclean-start]
2017-07-06T17:38:41.912+0900: 27.987: [CMS-concurrent-preclean: 0.010/0.010 secs] [Times: user=0.00 sys=0.00, real=0.01 secs] 
2017-07-06T17:38:41.919+0900: 27.995: [Full GC2017-07-06T17:38:41.919+0900: 27.995: [CMS (concurrent mode failure): 5503K->5503K(5504K), 0.0272491 secs] 7932K->5813K(7936K), [CMS Perm : 3313K->3313K(21248K)], 0.0273643 secs] [Times: user=0.03 sys=0.00, real=0.03 secs] 
2017-07-06T17:38:41.968+0900: 28.043: [Full GC2017-07-06T17:38:41.968+0900: 28.043: [CMS: 5503K->5503K(5504K), 0.0255293 secs] 7929K->5810K(7936K), [CMS Perm : 3313K->3313K(21248K)], 0.0256457 secs] [Times: user=0.03 sys=0.00, real=0.03 secs] 
2017-07-06T17:38:41.993+0900: 28.069: [GC [1 CMS-initial-mark: 5503K(5504K)] 5818K(7936K), 0.0003275 secs] [Times: user=0.00 sys=0.00, real=0.00 secs] 
2017-07-06T17:38:41.994+0900: 28.069: [CMS-concurrent-mark-start]
2017-07-06T17:38:42.004+0900: 28.079: [CMS-concurrent-mark: 0.010/0.010 secs] [Times: user=0.00 sys=0.00, real=0.01 secs] 
2017-07-06T17:38:42.004+0900: 28.079: [CMS-concurrent-preclean-start]
2017-07-06T17:38:42.014+0900: 28.089: [CMS-concurrent-preclean: 0.010/0.010 secs] [Times: user=0.02 sys=0.02, real=0.01 secs] 
2017-07-06T17:38:42.014+0900: 28.089: [GC[YG occupancy: 2027 K (2432 K)]2017-07-06T17:38:42.014+0900: 28.090: [Rescan (parallel) , 0.0004357 secs]2017-07-06T17:38:42.015+0900: 28.090: [weak refs processing, 0.0000240 secs]2017-07-06T17:38:42.015+0900: 28.090: [scrub string table, 0.0002136 secs] [1 CMS-remark: 5503K(5504K)] 7530K(7936K), 0.0007662 secs] [Times: user=0.00 sys=0.00, real=0.00 secs] 
2017-07-06T17:38:42.015+0900: 28.090: [CMS-concurrent-sweep-start]
2017-07-06T17:38:42.019+0900: 28.094: [CMS-concurrent-sweep: 0.004/0.004 secs] [Times: user=0.00 sys=0.00, real=0.00 secs] 
2017-07-06T17:38:42.019+0900: 28.094: [CMS-concurrent-reset-start]
2017-07-06T17:38:42.019+0900: 28.095: [CMS-concurrent-reset: 0.000/0.000 secs] [Times: user=0.00 sys=0.00, real=0.00 secs] 
2017-07-06T17:38:42.020+0900: 28.095: [GC2017-07-06T17:38:42.020+0900: 28.095: [ParNew: 2431K->2431K(2432K), 0.0000308 secs]2017-07-06T17:38:42.020+0900: 28.095: [CMS: 5503K->5503K(5504K), 0.0263973 secs] 7935K->5814K(7936K), [CMS Perm : 3313K->3313K(21248K)], 0.0265416 secs] [Times: user=0.03 sys=0.00, real=0.03 secs] 
2017-07-06T17:38:42.047+0900: 28.122: [GC [1 CMS-initial-mark: 5503K(5504K)] 5822K(7936K), 0.0003245 secs] [Times: user=0.00 sys=0.00, real=0.00 secs] 
2017-07-06T17:38:42.047+0900: 28.122: [CMS-concurrent-mark-start]
2017-07-06T17:38:42.057+0900: 28.132: [CMS-concurrent-mark: 0.010/0.010 secs] [Times: user=0.02 sys=0.01, real=0.01 secs] 
2017-07-06T17:38:42.057+0900: 28.132: [CMS-concurrent-preclean-start]
2017-07-06T17:38:42.067+0900: 28.143: [CMS-concurrent-preclean: 0.010/0.010 secs] [Times: user=0.00 sys=0.00, real=0.01 secs] 
2017-07-06T17:38:42.067+0900: 28.143: [GC[YG occupancy: 1953 K (2432 K)]2017-07-06T17:38:42.067+0900: 28.143: [Rescan (parallel) , 0.0004161 secs]2017-07-06T17:38:42.068+0900: 28.143: [weak refs processing, 0.0000231 secs]2017-07-06T17:38:42.068+0900: 28.143: [scrub string table, 0.0002144 secs] [1 CMS-remark: 5503K(5504K)] 7457K(7936K), 0.0007499 secs] [Times: user=0.00 sys=0.00, real=0.00 secs] 
2017-07-06T17:38:42.068+0900: 28.144: [CMS-concurrent-sweep-start]
2017-07-06T17:38:42.072+0900: 28.148: [CMS-concurrent-sweep: 0.004/0.004 secs] [Times: user=0.01 sys=0.02, real=0.00 secs] 
2017-07-06T17:38:42.072+0900: 28.148: [CMS-concurrent-reset-start]
2017-07-06T17:38:42.073+0900: 28.148: [CMS-concurrent-reset: 0.000/0.000 secs] [Times: user=0.00 sys=0.00, real=0.00 secs] 
2017-07-06T17:38:42.074+0900: 28.149: [GC2017-07-06T17:38:42.074+0900: 28.149: [ParNew: 2418K->2418K(2432K), 0.0000317 secs]2017-07-06T17:38:42.074+0900: 28.149: [CMS: 5503K->5503K(5504K), 0.0253790 secs] 7922K->5827K(7936K), [CMS Perm : 3313K->3313K(21248K)], 0.0255254 secs] [Times: user=0.02 sys=0.00, real=0.03 secs] 
2017-07-06T17:38:42.099+0900: 28.175: [GC [1 CMS-initial-mark: 5503K(5504K)] 5843K(7936K), 0.0003210 secs] [Times: user=0.00 sys=0.00, real=0.00 secs] 
2017-07-06T17:38:42.100+0900: 28.175: [CMS-concurrent-mark-start]
2017-07-06T17:38:42.111+0900: 28.187: [CMS-concurrent-mark: 0.011/0.011 secs] [Times: user=0.01 sys=0.02, real=0.01 secs] 
2017-07-06T17:38:42.111+0900: 28.187: [CMS-concurrent-preclean-start]
2017-07-06T17:38:42.120+0900: 28.195: [Full GC2017-07-06T17:38:42.120+0900: 28.196: [CMS2017-07-06T17:38:42.123+0900: 28.198: [CMS-concurrent-preclean: 0.011/0.011 secs] [Times: user=0.02 sys=0.02, real=0.01 secs] 
 (concurrent mode failure): 5503K->5503K(5504K), 0.0289348 secs] 7926K->5831K(7936K), [CMS Perm : 3313K->3313K(21248K)], 0.0290632 secs] [Times: user=0.03 sys=0.00, real=0.03 secs] 
2017-07-06T17:38:42.170+0900: 28.246: [Full GC2017-07-06T17:38:42.170+0900: 28.246: [CMS: 5503K->5503K(5504K), 0.0257031 secs] 7929K->5835K(7936K), [CMS Perm : 3313K->3313K(21248K)], 0.0258212 secs] [Times: user=0.01 sys=0.00, real=0.03 secs] 
2017-07-06T17:38:42.196+0900: 28.272: [GC [1 CMS-initial-mark: 5503K(5504K)] 5851K(7936K), 0.0003292 secs] [Times: user=0.00 sys=0.00, real=0.00 secs] 
2017-07-06T17:38:42.197+0900: 28.272: [CMS-concurrent-mark-start]
2017-07-06T17:38:42.207+0900: 28.282: [CMS-concurrent-mark: 0.010/0.010 secs] [Times: user=0.00 sys=0.00, real=0.01 secs] 
2017-07-06T17:38:42.207+0900: 28.282: [CMS-concurrent-preclean-start]
2017-07-06T17:38:42.217+0900: 28.292: [CMS-concurrent-preclean: 0.010/0.010 secs] [Times: user=0.02 sys=0.02, real=0.01 secs] 
2017-07-06T17:38:42.217+0900: 28.292: [CMS-concurrent-abortable-preclean-start]
2017-07-06T17:38:42.217+0900: 28.292: [CMS-concurrent-abortable-preclean: 0.000/0.000 secs] [Times: user=0.00 sys=0.00, real=0.00 secs] 
2017-07-06T17:38:42.217+0900: 28.293: [GC[YG occupancy: 2293 K (2432 K)]2017-07-06T17:38:42.217+0900: 28.293: [Rescan (parallel) , 0.0004430 secs]2017-07-06T17:38:42.218+0900: 28.293: [weak refs processing, 0.0000240 secs]2017-07-06T17:38:42.218+0900: 28.293: [scrub string table, 0.0002144 secs] [1 CMS-remark: 5503K(5504K)] 7797K(7936K), 0.0007718 secs] [Times: user=0.00 sys=0.00, real=0.00 secs] 
2017-07-06T17:38:42.218+0900: 28.293: [CMS-concurrent-sweep-start]
2017-07-06T17:38:42.220+0900: 28.295: [Full GC2017-07-06T17:38:42.220+0900: 28.295: [CMS2017-07-06T17:38:42.222+0900: 28.298: [CMS-concurrent-sweep: 0.004/0.004 secs] [Times: user=0.00 sys=0.00, real=0.00 secs] 
 (concurrent mode failure): 5503K->5503K(5504K), 0.0285581 secs] 7935K->5840K(7936K), [CMS Perm : 3313K->3313K(21248K)], 0.0286668 secs] [Times: user=0.03 sys=0.00, real=0.03 secs] 
2017-07-06T17:38:42.273+0900: 28.349: [Full GC2017-07-06T17:38:42.273+0900: 28.349: [CMS: 5503K->5503K(5504K), 0.0257296 secs] 7931K->5836K(7936K), [CMS Perm : 3313K->3313K(21248K)], 0.0258554 secs] [Times: user=0.03 sys=0.00, real=0.03 secs] 
2017-07-06T17:38:42.299+0900: 28.375: [GC [1 CMS-initial-mark: 5503K(5504K)] 5844K(7936K), 0.0003493 secs] [Times: user=0.00 sys=0.00, real=0.00 secs] 
2017-07-06T17:38:42.300+0900: 28.375: [CMS-concurrent-mark-start]
2017-07-06T17:38:42.309+0900: 28.385: [CMS-concurrent-mark: 0.010/0.010 secs] [Times: user=0.03 sys=0.00, real=0.01 secs] 
2017-07-06T17:38:42.310+0900: 28.385: [CMS-concurrent-preclean-start]
2017-07-06T17:38:42.320+0900: 28.395: [CMS-concurrent-preclean: 0.010/0.010 secs] [Times: user=0.00 sys=0.00, real=0.01 secs] 
2017-07-06T17:38:42.320+0900: 28.395: [CMS-concurrent-abortable-preclean-start]
2017-07-06T17:38:42.320+0900: 28.395: [CMS-concurrent-abortable-preclean: 0.000/0.000 secs] [Times: user=0.00 sys=0.00, real=0.00 secs] 
2017-07-06T17:38:42.320+0900: 28.395: [GC[YG occupancy: 2119 K (2432 K)]2017-07-06T17:38:42.320+0900: 28.395: [Rescan (parallel) , 0.0004696 secs]2017-07-06T17:38:42.321+0900: 28.396: [weak refs processing, 0.0000231 secs]2017-07-06T17:38:42.321+0900: 28.396: [scrub string table, 0.0002222 secs] [1 CMS-remark: 5503K(5504K)] 7623K(7936K), 0.0008034 secs] [Times: user=0.03 sys=0.00, real=0.00 secs] 
2017-07-06T17:38:42.321+0900: 28.396: [CMS-concurrent-sweep-start]
2017-07-06T17:38:42.325+0900: 28.400: [Full GC2017-07-06T17:38:42.325+0900: 28.400: [CMS2017-07-06T17:38:42.325+0900: 28.401: [CMS-concurrent-sweep: 0.004/0.004 secs] [Times: user=0.00 sys=0.00, real=0.00 secs] 
 (concurrent mode failure): 5503K->5503K(5504K), 0.0259766 secs] 7935K->5841K(7936K), [CMS Perm : 3313K->3313K(21248K)], 0.0261024 secs] [Times: user=0.02 sys=0.00, real=0.03 secs] 
2017-07-06T17:38:42.377+0900: 28.453: [Full GC2017-07-06T17:38:42.377+0900: 28.453: [CMS: 5503K->5503K(5504K), 0.0256795 secs] 7922K->5853K(7936K), [CMS Perm : 3313K->3313K(21248K)], 0.0257998 secs] [Times: user=0.03 sys=0.00, real=0.03 secs] 
2017-07-06T17:38:42.403+0900: 28.479: [GC [1 CMS-initial-mark: 5503K(5504K)] 5869K(7936K), 0.0003373 secs] [Times: user=0.00 sys=0.00, real=0.00 secs] 
2017-07-06T17:38:42.404+0900: 28.479: [CMS-concurrent-mark-start]
2017-07-06T17:38:42.414+0900: 28.489: [CMS-concurrent-mark: 0.010/0.010 secs] [Times: user=0.01 sys=0.02, real=0.01 secs] 
2017-07-06T17:38:42.414+0900: 28.489: [CMS-concurrent-preclean-start]
2017-07-06T17:38:42.424+0900: 28.499: [CMS-concurrent-preclean: 0.010/0.010 secs] [Times: user=0.00 sys=0.00, real=0.01 secs] 
2017-07-06T17:38:42.424+0900: 28.499: [GC[YG occupancy: 2061 K (2432 K)]2017-07-06T17:38:42.424+0900: 28.499: [Rescan (parallel) , 0.0004268 secs]2017-07-06T17:38:42.424+0900: 28.500: [weak refs processing, 0.0000223 secs]2017-07-06T17:38:42.425+0900: 28.500: [scrub string table, 0.0002157 secs] [1 CMS-remark: 5503K(5504K)] 7565K(7936K), 0.0007551 secs] [Times: user=0.00 sys=0.00, real=0.00 secs] 
2017-07-06T17:38:42.425+0900: 28.500: [CMS-concurrent-sweep-start]
2017-07-06T17:38:42.429+0900: 28.504: [CMS-concurrent-sweep: 0.004/0.004 secs] [Times: user=0.00 sys=0.00, real=0.00 secs] 
2017-07-06T17:38:42.429+0900: 28.504: [CMS-concurrent-reset-start]
2017-07-06T17:38:42.429+0900: 28.505: [CMS-concurrent-reset: 0.000/0.000 secs] [Times: user=0.00 sys=0.00, real=0.00 secs] 
2017-07-06T17:38:42.430+0900: 28.505: [GC2017-07-06T17:38:42.430+0900: 28.505: [ParNew: 2422K->2422K(2432K), 0.0000312 secs]2017-07-06T17:38:42.430+0900: 28.505: [CMS: 5503K->5503K(5504K), 0.0260369 secs] 7926K->5857K(7936K), [CMS Perm : 3313K->3313K(21248K)], 0.0261902 secs] [Times: user=0.01 sys=0.00, real=0.03 secs] 
2017-07-06T17:38:42.468+0900: 28.544: [GC [1 CMS-initial-mark: 5503K(5504K)] 6861K(7936K), 0.0004965 secs] [Times: user=0.00 sys=0.00, real=0.00 secs] 
2017-07-06T17:38:42.469+0900: 28.544: [CMS-concurrent-mark-start]
2017-07-06T17:38:42.479+0900: 28.555: [CMS-concurrent-mark: 0.010/0.010 secs] [Times: user=0.02 sys=0.02, real=0.01 secs] 
2017-07-06T17:38:42.479+0900: 28.555: [CMS-concurrent-preclean-start]
2017-07-06T17:38:42.483+0900: 28.559: [Full GC2017-07-06T17:38:42.483+0900: 28.559: [CMS2017-07-06T17:38:42.490+0900: 28.565: [CMS-concurrent-preclean: 0.010/0.010 secs] [Times: user=0.00 sys=0.00, real=0.01 secs] 
 (concurrent mode failure): 5503K->5503K(5504K), 0.0316417 secs] 7931K->5862K(7936K), [CMS Perm : 3313K->3313K(21248K)], 0.0317590 secs] [Times: user=0.03 sys=0.00, real=0.03 secs] 
2017-07-06T17:38:42.535+0900: 28.611: [Full GC2017-07-06T17:38:42.535+0900: 28.611: [CMS: 5503K->5503K(5504K), 0.0266251 secs] 7935K->5866K(7936K), [CMS Perm : 3313K->3313K(21248K)], 0.0267406 secs] [Times: user=0.03 sys=0.00, real=0.03 secs] 
2017-07-06T17:38:42.571+0900: 28.647: [GC [1 CMS-initial-mark: 5503K(5504K)] 6594K(7936K), 0.0004696 secs] [Times: user=0.00 sys=0.00, real=0.00 secs] 
2017-07-06T17:38:42.572+0900: 28.647: [CMS-concurrent-mark-start]
2017-07-06T17:38:42.582+0900: 28.657: [CMS-concurrent-mark: 0.010/0.010 secs] [Times: user=0.00 sys=0.00, real=0.01 secs] 
2017-07-06T17:38:42.582+0900: 28.657: [CMS-concurrent-preclean-start]
2017-07-06T17:38:42.589+0900: 28.665: [Full GC2017-07-06T17:38:42.589+0900: 28.665: [CMS2017-07-06T17:38:42.592+0900: 28.668: [CMS-concurrent-preclean: 0.010/0.010 secs] [Times: user=0.02 sys=0.02, real=0.01 secs] 
 (concurrent mode failure): 5503K->5503K(5504K), 0.0285050 secs] 7931K->5862K(7936K), [CMS Perm : 3313K->3313K(21248K)], 0.0286219 secs] [Times: user=0.03 sys=0.00, real=0.03 secs] 
2017-07-06T17:38:42.638+0900: 28.713: [Full GC2017-07-06T17:38:42.638+0900: 28.713: [CMS: 5503K->5503K(5504K), 0.0255674 secs] 7935K->5891K(7936K), [CMS Perm : 3313K->3313K(21248K)], 0.0256812 secs] [Times: user=0.03 sys=0.00, real=0.03 secs] 
2017-07-06T17:38:42.664+0900: 28.739: [GC [1 CMS-initial-mark: 5503K(5504K)] 5902K(7936K), 0.0003544 secs] [Times: user=0.00 sys=0.00, real=0.00 secs] 
2017-07-06T17:38:42.664+0900: 28.740: [CMS-concurrent-mark-start]
2017-07-06T17:38:42.674+0900: 28.750: [CMS-concurrent-mark: 0.010/0.010 secs] [Times: user=0.00 sys=0.00, real=0.01 secs] 
2017-07-06T17:38:42.674+0900: 28.750: [CMS-concurrent-preclean-start]
2017-07-06T17:38:42.685+0900: 28.760: [CMS-concurrent-preclean: 0.010/0.010 secs] [Times: user=0.02 sys=0.02, real=0.01 secs] 
2017-07-06T17:38:42.686+0900: 28.761: [GC[YG occupancy: 1840 K (2432 K)]2017-07-06T17:38:42.686+0900: 28.761: [Rescan (parallel) , 0.0007683 secs]2017-07-06T17:38:42.687+0900: 28.762: [weak refs processing, 0.0000240 secs]2017-07-06T17:38:42.687+0900: 28.762: [scrub string table, 0.0002341 secs] [1 CMS-remark: 5503K(5504K)] 7344K(7936K), 0.0011305 secs] [Times: user=0.00 sys=0.00, real=0.00 secs] 
2017-07-06T17:38:42.688+0900: 28.763: [CMS-concurrent-sweep-start]
2017-07-06T17:38:42.692+0900: 28.767: [CMS-concurrent-sweep: 0.004/0.004 secs] [Times: user=0.00 sys=0.00, real=0.00 secs] 
2017-07-06T17:38:42.692+0900: 28.767: [CMS-concurrent-reset-start]
2017-07-06T17:38:42.692+0900: 28.767: [CMS-concurrent-reset: 0.000/0.000 secs] [Times: user=0.00 sys=0.00, real=0.00 secs] 
2017-07-06T17:38:42.694+0900: 28.769: [GC2017-07-06T17:38:42.694+0900: 28.769: [ParNew: 2417K->2417K(2432K), 0.0000342 secs]2017-07-06T17:38:42.694+0900: 28.769: [CMS: 5503K->5503K(5504K), 0.0256397 secs] 7921K->5879K(7936K), [CMS Perm : 3313K->3313K(21248K)], 0.0257981 secs] [Times: user=0.03 sys=0.00, real=0.03 secs] 
2017-07-06T17:38:42.720+0900: 28.795: [GC [1 CMS-initial-mark: 5503K(5504K)] 5895K(7936K), 0.0003523 secs] [Times: user=0.00 sys=0.00, real=0.00 secs] 
2017-07-06T17:38:42.720+0900: 28.796: [CMS-concurrent-mark-start]
2017-07-06T17:38:42.730+0900: 28.806: [CMS-concurrent-mark: 0.010/0.010 secs] [Times: user=0.02 sys=0.02, real=0.01 secs] 
2017-07-06T17:38:42.730+0900: 28.806: [CMS-concurrent-preclean-start]
2017-07-06T17:38:42.741+0900: 28.816: [CMS-concurrent-preclean: 0.010/0.010 secs] [Times: user=0.00 sys=0.00, real=0.01 secs] 
2017-07-06T17:38:42.741+0900: 28.816: [CMS-concurrent-abortable-preclean-start]
2017-07-06T17:38:42.741+0900: 28.816: [CMS-concurrent-abortable-preclean: 0.000/0.000 secs] [Times: user=0.00 sys=0.00, real=0.00 secs] 
2017-07-06T17:38:42.741+0900: 28.816: [GC[YG occupancy: 2165 K (2432 K)]2017-07-06T17:38:42.741+0900: 28.816: [Rescan (parallel) , 0.0004683 secs]2017-07-06T17:38:42.741+0900: 28.817: [weak refs processing, 0.0000231 secs]2017-07-06T17:38:42.741+0900: 28.817: [scrub string table, 0.0002174 secs] [1 CMS-remark: 5503K(5504K)] 7669K(7936K), 0.0008077 secs] [Times: user=0.02 sys=0.00, real=0.00 secs] 
2017-07-06T17:38:42.742+0900: 28.817: [CMS-concurrent-sweep-start]
2017-07-06T17:38:42.746+0900: 28.821: [CMS-concurrent-sweep: 0.004/0.004 secs] [Times: user=0.00 sys=0.00, real=0.00 secs] 
2017-07-06T17:38:42.746+0900: 28.821: [CMS-concurrent-reset-start]
2017-07-06T17:38:42.746+0900: 28.822: [GC2017-07-06T17:38:42.746+0900: 28.822: [ParNew: 2422K->2422K(2432K), 0.0000325 secs]2017-07-06T17:38:42.746+0900: 28.822: [CMS2017-07-06T17:38:42.746+0900: 28.822: [CMS-concurrent-reset: 0.000/0.001 secs] [Times: user=0.00 sys=0.00, real=0.00 secs] 
: 5503K->5503K(5504K), 0.0255764 secs] 7926K->5883K(7936K), [CMS Perm : 3313K->3313K(21248K)], 0.0257240 secs] [Times: user=0.02 sys=0.00, real=0.03 secs] 
2017-07-06T17:38:42.772+0900: 28.847: [GC [1 CMS-initial-mark: 5503K(5504K)] 5899K(7936K), 0.0003536 secs] [Times: user=0.00 sys=0.00, real=0.00 secs] 
2017-07-06T17:38:42.772+0900: 28.848: [CMS-concurrent-mark-start]
2017-07-06T17:38:42.783+0900: 28.859: [CMS-concurrent-mark: 0.011/0.011 secs] [Times: user=0.02 sys=0.02, real=0.01 secs] 
2017-07-06T17:38:42.784+0900: 28.859: [CMS-concurrent-preclean-start]
2017-07-06T17:38:42.810+0900: 28.886: [Full GC2017-07-06T17:38:42.810+0900: 28.886: [CMS2017-07-06T17:38:42.816+0900: 28.892: [CMS-concurrent-preclean: 0.026/0.033 secs] [Times: user=0.01 sys=0.02, real=0.03 secs] 
 (concurrent mode failure): 5503K->5503K(5504K), 0.0316546 secs] 7930K->5888K(7936K), [CMS Perm : 3313K->3313K(21248K)], 0.0318433 secs] [Times: user=0.03 sys=0.00, real=0.03 secs] 
2017-07-06T17:38:42.862+0900: 28.938: [Full GC2017-07-06T17:38:42.862+0900: 28.938: [CMS: 5503K->5503K(5504K), 0.0257103 secs] 7935K->5892K(7936K), [CMS Perm : 3313K->3313K(21248K)], 0.0258251 secs] [Times: user=0.03 sys=0.00, real=0.03 secs] 
2017-07-06T17:38:42.888+0900: 28.964: [GC [1 CMS-initial-mark: 5503K(5504K)] 5908K(7936K), 0.0003630 secs] [Times: user=0.00 sys=0.00, real=0.00 secs] 
2017-07-06T17:38:42.889+0900: 28.964: [CMS-concurrent-mark-start]
2017-07-06T17:38:42.910+0900: 28.985: [CMS-concurrent-mark: 0.021/0.021 secs] [Times: user=0.00 sys=0.02, real=0.02 secs] 
2017-07-06T17:38:42.910+0900: 28.985: [CMS-concurrent-preclean-start]
2017-07-06T17:38:42.913+0900: 28.988: [Full GC2017-07-06T17:38:42.913+0900: 28.988: [CMS2017-07-06T17:38:42.920+0900: 28.996: [CMS-concurrent-preclean: 0.010/0.011 secs] [Times: user=0.02 sys=0.00, real=0.01 secs] 
 (concurrent mode failure): 5503K->5503K(5504K), 0.0338838 secs] 7933K->5899K(7936K), [CMS Perm : 3313K->3313K(21248K)], 0.0340007 secs] [Times: user=0.05 sys=0.00, real=0.03 secs] 
2017-07-06T17:38:42.967+0900: 29.042: [Full GC2017-07-06T17:38:42.967+0900: 29.042: [CMS: 5503K->5503K(5504K), 0.0256778 secs] 7928K->5900K(7936K), [CMS Perm : 3313K->3313K(21248K)], 0.0257964 secs] [Times: user=0.03 sys=0.00, real=0.03 secs] 
2017-07-06T17:38:42.993+0900: 29.068: [GC [1 CMS-initial-mark: 5503K(5504K)] 5927K(7936K), 0.0003780 secs] [Times: user=0.00 sys=0.00, real=0.00 secs] 
2017-07-06T17:38:42.993+0900: 29.069: [CMS-concurrent-mark-start]
2017-07-06T17:38:43.003+0900: 29.079: [CMS-concurrent-mark: 0.010/0.010 secs] [Times: user=0.00 sys=0.00, real=0.01 secs] 
2017-07-06T17:38:43.003+0900: 29.079: [CMS-concurrent-preclean-start]
2017-07-06T17:38:43.013+0900: 29.089: [CMS-concurrent-preclean: 0.010/0.010 secs] [Times: user=0.01 sys=0.02, real=0.01 secs] 
2017-07-06T17:38:43.014+0900: 29.089: [CMS-concurrent-abortable-preclean-start]
2017-07-06T17:38:43.014+0900: 2017-07-06T17:38:43.018+0900: 29.093: [Full GC2017-07-06T17:38:43.018+0900: 29.093: [CMS29.089: [CMS-concurrent-abortable-preclean: 0.000/0.000 secs] [Times: user=0.00 sys=0.00, real=0.00 secs] 
 (concurrent mode failure): 5503K->5503K(5504K), 0.0276759 secs] 7921K->5905K(7936K), [CMS Perm : 3313K->3313K(21248K)], 0.0277979 secs] [Times: user=0.03 sys=0.00, real=0.03 secs] 
2017-07-06T17:38:43.065+0900: 29.141: [Full GC2017-07-06T17:38:43.065+0900: 29.141: [CMS: 5503K->5503K(5504K), 0.0255943 secs] 7928K->5909K(7936K), [CMS Perm : 3313K->3313K(21248K)], 0.0257103 secs] [Times: user=0.03 sys=0.00, real=0.03 secs] 
2017-07-06T17:38:43.091+0900: 29.167: [GC [1 CMS-initial-mark: 5503K(5504K)] 5925K(7936K), 0.0003912 secs] [Times: user=0.00 sys=0.00, real=0.00 secs] 
2017-07-06T17:38:43.092+0900: 29.167: [CMS-concurrent-mark-start]
2017-07-06T17:38:43.102+0900: 29.177: [CMS-concurrent-mark: 0.010/0.010 secs] [Times: user=0.02 sys=0.00, real=0.01 secs] 
2017-07-06T17:38:43.102+0900: 29.177: [CMS-concurrent-preclean-start]
2017-07-06T17:38:43.112+0900: 29.188: [CMS-concurrent-preclean: 0.011/0.011 secs] [Times: user=0.00 sys=0.00, real=0.01 secs] 
2017-07-06T17:38:43.122+0900: 29.198: [GC[YG occupancy: 1728 K (2432 K)]2017-07-06T17:38:43.123+0900: 29.198: [Rescan (parallel) , 0.0004751 secs]2017-07-06T17:38:43.123+0900: 29.198: [weak refs processing, 0.0000244 secs]2017-07-06T17:38:43.123+0900: 29.198: [scrub string table, 0.0002260 secs] [1 CMS-remark: 5503K(5504K)] 7232K(7936K), 0.0008492 secs] [Times: user=0.00 sys=0.00, real=0.00 secs] 
2017-07-06T17:38:43.123+0900: 29.199: [CMS-concurrent-sweep-start]
2017-07-06T17:38:43.128+0900: 29.203: [CMS-concurrent-sweep: 0.004/0.004 secs] [Times: user=0.00 sys=0.00, real=0.01 secs] 
2017-07-06T17:38:43.128+0900: 29.203: [CMS-concurrent-reset-start]
2017-07-06T17:38:43.128+0900: 29.203: [CMS-concurrent-reset: 0.000/0.000 secs] [Times: user=0.00 sys=0.00, real=0.00 secs] 
2017-07-06T17:38:43.132+0900: 29.207: [GC2017-07-06T17:38:43.132+0900: 29.207: [ParNew: 2426K->2426K(2432K), 0.0000325 secs]2017-07-06T17:38:43.132+0900: 29.207: [CMS: 5503K->5503K(5504K), 0.0255455 secs] 7930K->5913K(7936K), [CMS Perm : 3313K->3313K(21248K)], 0.0257009 secs] [Times: user=0.02 sys=0.00, real=0.03 secs] 
2017-07-06T17:38:43.158+0900: 29.233: [GC [1 CMS-initial-mark: 5503K(5504K)] 5929K(7936K), 0.0003733 secs] [Times: user=0.00 sys=0.00, real=0.00 secs] 
2017-07-06T17:38:43.158+0900: 29.233: [CMS-concurrent-mark-start]
2017-07-06T17:38:43.168+0900: 29.244: [CMS-concurrent-mark: 0.010/0.010 secs] [Times: user=0.01 sys=0.02, real=0.01 secs] 
2017-07-06T17:38:43.168+0900: 29.244: [CMS-concurrent-preclean-start]
2017-07-06T17:38:43.179+0900: 29.254: [CMS-concurrent-preclean: 0.011/0.011 secs] [Times: user=0.02 sys=0.00, real=0.01 secs] 
2017-07-06T17:38:43.179+0900: 29.254: [CMS-concurrent-abortable-preclean-start]
2017-07-06T17:38:43.179+0900: 29.254: [CMS-concurrent-abortable-preclean: 0.000/0.000 secs] [Times: user=0.00 sys=0.00, real=0.00 secs] 
2017-07-06T17:38:43.183+0900: 29.258: [Full GC2017-07-06T17:38:43.183+0900: 29.258: [CMS (concurrent mode failure): 5503K->5503K(5504K), 0.0263652 secs] 7934K->5917K(7936K), [CMS Perm : 3313K->3313K(21248K)], 0.0264885 secs] [Times: user=0.02 sys=0.00, real=0.03 secs] 
2017-07-06T17:38:43.229+0900: 29.304: [Full GC2017-07-06T17:38:43.229+0900: 29.305: [CMS: 5503K->5503K(5504K), 0.0255537 secs] 7930K->5914K(7936K), [CMS Perm : 3313K->3313K(21248K)], 0.0256705 secs] [Times: user=0.01 sys=0.00, real=0.03 secs] 
2017-07-06T17:38:43.255+0900: 29.330: [GC [1 CMS-initial-mark: 5503K(5504K)] 5922K(7936K), 0.0003878 secs] [Times: user=0.00 sys=0.00, real=0.00 secs] 
2017-07-06T17:38:43.255+0900: 29.331: [CMS-concurrent-mark-start]
2017-07-06T17:38:43.268+0900: 29.344: [CMS-concurrent-mark: 0.013/0.013 secs] [Times: user=0.02 sys=0.02, real=0.01 secs] 
2017-07-06T17:38:43.268+0900: 29.344: [CMS-concurrent-preclean-start]
2017-07-06T17:38:43.278+0900: 29.354: [Full GC2017-07-06T17:38:43.278+0900: 29.354: [CMS2017-07-06T17:38:43.279+0900: 29.355: [CMS-concurrent-preclean: 0.011/0.011 secs] [Times: user=0.01 sys=0.01, real=0.01 secs] 
 (concurrent mode failure): 5503K->5503K(5504K), 0.0264645 secs] 7935K->5952K(7936K), [CMS Perm : 3313K->3313K(21248K)], 0.0265805 secs] [Times: user=0.03 sys=0.00, real=0.03 secs] 
2017-07-06T17:38:43.325+0900: 29.400: [Full GC2017-07-06T17:38:43.325+0900: 29.400: [CMS: 5503K->5503K(5504K), 0.0256059 secs] 7933K->5930K(7936K), [CMS Perm : 3313K->3313K(21248K)], 0.0257210 secs] [Times: user=0.03 sys=0.00, real=0.02 secs] 
2017-07-06T17:38:43.350+0900: 29.426: [GC [1 CMS-initial-mark: 5503K(5504K)] 5946K(7936K), 0.0003835 secs] [Times: user=0.00 sys=0.00, real=0.00 secs] 
2017-07-06T17:38:43.351+0900: 29.426: [CMS-concurrent-mark-start]
2017-07-06T17:38:43.362+0900: 29.437: [CMS-concurrent-mark: 0.011/0.011 secs] [Times: user=0.00 sys=0.00, real=0.01 secs] 
2017-07-06T17:38:43.362+0900: 29.437: [CMS-concurrent-preclean-start]
2017-07-06T17:38:43.372+0900: 29.448: [CMS-concurrent-preclean: 0.010/0.010 secs] [Times: user=0.02 sys=0.02, real=0.01 secs] 
2017-07-06T17:38:43.372+0900: 29.448: [CMS-concurrent-abortable-preclean-start]
2017-07-06T17:38:43.372+0900: 29.448: [CMS-concurrent-abortable-preclean: 0.000/0.000 secs] [Times: user=0.00 sys=0.00, real=0.00 secs] 
2017-07-06T17:38:43.373+0900: 29.448: [Full GC2017-07-06T17:38:43.373+0900: 29.448: [CMS (concurrent mode failure): 5503K->5503K(5504K), 0.0270150 secs] 7927K->5934K(7936K), [CMS Perm : 3313K->3313K(21248K)], 0.0271212 secs] [Times: user=0.03 sys=0.00, real=0.03 secs] 
2017-07-06T17:38:43.422+0900: 29.497: [Full GC2017-07-06T17:38:43.422+0900: 29.497: [CMS: 5503K->5503K(5504K), 0.0259192 secs] 7931K->5938K(7936K), [CMS Perm : 3313K->3313K(21248K)], 0.0260382 secs] [Times: user=0.03 sys=0.00, real=0.03 secs] 
2017-07-06T17:38:43.448+0900: 29.523: [GC [1 CMS-initial-mark: 5503K(5504K)] 5954K(7936K), 0.0003887 secs] [Times: user=0.00 sys=0.00, real=0.00 secs] 
2017-07-06T17:38:43.448+0900: 29.524: [CMS-concurrent-mark-start]
2017-07-06T17:38:43.458+0900: 29.534: [CMS-concurrent-mark: 0.010/0.010 secs] [Times: user=0.00 sys=0.00, real=0.01 secs] 
2017-07-06T17:38:43.458+0900: 29.534: [CMS-concurrent-preclean-start]
2017-07-06T17:38:43.469+0900: 29.544: [CMS-concurrent-preclean: 0.010/0.010 secs] [Times: user=0.02 sys=0.02, real=0.01 secs] 
2017-07-06T17:38:43.469+0900: 29.544: [CMS-concurrent-abortable-preclean-start]
2017-07-06T17:38:43.469+0900: 29.544: [CMS-concurrent-abortable-preclean: 0.000/0.000 secs] [Times: user=0.00 sys=0.00, real=0.00 secs] 
2017-07-06T17:38:43.469+0900: 29.544: [GC[YG occupancy: 2423 K (2432 K)]2017-07-06T17:38:43.469+0900: 29.544: [Rescan (parallel) , 0.0005248 secs]2017-07-06T17:38:43.469+0900: 29.545: [weak refs processing, 0.0000231 secs]2017-07-06T17:38:43.469+0900: 29.545: [scrub string table, 0.0002157 secs] [1 CMS-remark: 5503K(5504K)] 7927K(7936K), 0.0008728 secs] [Times: user=0.00 sys=0.00, real=0.00 secs] 
2017-07-06T17:38:43.470+0900: 29.545: [CMS-concurrent-sweep-start]
2017-07-06T17:38:43.470+0900: 29.545: [Full GC2017-07-06T17:38:43.470+0900: 29.545: [CMS2017-07-06T17:38:43.474+0900: 29.549: [CMS-concurrent-sweep: 0.004/0.004 secs] [Times: user=0.00 sys=0.00, real=0.00 secs] 
 (concurrent mode failure): 5503K->5503K(5504K), 0.0373929 secs] 7928K->5934K(7936K), [CMS Perm : 3313K->3313K(21248K)], 0.0375012 secs] [Times: user=0.05 sys=0.00, real=0.04 secs] 
2017-07-06T17:38:43.530+0900: 29.605: [Full GC2017-07-06T17:38:43.530+0900: 29.605: [CMS: 5503K->5504K(5504K), 0.0326480 secs] 7930K->5971K(7936K), [CMS Perm : 3313K->3313K(21248K)], 0.0327743 secs] [Times: user=0.03 sys=0.00, real=0.03 secs] 
2017-07-06T17:38:43.571+0900: 29.646: [GC [1 CMS-initial-mark: 5504K(5504K)] 6619K(7936K), 0.0005406 secs] [Times: user=0.00 sys=0.00, real=0.00 secs] 
2017-07-06T17:38:43.571+0900: 29.647: [CMS-concurrent-mark-start]
2017-07-06T17:38:43.581+0900: 29.657: [CMS-concurrent-mark: 0.010/0.010 secs] [Times: user=0.00 sys=0.00, real=0.01 secs] 
2017-07-06T17:38:43.581+0900: 29.657: [CMS-concurrent-preclean-start]
2017-07-06T17:38:43.588+0900: 29.663: [Full GC2017-07-06T17:38:43.588+0900: 29.663: [CMS2017-07-06T17:38:43.592+0900: 29.667: [CMS-concurrent-preclean: 0.010/0.011 secs] [Times: user=0.02 sys=0.01, real=0.01 secs] 
 (concurrent mode failure): 5504K->5504K(5504K), 0.0308841 secs] 7922K->5983K(7936K), [CMS Perm : 3313K->3313K(21248K)], 0.0310142 secs] [Times: user=0.03 sys=0.00, real=0.03 secs] 
2017-07-06T17:38:43.638+0900: 29.714: [Full GC2017-07-06T17:38:43.638+0900: 29.714: [CMS: 5504K->5504K(5504K), 0.0271708 secs] 7928K->5987K(7936K), [CMS Perm : 3313K->3313K(21248K)], 0.0272881 secs] [Times: user=0.03 sys=0.00, real=0.03 secs] 
2017-07-06T17:38:43.666+0900: 29.741: [GC [1 CMS-initial-mark: 5504K(5504K)] 6003K(7936K), 0.0004524 secs] [Times: user=0.00 sys=0.00, real=0.00 secs] 
2017-07-06T17:38:43.666+0900: 29.741: [CMS-concurrent-mark-start]
2017-07-06T17:38:43.676+0900: 29.752: [CMS-concurrent-mark: 0.010/0.010 secs] [Times: user=0.00 sys=0.00, real=0.01 secs] 
2017-07-06T17:38:43.676+0900: 29.752: [CMS-concurrent-preclean-start]
2017-07-06T17:38:43.687+0900: 29.763: [CMS-concurrent-preclean: 0.011/0.011 secs] [Times: user=0.02 sys=0.02, real=0.01 secs] 
2017-07-06T17:38:43.687+0900: 29.763: [CMS-concurrent-abortable-preclean-start]
2017-07-06T17:38:43.687+0900: 29.763: [CMS-concurrent-abortable-preclean: 0.000/0.000 secs] [Times: user=0.00 sys=0.00, real=0.00 secs] 
2017-07-06T17:38:43.687+0900: 29.763: [GC[YG occupancy: 2192 K (2432 K)]2017-07-06T17:38:43.688+0900: 29.763: [Rescan (parallel) , 0.0005736 secs]2017-07-06T17:38:43.688+0900: 29.764: [weak refs processing, 0.0000235 secs]2017-07-06T17:38:43.688+0900: 29.764: [scrub string table, 0.0002140 secs] [1 CMS-remark: 5504K(5504K)] 7696K(7936K), 0.0009057 secs] [Times: user=0.00 sys=0.00, real=0.00 secs] 
2017-07-06T17:38:43.688+0900: 29.764: [CMS-concurrent-sweep-start]
2017-07-06T17:38:43.692+0900: 29.767: [Full GC2017-07-06T17:38:43.692+0900: 29.767: [CMS2017-07-06T17:38:43.693+0900: 29.768: [CMS-concurrent-sweep: 0.004/0.004 secs] [Times: user=0.00 sys=0.00, real=0.01 secs] 
 (concurrent mode failure): 5504K->5504K(5504K), 0.0267227 secs] 7932K->5959K(7936K), [CMS Perm : 3313K->3313K(21248K)], 0.0268378 secs] [Times: user=0.03 sys=0.00, real=0.03 secs] 
2017-07-06T17:38:43.738+0900: 29.814: [Full GC2017-07-06T17:38:43.738+0900: 29.814: [CMS: 5504K->5504K(5504K), 0.0265446 secs] 7930K->5963K(7936K), [CMS Perm : 3313K->3313K(21248K)], 0.0266580 secs] [Times: user=0.03 sys=0.00, real=0.03 secs] 
2017-07-06T17:38:43.765+0900: 29.840: [GC [1 CMS-initial-mark: 5504K(5504K)] 5979K(7936K), 0.0004049 secs] [Times: user=0.00 sys=0.00, real=0.00 secs] 
2017-07-06T17:38:43.765+0900: 29.841: [CMS-concurrent-mark-start]
2017-07-06T17:38:43.776+0900: 29.852: [CMS-concurrent-mark: 0.011/0.011 secs] [Times: user=0.02 sys=0.01, real=0.01 secs] 
2017-07-06T17:38:43.776+0900: 29.852: [CMS-concurrent-preclean-start]
2017-07-06T17:38:43.787+0900: 29.862: [CMS-concurrent-preclean: 0.010/0.010 secs] [Times: user=0.02 sys=0.02, real=0.01 secs] 
2017-07-06T17:38:43.787+0900: 29.862: [CMS-concurrent-abortable-preclean-start]
2017-07-06T17:38:43.787+0900: 29.862: [CMS-concurrent-abortable-preclean: 0.000/0.000 secs] [Times: user=0.00 sys=0.00, real=0.00 secs] 
2017-07-06T17:38:43.787+0900: 29.862: [GC[YG occupancy: 2291 K (2432 K)]2017-07-06T17:38:43.787+0900: 29.862: [Rescan (parallel) , 0.0005487 secs]2017-07-06T17:38:43.788+0900: 29.863: [weak refs processing, 0.0000240 secs]2017-07-06T17:38:43.788+0900: 29.863: [scrub string table, 0.0002140 secs] [1 CMS-remark: 5504K(5504K)] 7795K(7936K), 0.0008852 secs] [Times: user=0.00 sys=0.00, real=0.00 secs] 
2017-07-06T17:38:43.788+0900: 29.863: [CMS-concurrent-sweep-start]
2017-07-06T17:38:43.790+0900: 29.865: [Full GC2017-07-06T17:38:43.790+0900: 29.865: [CMS2017-07-06T17:38:43.792+0900: 29.868: [CMS-concurrent-sweep: 0.004/0.004 secs] [Times: user=0.00 sys=0.00, real=0.00 secs] 
 (concurrent mode failure): 5504K->5504K(5504K), 0.0284592 secs] 7933K->5967K(7936K), [CMS Perm : 3313K->3313K(21248K)], 0.0285722 secs] [Times: user=0.03 sys=0.00, real=0.03 secs] 
2017-07-06T17:38:43.838+0900: 29.913: [Full GC2017-07-06T17:38:43.838+0900: 29.913: [CMS: 5504K->5504K(5504K), 0.0268789 secs] 7930K->5963K(7936K), [CMS Perm : 3313K->3313K(21248K)], 0.0270017 secs] [Times: user=0.03 sys=0.00, real=0.03 secs] 
2017-07-06T17:38:43.865+0900: 29.941: [GC [1 CMS-initial-mark: 5504K(5504K)] 6025K(7936K), 0.0004494 secs] [Times: user=0.00 sys=0.00, real=0.00 secs] 
2017-07-06T17:38:43.866+0900: 29.941: [CMS-concurrent-mark-start]
2017-07-06T17:38:43.876+0900: 29.951: [CMS-concurrent-mark: 0.010/0.010 secs] [Times: user=0.00 sys=0.00, real=0.01 secs] 
2017-07-06T17:38:43.876+0900: 29.951: [CMS-concurrent-preclean-start]
2017-07-06T17:38:43.889+0900: 29.964: [Full GC2017-07-06T17:38:43.889+0900: 29.964: [CMS2017-07-06T17:38:43.894+0900: 29.969: [CMS-concurrent-preclean: 0.018/0.018 secs] [Times: user=0.00 sys=0.00, real=0.02 secs] 
 (concurrent mode failure): 5504K->5504K(5504K), 0.0308558 secs] 7934K->5968K(7936K), [CMS Perm : 3313K->3313K(21248K)], 0.0309770 secs] [Times: user=0.03 sys=0.00, real=0.03 secs] 
2017-07-06T17:38:43.940+0900: 30.016: [Full GC2017-07-06T17:38:43.940+0900: 30.016: [CMS: 5504K->5504K(5504K), 0.0263096 secs] 7920K->5980K(7936K), [CMS Perm : 3313K->3313K(21248K)], 0.0264269 secs] [Times: user=0.03 sys=0.00, real=0.03 secs] 
2017-07-06T17:38:43.967+0900: 30.042: [GC [1 CMS-initial-mark: 5504K(5504K)] 5996K(7936K), 0.0004152 secs] [Times: user=0.00 sys=0.00, real=0.00 secs] 
2017-07-06T17:38:43.967+0900: 30.043: [CMS-concurrent-mark-start]
2017-07-06T17:38:43.977+0900: 30.053: [CMS-concurrent-mark: 0.010/0.010 secs] [Times: user=0.02 sys=0.02, real=0.01 secs] 
2017-07-06T17:38:43.977+0900: 30.053: [CMS-concurrent-preclean-start]
2017-07-06T17:38:43.988+0900: 30.063: [CMS-concurrent-preclean: 0.010/0.010 secs] [Times: user=0.00 sys=0.00, real=0.01 secs] 
2017-07-06T17:38:43.988+0900: 30.063: [CMS-concurrent-abortable-preclean-start]
2017-07-06T17:38:43.988+0900: 30.063: [CMS-concurrent-abortable-preclean: 0.000/0.000 secs] [Times: user=0.00 sys=0.00, real=0.00 secs] 
2017-07-06T17:38:43.991+0900: 30.066: [Full GC2017-07-06T17:38:43.991+0900: 30.066: [CMS (concurrent mode failure): 5504K->5504K(5504K), 0.0269551 secs] 7924K->5984K(7936K), [CMS Perm : 3313K->3313K(21248K)], 0.0270677 secs] [Times: user=0.02 sys=0.00, real=0.03 secs] 
2017-07-06T17:38:44.037+0900: 30.113: [Full GC2017-07-06T17:38:44.037+0900: 30.113: [CMS: 5504K->5504K(5504K), 0.0257394 secs] 7927K->5988K(7936K), [CMS Perm : 3313K->3313K(21248K)], 0.0258533 secs] [Times: user=0.02 sys=0.00, real=0.03 secs] 
2017-07-06T17:38:44.063+0900: 30.139: [GC [1 CMS-initial-mark: 5504K(5504K)] 6004K(7936K), 0.0004199 secs] [Times: user=0.00 sys=0.00, real=0.00 secs] 
2017-07-06T17:38:44.064+0900: 30.139: [CMS-concurrent-mark-start]
2017-07-06T17:38:44.075+0900: 30.151: [CMS-concurrent-mark: 0.011/0.011 secs] [Times: user=0.02 sys=0.01, real=0.01 secs] 
2017-07-06T17:38:44.075+0900: 30.151: [CMS-concurrent-preclean-start]
2017-07-06T17:38:44.086+0900: 30.161: [CMS-concurrent-preclean: 0.010/0.011 secs] [Times: user=0.01 sys=0.02, real=0.01 secs] 
2017-07-06T17:38:44.086+0900: 30.161: [CMS-concurrent-abortable-preclean-start]
2017-07-06T17:38:44.086+0900: 30.161: [CMS-concurrent-abortable-preclean: 0.000/0.000 secs] [Times: user=0.00 sys=0.00, real=0.00 secs] 
2017-07-06T17:38:44.089+0900: 30.164: [Full GC2017-07-06T17:38:44.089+0900: 30.164: [CMS (concurrent mode failure): 5504K->5504K(5504K), 0.0270565 secs] 7933K->5992K(7936K), [CMS Perm : 3313K->3313K(21248K)], 0.0271678 secs] [Times: user=0.03 sys=0.00, real=0.03 secs] 
2017-07-06T17:38:44.135+0900: 30.211: [Full GC2017-07-06T17:38:44.135+0900: 30.211: [CMS: 5504K->5504K(5504K), 0.0258139 secs] 7928K->5988K(7936K), [CMS Perm : 3313K->3313K(21248K)], 0.0259295 secs] [Times: user=0.02 sys=0.00, real=0.03 secs] 
2017-07-06T17:38:44.161+0900: 30.237: [GC [1 CMS-initial-mark: 5504K(5504K)] 5996K(7936K), 0.0004353 secs] [Times: user=0.00 sys=0.01, real=0.00 secs] 
2017-07-06T17:38:44.162+0900: 30.237: [CMS-concurrent-mark-start]
2017-07-06T17:38:44.172+0900: 30.248: [CMS-concurrent-mark: 0.010/0.010 secs] [Times: user=0.00 sys=0.00, real=0.01 secs] 
2017-07-06T17:38:44.172+0900: 30.248: [CMS-concurrent-preclean-start]
2017-07-06T17:38:44.183+0900: 30.258: [CMS-concurrent-preclean: 0.011/0.011 secs] [Times: user=0.02 sys=0.00, real=0.01 secs] 
2017-07-06T17:38:44.183+0900: 30.258: [GC[YG occupancy: 1417 K (2432 K)]2017-07-06T17:38:44.183+0900: 30.258: [Rescan (parallel) , 0.0004991 secs]2017-07-06T17:38:44.183+0900: 30.259: [weak refs processing, 0.0000261 secs]2017-07-06T17:38:44.184+0900: 30.259: [scrub string table, 0.0002483 secs] [1 CMS-remark: 5504K(5504K)] 6921K(7936K), 0.0008749 secs] [Times: user=0.00 sys=0.00, real=0.00 secs] 
2017-07-06T17:38:44.184+0900: 30.260: [CMS-concurrent-sweep-start]
2017-07-06T17:38:44.188+0900: 30.264: [CMS-concurrent-sweep: 0.004/0.004 secs] [Times: user=0.00 sys=0.00, real=0.00 secs] 
2017-07-06T17:38:44.188+0900: 30.264: [CMS-concurrent-reset-start]
2017-07-06T17:38:44.189+0900: 30.264: [CMS-concurrent-reset: 0.000/0.000 secs] [Times: user=0.00 sys=0.00, real=0.00 secs] 
2017-07-06T17:38:44.196+0900: 30.272: [GC2017-07-06T17:38:44.196+0900: 30.272: [ParNew: 2428K->2428K(2432K), 0.0000351 secs]2017-07-06T17:38:44.196+0900: 30.272: [CMS: 5504K->5504K(5504K), 0.0259047 secs] 7932K->5992K(7936K), [CMS Perm : 3313K->3313K(21248K)], 0.0260699 secs] [Times: user=0.02 sys=0.00, real=0.03 secs] 
2017-07-06T17:38:44.222+0900: 30.298: [GC [1 CMS-initial-mark: 5504K(5504K)] 6000K(7936K), 0.0004460 secs] [Times: user=0.00 sys=0.00, real=0.00 secs] 
2017-07-06T17:38:44.223+0900: 30.298: [CMS-concurrent-mark-start]
2017-07-06T17:38:44.233+0900: 30.308: [CMS-concurrent-mark: 0.010/0.010 secs] [Times: user=0.02 sys=0.02, real=0.01 secs] 
2017-07-06T17:38:44.233+0900: 30.308: [CMS-concurrent-preclean-start]
2017-07-06T17:38:44.243+0900: 30.319: [CMS-concurrent-preclean: 0.010/0.010 secs] [Times: user=0.03 sys=0.00, real=0.01 secs] 
2017-07-06T17:38:44.243+0900: 30.319: [CMS-concurrent-abortable-preclean-start]
2017-07-06T17:38:44.243+0900: 30.319: [CMS-concurrent-abortable-preclean: 0.000/0.000 secs] [Times: user=0.00 sys=0.00, real=0.00 secs] 
2017-07-06T17:38:44.243+0900: 30.319: [GC[YG occupancy: 2147 K (2432 K)]2017-07-06T17:38:44.243+0900: 30.319: [Rescan (parallel) , 0.0005423 secs]2017-07-06T17:38:44.244+0900: 30.319: [weak refs processing, 0.0000227 secs]2017-07-06T17:38:44.244+0900: 30.319: [scrub string table, 0.0002136 secs] [1 CMS-remark: 5504K(5504K)] 7651K(7936K), 0.0008711 secs] [Times: user=0.00 sys=0.00, real=0.00 secs] 
2017-07-06T17:38:44.244+0900: 30.320: [CMS-concurrent-sweep-start]
2017-07-06T17:38:44.248+0900: 30.323: [Full GC2017-07-06T17:38:44.248+0900: 30.323: [CMS2017-07-06T17:38:44.249+0900: 30.324: [CMS-concurrent-sweep: 0.004/0.004 secs] [Times: user=0.00 sys=0.00, real=0.01 secs] 
 (concurrent mode failure): 5504K->5504K(5504K), 0.0266713 secs] 7935K->5996K(7936K), [CMS Perm : 3313K->3313K(21248K)], 0.0269422 secs] [Times: user=0.03 sys=0.00, real=0.03 secs] 
2017-07-06T17:38:44.298+0900: 30.374: [Full GC2017-07-06T17:38:44.299+0900: 30.374: [CMS: 5504K->5504K(5504K), 0.0260592 secs] 7922K->6008K(7936K), [CMS Perm : 3313K->3313K(21248K)], 0.0261799 secs] [Times: user=0.03 sys=0.00, real=0.03 secs] 
2017-07-06T17:38:44.325+0900: 30.400: [GC [1 CMS-initial-mark: 5504K(5504K)] 6024K(7936K), 0.0004315 secs] [Times: user=0.00 sys=0.00, real=0.00 secs] 
2017-07-06T17:38:44.325+0900: 30.401: [CMS-concurrent-mark-start]
2017-07-06T17:38:44.335+0900: 30.411: [CMS-concurrent-mark: 0.010/0.010 secs] [Times: user=0.02 sys=0.01, real=0.01 secs] 
2017-07-06T17:38:44.335+0900: 30.411: [CMS-concurrent-preclean-start]
2017-07-06T17:38:44.346+0900: 30.421: [CMS-concurrent-preclean: 0.011/0.011 secs] [Times: user=0.00 sys=0.00, real=0.01 secs] 
2017-07-06T17:38:44.346+0900: 30.421: [CMS-concurrent-abortable-preclean-start]
2017-07-06T17:38:44.346+0900: 30.421: [CMS-concurrent-abortable-preclean: 0.000/0.000 secs] [Times: user=0.00 sys=0.00, real=0.00 secs] 
2017-07-06T17:38:44.349+0900: 30.424: [Full GC2017-07-06T17:38:44.349+0900: 30.424: [CMS (concurrent mode failure): 5504K->5504K(5504K), 0.0278210 secs] 7929K->6012K(7936K), [CMS Perm : 3313K->3313K(21248K)], 0.0279391 secs] [Times: user=0.02 sys=0.00, real=0.03 secs] 
2017-07-06T17:38:44.396+0900: 30.471: [Full GC2017-07-06T17:38:44.396+0900: 30.471: [CMS: 5504K->5504K(5504K), 0.0257904 secs] 7930K->6016K(7936K), [CMS Perm : 3313K->3313K(21248K)], 0.0259102 secs] [Times: user=0.02 sys=0.00, real=0.03 secs] 
2017-07-06T17:38:44.422+0900: 30.497: [GC [1 CMS-initial-mark: 5504K(5504K)] 6032K(7936K), 0.0004366 secs] [Times: user=0.00 sys=0.00, real=0.00 secs] 
2017-07-06T17:38:44.422+0900: 30.498: [CMS-concurrent-mark-start]
2017-07-06T17:38:44.432+0900: 30.508: [CMS-concurrent-mark: 0.010/0.010 secs] [Times: user=0.02 sys=0.01, real=0.01 secs] 
2017-07-06T17:38:44.432+0900: 30.508: [CMS-concurrent-preclean-start]
2017-07-06T17:38:44.443+0900: 30.518: [CMS-concurrent-preclean: 0.010/0.010 secs] [Times: user=0.02 sys=0.02, real=0.01 secs] 
2017-07-06T17:38:44.443+0900: 30.518: [CMS-concurrent-abortable-preclean-start]
2017-07-06T17:38:44.443+0900: 30.518: [CMS-concurrent-abortable-preclean: 0.000/0.000 secs] [Times: user=0.00 sys=0.00, real=0.00 secs] 
2017-07-06T17:38:44.444+0900: 30.520: [Full GC2017-07-06T17:38:44.444+0900: 30.520: [CMS (concurrent mode failure): 5504K->5504K(5504K), 0.0259569 secs] 7935K->6020K(7936K), [CMS Perm : 3313K->3313K(21248K)], 0.0260695 secs] [Times: user=0.01 sys=0.00, real=0.03 secs] 
2017-07-06T17:38:44.489+0900: 30.565: [Full GC2017-07-06T17:38:44.490+0900: 30.565: [CMS: 5504K->5504K(5504K), 0.0258049 secs] 7930K->6016K(7936K), [CMS Perm : 3313K->3313K(21248K)], 0.0259214 secs] [Times: user=0.02 sys=0.00, real=0.03 secs] 
2017-07-06T17:38:44.516+0900: 30.591: [GC [1 CMS-initial-mark: 5504K(5504K)] 6024K(7936K), 0.0004542 secs] [Times: user=0.00 sys=0.00, real=0.00 secs] 
2017-07-06T17:38:44.516+0900: 30.592: [CMS-concurrent-mark-start]
2017-07-06T17:38:44.526+0900: 30.602: [CMS-concurrent-mark: 0.010/0.010 secs] [Times: user=0.01 sys=0.02, real=0.01 secs] 
2017-07-06T17:38:44.526+0900: 30.602: [CMS-concurrent-preclean-start]
2017-07-06T17:38:44.536+0900: 30.612: [Full GC2017-07-06T17:38:44.537+0900: 30.612: [CMS2017-07-06T17:38:44.537+0900: 30.612: [CMS-concurrent-preclean: 0.010/0.010 secs] [Times: user=0.02 sys=0.01, real=0.01 secs] 
 (concurrent mode failure): 5504K->5504K(5504K), 0.0292032 secs] 7935K->6020K(7936K), [CMS Perm : 3313K->3313K(21248K)], 0.0293226 secs] [Times: user=0.02 sys=0.00, real=0.03 secs] 
2017-07-06T17:38:44.585+0900: 30.661: [Full GC2017-07-06T17:38:44.585+0900: 30.661: [CMS: 5504K->5504K(5504K), 0.0264423 secs] 7923K->6032K(7936K), [CMS Perm : 3313K->3313K(21248K)], 0.0265609 secs] [Times: user=0.02 sys=0.00, real=0.03 secs] 
2017-07-06T17:38:44.612+0900: 30.688: [GC [1 CMS-initial-mark: 5504K(5504K)] 6048K(7936K), 0.0004512 secs] [Times: user=0.00 sys=0.00, real=0.00 secs] 
2017-07-06T17:38:44.613+0900: 30.688: [CMS-concurrent-mark-start]
2017-07-06T17:38:44.623+0900: 30.698: [CMS-concurrent-mark: 0.010/0.010 secs] [Times: user=0.02 sys=0.02, real=0.01 secs] 
2017-07-06T17:38:44.623+0900: 30.698: [CMS-concurrent-preclean-start]
2017-07-06T17:38:44.633+0900: 30.708: [CMS-concurrent-preclean: 0.010/0.010 secs] [Times: user=0.03 sys=0.00, real=0.01 secs] 
2017-07-06T17:38:44.633+0900: 30.708: [CMS-concurrent-abortable-preclean-start]
2017-07-06T17:38:44.633+0900: 30.708: [CMS-concurrent-abortable-preclean: 0.000/0.000 secs] [Times: user=0.00 sys=0.00, real=0.00 secs] 
2017-07-06T17:38:44.633+0900: 30.709: [GC[YG occupancy: 2282 K (2432 K)]2017-07-06T17:38:44.633+0900: 30.709: [Rescan (parallel) , 0.0005843 secs]2017-07-06T17:38:44.634+0900: 30.709: [weak refs processing, 0.0000240 secs]2017-07-06T17:38:44.634+0900: 30.709: [scrub string table, 0.0002153 secs] [1 CMS-remark: 5504K(5504K)] 7786K(7936K), 0.0009147 secs] [Times: user=0.00 sys=0.00, real=0.00 secs] 
2017-07-06T17:38:44.634+0900: 30.710: [CMS-concurrent-sweep-start]
2017-07-06T17:38:44.637+0900: 30.712: [Full GC2017-07-06T17:38:44.637+0900: 30.712: [CMS2017-07-06T17:38:44.638+0900: 30.714: [CMS-concurrent-sweep: 0.004/0.004 secs] [Times: user=0.00 sys=0.00, real=0.00 secs] 
 (concurrent mode failure): 5504K->5504K(5504K), 0.0280222 secs] 7924K->6036K(7936K), [CMS Perm : 3313K->3313K(21248K)], 0.0281455 secs] [Times: user=0.03 sys=0.00, real=0.03 secs] 
2017-07-06T17:38:44.687+0900: 30.762: [Full GC2017-07-06T17:38:44.687+0900: 30.762: [CMS: 5504K->5504K(5504K), 0.0263319 secs] 7929K->6040K(7936K), [CMS Perm : 3313K->3313K(21248K)], 0.0264483 secs] [Times: user=0.03 sys=0.00, real=0.03 secs] 
2017-07-06T17:38:44.713+0900: 30.789: [GC [1 CMS-initial-mark: 5504K(5504K)] 6056K(7936K), 0.0004537 secs] [Times: user=0.00 sys=0.00, real=0.00 secs] 
2017-07-06T17:38:44.714+0900: 30.789: [CMS-concurrent-mark-start]
2017-07-06T17:38:44.724+0900: 30.799: [CMS-concurrent-mark: 0.010/0.010 secs] [Times: user=0.02 sys=0.01, real=0.01 secs] 
2017-07-06T17:38:44.724+0900: 30.799: [CMS-concurrent-preclean-start]
2017-07-06T17:38:44.734+0900: 30.810: [CMS-concurrent-preclean: 0.010/0.010 secs] [Times: user=0.00 sys=0.00, real=0.01 secs] 
2017-07-06T17:38:44.734+0900: 30.810: [CMS-concurrent-abortable-preclean-start]
2017-07-06T17:38:44.734+0900: 30.810: [CMS-concurrent-abortable-preclean: 0.000/0.000 secs] [Times: user=0.00 sys=0.00, real=0.00 secs] 
2017-07-06T17:38:44.737+0900: 30.812: [Full GC2017-07-06T17:38:44.737+0900: 30.812: [CMS (concurrent mode failure): 5504K->5504K(5504K), 0.0267342 secs] 7933K->6044K(7936K), [CMS Perm : 3313K->3313K(21248K)], 0.0268506 secs] [Times: user=0.03 sys=0.00, real=0.03 secs] 
2017-07-06T17:38:44.783+0900: 30.858: [Full GC2017-07-06T17:38:44.783+0900: 30.858: [CMS: 5504K->5504K(5504K), 0.0259954 secs] 7929K->6040K(7936K), [CMS Perm : 3313K->3313K(21248K)], 0.0261118 secs] [Times: user=0.03 sys=0.00, real=0.03 secs] 
2017-07-06T17:38:44.809+0900: 30.885: [GC [1 CMS-initial-mark: 5504K(5504K)] 6048K(7936K), 0.0004636 secs] [Times: user=0.00 sys=0.00, real=0.00 secs] 
2017-07-06T17:38:44.810+0900: 30.885: [CMS-concurrent-mark-start]
2017-07-06T17:38:44.820+0900: 30.895: [CMS-concurrent-mark: 0.010/0.010 secs] [Times: user=0.02 sys=0.01, real=0.01 secs] 
2017-07-06T17:38:44.820+0900: 30.895: [CMS-concurrent-preclean-start]
2017-07-06T17:38:44.830+0900: 30.906: [CMS-concurrent-preclean: 0.010/0.010 secs] [Times: user=0.00 sys=0.00, real=0.01 secs] 
2017-07-06T17:38:44.834+0900: 30.909: [GC[YG occupancy: 1998 K (2432 K)]2017-07-06T17:38:44.834+0900: 30.909: [Rescan (parallel) , 0.0006001 secs]2017-07-06T17:38:44.834+0900: 30.910: [weak refs processing, 0.0000248 secs]2017-07-06T17:38:44.834+0900: 30.910: [scrub string table, 0.0002517 secs] [1 CMS-remark: 5504K(5504K)] 7502K(7936K), 0.0009896 secs] [Times: user=0.00 sys=0.00, real=0.00 secs] 
2017-07-06T17:38:44.835+0900: 30.910: [CMS-concurrent-sweep-start]
2017-07-06T17:38:44.839+0900: 30.914: [CMS-concurrent-sweep: 0.004/0.004 secs] [Times: user=0.00 sys=0.00, real=0.00 secs] 
2017-07-06T17:38:44.839+0900: 30.914: [CMS-concurrent-reset-start]
2017-07-06T17:38:44.839+0900: 30.915: [CMS-concurrent-reset: 0.000/0.000 secs] [Times: user=0.00 sys=0.00, real=0.00 secs] 
2017-07-06T17:38:44.840+0900: 30.916: [GC2017-07-06T17:38:44.840+0900: 30.916: [ParNew: 2429K->2429K(2432K), 0.0000317 secs]2017-07-06T17:38:44.840+0900: 30.916: [CMS: 5504K->5504K(5504K), 0.0264359 secs] 7933K->6044K(7936K), [CMS Perm : 3313K->3313K(21248K)], 0.0265844 secs] [Times: user=0.03 sys=0.00, real=0.03 secs] 
2017-07-06T17:38:44.867+0900: 30.942: [GC [1 CMS-initial-mark: 5504K(5504K)] 6052K(7936K), 0.0004631 secs] [Times: user=0.00 sys=0.00, real=0.00 secs] 
2017-07-06T17:38:44.867+0900: 30.943: [CMS-concurrent-mark-start]
2017-07-06T17:38:44.877+0900: 30.953: [CMS-concurrent-mark: 0.010/0.010 secs] [Times: user=0.00 sys=0.00, real=0.01 secs] 
2017-07-06T17:38:44.878+0900: 30.953: [CMS-concurrent-preclean-start]
2017-07-06T17:38:44.888+0900: 30.963: [CMS-concurrent-preclean: 0.010/0.010 secs] [Times: user=0.00 sys=0.02, real=0.01 secs] 
2017-07-06T17:38:44.888+0900: 30.964: [CMS-concurrent-abortable-preclean-start]
2017-07-06T17:38:44.888+0900: 30.964: [CMS-concurrent-abortable-preclean: 0.000/0.000 secs] [Times: user=0.00 sys=0.00, real=0.00 secs] 
2017-07-06T17:38:44.890+0900: 30.966: [Full GC2017-07-06T17:38:44.890+0900: 30.966: [CMS (concurrent mode failure): 5504K->5504K(5504K), 0.0269525 secs] 7935K->6072K(7936K), [CMS Perm : 3313K->3313K(21248K)], 0.0270659 secs] [Times: user=0.03 sys=0.00, real=0.03 secs] 
2017-07-06T17:38:44.936+0900: 31.012: [Full GC2017-07-06T17:38:44.936+0900: 31.012: [CMS: 5504K->5504K(5504K), 0.0260177 secs] 7923K->6060K(7936K), [CMS Perm : 3313K->3313K(21248K)], 0.0261324 secs] [Times: user=0.03 sys=0.00, real=0.03 secs] 
2017-07-06T17:38:44.962+0900: 31.038: [GC [1 CMS-initial-mark: 5504K(5504K)] 6076K(7936K), 0.0004627 secs] [Times: user=0.00 sys=0.00, real=0.00 secs] 
2017-07-06T17:38:44.963+0900: 31.038: [CMS-concurrent-mark-start]
2017-07-06T17:38:44.973+0900: 31.048: [CMS-concurrent-mark: 0.010/0.010 secs] [Times: user=0.01 sys=0.02, real=0.01 secs] 
2017-07-06T17:38:44.973+0900: 31.048: [CMS-concurrent-preclean-start]
2017-07-06T17:38:44.983+0900: 31.059: [CMS-concurrent-preclean: 0.011/0.011 secs] [Times: user=0.00 sys=0.00, real=0.01 secs] 
2017-07-06T17:38:44.984+0900: 31.059: [CMS-concurrent-abortable-preclean-start]
2017-07-06T17:38:44.984+0900: 31.059: [CMS-concurrent-abortable-preclean: 0.000/0.000 secs] [Times: user=0.00 sys=0.00, real=0.00 secs] 
2017-07-06T17:38:44.987+0900: 31.062: [Full GC2017-07-06T17:38:44.987+0900: 31.063: [CMS (concurrent mode failure): 5504K->5504K(5504K), 0.0266126 secs] 7927K->6064K(7936K), [CMS Perm : 3313K->3313K(21248K)], 0.0267286 secs] [Times: user=0.03 sys=0.00, real=0.03 secs] 
2017-07-06T17:38:45.032+0900: 31.108: [Full GC2017-07-06T17:38:45.032+0900: 31.108: [CMS: 5504K->5504K(5504K), 0.0260190 secs] 7931K->6068K(7936K), [CMS Perm : 3313K->3313K(21248K)], 0.0261320 secs] [Times: user=0.03 sys=0.00, real=0.03 secs] 
2017-07-06T17:38:45.058+0900: 31.134: [GC [1 CMS-initial-mark: 5504K(5504K)] 6084K(7936K), 0.0004687 secs] [Times: user=0.00 sys=0.00, real=0.00 secs] 
2017-07-06T17:38:45.059+0900: 31.135: [CMS-concurrent-mark-start]
2017-07-06T17:38:45.069+0900: 31.144: [CMS-concurrent-mark: 0.010/0.010 secs] [Times: user=0.01 sys=0.02, real=0.01 secs] 
2017-07-06T17:38:45.069+0900: 31.145: [CMS-concurrent-preclean-start]
2017-07-06T17:38:45.079+0900: 31.154: [Full GC2017-07-06T17:38:45.079+0900: 31.155: [CMS2017-07-06T17:38:45.080+0900: 31.155: [CMS-concurrent-preclean: 0.010/0.011 secs] [Times: user=0.00 sys=0.00, real=0.01 secs] 
 (concurrent mode failure): 5504K->5504K(5504K), 0.0275368 secs] 7935K->6072K(7936K), [CMS Perm : 3313K->3313K(21248K)], 0.0276648 secs] [Times: user=0.03 sys=0.00, real=0.03 secs] 
2017-07-06T17:38:45.126+0900: 31.201: [Full GC2017-07-06T17:38:45.126+0900: 31.201: [CMS: 5504K->5504K(5504K), 0.0260305 secs] 7931K->6068K(7936K), [CMS Perm : 3313K->3313K(21248K)], 0.0261487 secs] [Times: user=0.03 sys=0.00, real=0.03 secs] 
2017-07-06T17:38:45.152+0900: 31.227: [GC [1 CMS-initial-mark: 5504K(5504K)] 6102K(7936K), 0.0004713 secs] [Times: user=0.00 sys=0.00, real=0.00 secs] 
2017-07-06T17:38:45.152+0900: 31.228: [CMS-concurrent-mark-start]
2017-07-06T17:38:45.162+0900: 31.238: [CMS-concurrent-mark: 0.010/0.010 secs] [Times: user=0.01 sys=0.02, real=0.01 secs] 
2017-07-06T17:38:45.163+0900: 31.238: [CMS-concurrent-preclean-start]
2017-07-06T17:38:45.173+0900: 31.248: [CMS-concurrent-preclean: 0.010/0.010 secs] [Times: user=0.00 sys=0.00, real=0.01 secs] 
2017-07-06T17:38:45.173+0900: 31.249: [CMS-concurrent-abortable-preclean-start]
2017-07-06T17:38:45.173+0900: 31.249: [CMS-concurrent-abortable-preclean: 0.000/0.000 secs] [Times: user=0.00 sys=0.00, real=0.00 secs] 
2017-07-06T17:38:45.175+0900: 31.251: [Full GC2017-07-06T17:38:45.175+0900: 31.251: [CMS (concurrent mode failure): 5504K->5504K(5504K), 0.0266893 secs] 7935K->6072K(7936K), [CMS Perm : 3313K->3313K(21248K)], 0.0268014 secs] [Times: user=0.02 sys=0.00, real=0.03 secs] 
2017-07-06T17:38:45.220+0900: 31.296: [Full GC2017-07-06T17:38:45.220+0900: 31.296: [CMS: 5504K->5504K(5504K), 0.0262390 secs] 7921K->6083K(7936K), [CMS Perm : 3313K->3313K(21248K)], 0.0263558 secs] [Times: user=0.03 sys=0.00, real=0.03 secs] 
2017-07-06T17:38:45.247+0900: 31.322: [GC [1 CMS-initial-mark: 5504K(5504K)] 6099K(7936K), 0.0004781 secs] [Times: user=0.00 sys=0.00, real=0.00 secs] 
2017-07-06T17:38:45.247+0900: 31.323: [CMS-concurrent-mark-start]
2017-07-06T17:38:45.257+0900: 31.333: [CMS-concurrent-mark: 0.010/0.010 secs] [Times: user=0.02 sys=0.02, real=0.01 secs] 
2017-07-06T17:38:45.257+0900: 31.333: [CMS-concurrent-preclean-start]
2017-07-06T17:38:45.268+0900: 31.344: [CMS-concurrent-preclean: 0.011/0.011 secs] [Times: user=0.00 sys=0.00, real=0.01 secs] 
2017-07-06T17:38:45.271+0900: 31.346: [GC[YG occupancy: 1826 K (2432 K)]2017-07-06T17:38:45.271+0900: 31.346: [Rescan (parallel) , 0.0005556 secs]2017-07-06T17:38:45.271+0900: 31.347: [weak refs processing, 0.0000235 secs]2017-07-06T17:38:45.271+0900: 31.347: [scrub string table, 0.0002436 secs] [1 CMS-remark: 5504K(5504K)] 7330K(7936K), 0.0009348 secs] [Times: user=0.00 sys=0.00, real=0.00 secs] 
2017-07-06T17:38:45.272+0900: 31.347: [CMS-concurrent-sweep-start]
2017-07-06T17:38:45.276+0900: 31.351: [CMS-concurrent-sweep: 0.004/0.004 secs] [Times: user=0.00 sys=0.00, real=0.00 secs] 
2017-07-06T17:38:45.276+0900: 31.351: [CMS-concurrent-reset-start]
2017-07-06T17:38:45.276+0900: 31.352: [CMS-concurrent-reset: 0.000/0.000 secs] [Times: user=0.00 sys=0.00, real=0.00 secs] 
2017-07-06T17:38:45.279+0900: 31.355: [GC2017-07-06T17:38:45.279+0900: 31.355: [ParNew: 2421K->2421K(2432K), 0.0000355 secs]2017-07-06T17:38:45.280+0900: 31.355: [CMS: 5504K->5504K(5504K), 0.0261063 secs] 7925K->6087K(7936K), [CMS Perm : 3313K->3313K(21248K)], 0.0262604 secs] [Times: user=0.03 sys=0.00, real=0.03 secs] 
2017-07-06T17:38:45.306+0900: 31.381: [GC [1 CMS-initial-mark: 5504K(5504K)] 6103K(7936K), 0.0004786 secs] [Times: user=0.00 sys=0.00, real=0.00 secs] 
2017-07-06T17:38:45.306+0900: 31.382: [CMS-concurrent-mark-start]
2017-07-06T17:38:45.316+0900: 31.392: [CMS-concurrent-mark: 0.010/0.010 secs] [Times: user=0.03 sys=0.00, real=0.01 secs] 
2017-07-06T17:38:45.316+0900: 31.392: [CMS-concurrent-preclean-start]
2017-07-06T17:38:45.327+0900: 31.402: [CMS-concurrent-preclean: 0.010/0.010 secs] [Times: user=0.00 sys=0.00, real=0.01 secs] 
2017-07-06T17:38:45.327+0900: 31.402: [CMS-concurrent-abortable-preclean-start]
2017-07-06T17:38:45.327+0900: 31.402: [CMS-concurrent-abortable-preclean: 0.000/0.000 secs] [Times: user=0.00 sys=0.00, real=0.00 secs] 
2017-07-06T17:38:45.329+0900: 31.405: [Full GC2017-07-06T17:38:45.329+0900: 31.405: [CMS (concurrent mode failure): 5504K->5504K(5504K), 0.0268382 secs] 7928K->6091K(7936K), [CMS Perm : 3313K->3313K(21248K)], 0.0269504 secs] [Times: user=0.03 sys=0.00, real=0.03 secs] 
2017-07-06T17:38:45.375+0900: 31.451: [Full GC2017-07-06T17:38:45.375+0900: 31.451: [CMS: 5504K->5504K(5504K), 0.0259372 secs] 7932K->6095K(7936K), [CMS Perm : 3313K->3313K(21248K)], 0.0260536 secs] [Times: user=0.03 sys=0.00, real=0.03 secs] 
2017-07-06T17:38:45.401+0900: 31.477: [GC [1 CMS-initial-mark: 5504K(5504K)] 6111K(7936K), 0.0005188 secs] [Times: user=0.00 sys=0.00, real=0.00 secs] 
2017-07-06T17:38:45.402+0900: 31.477: [CMS-concurrent-mark-start]
2017-07-06T17:38:45.412+0900: 31.487: [CMS-concurrent-mark: 0.010/0.010 secs] [Times: user=0.02 sys=0.02, real=0.01 secs] 
2017-07-06T17:38:45.412+0900: 31.487: [CMS-concurrent-preclean-start]
2017-07-06T17:38:45.422+0900: 31.498: [CMS-concurrent-preclean: 0.010/0.010 secs] [Times: user=0.00 sys=0.00, real=0.01 secs] 
2017-07-06T17:38:45.422+0900: 31.498: [CMS-concurrent-abortable-preclean-start]
2017-07-06T17:38:45.422+0900: 31.498: [CMS-concurrent-abortable-preclean: 0.000/0.000 secs] [Times: user=0.00 sys=0.00, real=0.00 secs] 
2017-07-06T17:38:45.423+0900: 31.498: [GC[YG occupancy: 2320 K (2432 K)]2017-07-06T17:38:45.423+0900: 31.499: [Rescan (parallel) , 0.0006181 secs]2017-07-06T17:38:45.424+0900: 31.499: [weak refs processing, 0.0000240 secs]2017-07-06T17:38:45.424+0900: 31.499: [scrub string table, 0.0002204 secs] [1 CMS-remark: 5504K(5504K)] 7824K(7936K), 0.0009622 secs] [Times: user=0.00 sys=0.00, real=0.00 secs] 
2017-07-06T17:38:45.424+0900: 31.500: [CMS-concurrent-sweep-start]
2017-07-06T17:38:45.426+0900: 31.501: [Full GC2017-07-06T17:38:45.426+0900: 31.501: [CMS2017-07-06T17:38:45.428+0900: 31.504: [CMS-concurrent-sweep: 0.004/0.004 secs] [Times: user=0.02 sys=0.02, real=0.00 secs] 
 (concurrent mode failure): 5504K->5504K(5504K), 0.0285975 secs] 7928K->6091K(7936K), [CMS Perm : 3313K->3313K(21248K)], 0.0287148 secs] [Times: user=0.02 sys=0.00, real=0.03 secs] 
2017-07-06T17:38:45.473+0900: 31.548: [Full GC2017-07-06T17:38:45.473+0900: 31.548: [CMS: 5504K->5504K(5504K), 0.0259329 secs] 7932K->6095K(7936K), [CMS Perm : 3313K->3313K(21248K)], 0.0260463 secs] [Times: user=0.02 sys=0.00, real=0.03 secs] 
2017-07-06T17:38:45.499+0900: 31.575: [GC [1 CMS-initial-mark: 5504K(5504K)] 6129K(7936K), 0.0004884 secs] [Times: user=0.00 sys=0.00, real=0.00 secs] 
2017-07-06T17:38:45.500+0900: 31.575: [CMS-concurrent-mark-start]
2017-07-06T17:38:45.510+0900: 31.585: [CMS-concurrent-mark: 0.010/0.010 secs] [Times: user=0.02 sys=0.01, real=0.01 secs] 
2017-07-06T17:38:45.510+0900: 31.585: [CMS-concurrent-preclean-start]
2017-07-06T17:38:45.519+0900: 31.595: [Full GC2017-07-06T17:38:45.519+0900: 31.595: [CMS2017-07-06T17:38:45.520+0900: 31.596: [CMS-concurrent-preclean: 0.010/0.011 secs] [Times: user=0.03 sys=0.00, real=0.01 secs] 
 (concurrent mode failure): 5504K->5504K(5504K), 0.0291214 secs] 7935K->6099K(7936K), [CMS Perm : 3313K->3313K(21248K)], 0.0292515 secs] [Times: user=0.02 sys=0.00, real=0.03 secs] 
2017-07-06T17:38:45.571+0900: 31.646: [Full GC2017-07-06T17:38:45.571+0900: 31.646: [CMS: 5504K->5504K(5504K), 0.0264277 secs] 7921K->6110K(7936K), [CMS Perm : 3313K->3313K(21248K)], 0.0265459 secs] [Times: user=0.03 sys=0.00, real=0.03 secs] 
2017-07-06T17:38:45.598+0900: 31.673: [GC [1 CMS-initial-mark: 5504K(5504K)] 6126K(7936K), 0.0005115 secs] [Times: user=0.00 sys=0.00, real=0.00 secs] 
2017-07-06T17:38:45.598+0900: 31.674: [CMS-concurrent-mark-start]
2017-07-06T17:38:45.608+0900: 31.684: [CMS-concurrent-mark: 0.010/0.010 secs] [Times: user=0.00 sys=0.00, real=0.01 secs] 
2017-07-06T17:38:45.608+0900: 31.684: [CMS-concurrent-preclean-start]
2017-07-06T17:38:45.617+0900: 31.693: [Full GC2017-07-06T17:38:45.617+0900: 31.693: [CMS2017-07-06T17:38:45.619+0900: 31.694: [CMS-concurrent-preclean: 0.010/0.010 secs] [Times: user=0.02 sys=0.02, real=0.01 secs] 
 (concurrent mode failure): 5504K->5504K(5504K), 0.0279229 secs] 7925K->6114K(7936K), [CMS Perm : 3313K->3313K(21248K)], 0.0280376 secs] [Times: user=0.03 sys=0.00, real=0.03 secs] 
2017-07-06T17:38:45.663+0900: 31.739: [Full GC2017-07-06T17:38:45.664+0900: 31.739: [CMS: 5504K->5504K(5504K), 0.0261200 secs] 7929K->6118K(7936K), [CMS Perm : 3313K->3313K(21248K)], 0.0262368 secs] [Times: user=0.03 sys=0.00, real=0.03 secs] 
2017-07-06T17:38:45.690+0900: 31.765: [GC [1 CMS-initial-mark: 5504K(5504K)] 6134K(7936K), 0.0004974 secs] [Times: user=0.00 sys=0.00, real=0.00 secs] 
2017-07-06T17:38:45.690+0900: 31.766: [CMS-concurrent-mark-start]
2017-07-06T17:38:45.700+0900: 31.776: [CMS-concurrent-mark: 0.010/0.010 secs] [Times: user=0.00 sys=0.00, real=0.01 secs] 
2017-07-06T17:38:45.701+0900: 31.776: [CMS-concurrent-preclean-start]
2017-07-06T17:38:45.711+0900: 31.787: [CMS-concurrent-preclean: 0.011/0.011 secs] [Times: user=0.01 sys=0.02, real=0.01 secs] 
2017-07-06T17:38:45.711+0900: 31.787: [CMS-concurrent-abortable-preclean-start]
2017-07-06T17:38:45.711+0900: 31.787: [CMS-concurrent-abortable-preclean: 0.000/0.000 secs] [Times: user=0.00 sys=0.00, real=0.00 secs] 
2017-07-06T17:38:45.711+0900: 31.787: [Full GC2017-07-06T17:38:45.711+0900: 31.787: [CMS (concurrent mode failure): 5504K->5504K(5504K), 0.0267595 secs] 7933K->6122K(7936K), [CMS Perm : 3313K->3313K(21248K)], 0.0268575 secs] [Times: user=0.03 sys=0.00, real=0.03 secs] 
2017-07-06T17:38:45.756+0900: 31.832: [Full GC2017-07-06T17:38:45.756+0900: 31.832: [CMS: 5504K->5504K(5504K), 0.0260288 secs] 7928K->6118K(7936K), [CMS Perm : 3313K->3313K(21248K)], 0.0261504 secs] [Times: user=0.02 sys=0.00, real=0.03 secs] 
2017-07-06T17:38:45.783+0900: 31.858: [GC [1 CMS-initial-mark: 5504K(5504K)] 6126K(7936K), 0.0005286 secs] [Times: user=0.00 sys=0.00, real=0.00 secs] 
2017-07-06T17:38:45.783+0900: 31.859: [CMS-concurrent-mark-start]
2017-07-06T17:38:45.793+0900: 31.869: [CMS-concurrent-mark: 0.010/0.010 secs] [Times: user=0.02 sys=0.02, real=0.01 secs] 
2017-07-06T17:38:45.794+0900: 31.869: [CMS-concurrent-preclean-start]
2017-07-06T17:38:45.803+0900: 31.878: [Full GC2017-07-06T17:38:45.803+0900: 31.878: [CMS2017-07-06T17:38:45.804+0900: 31.880: [CMS-concurrent-preclean: 0.010/0.010 secs] [Times: user=0.02 sys=0.02, real=0.01 secs] 
 (concurrent mode failure): 5504K->5504K(5504K), 0.0280089 secs] 7931K->6121K(7936K), [CMS Perm : 3313K->3313K(21248K)], 0.0281275 secs] [Times: user=0.03 sys=0.00, real=0.03 secs] 
2017-07-06T17:38:45.849+0900: 31.925: [Full GC2017-07-06T17:38:45.849+0900: 31.925: [CMS: 5504K->5504K(5504K), 0.0263224 secs] 7935K->6125K(7936K), [CMS Perm : 3313K->3313K(21248K)], 0.0264380 secs] [Times: user=0.02 sys=0.00, real=0.03 secs] 
2017-07-06T17:38:45.876+0900: 31.951: [GC [1 CMS-initial-mark: 5504K(5504K)] 6125K(7936K), 0.0005171 secs] [Times: user=0.00 sys=0.00, real=0.00 secs] 
2017-07-06T17:38:45.876+0900: 31.952: [CMS-concurrent-mark-start]
2017-07-06T17:38:45.886+0900: 31.962: [CMS-concurrent-mark: 0.010/0.010 secs] [Times: user=0.03 sys=0.00, real=0.01 secs] 
2017-07-06T17:38:45.886+0900: 31.962: [CMS-concurrent-preclean-start]
2017-07-06T17:38:45.897+0900: 31.972: [CMS-concurrent-preclean: 0.010/0.010 secs] [Times: user=0.02 sys=0.02, real=0.01 secs] 
2017-07-06T17:38:45.897+0900: 31.972: [CMS-concurrent-abortable-preclean-start]
2017-07-06T17:38:45.897+0900: 31.972: [CMS-concurrent-abortable-preclean: 0.000/0.000 secs] [Times: user=0.00 sys=0.00, real=0.00 secs] 
2017-07-06T17:38:45.898+0900: 31.974: [Full GC2017-07-06T17:38:45.898+0900: 31.974: [CMS (concurrent mode failure): 5504K->5504K(5504K), 0.0270873 secs] 7921K->6137K(7936K), [CMS Perm : 3313K->3313K(21248K)], 0.0271999 secs] [Times: user=0.03 sys=0.00, real=0.03 secs] 
2017-07-06T17:38:45.943+0900: 32.019: [Full GC2017-07-06T17:38:45.943+0900: 32.019: [CMS: 5504K->5504K(5504K), 0.0260600 secs] 7925K->6141K(7936K), [CMS Perm : 3313K->3313K(21248K)], 0.0261735 secs] [Times: user=0.02 sys=0.00, real=0.03 secs] 
2017-07-06T17:38:45.970+0900: 32.045: [GC [1 CMS-initial-mark: 5504K(5504K)] 6157K(7936K), 0.0005098 secs] [Times: user=0.00 sys=0.00, real=0.00 secs] 
2017-07-06T17:38:45.970+0900: 32.046: [CMS-concurrent-mark-start]
2017-07-06T17:38:45.980+0900: 32.056: [CMS-concurrent-mark: 0.010/0.010 secs] [Times: user=0.01 sys=0.01, real=0.01 secs] 
2017-07-06T17:38:45.980+0900: 32.056: [CMS-concurrent-preclean-start]
2017-07-06T17:38:45.991+0900: 32.067: [CMS-concurrent-preclean: 0.011/0.011 secs] [Times: user=0.02 sys=0.00, real=0.01 secs] 
2017-07-06T17:38:45.995+0900: 32.071: [GC[YG occupancy: 1882 K (2432 K)]2017-07-06T17:38:45.996+0900: 32.071: [Rescan (parallel) , 0.0006292 secs]2017-07-06T17:38:45.996+0900: 32.072: [weak refs processing, 0.0000231 secs]2017-07-06T17:38:45.996+0900: 32.072: [scrub string table, 0.0002144 secs] [1 CMS-remark: 5504K(5504K)] 7386K(7936K), 0.0009836 secs] [Times: user=0.00 sys=0.00, real=0.00 secs] 
2017-07-06T17:38:45.997+0900: 32.072: [CMS-concurrent-sweep-start]
2017-07-06T17:38:46.001+0900: 32.076: [CMS-concurrent-sweep: 0.004/0.004 secs] [Times: user=0.00 sys=0.00, real=0.00 secs] 
2017-07-06T17:38:46.001+0900: 32.076: [CMS-concurrent-reset-start]
2017-07-06T17:38:46.001+0900: 32.076: [CMS-concurrent-reset: 0.000/0.000 secs] [Times: user=0.00 sys=0.00, real=0.00 secs] 
2017-07-06T17:38:46.003+0900: 32.078: [GC2017-07-06T17:38:46.003+0900: 32.078: [ParNew: 2425K->2425K(2432K), 0.0000321 secs]2017-07-06T17:38:46.003+0900: 32.078: [CMS: 5504K->5504K(5504K), 0.0264286 secs] 7929K->6144K(7936K), [CMS Perm : 3313K->3313K(21248K)], 0.0265750 secs] [Times: user=0.01 sys=0.00, real=0.03 secs] 
2017-07-06T17:38:46.030+0900: 32.105: [GC [1 CMS-initial-mark: 5504K(5504K)] 6160K(7936K), 0.0005128 secs] [Times: user=0.00 sys=0.00, real=0.00 secs] 
2017-07-06T17:38:46.030+0900: 32.106: [CMS-concurrent-mark-start]
2017-07-06T17:38:46.040+0900: 32.116: [CMS-concurrent-mark: 0.010/0.010 secs] [Times: user=0.02 sys=0.01, real=0.01 secs] 
2017-07-06T17:38:46.040+0900: 32.116: [CMS-concurrent-preclean-start]
2017-07-06T17:38:46.051+0900: 32.126: [CMS-concurrent-preclean: 0.011/0.011 secs] [Times: user=0.02 sys=0.00, real=0.01 secs] 
2017-07-06T17:38:46.051+0900: 32.126: [CMS-concurrent-abortable-preclean-start]
2017-07-06T17:38:46.051+0900: 32.126: [CMS-concurrent-abortable-preclean: 0.000/0.000 secs] [Times: user=0.00 sys=0.00, real=0.00 secs] 
2017-07-06T17:38:46.052+0900: 32.128: [Full GC2017-07-06T17:38:46.052+0900: 32.128: [CMS (concurrent mode failure): 5504K->5504K(5504K), 0.0271438 secs] 7933K->6148K(7936K), [CMS Perm : 3313K->3313K(21248K)], 0.0272504 secs] [Times: user=0.03 sys=0.00, real=0.03 secs] 
2017-07-06T17:38:46.097+0900: 32.173: [Full GC2017-07-06T17:38:46.098+0900: 32.173: [CMS: 5504K->5504K(5504K), 0.0259774 secs] 7928K->6144K(7936K), [CMS Perm : 3313K->3313K(21248K)], 0.0260930 secs] [Times: user=0.01 sys=0.00, real=0.03 secs] 
2017-07-06T17:38:46.124+0900: 32.199: [GC [1 CMS-initial-mark: 5504K(5504K)] 6152K(7936K), 0.0005278 secs] [Times: user=0.00 sys=0.00, real=0.00 secs] 
2017-07-06T17:38:46.124+0900: 32.200: [CMS-concurrent-mark-start]
2017-07-06T17:38:46.134+0900: 32.210: [CMS-concurrent-mark: 0.010/0.010 secs] [Times: user=0.02 sys=0.02, real=0.01 secs] 
2017-07-06T17:38:46.134+0900: 32.210: [CMS-concurrent-preclean-start]
2017-07-06T17:38:46.147+0900: 32.222: [Full GC2017-07-06T17:38:46.147+0900: 32.222: [CMS2017-07-06T17:38:46.149+0900: 32.225: [CMS-concurrent-preclean: 0.014/0.015 secs] [Times: user=0.02 sys=0.02, real=0.01 secs] 
 (concurrent mode failure): 5504K->5504K(5504K), 0.0297189 secs] 7933K->6148K(7936K), [CMS Perm : 3313K->3313K(21248K)], 0.0298388 secs] [Times: user=0.03 sys=0.00, real=0.03 secs] 
2017-07-06T17:38:46.194+0900: 32.270: [Full GC2017-07-06T17:38:46.194+0900: 32.270: [CMS: 5504K->5504K(5504K), 0.0271862 secs] 7935K->6151K(7936K), [CMS Perm : 3313K->3313K(21248K)], 0.0273009 secs] [Times: user=0.03 sys=0.00, real=0.03 secs] 
2017-07-06T17:38:46.222+0900: 32.297: [GC [1 CMS-initial-mark: 5504K(5504K)] 6151K(7936K), 0.0005590 secs] [Times: user=0.00 sys=0.00, real=0.00 secs] 
2017-07-06T17:38:46.223+0900: 32.298: [CMS-concurrent-mark-start]
2017-07-06T17:38:46.233+0900: 32.308: [CMS-concurrent-mark: 0.010/0.010 secs] [Times: user=0.00 sys=0.00, real=0.01 secs] 
2017-07-06T17:38:46.233+0900: 32.308: [CMS-concurrent-preclean-start]
2017-07-06T17:38:46.243+0900: 32.318: [CMS-concurrent-preclean: 0.010/0.010 secs] [Times: user=0.02 sys=0.01, real=0.01 secs] 
2017-07-06T17:38:46.243+0900: 32.318: [CMS-concurrent-abortable-preclean-start]
2017-07-06T17:38:46.243+0900: 32.319: [CMS-concurrent-abortable-preclean: 0.000/0.000 secs] [Times: user=0.00 sys=0.00, real=0.00 secs] 
2017-07-06T17:38:46.243+0900: 32.319: [GC[YG occupancy: 2333 K (2432 K)]2017-07-06T17:38:46.243+0900: 32.319: [Rescan (parallel) , 0.0007067 secs]2017-07-06T17:38:46.244+0900: 32.319: [weak refs processing, 0.0000235 secs]2017-07-06T17:38:46.244+0900: 32.319: [scrub string table, 0.0002153 secs] [1 CMS-remark: 5504K(5504K)] 7837K(7936K), 0.0010410 secs] [Times: user=0.00 sys=0.00, real=0.00 secs] 
2017-07-06T17:38:46.244+0900: 32.320: [CMS-concurrent-sweep-start]
2017-07-06T17:38:46.247+0900: 32.322: [Full GC2017-07-06T17:38:46.247+0900: 32.322: [CMS2017-07-06T17:38:46.249+0900: 32.324: [CMS-concurrent-sweep: 0.004/0.004 secs] [Times: user=0.00 sys=0.00, real=0.01 secs] 
 (concurrent mode failure): 5504K->5504K(5504K), 0.0288671 secs] 7923K->6163K(7936K), [CMS Perm : 3313K->3313K(21248K)], 0.0289874 secs] [Times: user=0.03 sys=0.00, real=0.03 secs] 
2017-07-06T17:38:46.295+0900: 32.371: [Full GC2017-07-06T17:38:46.295+0900: 32.371: [CMS: 5504K->5504K(5504K), 0.0261208 secs] 7925K->6167K(7936K), [CMS Perm : 3313K->3313K(21248K)], 0.0262373 secs] [Times: user=0.03 sys=0.00, real=0.03 secs] 
2017-07-06T17:38:46.322+0900: 32.397: [GC [1 CMS-initial-mark: 5504K(5504K)] 6183K(7936K), 0.0005252 secs] [Times: user=0.00 sys=0.00, real=0.00 secs] 
2017-07-06T17:38:46.322+0900: 32.398: [CMS-concurrent-mark-start]
2017-07-06T17:38:46.332+0900: 32.408: [CMS-concurrent-mark: 0.010/0.010 secs] [Times: user=0.02 sys=0.02, real=0.01 secs] 
2017-07-06T17:38:46.332+0900: 32.408: [CMS-concurrent-preclean-start]
2017-07-06T17:38:46.343+0900: 32.418: [CMS-concurrent-preclean: 0.010/0.010 secs] [Times: user=0.00 sys=0.00, real=0.01 secs] 
2017-07-06T17:38:46.343+0900: 32.418: [CMS-concurrent-abortable-preclean-start]
2017-07-06T17:38:46.343+0900: 32.418: [CMS-concurrent-abortable-preclean: 0.000/0.000 secs] [Times: user=0.00 sys=0.00, real=0.00 secs] 
2017-07-06T17:38:46.344+0900: 32.420: [Full GC2017-07-06T17:38:46.344+0900: 32.420: [CMS (concurrent mode failure): 5504K->5504K(5504K), 0.0284374 secs] 7930K->6171K(7936K), [CMS Perm : 3313K->3313K(21248K)], 0.0285538 secs] [Times: user=0.03 sys=0.00, real=0.03 secs] 
2017-07-06T17:38:46.391+0900: 32.466: [Full GC2017-07-06T17:38:46.391+0900: 32.466: [CMS: 5504K->5504K(5504K), 0.0263126 secs] 7933K->6174K(7936K), [CMS Perm : 3313K->3313K(21248K)], 0.0264342 secs] [Times: user=0.03 sys=0.00, real=0.03 secs] 
2017-07-06T17:38:46.417+0900: 32.493: [GC [1 CMS-initial-mark: 5504K(5504K)] 6190K(7936K), 0.0005346 secs] [Times: user=0.00 sys=0.00, real=0.00 secs] 
2017-07-06T17:38:46.418+0900: 32.493: [CMS-concurrent-mark-start]
2017-07-06T17:38:46.431+0900: 32.507: [CMS-concurrent-mark: 0.013/0.013 secs] [Times: user=0.02 sys=0.02, real=0.01 secs] 
2017-07-06T17:38:46.431+0900: 32.507: [CMS-concurrent-preclean-start]
2017-07-06T17:38:46.440+0900: 32.515: [Full GC2017-07-06T17:38:46.440+0900: 32.515: [CMS2017-07-06T17:38:46.442+0900: 32.518: [CMS-concurrent-preclean: 0.010/0.011 secs] [Times: user=0.02 sys=0.01, real=0.01 secs] 
 (concurrent mode failure): 5504K->5504K(5504K), 0.0293029 secs] 7929K->6170K(7936K), [CMS Perm : 3313K->3313K(21248K)], 0.0294219 secs] [Times: user=0.02 sys=0.00, real=0.03 secs] 
2017-07-06T17:38:46.487+0900: 32.562: [Full GC2017-07-06T17:38:46.487+0900: 32.563: [CMS: 5504K->5504K(5504K), 0.0262017 secs] 7933K->6174K(7936K), [CMS Perm : 3313K->3313K(21248K)], 0.0263186 secs] [Times: user=0.02 sys=0.00, real=0.03 secs] 
2017-07-06T17:38:46.513+0900: 32.589: [GC [1 CMS-initial-mark: 5504K(5504K)] 6182K(7936K), 0.0005633 secs] [Times: user=0.00 sys=0.00, real=0.00 secs] 
2017-07-06T17:38:46.514+0900: 32.590: [CMS-concurrent-mark-start]
2017-07-06T17:38:46.524+0900: 32.600: [CMS-concurrent-mark: 0.010/0.010 secs] [Times: user=0.03 sys=0.00, real=0.01 secs] 
2017-07-06T17:38:46.524+0900: 32.600: [CMS-concurrent-preclean-start]
2017-07-06T17:38:46.534+0900: 32.610: [CMS-concurrent-preclean: 0.010/0.010 secs] [Times: user=0.02 sys=0.00, real=0.01 secs] 
2017-07-06T17:38:46.538+0900: 32.614: [GC[YG occupancy: 2028 K (2432 K)]2017-07-06T17:38:46.538+0900: 32.614: [Rescan (parallel) , 0.0006596 secs]2017-07-06T17:38:46.539+0900: 32.614: [weak refs processing, 0.0000235 secs]2017-07-06T17:38:46.539+0900: 32.614: [scrub string table, 0.0002196 secs] [1 CMS-remark: 5504K(5504K)] 7532K(7936K), 0.0010136 secs] [Times: user=0.00 sys=0.00, real=0.00 secs] 
2017-07-06T17:38:46.539+0900: 32.615: [CMS-concurrent-sweep-start]
2017-07-06T17:38:46.543+0900: 32.619: [CMS-concurrent-sweep: 0.004/0.004 secs] [Times: user=0.00 sys=0.00, real=0.00 secs] 
2017-07-06T17:38:46.543+0900: 32.619: [CMS-concurrent-reset-start]
2017-07-06T17:38:46.544+0900: 32.619: [CMS-concurrent-reset: 0.000/0.000 secs] [Times: user=0.00 sys=0.00, real=0.00 secs] 
2017-07-06T17:38:46.545+0900: 32.620: [GC2017-07-06T17:38:46.545+0900: 32.620: [ParNew: 2431K->2431K(2432K), 0.0000325 secs]2017-07-06T17:38:46.545+0900: 32.620: [CMS: 5504K->5504K(5504K), 0.0262608 secs] 7935K->6177K(7936K), [CMS Perm : 3313K->3313K(21248K)], 0.0264085 secs] [Times: user=0.03 sys=0.00, real=0.03 secs] 
2017-07-06T17:38:46.571+0900: 32.647: [GC [1 CMS-initial-mark: 5504K(5504K)] 6177K(7936K), 0.0005406 secs] [Times: user=0.00 sys=0.00, real=0.00 secs] 
2017-07-06T17:38:46.572+0900: 32.647: [CMS-concurrent-mark-start]
2017-07-06T17:38:46.583+0900: 32.658: [CMS-concurrent-mark: 0.010/0.010 secs] [Times: user=0.02 sys=0.01, real=0.01 secs] 
2017-07-06T17:38:46.583+0900: 32.658: [CMS-concurrent-preclean-start]
2017-07-06T17:38:46.593+0900: 32.668: [CMS-concurrent-preclean: 0.010/0.010 secs] [Times: user=0.00 sys=0.00, real=0.01 secs] 
2017-07-06T17:38:46.593+0900: 32.668: [CMS-concurrent-abortable-preclean-start]
2017-07-06T17:38:46.593+0900: 32.668: [CMS-concurrent-abortable-preclean: 0.000/0.000 secs] [Times: user=0.00 sys=0.00, real=0.00 secs] 
2017-07-06T17:38:46.595+0900: 32.669: [Full GC2017-07-06T17:38:46.595+0900: 32.669: [CMS (concurrent mode failure): 5504K->5504K(5504K), 0.0266721 secs] 7923K->6189K(7936K), [CMS Perm : 3313K->3313K(21248K)], 0.0267869 secs] [Times: user=0.03 sys=0.00, real=0.03 secs] 
2017-07-06T17:38:46.639+0900: 32.714: [Full GC2017-07-06T17:38:46.639+0900: 32.714: [CMS: 5504K->5504K(5504K), 0.0262351 secs] 7925K->6193K(7936K), [CMS Perm : 3313K->3313K(21248K)], 0.0263524 secs] [Times: user=0.03 sys=0.00, real=0.03 secs] 
2017-07-06T17:38:46.666+0900: 32.740: [GC [1 CMS-initial-mark: 5504K(5504K)] 6209K(7936K), 0.0005406 secs] [Times: user=0.00 sys=0.00, real=0.00 secs] 
2017-07-06T17:38:46.666+0900: 32.741: [CMS-concurrent-mark-start]
2017-07-06T17:38:46.676+0900: 32.751: [CMS-concurrent-mark: 0.010/0.010 secs] [Times: user=0.02 sys=0.01, real=0.01 secs] 
2017-07-06T17:38:46.676+0900: 32.751: [CMS-concurrent-preclean-start]
2017-07-06T17:38:46.685+0900: 32.759: [Full GC2017-07-06T17:38:46.685+0900: 32.759: [CMS2017-07-06T17:38:46.687+0900: 32.761: [CMS-concurrent-preclean: 0.010/0.011 secs] [Times: user=0.00 sys=0.00, real=0.01 secs] 
 (concurrent mode failure): 5504K->5504K(5504K), 0.0294292 secs] 7928K->6196K(7936K), [CMS Perm : 3313K->3313K(21248K)], 0.0295439 secs] [Times: user=0.03 sys=0.00, real=0.03 secs] 
2017-07-06T17:38:46.732+0900: 32.806: [Full GC2017-07-06T17:38:46.732+0900: 32.806: [CMS: 5504K->5504K(5504K), 0.0264684 secs] 7932K->6200K(7936K), [CMS Perm : 3313K->3313K(21248K)], 0.0265831 secs] [Times: user=0.03 sys=0.00, real=0.03 secs] 
2017-07-06T17:38:46.759+0900: 32.833: [GC [1 CMS-initial-mark: 5504K(5504K)] 6216K(7936K), 0.0005483 secs] [Times: user=0.00 sys=0.00, real=0.00 secs] 
2017-07-06T17:38:46.759+0900: 32.834: [CMS-concurrent-mark-start]
2017-07-06T17:38:46.769+0900: 32.844: [CMS-concurrent-mark: 0.010/0.010 secs] [Times: user=0.02 sys=0.02, real=0.01 secs] 
2017-07-06T17:38:46.769+0900: 32.844: [CMS-concurrent-preclean-start]
2017-07-06T17:38:46.778+0900: 32.852: [Full GC2017-07-06T17:38:46.778+0900: 32.853: [CMS2017-07-06T17:38:46.780+0900: 32.854: [CMS-concurrent-preclean: 0.010/0.011 secs] [Times: user=0.00 sys=0.00, real=0.01 secs] 
 (concurrent mode failure): 5504K->5504K(5504K), 0.0285641 secs] 7928K->6196K(7936K), [CMS Perm : 3313K->3313K(21248K)], 0.0286822 secs] [Times: user=0.03 sys=0.00, real=0.03 secs] 
2017-07-06T17:38:46.824+0900: 32.898: [Full GC2017-07-06T17:38:46.824+0900: 32.899: [CMS: 5504K->5504K(5504K), 0.0264586 secs] 7932K->6199K(7936K), [CMS Perm : 3313K->3313K(21248K)], 0.0265737 secs] [Times: user=0.03 sys=0.00, real=0.03 secs] 
2017-07-06T17:38:46.851+0900: 32.925: [GC [1 CMS-initial-mark: 5504K(5504K)] 6233K(7936K), 0.0005603 secs] [Times: user=0.00 sys=0.00, real=0.00 secs] 
2017-07-06T17:38:46.851+0900: 32.926: [CMS-concurrent-mark-start]
2017-07-06T17:38:46.861+0900: 32.936: [CMS-concurrent-mark: 0.010/0.010 secs] [Times: user=0.01 sys=0.01, real=0.01 secs] 
2017-07-06T17:38:46.861+0900: 32.936: [CMS-concurrent-preclean-start]
2017-07-06T17:38:46.878+0900: 32.952: [Full GC2017-07-06T17:38:46.878+0900: 32.952: [CMS2017-07-06T17:38:46.882+0900: 32.957: [CMS-concurrent-preclean: 0.017/0.021 secs] [Times: user=0.02 sys=0.00, real=0.02 secs] 
 (concurrent mode failure): 5504K->5504K(5504K), 0.0307732 secs] 7935K->6203K(7936K), [CMS Perm : 3313K->3313K(21248K)], 0.0309140 secs] [Times: user=0.03 sys=0.00, real=0.03 secs] 
2017-07-06T17:38:46.926+0900: 33.001: [Full GC2017-07-06T17:38:46.926+0900: 33.001: [CMS: 5504K->5504K(5504K), 0.0262167 secs] 7924K->6214K(7936K), [CMS Perm : 3313K->3313K(21248K)], 0.0263306 secs] [Times: user=0.02 sys=0.00, real=0.03 secs] 
2017-07-06T17:38:46.953+0900: 33.027: [GC [1 CMS-initial-mark: 5504K(5504K)] 6230K(7936K), 0.0005530 secs] [Times: user=0.00 sys=0.00, real=0.00 secs] 
2017-07-06T17:38:46.953+0900: 33.028: [CMS-concurrent-mark-start]
2017-07-06T17:38:46.963+0900: 33.038: [CMS-concurrent-mark: 0.010/0.010 secs] [Times: user=0.02 sys=0.02, real=0.01 secs] 
2017-07-06T17:38:46.963+0900: 33.038: [CMS-concurrent-preclean-start]
2017-07-06T17:38:47.023+0900: 33.098: [CMS-concurrent-preclean: 0.040/0.060 secs] [Times: user=0.08 sys=0.01, real=0.06 secs] 
2017-07-06T17:38:47.023+0900: 33.098: [CMS-concurrent-abortable-preclean-start]
2017-07-06T17:38:47.023+0900: 33.098: [CMS-concurrent-abortable-preclean: 0.000/0.000 secs] [Times: user=0.00 sys=0.00, real=0.00 secs] 
2017-07-06T17:38:47.024+0900: 33.099: [Full GC2017-07-06T17:38:47.024+0900: 33.099: [CMS (concurrent mode failure): 5504K->5504K(5504K), 0.0276562 secs] 7924K->6218K(7936K), [CMS Perm : 3313K->3313K(21248K)], 0.0277739 secs] [Times: user=0.05 sys=0.00, real=0.03 secs] 
2017-07-06T17:38:47.070+0900: 33.144: [Full GC2017-07-06T17:38:47.070+0900: 33.144: [CMS: 5504K->5504K(5504K), 0.0265561 secs] 7929K->6222K(7936K), [CMS Perm : 3313K->3313K(21248K)], 0.0266747 secs] [Times: user=0.03 sys=0.00, real=0.03 secs] 
2017-07-06T17:38:47.097+0900: 33.171: [GC [1 CMS-initial-mark: 5504K(5504K)] 6248K(7936K), 0.0005766 secs] [Times: user=0.00 sys=0.00, real=0.00 secs] 
2017-07-06T17:38:47.097+0900: 33.172: [CMS-concurrent-mark-start]
2017-07-06T17:38:47.107+0900: 33.182: [CMS-concurrent-mark: 0.010/0.010 secs] [Times: user=0.00 sys=0.00, real=0.01 secs] 
2017-07-06T17:38:47.107+0900: 33.182: [CMS-concurrent-preclean-start]
2017-07-06T17:38:47.116+0900: 33.190: [Full GC2017-07-06T17:38:47.116+0900: 33.190: [CMS2017-07-06T17:38:47.118+0900: 33.192: [CMS-concurrent-preclean: 0.010/0.010 secs] [Times: user=0.01 sys=0.02, real=0.01 secs] 
 (concurrent mode failure): 5504K->5504K(5504K), 0.0287653 secs] 7932K->6225K(7936K), [CMS Perm : 3313K->3313K(21248K)], 0.0288808 secs] [Times: user=0.03 sys=0.00, real=0.03 secs] 
2017-07-06T17:38:47.161+0900: 33.236: [Full GC2017-07-06T17:38:47.162+0900: 33.236: [CMS: 5504K->5504K(5504K), 0.0263237 secs] 7928K->6221K(7936K), [CMS Perm : 3313K->3313K(21248K)], 0.0264406 secs] [Times: user=0.01 sys=0.00, real=0.03 secs] 
2017-07-06T17:38:47.188+0900: 33.263: [GC [1 CMS-initial-mark: 5504K(5504K)] 6229K(7936K), 0.0005766 secs] [Times: user=0.02 sys=0.00, real=0.00 secs] 
2017-07-06T17:38:47.189+0900: 33.263: [CMS-concurrent-mark-start]
2017-07-06T17:38:47.199+0900: 33.273: [CMS-concurrent-mark: 0.010/0.010 secs] [Times: user=0.00 sys=0.00, real=0.01 secs] 
2017-07-06T17:38:47.199+0900: 33.273: [CMS-concurrent-preclean-start]
2017-07-06T17:38:47.207+0900: 33.281: [Full GC2017-07-06T17:38:47.207+0900: 33.281: [CMS2017-07-06T17:38:47.209+0900: 33.284: [CMS-concurrent-preclean: 0.010/0.010 secs] [Times: user=0.01 sys=0.02, real=0.01 secs] 
 (concurrent mode failure): 5504K->5504K(5504K), 0.0290555 secs] 7931K->6224K(7936K), [CMS Perm : 3313K->3313K(21248K)], 0.0291873 secs] [Times: user=0.03 sys=0.00, real=0.03 secs] 
2017-07-06T17:38:47.255+0900: 33.330: [Full GC2017-07-06T17:38:47.255+0900: 33.330: [CMS: 5504K->5504K(5504K), 0.0265450 secs] 7924K->6236K(7936K), [CMS Perm : 3313K->3313K(21248K)], 0.0266653 secs] [Times: user=0.03 sys=0.00, real=0.03 secs] 
2017-07-06T17:38:47.282+0900: 33.357: [GC [1 CMS-initial-mark: 5504K(5504K)] 6252K(7936K), 0.0005663 secs] [Times: user=0.00 sys=0.00, real=0.00 secs] 
2017-07-06T17:38:47.283+0900: 33.357: [CMS-concurrent-mark-start]
2017-07-06T17:38:47.293+0900: 33.367: [CMS-concurrent-mark: 0.010/0.010 secs] [Times: user=0.00 sys=0.00, real=0.01 secs] 
2017-07-06T17:38:47.293+0900: 33.367: [CMS-concurrent-preclean-start]
2017-07-06T17:38:47.302+0900: 33.377: [Full GC2017-07-06T17:38:47.302+0900: 33.377: [CMS2017-07-06T17:38:47.303+0900: 33.378: [CMS-concurrent-preclean: 0.010/0.010 secs] [Times: user=0.01 sys=0.02, real=0.01 secs] 
 (concurrent mode failure): 5504K->5504K(5504K), 0.0271254 secs] 7922K->6248K(7936K), [CMS Perm : 3313K->3313K(21248K)], 0.0272474 secs] [Times: user=0.03 sys=0.00, real=0.03 secs] 
2017-07-06T17:38:47.346+0900: 33.421: [Full GC2017-07-06T17:38:47.346+0900: 33.421: [CMS: 5504K->5504K(5504K), 0.0329948 secs] 7930K->6235K(7936K), [CMS Perm : 3313K->3313K(21248K)], 0.0331090 secs] [Times: user=0.03 sys=0.00, real=0.03 secs] 
2017-07-06T17:38:47.379+0900: 33.454: [GC [1 CMS-initial-mark: 5504K(5504K)] 6243K(7936K), 0.0005856 secs] [Times: user=0.00 sys=0.00, real=0.00 secs] 
2017-07-06T17:38:47.380+0900: 33.455: [CMS-concurrent-mark-start]
2017-07-06T17:38:47.390+0900: 33.465: [CMS-concurrent-mark: 0.010/0.010 secs] [Times: user=0.00 sys=0.00, real=0.01 secs] 
2017-07-06T17:38:47.390+0900: 33.465: [CMS-concurrent-preclean-start]
2017-07-06T17:38:47.398+0900: 33.472: [Full GC2017-07-06T17:38:47.398+0900: 33.472: [CMS2017-07-06T17:38:47.402+0900: 33.476: [CMS-concurrent-preclean: 0.011/0.011 secs] [Times: user=0.00 sys=0.02, real=0.01 secs] 
 (concurrent mode failure): 5504K->5504K(5504K), 0.0302253 secs] 7928K->6247K(7936K), [CMS Perm : 3313K->3313K(21248K)], 0.0303477 secs] [Times: user=0.03 sys=0.00, real=0.03 secs] 
2017-07-06T17:38:47.446+0900: 33.521: [Full GC2017-07-06T17:38:47.446+0900: 33.521: [CMS: 5504K->5504K(5504K), 0.0265643 secs] 7932K->6250K(7936K), [CMS Perm : 3313K->3313K(21248K)], 0.0266816 secs] [Times: user=0.03 sys=0.00, real=0.03 secs] 
2017-07-06T17:38:47.473+0900: 33.548: [GC [1 CMS-initial-mark: 5504K(5504K)] 6266K(7936K), 0.0005757 secs] [Times: user=0.00 sys=0.00, real=0.00 secs] 
2017-07-06T17:38:47.474+0900: 33.548: [CMS-concurrent-mark-start]
2017-07-06T17:38:47.484+0900: 33.558: [CMS-concurrent-mark: 0.010/0.010 secs] [Times: user=0.00 sys=0.00, real=0.01 secs] 
2017-07-06T17:38:47.484+0900: 33.558: [CMS-concurrent-preclean-start]
2017-07-06T17:38:47.491+0900: 33.565: [Full GC2017-07-06T17:38:47.491+0900: 33.566: [CMS2017-07-06T17:38:47.495+0900: 33.569: [CMS-concurrent-preclean: 0.011/0.011 secs] [Times: user=0.01 sys=0.02, real=0.01 secs] 
 (concurrent mode failure): 5504K->5504K(5504K), 0.0304843 secs] 7928K->6246K(7936K), [CMS Perm : 3313K->3313K(21248K)], 0.0306046 secs] [Times: user=0.03 sys=0.00, real=0.03 secs] 
2017-07-06T17:38:47.538+0900: 33.613: [Full GC2017-07-06T17:38:47.538+0900: 33.613: [CMS: 5504K->5504K(5504K), 0.0263387 secs] 7934K->6249K(7936K), [CMS Perm : 3313K->3313K(21248K)], 0.0264530 secs] [Times: user=0.03 sys=0.00, real=0.03 secs] 
2017-07-06T17:38:47.565+0900: 33.639: [GC [1 CMS-initial-mark: 5504K(5504K)] 6257K(7936K), 0.0005890 secs] [Times: user=0.00 sys=0.00, real=0.00 secs] 
2017-07-06T17:38:47.565+0900: 33.640: [CMS-concurrent-mark-start]
2017-07-06T17:38:47.575+0900: 33.650: [CMS-concurrent-mark: 0.010/0.010 secs] [Times: user=0.00 sys=0.00, real=0.01 secs] 
2017-07-06T17:38:47.575+0900: 33.650: [CMS-concurrent-preclean-start]
2017-07-06T17:38:47.585+0900: 33.660: [Full GC2017-07-06T17:38:47.585+0900: 33.660: [CMS2017-07-06T17:38:47.586+0900: 33.661: [CMS-concurrent-preclean: 0.010/0.011 secs] [Times: user=0.02 sys=0.00, real=0.01 secs] 
 (concurrent mode failure): 5504K->5504K(5504K), 0.0281039 secs] 7935K->6261K(7936K), [CMS Perm : 3313K->3313K(21248K)], 0.0282191 secs] [Times: user=0.03 sys=0.00, real=0.03 secs] 
2017-07-06T17:38:47.630+0900: 33.704: [Full GC2017-07-06T17:38:47.630+0900: 33.704: [CMS: 5504K->5504K(5504K), 0.0263537 secs] 7931K->6264K(7936K), [CMS Perm : 3313K->3313K(21248K)], 0.0264688 secs] [Times: user=0.01 sys=0.00, real=0.03 secs] 
2017-07-06T17:38:47.656+0900: 33.731: [GC [1 CMS-initial-mark: 5504K(5504K)] 6280K(7936K), 0.0006104 secs] [Times: user=0.02 sys=0.00, real=0.00 secs] 
2017-07-06T17:38:47.657+0900: 33.732: [CMS-concurrent-mark-start]
2017-07-06T17:38:47.667+0900: 33.742: [CMS-concurrent-mark: 0.010/0.010 secs] [Times: user=0.00 sys=0.00, real=0.01 secs] 
2017-07-06T17:38:47.667+0900: 33.742: [CMS-concurrent-preclean-start]
2017-07-06T17:38:47.674+0900: 33.749: [Full GC2017-07-06T17:38:47.674+0900: 33.749: [CMS2017-07-06T17:38:47.677+0900: 33.752: [CMS-concurrent-preclean: 0.010/0.010 secs] [Times: user=0.01 sys=0.02, real=0.01 secs] 
 (concurrent mode failure): 5504K->5504K(5504K), 0.0294638 secs] 7923K->6268K(7936K), [CMS Perm : 3313K->3313K(21248K)], 0.0295803 secs] [Times: user=0.03 sys=0.00, real=0.03 secs] 
2017-07-06T17:38:47.721+0900: 33.795: [Full GC2017-07-06T17:38:47.721+0900: 33.795: [CMS: 5504K->5504K(5504K), 0.0266383 secs] 7932K->6271K(7936K), [CMS Perm : 3313K->3313K(21248K)], 0.0267548 secs] [Times: user=0.02 sys=0.00, real=0.03 secs] 
2017-07-06T17:38:47.747+0900: 33.822: [GC [1 CMS-initial-mark: 5504K(5504K)] 6287K(7936K), 0.0005868 secs] [Times: user=0.00 sys=0.00, real=0.00 secs] 
2017-07-06T17:38:47.748+0900: 33.823: [CMS-concurrent-mark-start]
2017-07-06T17:38:47.758+0900: 33.833: [CMS-concurrent-mark: 0.010/0.010 secs] [Times: user=0.02 sys=0.02, real=0.01 secs] 
2017-07-06T17:38:47.758+0900: 33.833: [CMS-concurrent-preclean-start]
2017-07-06T17:38:47.768+0900: 33.843: [Full GC2017-07-06T17:38:47.768+0900: 33.843: [CMS2017-07-06T17:38:47.769+0900: 33.843: [CMS-concurrent-preclean: 0.010/0.011 secs] [Times: user=0.02 sys=0.01, real=0.01 secs] 
 (concurrent mode failure): 5504K->5504K(5504K), 0.0266871 secs] 7930K->6275K(7936K), [CMS Perm : 3313K->3313K(21248K)], 0.0268048 secs] [Times: user=0.02 sys=0.00, real=0.03 secs] 
2017-07-06T17:38:47.811+0900: 33.886: [Full GC2017-07-06T17:38:47.811+0900: 33.886: [CMS: 5504K->5504K(5504K), 0.0282773 secs] 7934K->6278K(7936K), [CMS Perm : 3313K->3313K(21248K)], 0.0284023 secs] [Times: user=0.03 sys=0.00, real=0.03 secs] 
2017-07-06T17:38:47.840+0900: 33.915: [GC [1 CMS-initial-mark: 5504K(5504K)] 6294K(7936K), 0.0012199 secs] [Times: user=0.00 sys=0.00, real=0.00 secs] 
2017-07-06T17:38:47.842+0900: 33.916: [CMS-concurrent-mark-start]
2017-07-06T17:38:47.852+0900: 33.926: [CMS-concurrent-mark: 0.010/0.010 secs] [Times: user=0.02 sys=0.02, real=0.01 secs] 
2017-07-06T17:38:47.852+0900: 33.926: [CMS-concurrent-preclean-start]
2017-07-06T17:38:47.862+0900: 33.937: [CMS-concurrent-preclean: 0.010/0.010 secs] [Times: user=0.03 sys=0.00, real=0.01 secs] 
2017-07-06T17:38:47.862+0900: 33.937: [CMS-concurrent-abortable-preclean-start]
2017-07-06T17:38:47.862+0900: 33.937: [CMS-concurrent-abortable-preclean: 0.000/0.000 secs] [Times: user=0.00 sys=0.00, real=0.00 secs] 
2017-07-06T17:38:47.862+0900: 33.937: [Full GC2017-07-06T17:38:47.862+0900: 33.937: [CMS (concurrent mode failure): 5504K->5504K(5504K), 0.0266529 secs] 7930K->6274K(7936K), [CMS Perm : 3313K->3313K(21248K)], 0.0267552 secs] [Times: user=0.02 sys=0.00, real=0.03 secs] 
2017-07-06T17:38:47.905+0900: 33.980: [Full GC2017-07-06T17:38:47.905+0900: 33.980: [CMS: 5504K->5504K(5504K), 0.0271126 secs] 7935K->6277K(7936K), [CMS Perm : 3313K->3313K(21248K)], 0.0272363 secs] [Times: user=0.03 sys=0.00, real=0.03 secs] 
2017-07-06T17:38:47.943+0900: 34.018: [GC [1 CMS-initial-mark: 5504K(5504K)] 7142K(7936K), 0.0007144 secs] [Times: user=0.00 sys=0.00, real=0.00 secs] 
2017-07-06T17:38:47.944+0900: 34.018: [CMS-concurrent-mark-start]
2017-07-06T17:38:47.954+0900: 34.028: [CMS-concurrent-mark: 0.010/0.010 secs] [Times: user=0.02 sys=0.00, real=0.01 secs] 
2017-07-06T17:38:47.954+0900: 34.029: [CMS-concurrent-preclean-start]
2017-07-06T17:38:47.954+0900: 34.029: [Full GC2017-07-06T17:38:47.954+0900: 34.029: [CMS2017-07-06T17:38:47.964+0900: 34.039: [CMS-concurrent-preclean: 0.010/0.010 secs] [Times: user=0.00 sys=0.00, real=0.01 secs] 
 (concurrent mode failure): 5504K->5504K(5504K), 0.0365514 secs] 7936K->6305K(7936K), [CMS Perm : 3313K->3313K(21248K)], 0.0366571 secs] [Times: user=0.03 sys=0.00, real=0.04 secs] 
2017-07-06T17:38:48.011+0900: 34.086: [Full GC2017-07-06T17:38:48.011+0900: 34.086: [CMS: 5504K->5504K(5504K), 0.0267873 secs] 7924K->6292K(7936K), [CMS Perm : 3313K->3313K(21248K)], 0.0269076 secs] [Times: user=0.03 sys=0.00, real=0.03 secs] 
2017-07-06T17:38:48.038+0900: 34.113: [GC [1 CMS-initial-mark: 5504K(5504K)] 6308K(7936K), 0.0006228 secs] [Times: user=0.00 sys=0.00, real=0.00 secs] 
2017-07-06T17:38:48.039+0900: 34.113: [CMS-concurrent-mark-start]
2017-07-06T17:38:48.049+0900: 34.124: [CMS-concurrent-mark: 0.011/0.011 secs] [Times: user=0.03 sys=0.00, real=0.01 secs] 
2017-07-06T17:38:48.050+0900: 34.124: [CMS-concurrent-preclean-start]
2017-07-06T17:38:48.055+0900: 34.129: [Full GC2017-07-06T17:38:48.055+0900: 34.129: [CMS2017-07-06T17:38:48.060+0900: 34.135: [CMS-concurrent-preclean: 0.011/0.011 secs] [Times: user=0.00 sys=0.00, real=0.01 secs] 
 (concurrent mode failure): 5504K->5504K(5504K), 0.0326283 secs] 7926K->6304K(7936K), [CMS Perm : 3313K->3313K(21248K)], 0.0327452 secs] [Times: user=0.03 sys=0.00, real=0.03 secs] 
2017-07-06T17:38:48.104+0900: 34.178: [Full GC2017-07-06T17:38:48.104+0900: 34.178: [CMS: 5504K->5504K(5504K), 0.0264898 secs] 7931K->6291K(7936K), [CMS Perm : 3313K->3313K(21248K)], 0.0266079 secs] [Times: user=0.03 sys=0.00, real=0.03 secs] 
2017-07-06T17:38:48.131+0900: 34.205: [GC [1 CMS-initial-mark: 5504K(5504K)] 6299K(7936K), 0.0006292 secs] [Times: user=0.00 sys=0.00, real=0.00 secs] 
2017-07-06T17:38:48.131+0900: 34.206: [CMS-concurrent-mark-start]
2017-07-06T17:38:48.141+0900: 34.216: [CMS-concurrent-mark: 0.010/0.010 secs] [Times: user=0.02 sys=0.02, real=0.01 secs] 
2017-07-06T17:38:48.141+0900: 34.216: [CMS-concurrent-preclean-start]
2017-07-06T17:38:48.152+0900: 34.226: [CMS-concurrent-preclean: 0.010/0.010 secs] [Times: user=0.00 sys=0.00, real=0.01 secs] 
2017-07-06T17:38:48.160+0900: 34.234: [GC[YG occupancy: 2420 K (2432 K)]2017-07-06T17:38:48.160+0900: 34.235: [Rescan (parallel) , 0.0007474 secs]2017-07-06T17:38:48.161+0900: 34.235: [weak refs processing, 0.0000257 secs]2017-07-06T17:38:48.161+0900: 34.235: [scrub string table, 0.0002414 secs] [1 CMS-remark: 5504K(5504K)] 7924K(7936K), 0.0011454 secs] [Times: user=0.00 sys=0.00, real=0.00 secs] 
2017-07-06T17:38:48.161+0900: 34.236: [CMS-concurrent-sweep-start]
2017-07-06T17:38:48.161+0900: 34.236: [Full GC2017-07-06T17:38:48.161+0900: 34.236: [CMS2017-07-06T17:38:48.165+0900: 34.240: [CMS-concurrent-sweep: 0.004/0.004 secs] [Times: user=0.00 sys=0.00, real=0.00 secs] 
 (concurrent mode failure): 5504K->5504K(5504K), 0.0313939 secs] 7932K->6302K(7936K), [CMS Perm : 3313K->3313K(21248K)], 0.0314915 secs] [Times: user=0.03 sys=0.00, real=0.03 secs] 
2017-07-06T17:38:48.209+0900: 34.284: [Full GC2017-07-06T17:38:48.210+0900: 34.284: [CMS: 5504K->5504K(5504K), 0.0268404 secs] 7928K->6330K(7936K), [CMS Perm : 3313K->3313K(21248K)], 0.0269576 secs] [Times: user=0.03 sys=0.00, real=0.03 secs] 
2017-07-06T17:38:48.237+0900: 34.311: [GC [1 CMS-initial-mark: 5504K(5504K)] 6338K(7936K), 0.0006553 secs] [Times: user=0.00 sys=0.00, real=0.00 secs] 
2017-07-06T17:38:48.237+0900: 34.312: [CMS-concurrent-mark-start]
2017-07-06T17:38:48.247+0900: 34.322: [CMS-concurrent-mark: 0.010/0.010 secs] [Times: user=0.00 sys=0.00, real=0.01 secs] 
2017-07-06T17:38:48.247+0900: 34.322: [CMS-concurrent-preclean-start]
2017-07-06T17:38:48.256+0900: 34.331: [Full GC2017-07-06T17:38:48.256+0900: 34.331: [CMS2017-07-06T17:38:48.258+0900: 34.333: [CMS-concurrent-preclean: 0.011/0.011 secs] [Times: user=0.02 sys=0.02, real=0.01 secs] 
 (concurrent mode failure): 5504K->5504K(5504K), 0.0289057 secs] 7935K->6333K(7936K), [CMS Perm : 3313K->3313K(21248K)], 0.0290221 secs] [Times: user=0.03 sys=0.00, real=0.03 secs] 
2017-07-06T17:38:48.301+0900: 34.376: [Full GC2017-07-06T17:38:48.301+0900: 34.376: [CMS: 5504K->5504K(5504K), 0.0266405 secs] 7923K->6344K(7936K), [CMS Perm : 3313K->3313K(21248K)], 0.0267556 secs] [Times: user=0.03 sys=0.00, real=0.03 secs] 
2017-07-06T17:38:48.328+0900: 34.403: [GC [1 CMS-initial-mark: 5504K(5504K)] 6360K(7936K), 0.0006618 secs] [Times: user=0.00 sys=0.00, real=0.00 secs] 
2017-07-06T17:38:48.329+0900: 34.404: [CMS-concurrent-mark-start]
2017-07-06T17:38:48.339+0900: 34.414: [CMS-concurrent-mark: 0.010/0.010 secs] [Times: user=0.00 sys=0.00, real=0.01 secs] 
2017-07-06T17:38:48.339+0900: 34.414: [CMS-concurrent-preclean-start]
2017-07-06T17:38:48.347+0900: 34.422: [Full GC2017-07-06T17:38:48.347+0900: 34.422: [CMS2017-07-06T17:38:48.349+0900: 34.424: [CMS-concurrent-preclean: 0.010/0.010 secs] [Times: user=0.02 sys=0.01, real=0.01 secs] 
 (concurrent mode failure): 5504K->5504K(5504K), 0.0301496 secs] 7924K->6356K(7936K), [CMS Perm : 3313K->3313K(21248K)], 0.0302686 secs] [Times: user=0.03 sys=0.00, real=0.03 secs] 
2017-07-06T17:38:48.393+0900: 34.468: [Full GC2017-07-06T17:38:48.393+0900: 34.468: [CMS: 5504K->5504K(5504K), 0.0267077 secs] 7935K->6351K(7936K), [CMS Perm : 3313K->3313K(21248K)], 0.0268237 secs] [Times: user=0.02 sys=0.00, real=0.03 secs] 
2017-07-06T17:38:48.420+0900: 34.495: [GC [1 CMS-initial-mark: 5504K(5504K)] 6367K(7936K), 0.0006660 secs] [Times: user=0.01 sys=0.00, real=0.00 secs] 
2017-07-06T17:38:48.421+0900: 34.496: [CMS-concurrent-mark-start]
2017-07-06T17:38:48.431+0900: 34.506: [CMS-concurrent-mark: 0.010/0.010 secs] [Times: user=0.00 sys=0.00, real=0.01 secs] 
2017-07-06T17:38:48.431+0900: 34.506: [CMS-concurrent-preclean-start]
2017-07-06T17:38:48.442+0900: 34.517: [CMS-concurrent-preclean: 0.011/0.011 secs] [Times: user=0.02 sys=0.00, real=0.01 secs] 
2017-07-06T17:38:48.442+0900: 34.517: [CMS-concurrent-abortable-preclean-start]
2017-07-06T17:38:48.442+0900: 34.517: [CMS-concurrent-abortable-preclean: 0.000/0.000 secs] [Times: user=0.00 sys=0.00, real=0.00 secs] 
2017-07-06T17:38:48.445+0900: 34.520: [Full GC2017-07-06T17:38:48.445+0900: 34.520: [CMS (concurrent mode failure): 5504K->5504K(5504K), 0.0271982 secs] 7931K->6354K(7936K), [CMS Perm : 3313K->3313K(21248K)], 0.0273112 secs] [Times: user=0.03 sys=0.00, real=0.03 secs] 
2017-07-06T17:38:48.488+0900: 34.563: [Full GC2017-07-06T17:38:48.488+0900: 34.563: [CMS: 5504K->5504K(5504K), 0.0266152 secs] 7934K->6358K(7936K), [CMS Perm : 3313K->3313K(21248K)], 0.0267316 secs] [Times: user=0.03 sys=0.00, real=0.03 secs] 
2017-07-06T17:38:48.515+0900: 34.590: [GC [1 CMS-initial-mark: 5504K(5504K)] 6374K(7936K), 0.0006669 secs] [Times: user=0.00 sys=0.00, real=0.00 secs] 
2017-07-06T17:38:48.516+0900: 34.590: [CMS-concurrent-mark-start]
2017-07-06T17:38:48.526+0900: 34.601: [CMS-concurrent-mark: 0.010/0.010 secs] [Times: user=0.00 sys=0.00, real=0.01 secs] 
2017-07-06T17:38:48.526+0900: 34.601: [CMS-concurrent-preclean-start]
2017-07-06T17:38:48.531+0900: 34.606: [Full GC2017-07-06T17:38:48.531+0900: 34.606: [CMS2017-07-06T17:38:48.536+0900: 34.611: [CMS-concurrent-preclean: 0.010/0.010 secs] [Times: user=0.02 sys=0.02, real=0.01 secs] 
 (concurrent mode failure): 5504K->5504K(5504K), 0.0337481 secs] 7930K->6361K(7936K), [CMS Perm : 3313K->3313K(21248K)], 0.0338662 secs] [Times: user=0.03 sys=0.00, real=0.03 secs] 
2017-07-06T17:38:48.581+0900: 34.656: [Full GC2017-07-06T17:38:48.581+0900: 34.656: [CMS: 5504K->5504K(5504K), 0.0269992 secs] 7923K->6364K(7936K), [CMS Perm : 3313K->3313K(21248K)], 0.0271152 secs] [Times: user=0.03 sys=0.00, real=0.03 secs] 
2017-07-06T17:38:48.608+0900: 34.683: [GC [1 CMS-initial-mark: 5504K(5504K)] 6383K(7936K), 0.0006874 secs] [Times: user=0.00 sys=0.00, real=0.00 secs] 
2017-07-06T17:38:48.609+0900: 34.684: [CMS-concurrent-mark-start]
2017-07-06T17:38:48.619+0900: 34.694: [CMS-concurrent-mark: 0.010/0.010 secs] [Times: user=0.00 sys=0.00, real=0.01 secs] 
2017-07-06T17:38:48.619+0900: 34.694: [CMS-concurrent-preclean-start]
2017-07-06T17:38:48.631+0900: 34.706: [CMS-concurrent-preclean: 0.010/0.012 secs] [Times: user=0.01 sys=0.02, real=0.01 secs] 
2017-07-06T17:38:48.631+0900: 34.706: [CMS-concurrent-abortable-preclean-start]
2017-07-06T17:38:48.631+0900: 34.706: [CMS-concurrent-abortable-preclean: 0.000/0.000 secs] [Times: user=0.00 sys=0.00, real=0.00 secs] 
2017-07-06T17:38:48.632+0900: 34.706: [Full GC2017-07-06T17:38:48.632+0900: 34.706: [CMS (concurrent mode failure): 5504K->5504K(5504K), 0.0279259 secs] 7935K->6359K(7936K), [CMS Perm : 3313K->3313K(21248K)], 0.0280393 secs] [Times: user=0.03 sys=0.00, real=0.03 secs] 
2017-07-06T17:38:48.675+0900: 34.750: [Full GC2017-07-06T17:38:48.676+0900: 34.750: [CMS: 5504K->5504K(5504K), 0.0266443 secs] 7924K->6371K(7936K), [CMS Perm : 3313K->3313K(21248K)], 0.0267646 secs] [Times: user=0.03 sys=0.00, real=0.03 secs] 
2017-07-06T17:38:48.702+0900: 34.777: [GC [1 CMS-initial-mark: 5504K(5504K)] 6387K(7936K), 0.0006776 secs] [Times: user=0.00 sys=0.00, real=0.00 secs] 
2017-07-06T17:38:48.703+0900: 34.778: [CMS-concurrent-mark-start]
2017-07-06T17:38:48.713+0900: 34.788: [CMS-concurrent-mark: 0.010/0.010 secs] [Times: user=0.00 sys=0.00, real=0.01 secs] 
2017-07-06T17:38:48.713+0900: 34.788: [CMS-concurrent-preclean-start]
2017-07-06T17:38:48.724+0900: 34.798: [CMS-concurrent-preclean: 0.010/0.010 secs] [Times: user=0.02 sys=0.00, real=0.01 secs] 
2017-07-06T17:38:48.724+0900: 34.798: [CMS-concurrent-abortable-preclean-start]
2017-07-06T17:38:48.724+0900: 34.798: [CMS-concurrent-abortable-preclean: 0.000/0.000 secs] [Times: user=0.00 sys=0.00, real=0.00 secs] 
2017-07-06T17:38:48.729+0900: 34.804: [Full GC2017-07-06T17:38:48.729+0900: 34.804: [CMS (concurrent mode failure): 5504K->5504K(5504K), 0.0271742 secs] 7926K->6374K(7936K), [CMS Perm : 3313K->3313K(21248K)], 0.0272915 secs] [Times: user=0.03 sys=0.00, real=0.03 secs] 
2017-07-06T17:38:48.772+0900: 34.847: [Full GC2017-07-06T17:38:48.772+0900: 34.847: [CMS: 5504K->5504K(5504K), 0.0267753 secs] 7929K->6377K(7936K), [CMS Perm : 3313K->3313K(21248K)], 0.0268892 secs] [Times: user=0.03 sys=0.00, real=0.03 secs] 
2017-07-06T17:38:48.799+0900: 34.874: [GC [1 CMS-initial-mark: 5504K(5504K)] 6393K(7936K), 0.0006810 secs] [Times: user=0.00 sys=0.00, real=0.00 secs] 
2017-07-06T17:38:48.800+0900: 34.874: [CMS-concurrent-mark-start]
2017-07-06T17:38:48.810+0900: 34.885: [CMS-concurrent-mark: 0.010/0.010 secs] [Times: user=0.00 sys=0.00, real=0.01 secs] 
2017-07-06T17:38:48.810+0900: 34.885: [CMS-concurrent-preclean-start]
2017-07-06T17:38:48.816+0900: 34.891: [Full GC2017-07-06T17:38:48.816+0900: 34.891: [CMS2017-07-06T17:38:48.820+0900: 34.895: [CMS-concurrent-preclean: 0.010/0.010 secs] [Times: user=0.02 sys=0.02, real=0.01 secs] 
 (concurrent mode failure): 5504K->5504K(5504K), 0.0319037 secs] 7933K->6381K(7936K), [CMS Perm : 3313K->3313K(21248K)], 0.0320210 secs] [Times: user=0.03 sys=0.00, real=0.03 secs] 
2017-07-06T17:38:48.864+0900: 34.938: [Full GC2017-07-06T17:38:48.864+0900: 34.938: [CMS: 5504K->5504K(5504K), 0.0268994 secs] 7928K->6376K(7936K), [CMS Perm : 3313K->3313K(21248K)], 0.0270154 secs] [Times: user=0.03 sys=0.00, real=0.03 secs] 
2017-07-06T17:38:48.891+0900: 34.966: [GC [1 CMS-initial-mark: 5504K(5504K)] 6384K(7936K), 0.0006909 secs] [Times: user=0.00 sys=0.00, real=0.00 secs] 
2017-07-06T17:38:48.892+0900: 34.966: [CMS-concurrent-mark-start]
2017-07-06T17:38:48.902+0900: 34.976: [CMS-concurrent-mark: 0.010/0.010 secs] [Times: user=0.00 sys=0.00, real=0.01 secs] 
2017-07-06T17:38:48.902+0900: 34.976: [CMS-concurrent-preclean-start]
2017-07-06T17:38:48.908+0900: 34.983: [Full GC2017-07-06T17:38:48.908+0900: 34.983: [CMS2017-07-06T17:38:48.913+0900: 34.987: [CMS-concurrent-preclean: 0.011/0.011 secs] [Times: user=0.02 sys=0.02, real=0.01 secs] 
 (concurrent mode failure): 5504K->5504K(5504K), 0.0334022 secs] 7930K->6379K(7936K), [CMS Perm : 3313K->3313K(21248K)], 0.0335508 secs] [Times: user=0.03 sys=0.00, real=0.03 secs] 
2017-07-06T17:38:48.957+0900: 35.031: [Full GC2017-07-06T17:38:48.957+0900: 35.032: [CMS: 5504K->5504K(5504K), 0.0269722 secs] 7934K->6382K(7936K), [CMS Perm : 3313K->3313K(21248K)], 0.0270843 secs] [Times: user=0.03 sys=0.00, real=0.03 secs] 
2017-07-06T17:38:48.984+0900: 35.059: [GC [1 CMS-initial-mark: 5504K(5504K)] 6390K(7936K), 0.0007003 secs] [Times: user=0.00 sys=0.00, real=0.00 secs] 
2017-07-06T17:38:48.985+0900: 35.059: [CMS-concurrent-mark-start]
2017-07-06T17:38:48.995+0900: 35.070: [CMS-concurrent-mark: 0.010/0.010 secs] [Times: user=0.00 sys=0.00, real=0.01 secs] 
2017-07-06T17:38:48.995+0900: 35.070: [CMS-concurrent-preclean-start]
2017-07-06T17:38:49.017+0900: 35.091: [Full GC2017-07-06T17:38:49.017+0900: 35.091: [CMS2017-07-06T17:38:49.017+0900: 35.092: [CMS-concurrent-preclean: 0.018/0.022 secs] [Times: user=0.03 sys=0.01, real=0.02 secs] 
 (concurrent mode failure): 5504K->5504K(5504K), 0.0273853 secs] 7935K->6410K(7936K), [CMS Perm : 3313K->3313K(21248K)], 0.0275244 secs] [Times: user=0.02 sys=0.00, real=0.03 secs] 
2017-07-06T17:38:49.059+0900: 35.134: [Full GC2017-07-06T17:38:49.059+0900: 35.134: [CMS: 5504K->5504K(5504K), 0.0265138 secs] 7922K->6397K(7936K), [CMS Perm : 3313K->3313K(21248K)], 0.0266255 secs] [Times: user=0.03 sys=0.00, real=0.03 secs] 
2017-07-06T17:38:49.086+0900: 35.161: [GC [1 CMS-initial-mark: 5504K(5504K)] 6413K(7936K), 0.0006896 secs] [Times: user=0.00 sys=0.00, real=0.00 secs] 
2017-07-06T17:38:49.087+0900: 35.161: [CMS-concurrent-mark-start]
2017-07-06T17:38:49.097+0900: 35.171: [CMS-concurrent-mark: 0.010/0.010 secs] [Times: user=0.03 sys=0.00, real=0.01 secs] 
2017-07-06T17:38:49.097+0900: 35.172: [CMS-concurrent-preclean-start]
2017-07-06T17:38:49.114+0900: 35.189: [Full GC2017-07-06T17:38:49.114+0900: 35.189: [CMS2017-07-06T17:38:49.121+0900: 35.196: [CMS-concurrent-preclean: 0.021/0.024 secs] [Times: user=0.01 sys=0.00, real=0.02 secs] 
 (concurrent mode failure): 5504K->5504K(5504K), 0.0334840 secs] 7925K->6400K(7936K), [CMS Perm : 3313K->3313K(21248K)], 0.0336163 secs] [Times: user=0.03 sys=0.00, real=0.03 secs] 
2017-07-06T17:38:49.163+0900: 35.237: [Full GC2017-07-06T17:38:49.163+0900: 35.237: [CMS: 5504K->5504K(5504K), 0.0268682 secs] 7929K->6403K(7936K), [CMS Perm : 3313K->3313K(21248K)], 0.0269833 secs] [Times: user=0.03 sys=0.00, real=0.03 secs] 
2017-07-06T17:38:49.190+0900: 35.264: [GC [1 CMS-initial-mark: 5504K(5504K)] 6421K(7936K), 0.0006977 secs] [Times: user=0.00 sys=0.00, real=0.00 secs] 
2017-07-06T17:38:49.191+0900: 35.266: [CMS-concurrent-mark-start]
2017-07-06T17:38:49.201+0900: 35.276: [CMS-concurrent-mark: 0.010/0.010 secs] [Times: user=0.02 sys=0.02, real=0.01 secs] 
2017-07-06T17:38:49.201+0900: 35.276: [CMS-concurrent-preclean-start]
2017-07-06T17:38:49.212+0900: 35.286: [CMS-concurrent-preclean: 0.011/0.011 secs] [Times: user=0.00 sys=0.00, real=0.01 secs] 
2017-07-06T17:38:49.216+0900: 35.291: [GC[YG occupancy: 2031 K (2432 K)]2017-07-06T17:38:49.217+0900: 35.291: [Rescan (parallel) , 0.0008629 secs]2017-07-06T17:38:49.217+0900: 35.292: [weak refs processing, 0.0000244 secs]2017-07-06T17:38:49.217+0900: 35.292: [scrub string table, 0.0002200 secs] [1 CMS-remark: 5504K(5504K)] 7535K(7936K), 0.0012293 secs] [Times: user=0.02 sys=0.02, real=0.00 secs] 
2017-07-06T17:38:49.218+0900: 35.292: [CMS-concurrent-sweep-start]
Heap
 par new generation   total 2432K, used 2240K [0x00000000fa600000, 0x00000000fa8a0000, 0x00000000fa8a0000)
  eden space 2176K, 100% used [0x00000000fa600000, 0x00000000fa820000, 0x00000000fa820000)
  from space 256K,  25% used [0x00000000fa860000, 0x00000000fa870290, 0x00000000fa8a0000)
  to   space 256K,   0% used [0x00000000fa820000, 0x00000000fa820000, 0x00000000fa860000)
 concurrent mark-sweep generation total 5504K, used 5504K [0x00000000fa8a0000, 0x00000000fae00000, 0x00000000fae00000)
 concurrent-mark-sweep perm gen total 21248K, used 3320K [0x00000000fae00000, 0x00000000fc2c0000, 0x0000000100000000)
