Java HotSpot(TM) 64-Bit Server VM (24.80-b11) for windows-amd64 JRE (1.7.0_80-b15), built on Apr 10 2015 11:26:34 by "java_re" with unknown MS VC++:1600
Memory: 4k page, physical 4118132k(952364k free), swap 8234404k(4519656k free)
CommandLine flags: -XX:InitialHeapSize=8388608 -XX:MaxHeapSize=8388608 -XX:+PrintClassHistogram -XX:+PrintGC -XX:+PrintGCDateStamps -XX:+PrintGCDetails -XX:+PrintGCTimeStamps -XX:+PrintTenuringDistribution -XX:+UseCompressedOops -XX:-UseLargePagesIndividualAllocation -XX:+UseSerialGC 
2017-07-06T17:12:28.473+0900: 0.177: [GC2017-07-06T17:12:28.473+0900: 0.177: [DefNew
Desired survivor size 131072 bytes, new threshold 1 (max 15)
- age   1:     262144 bytes,     262144 total
: 2175K->256K(2432K), 0.0038678 secs] 2175K->597K(7936K), 0.0041079 secs] [Times: user=0.00 sys=0.00, real=0.00 secs] 
2017-07-06T17:12:28.513+0900: 0.217: [GC2017-07-06T17:12:28.513+0900: 0.217: [DefNew
Desired survivor size 131072 bytes, new threshold 15 (max 15)
- age   1:      24408 bytes,      24408 total
: 2432K->23K(2432K), 0.0024445 secs] 2773K->621K(7936K), 0.0025160 secs] [Times: user=0.00 sys=0.00, real=0.00 secs] 
2017-07-06T17:12:28.552+0900: 0.257: [GC2017-07-06T17:12:28.552+0900: 0.257: [DefNew
Desired survivor size 131072 bytes, new threshold 15 (max 15)
- age   1:      25568 bytes,      25568 total
- age   2:       4120 bytes,      29688 total
: 2199K->28K(2432K), 0.0014686 secs] 2797K->626K(7936K), 0.0015315 secs] [Times: user=0.00 sys=0.00, real=0.00 secs] 
2017-07-06T17:12:28.583+0900: 0.288: [GC2017-07-06T17:12:28.584+0900: 0.288: [DefNew
Desired survivor size 131072 bytes, new threshold 15 (max 15)
- age   1:      25480 bytes,      25480 total
- age   2:       5096 bytes,      30576 total
- age   3:       3984 bytes,      34560 total
: 2189K->33K(2432K), 0.0003887 secs] 2787K->631K(7936K), 0.0004387 secs] [Times: user=0.00 sys=0.00, real=0.00 secs] 
2017-07-06T17:12:28.616+0900: 0.320: [GC2017-07-06T17:12:28.616+0900: 0.320: [DefNew
Desired survivor size 131072 bytes, new threshold 15 (max 15)
- age   1:      17928 bytes,      17928 total
- age   2:       4384 bytes,      22312 total
- age   3:       4960 bytes,      27272 total
- age   4:       3984 bytes,      31256 total
: 2208K->30K(2432K), 0.0004135 secs] 2805K->627K(7936K), 0.0004700 secs] [Times: user=0.00 sys=0.00, real=0.00 secs] 
2017-07-06T17:12:28.648+0900: 0.352: [GC2017-07-06T17:12:28.648+0900: 0.352: [DefNew
Desired survivor size 131072 bytes, new threshold 15 (max 15)
- age   1:      23736 bytes,      23736 total
- age   2:       6384 bytes,      30120 total
- age   3:       4248 bytes,      34368 total
- age   4:       4960 bytes,      39328 total
- age   5:       3984 bytes,      43312 total
: 2191K->42K(2432K), 0.0004101 secs] 2789K->639K(7936K), 0.0004606 secs] [Times: user=0.00 sys=0.00, real=0.00 secs] 
2017-07-06T17:12:28.677+0900: 0.381: [GC2017-07-06T17:12:28.677+0900: 0.381: [DefNew
Desired survivor size 131072 bytes, new threshold 15 (max 15)
- age   1:      19552 bytes,      19552 total
- age   2:       4120 bytes,      23672 total
- age   3:       4032 bytes,      27704 total
- age   4:       4248 bytes,      31952 total
- age   5:       4960 bytes,      36912 total
- age   6:       3984 bytes,      40896 total
: 2214K->39K(2432K), 0.0003985 secs] 2812K->637K(7936K), 0.0004452 secs] [Times: user=0.00 sys=0.00, real=0.00 secs] 
2017-07-06T17:12:28.707+0900: 0.411: [GC2017-07-06T17:12:28.707+0900: 0.411: [DefNew
Desired survivor size 131072 bytes, new threshold 15 (max 15)
- age   1:      23736 bytes,      23736 total
- age   2:       8008 bytes,      31744 total
- age   3:       3984 bytes,      35728 total
- age   4:       4032 bytes,      39760 total
- age   5:       4248 bytes,      44008 total
- age   6:       4960 bytes,      48968 total
- age   7:       3984 bytes,      52952 total
: 2202K->51K(2432K), 0.0004631 secs] 2800K->649K(7936K), 0.0005166 secs] [Times: user=0.00 sys=0.00, real=0.00 secs] 
2017-07-06T17:12:28.743+0900: 0.447: [GC2017-07-06T17:12:28.743+0900: 0.447: [DefNew
Desired survivor size 131072 bytes, new threshold 15 (max 15)
- age   1:      16408 bytes,      16408 total
- age   2:       4120 bytes,      20528 total
- age   3:       7872 bytes,      28400 total
- age   4:       3984 bytes,      32384 total
- age   5:       4032 bytes,      36416 total
- age   6:       4248 bytes,      40664 total
- age   7:       4960 bytes,      45624 total
- age   8:       3984 bytes,      49608 total
: 2227K->48K(2432K), 0.0006545 secs] 2825K->645K(7936K), 0.0007281 secs] [Times: user=0.00 sys=0.00, real=0.00 secs] 
2017-07-06T17:12:28.773+0900: 0.477: [GC2017-07-06T17:12:28.773+0900: 0.477: [DefNew
Desired survivor size 131072 bytes, new threshold 15 (max 15)
- age   1:      23736 bytes,      23736 total
- age   2:       4864 bytes,      28600 total
- age   3:       3984 bytes,      32584 total
- age   4:       7872 bytes,      40456 total
- age   5:       3984 bytes,      44440 total
- age   6:       4032 bytes,      48472 total
- age   7:       4248 bytes,      52720 total
- age   8:       4960 bytes,      57680 total
- age   9:       3984 bytes,      61664 total
: 2208K->60K(2432K), 0.0004567 secs] 2806K->657K(7936K), 0.0005085 secs] [Times: user=0.00 sys=0.00, real=0.00 secs] 
2017-07-06T17:12:28.802+0900: 0.506: [GC2017-07-06T17:12:28.802+0900: 0.506: [DefNew
Desired survivor size 131072 bytes, new threshold 15 (max 15)
- age   1:      20664 bytes,      20664 total
- age   2:       4120 bytes,      24784 total
- age   3:       4728 bytes,      29512 total
- age   4:       3984 bytes,      33496 total
- age   5:       4560 bytes,      38056 total
- age   6:       3984 bytes,      42040 total
- age   7:       4032 bytes,      46072 total
- age   8:       4248 bytes,      50320 total
- age   9:       4960 bytes,      55280 total
- age  10:       3984 bytes,      59264 total
: 2236K->57K(2432K), 0.0004392 secs] 2833K->655K(7936K), 0.0004858 secs] [Times: user=0.00 sys=0.00, real=0.00 secs] 
2017-07-06T17:12:28.832+0900: 0.536: [GC2017-07-06T17:12:28.832+0900: 0.536: [DefNew
Desired survivor size 131072 bytes, new threshold 15 (max 15)
- age   1:      23736 bytes,      23736 total
- age   2:       9120 bytes,      32856 total
- age   3:       3984 bytes,      36840 total
- age   4:       4728 bytes,      41568 total
- age   5:       3984 bytes,      45552 total
- age   6:       4560 bytes,      50112 total
- age   7:       3984 bytes,      54096 total
- age   8:       4032 bytes,      58128 total
- age   9:       4248 bytes,      62376 total
- age  10:       4960 bytes,      67336 total
- age  11:       3984 bytes,      71320 total
: 2219K->69K(2432K), 0.0004820 secs] 2816K->667K(7936K), 0.0005398 secs] [Times: user=0.00 sys=0.00, real=0.00 secs] 
2017-07-06T17:12:28.864+0900: 0.568: [GC2017-07-06T17:12:28.864+0900: 0.568: [DefNew
Desired survivor size 131072 bytes, new threshold 15 (max 15)
- age   1:      15712 bytes,      15712 total
- age   2:       4120 bytes,      19832 total
- age   3:       8984 bytes,      28816 total
- age   4:       3984 bytes,      32800 total
- age   5:       4728 bytes,      37528 total
- age   6:       3984 bytes,      41512 total
- age   7:       4560 bytes,      46072 total
- age   8:       3984 bytes,      50056 total
- age   9:       4032 bytes,      54088 total
- age  10:       4248 bytes,      58336 total
- age  11:       4960 bytes,      63296 total
- age  12:       3984 bytes,      67280 total
: 2245K->65K(2432K), 0.0004995 secs] 2843K->663K(7936K), 0.0005543 secs] [Times: user=0.00 sys=0.00, real=0.00 secs] 
2017-07-06T17:12:28.893+0900: 0.598: [GC2017-07-06T17:12:28.893+0900: 0.598: [DefNew
Desired survivor size 131072 bytes, new threshold 15 (max 15)
- age   1:      23736 bytes,      23736 total
- age   2:       4168 bytes,      27904 total
- age   3:       3984 bytes,      31888 total
- age   4:       8984 bytes,      40872 total
- age   5:       3984 bytes,      44856 total
- age   6:       4728 bytes,      49584 total
- age   7:       3984 bytes,      53568 total
- age   8:       4560 bytes,      58128 total
- age   9:       3984 bytes,      62112 total
- age  10:       4032 bytes,      66144 total
- age  11:       4248 bytes,      70392 total
- age  12:       4960 bytes,      75352 total
- age  13:       3984 bytes,      79336 total
: 2227K->77K(2432K), 0.0005286 secs] 2824K->674K(7936K), 0.0006335 secs] [Times: user=0.00 sys=0.00, real=0.00 secs] 
2017-07-06T17:12:28.922+0900: 0.626: [GC2017-07-06T17:12:28.922+0900: 0.626: [DefNew
Desired survivor size 131072 bytes, new threshold 15 (max 15)
- age   1:      15768 bytes,      15768 total
- age   2:       4120 bytes,      19888 total
- age   3:       4032 bytes,      23920 total
- age   4:       3984 bytes,      27904 total
- age   5:       8984 bytes,      36888 total
- age   6:       3984 bytes,      40872 total
- age   7:       4728 bytes,      45600 total
- age   8:       3984 bytes,      49584 total
- age   9:       4560 bytes,      54144 total
- age  10:       3984 bytes,      58128 total
- age  11:       4032 bytes,      62160 total
- age  12:       4248 bytes,      66408 total
- age  13:       4960 bytes,      71368 total
- age  14:       3984 bytes,      75352 total
: 2253K->73K(2432K), 0.0005115 secs] 2850K->670K(7936K), 0.0005693 secs] [Times: user=0.00 sys=0.00, real=0.00 secs] 
2017-07-06T17:12:28.953+0900: 0.657: [GC2017-07-06T17:12:28.953+0900: 0.657: [DefNew
Desired survivor size 131072 bytes, new threshold 15 (max 15)
- age   1:      31160 bytes,      31160 total
- age   2:       4224 bytes,      35384 total
- age   3:       3984 bytes,      39368 total
- age   4:       4032 bytes,      43400 total
- age   5:       3984 bytes,      47384 total
- age   6:       4032 bytes,      51416 total
- age   7:       3984 bytes,      55400 total
- age   8:       4728 bytes,      60128 total
- age   9:       3984 bytes,      64112 total
- age  10:       4560 bytes,      68672 total
- age  11:       3984 bytes,      72656 total
- age  12:       4032 bytes,      76688 total
- age  13:       4248 bytes,      80936 total
- age  14:       4960 bytes,      85896 total
- age  15:       3984 bytes,      89880 total
: 2241K->87K(2432K), 0.0005329 secs] 2839K->685K(7936K), 0.0005843 secs] [Times: user=0.00 sys=0.00, real=0.00 secs] 
2017-07-06T17:12:28.985+0900: 0.689: [GC2017-07-06T17:12:28.985+0900: 0.689: [DefNew
Desired survivor size 131072 bytes, new threshold 15 (max 15)
- age   1:      15968 bytes,      15968 total
- age   2:      11544 bytes,      27512 total
- age   3:       4088 bytes,      31600 total
- age   4:       3984 bytes,      35584 total
- age   5:       4032 bytes,      39616 total
- age   6:       3984 bytes,      43600 total
- age   7:       4032 bytes,      47632 total
- age   8:       3984 bytes,      51616 total
- age   9:       4728 bytes,      56344 total
- age  10:       3984 bytes,      60328 total
- age  11:       4560 bytes,      64888 total
- age  12:       3984 bytes,      68872 total
- age  13:       4032 bytes,      72904 total
- age  14:       4248 bytes,      77152 total
- age  15:       4960 bytes,      82112 total
: 2263K->80K(2432K), 0.0005513 secs] 2861K->681K(7936K), 0.0006018 secs] [Times: user=0.00 sys=0.00, real=0.00 secs] 
2017-07-06T17:12:29.013+0900: 0.717: [GC2017-07-06T17:12:29.013+0900: 0.717: [DefNew
Desired survivor size 131072 bytes, new threshold 15 (max 15)
- age   1:      23736 bytes,      23736 total
- age   2:       4424 bytes,      28160 total
- age   3:      11408 bytes,      39568 total
- age   4:       4088 bytes,      43656 total
- age   5:       3984 bytes,      47640 total
- age   6:       4032 bytes,      51672 total
- age   7:       3984 bytes,      55656 total
- age   8:       4032 bytes,      59688 total
- age   9:       3984 bytes,      63672 total
- age  10:       4728 bytes,      68400 total
- age  11:       3984 bytes,      72384 total
- age  12:       4560 bytes,      76944 total
- age  13:       3984 bytes,      80928 total
- age  14:       4032 bytes,      84960 total
- age  15:       4248 bytes,      89208 total
: 2240K->87K(2432K), 0.0005188 secs] 2841K->693K(7936K), 0.0005731 secs] [Times: user=0.00 sys=0.00, real=0.00 secs] 
2017-07-06T17:12:29.041+0900: 0.745: [GC2017-07-06T17:12:29.041+0900: 0.745: [DefNew
Desired survivor size 131072 bytes, new threshold 15 (max 15)
- age   1:      15712 bytes,      15712 total
- age   2:       4120 bytes,      19832 total
- age   3:       4288 bytes,      24120 total
- age   4:      11408 bytes,      35528 total
- age   5:       4088 bytes,      39616 total
- age   6:       3984 bytes,      43600 total
- age   7:       4032 bytes,      47632 total
- age   8:       3984 bytes,      51616 total
- age   9:       4032 bytes,      55648 total
- age  10:       3984 bytes,      59632 total
- age  11:       4728 bytes,      64360 total
- age  12:       3984 bytes,      68344 total
- age  13:       4560 bytes,      72904 total
- age  14:       3984 bytes,      76888 total
- age  15:       4032 bytes,      80920 total
: 2263K->79K(2432K), 0.0005672 secs] 2869K->689K(7936K), 0.0006258 secs] [Times: user=0.00 sys=0.00, real=0.00 secs] 
2017-07-06T17:12:29.071+0900: 0.776: [GC2017-07-06T17:12:29.071+0900: 0.776: [DefNew
Desired survivor size 131072 bytes, new threshold 15 (max 15)
- age   1:      23736 bytes,      23736 total
- age   2:       4168 bytes,      27904 total
- age   3:       3984 bytes,      31888 total
- age   4:       4288 bytes,      36176 total
- age   5:      11408 bytes,      47584 total
- age   6:       4088 bytes,      51672 total
- age   7:       3984 bytes,      55656 total
- age   8:       4032 bytes,      59688 total
- age   9:       3984 bytes,      63672 total
- age  10:       4032 bytes,      67704 total
- age  11:       3984 bytes,      71688 total
- age  12:       4728 bytes,      76416 total
- age  13:       3984 bytes,      80400 total
- age  14:       4560 bytes,      84960 total
- age  15:       3984 bytes,      88944 total
: 2239K->86K(2432K), 0.0005295 secs] 2849K->701K(7936K), 0.0005821 secs] [Times: user=0.00 sys=0.00, real=0.00 secs] 
2017-07-06T17:12:29.100+0900: 0.804: [GC2017-07-06T17:12:29.100+0900: 0.804: [DefNew
Desired survivor size 131072 bytes, new threshold 15 (max 15)
- age   1:      15856 bytes,      15856 total
- age   2:       4120 bytes,      19976 total
- age   3:       4032 bytes,      24008 total
- age   4:       3984 bytes,      27992 total
- age   5:       4288 bytes,      32280 total
- age   6:      11408 bytes,      43688 total
- age   7:       4088 bytes,      47776 total
- age   8:       3984 bytes,      51760 total
- age   9:       4032 bytes,      55792 total
- age  10:       3984 bytes,      59776 total
- age  11:       4032 bytes,      63808 total
- age  12:       3984 bytes,      67792 total
- age  13:       4728 bytes,      72520 total
- age  14:       3984 bytes,      76504 total
- age  15:       4560 bytes,      81064 total
: 2262K->79K(2432K), 0.0005273 secs] 2877K->697K(7936K), 0.0005779 secs] [Times: user=0.00 sys=0.00, real=0.00 secs] 
2017-07-06T17:12:29.127+0900: 0.832: [GC2017-07-06T17:12:29.127+0900: 0.832: [DefNew
Desired survivor size 131072 bytes, new threshold 15 (max 15)
- age   1:      23736 bytes,      23736 total
- age   2:       4312 bytes,      28048 total
- age   3:       3984 bytes,      32032 total
- age   4:       4032 bytes,      36064 total
- age   5:       3984 bytes,      40048 total
- age   6:       4288 bytes,      44336 total
- age   7:      11408 bytes,      55744 total
- age   8:       4088 bytes,      59832 total
- age   9:       3984 bytes,      63816 total
- age  10:       4032 bytes,      67848 total
- age  11:       3984 bytes,      71832 total
- age  12:       4032 bytes,      75864 total
- age  13:       3984 bytes,      79848 total
- age  14:       4728 bytes,      84576 total
- age  15:       3984 bytes,      88560 total
: 2242K->86K(2432K), 0.0005107 secs] 2860K->709K(7936K), 0.0005577 secs] [Times: user=0.00 sys=0.00, real=0.00 secs] 
2017-07-06T17:12:29.156+0900: 0.860: [GC2017-07-06T17:12:29.156+0900: 0.860: [DefNew
Desired survivor size 131072 bytes, new threshold 15 (max 15)
- age   1:      34856 bytes,      34856 total
- age   2:       4120 bytes,      38976 total
- age   3:       4176 bytes,      43152 total
- age   4:       3984 bytes,      47136 total
- age   5:       4032 bytes,      51168 total
- age   6:       3984 bytes,      55152 total
- age   7:       4288 bytes,      59440 total
- age   8:       3984 bytes,      63424 total
- age   9:       4088 bytes,      67512 total
- age  10:       3984 bytes,      71496 total
- age  11:       4032 bytes,      75528 total
- age  12:       3984 bytes,      79512 total
- age  13:       4032 bytes,      83544 total
- age  14:       3984 bytes,      87528 total
- age  15:       4728 bytes,      92256 total
: 2249K->90K(2432K), 0.0005950 secs] 2872K->716K(7936K), 0.0006575 secs] [Times: user=0.00 sys=0.00, real=0.00 secs] 
2017-07-06T17:12:29.188+0900: 0.893: [GC2017-07-06T17:12:29.188+0900: 0.893: [DefNew
Desired survivor size 131072 bytes, new threshold 15 (max 15)
- age   1:      15712 bytes,      15712 total
- age   2:      15240 bytes,      30952 total
- age   3:       3984 bytes,      34936 total
- age   4:       4176 bytes,      39112 total
- age   5:       3984 bytes,      43096 total
- age   6:       4032 bytes,      47128 total
- age   7:       3984 bytes,      51112 total
- age   8:       4288 bytes,      55400 total
- age   9:       3984 bytes,      59384 total
- age  10:       4088 bytes,      63472 total
- age  11:       3984 bytes,      67456 total
- age  12:       4032 bytes,      71488 total
- age  13:       3984 bytes,      75472 total
- age  14:       4032 bytes,      79504 total
- age  15:       3984 bytes,      83488 total
: 2266K->81K(2432K), 0.0005560 secs] 2892K->712K(7936K), 0.0006100 secs] [Times: user=0.00 sys=0.00, real=0.00 secs] 
2017-07-06T17:12:29.216+0900: 0.921: [GC2017-07-06T17:12:29.216+0900: 0.921: [DefNew
Desired survivor size 131072 bytes, new threshold 15 (max 15)
- age   1:      24216 bytes,      24216 total
- age   2:       4168 bytes,      28384 total
- age   3:      15104 bytes,      43488 total
- age   4:       3984 bytes,      47472 total
- age   5:       4176 bytes,      51648 total
- age   6:       3984 bytes,      55632 total
- age   7:       4032 bytes,      59664 total
- age   8:       3984 bytes,      63648 total
- age   9:       4288 bytes,      67936 total
- age  10:       3984 bytes,      71920 total
- age  11:       4088 bytes,      76008 total
- age  12:       3984 bytes,      79992 total
- age  13:       4032 bytes,      84024 total
- age  14:       3984 bytes,      88008 total
- age  15:       4032 bytes,      92040 total
: 2253K->89K(2432K), 0.0005470 secs] 2884K->724K(7936K), 0.0005984 secs] [Times: user=0.00 sys=0.00, real=0.00 secs] 
2017-07-06T17:12:29.244+0900: 0.949: [GC2017-07-06T17:12:29.244+0900: 0.949: [DefNew
Desired survivor size 131072 bytes, new threshold 15 (max 15)
- age   1:      15712 bytes,      15712 total
- age   2:       4600 bytes,      20312 total
- age   3:       4032 bytes,      24344 total
- age   4:      15104 bytes,      39448 total
- age   5:       3984 bytes,      43432 total
- age   6:       4176 bytes,      47608 total
- age   7:       3984 bytes,      51592 total
- age   8:       4032 bytes,      55624 total
- age   9:       3984 bytes,      59608 total
- age  10:       4288 bytes,      63896 total
- age  11:       3984 bytes,      67880 total
- age  12:       4088 bytes,      71968 total
- age  13:       3984 bytes,      75952 total
- age  14:       4032 bytes,      79984 total
- age  15:       3984 bytes,      83968 total
: 2258K->82K(2432K), 0.0005042 secs] 2893K->720K(7936K), 0.0005543 secs] [Times: user=0.00 sys=0.00, real=0.00 secs] 
2017-07-06T17:12:29.273+0900: 0.978: [GC2017-07-06T17:12:29.273+0900: 0.978: [DefNew
Desired survivor size 131072 bytes, new threshold 15 (max 15)
- age   1:      23736 bytes,      23736 total
- age   2:       4168 bytes,      27904 total
- age   3:       4464 bytes,      32368 total
- age   4:       4032 bytes,      36400 total
- age   5:      15104 bytes,      51504 total
- age   6:       3984 bytes,      55488 total
- age   7:       4176 bytes,      59664 total
- age   8:       3984 bytes,      63648 total
- age   9:       4032 bytes,      67680 total
- age  10:       3984 bytes,      71664 total
- age  11:       4288 bytes,      75952 total
- age  12:       3984 bytes,      79936 total
- age  13:       4088 bytes,      84024 total
- age  14:       3984 bytes,      88008 total
- age  15:       4032 bytes,      92040 total
: 2242K->89K(2432K), 0.0005436 secs] 2881K->732K(7936K), 0.0006070 secs] [Times: user=0.00 sys=0.00, real=0.00 secs] 
2017-07-06T17:12:29.304+0900: 1.008: [GC2017-07-06T17:12:29.304+0900: 1.008: [DefNew
Desired survivor size 131072 bytes, new threshold 15 (max 15)
- age   1:      15712 bytes,      15712 total
- age   2:       4120 bytes,      19832 total
- age   3:       4032 bytes,      23864 total
- age   4:       4464 bytes,      28328 total
- age   5:       4032 bytes,      32360 total
- age   6:      15104 bytes,      47464 total
- age   7:       3984 bytes,      51448 total
- age   8:       4176 bytes,      55624 total
- age   9:       3984 bytes,      59608 total
- age  10:       4032 bytes,      63640 total
- age  11:       3984 bytes,      67624 total
- age  12:       4288 bytes,      71912 total
- age  13:       3984 bytes,      75896 total
- age  14:       4088 bytes,      79984 total
- age  15:       3984 bytes,      83968 total
: 2265K->82K(2432K), 0.0005333 secs] 2908K->728K(7936K), 0.0005851 secs] [Times: user=0.00 sys=0.00, real=0.00 secs] 
2017-07-06T17:12:29.333+0900: 1.037: [GC2017-07-06T17:12:29.333+0900: 1.038: [DefNew
Desired survivor size 131072 bytes, new threshold 15 (max 15)
- age   1:      24016 bytes,      24016 total
- age   2:       4168 bytes,      28184 total
- age   3:       3984 bytes,      32168 total
- age   4:       4032 bytes,      36200 total
- age   5:       4464 bytes,      40664 total
- age   6:       4032 bytes,      44696 total
- age   7:      15104 bytes,      59800 total
- age   8:       3984 bytes,      63784 total
- age   9:       4176 bytes,      67960 total
- age  10:       3984 bytes,      71944 total
- age  11:       4032 bytes,      75976 total
- age  12:       3984 bytes,      79960 total
- age  13:       4288 bytes,      84248 total
- age  14:       3984 bytes,      88232 total
- age  15:       4088 bytes,      92320 total
: 2245K->90K(2432K), 0.0006198 secs] 2892K->740K(7936K), 0.0006849 secs] [Times: user=0.00 sys=0.00, real=0.00 secs] 
2017-07-06T17:12:29.384+0900: 1.089: [GC2017-07-06T17:12:29.384+0900: 1.089: [DefNew
Desired survivor size 131072 bytes, new threshold 15 (max 15)
- age   1:      15712 bytes,      15712 total
- age   2:       4400 bytes,      20112 total
- age   3:       4032 bytes,      24144 total
- age   4:       3984 bytes,      28128 total
- age   5:       4032 bytes,      32160 total
- age   6:       4464 bytes,      36624 total
- age   7:       4032 bytes,      40656 total
- age   8:      15104 bytes,      55760 total
- age   9:       3984 bytes,      59744 total
- age  10:       4176 bytes,      63920 total
- age  11:       3984 bytes,      67904 total
- age  12:       4032 bytes,      71936 total
- age  13:       3984 bytes,      75920 total
- age  14:       4288 bytes,      80208 total
- age  15:       3984 bytes,      84192 total
: 2258K->82K(2432K), 0.0006802 secs] 2909K->736K(7936K), 0.0007478 secs] [Times: user=0.00 sys=0.00, real=0.00 secs] 
2017-07-06T17:12:29.444+0900: 1.148: [GC2017-07-06T17:12:29.444+0900: 1.148: [DefNew
Desired survivor size 131072 bytes, new threshold 15 (max 15)
- age   1:      24048 bytes,      24048 total
- age   2:       4168 bytes,      28216 total
- age   3:       4264 bytes,      32480 total
- age   4:       4032 bytes,      36512 total
- age   5:       3984 bytes,      40496 total
- age   6:       4032 bytes,      44528 total
- age   7:       4464 bytes,      48992 total
- age   8:       4032 bytes,      53024 total
- age   9:      15104 bytes,      68128 total
- age  10:       3984 bytes,      72112 total
- age  11:       4176 bytes,      76288 total
- age  12:       3984 bytes,      80272 total
- age  13:       4032 bytes,      84304 total
- age  14:       3984 bytes,      88288 total
- age  15:       4288 bytes,      92576 total
: 2243K->90K(2432K), 0.0006408 secs] 2897K->748K(7936K), 0.0007264 secs] [Times: user=0.00 sys=0.00, real=0.00 secs] 
2017-07-06T17:12:29.475+0900: 1.179: [GC2017-07-06T17:12:29.475+0900: 1.179: [DefNew
Desired survivor size 131072 bytes, new threshold 15 (max 15)
- age   1:      15712 bytes,      15712 total
- age   2:       4432 bytes,      20144 total
- age   3:       4032 bytes,      24176 total
- age   4:       4264 bytes,      28440 total
- age   5:       4032 bytes,      32472 total
- age   6:       3984 bytes,      36456 total
- age   7:       4032 bytes,      40488 total
- age   8:       4464 bytes,      44952 total
- age   9:       4032 bytes,      48984 total
- age  10:      15104 bytes,      64088 total
- age  11:       3984 bytes,      68072 total
- age  12:       4176 bytes,      72248 total
- age  13:       3984 bytes,      76232 total
- age  14:       4032 bytes,      80264 total
- age  15:       3984 bytes,      84248 total
: 2266K->82K(2432K), 0.0005821 secs] 2924K->744K(7936K), 0.0006656 secs] [Times: user=0.00 sys=0.00, real=0.00 secs] 
2017-07-06T17:12:29.506+0900: 1.210: [GC2017-07-06T17:12:29.506+0900: 1.210: [DefNew
Desired survivor size 131072 bytes, new threshold 15 (max 15)
- age   1:      23736 bytes,      23736 total
- age   2:       4168 bytes,      27904 total
- age   3:       4296 bytes,      32200 total
- age   4:       4032 bytes,      36232 total
- age   5:       4264 bytes,      40496 total
- age   6:       4032 bytes,      44528 total
- age   7:       3984 bytes,      48512 total
- age   8:       4032 bytes,      52544 total
- age   9:       4464 bytes,      57008 total
- age  10:       4032 bytes,      61040 total
- age  11:      15104 bytes,      76144 total
- age  12:       3984 bytes,      80128 total
- age  13:       4176 bytes,      84304 total
- age  14:       3984 bytes,      88288 total
- age  15:       4032 bytes,      92320 total
: 2244K->90K(2432K), 0.0005586 secs] 2907K->756K(7936K), 0.0006318 secs] [Times: user=0.00 sys=0.00, real=0.00 secs] 
2017-07-06T17:12:29.539+0900: 1.244: [GC2017-07-06T17:12:29.539+0900: 1.244: [DefNew
Desired survivor size 131072 bytes, new threshold 15 (max 15)
- age   1:      40408 bytes,      40408 total
- age   2:       4120 bytes,      44528 total
- age   3:       4032 bytes,      48560 total
- age   4:       4296 bytes,      52856 total
- age   5:       4032 bytes,      56888 total
- age   6:       4264 bytes,      61152 total
- age   7:       4032 bytes,      65184 total
- age   8:       3984 bytes,      69168 total
- age   9:       4032 bytes,      73200 total
- age  10:       4464 bytes,      77664 total
- age  11:       4032 bytes,      81696 total
- age  12:       3984 bytes,      85680 total
- age  13:       3984 bytes,      89664 total
- age  14:       4176 bytes,      93840 total
- age  15:       3984 bytes,      97824 total
: 2261K->95K(2432K), 0.0006078 secs] 2928K->766K(7936K), 0.0006926 secs] [Times: user=0.00 sys=0.00, real=0.00 secs] 
2017-07-06T17:12:29.569+0900: 1.274: [GC2017-07-06T17:12:29.569+0900: 1.274: [DefNew
Desired survivor size 131072 bytes, new threshold 15 (max 15)
- age   1:      15712 bytes,      15712 total
- age   2:      20792 bytes,      36504 total
- age   3:       3984 bytes,      40488 total
- age   4:       4032 bytes,      44520 total
- age   5:       4296 bytes,      48816 total
- age   6:       4032 bytes,      52848 total
- age   7:       4264 bytes,      57112 total
- age   8:       4032 bytes,      61144 total
- age   9:       3984 bytes,      65128 total
- age  10:       4032 bytes,      69160 total
- age  11:       4464 bytes,      73624 total
- age  12:       4032 bytes,      77656 total
- age  13:       3984 bytes,      81640 total
- age  14:       3984 bytes,      85624 total
- age  15:       4176 bytes,      89800 total
: 2271K->87K(2432K), 0.0005702 secs] 2942K->762K(7936K), 0.0006528 secs] [Times: user=0.00 sys=0.00, real=0.00 secs] 
2017-07-06T17:12:29.597+0900: 1.302: [GC2017-07-06T17:12:29.597+0900: 1.302: [DefNew
Desired survivor size 131072 bytes, new threshold 15 (max 15)
- age   1:      23736 bytes,      23736 total
- age   2:       4168 bytes,      27904 total
- age   3:      20656 bytes,      48560 total
- age   4:       3984 bytes,      52544 total
- age   5:       4032 bytes,      56576 total
- age   6:       4296 bytes,      60872 total
- age   7:       4032 bytes,      64904 total
- age   8:       4264 bytes,      69168 total
- age   9:       4032 bytes,      73200 total
- age  10:       3984 bytes,      77184 total
- age  11:       4032 bytes,      81216 total
- age  12:       4464 bytes,      85680 total
- age  13:       4032 bytes,      89712 total
- age  14:       3984 bytes,      93696 total
- age  15:       3984 bytes,      97680 total
: 2248K->95K(2432K), 0.0005492 secs] 2922K->773K(7936K), 0.0006189 secs] [Times: user=0.00 sys=0.00, real=0.00 secs] 
2017-07-06T17:12:29.624+0900: 1.329: [GC2017-07-06T17:12:29.625+0900: 1.329: [DefNew
Desired survivor size 131072 bytes, new threshold 15 (max 15)
- age   1:      15712 bytes,      15712 total
- age   2:       4120 bytes,      19832 total
- age   3:       4032 bytes,      23864 total
- age   4:      20656 bytes,      44520 total
- age   5:       3984 bytes,      48504 total
- age   6:       4032 bytes,      52536 total
- age   7:       4296 bytes,      56832 total
- age   8:       4032 bytes,      60864 total
- age   9:       4264 bytes,      65128 total
- age  10:       4032 bytes,      69160 total
- age  11:       3984 bytes,      73144 total
- age  12:       4032 bytes,      77176 total
- age  13:       4464 bytes,      81640 total
- age  14:       4032 bytes,      85672 total
- age  15:       3984 bytes,      89656 total
: 2271K->87K(2432K), 0.0006386 secs] 2949K->769K(7936K), 0.0007217 secs] [Times: user=0.00 sys=0.00, real=0.00 secs] 
2017-07-06T17:12:29.658+0900: 1.362: [GC2017-07-06T17:12:29.658+0900: 1.362: [DefNew
Desired survivor size 131072 bytes, new threshold 15 (max 15)
- age   1:      23736 bytes,      23736 total
- age   2:       4168 bytes,      27904 total
- age   3:       3984 bytes,      31888 total
- age   4:       4032 bytes,      35920 total
- age   5:      20656 bytes,      56576 total
- age   6:       3984 bytes,      60560 total
- age   7:       4032 bytes,      64592 total
- age   8:       4296 bytes,      68888 total
- age   9:       4032 bytes,      72920 total
- age  10:       4264 bytes,      77184 total
- age  11:       4032 bytes,      81216 total
- age  12:       3984 bytes,      85200 total
- age  13:       4032 bytes,      89232 total
- age  14:       4464 bytes,      93696 total
- age  15:       4032 bytes,      97728 total
: 2247K->95K(2432K), 0.0005616 secs] 2930K->781K(7936K), 0.0006331 secs] [Times: user=0.00 sys=0.00, real=0.00 secs] 
2017-07-06T17:12:29.686+0900: 1.390: [GC2017-07-06T17:12:29.686+0900: 1.390: [DefNew
Desired survivor size 131072 bytes, new threshold 15 (max 15)
- age   1:      15712 bytes,      15712 total
- age   2:       4120 bytes,      19832 total
- age   3:       4032 bytes,      23864 total
- age   4:       3984 bytes,      27848 total
- age   5:       4032 bytes,      31880 total
- age   6:      20656 bytes,      52536 total
- age   7:       3984 bytes,      56520 total
- age   8:       4032 bytes,      60552 total
- age   9:       4296 bytes,      64848 total
- age  10:       4032 bytes,      68880 total
- age  11:       4264 bytes,      73144 total
- age  12:       4032 bytes,      77176 total
- age  13:       3984 bytes,      81160 total
- age  14:       4032 bytes,      85192 total
- age  15:       4464 bytes,      89656 total
: 2271K->87K(2432K), 0.0005376 secs] 2957K->777K(7936K), 0.0006502 secs] [Times: user=0.00 sys=0.00, real=0.00 secs] 
2017-07-06T17:12:29.713+0900: 1.417: [GC2017-07-06T17:12:29.713+0900: 1.417: [DefNew
Desired survivor size 131072 bytes, new threshold 15 (max 15)
- age   1:      23736 bytes,      23736 total
- age   2:       4168 bytes,      27904 total
- age   3:       3984 bytes,      31888 total
- age   4:       4032 bytes,      35920 total
- age   5:       3984 bytes,      39904 total
- age   6:       4032 bytes,      43936 total
- age   7:      20656 bytes,      64592 total
- age   8:       3984 bytes,      68576 total
- age   9:       4032 bytes,      72608 total
- age  10:       4296 bytes,      76904 total
- age  11:       4032 bytes,      80936 total
- age  12:       4264 bytes,      85200 total
- age  13:       4032 bytes,      89232 total
- age  14:       3984 bytes,      93216 total
- age  15:       4032 bytes,      97248 total
: 2249K->94K(2432K), 0.0005355 secs] 2939K->789K(7936K), 0.0006023 secs] [Times: user=0.00 sys=0.00, real=0.00 secs] 
2017-07-06T17:12:29.757+0900: 1.461: [GC2017-07-06T17:12:29.757+0900: 1.461: [DefNew
Desired survivor size 131072 bytes, new threshold 15 (max 15)
- age   1:      15712 bytes,      15712 total
- age   2:       4120 bytes,      19832 total
- age   3:       4032 bytes,      23864 total
- age   4:       3984 bytes,      27848 total
- age   5:       4032 bytes,      31880 total
- age   6:       3984 bytes,      35864 total
- age   7:       4032 bytes,      39896 total
- age   8:      20656 bytes,      60552 total
- age   9:       3984 bytes,      64536 total
- age  10:       4032 bytes,      68568 total
- age  11:       4296 bytes,      72864 total
- age  12:       4032 bytes,      76896 total
- age  13:       4264 bytes,      81160 total
- age  14:       4032 bytes,      85192 total
- age  15:       3984 bytes,      89176 total
: 2270K->87K(2432K), 0.0005933 secs] 2965K->785K(7936K), 0.0006707 secs] [Times: user=0.00 sys=0.00, real=0.00 secs] 
2017-07-06T17:12:29.784+0900: 1.489: [GC2017-07-06T17:12:29.784+0900: 1.489: [DefNew
Desired survivor size 131072 bytes, new threshold 15 (max 15)
- age   1:      23736 bytes,      23736 total
- age   2:       4168 bytes,      27904 total
- age   3:       3984 bytes,      31888 total
- age   4:       4032 bytes,      35920 total
- age   5:       3984 bytes,      39904 total
- age   6:       4032 bytes,      43936 total
- age   7:       3984 bytes,      47920 total
- age   8:       4032 bytes,      51952 total
- age   9:      20656 bytes,      72608 total
- age  10:       3984 bytes,      76592 total
- age  11:       4032 bytes,      80624 total
- age  12:       4296 bytes,      84920 total
- age  13:       4032 bytes,      88952 total
- age  14:       4264 bytes,      93216 total
- age  15:       4032 bytes,      97248 total
: 2249K->94K(2432K), 0.0005410 secs] 2947K->797K(7936K), 0.0006104 secs] [Times: user=0.00 sys=0.00, real=0.00 secs] 
2017-07-06T17:12:29.811+0900: 1.515: [GC2017-07-06T17:12:29.811+0900: 1.515: [DefNew
Desired survivor size 131072 bytes, new threshold 15 (max 15)
- age   1:      15712 bytes,      15712 total
- age   2:       4120 bytes,      19832 total
- age   3:       4032 bytes,      23864 total
- age   4:       3984 bytes,      27848 total
- age   5:       4032 bytes,      31880 total
- age   6:       3984 bytes,      35864 total
- age   7:       4032 bytes,      39896 total
- age   8:       3984 bytes,      43880 total
- age   9:       4032 bytes,      47912 total
- age  10:      20656 bytes,      68568 total
- age  11:       3984 bytes,      72552 total
- age  12:       4032 bytes,      76584 total
- age  13:       4296 bytes,      80880 total
- age  14:       4032 bytes,      84912 total
- age  15:       4264 bytes,      89176 total
: 2270K->87K(2432K), 0.0005286 secs] 2973K->793K(7936K), 0.0005946 secs] [Times: user=0.00 sys=0.00, real=0.00 secs] 
2017-07-06T17:12:29.837+0900: 1.541: [GC2017-07-06T17:12:29.837+0900: 1.541: [DefNew
Desired survivor size 131072 bytes, new threshold 15 (max 15)
- age   1:      23736 bytes,      23736 total
- age   2:       4168 bytes,      27904 total
- age   3:       3984 bytes,      31888 total
- age   4:       4032 bytes,      35920 total
- age   5:       3984 bytes,      39904 total
- age   6:       4032 bytes,      43936 total
- age   7:       3984 bytes,      47920 total
- age   8:       4032 bytes,      51952 total
- age   9:       3984 bytes,      55936 total
- age  10:       4032 bytes,      59968 total
- age  11:      20656 bytes,      80624 total
- age  12:       3984 bytes,      84608 total
- age  13:       4032 bytes,      88640 total
- age  14:       4296 bytes,      92936 total
- age  15:       4032 bytes,      96968 total
: 2247K->94K(2432K), 0.0005329 secs] 2953K->805K(7936K), 0.0006048 secs] [Times: user=0.00 sys=0.00, real=0.00 secs] 
2017-07-06T17:12:29.865+0900: 1.569: [GC2017-07-06T17:12:29.865+0900: 1.569: [DefNew
Desired survivor size 131072 bytes, new threshold 15 (max 15)
- age   1:      15712 bytes,      15712 total
- age   2:       4120 bytes,      19832 total
- age   3:       4032 bytes,      23864 total
- age   4:       3984 bytes,      27848 total
- age   5:       4032 bytes,      31880 total
- age   6:       3984 bytes,      35864 total
- age   7:       4032 bytes,      39896 total
- age   8:       3984 bytes,      43880 total
- age   9:       4032 bytes,      47912 total
- age  10:       3984 bytes,      51896 total
- age  11:       4032 bytes,      55928 total
- age  12:      20656 bytes,      76584 total
- age  13:       3984 bytes,      80568 total
- age  14:       4032 bytes,      84600 total
- age  15:       4296 bytes,      88896 total
: 2270K->86K(2432K), 0.0007178 secs] 2981K->801K(7936K), 0.0008039 secs] [Times: user=0.00 sys=0.00, real=0.00 secs] 
2017-07-06T17:12:29.895+0900: 1.600: [GC2017-07-06T17:12:29.895+0900: 1.600: [DefNew
Desired survivor size 131072 bytes, new threshold 15 (max 15)
- age   1:      23736 bytes,      23736 total
- age   2:       4168 bytes,      27904 total
- age   3:       3984 bytes,      31888 total
- age   4:       4032 bytes,      35920 total
- age   5:       3984 bytes,      39904 total
- age   6:       4032 bytes,      43936 total
- age   7:       3984 bytes,      47920 total
- age   8:       4032 bytes,      51952 total
- age   9:       3984 bytes,      55936 total
- age  10:       4032 bytes,      59968 total
- age  11:       3984 bytes,      63952 total
- age  12:       4032 bytes,      67984 total
- age  13:      20656 bytes,      88640 total
- age  14:       3984 bytes,      92624 total
- age  15:       4032 bytes,      96656 total
: 2248K->94K(2432K), 0.0005466 secs] 2962K->812K(7936K), 0.0006181 secs] [Times: user=0.00 sys=0.00, real=0.00 secs] 
2017-07-06T17:12:29.922+0900: 1.626: [GC2017-07-06T17:12:29.922+0900: 1.626: [DefNew
Desired survivor size 131072 bytes, new threshold 15 (max 15)
- age   1:      15712 bytes,      15712 total
- age   2:       4120 bytes,      19832 total
- age   3:       4032 bytes,      23864 total
- age   4:       3984 bytes,      27848 total
- age   5:       4032 bytes,      31880 total
- age   6:       3984 bytes,      35864 total
- age   7:       4032 bytes,      39896 total
- age   8:       3984 bytes,      43880 total
- age   9:       4032 bytes,      47912 total
- age  10:       3984 bytes,      51896 total
- age  11:       4032 bytes,      55928 total
- age  12:       3984 bytes,      59912 total
- age  13:       4032 bytes,      63944 total
- age  14:      20656 bytes,      84600 total
- age  15:       3984 bytes,      88584 total
: 2270K->86K(2432K), 0.0005303 secs] 2988K->809K(7936K), 0.0005975 secs] [Times: user=0.00 sys=0.00, real=0.00 secs] 
2017-07-06T17:12:29.948+0900: 1.652: [GC2017-07-06T17:12:29.948+0900: 1.653: [DefNew
Desired survivor size 131072 bytes, new threshold 15 (max 15)
- age   1:      23736 bytes,      23736 total
- age   2:       4168 bytes,      27904 total
- age   3:       3984 bytes,      31888 total
- age   4:       4032 bytes,      35920 total
- age   5:       3984 bytes,      39904 total
- age   6:       4032 bytes,      43936 total
- age   7:       3984 bytes,      47920 total
- age   8:       4032 bytes,      51952 total
- age   9:       3984 bytes,      55936 total
- age  10:       4032 bytes,      59968 total
- age  11:       3984 bytes,      63952 total
- age  12:       4032 bytes,      67984 total
- age  13:       3984 bytes,      71968 total
- age  14:       4032 bytes,      76000 total
- age  15:      20656 bytes,      96656 total
: 2248K->94K(2432K), 0.0005141 secs] 2970K->820K(7936K), 0.0005860 secs] [Times: user=0.00 sys=0.00, real=0.00 secs] 
2017-07-06T17:12:29.976+0900: 1.680: [GC2017-07-06T17:12:29.976+0900: 1.680: [DefNew
Desired survivor size 131072 bytes, new threshold 15 (max 15)
- age   1:      15712 bytes,      15712 total
- age   2:       4120 bytes,      19832 total
- age   3:       4032 bytes,      23864 total
- age   4:       3984 bytes,      27848 total
- age   5:       4032 bytes,      31880 total
- age   6:       3984 bytes,      35864 total
- age   7:       4032 bytes,      39896 total
- age   8:       3984 bytes,      43880 total
- age   9:       4032 bytes,      47912 total
- age  10:       3984 bytes,      51896 total
- age  11:       4032 bytes,      55928 total
- age  12:       3984 bytes,      59912 total
- age  13:       4032 bytes,      63944 total
- age  14:       3984 bytes,      67928 total
- age  15:       4032 bytes,      71960 total
: 2270K->70K(2432K), 0.0005552 secs] 2996K->816K(7936K), 0.0006318 secs] [Times: user=0.00 sys=0.00, real=0.00 secs] 
2017-07-06T17:12:30.005+0900: 1.709: [GC2017-07-06T17:12:30.005+0900: 1.709: [DefNew
Desired survivor size 131072 bytes, new threshold 15 (max 15)
- age   1:      23736 bytes,      23736 total
- age   2:       4168 bytes,      27904 total
- age   3:       3984 bytes,      31888 total
- age   4:       4032 bytes,      35920 total
- age   5:       3984 bytes,      39904 total
- age   6:       4032 bytes,      43936 total
- age   7:       3984 bytes,      47920 total
- age   8:       4032 bytes,      51952 total
- age   9:       3984 bytes,      55936 total
- age  10:       4032 bytes,      59968 total
- age  11:       3984 bytes,      63952 total
- age  12:       4032 bytes,      67984 total
- age  13:       3984 bytes,      71968 total
- age  14:       4032 bytes,      76000 total
- age  15:       3984 bytes,      79984 total
: 2230K->78K(2432K), 0.0005201 secs] 2976K->828K(7936K), 0.0005920 secs] [Times: user=0.00 sys=0.00, real=0.00 secs] 
2017-07-06T17:12:30.031+0900: 1.735: [GC2017-07-06T17:12:30.031+0900: 1.735: [DefNew
Desired survivor size 131072 bytes, new threshold 15 (max 15)
- age   1:      40528 bytes,      40528 total
- age   2:       4120 bytes,      44648 total
- age   3:       4032 bytes,      48680 total
- age   4:       3984 bytes,      52664 total
- age   5:       4032 bytes,      56696 total
- age   6:       3984 bytes,      60680 total
- age   7:       4032 bytes,      64712 total
- age   8:       3984 bytes,      68696 total
- age   9:       4032 bytes,      72728 total
- age  10:       3984 bytes,      76712 total
- age  11:       4032 bytes,      80744 total
- age  12:       3984 bytes,      84728 total
- age  13:       4032 bytes,      88760 total
- age  14:       3984 bytes,      92744 total
- age  15:       4032 bytes,      96776 total
: 2246K->94K(2432K), 0.0005419 secs] 2996K->848K(7936K), 0.0006074 secs] [Times: user=0.00 sys=0.00, real=0.00 secs] 
2017-07-06T17:12:30.057+0900: 1.762: [GC2017-07-06T17:12:30.057+0900: 1.762: [DefNew
Desired survivor size 131072 bytes, new threshold 15 (max 15)
- age   1:      40568 bytes,      40568 total
- age   2:      29120 bytes,      69688 total
- age   3:       3984 bytes,      73672 total
- age   4:       4032 bytes,      77704 total
- age   5:       3984 bytes,      81688 total
- age   6:       4032 bytes,      85720 total
- age   7:       3984 bytes,      89704 total
- age   8:       4032 bytes,      93736 total
- age   9:       3984 bytes,      97720 total
- age  10:       4032 bytes,     101752 total
- age  11:       3984 bytes,     105736 total
- age  12:       4032 bytes,     109768 total
- age  13:       3984 bytes,     113752 total
- age  14:       4032 bytes,     117784 total
- age  15:       3984 bytes,     121768 total
: 2270K->118K(2432K), 0.0007298 secs] 3024K->877K(7936K), 0.0008047 secs] [Times: user=0.00 sys=0.00, real=0.00 secs] 
2017-07-06T17:12:30.085+0900: 1.789: [GC2017-07-06T17:12:30.085+0900: 1.789: [DefNew
Desired survivor size 131072 bytes, new threshold 15 (max 15)
- age   1:      23920 bytes,      23920 total
- age   2:       4288 bytes,      28208 total
- age   3:      28984 bytes,      57192 total
- age   4:       3984 bytes,      61176 total
- age   5:       4032 bytes,      65208 total
- age   6:       3984 bytes,      69192 total
- age   7:       4032 bytes,      73224 total
- age   8:       3984 bytes,      77208 total
- age   9:       4032 bytes,      81240 total
- age  10:       3984 bytes,      85224 total
- age  11:       4032 bytes,      89256 total
- age  12:       3984 bytes,      93240 total
- age  13:       4032 bytes,      97272 total
- age  14:       3984 bytes,     101256 total
- age  15:       4032 bytes,     105288 total
: 2292K->102K(2432K), 0.0005898 secs] 3050K->865K(7936K), 0.0006677 secs] [Times: user=0.00 sys=0.00, real=0.00 secs] 
2017-07-06T17:12:30.113+0900: 1.817: [GC2017-07-06T17:12:30.113+0900: 1.817: [DefNew
Desired survivor size 131072 bytes, new threshold 15 (max 15)
- age   1:      15712 bytes,      15712 total
- age   2:       4168 bytes,      19880 total
- age   3:       4152 bytes,      24032 total
- age   4:      28984 bytes,      53016 total
- age   5:       3984 bytes,      57000 total
- age   6:       4032 bytes,      61032 total
- age   7:       3984 bytes,      65016 total
- age   8:       4032 bytes,      69048 total
- age   9:       3984 bytes,      73032 total
- age  10:       4032 bytes,      77064 total
- age  11:       3984 bytes,      81048 total
- age  12:       4032 bytes,      85080 total
- age  13:       3984 bytes,      89064 total
- age  14:       4032 bytes,      93096 total
- age  15:       3984 bytes,      97080 total
: 2271K->94K(2432K), 0.0005616 secs] 3034K->861K(7936K), 0.0006305 secs] [Times: user=0.00 sys=0.00, real=0.00 secs] 
2017-07-06T17:12:30.139+0900: 1.844: [GC2017-07-06T17:12:30.139+0900: 1.844: [DefNew
Desired survivor size 131072 bytes, new threshold 15 (max 15)
- age   1:      40432 bytes,      40432 total
- age   2:       4168 bytes,      44600 total
- age   3:       4032 bytes,      48632 total
- age   4:       4152 bytes,      52784 total
- age   5:      28984 bytes,      81768 total
- age   6:       3984 bytes,      85752 total
- age   7:       4032 bytes,      89784 total
- age   8:       3984 bytes,      93768 total
- age   9:       4032 bytes,      97800 total
- age  10:       3984 bytes,     101784 total
- age  11:       4032 bytes,     105816 total
- age  12:       3984 bytes,     109800 total
- age  13:       4032 bytes,     113832 total
- age  14:       3984 bytes,     117816 total
- age  15:       4032 bytes,     121848 total
: 2270K->118K(2432K), 0.0006305 secs] 3037K->889K(7936K), 0.0006990 secs] [Times: user=0.00 sys=0.00, real=0.00 secs] 
2017-07-06T17:12:30.166+0900: 1.870: [GC2017-07-06T17:12:30.166+0900: 1.870: [DefNew
Desired survivor size 131072 bytes, new threshold 15 (max 15)
- age   1:      23920 bytes,      23920 total
- age   2:       4120 bytes,      28040 total
- age   3:       4032 bytes,      32072 total
- age   4:       4032 bytes,      36104 total
- age   5:       4152 bytes,      40256 total
- age   6:      28984 bytes,      69240 total
- age   7:       3984 bytes,      73224 total
- age   8:       4032 bytes,      77256 total
- age   9:       3984 bytes,      81240 total
- age  10:       4032 bytes,      85272 total
- age  11:       3984 bytes,      89256 total
- age  12:       4032 bytes,      93288 total
- age  13:       3984 bytes,      97272 total
- age  14:       4032 bytes,     101304 total
- age  15:       3984 bytes,     105288 total
: 2292K->102K(2432K), 0.0005248 secs] 3062K->876K(7936K), 0.0005937 secs] [Times: user=0.00 sys=0.00, real=0.00 secs] 
2017-07-06T17:12:30.192+0900: 1.896: [GC2017-07-06T17:12:30.192+0900: 1.896: [DefNew
Desired survivor size 131072 bytes, new threshold 15 (max 15)
- age   1:      15712 bytes,      15712 total
- age   2:       4168 bytes,      19880 total
- age   3:       3984 bytes,      23864 total
- age   4:       4032 bytes,      27896 total
- age   5:       4032 bytes,      31928 total
- age   6:       4152 bytes,      36080 total
- age   7:      28984 bytes,      65064 total
- age   8:       3984 bytes,      69048 total
- age   9:       4032 bytes,      73080 total
- age  10:       3984 bytes,      77064 total
- age  11:       4032 bytes,      81096 total
- age  12:       3984 bytes,      85080 total
- age  13:       4032 bytes,      89112 total
- age  14:       3984 bytes,      93096 total
- age  15:       4032 bytes,      97128 total
: 2272K->94K(2432K), 0.0005547 secs] 3046K->872K(7936K), 0.0006185 secs] [Times: user=0.00 sys=0.00, real=0.00 secs] 
2017-07-06T17:12:30.223+0900: 1.928: [GC2017-07-06T17:12:30.223+0900: 1.928: [DefNew
Desired survivor size 131072 bytes, new threshold 15 (max 15)
- age   1:      40280 bytes,      40280 total
- age   2:       4168 bytes,      44448 total
- age   3:       4032 bytes,      48480 total
- age   4:       3984 bytes,      52464 total
- age   5:       4032 bytes,      56496 total
- age   6:       4032 bytes,      60528 total
- age   7:       4152 bytes,      64680 total
- age   8:      28984 bytes,      93664 total
- age   9:       3984 bytes,      97648 total
- age  10:       4032 bytes,     101680 total
- age  11:       3984 bytes,     105664 total
- age  12:       4032 bytes,     109696 total
- age  13:       3984 bytes,     113680 total
- age  14:       4032 bytes,     117712 total
- age  15:       3984 bytes,     121696 total
: 2270K->118K(2432K), 0.0006656 secs] 3048K->900K(7936K), 0.0007499 secs] [Times: user=0.00 sys=0.00, real=0.00 secs] 
2017-07-06T17:12:30.255+0900: 1.959: [GC2017-07-06T17:12:30.255+0900: 1.959: [DefNew
Desired survivor size 131072 bytes, new threshold 15 (max 15)
- age   1:      24032 bytes,      24032 total
- age   2:       4120 bytes,      28152 total
- age   3:       4032 bytes,      32184 total
- age   4:       4032 bytes,      36216 total
- age   5:       3984 bytes,      40200 total
- age   6:       4032 bytes,      44232 total
- age   7:       4032 bytes,      48264 total
- age   8:       4152 bytes,      52416 total
- age   9:      28984 bytes,      81400 total
- age  10:       3984 bytes,      85384 total
- age  11:       4032 bytes,      89416 total
- age  12:       3984 bytes,      93400 total
- age  13:       4032 bytes,      97432 total
- age  14:       3984 bytes,     101416 total
- age  15:       4032 bytes,     105448 total
: 2293K->102K(2432K), 0.0005723 secs] 3075K->888K(7936K), 0.0006429 secs] [Times: user=0.00 sys=0.00, real=0.00 secs] 
2017-07-06T17:12:30.283+0900: 1.987: [GC2017-07-06T17:12:30.283+0900: 1.987: [DefNew
Desired survivor size 131072 bytes, new threshold 15 (max 15)
- age   1:      15712 bytes,      15712 total
- age   2:       4280 bytes,      19992 total
- age   3:       3984 bytes,      23976 total
- age   4:       4032 bytes,      28008 total
- age   5:       4032 bytes,      32040 total
- age   6:       3984 bytes,      36024 total
- age   7:       4032 bytes,      40056 total
- age   8:       4032 bytes,      44088 total
- age   9:       4152 bytes,      48240 total
- age  10:      28984 bytes,      77224 total
- age  11:       3984 bytes,      81208 total
- age  12:       4032 bytes,      85240 total
- age  13:       3984 bytes,      89224 total
- age  14:       4032 bytes,      93256 total
- age  15:       3984 bytes,      97240 total
: 2272K->94K(2432K), 0.0005663 secs] 3058K->884K(7936K), 0.0006451 secs] [Times: user=0.00 sys=0.00, real=0.00 secs] 
2017-07-06T17:12:30.403+0900: 2.107: [GC2017-07-06T17:12:30.403+0900: 2.107: [DefNew
Desired survivor size 131072 bytes, new threshold 15 (max 15)
- age   1:      31424 bytes,      31424 total
- age   2:       4168 bytes,      35592 total
- age   3:       4144 bytes,      39736 total
- age   4:       3984 bytes,      43720 total
- age   5:       4032 bytes,      47752 total
- age   6:       4032 bytes,      51784 total
- age   7:       3984 bytes,      55768 total
- age   8:       4032 bytes,      59800 total
- age   9:       4032 bytes,      63832 total
- age  10:       4152 bytes,      67984 total
- age  11:      28984 bytes,      96968 total
- age  12:       3984 bytes,     100952 total
- age  13:       4032 bytes,     104984 total
- age  14:       3984 bytes,     108968 total
- age  15:       4032 bytes,     113000 total
: 2258K->110K(2432K), 0.0006716 secs] 3048K->903K(7936K), 0.0007722 secs] [Times: user=0.02 sys=0.00, real=0.00 secs] 
2017-07-06T17:12:30.434+0900: 2.138: [GC2017-07-06T17:12:30.434+0900: 2.138: [DefNew
Desired survivor size 131072 bytes, new threshold 15 (max 15)
- age   1:      24064 bytes,      24064 total
- age   2:      11944 bytes,      36008 total
- age   3:       4032 bytes,      40040 total
- age   4:       4144 bytes,      44184 total
- age   5:       3984 bytes,      48168 total
- age   6:       4032 bytes,      52200 total
- age   7:       4032 bytes,      56232 total
- age   8:       3984 bytes,      60216 total
- age   9:       4032 bytes,      64248 total
- age  10:       4032 bytes,      68280 total
- age  11:       4152 bytes,      72432 total
- age  12:      28984 bytes,     101416 total
- age  13:       3984 bytes,     105400 total
- age  14:       4032 bytes,     109432 total
- age  15:       3984 bytes,     113416 total
: 2277K->110K(2432K), 0.0006185 secs] 3070K->908K(7936K), 0.0006913 secs] [Times: user=0.00 sys=0.00, real=0.00 secs] 
2017-07-06T17:12:30.459+0900: 2.163: [GC2017-07-06T17:12:30.459+0900: 2.163: [DefNew
Desired survivor size 131072 bytes, new threshold 15 (max 15)
- age   1:      15712 bytes,      15712 total
- age   2:       4448 bytes,      20160 total
- age   3:      11808 bytes,      31968 total
- age   4:       4032 bytes,      36000 total
- age   5:       4144 bytes,      40144 total
- age   6:       3984 bytes,      44128 total
- age   7:       4032 bytes,      48160 total
- age   8:       4032 bytes,      52192 total
- age   9:       3984 bytes,      56176 total
- age  10:       4032 bytes,      60208 total
- age  11:       4032 bytes,      64240 total
- age  12:       4152 bytes,      68392 total
- age  13:      28984 bytes,      97376 total
- age  14:       3984 bytes,     101360 total
- age  15:       4032 bytes,     105392 total
: 2286K->102K(2432K), 0.0006545 secs] 3084K->904K(7936K), 0.0007388 secs] [Times: user=0.00 sys=0.00, real=0.00 secs] 
2017-07-06T17:12:30.483+0900: 2.187: [GC2017-07-06T17:12:30.483+0900: 2.187: [DefNew
Desired survivor size 131072 bytes, new threshold 15 (max 15)
- age   1:      23736 bytes,      23736 total
- age   2:       4168 bytes,      27904 total
- age   3:       4312 bytes,      32216 total
- age   4:      11808 bytes,      44024 total
- age   5:       4032 bytes,      48056 total
- age   6:       4144 bytes,      52200 total
- age   7:       3984 bytes,      56184 total
- age   8:       4032 bytes,      60216 total
- age   9:       4032 bytes,      64248 total
- age  10:       3984 bytes,      68232 total
- age  11:       4032 bytes,      72264 total
- age  12:       4032 bytes,      76296 total
- age  13:       4152 bytes,      80448 total
- age  14:      28984 bytes,     109432 total
- age  15:       3984 bytes,     113416 total
: 2264K->110K(2432K), 0.0005629 secs] 3065K->916K(7936K), 0.0006271 secs] [Times: user=0.00 sys=0.00, real=0.00 secs] 
2017-07-06T17:12:30.509+0900: 2.213: [GC2017-07-06T17:12:30.509+0900: 2.213: [DefNew
Desired survivor size 131072 bytes, new threshold 15 (max 15)
- age   1:      15712 bytes,      15712 total
- age   2:       4120 bytes,      19832 total
- age   3:       4032 bytes,      23864 total
- age   4:       4312 bytes,      28176 total
- age   5:      11808 bytes,      39984 total
- age   6:       4032 bytes,      44016 total
- age   7:       4144 bytes,      48160 total
- age   8:       3984 bytes,      52144 total
- age   9:       4032 bytes,      56176 total
- age  10:       4032 bytes,      60208 total
- age  11:       3984 bytes,      64192 total
- age  12:       4032 bytes,      68224 total
- age  13:       4032 bytes,      72256 total
- age  14:       4152 bytes,      76408 total
- age  15:      28984 bytes,     105392 total
: 2286K->102K(2432K), 0.0007397 secs] 3092K->912K(7936K), 0.0008300 secs] [Times: user=0.00 sys=0.00, real=0.00 secs] 
2017-07-06T17:12:30.537+0900: 2.241: [GC2017-07-06T17:12:30.537+0900: 2.241: [DefNew
Desired survivor size 131072 bytes, new threshold 15 (max 15)
- age   1:      23736 bytes,      23736 total
- age   2:       4168 bytes,      27904 total
- age   3:       3984 bytes,      31888 total
- age   4:       4032 bytes,      35920 total
- age   5:       4312 bytes,      40232 total
- age   6:      11808 bytes,      52040 total
- age   7:       4032 bytes,      56072 total
- age   8:       4144 bytes,      60216 total
- age   9:       3984 bytes,      64200 total
- age  10:       4032 bytes,      68232 total
- age  11:       4032 bytes,      72264 total
- age  12:       3984 bytes,      76248 total
- age  13:       4032 bytes,      80280 total
- age  14:       4032 bytes,      84312 total
- age  15:       4152 bytes,      88464 total
: 2263K->86K(2432K), 0.0006147 secs] 3073K->923K(7936K), 0.0006870 secs] [Times: user=0.00 sys=0.00, real=0.00 secs] 
2017-07-06T17:12:30.562+0900: 2.266: [GC2017-07-06T17:12:30.562+0900: 2.266: [DefNew
Desired survivor size 131072 bytes, new threshold 15 (max 15)
- age   1:      15712 bytes,      15712 total
- age   2:       4120 bytes,      19832 total
- age   3:       4032 bytes,      23864 total
- age   4:       3984 bytes,      27848 total
- age   5:       4032 bytes,      31880 total
- age   6:       4312 bytes,      36192 total
- age   7:      11808 bytes,      48000 total
- age   8:       4032 bytes,      52032 total
- age   9:       4144 bytes,      56176 total
- age  10:       3984 bytes,      60160 total
- age  11:       4032 bytes,      64192 total
- age  12:       4032 bytes,      68224 total
- age  13:       3984 bytes,      72208 total
- age  14:       4032 bytes,      76240 total
- age  15:       4032 bytes,      80272 total
: 2262K->78K(2432K), 0.0005410 secs] 3099K->919K(7936K), 0.0006078 secs] [Times: user=0.00 sys=0.00, real=0.00 secs] 
2017-07-06T17:12:30.586+0900: 2.291: [GC2017-07-06T17:12:30.586+0900: 2.291: [DefNew
Desired survivor size 131072 bytes, new threshold 15 (max 15)
- age   1:      24000 bytes,      24000 total
- age   2:       4168 bytes,      28168 total
- age   3:       3984 bytes,      32152 total
- age   4:       4032 bytes,      36184 total
- age   5:       3984 bytes,      40168 total
- age   6:       4032 bytes,      44200 total
- age   7:       4312 bytes,      48512 total
- age   8:      11808 bytes,      60320 total
- age   9:       4032 bytes,      64352 total
- age  10:       4144 bytes,      68496 total
- age  11:       3984 bytes,      72480 total
- age  12:       4032 bytes,      76512 total
- age  13:       4032 bytes,      80544 total
- age  14:       3984 bytes,      84528 total
- age  15:       4032 bytes,      88560 total
: 2242K->86K(2432K), 0.0005800 secs] 3083K->932K(7936K), 0.0006519 secs] [Times: user=0.00 sys=0.00, real=0.00 secs] 
2017-07-06T17:12:30.611+0900: 2.315: [GC2017-07-06T17:12:30.611+0900: 2.315: [DefNew
Desired survivor size 131072 bytes, new threshold 15 (max 15)
- age   1:      15712 bytes,      15712 total
- age   2:       4384 bytes,      20096 total
- age   3:       4032 bytes,      24128 total
- age   4:       3984 bytes,      28112 total
- age   5:       4032 bytes,      32144 total
- age   6:       3984 bytes,      36128 total
- age   7:       4032 bytes,      40160 total
- age   8:       4312 bytes,      44472 total
- age   9:      11808 bytes,      56280 total
- age  10:       4032 bytes,      60312 total
- age  11:       4144 bytes,      64456 total
- age  12:       3984 bytes,      68440 total
- age  13:       4032 bytes,      72472 total
- age  14:       4032 bytes,      76504 total
- age  15:       3984 bytes,      80488 total
: 2255K->78K(2432K), 0.0005380 secs] 3100K->928K(7936K), 0.0006100 secs] [Times: user=0.00 sys=0.00, real=0.00 secs] 
2017-07-06T17:12:30.642+0900: 2.346: [GC2017-07-06T17:12:30.642+0900: 2.346: [DefNew
Desired survivor size 131072 bytes, new threshold 15 (max 15)
- age   1:      40432 bytes,      40432 total
- age   2:       4168 bytes,      44600 total
- age   3:       4248 bytes,      48848 total
- age   4:       4032 bytes,      52880 total
- age   5:       3984 bytes,      56864 total
- age   6:       4032 bytes,      60896 total
- age   7:       3984 bytes,      64880 total
- age   8:       4032 bytes,      68912 total
- age   9:       4312 bytes,      73224 total
- age  10:      11808 bytes,      85032 total
- age  11:       4032 bytes,      89064 total
- age  12:       4144 bytes,      93208 total
- age  13:       3984 bytes,      97192 total
- age  14:       4032 bytes,     101224 total
- age  15:       4032 bytes,     105256 total
: 2254K->102K(2432K), 0.0007311 secs] 3104K->956K(7936K), 0.0008167 secs] [Times: user=0.00 sys=0.00, real=0.00 secs] 
2017-07-06T17:12:30.666+0900: 2.370: [GC2017-07-06T17:12:30.666+0900: 2.370: [DefNew
Desired survivor size 131072 bytes, new threshold 15 (max 15)
- age   1:      23920 bytes,      23920 total
- age   2:       4120 bytes,      28040 total
- age   3:       4032 bytes,      32072 total
- age   4:       4248 bytes,      36320 total
- age   5:       4032 bytes,      40352 total
- age   6:       3984 bytes,      44336 total
- age   7:       4032 bytes,      48368 total
- age   8:       3984 bytes,      52352 total
- age   9:       4032 bytes,      56384 total
- age  10:       4312 bytes,      60696 total
- age  11:      11808 bytes,      72504 total
- age  12:       4032 bytes,      76536 total
- age  13:       4144 bytes,      80680 total
- age  14:       3984 bytes,      84664 total
- age  15:       4032 bytes,      88696 total
: 2267K->86K(2432K), 0.0005483 secs] 3120K->943K(7936K), 0.0006138 secs] [Times: user=0.00 sys=0.00, real=0.00 secs] 
2017-07-06T17:12:30.690+0900: 2.395: [GC2017-07-06T17:12:30.690+0900: 2.395: [DefNew
Desired survivor size 131072 bytes, new threshold 15 (max 15)
- age   1:      15712 bytes,      15712 total
- age   2:       4168 bytes,      19880 total
- age   3:       3984 bytes,      23864 total
- age   4:       4032 bytes,      27896 total
- age   5:       4248 bytes,      32144 total
- age   6:       4032 bytes,      36176 total
- age   7:       3984 bytes,      40160 total
- age   8:       4032 bytes,      44192 total
- age   9:       3984 bytes,      48176 total
- age  10:       4032 bytes,      52208 total
- age  11:       4312 bytes,      56520 total
- age  12:      11808 bytes,      68328 total
- age  13:       4032 bytes,      72360 total
- age  14:       4144 bytes,      76504 total
- age  15:       3984 bytes,      80488 total
: 2255K->78K(2432K), 0.0005308 secs] 3113K->939K(7936K), 0.0005937 secs] [Times: user=0.00 sys=0.00, real=0.00 secs] 
2017-07-06T17:12:30.714+0900: 2.419: [GC2017-07-06T17:12:30.714+0900: 2.419: [DefNew
Desired survivor size 131072 bytes, new threshold 15 (max 15)
- age   1:      40432 bytes,      40432 total
- age   2:       4168 bytes,      44600 total
- age   3:       4032 bytes,      48632 total
- age   4:       3984 bytes,      52616 total
- age   5:       4032 bytes,      56648 total
- age   6:       4248 bytes,      60896 total
- age   7:       4032 bytes,      64928 total
- age   8:       3984 bytes,      68912 total
- age   9:       4032 bytes,      72944 total
- age  10:       3984 bytes,      76928 total
- age  11:       4032 bytes,      80960 total
- age  12:       4312 bytes,      85272 total
- age  13:      11808 bytes,      97080 total
- age  14:       4032 bytes,     101112 total
- age  15:       4144 bytes,     105256 total
: 2254K->102K(2432K), 0.0005402 secs] 3115K->967K(7936K), 0.0006733 secs] [Times: user=0.00 sys=0.02, real=0.00 secs] 
2017-07-06T17:12:30.745+0900: 2.449: [GC2017-07-06T17:12:30.745+0900: 2.449: [DefNew
Desired survivor size 131072 bytes, new threshold 15 (max 15)
- age   1:      23920 bytes,      23920 total
- age   2:       4120 bytes,      28040 total
- age   3:       4032 bytes,      32072 total
- age   4:       4032 bytes,      36104 total
- age   5:       3984 bytes,      40088 total
- age   6:       4032 bytes,      44120 total
- age   7:       4248 bytes,      48368 total
- age   8:       4032 bytes,      52400 total
- age   9:       3984 bytes,      56384 total
- age  10:       4032 bytes,      60416 total
- age  11:       3984 bytes,      64400 total
- age  12:       4032 bytes,      68432 total
- age  13:       4312 bytes,      72744 total
- age  14:      11808 bytes,      84552 total
- age  15:       4032 bytes,      88584 total
: 2276K->86K(2432K), 0.0005633 secs] 3141K->955K(7936K), 0.0006348 secs] [Times: user=0.00 sys=0.00, real=0.00 secs] 
2017-07-06T17:12:30.769+0900: 2.473: [GC2017-07-06T17:12:30.769+0900: 2.474: [DefNew
Desired survivor size 131072 bytes, new threshold 15 (max 15)
- age   1:      15712 bytes,      15712 total
- age   2:       4168 bytes,      19880 total
- age   3:       3984 bytes,      23864 total
- age   4:       4032 bytes,      27896 total
- age   5:       4032 bytes,      31928 total
- age   6:       3984 bytes,      35912 total
- age   7:       4032 bytes,      39944 total
- age   8:       4248 bytes,      44192 total
- age   9:       4032 bytes,      48224 total
- age  10:       3984 bytes,      52208 total
- age  11:       4032 bytes,      56240 total
- age  12:       3984 bytes,      60224 total
- age  13:       4032 bytes,      64256 total
- age  14:       4312 bytes,      68568 total
- age  15:      11808 bytes,      80376 total
: 2255K->78K(2432K), 0.0005573 secs] 3125K->951K(7936K), 0.0006258 secs] [Times: user=0.00 sys=0.00, real=0.00 secs] 
2017-07-06T17:12:30.793+0900: 2.497: [GC2017-07-06T17:12:30.793+0900: 2.497: [DefNew
Desired survivor size 131072 bytes, new threshold 15 (max 15)
- age   1:      61048 bytes,      61048 total
- age   2:       4168 bytes,      65216 total
- age   3:       4032 bytes,      69248 total
- age   4:       3984 bytes,      73232 total
- age   5:       4032 bytes,      77264 total
- age   6:       4032 bytes,      81296 total
- age   7:       3984 bytes,      85280 total
- age   8:       4032 bytes,      89312 total
- age   9:       4248 bytes,      93560 total
- age  10:       4032 bytes,      97592 total
- age  11:       3984 bytes,     101576 total
- age  12:       4032 bytes,     105608 total
- age  13:       3984 bytes,     109592 total
- age  14:       4032 bytes,     113624 total
- age  15:       4312 bytes,     117936 total
: 2250K->115K(2432K), 0.0006027 secs] 3123K->999K(7936K), 0.0006669 secs] [Times: user=0.00 sys=0.00, real=0.00 secs] 
2017-07-06T17:12:30.817+0900: 2.522: [GC2017-07-06T17:12:30.817+0900: 2.522: [DefNew
Desired survivor size 131072 bytes, new threshold 15 (max 15)
- age   1:      15792 bytes,      15792 total
- age   2:      41568 bytes,      57360 total
- age   3:       4032 bytes,      61392 total
- age   4:       4032 bytes,      65424 total
- age   5:       3984 bytes,      69408 total
- age   6:       4032 bytes,      73440 total
- age   7:       4032 bytes,      77472 total
- age   8:       3984 bytes,      81456 total
- age   9:       4032 bytes,      85488 total
- age  10:       4248 bytes,      89736 total
- age  11:       4032 bytes,      93768 total
- age  12:       3984 bytes,      97752 total
- age  13:       4032 bytes,     101784 total
- age  14:       3984 bytes,     105768 total
- age  15:       4032 bytes,     109800 total
: 2291K->107K(2432K), 0.0005946 secs] 3175K->996K(7936K), 0.0006643 secs] [Times: user=0.00 sys=0.00, real=0.00 secs] 
2017-07-06T17:12:30.845+0900: 2.549: [GC2017-07-06T17:12:30.845+0900: 2.549: [DefNew
Desired survivor size 131072 bytes, new threshold 15 (max 15)
- age   1:      23736 bytes,      23736 total
- age   2:       4248 bytes,      27984 total
- age   3:      41432 bytes,      69416 total
- age   4:       4032 bytes,      73448 total
- age   5:       4032 bytes,      77480 total
- age   6:       3984 bytes,      81464 total
- age   7:       4032 bytes,      85496 total
- age   8:       4032 bytes,      89528 total
- age   9:       3984 bytes,      93512 total
- age  10:       4032 bytes,      97544 total
- age  11:       4248 bytes,     101792 total
- age  12:       4032 bytes,     105824 total
- age  13:       3984 bytes,     109808 total
- age  14:       4032 bytes,     113840 total
- age  15:       3984 bytes,     117824 total
: 2270K->115K(2432K), 0.0005933 secs] 3159K->1007K(7936K), 0.0006639 secs] [Times: user=0.00 sys=0.00, real=0.00 secs] 
2017-07-06T17:12:30.869+0900: 2.573: [GC2017-07-06T17:12:30.869+0900: 2.573: [DefNew
Desired survivor size 131072 bytes, new threshold 15 (max 15)
- age   1:      15712 bytes,      15712 total
- age   2:       4120 bytes,      19832 total
- age   3:       4112 bytes,      23944 total
- age   4:      41432 bytes,      65376 total
- age   5:       4032 bytes,      69408 total
- age   6:       4032 bytes,      73440 total
- age   7:       3984 bytes,      77424 total
- age   8:       4032 bytes,      81456 total
- age   9:       4032 bytes,      85488 total
- age  10:       3984 bytes,      89472 total
- age  11:       4032 bytes,      93504 total
- age  12:       4248 bytes,      97752 total
- age  13:       4032 bytes,     101784 total
- age  14:       3984 bytes,     105768 total
- age  15:       4032 bytes,     109800 total
: 2283K->107K(2432K), 0.0005736 secs] 3176K->1003K(7936K), 0.0006399 secs] [Times: user=0.00 sys=0.00, real=0.00 secs] 
2017-07-06T17:12:30.893+0900: 2.598: [GC2017-07-06T17:12:30.893+0900: 2.598: [DefNew
Desired survivor size 131072 bytes, new threshold 15 (max 15)
- age   1:      23736 bytes,      23736 total
- age   2:       4168 bytes,      27904 total
- age   3:       3984 bytes,      31888 total
- age   4:       4112 bytes,      36000 total
- age   5:      41432 bytes,      77432 total
- age   6:       4032 bytes,      81464 total
- age   7:       4032 bytes,      85496 total
- age   8:       3984 bytes,      89480 total
- age   9:       4032 bytes,      93512 total
- age  10:       4032 bytes,      97544 total
- age  11:       3984 bytes,     101528 total
- age  12:       4032 bytes,     105560 total
- age  13:       4248 bytes,     109808 total
- age  14:       4032 bytes,     113840 total
- age  15:       3984 bytes,     117824 total
: 2267K->115K(2432K), 0.0005693 secs] 3164K->1015K(7936K), 0.0006331 secs] [Times: user=0.00 sys=0.00, real=0.00 secs] 
2017-07-06T17:12:30.917+0900: 2.622: [GC2017-07-06T17:12:30.917+0900: 2.622: [DefNew
Desired survivor size 131072 bytes, new threshold 15 (max 15)
- age   1:      15712 bytes,      15712 total
- age   2:       4120 bytes,      19832 total
- age   3:       4032 bytes,      23864 total
- age   4:       3984 bytes,      27848 total
- age   5:       4112 bytes,      31960 total
- age   6:      41432 bytes,      73392 total
- age   7:       4032 bytes,      77424 total
- age   8:       4032 bytes,      81456 total
- age   9:       3984 bytes,      85440 total
- age  10:       4032 bytes,      89472 total
- age  11:       4032 bytes,      93504 total
- age  12:       3984 bytes,      97488 total
- age  13:       4032 bytes,     101520 total
- age  14:       4248 bytes,     105768 total
- age  15:       4032 bytes,     109800 total
: 2291K->107K(2432K), 0.0005526 secs] 3191K->1011K(7936K), 0.0006155 secs] [Times: user=0.02 sys=0.00, real=0.00 secs] 
2017-07-06T17:12:30.943+0900: 2.647: [GC2017-07-06T17:12:30.943+0900: 2.647: [DefNew
Desired survivor size 131072 bytes, new threshold 15 (max 15)
- age   1:      23736 bytes,      23736 total
- age   2:       4168 bytes,      27904 total
- age   3:       3984 bytes,      31888 total
- age   4:       4032 bytes,      35920 total
- age   5:       3984 bytes,      39904 total
- age   6:       4112 bytes,      44016 total
- age   7:      41432 bytes,      85448 total
- age   8:       4032 bytes,      89480 total
- age   9:       4032 bytes,      93512 total
- age  10:       3984 bytes,      97496 total
- age  11:       4032 bytes,     101528 total
- age  12:       4032 bytes,     105560 total
- age  13:       3984 bytes,     109544 total
- age  14:       4032 bytes,     113576 total
- age  15:       4248 bytes,     117824 total
: 2269K->115K(2432K), 0.0005821 secs] 3173K->1023K(7936K), 0.0006588 secs] [Times: user=0.00 sys=0.00, real=0.00 secs] 
2017-07-06T17:12:30.968+0900: 2.672: [GC2017-07-06T17:12:30.968+0900: 2.672: [DefNew
Desired survivor size 131072 bytes, new threshold 15 (max 15)
- age   1:      15712 bytes,      15712 total
- age   2:       4120 bytes,      19832 total
- age   3:       4032 bytes,      23864 total
- age   4:       3984 bytes,      27848 total
- age   5:       4032 bytes,      31880 total
- age   6:       3984 bytes,      35864 total
- age   7:       4112 bytes,      39976 total
- age   8:      41432 bytes,      81408 total
- age   9:       4032 bytes,      85440 total
- age  10:       4032 bytes,      89472 total
- age  11:       3984 bytes,      93456 total
- age  12:       4032 bytes,      97488 total
- age  13:       4032 bytes,     101520 total
- age  14:       3984 bytes,     105504 total
- age  15:       4032 bytes,     109536 total
: 2291K->106K(2432K), 0.0005860 secs] 3199K->1019K(7936K), 0.0006545 secs] [Times: user=0.00 sys=0.00, real=0.00 secs] 
2017-07-06T17:12:30.992+0900: 2.697: [GC2017-07-06T17:12:30.992+0900: 2.697: [DefNew
Desired survivor size 131072 bytes, new threshold 15 (max 15)
- age   1:      23736 bytes,      23736 total
- age   2:       4168 bytes,      27904 total
- age   3:       3984 bytes,      31888 total
- age   4:       4032 bytes,      35920 total
- age   5:       3984 bytes,      39904 total
- age   6:       4032 bytes,      43936 total
- age   7:       3984 bytes,      47920 total
- age   8:       4112 bytes,      52032 total
- age   9:      41432 bytes,      93464 total
- age  10:       4032 bytes,      97496 total
- age  11:       4032 bytes,     101528 total
- age  12:       3984 bytes,     105512 total
- age  13:       4032 bytes,     109544 total
- age  14:       4032 bytes,     113576 total
- age  15:       3984 bytes,     117560 total
: 2268K->114K(2432K), 0.0005607 secs] 3181K->1031K(7936K), 0.0006249 secs] [Times: user=0.00 sys=0.00, real=0.00 secs] 
2017-07-06T17:12:31.017+0900: 2.721: [GC2017-07-06T17:12:31.017+0900: 2.721: [DefNew
Desired survivor size 131072 bytes, new threshold 15 (max 15)
- age   1:      15712 bytes,      15712 total
- age   2:       4120 bytes,      19832 total
- age   3:       4032 bytes,      23864 total
- age   4:       3984 bytes,      27848 total
- age   5:       4032 bytes,      31880 total
- age   6:       3984 bytes,      35864 total
- age   7:       4032 bytes,      39896 total
- age   8:       3984 bytes,      43880 total
- age   9:       4112 bytes,      47992 total
- age  10:      41432 bytes,      89424 total
- age  11:       4032 bytes,      93456 total
- age  12:       4032 bytes,      97488 total
- age  13:       3984 bytes,     101472 total
- age  14:       4032 bytes,     105504 total
- age  15:       4032 bytes,     109536 total
: 2290K->106K(2432K), 0.0005462 secs] 3207K->1027K(7936K), 0.0006091 secs] [Times: user=0.00 sys=0.00, real=0.00 secs] 
2017-07-06T17:12:31.041+0900: 2.745: [GC2017-07-06T17:12:31.041+0900: 2.745: [DefNew
Desired survivor size 131072 bytes, new threshold 15 (max 15)
- age   1:      23736 bytes,      23736 total
- age   2:       4168 bytes,      27904 total
- age   3:       3984 bytes,      31888 total
- age   4:       4032 bytes,      35920 total
- age   5:       3984 bytes,      39904 total
- age   6:       4032 bytes,      43936 total
- age   7:       3984 bytes,      47920 total
- age   8:       4032 bytes,      51952 total
- age   9:       3984 bytes,      55936 total
- age  10:       4112 bytes,      60048 total
- age  11:      41432 bytes,     101480 total
- age  12:       4032 bytes,     105512 total
- age  13:       4032 bytes,     109544 total
- age  14:       3984 bytes,     113528 total
- age  15:       4032 bytes,     117560 total
: 2267K->114K(2432K), 0.0005509 secs] 3187K->1039K(7936K), 0.0006211 secs] [Times: user=0.00 sys=0.00, real=0.00 secs] 
2017-07-06T17:12:31.069+0900: 2.773: [GC2017-07-06T17:12:31.069+0900: 2.774: [DefNew
Desired survivor size 131072 bytes, new threshold 15 (max 15)
- age   1:      15712 bytes,      15712 total
- age   2:       4120 bytes,      19832 total
- age   3:       4032 bytes,      23864 total
- age   4:       3984 bytes,      27848 total
- age   5:       4032 bytes,      31880 total
- age   6:       3984 bytes,      35864 total
- age   7:       4032 bytes,      39896 total
- age   8:       3984 bytes,      43880 total
- age   9:       4032 bytes,      47912 total
- age  10:       3984 bytes,      51896 total
- age  11:       4112 bytes,      56008 total
- age  12:      41432 bytes,      97440 total
- age  13:       4032 bytes,     101472 total
- age  14:       4032 bytes,     105504 total
- age  15:       3984 bytes,     109488 total
: 2290K->106K(2432K), 0.0005783 secs] 3215K->1035K(7936K), 0.0006498 secs] [Times: user=0.00 sys=0.00, real=0.00 secs] 
2017-07-06T17:12:31.093+0900: 2.798: [GC2017-07-06T17:12:31.093+0900: 2.798: [DefNew
Desired survivor size 131072 bytes, new threshold 15 (max 15)
- age   1:      23736 bytes,      23736 total
- age   2:       4168 bytes,      27904 total
- age   3:       3984 bytes,      31888 total
- age   4:       4032 bytes,      35920 total
- age   5:       3984 bytes,      39904 total
- age   6:       4032 bytes,      43936 total
- age   7:       3984 bytes,      47920 total
- age   8:       4032 bytes,      51952 total
- age   9:       3984 bytes,      55936 total
- age  10:       4032 bytes,      59968 total
- age  11:       3984 bytes,      63952 total
- age  12:       4112 bytes,      68064 total
- age  13:      41432 bytes,     109496 total
- age  14:       4032 bytes,     113528 total
- age  15:       4032 bytes,     117560 total
: 2268K->114K(2432K), 0.0005616 secs] 3196K->1046K(7936K), 0.0006301 secs] [Times: user=0.00 sys=0.00, real=0.00 secs] 
2017-07-06T17:12:31.118+0900: 2.822: [GC2017-07-06T17:12:31.118+0900: 2.822: [DefNew
Desired survivor size 131072 bytes, new threshold 15 (max 15)
- age   1:      15712 bytes,      15712 total
- age   2:       4120 bytes,      19832 total
- age   3:       4032 bytes,      23864 total
- age   4:       3984 bytes,      27848 total
- age   5:       4032 bytes,      31880 total
- age   6:       3984 bytes,      35864 total
- age   7:       4032 bytes,      39896 total
- age   8:       3984 bytes,      43880 total
- age   9:       4032 bytes,      47912 total
- age  10:       3984 bytes,      51896 total
- age  11:       4032 bytes,      55928 total
- age  12:       3984 bytes,      59912 total
- age  13:       4112 bytes,      64024 total
- age  14:      41432 bytes,     105456 total
- age  15:       4032 bytes,     109488 total
: 2290K->106K(2432K), 0.0005483 secs] 3222K->1043K(7936K), 0.0006121 secs] [Times: user=0.00 sys=0.00, real=0.00 secs] 
2017-07-06T17:12:31.141+0900: 2.846: [GC2017-07-06T17:12:31.141+0900: 2.846: [DefNew
Desired survivor size 131072 bytes, new threshold 15 (max 15)
- age   1:      23736 bytes,      23736 total
- age   2:       4168 bytes,      27904 total
- age   3:       3984 bytes,      31888 total
- age   4:       4032 bytes,      35920 total
- age   5:       3984 bytes,      39904 total
- age   6:       4032 bytes,      43936 total
- age   7:       3984 bytes,      47920 total
- age   8:       4032 bytes,      51952 total
- age   9:       3984 bytes,      55936 total
- age  10:       4032 bytes,      59968 total
- age  11:       3984 bytes,      63952 total
- age  12:       4032 bytes,      67984 total
- age  13:       3984 bytes,      71968 total
- age  14:       4112 bytes,      76080 total
- age  15:      41432 bytes,     117512 total
: 2268K->114K(2432K), 0.0005954 secs] 3204K->1054K(7936K), 0.0006686 secs] [Times: user=0.00 sys=0.00, real=0.00 secs] 
2017-07-06T17:12:31.166+0900: 2.871: [GC2017-07-06T17:12:31.166+0900: 2.871: [DefNew
Desired survivor size 131072 bytes, new threshold 15 (max 15)
- age   1:      15712 bytes,      15712 total
- age   2:       4120 bytes,      19832 total
- age   3:       4032 bytes,      23864 total
- age   4:       3984 bytes,      27848 total
- age   5:       4032 bytes,      31880 total
- age   6:       3984 bytes,      35864 total
- age   7:       4032 bytes,      39896 total
- age   8:       3984 bytes,      43880 total
- age   9:       4032 bytes,      47912 total
- age  10:       3984 bytes,      51896 total
- age  11:       4032 bytes,      55928 total
- age  12:       3984 bytes,      59912 total
- age  13:       4032 bytes,      63944 total
- age  14:       3984 bytes,      67928 total
- age  15:       4112 bytes,      72040 total
: 2290K->70K(2432K), 0.0005993 secs] 3230K->1050K(7936K), 0.0006742 secs] [Times: user=0.00 sys=0.00, real=0.00 secs] 
2017-07-06T17:12:31.195+0900: 2.899: [GC2017-07-06T17:12:31.195+0900: 2.899: [DefNew
Desired survivor size 131072 bytes, new threshold 15 (max 15)
- age   1:      23736 bytes,      23736 total
- age   2:       4168 bytes,      27904 total
- age   3:       3984 bytes,      31888 total
- age   4:       4032 bytes,      35920 total
- age   5:       3984 bytes,      39904 total
- age   6:       4032 bytes,      43936 total
- age   7:       3984 bytes,      47920 total
- age   8:       4032 bytes,      51952 total
- age   9:       3984 bytes,      55936 total
- age  10:       4032 bytes,      59968 total
- age  11:       3984 bytes,      63952 total
- age  12:       4032 bytes,      67984 total
- age  13:       3984 bytes,      71968 total
- age  14:       4032 bytes,      76000 total
- age  15:       3984 bytes,      79984 total
: 2230K->78K(2432K), 0.0005261 secs] 3210K->1062K(7936K), 0.0005988 secs] [Times: user=0.00 sys=0.00, real=0.00 secs] 
2017-07-06T17:12:31.219+0900: 2.923: [GC2017-07-06T17:12:31.219+0900: 2.923: [DefNew
Desired survivor size 131072 bytes, new threshold 15 (max 15)
- age   1:      15712 bytes,      15712 total
- age   2:       4120 bytes,      19832 total
- age   3:       4032 bytes,      23864 total
- age   4:       3984 bytes,      27848 total
- age   5:       4032 bytes,      31880 total
- age   6:       3984 bytes,      35864 total
- age   7:       4032 bytes,      39896 total
- age   8:       3984 bytes,      43880 total
- age   9:       4032 bytes,      47912 total
- age  10:       3984 bytes,      51896 total
- age  11:       4032 bytes,      55928 total
- age  12:       3984 bytes,      59912 total
- age  13:       4032 bytes,      63944 total
- age  14:       3984 bytes,      67928 total
- age  15:       4032 bytes,      71960 total
: 2254K->70K(2432K), 0.0005064 secs] 3238K->1058K(7936K), 0.0005719 secs] [Times: user=0.00 sys=0.00, real=0.00 secs] 
2017-07-06T17:12:31.243+0900: 2.947: [GC2017-07-06T17:12:31.243+0900: 2.947: [DefNew
Desired survivor size 131072 bytes, new threshold 15 (max 15)
- age   1:      23736 bytes,      23736 total
- age   2:       4168 bytes,      27904 total
- age   3:       3984 bytes,      31888 total
- age   4:       4032 bytes,      35920 total
- age   5:       3984 bytes,      39904 total
- age   6:       4032 bytes,      43936 total
- age   7:       3984 bytes,      47920 total
- age   8:       4032 bytes,      51952 total
- age   9:       3984 bytes,      55936 total
- age  10:       4032 bytes,      59968 total
- age  11:       3984 bytes,      63952 total
- age  12:       4032 bytes,      67984 total
- age  13:       3984 bytes,      71968 total
- age  14:       4032 bytes,      76000 total
- age  15:       3984 bytes,      79984 total
: 2231K->78K(2432K), 0.0005008 secs] 3220K->1070K(7936K), 0.0005723 secs] [Times: user=0.00 sys=0.00, real=0.00 secs] 
2017-07-06T17:12:31.267+0900: 2.971: [GC2017-07-06T17:12:31.267+0900: 2.971: [DefNew
Desired survivor size 131072 bytes, new threshold 15 (max 15)
- age   1:      15712 bytes,      15712 total
- age   2:       4120 bytes,      19832 total
- age   3:       4032 bytes,      23864 total
- age   4:       3984 bytes,      27848 total
- age   5:       4032 bytes,      31880 total
- age   6:       3984 bytes,      35864 total
- age   7:       4032 bytes,      39896 total
- age   8:       3984 bytes,      43880 total
- age   9:       4032 bytes,      47912 total
- age  10:       3984 bytes,      51896 total
- age  11:       4032 bytes,      55928 total
- age  12:       3984 bytes,      59912 total
- age  13:       4032 bytes,      63944 total
- age  14:       3984 bytes,      67928 total
- age  15:       4032 bytes,      71960 total
: 2254K->70K(2432K), 0.0004884 secs] 3246K->1066K(7936K), 0.0005496 secs] [Times: user=0.00 sys=0.00, real=0.00 secs] 
2017-07-06T17:12:31.295+0900: 2.999: [GC2017-07-06T17:12:31.295+0900: 2.999: [DefNew
Desired survivor size 131072 bytes, new threshold 15 (max 15)
- age   1:      23736 bytes,      23736 total
- age   2:       4168 bytes,      27904 total
- age   3:       3984 bytes,      31888 total
- age   4:       4032 bytes,      35920 total
- age   5:       3984 bytes,      39904 total
- age   6:       4032 bytes,      43936 total
- age   7:       3984 bytes,      47920 total
- age   8:       4032 bytes,      51952 total
- age   9:       3984 bytes,      55936 total
- age  10:       4032 bytes,      59968 total
- age  11:       3984 bytes,      63952 total
- age  12:       4032 bytes,      67984 total
- age  13:       3984 bytes,      71968 total
- age  14:       4032 bytes,      76000 total
- age  15:       3984 bytes,      79984 total
: 2231K->78K(2432K), 0.0005440 secs] 3227K->1078K(7936K), 0.0006237 secs] [Times: user=0.00 sys=0.00, real=0.00 secs] 
2017-07-06T17:12:31.321+0900: 3.026: [GC2017-07-06T17:12:31.321+0900: 3.026: [DefNew
Desired survivor size 131072 bytes, new threshold 15 (max 15)
- age   1:      15712 bytes,      15712 total
- age   2:       4120 bytes,      19832 total
- age   3:       4032 bytes,      23864 total
- age   4:       3984 bytes,      27848 total
- age   5:       4032 bytes,      31880 total
- age   6:       3984 bytes,      35864 total
- age   7:       4032 bytes,      39896 total
- age   8:       3984 bytes,      43880 total
- age   9:       4032 bytes,      47912 total
- age  10:       3984 bytes,      51896 total
- age  11:       4032 bytes,      55928 total
- age  12:       3984 bytes,      59912 total
- age  13:       4032 bytes,      63944 total
- age  14:       3984 bytes,      67928 total
- age  15:       4032 bytes,      71960 total
: 2254K->70K(2432K), 0.0005171 secs] 3254K->1074K(7936K), 0.0005860 secs] [Times: user=0.00 sys=0.00, real=0.00 secs] 
2017-07-06T17:12:31.345+0900: 3.050: [GC2017-07-06T17:12:31.345+0900: 3.050: [DefNew
Desired survivor size 131072 bytes, new threshold 15 (max 15)
- age   1:      23736 bytes,      23736 total
- age   2:       4168 bytes,      27904 total
- age   3:       3984 bytes,      31888 total
- age   4:       4032 bytes,      35920 total
- age   5:       3984 bytes,      39904 total
- age   6:       4032 bytes,      43936 total
- age   7:       3984 bytes,      47920 total
- age   8:       4032 bytes,      51952 total
- age   9:       3984 bytes,      55936 total
- age  10:       4032 bytes,      59968 total
- age  11:       3984 bytes,      63952 total
- age  12:       4032 bytes,      67984 total
- age  13:       3984 bytes,      71968 total
- age  14:       4032 bytes,      76000 total
- age  15:       3984 bytes,      79984 total
: 2233K->78K(2432K), 0.0005021 secs] 3238K->1086K(7936K), 0.0005723 secs] [Times: user=0.00 sys=0.00, real=0.00 secs] 
2017-07-06T17:12:31.370+0900: 3.074: [GC2017-07-06T17:12:31.370+0900: 3.074: [DefNew
Desired survivor size 131072 bytes, new threshold 15 (max 15)
- age   1:      15712 bytes,      15712 total
- age   2:       4120 bytes,      19832 total
- age   3:       4032 bytes,      23864 total
- age   4:       3984 bytes,      27848 total
- age   5:       4032 bytes,      31880 total
- age   6:       3984 bytes,      35864 total
- age   7:       4032 bytes,      39896 total
- age   8:       3984 bytes,      43880 total
- age   9:       4032 bytes,      47912 total
- age  10:       3984 bytes,      51896 total
- age  11:       4032 bytes,      55928 total
- age  12:       3984 bytes,      59912 total
- age  13:       4032 bytes,      63944 total
- age  14:       3984 bytes,      67928 total
- age  15:       4032 bytes,      71960 total
: 2246K->70K(2432K), 0.0004871 secs] 3254K->1082K(7936K), 0.0005513 secs] [Times: user=0.00 sys=0.00, real=0.00 secs] 
2017-07-06T17:12:31.393+0900: 3.098: [GC2017-07-06T17:12:31.394+0900: 3.098: [DefNew
Desired survivor size 131072 bytes, new threshold 15 (max 15)
- age   1:      40432 bytes,      40432 total
- age   2:       4168 bytes,      44600 total
- age   3:       3984 bytes,      48584 total
- age   4:       4032 bytes,      52616 total
- age   5:       3984 bytes,      56600 total
- age   6:       4032 bytes,      60632 total
- age   7:       3984 bytes,      64616 total
- age   8:       4032 bytes,      68648 total
- age   9:       3984 bytes,      72632 total
- age  10:       4032 bytes,      76664 total
- age  11:       3984 bytes,      80648 total
- age  12:       4032 bytes,      84680 total
- age  13:       3984 bytes,      88664 total
- age  14:       4032 bytes,      92696 total
- age  15:       3984 bytes,      96680 total
: 2246K->94K(2432K), 0.0005047 secs] 3258K->1110K(7936K), 0.0005697 secs] [Times: user=0.00 sys=0.00, real=0.00 secs] 
2017-07-06T17:12:31.422+0900: 3.126: [GC2017-07-06T17:12:31.422+0900: 3.126: [DefNew
Desired survivor size 131072 bytes, new threshold 15 (max 15)
- age   1:      23920 bytes,      23920 total
- age   2:       4120 bytes,      28040 total
- age   3:       4032 bytes,      32072 total
- age   4:       3984 bytes,      36056 total
- age   5:       4032 bytes,      40088 total
- age   6:       3984 bytes,      44072 total
- age   7:       4032 bytes,      48104 total
- age   8:       3984 bytes,      52088 total
- age   9:       4032 bytes,      56120 total
- age  10:       3984 bytes,      60104 total
- age  11:       4032 bytes,      64136 total
- age  12:       3984 bytes,      68120 total
- age  13:       4032 bytes,      72152 total
- age  14:       3984 bytes,      76136 total
- age  15:       4032 bytes,      80168 total
: 2258K->78K(2432K), 0.0005179 secs] 3274K->1098K(7936K), 0.0005851 secs] [Times: user=0.00 sys=0.00, real=0.00 secs] 
2017-07-06T17:12:31.446+0900: 3.151: [GC2017-07-06T17:12:31.446+0900: 3.151: [DefNew
Desired survivor size 131072 bytes, new threshold 15 (max 15)
- age   1:      15712 bytes,      15712 total
- age   2:       4168 bytes,      19880 total
- age   3:       3984 bytes,      23864 total
- age   4:       4032 bytes,      27896 total
- age   5:       3984 bytes,      31880 total
- age   6:       4032 bytes,      35912 total
- age   7:       3984 bytes,      39896 total
- age   8:       4032 bytes,      43928 total
- age   9:       3984 bytes,      47912 total
- age  10:       4032 bytes,      51944 total
- age  11:       3984 bytes,      55928 total
- age  12:       4032 bytes,      59960 total
- age  13:       3984 bytes,      63944 total
- age  14:       4032 bytes,      67976 total
- age  15:       3984 bytes,      71960 total
: 2247K->70K(2432K), 0.0005094 secs] 3267K->1093K(7936K), 0.0005766 secs] [Times: user=0.00 sys=0.00, real=0.00 secs] 
2017-07-06T17:12:31.470+0900: 3.174: [GC2017-07-06T17:12:31.470+0900: 3.174: [DefNew
Desired survivor size 131072 bytes, new threshold 15 (max 15)
- age   1:      40432 bytes,      40432 total
- age   2:       4168 bytes,      44600 total
- age   3:       4032 bytes,      48632 total
- age   4:       3984 bytes,      52616 total
- age   5:       4032 bytes,      56648 total
- age   6:       3984 bytes,      60632 total
- age   7:       4032 bytes,      64664 total
- age   8:       3984 bytes,      68648 total
- age   9:       4032 bytes,      72680 total
- age  10:       3984 bytes,      76664 total
- age  11:       4032 bytes,      80696 total
- age  12:       3984 bytes,      84680 total
- age  13:       4032 bytes,      88712 total
- age  14:       3984 bytes,      92696 total
- age  15:       4032 bytes,      96728 total
: 2246K->94K(2432K), 0.0005128 secs] 3269K->1122K(7936K), 0.0005838 secs] [Times: user=0.00 sys=0.00, real=0.00 secs] 
2017-07-06T17:12:31.494+0900: 3.199: [GC2017-07-06T17:12:31.494+0900: 3.199: [DefNew
Desired survivor size 131072 bytes, new threshold 15 (max 15)
- age   1:      23920 bytes,      23920 total
- age   2:       4120 bytes,      28040 total
- age   3:       4032 bytes,      32072 total
- age   4:       4032 bytes,      36104 total
- age   5:       3984 bytes,      40088 total
- age   6:       4032 bytes,      44120 total
- age   7:       3984 bytes,      48104 total
- age   8:       4032 bytes,      52136 total
- age   9:       3984 bytes,      56120 total
- age  10:       4032 bytes,      60152 total
- age  11:       3984 bytes,      64136 total
- age  12:       4032 bytes,      68168 total
- age  13:       3984 bytes,      72152 total
- age  14:       4032 bytes,      76184 total
- age  15:       3984 bytes,      80168 total
: 2268K->78K(2432K), 0.0005162 secs] 3295K->1109K(7936K), 0.0005821 secs] [Times: user=0.02 sys=0.00, real=0.00 secs] 
2017-07-06T17:12:31.519+0900: 3.223: [GC2017-07-06T17:12:31.519+0900: 3.223: [DefNew
Desired survivor size 131072 bytes, new threshold 15 (max 15)
- age   1:      15712 bytes,      15712 total
- age   2:       4168 bytes,      19880 total
- age   3:       3984 bytes,      23864 total
- age   4:       4032 bytes,      27896 total
- age   5:       4032 bytes,      31928 total
- age   6:       3984 bytes,      35912 total
- age   7:       4032 bytes,      39944 total
- age   8:       3984 bytes,      43928 total
- age   9:       4032 bytes,      47960 total
- age  10:       3984 bytes,      51944 total
- age  11:       4032 bytes,      55976 total
- age  12:       3984 bytes,      59960 total
- age  13:       4032 bytes,      63992 total
- age  14:       3984 bytes,      67976 total
- age  15:       4032 bytes,      72008 total
: 2247K->70K(2432K), 0.0005149 secs] 3279K->1105K(7936K), 0.0005851 secs] [Times: user=0.00 sys=0.00, real=0.00 secs] 
2017-07-06T17:12:31.545+0900: 3.250: [GC2017-07-06T17:12:31.546+0900: 3.250: [DefNew
Desired survivor size 131072 bytes, new threshold 15 (max 15)
- age   1:      40280 bytes,      40280 total
- age   2:       4168 bytes,      44448 total
- age   3:       4032 bytes,      48480 total
- age   4:       3984 bytes,      52464 total
- age   5:       4032 bytes,      56496 total
- age   6:       4032 bytes,      60528 total
- age   7:       3984 bytes,      64512 total
- age   8:       4032 bytes,      68544 total
- age   9:       3984 bytes,      72528 total
- age  10:       4032 bytes,      76560 total
- age  11:       3984 bytes,      80544 total
- age  12:       4032 bytes,      84576 total
- age  13:       3984 bytes,      88560 total
- age  14:       4032 bytes,      92592 total
- age  15:       3984 bytes,      96576 total
: 2246K->94K(2432K), 0.0005299 secs] 3281K->1133K(7936K), 0.0006040 secs] [Times: user=0.00 sys=0.00, real=0.00 secs] 
2017-07-06T17:12:31.570+0900: 3.274: [GC2017-07-06T17:12:31.570+0900: 3.274: [DefNew
Desired survivor size 131072 bytes, new threshold 15 (max 15)
- age   1:      23920 bytes,      23920 total
- age   2:       4120 bytes,      28040 total
- age   3:       4032 bytes,      32072 total
- age   4:       4032 bytes,      36104 total
- age   5:       3984 bytes,      40088 total
- age   6:       4032 bytes,      44120 total
- age   7:       4032 bytes,      48152 total
- age   8:       3984 bytes,      52136 total
- age   9:       4032 bytes,      56168 total
- age  10:       3984 bytes,      60152 total
- age  11:       4032 bytes,      64184 total
- age  12:       3984 bytes,      68168 total
- age  13:       4032 bytes,      72200 total
- age  14:       3984 bytes,      76184 total
- age  15:       4032 bytes,      80216 total
: 2268K->78K(2432K), 0.0005008 secs] 3307K->1121K(7936K), 0.0005736 secs] [Times: user=0.00 sys=0.00, real=0.00 secs] 
2017-07-06T17:12:31.594+0900: 3.298: [GC2017-07-06T17:12:31.594+0900: 3.298: [DefNew
Desired survivor size 131072 bytes, new threshold 15 (max 15)
- age   1:      15712 bytes,      15712 total
- age   2:       4168 bytes,      19880 total
- age   3:       3984 bytes,      23864 total
- age   4:       4032 bytes,      27896 total
- age   5:       4032 bytes,      31928 total
- age   6:       3984 bytes,      35912 total
- age   7:       4032 bytes,      39944 total
- age   8:       4032 bytes,      43976 total
- age   9:       3984 bytes,      47960 total
- age  10:       4032 bytes,      51992 total
- age  11:       3984 bytes,      55976 total
- age  12:       4032 bytes,      60008 total
- age  13:       3984 bytes,      63992 total
- age  14:       4032 bytes,      68024 total
- age  15:       3984 bytes,      72008 total
: 2248K->70K(2432K), 0.0004884 secs] 3291K->1117K(7936K), 0.0005526 secs] [Times: user=0.00 sys=0.00, real=0.00 secs] 
2017-07-06T17:12:31.618+0900: 3.322: [GC2017-07-06T17:12:31.618+0900: 3.322: [DefNew
Desired survivor size 131072 bytes, new threshold 15 (max 15)
- age   1:      40432 bytes,      40432 total
- age   2:       4168 bytes,      44600 total
- age   3:       4032 bytes,      48632 total
- age   4:       3984 bytes,      52616 total
- age   5:       4032 bytes,      56648 total
- age   6:       4032 bytes,      60680 total
- age   7:       3984 bytes,      64664 total
- age   8:       4032 bytes,      68696 total
- age   9:       4032 bytes,      72728 total
- age  10:       3984 bytes,      76712 total
- age  11:       4032 bytes,      80744 total
- age  12:       3984 bytes,      84728 total
- age  13:       4032 bytes,      88760 total
- age  14:       3984 bytes,      92744 total
- age  15:       4032 bytes,      96776 total
: 2246K->94K(2432K), 0.0004995 secs] 3293K->1145K(7936K), 0.0005629 secs] [Times: user=0.00 sys=0.00, real=0.00 secs] 
2017-07-06T17:12:31.645+0900: 3.349: [GC2017-07-06T17:12:31.645+0900: 3.349: [DefNew
Desired survivor size 131072 bytes, new threshold 15 (max 15)
- age   1:      23920 bytes,      23920 total
- age   2:       4120 bytes,      28040 total
- age   3:       4032 bytes,      32072 total
- age   4:       4032 bytes,      36104 total
- age   5:       3984 bytes,      40088 total
- age   6:       4032 bytes,      44120 total
- age   7:       4032 bytes,      48152 total
- age   8:       3984 bytes,      52136 total
- age   9:       4032 bytes,      56168 total
- age  10:       4032 bytes,      60200 total
- age  11:       3984 bytes,      64184 total
- age  12:       4032 bytes,      68216 total
- age  13:       3984 bytes,      72200 total
- age  14:       4032 bytes,      76232 total
- age  15:       3984 bytes,      80216 total
: 2269K->78K(2432K), 0.0005299 secs] 3320K->1133K(7936K), 0.0006040 secs] [Times: user=0.00 sys=0.00, real=0.00 secs] 
2017-07-06T17:12:31.672+0900: 3.376: [GC2017-07-06T17:12:31.672+0900: 3.376: [DefNew
Desired survivor size 131072 bytes, new threshold 15 (max 15)
- age   1:      15712 bytes,      15712 total
- age   2:       4168 bytes,      19880 total
- age   3:       3984 bytes,      23864 total
- age   4:       4032 bytes,      27896 total
- age   5:       4032 bytes,      31928 total
- age   6:       3984 bytes,      35912 total
- age   7:       4032 bytes,      39944 total
- age   8:       4032 bytes,      43976 total
- age   9:       3984 bytes,      47960 total
- age  10:       4032 bytes,      51992 total
- age  11:       4032 bytes,      56024 total
- age  12:       3984 bytes,      60008 total
- age  13:       4032 bytes,      64040 total
- age  14:       3984 bytes,      68024 total
- age  15:       4032 bytes,      72056 total
: 2248K->70K(2432K), 0.0005175 secs] 3303K->1129K(7936K), 0.0005916 secs] [Times: user=0.00 sys=0.00, real=0.00 secs] 
2017-07-06T17:12:31.696+0900: 3.400: [GC2017-07-06T17:12:31.696+0900: 3.400: [DefNew
Desired survivor size 131072 bytes, new threshold 15 (max 15)
- age   1:      40384 bytes,      40384 total
- age   2:       4168 bytes,      44552 total
- age   3:       4032 bytes,      48584 total
- age   4:       3984 bytes,      52568 total
- age   5:       4032 bytes,      56600 total
- age   6:       4032 bytes,      60632 total
- age   7:       3984 bytes,      64616 total
- age   8:       4032 bytes,      68648 total
- age   9:       4032 bytes,      72680 total
- age  10:       3984 bytes,      76664 total
- age  11:       4032 bytes,      80696 total
- age  12:       4032 bytes,      84728 total
- age  13:       3984 bytes,      88712 total
- age  14:       4032 bytes,      92744 total
- age  15:       3984 bytes,      96728 total
: 2246K->94K(2432K), 0.0005851 secs] 3305K->1157K(7936K), 0.0006532 secs] [Times: user=0.00 sys=0.00, real=0.00 secs] 
2017-07-06T17:12:31.720+0900: 3.425: [GC2017-07-06T17:12:31.720+0900: 3.425: [DefNew
Desired survivor size 131072 bytes, new threshold 14 (max 15)
- age   1:      79784 bytes,      79784 total
- age   2:       4120 bytes,      83904 total
- age   3:       4032 bytes,      87936 total
- age   4:       4032 bytes,      91968 total
- age   5:       3984 bytes,      95952 total
- age   6:       4032 bytes,      99984 total
- age   7:       4032 bytes,     104016 total
- age   8:       3984 bytes,     108000 total
- age   9:       4032 bytes,     112032 total
- age  10:       4032 bytes,     116064 total
- age  11:       3984 bytes,     120048 total
- age  12:       4032 bytes,     124080 total
- age  13:       4032 bytes,     128112 total
- age  14:       3984 bytes,     132096 total
- age  15:       4032 bytes,     136128 total
: 2261K->132K(2432K), 0.0005877 secs] 3324K->1199K(7936K), 0.0006536 secs] [Times: user=0.00 sys=0.00, real=0.00 secs] 
2017-07-06T17:12:31.745+0900: 3.449: [GC2017-07-06T17:12:31.745+0900: 3.449: [DefNew
Desired survivor size 131072 bytes, new threshold 15 (max 15)
- age   1:      15712 bytes,      15712 total
- age   2:      60304 bytes,      76016 total
- age   3:       3984 bytes,      80000 total
- age   4:       4032 bytes,      84032 total
- age   5:       4032 bytes,      88064 total
- age   6:       3984 bytes,      92048 total
- age   7:       4032 bytes,      96080 total
- age   8:       4032 bytes,     100112 total
- age   9:       3984 bytes,     104096 total
- age  10:       4032 bytes,     108128 total
- age  11:       4032 bytes,     112160 total
- age  12:       3984 bytes,     116144 total
- age  13:       4032 bytes,     120176 total
- age  14:       4032 bytes,     124208 total
: 2308K->121K(2432K), 0.0006767 secs] 3375K->1195K(7936K), 0.0007431 secs] [Times: user=0.00 sys=0.00, real=0.00 secs] 
2017-07-06T17:12:31.772+0900: 3.476: [GC2017-07-06T17:12:31.772+0900: 3.476: [DefNew
Desired survivor size 131072 bytes, new threshold 14 (max 15)
- age   1:      23736 bytes,      23736 total
- age   2:       4168 bytes,      27904 total
- age   3:      60168 bytes,      88072 total
- age   4:       3984 bytes,      92056 total
- age   5:       4032 bytes,      96088 total
- age   6:       4032 bytes,     100120 total
- age   7:       3984 bytes,     104104 total
- age   8:       4032 bytes,     108136 total
- age   9:       4032 bytes,     112168 total
- age  10:       3984 bytes,     116152 total
- age  11:       4032 bytes,     120184 total
- age  12:       4032 bytes,     124216 total
- age  13:       3984 bytes,     128200 total
- age  14:       4032 bytes,     132232 total
- age  15:       4032 bytes,     136264 total
: 2281K->133K(2432K), 0.0006502 secs] 3356K->1207K(7936K), 0.0007375 secs] [Times: user=0.00 sys=0.00, real=0.00 secs] 
2017-07-06T17:12:31.799+0900: 3.503: [GC2017-07-06T17:12:31.799+0900: 3.504: [DefNew
Desired survivor size 131072 bytes, new threshold 15 (max 15)
- age   1:      15712 bytes,      15712 total
- age   2:       4120 bytes,      19832 total
- age   3:       4032 bytes,      23864 total
- age   4:      60168 bytes,      84032 total
- age   5:       3984 bytes,      88016 total
- age   6:       4032 bytes,      92048 total
- age   7:       4032 bytes,      96080 total
- age   8:       3984 bytes,     100064 total
- age   9:       4032 bytes,     104096 total
- age  10:       4032 bytes,     108128 total
- age  11:       3984 bytes,     112112 total
- age  12:       4032 bytes,     116144 total
- age  13:       4032 bytes,     120176 total
- age  14:       3984 bytes,     124160 total
: 2309K->121K(2432K), 0.0006168 secs] 3383K->1203K(7936K), 0.0006879 secs] [Times: user=0.00 sys=0.00, real=0.00 secs] 
2017-07-06T17:12:31.823+0900: 3.528: [GC2017-07-06T17:12:31.823+0900: 3.528: [DefNew
Desired survivor size 131072 bytes, new threshold 14 (max 15)
- age   1:      23736 bytes,      23736 total
- age   2:       4168 bytes,      27904 total
- age   3:       3984 bytes,      31888 total
- age   4:       4032 bytes,      35920 total
- age   5:      60168 bytes,      96088 total
- age   6:       3984 bytes,     100072 total
- age   7:       4032 bytes,     104104 total
- age   8:       4032 bytes,     108136 total
- age   9:       3984 bytes,     112120 total
- age  10:       4032 bytes,     116152 total
- age  11:       4032 bytes,     120184 total
- age  12:       3984 bytes,     124168 total
- age  13:       4032 bytes,     128200 total
- age  14:       4032 bytes,     132232 total
- age  15:       3984 bytes,     136216 total
: 2282K->133K(2432K), 0.0005890 secs] 3365K->1215K(7936K), 0.0006583 secs] [Times: user=0.00 sys=0.00, real=0.00 secs] 
2017-07-06T17:12:31.848+0900: 3.552: [GC2017-07-06T17:12:31.848+0900: 3.552: [DefNew
Desired survivor size 131072 bytes, new threshold 15 (max 15)
- age   1:      15712 bytes,      15712 total
- age   2:       4120 bytes,      19832 total
- age   3:       4032 bytes,      23864 total
- age   4:       3984 bytes,      27848 total
- age   5:       4032 bytes,      31880 total
- age   6:      60168 bytes,      92048 total
- age   7:       3984 bytes,      96032 total
- age   8:       4032 bytes,     100064 total
- age   9:       4032 bytes,     104096 total
- age  10:       3984 bytes,     108080 total
- age  11:       4032 bytes,     112112 total
- age  12:       4032 bytes,     116144 total
- age  13:       3984 bytes,     120128 total
- age  14:       4032 bytes,     124160 total
: 2309K->121K(2432K), 0.0005868 secs] 3391K->1211K(7936K), 0.0006519 secs] [Times: user=0.00 sys=0.00, real=0.00 secs] 
2017-07-06T17:12:31.874+0900: 3.579: [GC2017-07-06T17:12:31.874+0900: 3.579: [DefNew
Desired survivor size 131072 bytes, new threshold 14 (max 15)
- age   1:      25072 bytes,      25072 total
- age   2:       4168 bytes,      29240 total
- age   3:       3984 bytes,      33224 total
- age   4:       4032 bytes,      37256 total
- age   5:       3984 bytes,      41240 total
- age   6:       4032 bytes,      45272 total
- age   7:      60168 bytes,     105440 total
- age   8:       3984 bytes,     109424 total
- age   9:       4032 bytes,     113456 total
- age  10:       4032 bytes,     117488 total
- age  11:       3984 bytes,     121472 total
- age  12:       4032 bytes,     125504 total
- age  13:       4032 bytes,     129536 total
- age  14:       3984 bytes,     133520 total
- age  15:       4032 bytes,     137552 total
: 2285K->134K(2432K), 0.0006044 secs] 3375K->1224K(7936K), 0.0006772 secs] [Times: user=0.00 sys=0.00, real=0.00 secs] 
2017-07-06T17:12:31.917+0900: 3.621: [GC2017-07-06T17:12:31.917+0900: 3.621: [DefNew
Desired survivor size 131072 bytes, new threshold 15 (max 15)
- age   1:      16640 bytes,      16640 total
- age   2:       5456 bytes,      22096 total
- age   3:       4032 bytes,      26128 total
- age   4:       3984 bytes,      30112 total
- age   5:       4032 bytes,      34144 total
- age   6:       3984 bytes,      38128 total
- age   7:       4032 bytes,      42160 total
- age   8:      60168 bytes,     102328 total
- age   9:       3984 bytes,     106312 total
- age  10:       4032 bytes,     110344 total
- age  11:       4032 bytes,     114376 total
- age  12:       3984 bytes,     118360 total
- age  13:       4032 bytes,     122392 total
- age  14:       4032 bytes,     126424 total
: 2310K->123K(2432K), 0.0006570 secs] 3400K->1221K(7936K), 0.0007298 secs] [Times: user=0.00 sys=0.00, real=0.00 secs] 
2017-07-06T17:12:31.951+0900: 3.655: [GC2017-07-06T17:12:31.951+0900: 3.655: [DefNew
Desired survivor size 131072 bytes, new threshold 13 (max 15)
- age   1:      24536 bytes,      24536 total
- age   2:       5096 bytes,      29632 total
- age   3:       5320 bytes,      34952 total
- age   4:       4032 bytes,      38984 total
- age   5:       3984 bytes,      42968 total
- age   6:       4032 bytes,      47000 total
- age   7:       3984 bytes,      50984 total
- age   8:       4032 bytes,      55016 total
- age   9:      60168 bytes,     115184 total
- age  10:       3984 bytes,     119168 total
- age  11:       4032 bytes,     123200 total
- age  12:       4032 bytes,     127232 total
- age  13:       3984 bytes,     131216 total
- age  14:       4032 bytes,     135248 total
- age  15:       4032 bytes,     139280 total
: 2296K->136K(2432K), 0.0006630 secs] 3394K->1234K(7936K), 0.0007405 secs] [Times: user=0.00 sys=0.00, real=0.00 secs] 
2017-07-06T17:12:31.979+0900: 3.684: [GC2017-07-06T17:12:31.979+0900: 3.684: [DefNew
Desired survivor size 131072 bytes, new threshold 12 (max 15)
- age   1:      16384 bytes,      16384 total
- age   2:      16072 bytes,      32456 total
- age   3:       5096 bytes,      37552 total
- age   4:       5320 bytes,      42872 total
- age   5:       4032 bytes,      46904 total
- age   6:       3984 bytes,      50888 total
- age   7:       4032 bytes,      54920 total
- age   8:       3984 bytes,      58904 total
- age   9:       4032 bytes,      62936 total
- age  10:      60168 bytes,     123104 total
- age  11:       3984 bytes,     127088 total
- age  12:       4032 bytes,     131120 total
- age  13:       4032 bytes,     135152 total
: 2312K->131K(2432K), 0.0007307 secs] 3410K->1241K(7936K), 0.0008201 secs] [Times: user=0.00 sys=0.00, real=0.00 secs] 
2017-07-06T17:12:32.102+0900: 3.806: [GC2017-07-06T17:12:32.102+0900: 3.806: [DefNew
Desired survivor size 131072 bytes, new threshold 15 (max 15)
- age   1:      24400 bytes,      24400 total
- age   2:       4840 bytes,      29240 total
- age   3:       4784 bytes,      34024 total
- age   4:       4960 bytes,      38984 total
- age   5:       5320 bytes,      44304 total
- age   6:       4032 bytes,      48336 total
- age   7:       3984 bytes,      52320 total
- age   8:       4032 bytes,      56352 total
- age   9:       3984 bytes,      60336 total
- age  10:       4032 bytes,      64368 total
- age  11:      60168 bytes,     124536 total
- age  12:       3984 bytes,     128520 total
: 2292K->125K(2432K), 0.0006395 secs] 3402K->1243K(7936K), 0.0007148 secs] [Times: user=0.00 sys=0.00, real=0.00 secs] 
2017-07-06T17:12:32.124+0900: 3.829: [GC2017-07-06T17:12:32.124+0900: 3.829: [DefNew
Desired survivor size 131072 bytes, new threshold 15 (max 15)
- age   1:      16384 bytes,      16384 total
- age   2:       4784 bytes,      21168 total
- age   3:       4704 bytes,      25872 total
- age   4:       4784 bytes,      30656 total
- age   5:       4960 bytes,      35616 total
- age   6:       5320 bytes,      40936 total
- age   7:       4032 bytes,      44968 total
- age   8:       3984 bytes,      48952 total
- age   9:       4032 bytes,      52984 total
- age  10:       3984 bytes,      56968 total
- age  11:       4032 bytes,      61000 total
- age  12:      60168 bytes,     121168 total
- age  13:       3984 bytes,     125152 total
: 2301K->122K(2432K), 0.0006142 secs] 3419K->1239K(7936K), 0.0006917 secs] [Times: user=0.00 sys=0.00, real=0.00 secs] 
2017-07-06T17:12:32.147+0900: 3.851: [GC2017-07-06T17:12:32.147+0900: 3.851: [DefNew
Desired survivor size 131072 bytes, new threshold 15 (max 15)
- age   1:      16384 bytes,      16384 total
- age   2:       4840 bytes,      21224 total
- age   3:       4648 bytes,      25872 total
- age   4:       4704 bytes,      30576 total
- age   5:       4784 bytes,      35360 total
- age   6:       4960 bytes,      40320 total
- age   7:       5320 bytes,      45640 total
- age   8:       4032 bytes,      49672 total
- age   9:       3984 bytes,      53656 total
- age  10:       4032 bytes,      57688 total
- age  11:       3984 bytes,      61672 total
- age  12:       4032 bytes,      65704 total
- age  13:      60168 bytes,     125872 total
- age  14:       3984 bytes,     129856 total
: 2298K->126K(2432K), 0.0006070 secs] 3415K->1244K(7936K), 0.0006750 secs] [Times: user=0.00 sys=0.00, real=0.00 secs] 
2017-07-06T17:12:32.169+0900: 3.874: [GC2017-07-06T17:12:32.169+0900: 3.874: [DefNew
Desired survivor size 131072 bytes, new threshold 14 (max 15)
- age   1:      24400 bytes,      24400 total
- age   2:       4840 bytes,      29240 total
- age   3:       4704 bytes,      33944 total
- age   4:       4648 bytes,      38592 total
- age   5:       4704 bytes,      43296 total
- age   6:       4784 bytes,      48080 total
- age   7:       4960 bytes,      53040 total
- age   8:       5320 bytes,      58360 total
- age   9:       4032 bytes,      62392 total
- age  10:       3984 bytes,      66376 total
- age  11:       4032 bytes,      70408 total
- age  12:       3984 bytes,      74392 total
- age  13:       4032 bytes,      78424 total
- age  14:      60168 bytes,     138592 total
- age  15:       3984 bytes,     142576 total
: 2288K->139K(2432K), 0.0006177 secs] 3405K->1256K(7936K), 0.0006857 secs] [Times: user=0.00 sys=0.00, real=0.00 secs] 
2017-07-06T17:12:32.193+0900: 3.897: [GC2017-07-06T17:12:32.193+0900: 3.897: [DefNew
Desired survivor size 131072 bytes, new threshold 15 (max 15)
- age   1:      16384 bytes,      16384 total
- age   2:       4784 bytes,      21168 total
- age   3:       4704 bytes,      25872 total
- age   4:       4704 bytes,      30576 total
- age   5:       4648 bytes,      35224 total
- age   6:       4704 bytes,      39928 total
- age   7:       4784 bytes,      44712 total
- age   8:       4960 bytes,      49672 total
- age   9:       5320 bytes,      54992 total
- age  10:       4032 bytes,      59024 total
- age  11:       3984 bytes,      63008 total
- age  12:       4032 bytes,      67040 total
- age  13:       3984 bytes,      71024 total
- age  14:       4032 bytes,      75056 total
: 2315K->73K(2432K), 0.0006647 secs] 3432K->1253K(7936K), 0.0007358 secs] [Times: user=0.00 sys=0.00, real=0.00 secs] 
2017-07-06T17:12:32.215+0900: 3.920: [GC2017-07-06T17:12:32.215+0900: 3.920: [DefNew
Desired survivor size 131072 bytes, new threshold 15 (max 15)
- age   1:      16384 bytes,      16384 total
- age   2:       4840 bytes,      21224 total
- age   3:       4648 bytes,      25872 total
- age   4:       4704 bytes,      30576 total
- age   5:       4704 bytes,      35280 total
- age   6:       4648 bytes,      39928 total
- age   7:       4704 bytes,      44632 total
- age   8:       4784 bytes,      49416 total
- age   9:       4960 bytes,      54376 total
- age  10:       5320 bytes,      59696 total
- age  11:       4032 bytes,      63728 total
- age  12:       3984 bytes,      67712 total
- age  13:       4032 bytes,      71744 total
- age  14:       3984 bytes,      75728 total
- age  15:       4032 bytes,      79760 total
: 2249K->77K(2432K), 0.0005351 secs] 3429K->1258K(7936K), 0.0006078 secs] [Times: user=0.00 sys=0.00, real=0.00 secs] 
2017-07-06T17:12:32.238+0900: 3.942: [GC2017-07-06T17:12:32.238+0900: 3.942: [DefNew
Desired survivor size 131072 bytes, new threshold 15 (max 15)
- age   1:      24400 bytes,      24400 total
- age   2:       4840 bytes,      29240 total
- age   3:       4704 bytes,      33944 total
- age   4:       4648 bytes,      38592 total
- age   5:       4704 bytes,      43296 total
- age   6:       4704 bytes,      48000 total
- age   7:       4648 bytes,      52648 total
- age   8:       4704 bytes,      57352 total
- age   9:       4784 bytes,      62136 total
- age  10:       4960 bytes,      67096 total
- age  11:       5320 bytes,      72416 total
- age  12:       4032 bytes,      76448 total
- age  13:       3984 bytes,      80432 total
- age  14:       4032 bytes,      84464 total
- age  15:       3984 bytes,      88448 total
: 2240K->86K(2432K), 0.0005535 secs] 3420K->1270K(7936K), 0.0006275 secs] [Times: user=0.00 sys=0.00, real=0.00 secs] 
2017-07-06T17:12:32.260+0900: 3.964: [GC2017-07-06T17:12:32.260+0900: 3.964: [DefNew
Desired survivor size 131072 bytes, new threshold 15 (max 15)
- age   1:      16384 bytes,      16384 total
- age   2:       4784 bytes,      21168 total
- age   3:       4704 bytes,      25872 total
- age   4:       4704 bytes,      30576 total
- age   5:       4648 bytes,      35224 total
- age   6:       4704 bytes,      39928 total
- age   7:       4704 bytes,      44632 total
- age   8:       4648 bytes,      49280 total
- age   9:       4704 bytes,      53984 total
- age  10:       4784 bytes,      58768 total
- age  11:       4960 bytes,      63728 total
- age  12:       5320 bytes,      69048 total
- age  13:       4032 bytes,      73080 total
- age  14:       3984 bytes,      77064 total
- age  15:       4032 bytes,      81096 total
: 2262K->79K(2432K), 0.0005449 secs] 3446K->1267K(7936K), 0.0006121 secs] [Times: user=0.00 sys=0.00, real=0.00 secs] 
2017-07-06T17:12:32.284+0900: 3.988: [GC2017-07-06T17:12:32.284+0900: 3.988: [DefNew
Desired survivor size 131072 bytes, new threshold 15 (max 15)
- age   1:      24400 bytes,      24400 total
- age   2:       4840 bytes,      29240 total
- age   3:       4648 bytes,      33888 total
- age   4:       4704 bytes,      38592 total
- age   5:       4704 bytes,      43296 total
- age   6:       4648 bytes,      47944 total
- age   7:       4704 bytes,      52648 total
- age   8:       4704 bytes,      57352 total
- age   9:       4648 bytes,      62000 total
- age  10:       4704 bytes,      66704 total
- age  11:       4784 bytes,      71488 total
- age  12:       4960 bytes,      76448 total
- age  13:       5320 bytes,      81768 total
- age  14:       4032 bytes,      85800 total
- age  15:       3984 bytes,      89784 total
: 2239K->87K(2432K), 0.0006729 secs] 3427K->1279K(7936K), 0.0007581 secs] [Times: user=0.00 sys=0.00, real=0.00 secs] 
2017-07-06T17:12:32.312+0900: 4.016: [GC2017-07-06T17:12:32.312+0900: 4.016: [DefNew
Desired survivor size 131072 bytes, new threshold 15 (max 15)
- age   1:      16384 bytes,      16384 total
- age   2:       4784 bytes,      21168 total
- age   3:       4704 bytes,      25872 total
- age   4:       4648 bytes,      30520 total
- age   5:       4704 bytes,      35224 total
- age   6:       4704 bytes,      39928 total
- age   7:       4648 bytes,      44576 total
- age   8:       4704 bytes,      49280 total
- age   9:       4704 bytes,      53984 total
- age  10:       4648 bytes,      58632 total
- age  11:       4704 bytes,      63336 total
- age  12:       4784 bytes,      68120 total
- age  13:       4960 bytes,      73080 total
- age  14:       5320 bytes,      78400 total
- age  15:       4032 bytes,      82432 total
: 2263K->80K(2432K), 0.0005697 secs] 3455K->1276K(7936K), 0.0006408 secs] [Times: user=0.00 sys=0.00, real=0.00 secs] 
2017-07-06T17:12:32.334+0900: 4.038: [GC2017-07-06T17:12:32.334+0900: 4.038: [DefNew
Desired survivor size 131072 bytes, new threshold 15 (max 15)
- age   1:      24400 bytes,      24400 total
- age   2:       4840 bytes,      29240 total
- age   3:       4648 bytes,      33888 total
- age   4:       4704 bytes,      38592 total
- age   5:       4648 bytes,      43240 total
- age   6:       4704 bytes,      47944 total
- age   7:       4704 bytes,      52648 total
- age   8:       4648 bytes,      57296 total
- age   9:       4704 bytes,      62000 total
- age  10:       4704 bytes,      66704 total
- age  11:       4648 bytes,      71352 total
- age  12:       4704 bytes,      76056 total
- age  13:       4784 bytes,      80840 total
- age  14:       4960 bytes,      85800 total
- age  15:       5320 bytes,      91120 total
: 2240K->88K(2432K), 0.0005428 secs] 3437K->1288K(7936K), 0.0006160 secs] [Times: user=0.00 sys=0.00, real=0.00 secs] 
2017-07-06T17:12:32.356+0900: 4.060: [GC2017-07-06T17:12:32.356+0900: 4.060: [DefNew
Desired survivor size 131072 bytes, new threshold 15 (max 15)
- age   1:      16384 bytes,      16384 total
- age   2:       4784 bytes,      21168 total
- age   3:       4704 bytes,      25872 total
- age   4:       4648 bytes,      30520 total
- age   5:       4704 bytes,      35224 total
- age   6:       4648 bytes,      39872 total
- age   7:       4704 bytes,      44576 total
- age   8:       4704 bytes,      49280 total
- age   9:       4648 bytes,      53928 total
- age  10:       4704 bytes,      58632 total
- age  11:       4704 bytes,      63336 total
- age  12:       4648 bytes,      67984 total
- age  13:       4704 bytes,      72688 total
- age  14:       4784 bytes,      77472 total
- age  15:       4960 bytes,      82432 total
: 2264K->80K(2432K), 0.0005487 secs] 3464K->1285K(7936K), 0.0006130 secs] [Times: user=0.00 sys=0.00, real=0.00 secs] 
2017-07-06T17:12:32.378+0900: 4.083: [GC2017-07-06T17:12:32.378+0900: 4.083: [DefNew
Desired survivor size 131072 bytes, new threshold 15 (max 15)
- age   1:      24400 bytes,      24400 total
- age   2:       4840 bytes,      29240 total
- age   3:       4648 bytes,      33888 total
- age   4:       4704 bytes,      38592 total
- age   5:       4648 bytes,      43240 total
- age   6:       4704 bytes,      47944 total
- age   7:       4648 bytes,      52592 total
- age   8:       4704 bytes,      57296 total
- age   9:       4704 bytes,      62000 total
- age  10:       4648 bytes,      66648 total
- age  11:       4704 bytes,      71352 total
- age  12:       4704 bytes,      76056 total
- age  13:       4648 bytes,      80704 total
- age  14:       4704 bytes,      85408 total
- age  15:       4784 bytes,      90192 total
: 2241K->88K(2432K), 0.0005479 secs] 3446K->1298K(7936K), 0.0006160 secs] [Times: user=0.00 sys=0.00, real=0.00 secs] 
2017-07-06T17:12:32.403+0900: 4.107: [GC2017-07-06T17:12:32.403+0900: 4.107: [DefNew
Desired survivor size 131072 bytes, new threshold 15 (max 15)
- age   1:      16384 bytes,      16384 total
- age   2:       4784 bytes,      21168 total
- age   3:       4704 bytes,      25872 total
- age   4:       4648 bytes,      30520 total
- age   5:       4704 bytes,      35224 total
- age   6:       4648 bytes,      39872 total
- age   7:       4704 bytes,      44576 total
- age   8:       4648 bytes,      49224 total
- age   9:       4704 bytes,      53928 total
- age  10:       4704 bytes,      58632 total
- age  11:       4648 bytes,      63280 total
- age  12:       4704 bytes,      67984 total
- age  13:       4704 bytes,      72688 total
- age  14:       4648 bytes,      77336 total
- age  15:       4704 bytes,      82040 total
: 2264K->80K(2432K), 0.0005714 secs] 3474K->1294K(7936K), 0.0006485 secs] [Times: user=0.00 sys=0.00, real=0.00 secs] 
2017-07-06T17:12:32.433+0900: 4.137: [GC2017-07-06T17:12:32.433+0900: 4.137: [DefNew
Desired survivor size 131072 bytes, new threshold 15 (max 15)
- age   1:      16384 bytes,      16384 total
- age   2:       4840 bytes,      21224 total
- age   3:       4648 bytes,      25872 total
- age   4:       4704 bytes,      30576 total
- age   5:       4648 bytes,      35224 total
- age   6:       4704 bytes,      39928 total
- age   7:       4648 bytes,      44576 total
- age   8:       4704 bytes,      49280 total
- age   9:       4648 bytes,      53928 total
- age  10:       4704 bytes,      58632 total
- age  11:       4704 bytes,      63336 total
- age  12:       4648 bytes,      67984 total
- age  13:       4704 bytes,      72688 total
- age  14:       4704 bytes,      77392 total
- age  15:       4648 bytes,      82040 total
: 2256K->80K(2432K), 0.0005487 secs] 3470K->1299K(7936K), 0.0006271 secs] [Times: user=0.00 sys=0.00, real=0.00 secs] 
2017-07-06T17:12:32.455+0900: 4.159: [GC2017-07-06T17:12:32.455+0900: 4.159: [DefNew
Desired survivor size 131072 bytes, new threshold 15 (max 15)
- age   1:      24400 bytes,      24400 total
- age   2:       4840 bytes,      29240 total
- age   3:       4704 bytes,      33944 total
- age   4:       4648 bytes,      38592 total
- age   5:       4704 bytes,      43296 total
- age   6:       4648 bytes,      47944 total
- age   7:       4704 bytes,      52648 total
- age   8:       4648 bytes,      57296 total
- age   9:       4704 bytes,      62000 total
- age  10:       4648 bytes,      66648 total
- age  11:       4704 bytes,      71352 total
- age  12:       4704 bytes,      76056 total
- age  13:       4648 bytes,      80704 total
- age  14:       4704 bytes,      85408 total
- age  15:       4704 bytes,      90112 total
: 2243K->88K(2432K), 0.0005312 secs] 3462K->1311K(7936K), 0.0006014 secs] [Times: user=0.00 sys=0.00, real=0.00 secs] 
2017-07-06T17:12:32.477+0900: 4.181: [GC2017-07-06T17:12:32.477+0900: 4.181: [DefNew
Desired survivor size 131072 bytes, new threshold 15 (max 15)
- age   1:      16384 bytes,      16384 total
- age   2:       4784 bytes,      21168 total
- age   3:       4704 bytes,      25872 total
- age   4:       4704 bytes,      30576 total
- age   5:       4648 bytes,      35224 total
- age   6:       4704 bytes,      39928 total
- age   7:       4648 bytes,      44576 total
- age   8:       4704 bytes,      49280 total
- age   9:       4648 bytes,      53928 total
- age  10:       4704 bytes,      58632 total
- age  11:       4648 bytes,      63280 total
- age  12:       4704 bytes,      67984 total
- age  13:       4704 bytes,      72688 total
- age  14:       4648 bytes,      77336 total
- age  15:       4704 bytes,      82040 total
: 2256K->80K(2432K), 0.0005244 secs] 3479K->1308K(7936K), 0.0005928 secs] [Times: user=0.00 sys=0.00, real=0.00 secs] 
2017-07-06T17:12:32.499+0900: 4.204: [GC2017-07-06T17:12:32.499+0900: 4.204: [DefNew
Desired survivor size 131072 bytes, new threshold 15 (max 15)
- age   1:      24400 bytes,      24400 total
- age   2:       4840 bytes,      29240 total
- age   3:       4648 bytes,      33888 total
- age   4:       4704 bytes,      38592 total
- age   5:       4704 bytes,      43296 total
- age   6:       4648 bytes,      47944 total
- age   7:       4704 bytes,      52648 total
- age   8:       4648 bytes,      57296 total
- age   9:       4704 bytes,      62000 total
- age  10:       4648 bytes,      66648 total
- age  11:       4704 bytes,      71352 total
- age  12:       4648 bytes,      76000 total
- age  13:       4704 bytes,      80704 total
- age  14:       4704 bytes,      85408 total
- age  15:       4648 bytes,      90056 total
: 2241K->87K(2432K), 0.0005376 secs] 3469K->1320K(7936K), 0.0006074 secs] [Times: user=0.00 sys=0.00, real=0.00 secs] 
2017-07-06T17:12:32.522+0900: 4.227: [GC2017-07-06T17:12:32.522+0900: 4.227: [DefNew
Desired survivor size 131072 bytes, new threshold 15 (max 15)
- age   1:      16384 bytes,      16384 total
- age   2:       4784 bytes,      21168 total
- age   3:       4704 bytes,      25872 total
- age   4:       4648 bytes,      30520 total
- age   5:       4704 bytes,      35224 total
- age   6:       4704 bytes,      39928 total
- age   7:       4648 bytes,      44576 total
- age   8:       4704 bytes,      49280 total
- age   9:       4648 bytes,      53928 total
- age  10:       4704 bytes,      58632 total
- age  11:       4648 bytes,      63280 total
- age  12:       4704 bytes,      67984 total
- age  13:       4648 bytes,      72632 total
- age  14:       4704 bytes,      77336 total
- age  15:       4704 bytes,      82040 total
: 2263K->80K(2432K), 0.0006202 secs] 3496K->1317K(7936K), 0.0007803 secs] [Times: user=0.00 sys=0.00, real=0.00 secs] 
2017-07-06T17:12:32.551+0900: 4.255: [GC2017-07-06T17:12:32.551+0900: 4.256: [DefNew
Desired survivor size 131072 bytes, new threshold 15 (max 15)
- age   1:      24400 bytes,      24400 total
- age   2:       4840 bytes,      29240 total
- age   3:       4648 bytes,      33888 total
- age   4:       4704 bytes,      38592 total
- age   5:       4648 bytes,      43240 total
- age   6:       4704 bytes,      47944 total
- age   7:       4704 bytes,      52648 total
- age   8:       4648 bytes,      57296 total
- age   9:       4704 bytes,      62000 total
- age  10:       4648 bytes,      66648 total
- age  11:       4704 bytes,      71352 total
- age  12:       4648 bytes,      76000 total
- age  13:       4704 bytes,      80704 total
- age  14:       4648 bytes,      85352 total
- age  15:       4704 bytes,      90056 total
: 2241K->87K(2432K), 0.0005376 secs] 3478K->1330K(7936K), 0.0006078 secs] [Times: user=0.00 sys=0.00, real=0.00 secs] 
2017-07-06T17:12:32.574+0900: 4.278: [GC2017-07-06T17:12:32.574+0900: 4.279: [DefNew
Desired survivor size 131072 bytes, new threshold 15 (max 15)
- age   1:      16384 bytes,      16384 total
- age   2:       4784 bytes,      21168 total
- age   3:       4704 bytes,      25872 total
- age   4:       4648 bytes,      30520 total
- age   5:       4704 bytes,      35224 total
- age   6:       4648 bytes,      39872 total
- age   7:       4704 bytes,      44576 total
- age   8:       4704 bytes,      49280 total
- age   9:       4648 bytes,      53928 total
- age  10:       4704 bytes,      58632 total
- age  11:       4648 bytes,      63280 total
- age  12:       4704 bytes,      67984 total
- age  13:       4648 bytes,      72632 total
- age  14:       4704 bytes,      77336 total
- age  15:       4648 bytes,      81984 total
: 2263K->80K(2432K), 0.0005599 secs] 3506K->1326K(7936K), 0.0006322 secs] [Times: user=0.00 sys=0.00, real=0.00 secs] 
2017-07-06T17:12:32.597+0900: 4.301: [GC2017-07-06T17:12:32.597+0900: 4.301: [DefNew
Desired survivor size 131072 bytes, new threshold 15 (max 15)
- age   1:      16384 bytes,      16384 total
- age   2:       4840 bytes,      21224 total
- age   3:       4648 bytes,      25872 total
- age   4:       4704 bytes,      30576 total
- age   5:       4648 bytes,      35224 total
- age   6:       4704 bytes,      39928 total
- age   7:       4648 bytes,      44576 total
- age   8:       4704 bytes,      49280 total
- age   9:       4704 bytes,      53984 total
- age  10:       4648 bytes,      58632 total
- age  11:       4704 bytes,      63336 total
- age  12:       4648 bytes,      67984 total
- age  13:       4704 bytes,      72688 total
- age  14:       4648 bytes,      77336 total
- age  15:       4704 bytes,      82040 total
: 2256K->80K(2432K), 0.0005244 secs] 3502K->1331K(7936K), 0.0005920 secs] [Times: user=0.00 sys=0.00, real=0.00 secs] 
2017-07-06T17:12:32.619+0900: 4.323: [GC2017-07-06T17:12:32.619+0900: 4.323: [DefNew
Desired survivor size 131072 bytes, new threshold 15 (max 15)
- age   1:      24400 bytes,      24400 total
- age   2:       4840 bytes,      29240 total
- age   3:       4704 bytes,      33944 total
- age   4:       4648 bytes,      38592 total
- age   5:       4704 bytes,      43296 total
- age   6:       4648 bytes,      47944 total
- age   7:       4704 bytes,      52648 total
- age   8:       4648 bytes,      57296 total
- age   9:       4704 bytes,      62000 total
- age  10:       4704 bytes,      66704 total
- age  11:       4648 bytes,      71352 total
- age  12:       4704 bytes,      76056 total
- age  13:       4648 bytes,      80704 total
- age  14:       4704 bytes,      85408 total
- age  15:       4648 bytes,      90056 total
: 2243K->87K(2432K), 0.0005128 secs] 3494K->1343K(7936K), 0.0005851 secs] [Times: user=0.00 sys=0.00, real=0.00 secs] 
2017-07-06T17:12:32.641+0900: 4.345: [GC2017-07-06T17:12:32.641+0900: 4.345: [DefNew
Desired survivor size 131072 bytes, new threshold 15 (max 15)
- age   1:      16384 bytes,      16384 total
- age   2:       4784 bytes,      21168 total
- age   3:       4704 bytes,      25872 total
- age   4:       4704 bytes,      30576 total
- age   5:       4648 bytes,      35224 total
- age   6:       4704 bytes,      39928 total
- age   7:       4648 bytes,      44576 total
- age   8:       4704 bytes,      49280 total
- age   9:       4648 bytes,      53928 total
- age  10:       4704 bytes,      58632 total
- age  11:       4704 bytes,      63336 total
- age  12:       4648 bytes,      67984 total
- age  13:       4704 bytes,      72688 total
- age  14:       4648 bytes,      77336 total
- age  15:       4704 bytes,      82040 total
: 2256K->80K(2432K), 0.0005188 secs] 3511K->1340K(7936K), 0.0005873 secs] [Times: user=0.00 sys=0.00, real=0.00 secs] 
2017-07-06T17:12:32.667+0900: 4.371: [GC2017-07-06T17:12:32.667+0900: 4.371: [DefNew
Desired survivor size 131072 bytes, new threshold 15 (max 15)
- age   1:      24400 bytes,      24400 total
- age   2:       4840 bytes,      29240 total
- age   3:       4648 bytes,      33888 total
- age   4:       4704 bytes,      38592 total
- age   5:       4704 bytes,      43296 total
- age   6:       4648 bytes,      47944 total
- age   7:       4704 bytes,      52648 total
- age   8:       4648 bytes,      57296 total
- age   9:       4704 bytes,      62000 total
- age  10:       4648 bytes,      66648 total
- age  11:       4704 bytes,      71352 total
- age  12:       4704 bytes,      76056 total
- age  13:       4648 bytes,      80704 total
- age  14:       4704 bytes,      85408 total
- age  15:       4648 bytes,      90056 total
: 2241K->87K(2432K), 0.0005997 secs] 3501K->1352K(7936K), 0.0006870 secs] [Times: user=0.00 sys=0.00, real=0.00 secs] 
2017-07-06T17:12:32.690+0900: 4.395: [GC2017-07-06T17:12:32.690+0900: 4.395: [DefNew
Desired survivor size 131072 bytes, new threshold 15 (max 15)
- age   1:      16384 bytes,      16384 total
- age   2:       4784 bytes,      21168 total
- age   3:       4704 bytes,      25872 total
- age   4:       4648 bytes,      30520 total
- age   5:       4704 bytes,      35224 total
- age   6:       4704 bytes,      39928 total
- age   7:       4648 bytes,      44576 total
- age   8:       4704 bytes,      49280 total
- age   9:       4648 bytes,      53928 total
- age  10:       4704 bytes,      58632 total
- age  11:       4648 bytes,      63280 total
- age  12:       4704 bytes,      67984 total
- age  13:       4704 bytes,      72688 total
- age  14:       4648 bytes,      77336 total
- age  15:       4704 bytes,      82040 total
: 2263K->80K(2432K), 0.0005295 secs] 3528K->1349K(7936K), 0.0005997 secs] [Times: user=0.00 sys=0.00, real=0.00 secs] 
2017-07-06T17:12:32.712+0900: 4.417: [GC2017-07-06T17:12:32.713+0900: 4.417: [DefNew
Desired survivor size 131072 bytes, new threshold 15 (max 15)
- age   1:      24400 bytes,      24400 total
- age   2:       4840 bytes,      29240 total
- age   3:       4648 bytes,      33888 total
- age   4:       4704 bytes,      38592 total
- age   5:       4648 bytes,      43240 total
- age   6:       4704 bytes,      47944 total
- age   7:       4704 bytes,      52648 total
- age   8:       4648 bytes,      57296 total
- age   9:       4704 bytes,      62000 total
- age  10:       4648 bytes,      66648 total
- age  11:       4704 bytes,      71352 total
- age  12:       4648 bytes,      76000 total
- age  13:       4704 bytes,      80704 total
- age  14:       4704 bytes,      85408 total
- age  15:       4648 bytes,      90056 total
: 2241K->87K(2432K), 0.0005145 secs] 3510K->1362K(7936K), 0.0005886 secs] [Times: user=0.00 sys=0.00, real=0.00 secs] 
2017-07-06T17:12:32.734+0900: 4.439: [GC2017-07-06T17:12:32.734+0900: 4.439: [DefNew
Desired survivor size 131072 bytes, new threshold 15 (max 15)
- age   1:      16384 bytes,      16384 total
- age   2:       4784 bytes,      21168 total
- age   3:       4704 bytes,      25872 total
- age   4:       4648 bytes,      30520 total
- age   5:       4704 bytes,      35224 total
- age   6:       4648 bytes,      39872 total
- age   7:       4704 bytes,      44576 total
- age   8:       4704 bytes,      49280 total
- age   9:       4648 bytes,      53928 total
- age  10:       4704 bytes,      58632 total
- age  11:       4648 bytes,      63280 total
- age  12:       4704 bytes,      67984 total
- age  13:       4648 bytes,      72632 total
- age  14:       4704 bytes,      77336 total
- age  15:       4704 bytes,      82040 total
: 2263K->80K(2432K), 0.0005059 secs] 3538K->1358K(7936K), 0.0005702 secs] [Times: user=0.00 sys=0.00, real=0.00 secs] 
2017-07-06T17:12:32.760+0900: 4.465: [GC2017-07-06T17:12:32.760+0900: 4.465: [DefNew
Desired survivor size 131072 bytes, new threshold 15 (max 15)
- age   1:      16384 bytes,      16384 total
- age   2:       4840 bytes,      21224 total
- age   3:       4648 bytes,      25872 total
- age   4:       4704 bytes,      30576 total
- age   5:       4648 bytes,      35224 total
- age   6:       4704 bytes,      39928 total
- age   7:       4648 bytes,      44576 total
- age   8:       4704 bytes,      49280 total
- age   9:       4704 bytes,      53984 total
- age  10:       4648 bytes,      58632 total
- age  11:       4704 bytes,      63336 total
- age  12:       4648 bytes,      67984 total
- age  13:       4704 bytes,      72688 total
- age  14:       4648 bytes,      77336 total
- age  15:       4704 bytes,      82040 total
: 2256K->80K(2432K), 0.0007084 secs] 3534K->1363K(7936K), 0.0007893 secs] [Times: user=0.00 sys=0.00, real=0.00 secs] 
2017-07-06T17:12:32.787+0900: 4.491: [GC2017-07-06T17:12:32.787+0900: 4.491: [DefNew
Desired survivor size 131072 bytes, new threshold 15 (max 15)
- age   1:      24400 bytes,      24400 total
- age   2:       4840 bytes,      29240 total
- age   3:       4704 bytes,      33944 total
- age   4:       4648 bytes,      38592 total
- age   5:       4704 bytes,      43296 total
- age   6:       4648 bytes,      47944 total
- age   7:       4704 bytes,      52648 total
- age   8:       4648 bytes,      57296 total
- age   9:       4704 bytes,      62000 total
- age  10:       4704 bytes,      66704 total
- age  11:       4648 bytes,      71352 total
- age  12:       4704 bytes,      76056 total
- age  13:       4648 bytes,      80704 total
- age  14:       4704 bytes,      85408 total
- age  15:       4648 bytes,      90056 total
: 2243K->87K(2432K), 0.0005329 secs] 3526K->1375K(7936K), 0.0006040 secs] [Times: user=0.00 sys=0.00, real=0.00 secs] 
2017-07-06T17:12:32.809+0900: 4.514: [GC2017-07-06T17:12:32.809+0900: 4.514: [DefNew
Desired survivor size 131072 bytes, new threshold 15 (max 15)
- age   1:      16384 bytes,      16384 total
- age   2:       4784 bytes,      21168 total
- age   3:       4704 bytes,      25872 total
- age   4:       4704 bytes,      30576 total
- age   5:       4648 bytes,      35224 total
- age   6:       4704 bytes,      39928 total
- age   7:       4648 bytes,      44576 total
- age   8:       4704 bytes,      49280 total
- age   9:       4648 bytes,      53928 total
- age  10:       4704 bytes,      58632 total
- age  11:       4704 bytes,      63336 total
- age  12:       4648 bytes,      67984 total
- age  13:       4704 bytes,      72688 total
- age  14:       4648 bytes,      77336 total
- age  15:       4704 bytes,      82040 total
: 2256K->80K(2432K), 0.0005333 secs] 3543K->1372K(7936K), 0.0006082 secs] [Times: user=0.00 sys=0.00, real=0.00 secs] 
2017-07-06T17:12:32.831+0900: 4.535: [GC2017-07-06T17:12:32.831+0900: 4.535: [DefNew
Desired survivor size 131072 bytes, new threshold 15 (max 15)
- age   1:      24400 bytes,      24400 total
- age   2:       4840 bytes,      29240 total
- age   3:       4648 bytes,      33888 total
- age   4:       4704 bytes,      38592 total
- age   5:       4704 bytes,      43296 total
- age   6:       4648 bytes,      47944 total
- age   7:       4704 bytes,      52648 total
- age   8:       4648 bytes,      57296 total
- age   9:       4704 bytes,      62000 total
- age  10:       4648 bytes,      66648 total
- age  11:       4704 bytes,      71352 total
- age  12:       4704 bytes,      76056 total
- age  13:       4648 bytes,      80704 total
- age  14:       4704 bytes,      85408 total
- age  15:       4648 bytes,      90056 total
: 2241K->87K(2432K), 0.0005218 secs] 3533K->1384K(7936K), 0.0005933 secs] [Times: user=0.00 sys=0.00, real=0.00 secs] 
2017-07-06T17:12:32.853+0900: 4.557: [GC2017-07-06T17:12:32.853+0900: 4.557: [DefNew
Desired survivor size 131072 bytes, new threshold 15 (max 15)
- age   1:      16384 bytes,      16384 total
- age   2:       4784 bytes,      21168 total
- age   3:       4704 bytes,      25872 total
- age   4:       4648 bytes,      30520 total
- age   5:       4704 bytes,      35224 total
- age   6:       4704 bytes,      39928 total
- age   7:       4648 bytes,      44576 total
- age   8:       4704 bytes,      49280 total
- age   9:       4648 bytes,      53928 total
- age  10:       4704 bytes,      58632 total
- age  11:       4648 bytes,      63280 total
- age  12:       4704 bytes,      67984 total
- age  13:       4704 bytes,      72688 total
- age  14:       4648 bytes,      77336 total
- age  15:       4704 bytes,      82040 total
: 2263K->80K(2432K), 0.0005308 secs] 3560K->1381K(7936K), 0.0005975 secs] [Times: user=0.00 sys=0.00, real=0.00 secs] 
2017-07-06T17:12:32.879+0900: 4.583: [GC2017-07-06T17:12:32.879+0900: 4.583: [DefNew
Desired survivor size 131072 bytes, new threshold 15 (max 15)
- age   1:      24400 bytes,      24400 total
- age   2:       4840 bytes,      29240 total
- age   3:       4648 bytes,      33888 total
- age   4:       4704 bytes,      38592 total
- age   5:       4648 bytes,      43240 total
- age   6:       4704 bytes,      47944 total
- age   7:       4704 bytes,      52648 total
- age   8:       4648 bytes,      57296 total
- age   9:       4704 bytes,      62000 total
- age  10:       4648 bytes,      66648 total
- age  11:       4704 bytes,      71352 total
- age  12:       4648 bytes,      76000 total
- age  13:       4704 bytes,      80704 total
- age  14:       4704 bytes,      85408 total
- age  15:       4648 bytes,      90056 total
: 2241K->87K(2432K), 0.0005479 secs] 3542K->1394K(7936K), 0.0006241 secs] [Times: user=0.00 sys=0.00, real=0.00 secs] 
2017-07-06T17:12:32.904+0900: 4.608: [GC2017-07-06T17:12:32.904+0900: 4.608: [DefNew
Desired survivor size 131072 bytes, new threshold 15 (max 15)
- age   1:      16384 bytes,      16384 total
- age   2:       4784 bytes,      21168 total
- age   3:       4704 bytes,      25872 total
- age   4:       4648 bytes,      30520 total
- age   5:       4704 bytes,      35224 total
- age   6:       4648 bytes,      39872 total
- age   7:       4704 bytes,      44576 total
- age   8:       4704 bytes,      49280 total
- age   9:       4648 bytes,      53928 total
- age  10:       4704 bytes,      58632 total
- age  11:       4648 bytes,      63280 total
- age  12:       4704 bytes,      67984 total
- age  13:       4648 bytes,      72632 total
- age  14:       4704 bytes,      77336 total
- age  15:       4704 bytes,      82040 total
: 2263K->80K(2432K), 0.0005329 secs] 3570K->1390K(7936K), 0.0006031 secs] [Times: user=0.00 sys=0.00, real=0.00 secs] 
2017-07-06T17:12:32.926+0900: 4.631: [GC2017-07-06T17:12:32.926+0900: 4.631: [DefNew
Desired survivor size 131072 bytes, new threshold 15 (max 15)
- age   1:      16384 bytes,      16384 total
- age   2:       4840 bytes,      21224 total
- age   3:       4648 bytes,      25872 total
- age   4:       4704 bytes,      30576 total
- age   5:       4648 bytes,      35224 total
- age   6:       4704 bytes,      39928 total
- age   7:       4648 bytes,      44576 total
- age   8:       4704 bytes,      49280 total
- age   9:       4704 bytes,      53984 total
- age  10:       4648 bytes,      58632 total
- age  11:       4704 bytes,      63336 total
- age  12:       4648 bytes,      67984 total
- age  13:       4704 bytes,      72688 total
- age  14:       4648 bytes,      77336 total
- age  15:       4704 bytes,      82040 total
: 2256K->80K(2432K), 0.0005201 secs] 3566K->1395K(7936K), 0.0005928 secs] [Times: user=0.00 sys=0.00, real=0.00 secs] 
2017-07-06T17:12:32.948+0900: 4.652: [GC2017-07-06T17:12:32.948+0900: 4.652: [DefNew
Desired survivor size 131072 bytes, new threshold 15 (max 15)
- age   1:      24400 bytes,      24400 total
- age   2:       4840 bytes,      29240 total
- age   3:       4704 bytes,      33944 total
- age   4:       4648 bytes,      38592 total
- age   5:       4704 bytes,      43296 total
- age   6:       4648 bytes,      47944 total
- age   7:       4704 bytes,      52648 total
- age   8:       4648 bytes,      57296 total
- age   9:       4704 bytes,      62000 total
- age  10:       4704 bytes,      66704 total
- age  11:       4648 bytes,      71352 total
- age  12:       4704 bytes,      76056 total
- age  13:       4648 bytes,      80704 total
- age  14:       4704 bytes,      85408 total
- age  15:       4648 bytes,      90056 total
: 2243K->87K(2432K), 0.0005115 secs] 3558K->1407K(7936K), 0.0005779 secs] [Times: user=0.00 sys=0.00, real=0.00 secs] 
2017-07-06T17:12:32.970+0900: 4.674: [GC2017-07-06T17:12:32.970+0900: 4.674: [DefNew
Desired survivor size 131072 bytes, new threshold 15 (max 15)
- age   1:      16384 bytes,      16384 total
- age   2:       4784 bytes,      21168 total
- age   3:       4704 bytes,      25872 total
- age   4:       4704 bytes,      30576 total
- age   5:       4648 bytes,      35224 total
- age   6:       4704 bytes,      39928 total
- age   7:       4648 bytes,      44576 total
- age   8:       4704 bytes,      49280 total
- age   9:       4648 bytes,      53928 total
- age  10:       4704 bytes,      58632 total
- age  11:       4704 bytes,      63336 total
- age  12:       4648 bytes,      67984 total
- age  13:       4704 bytes,      72688 total
- age  14:       4648 bytes,      77336 total
- age  15:       4704 bytes,      82040 total
: 2256K->80K(2432K), 0.0005222 secs] 3575K->1404K(7936K), 0.0005898 secs] [Times: user=0.00 sys=0.00, real=0.00 secs] 
2017-07-06T17:12:32.993+0900: 4.698: [GC2017-07-06T17:12:32.993+0900: 4.698: [DefNew
Desired survivor size 131072 bytes, new threshold 15 (max 15)
- age   1:      24400 bytes,      24400 total
- age   2:       4840 bytes,      29240 total
- age   3:       4648 bytes,      33888 total
- age   4:       4704 bytes,      38592 total
- age   5:       4704 bytes,      43296 total
- age   6:       4648 bytes,      47944 total
- age   7:       4704 bytes,      52648 total
- age   8:       4648 bytes,      57296 total
- age   9:       4704 bytes,      62000 total
- age  10:       4648 bytes,      66648 total
- age  11:       4704 bytes,      71352 total
- age  12:       4704 bytes,      76056 total
- age  13:       4648 bytes,      80704 total
- age  14:       4704 bytes,      85408 total
- age  15:       4648 bytes,      90056 total
: 2241K->87K(2432K), 0.0005813 secs] 3565K->1416K(7936K), 0.0006660 secs] [Times: user=0.00 sys=0.00, real=0.00 secs] 
2017-07-06T17:12:33.020+0900: 4.724: [GC2017-07-06T17:12:33.020+0900: 4.724: [DefNew
Desired survivor size 131072 bytes, new threshold 15 (max 15)
- age   1:      16384 bytes,      16384 total
- age   2:       4784 bytes,      21168 total
- age   3:       4704 bytes,      25872 total
- age   4:       4648 bytes,      30520 total
- age   5:       4704 bytes,      35224 total
- age   6:       4704 bytes,      39928 total
- age   7:       4648 bytes,      44576 total
- age   8:       4704 bytes,      49280 total
- age   9:       4648 bytes,      53928 total
- age  10:       4704 bytes,      58632 total
- age  11:       4648 bytes,      63280 total
- age  12:       4704 bytes,      67984 total
- age  13:       4704 bytes,      72688 total
- age  14:       4648 bytes,      77336 total
- age  15:       4704 bytes,      82040 total
: 2263K->80K(2432K), 0.0005359 secs] 3592K->1413K(7936K), 0.0006125 secs] [Times: user=0.00 sys=0.00, real=0.00 secs] 
2017-07-06T17:12:33.043+0900: 4.747: [GC2017-07-06T17:12:33.043+0900: 4.747: [DefNew
Desired survivor size 131072 bytes, new threshold 15 (max 15)
- age   1:      24400 bytes,      24400 total
- age   2:       4840 bytes,      29240 total
- age   3:       4648 bytes,      33888 total
- age   4:       4704 bytes,      38592 total
- age   5:       4648 bytes,      43240 total
- age   6:       4704 bytes,      47944 total
- age   7:       4704 bytes,      52648 total
- age   8:       4648 bytes,      57296 total
- age   9:       4704 bytes,      62000 total
- age  10:       4648 bytes,      66648 total
- age  11:       4704 bytes,      71352 total
- age  12:       4648 bytes,      76000 total
- age  13:       4704 bytes,      80704 total
- age  14:       4704 bytes,      85408 total
- age  15:       4648 bytes,      90056 total
: 2241K->87K(2432K), 0.0005214 secs] 3574K->1426K(7936K), 0.0005975 secs] [Times: user=0.00 sys=0.00, real=0.00 secs] 
2017-07-06T17:12:33.065+0900: 4.769: [GC2017-07-06T17:12:33.065+0900: 4.769: [DefNew
Desired survivor size 131072 bytes, new threshold 15 (max 15)
- age   1:      16384 bytes,      16384 total
- age   2:       4784 bytes,      21168 total
- age   3:       4704 bytes,      25872 total
- age   4:       4648 bytes,      30520 total
- age   5:       4704 bytes,      35224 total
- age   6:       4648 bytes,      39872 total
- age   7:       4704 bytes,      44576 total
- age   8:       4704 bytes,      49280 total
- age   9:       4648 bytes,      53928 total
- age  10:       4704 bytes,      58632 total
- age  11:       4648 bytes,      63280 total
- age  12:       4704 bytes,      67984 total
- age  13:       4648 bytes,      72632 total
- age  14:       4704 bytes,      77336 total
- age  15:       4704 bytes,      82040 total
: 2263K->80K(2432K), 0.0005141 secs] 3602K->1422K(7936K), 0.0005791 secs] [Times: user=0.00 sys=0.00, real=0.00 secs] 
2017-07-06T17:12:33.087+0900: 4.791: [GC2017-07-06T17:12:33.087+0900: 4.791: [DefNew
Desired survivor size 131072 bytes, new threshold 15 (max 15)
- age   1:      16384 bytes,      16384 total
- age   2:       4840 bytes,      21224 total
- age   3:       4648 bytes,      25872 total
- age   4:       4704 bytes,      30576 total
- age   5:       4648 bytes,      35224 total
- age   6:       4704 bytes,      39928 total
- age   7:       4648 bytes,      44576 total
- age   8:       4704 bytes,      49280 total
- age   9:       4704 bytes,      53984 total
- age  10:       4648 bytes,      58632 total
- age  11:       4704 bytes,      63336 total
- age  12:       4648 bytes,      67984 total
- age  13:       4704 bytes,      72688 total
- age  14:       4648 bytes,      77336 total
- age  15:       4704 bytes,      82040 total
: 2256K->80K(2432K), 0.0005137 secs] 3598K->1427K(7936K), 0.0005800 secs] [Times: user=0.00 sys=0.00, real=0.00 secs] 
2017-07-06T17:12:33.109+0900: 4.813: [GC2017-07-06T17:12:33.109+0900: 4.813: [DefNew
Desired survivor size 131072 bytes, new threshold 15 (max 15)
- age   1:      24400 bytes,      24400 total
- age   2:       4840 bytes,      29240 total
- age   3:       4704 bytes,      33944 total
- age   4:       4648 bytes,      38592 total
- age   5:       4704 bytes,      43296 total
- age   6:       4648 bytes,      47944 total
- age   7:       4704 bytes,      52648 total
- age   8:       4648 bytes,      57296 total
- age   9:       4704 bytes,      62000 total
- age  10:       4704 bytes,      66704 total
- age  11:       4648 bytes,      71352 total
- age  12:       4704 bytes,      76056 total
- age  13:       4648 bytes,      80704 total
- age  14:       4704 bytes,      85408 total
- age  15:       4648 bytes,      90056 total
: 2243K->87K(2432K), 0.0005175 secs] 3590K->1439K(7936K), 0.0005907 secs] [Times: user=0.00 sys=0.00, real=0.00 secs] 
2017-07-06T17:12:33.135+0900: 4.839: [GC2017-07-06T17:12:33.135+0900: 4.840: [DefNew
Desired survivor size 131072 bytes, new threshold 15 (max 15)
- age   1:      16384 bytes,      16384 total
- age   2:       4784 bytes,      21168 total
- age   3:       4704 bytes,      25872 total
- age   4:       4704 bytes,      30576 total
- age   5:       4648 bytes,      35224 total
- age   6:       4704 bytes,      39928 total
- age   7:       4648 bytes,      44576 total
- age   8:       4704 bytes,      49280 total
- age   9:       4648 bytes,      53928 total
- age  10:       4704 bytes,      58632 total
- age  11:       4704 bytes,      63336 total
- age  12:       4648 bytes,      67984 total
- age  13:       4704 bytes,      72688 total
- age  14:       4648 bytes,      77336 total
- age  15:       4704 bytes,      82040 total
: 2256K->80K(2432K), 0.0005380 secs] 3607K->1436K(7936K), 0.0006147 secs] [Times: user=0.00 sys=0.00, real=0.00 secs] 
2017-07-06T17:12:33.157+0900: 4.861: [GC2017-07-06T17:12:33.157+0900: 4.861: [DefNew
Desired survivor size 131072 bytes, new threshold 15 (max 15)
- age   1:      24400 bytes,      24400 total
- age   2:       4840 bytes,      29240 total
- age   3:       4648 bytes,      33888 total
- age   4:       4704 bytes,      38592 total
- age   5:       4704 bytes,      43296 total
- age   6:       4648 bytes,      47944 total
- age   7:       4704 bytes,      52648 total
- age   8:       4648 bytes,      57296 total
- age   9:       4704 bytes,      62000 total
- age  10:       4648 bytes,      66648 total
- age  11:       4704 bytes,      71352 total
- age  12:       4704 bytes,      76056 total
- age  13:       4648 bytes,      80704 total
- age  14:       4704 bytes,      85408 total
- age  15:       4648 bytes,      90056 total
: 2241K->87K(2432K), 0.0005158 secs] 3597K->1448K(7936K), 0.0005830 secs] [Times: user=0.00 sys=0.00, real=0.00 secs] 
2017-07-06T17:12:33.179+0900: 4.883: [GC2017-07-06T17:12:33.179+0900: 4.883: [DefNew
Desired survivor size 131072 bytes, new threshold 6 (max 15)
- age   1:     108160 bytes,     108160 total
- age   2:       4784 bytes,     112944 total
- age   3:       4704 bytes,     117648 total
- age   4:       4648 bytes,     122296 total
- age   5:       4704 bytes,     127000 total
- age   6:       4704 bytes,     131704 total
- age   7:       4648 bytes,     136352 total
- age   8:       4704 bytes,     141056 total
- age   9:       4648 bytes,     145704 total
- age  10:       4704 bytes,     150408 total
- age  11:       4648 bytes,     155056 total
- age  12:       4704 bytes,     159760 total
- age  13:       4704 bytes,     164464 total
- age  14:       4648 bytes,     169112 total
- age  15:       4704 bytes,     173816 total
: 2257K->169K(2432K), 0.0006493 secs] 3618K->1535K(7936K), 0.0007157 secs] [Times: user=0.00 sys=0.00, real=0.00 secs] 
2017-07-06T17:12:33.201+0900: 4.905: [GC2017-07-06T17:12:33.201+0900: 4.905: [DefNew
Desired survivor size 131072 bytes, new threshold 15 (max 15)
- age   1:      16384 bytes,      16384 total
- age   2:      88952 bytes,     105336 total
- age   3:       4648 bytes,     109984 total
- age   4:       4704 bytes,     114688 total
- age   5:       4648 bytes,     119336 total
- age   6:       4704 bytes,     124040 total
: 2345K->121K(2432K), 0.0006352 secs] 3711K->1532K(7936K), 0.0006977 secs] [Times: user=0.00 sys=0.00, real=0.00 secs] 
2017-07-06T17:12:33.222+0900: 4.927: [GC2017-07-06T17:12:33.222+0900: 4.927: [DefNew
Desired survivor size 131072 bytes, new threshold 6 (max 15)
- age   1:      24400 bytes,      24400 total
- age   2:       4840 bytes,      29240 total
- age   3:      88816 bytes,     118056 total
- age   4:       4648 bytes,     122704 total
- age   5:       4704 bytes,     127408 total
- age   6:       4648 bytes,     132056 total
- age   7:       4704 bytes,     136760 total
: 2284K->133K(2432K), 0.0005368 secs] 3695K->1544K(7936K), 0.0006048 secs] [Times: user=0.00 sys=0.00, real=0.00 secs] 
2017-07-06T17:12:33.249+0900: 4.954: [GC2017-07-06T17:12:33.249+0900: 4.954: [DefNew
Desired survivor size 131072 bytes, new threshold 6 (max 15)
- age   1:      24592 bytes,      24592 total
- age   2:       4784 bytes,      29376 total
- age   3:       4704 bytes,      34080 total
- age   4:      88816 bytes,     122896 total
- age   5:       4648 bytes,     127544 total
- age   6:       4704 bytes,     132248 total
: 2309K->129K(2432K), 0.0006528 secs] 3720K->1549K(7936K), 0.0007542 secs] [Times: user=0.00 sys=0.00, real=0.00 secs] 
2017-07-06T17:12:33.272+0900: 4.977: [GC2017-07-06T17:12:33.272+0900: 4.977: [DefNew
Desired survivor size 131072 bytes, new threshold 6 (max 15)
- age   1:      24592 bytes,      24592 total
- age   2:       4840 bytes,      29432 total
- age   3:       4648 bytes,      34080 total
- age   4:       4704 bytes,      38784 total
- age   5:      88816 bytes,     127600 total
- age   6:       4648 bytes,     132248 total
: 2305K->129K(2432K), 0.0005740 secs] 3725K->1554K(7936K), 0.0006442 secs] [Times: user=0.00 sys=0.00, real=0.00 secs] 
2017-07-06T17:12:33.295+0900: 5.000: [GC2017-07-06T17:12:33.295+0900: 5.000: [DefNew
Desired survivor size 131072 bytes, new threshold 6 (max 15)
- age   1:      24592 bytes,      24592 total
- age   2:       4840 bytes,      29432 total
- age   3:       4704 bytes,      34136 total
- age   4:       4648 bytes,      38784 total
- age   5:       4704 bytes,      43488 total
- age   6:      88816 bytes,     132304 total
: 2305K->129K(2432K), 0.0006322 secs] 3730K->1558K(7936K), 0.0007195 secs] [Times: user=0.00 sys=0.00, real=0.00 secs] 
2017-07-06T17:12:33.318+0900: 5.023: [GC2017-07-06T17:12:33.318+0900: 5.023: [DefNew
Desired survivor size 131072 bytes, new threshold 15 (max 15)
- age   1:      24592 bytes,      24592 total
- age   2:       4840 bytes,      29432 total
- age   3:       4704 bytes,      34136 total
- age   4:       4704 bytes,      38840 total
- age   5:       4648 bytes,      43488 total
- age   6:       4704 bytes,      48192 total
: 2305K->47K(2432K), 0.0006065 secs] 3734K->1563K(7936K), 0.0006780 secs] [Times: user=0.00 sys=0.00, real=0.00 secs] 
2017-07-06T17:12:33.349+0900: 5.053: [GC2017-07-06T17:12:33.349+0900: 5.053: [DefNew
Desired survivor size 131072 bytes, new threshold 15 (max 15)
- age   1:      24592 bytes,      24592 total
- age   2:       4840 bytes,      29432 total
- age   3:       4704 bytes,      34136 total
- age   4:       4704 bytes,      38840 total
- age   5:       4704 bytes,      43544 total
- age   6:       4648 bytes,      48192 total
- age   7:       4704 bytes,      52896 total
: 2223K->51K(2432K), 0.0004837 secs] 3739K->1567K(7936K), 0.0005633 secs] [Times: user=0.00 sys=0.00, real=0.00 secs] 
2017-07-06T17:12:33.390+0900: 5.094: [GC2017-07-06T17:12:33.390+0900: 5.094: [DefNew
Desired survivor size 131072 bytes, new threshold 15 (max 15)
- age   1:      24592 bytes,      24592 total
- age   2:       4840 bytes,      29432 total
- age   3:       4704 bytes,      34136 total
- age   4:       4704 bytes,      38840 total
- age   5:       4704 bytes,      43544 total
- age   6:       4704 bytes,      48248 total
- age   7:       4648 bytes,      52896 total
- age   8:       4704 bytes,      57600 total
: 2227K->56K(2432K), 0.0004670 secs] 3743K->1572K(7936K), 0.0005393 secs] [Times: user=0.00 sys=0.00, real=0.00 secs] 
2017-07-06T17:12:33.419+0900: 5.123: [GC2017-07-06T17:12:33.419+0900: 5.123: [DefNew
Desired survivor size 131072 bytes, new threshold 15 (max 15)
- age   1:      24592 bytes,      24592 total
- age   2:       4840 bytes,      29432 total
- age   3:       4704 bytes,      34136 total
- age   4:       4704 bytes,      38840 total
- age   5:       4704 bytes,      43544 total
- age   6:       4704 bytes,      48248 total
- age   7:       4704 bytes,      52952 total
- age   8:       4648 bytes,      57600 total
- age   9:       4704 bytes,      62304 total
: 2232K->60K(2432K), 0.0005710 secs] 3748K->1577K(7936K), 0.0006737 secs] [Times: user=0.00 sys=0.00, real=0.00 secs] 
2017-07-06T17:12:33.442+0900: 5.146: [GC2017-07-06T17:12:33.442+0900: 5.146: [DefNew
Desired survivor size 131072 bytes, new threshold 15 (max 15)
- age   1:      24592 bytes,      24592 total
- age   2:       4840 bytes,      29432 total
- age   3:       4704 bytes,      34136 total
- age   4:       4704 bytes,      38840 total
- age   5:       4704 bytes,      43544 total
- age   6:       4704 bytes,      48248 total
- age   7:       4704 bytes,      52952 total
- age   8:       4704 bytes,      57656 total
- age   9:       4648 bytes,      62304 total
- age  10:       4704 bytes,      67008 total
: 2236K->65K(2432K), 0.0005496 secs] 3753K->1581K(7936K), 0.0006262 secs] [Times: user=0.00 sys=0.00, real=0.00 secs] 
2017-07-06T17:12:33.464+0900: 5.168: [GC2017-07-06T17:12:33.464+0900: 5.168: [DefNew
Desired survivor size 131072 bytes, new threshold 15 (max 15)
- age   1:      24592 bytes,      24592 total
- age   2:       4840 bytes,      29432 total
- age   3:       4704 bytes,      34136 total
- age   4:       4704 bytes,      38840 total
- age   5:       4704 bytes,      43544 total
- age   6:       4704 bytes,      48248 total
- age   7:       4704 bytes,      52952 total
- age   8:       4704 bytes,      57656 total
- age   9:       4704 bytes,      62360 total
- age  10:       4648 bytes,      67008 total
- age  11:       4704 bytes,      71712 total
: 2241K->70K(2432K), 0.0004520 secs] 3757K->1586K(7936K), 0.0005162 secs] [Times: user=0.00 sys=0.00, real=0.00 secs] 
2017-07-06T17:12:33.486+0900: 5.190: [GC2017-07-06T17:12:33.486+0900: 5.190: [DefNew
Desired survivor size 131072 bytes, new threshold 15 (max 15)
- age   1:      24592 bytes,      24592 total
- age   2:       4840 bytes,      29432 total
- age   3:       4704 bytes,      34136 total
- age   4:       4704 bytes,      38840 total
- age   5:       4704 bytes,      43544 total
- age   6:       4704 bytes,      48248 total
- age   7:       4704 bytes,      52952 total
- age   8:       4704 bytes,      57656 total
- age   9:       4704 bytes,      62360 total
- age  10:       4704 bytes,      67064 total
- age  11:       4648 bytes,      71712 total
- age  12:       4704 bytes,      76416 total
: 2246K->74K(2432K), 0.0005115 secs] 3762K->1590K(7936K), 0.0005933 secs] [Times: user=0.00 sys=0.00, real=0.00 secs] 
2017-07-06T17:12:33.509+0900: 5.213: [GC2017-07-06T17:12:33.509+0900: 5.213: [DefNew
Desired survivor size 131072 bytes, new threshold 15 (max 15)
- age   1:      24592 bytes,      24592 total
- age   2:       4840 bytes,      29432 total
- age   3:       4704 bytes,      34136 total
- age   4:       4704 bytes,      38840 total
- age   5:       4704 bytes,      43544 total
- age   6:       4704 bytes,      48248 total
- age   7:       4704 bytes,      52952 total
- age   8:       4704 bytes,      57656 total
- age   9:       4704 bytes,      62360 total
- age  10:       4704 bytes,      67064 total
- age  11:       4704 bytes,      71768 total
- age  12:       4648 bytes,      76416 total
- age  13:       4704 bytes,      81120 total
: 2250K->79K(2432K), 0.0005308 secs] 3766K->1595K(7936K), 0.0006091 secs] [Times: user=0.00 sys=0.00, real=0.00 secs] 
2017-07-06T17:12:33.534+0900: 5.239: [GC2017-07-06T17:12:33.534+0900: 5.239: [DefNew
Desired survivor size 131072 bytes, new threshold 15 (max 15)
- age   1:      24592 bytes,      24592 total
- age   2:       4840 bytes,      29432 total
- age   3:       4704 bytes,      34136 total
- age   4:       4704 bytes,      38840 total
- age   5:       4704 bytes,      43544 total
- age   6:       4704 bytes,      48248 total
- age   7:       4704 bytes,      52952 total
- age   8:       4704 bytes,      57656 total
- age   9:       4704 bytes,      62360 total
- age  10:       4704 bytes,      67064 total
- age  11:       4704 bytes,      71768 total
- age  12:       4704 bytes,      76472 total
- age  13:       4648 bytes,      81120 total
- age  14:       4704 bytes,      85824 total
: 2255K->83K(2432K), 0.0005094 secs] 3771K->1600K(7936K), 0.0005851 secs] [Times: user=0.00 sys=0.00, real=0.00 secs] 
2017-07-06T17:12:33.557+0900: 5.261: [GC2017-07-06T17:12:33.557+0900: 5.261: [DefNew
Desired survivor size 131072 bytes, new threshold 15 (max 15)
- age   1:      24592 bytes,      24592 total
- age   2:       4840 bytes,      29432 total
- age   3:       4704 bytes,      34136 total
- age   4:       4704 bytes,      38840 total
- age   5:       4704 bytes,      43544 total
- age   6:       4704 bytes,      48248 total
- age   7:       4704 bytes,      52952 total
- age   8:       4704 bytes,      57656 total
- age   9:       4704 bytes,      62360 total
- age  10:       4704 bytes,      67064 total
- age  11:       4704 bytes,      71768 total
- age  12:       4704 bytes,      76472 total
- age  13:       4704 bytes,      81176 total
- age  14:       4648 bytes,      85824 total
- age  15:       4704 bytes,      90528 total
: 2259K->88K(2432K), 0.0006643 secs] 3776K->1604K(7936K), 0.0007427 secs] [Times: user=0.00 sys=0.00, real=0.00 secs] 
2017-07-06T17:12:33.580+0900: 5.285: [GC2017-07-06T17:12:33.580+0900: 5.285: [DefNew
Desired survivor size 131072 bytes, new threshold 15 (max 15)
- age   1:      24592 bytes,      24592 total
- age   2:       4840 bytes,      29432 total
- age   3:       4704 bytes,      34136 total
- age   4:       4704 bytes,      38840 total
- age   5:       4704 bytes,      43544 total
- age   6:       4704 bytes,      48248 total
- age   7:       4704 bytes,      52952 total
- age   8:       4704 bytes,      57656 total
- age   9:       4704 bytes,      62360 total
- age  10:       4704 bytes,      67064 total
- age  11:       4704 bytes,      71768 total
- age  12:       4704 bytes,      76472 total
- age  13:       4704 bytes,      81176 total
- age  14:       4704 bytes,      85880 total
- age  15:       4648 bytes,      90528 total
: 2264K->88K(2432K), 0.0005196 secs] 3780K->1609K(7936K), 0.0005868 secs] [Times: user=0.00 sys=0.00, real=0.00 secs] 
2017-07-06T17:12:33.602+0900: 5.307: [GC2017-07-06T17:12:33.602+0900: 5.307: [DefNew
Desired survivor size 131072 bytes, new threshold 15 (max 15)
- age   1:      24592 bytes,      24592 total
- age   2:       4840 bytes,      29432 total
- age   3:       4704 bytes,      34136 total
- age   4:       4704 bytes,      38840 total
- age   5:       4704 bytes,      43544 total
- age   6:       4704 bytes,      48248 total
- age   7:       4704 bytes,      52952 total
- age   8:       4704 bytes,      57656 total
- age   9:       4704 bytes,      62360 total
- age  10:       4704 bytes,      67064 total
- age  11:       4704 bytes,      71768 total
- age  12:       4704 bytes,      76472 total
- age  13:       4704 bytes,      81176 total
- age  14:       4704 bytes,      85880 total
- age  15:       4704 bytes,      90584 total
: 2264K->88K(2432K), 0.0005055 secs] 3785K->1613K(7936K), 0.0005684 secs] [Times: user=0.00 sys=0.00, real=0.00 secs] 
2017-07-06T17:12:33.624+0900: 5.328: [GC2017-07-06T17:12:33.624+0900: 5.328: [DefNew
Desired survivor size 131072 bytes, new threshold 15 (max 15)
- age   1:      24592 bytes,      24592 total
- age   2:       4840 bytes,      29432 total
- age   3:       4704 bytes,      34136 total
- age   4:       4704 bytes,      38840 total
- age   5:       4704 bytes,      43544 total
- age   6:       4704 bytes,      48248 total
- age   7:       4704 bytes,      52952 total
- age   8:       4704 bytes,      57656 total
- age   9:       4704 bytes,      62360 total
- age  10:       4704 bytes,      67064 total
- age  11:       4704 bytes,      71768 total
- age  12:       4704 bytes,      76472 total
- age  13:       4704 bytes,      81176 total
- age  14:       4704 bytes,      85880 total
- age  15:       4704 bytes,      90584 total
: 2264K->88K(2432K), 0.0005214 secs] 3789K->1618K(7936K), 0.0005941 secs] [Times: user=0.00 sys=0.00, real=0.00 secs] 
2017-07-06T17:12:33.650+0900: 5.355: [GC2017-07-06T17:12:33.650+0900: 5.355: [DefNew
Desired survivor size 131072 bytes, new threshold 15 (max 15)
- age   1:      24592 bytes,      24592 total
- age   2:       4840 bytes,      29432 total
- age   3:       4704 bytes,      34136 total
- age   4:       4704 bytes,      38840 total
- age   5:       4704 bytes,      43544 total
- age   6:       4704 bytes,      48248 total
- age   7:       4704 bytes,      52952 total
- age   8:       4704 bytes,      57656 total
- age   9:       4704 bytes,      62360 total
- age  10:       4704 bytes,      67064 total
- age  11:       4704 bytes,      71768 total
- age  12:       4704 bytes,      76472 total
- age  13:       4704 bytes,      81176 total
- age  14:       4704 bytes,      85880 total
- age  15:       4704 bytes,      90584 total
: 2264K->88K(2432K), 0.0005449 secs] 3794K->1622K(7936K), 0.0006155 secs] [Times: user=0.00 sys=0.00, real=0.00 secs] 
2017-07-06T17:12:33.672+0900: 5.377: [GC2017-07-06T17:12:33.672+0900: 5.377: [DefNew
Desired survivor size 131072 bytes, new threshold 15 (max 15)
- age   1:      24592 bytes,      24592 total
- age   2:       4840 bytes,      29432 total
- age   3:       4704 bytes,      34136 total
- age   4:       4704 bytes,      38840 total
- age   5:       4704 bytes,      43544 total
- age   6:       4704 bytes,      48248 total
- age   7:       4704 bytes,      52952 total
- age   8:       4704 bytes,      57656 total
- age   9:       4704 bytes,      62360 total
- age  10:       4704 bytes,      67064 total
- age  11:       4704 bytes,      71768 total
- age  12:       4704 bytes,      76472 total
- age  13:       4704 bytes,      81176 total
- age  14:       4704 bytes,      85880 total
- age  15:       4704 bytes,      90584 total
: 2264K->88K(2432K), 0.0005372 secs] 3798K->1627K(7936K), 0.0006048 secs] [Times: user=0.00 sys=0.00, real=0.00 secs] 
2017-07-06T17:12:33.694+0900: 5.398: [GC2017-07-06T17:12:33.694+0900: 5.399: [DefNew
Desired survivor size 131072 bytes, new threshold 15 (max 15)
- age   1:      24592 bytes,      24592 total
- age   2:       4840 bytes,      29432 total
- age   3:       4704 bytes,      34136 total
- age   4:       4704 bytes,      38840 total
- age   5:       4704 bytes,      43544 total
- age   6:       4704 bytes,      48248 total
- age   7:       4704 bytes,      52952 total
- age   8:       4704 bytes,      57656 total
- age   9:       4704 bytes,      62360 total
- age  10:       4704 bytes,      67064 total
- age  11:       4704 bytes,      71768 total
- age  12:       4704 bytes,      76472 total
- age  13:       4704 bytes,      81176 total
- age  14:       4704 bytes,      85880 total
- age  15:       4704 bytes,      90584 total
: 2264K->88K(2432K), 0.0005316 secs] 3803K->1632K(7936K), 0.0006044 secs] [Times: user=0.02 sys=0.00, real=0.00 secs] 
2017-07-06T17:12:33.716+0900: 5.420: [GC2017-07-06T17:12:33.716+0900: 5.420: [DefNew
Desired survivor size 131072 bytes, new threshold 15 (max 15)
- age   1:      24592 bytes,      24592 total
- age   2:       4840 bytes,      29432 total
- age   3:       4704 bytes,      34136 total
- age   4:       4704 bytes,      38840 total
- age   5:       4704 bytes,      43544 total
- age   6:       4704 bytes,      48248 total
- age   7:       4704 bytes,      52952 total
- age   8:       4704 bytes,      57656 total
- age   9:       4704 bytes,      62360 total
- age  10:       4704 bytes,      67064 total
- age  11:       4704 bytes,      71768 total
- age  12:       4704 bytes,      76472 total
- age  13:       4704 bytes,      81176 total
- age  14:       4704 bytes,      85880 total
- age  15:       4704 bytes,      90584 total
: 2264K->88K(2432K), 0.0005162 secs] 3808K->1636K(7936K), 0.0005796 secs] [Times: user=0.00 sys=0.00, real=0.00 secs] 
2017-07-06T17:12:33.737+0900: 5.442: [GC2017-07-06T17:12:33.737+0900: 5.442: [DefNew
Desired survivor size 131072 bytes, new threshold 15 (max 15)
- age   1:      24592 bytes,      24592 total
- age   2:       4840 bytes,      29432 total
- age   3:       4704 bytes,      34136 total
- age   4:       4704 bytes,      38840 total
- age   5:       4704 bytes,      43544 total
- age   6:       4704 bytes,      48248 total
- age   7:       4704 bytes,      52952 total
- age   8:       4704 bytes,      57656 total
- age   9:       4704 bytes,      62360 total
- age  10:       4704 bytes,      67064 total
- age  11:       4704 bytes,      71768 total
- age  12:       4704 bytes,      76472 total
- age  13:       4704 bytes,      81176 total
- age  14:       4704 bytes,      85880 total
- age  15:       4704 bytes,      90584 total
: 2264K->88K(2432K), 0.0005231 secs] 3812K->1641K(7936K), 0.0005911 secs] [Times: user=0.00 sys=0.00, real=0.00 secs] 
2017-07-06T17:12:33.762+0900: 5.467: [GC2017-07-06T17:12:33.762+0900: 5.467: [DefNew
Desired survivor size 131072 bytes, new threshold 15 (max 15)
- age   1:      24592 bytes,      24592 total
- age   2:       4840 bytes,      29432 total
- age   3:       4704 bytes,      34136 total
- age   4:       4704 bytes,      38840 total
- age   5:       4704 bytes,      43544 total
- age   6:       4704 bytes,      48248 total
- age   7:       4704 bytes,      52952 total
- age   8:       4704 bytes,      57656 total
- age   9:       4704 bytes,      62360 total
- age  10:       4704 bytes,      67064 total
- age  11:       4704 bytes,      71768 total
- age  12:       4704 bytes,      76472 total
- age  13:       4704 bytes,      81176 total
- age  14:       4704 bytes,      85880 total
- age  15:       4704 bytes,      90584 total
: 2264K->88K(2432K), 0.0005654 secs] 3817K->1645K(7936K), 0.0006412 secs] [Times: user=0.00 sys=0.00, real=0.00 secs] 
2017-07-06T17:12:33.786+0900: 5.491: [GC2017-07-06T17:12:33.786+0900: 5.491: [DefNew
Desired survivor size 131072 bytes, new threshold 15 (max 15)
- age   1:      24592 bytes,      24592 total
- age   2:       4840 bytes,      29432 total
- age   3:       4704 bytes,      34136 total
- age   4:       4704 bytes,      38840 total
- age   5:       4704 bytes,      43544 total
- age   6:       4704 bytes,      48248 total
- age   7:       4704 bytes,      52952 total
- age   8:       4704 bytes,      57656 total
- age   9:       4704 bytes,      62360 total
- age  10:       4704 bytes,      67064 total
- age  11:       4704 bytes,      71768 total
- age  12:       4704 bytes,      76472 total
- age  13:       4704 bytes,      81176 total
- age  14:       4704 bytes,      85880 total
- age  15:       4704 bytes,      90584 total
: 2264K->88K(2432K), 0.0005458 secs] 3821K->1650K(7936K), 0.0006168 secs] [Times: user=0.00 sys=0.00, real=0.00 secs] 
2017-07-06T17:12:33.808+0900: 5.513: [GC2017-07-06T17:12:33.808+0900: 5.513: [DefNew
Desired survivor size 131072 bytes, new threshold 15 (max 15)
- age   1:      24592 bytes,      24592 total
- age   2:       4840 bytes,      29432 total
- age   3:       4704 bytes,      34136 total
- age   4:       4704 bytes,      38840 total
- age   5:       4704 bytes,      43544 total
- age   6:       4704 bytes,      48248 total
- age   7:       4704 bytes,      52952 total
- age   8:       4704 bytes,      57656 total
- age   9:       4704 bytes,      62360 total
- age  10:       4704 bytes,      67064 total
- age  11:       4704 bytes,      71768 total
- age  12:       4704 bytes,      76472 total
- age  13:       4704 bytes,      81176 total
- age  14:       4704 bytes,      85880 total
- age  15:       4704 bytes,      90584 total
: 2264K->88K(2432K), 0.0005252 secs] 3826K->1655K(7936K), 0.0005911 secs] [Times: user=0.00 sys=0.00, real=0.00 secs] 
2017-07-06T17:12:33.830+0900: 5.534: [GC2017-07-06T17:12:33.830+0900: 5.534: [DefNew
Desired survivor size 131072 bytes, new threshold 15 (max 15)
- age   1:      24592 bytes,      24592 total
- age   2:       4840 bytes,      29432 total
- age   3:       4704 bytes,      34136 total
- age   4:       4704 bytes,      38840 total
- age   5:       4704 bytes,      43544 total
- age   6:       4704 bytes,      48248 total
- age   7:       4704 bytes,      52952 total
- age   8:       4704 bytes,      57656 total
- age   9:       4704 bytes,      62360 total
- age  10:       4704 bytes,      67064 total
- age  11:       4704 bytes,      71768 total
- age  12:       4704 bytes,      76472 total
- age  13:       4704 bytes,      81176 total
- age  14:       4704 bytes,      85880 total
- age  15:       4704 bytes,      90584 total
: 2264K->88K(2432K), 0.0005115 secs] 3831K->1659K(7936K), 0.0005809 secs] [Times: user=0.00 sys=0.00, real=0.00 secs] 
2017-07-06T17:12:33.851+0900: 5.556: [GC2017-07-06T17:12:33.851+0900: 5.556: [DefNew
Desired survivor size 131072 bytes, new threshold 15 (max 15)
- age   1:      24592 bytes,      24592 total
- age   2:       4840 bytes,      29432 total
- age   3:       4704 bytes,      34136 total
- age   4:       4704 bytes,      38840 total
- age   5:       4704 bytes,      43544 total
- age   6:       4704 bytes,      48248 total
- age   7:       4704 bytes,      52952 total
- age   8:       4704 bytes,      57656 total
- age   9:       4704 bytes,      62360 total
- age  10:       4704 bytes,      67064 total
- age  11:       4704 bytes,      71768 total
- age  12:       4704 bytes,      76472 total
- age  13:       4704 bytes,      81176 total
- age  14:       4704 bytes,      85880 total
- age  15:       4704 bytes,      90584 total
: 2264K->88K(2432K), 0.0005124 secs] 3835K->1664K(7936K), 0.0005749 secs] [Times: user=0.00 sys=0.00, real=0.00 secs] 
2017-07-06T17:12:33.873+0900: 5.578: [GC2017-07-06T17:12:33.873+0900: 5.578: [DefNew
Desired survivor size 131072 bytes, new threshold 15 (max 15)
- age   1:      24592 bytes,      24592 total
- age   2:       4840 bytes,      29432 total
- age   3:       4704 bytes,      34136 total
- age   4:       4704 bytes,      38840 total
- age   5:       4704 bytes,      43544 total
- age   6:       4704 bytes,      48248 total
- age   7:       4704 bytes,      52952 total
- age   8:       4704 bytes,      57656 total
- age   9:       4704 bytes,      62360 total
- age  10:       4704 bytes,      67064 total
- age  11:       4704 bytes,      71768 total
- age  12:       4704 bytes,      76472 total
- age  13:       4704 bytes,      81176 total
- age  14:       4704 bytes,      85880 total
- age  15:       4704 bytes,      90584 total
: 2264K->88K(2432K), 0.0005975 secs] 3840K->1668K(7936K), 0.0006746 secs] [Times: user=0.00 sys=0.00, real=0.00 secs] 
2017-07-06T17:12:33.899+0900: 5.603: [GC2017-07-06T17:12:33.899+0900: 5.603: [DefNew
Desired survivor size 131072 bytes, new threshold 15 (max 15)
- age   1:      24592 bytes,      24592 total
- age   2:       4840 bytes,      29432 total
- age   3:       4704 bytes,      34136 total
- age   4:       4704 bytes,      38840 total
- age   5:       4704 bytes,      43544 total
- age   6:       4704 bytes,      48248 total
- age   7:       4704 bytes,      52952 total
- age   8:       4704 bytes,      57656 total
- age   9:       4704 bytes,      62360 total
- age  10:       4704 bytes,      67064 total
- age  11:       4704 bytes,      71768 total
- age  12:       4704 bytes,      76472 total
- age  13:       4704 bytes,      81176 total
- age  14:       4704 bytes,      85880 total
- age  15:       4704 bytes,      90584 total
: 2264K->88K(2432K), 0.0005423 secs] 3844K->1673K(7936K), 0.0006125 secs] [Times: user=0.00 sys=0.00, real=0.00 secs] 
2017-07-06T17:12:33.920+0900: 5.625: [GC2017-07-06T17:12:33.920+0900: 5.625: [DefNew
Desired survivor size 131072 bytes, new threshold 15 (max 15)
- age   1:      24592 bytes,      24592 total
- age   2:       4840 bytes,      29432 total
- age   3:       4704 bytes,      34136 total
- age   4:       4704 bytes,      38840 total
- age   5:       4704 bytes,      43544 total
- age   6:       4704 bytes,      48248 total
- age   7:       4704 bytes,      52952 total
- age   8:       4704 bytes,      57656 total
- age   9:       4704 bytes,      62360 total
- age  10:       4704 bytes,      67064 total
- age  11:       4704 bytes,      71768 total
- age  12:       4704 bytes,      76472 total
- age  13:       4704 bytes,      81176 total
- age  14:       4704 bytes,      85880 total
- age  15:       4704 bytes,      90584 total
: 2264K->88K(2432K), 0.0005252 secs] 3849K->1678K(7936K), 0.0005958 secs] [Times: user=0.00 sys=0.00, real=0.00 secs] 
2017-07-06T17:12:33.942+0900: 5.646: [GC2017-07-06T17:12:33.942+0900: 5.646: [DefNew
Desired survivor size 131072 bytes, new threshold 15 (max 15)
- age   1:      24592 bytes,      24592 total
- age   2:       4840 bytes,      29432 total
- age   3:       4704 bytes,      34136 total
- age   4:       4704 bytes,      38840 total
- age   5:       4704 bytes,      43544 total
- age   6:       4704 bytes,      48248 total
- age   7:       4704 bytes,      52952 total
- age   8:       4704 bytes,      57656 total
- age   9:       4704 bytes,      62360 total
- age  10:       4704 bytes,      67064 total
- age  11:       4704 bytes,      71768 total
- age  12:       4704 bytes,      76472 total
- age  13:       4704 bytes,      81176 total
- age  14:       4704 bytes,      85880 total
- age  15:       4704 bytes,      90584 total
: 2264K->88K(2432K), 0.0005102 secs] 3854K->1682K(7936K), 0.0005740 secs] [Times: user=0.00 sys=0.00, real=0.00 secs] 
2017-07-06T17:12:33.963+0900: 5.668: [GC2017-07-06T17:12:33.963+0900: 5.668: [DefNew
Desired survivor size 131072 bytes, new threshold 15 (max 15)
- age   1:      24592 bytes,      24592 total
- age   2:       4840 bytes,      29432 total
- age   3:       4704 bytes,      34136 total
- age   4:       4704 bytes,      38840 total
- age   5:       4704 bytes,      43544 total
- age   6:       4704 bytes,      48248 total
- age   7:       4704 bytes,      52952 total
- age   8:       4704 bytes,      57656 total
- age   9:       4704 bytes,      62360 total
- age  10:       4704 bytes,      67064 total
- age  11:       4704 bytes,      71768 total
- age  12:       4704 bytes,      76472 total
- age  13:       4704 bytes,      81176 total
- age  14:       4704 bytes,      85880 total
- age  15:       4704 bytes,      90584 total
: 2264K->88K(2432K), 0.0005034 secs] 3858K->1687K(7936K), 0.0005629 secs] [Times: user=0.00 sys=0.00, real=0.00 secs] 
2017-07-06T17:12:33.985+0900: 5.689: [GC2017-07-06T17:12:33.985+0900: 5.690: [DefNew
Desired survivor size 131072 bytes, new threshold 15 (max 15)
- age   1:      24592 bytes,      24592 total
- age   2:       4840 bytes,      29432 total
- age   3:       4704 bytes,      34136 total
- age   4:       4704 bytes,      38840 total
- age   5:       4704 bytes,      43544 total
- age   6:       4704 bytes,      48248 total
- age   7:       4704 bytes,      52952 total
- age   8:       4704 bytes,      57656 total
- age   9:       4704 bytes,      62360 total
- age  10:       4704 bytes,      67064 total
- age  11:       4704 bytes,      71768 total
- age  12:       4704 bytes,      76472 total
- age  13:       4704 bytes,      81176 total
- age  14:       4704 bytes,      85880 total
- age  15:       4704 bytes,      90584 total
: 2264K->88K(2432K), 0.0005128 secs] 3863K->1691K(7936K), 0.0005783 secs] [Times: user=0.00 sys=0.00, real=0.00 secs] 
2017-07-06T17:12:34.012+0900: 5.716: [GC2017-07-06T17:12:34.012+0900: 5.717: [DefNew
Desired survivor size 131072 bytes, new threshold 15 (max 15)
- age   1:      24592 bytes,      24592 total
- age   2:       4840 bytes,      29432 total
- age   3:       4704 bytes,      34136 total
- age   4:       4704 bytes,      38840 total
- age   5:       4704 bytes,      43544 total
- age   6:       4704 bytes,      48248 total
- age   7:       4704 bytes,      52952 total
- age   8:       4704 bytes,      57656 total
- age   9:       4704 bytes,      62360 total
- age  10:       4704 bytes,      67064 total
- age  11:       4704 bytes,      71768 total
- age  12:       4704 bytes,      76472 total
- age  13:       4704 bytes,      81176 total
- age  14:       4704 bytes,      85880 total
- age  15:       4704 bytes,      90584 total
: 2264K->88K(2432K), 0.0005505 secs] 3867K->1696K(7936K), 0.0006412 secs] [Times: user=0.00 sys=0.00, real=0.00 secs] 
2017-07-06T17:12:34.034+0900: 5.738: [GC2017-07-06T17:12:34.034+0900: 5.738: [DefNew
Desired survivor size 131072 bytes, new threshold 15 (max 15)
- age   1:      24592 bytes,      24592 total
- age   2:       4840 bytes,      29432 total
- age   3:       4704 bytes,      34136 total
- age   4:       4704 bytes,      38840 total
- age   5:       4704 bytes,      43544 total
- age   6:       4704 bytes,      48248 total
- age   7:       4704 bytes,      52952 total
- age   8:       4704 bytes,      57656 total
- age   9:       4704 bytes,      62360 total
- age  10:       4704 bytes,      67064 total
- age  11:       4704 bytes,      71768 total
- age  12:       4704 bytes,      76472 total
- age  13:       4704 bytes,      81176 total
- age  14:       4704 bytes,      85880 total
- age  15:       4704 bytes,      90584 total
: 2264K->88K(2432K), 0.0005428 secs] 3872K->1701K(7936K), 0.0006112 secs] [Times: user=0.00 sys=0.00, real=0.00 secs] 
2017-07-06T17:12:34.056+0900: 5.760: [GC2017-07-06T17:12:34.056+0900: 5.760: [DefNew
Desired survivor size 131072 bytes, new threshold 15 (max 15)
- age   1:      24592 bytes,      24592 total
- age   2:       4840 bytes,      29432 total
- age   3:       4704 bytes,      34136 total
- age   4:       4704 bytes,      38840 total
- age   5:       4704 bytes,      43544 total
- age   6:       4704 bytes,      48248 total
- age   7:       4704 bytes,      52952 total
- age   8:       4704 bytes,      57656 total
- age   9:       4704 bytes,      62360 total
- age  10:       4704 bytes,      67064 total
- age  11:       4704 bytes,      71768 total
- age  12:       4704 bytes,      76472 total
- age  13:       4704 bytes,      81176 total
- age  14:       4704 bytes,      85880 total
- age  15:       4704 bytes,      90584 total
: 2264K->88K(2432K), 0.0005239 secs] 3877K->1705K(7936K), 0.0005898 secs] [Times: user=0.00 sys=0.00, real=0.00 secs] 
2017-07-06T17:12:34.079+0900: 5.783: [GC2017-07-06T17:12:34.079+0900: 5.783: [DefNew
Desired survivor size 131072 bytes, new threshold 15 (max 15)
- age   1:      24592 bytes,      24592 total
- age   2:       4840 bytes,      29432 total
- age   3:       4704 bytes,      34136 total
- age   4:       4704 bytes,      38840 total
- age   5:       4704 bytes,      43544 total
- age   6:       4704 bytes,      48248 total
- age   7:       4704 bytes,      52952 total
- age   8:       4704 bytes,      57656 total
- age   9:       4704 bytes,      62360 total
- age  10:       4704 bytes,      67064 total
- age  11:       4704 bytes,      71768 total
- age  12:       4704 bytes,      76472 total
- age  13:       4704 bytes,      81176 total
- age  14:       4704 bytes,      85880 total
- age  15:       4704 bytes,      90584 total
: 2264K->88K(2432K), 0.0005522 secs] 3881K->1710K(7936K), 0.0006228 secs] [Times: user=0.00 sys=0.00, real=0.00 secs] 
2017-07-06T17:12:34.101+0900: 5.805: [GC2017-07-06T17:12:34.101+0900: 5.805: [DefNew
Desired survivor size 131072 bytes, new threshold 15 (max 15)
- age   1:      24592 bytes,      24592 total
- age   2:       4840 bytes,      29432 total
- age   3:       4704 bytes,      34136 total
- age   4:       4704 bytes,      38840 total
- age   5:       4704 bytes,      43544 total
- age   6:       4704 bytes,      48248 total
- age   7:       4704 bytes,      52952 total
- age   8:       4704 bytes,      57656 total
- age   9:       4704 bytes,      62360 total
- age  10:       4704 bytes,      67064 total
- age  11:       4704 bytes,      71768 total
- age  12:       4704 bytes,      76472 total
- age  13:       4704 bytes,      81176 total
- age  14:       4704 bytes,      85880 total
- age  15:       4704 bytes,      90584 total
: 2264K->88K(2432K), 0.0005291 secs] 3886K->1714K(7936K), 0.0006005 secs] [Times: user=0.00 sys=0.00, real=0.00 secs] 
2017-07-06T17:12:34.126+0900: 5.831: [GC2017-07-06T17:12:34.126+0900: 5.831: [DefNew
Desired survivor size 131072 bytes, new threshold 15 (max 15)
- age   1:      24592 bytes,      24592 total
- age   2:       4840 bytes,      29432 total
- age   3:       4704 bytes,      34136 total
- age   4:       4704 bytes,      38840 total
- age   5:       4704 bytes,      43544 total
- age   6:       4704 bytes,      48248 total
- age   7:       4704 bytes,      52952 total
- age   8:       4704 bytes,      57656 total
- age   9:       4704 bytes,      62360 total
- age  10:       4704 bytes,      67064 total
- age  11:       4704 bytes,      71768 total
- age  12:       4704 bytes,      76472 total
- age  13:       4704 bytes,      81176 total
- age  14:       4704 bytes,      85880 total
- age  15:       4704 bytes,      90584 total
: 2264K->88K(2432K), 0.0006121 secs] 3890K->1719K(7936K), 0.0007016 secs] [Times: user=0.00 sys=0.00, real=0.00 secs] 
2017-07-06T17:12:34.149+0900: 5.853: [GC2017-07-06T17:12:34.149+0900: 5.853: [DefNew
Desired survivor size 131072 bytes, new threshold 15 (max 15)
- age   1:      24592 bytes,      24592 total
- age   2:       4840 bytes,      29432 total
- age   3:       4704 bytes,      34136 total
- age   4:       4704 bytes,      38840 total
- age   5:       4704 bytes,      43544 total
- age   6:       4704 bytes,      48248 total
- age   7:       4704 bytes,      52952 total
- age   8:       4704 bytes,      57656 total
- age   9:       4704 bytes,      62360 total
- age  10:       4704 bytes,      67064 total
- age  11:       4704 bytes,      71768 total
- age  12:       4704 bytes,      76472 total
- age  13:       4704 bytes,      81176 total
- age  14:       4704 bytes,      85880 total
- age  15:       4704 bytes,      90584 total
: 2264K->88K(2432K), 0.0005462 secs] 3895K->1724K(7936K), 0.0006155 secs] [Times: user=0.00 sys=0.00, real=0.00 secs] 
2017-07-06T17:12:34.171+0900: 5.876: [GC2017-07-06T17:12:34.171+0900: 5.876: [DefNew
Desired survivor size 131072 bytes, new threshold 15 (max 15)
- age   1:      24592 bytes,      24592 total
- age   2:       4840 bytes,      29432 total
- age   3:       4704 bytes,      34136 total
- age   4:       4704 bytes,      38840 total
- age   5:       4704 bytes,      43544 total
- age   6:       4704 bytes,      48248 total
- age   7:       4704 bytes,      52952 total
- age   8:       4704 bytes,      57656 total
- age   9:       4704 bytes,      62360 total
- age  10:       4704 bytes,      67064 total
- age  11:       4704 bytes,      71768 total
- age  12:       4704 bytes,      76472 total
- age  13:       4704 bytes,      81176 total
- age  14:       4704 bytes,      85880 total
- age  15:       4704 bytes,      90584 total
: 2264K->88K(2432K), 0.0005419 secs] 3900K->1728K(7936K), 0.0006070 secs] [Times: user=0.00 sys=0.00, real=0.00 secs] 
2017-07-06T17:12:34.193+0900: 5.897: [GC2017-07-06T17:12:34.193+0900: 5.897: [DefNew
Desired survivor size 131072 bytes, new threshold 15 (max 15)
- age   1:      24592 bytes,      24592 total
- age   2:       4840 bytes,      29432 total
- age   3:       4704 bytes,      34136 total
- age   4:       4704 bytes,      38840 total
- age   5:       4704 bytes,      43544 total
- age   6:       4704 bytes,      48248 total
- age   7:       4704 bytes,      52952 total
- age   8:       4704 bytes,      57656 total
- age   9:       4704 bytes,      62360 total
- age  10:       4704 bytes,      67064 total
- age  11:       4704 bytes,      71768 total
- age  12:       4704 bytes,      76472 total
- age  13:       4704 bytes,      81176 total
- age  14:       4704 bytes,      85880 total
- age  15:       4704 bytes,      90584 total
: 2264K->88K(2432K), 0.0005166 secs] 3904K->1733K(7936K), 0.0005809 secs] [Times: user=0.00 sys=0.00, real=0.00 secs] 
2017-07-06T17:12:34.215+0900: 5.919: [GC2017-07-06T17:12:34.215+0900: 5.919: [DefNew
Desired survivor size 131072 bytes, new threshold 15 (max 15)
- age   1:      24592 bytes,      24592 total
- age   2:       4840 bytes,      29432 total
- age   3:       4704 bytes,      34136 total
- age   4:       4704 bytes,      38840 total
- age   5:       4704 bytes,      43544 total
- age   6:       4704 bytes,      48248 total
- age   7:       4704 bytes,      52952 total
- age   8:       4704 bytes,      57656 total
- age   9:       4704 bytes,      62360 total
- age  10:       4704 bytes,      67064 total
- age  11:       4704 bytes,      71768 total
- age  12:       4704 bytes,      76472 total
- age  13:       4704 bytes,      81176 total
- age  14:       4704 bytes,      85880 total
- age  15:       4704 bytes,      90584 total
: 2264K->88K(2432K), 0.0005265 secs] 3909K->1737K(7936K), 0.0006626 secs] [Times: user=0.00 sys=0.00, real=0.00 secs] 
2017-07-06T17:12:34.238+0900: 5.943: [GC2017-07-06T17:12:34.238+0900: 5.943: [DefNew
Desired survivor size 131072 bytes, new threshold 15 (max 15)
- age   1:      24592 bytes,      24592 total
- age   2:       4840 bytes,      29432 total
- age   3:       4704 bytes,      34136 total
- age   4:       4704 bytes,      38840 total
- age   5:       4704 bytes,      43544 total
- age   6:       4704 bytes,      48248 total
- age   7:       4704 bytes,      52952 total
- age   8:       4704 bytes,      57656 total
- age   9:       4704 bytes,      62360 total
- age  10:       4704 bytes,      67064 total
- age  11:       4704 bytes,      71768 total
- age  12:       4704 bytes,      76472 total
- age  13:       4704 bytes,      81176 total
- age  14:       4704 bytes,      85880 total
- age  15:       4704 bytes,      90584 total
: 2264K->88K(2432K), 0.0005569 secs] 3913K->1742K(7936K), 0.0006511 secs] [Times: user=0.00 sys=0.00, real=0.00 secs] 
2017-07-06T17:12:34.264+0900: 5.969: [GC2017-07-06T17:12:34.264+0900: 5.969: [DefNew
Desired survivor size 131072 bytes, new threshold 15 (max 15)
- age   1:      24592 bytes,      24592 total
- age   2:       4840 bytes,      29432 total
- age   3:       4704 bytes,      34136 total
- age   4:       4704 bytes,      38840 total
- age   5:       4704 bytes,      43544 total
- age   6:       4704 bytes,      48248 total
- age   7:       4704 bytes,      52952 total
- age   8:       4704 bytes,      57656 total
- age   9:       4704 bytes,      62360 total
- age  10:       4704 bytes,      67064 total
- age  11:       4704 bytes,      71768 total
- age  12:       4704 bytes,      76472 total
- age  13:       4704 bytes,      81176 total
- age  14:       4704 bytes,      85880 total
- age  15:       4704 bytes,      90584 total
: 2264K->88K(2432K), 0.0005483 secs] 3918K->1747K(7936K), 0.0006202 secs] [Times: user=0.00 sys=0.00, real=0.00 secs] 
2017-07-06T17:12:34.286+0900: 5.990: [GC2017-07-06T17:12:34.286+0900: 5.990: [DefNew
Desired survivor size 131072 bytes, new threshold 15 (max 15)
- age   1:      24592 bytes,      24592 total
- age   2:       4840 bytes,      29432 total
- age   3:       4704 bytes,      34136 total
- age   4:       4704 bytes,      38840 total
- age   5:       4704 bytes,      43544 total
- age   6:       4704 bytes,      48248 total
- age   7:       4704 bytes,      52952 total
- age   8:       4704 bytes,      57656 total
- age   9:       4704 bytes,      62360 total
- age  10:       4704 bytes,      67064 total
- age  11:       4704 bytes,      71768 total
- age  12:       4704 bytes,      76472 total
- age  13:       4704 bytes,      81176 total
- age  14:       4704 bytes,      85880 total
- age  15:       4704 bytes,      90584 total
: 2264K->88K(2432K), 0.0005620 secs] 3923K->1751K(7936K), 0.0014656 secs] [Times: user=0.02 sys=0.00, real=0.00 secs] 
2017-07-06T17:12:34.309+0900: 6.014: [GC2017-07-06T17:12:34.309+0900: 6.014: [DefNew
Desired survivor size 131072 bytes, new threshold 15 (max 15)
- age   1:      24592 bytes,      24592 total
- age   2:       4840 bytes,      29432 total
- age   3:       4704 bytes,      34136 total
- age   4:       4704 bytes,      38840 total
- age   5:       4704 bytes,      43544 total
- age   6:       4704 bytes,      48248 total
- age   7:       4704 bytes,      52952 total
- age   8:       4704 bytes,      57656 total
- age   9:       4704 bytes,      62360 total
- age  10:       4704 bytes,      67064 total
- age  11:       4704 bytes,      71768 total
- age  12:       4704 bytes,      76472 total
- age  13:       4704 bytes,      81176 total
- age  14:       4704 bytes,      85880 total
- age  15:       4704 bytes,      90584 total
: 2264K->88K(2432K), 0.0005359 secs] 3927K->1756K(7936K), 0.0006104 secs] [Times: user=0.00 sys=0.00, real=0.00 secs] 
2017-07-06T17:12:34.331+0900: 6.035: [GC2017-07-06T17:12:34.331+0900: 6.035: [DefNew
Desired survivor size 131072 bytes, new threshold 15 (max 15)
- age   1:      24592 bytes,      24592 total
- age   2:       4840 bytes,      29432 total
- age   3:       4704 bytes,      34136 total
- age   4:       4704 bytes,      38840 total
- age   5:       4704 bytes,      43544 total
- age   6:       4704 bytes,      48248 total
- age   7:       4704 bytes,      52952 total
- age   8:       4704 bytes,      57656 total
- age   9:       4704 bytes,      62360 total
- age  10:       4704 bytes,      67064 total
- age  11:       4704 bytes,      71768 total
- age  12:       4704 bytes,      76472 total
- age  13:       4704 bytes,      81176 total
- age  14:       4704 bytes,      85880 total
- age  15:       4704 bytes,      90584 total
: 2264K->88K(2432K), 0.0005124 secs] 3932K->1760K(7936K), 0.0005851 secs] [Times: user=0.00 sys=0.00, real=0.00 secs] 
2017-07-06T17:12:34.353+0900: 6.058: [GC2017-07-06T17:12:34.353+0900: 6.058: [DefNew
Desired survivor size 131072 bytes, new threshold 15 (max 15)
- age   1:      24592 bytes,      24592 total
- age   2:       4840 bytes,      29432 total
- age   3:       4704 bytes,      34136 total
- age   4:       4704 bytes,      38840 total
- age   5:       4704 bytes,      43544 total
- age   6:       4704 bytes,      48248 total
- age   7:       4704 bytes,      52952 total
- age   8:       4704 bytes,      57656 total
- age   9:       4704 bytes,      62360 total
- age  10:       4704 bytes,      67064 total
- age  11:       4704 bytes,      71768 total
- age  12:       4704 bytes,      76472 total
- age  13:       4704 bytes,      81176 total
- age  14:       4704 bytes,      85880 total
- age  15:       4704 bytes,      90584 total
: 2264K->88K(2432K), 0.0005907 secs] 3936K->1765K(7936K), 0.0006703 secs] [Times: user=0.00 sys=0.00, real=0.00 secs] 
2017-07-06T17:12:34.376+0900: 6.080: [GC2017-07-06T17:12:34.376+0900: 6.080: [DefNew
Desired survivor size 131072 bytes, new threshold 15 (max 15)
- age   1:      24592 bytes,      24592 total
- age   2:       4840 bytes,      29432 total
- age   3:       4704 bytes,      34136 total
- age   4:       4704 bytes,      38840 total
- age   5:       4704 bytes,      43544 total
- age   6:       4704 bytes,      48248 total
- age   7:       4704 bytes,      52952 total
- age   8:       4704 bytes,      57656 total
- age   9:       4704 bytes,      62360 total
- age  10:       4704 bytes,      67064 total
- age  11:       4704 bytes,      71768 total
- age  12:       4704 bytes,      76472 total
- age  13:       4704 bytes,      81176 total
- age  14:       4704 bytes,      85880 total
- age  15:       4704 bytes,      90584 total
: 2264K->88K(2432K), 0.0005415 secs] 3941K->1769K(7936K), 0.0006117 secs] [Times: user=0.00 sys=0.00, real=0.00 secs] 
2017-07-06T17:12:34.398+0900: 6.102: [GC2017-07-06T17:12:34.398+0900: 6.102: [DefNew
Desired survivor size 131072 bytes, new threshold 15 (max 15)
- age   1:      24592 bytes,      24592 total
- age   2:       4840 bytes,      29432 total
- age   3:       4704 bytes,      34136 total
- age   4:       4704 bytes,      38840 total
- age   5:       4704 bytes,      43544 total
- age   6:       4704 bytes,      48248 total
- age   7:       4704 bytes,      52952 total
- age   8:       4704 bytes,      57656 total
- age   9:       4704 bytes,      62360 total
- age  10:       4704 bytes,      67064 total
- age  11:       4704 bytes,      71768 total
- age  12:       4704 bytes,      76472 total
- age  13:       4704 bytes,      81176 total
- age  14:       4704 bytes,      85880 total
- age  15:       4704 bytes,      90584 total
: 2264K->88K(2432K), 0.0005222 secs] 3945K->1774K(7936K), 0.0005950 secs] [Times: user=0.00 sys=0.00, real=0.00 secs] 
2017-07-06T17:12:34.419+0900: 6.124: [GC2017-07-06T17:12:34.419+0900: 6.124: [DefNew
Desired survivor size 131072 bytes, new threshold 15 (max 15)
- age   1:      24592 bytes,      24592 total
- age   2:       4840 bytes,      29432 total
- age   3:       4704 bytes,      34136 total
- age   4:       4704 bytes,      38840 total
- age   5:       4704 bytes,      43544 total
- age   6:       4704 bytes,      48248 total
- age   7:       4704 bytes,      52952 total
- age   8:       4704 bytes,      57656 total
- age   9:       4704 bytes,      62360 total
- age  10:       4704 bytes,      67064 total
- age  11:       4704 bytes,      71768 total
- age  12:       4704 bytes,      76472 total
- age  13:       4704 bytes,      81176 total
- age  14:       4704 bytes,      85880 total
- age  15:       4704 bytes,      90584 total
: 2264K->88K(2432K), 0.0005098 secs] 3950K->1779K(7936K), 0.0005723 secs] [Times: user=0.00 sys=0.00, real=0.00 secs] 
2017-07-06T17:12:34.441+0900: 6.145: [GC2017-07-06T17:12:34.441+0900: 6.145: [DefNew
Desired survivor size 131072 bytes, new threshold 15 (max 15)
- age   1:      24592 bytes,      24592 total
- age   2:       4840 bytes,      29432 total
- age   3:       4704 bytes,      34136 total
- age   4:       4704 bytes,      38840 total
- age   5:       4704 bytes,      43544 total
- age   6:       4704 bytes,      48248 total
- age   7:       4704 bytes,      52952 total
- age   8:       4704 bytes,      57656 total
- age   9:       4704 bytes,      62360 total
- age  10:       4704 bytes,      67064 total
- age  11:       4704 bytes,      71768 total
- age  12:       4704 bytes,      76472 total
- age  13:       4704 bytes,      81176 total
- age  14:       4704 bytes,      85880 total
- age  15:       4704 bytes,      90584 total
: 2264K->88K(2432K), 0.0005055 secs] 3955K->1783K(7936K), 0.0005689 secs] [Times: user=0.00 sys=0.00, real=0.00 secs] 
2017-07-06T17:12:34.463+0900: 6.167: [GC2017-07-06T17:12:34.463+0900: 6.167: [DefNew
Desired survivor size 131072 bytes, new threshold 15 (max 15)
- age   1:      24592 bytes,      24592 total
- age   2:       4840 bytes,      29432 total
- age   3:       4704 bytes,      34136 total
- age   4:       4704 bytes,      38840 total
- age   5:       4704 bytes,      43544 total
- age   6:       4704 bytes,      48248 total
- age   7:       4704 bytes,      52952 total
- age   8:       4704 bytes,      57656 total
- age   9:       4704 bytes,      62360 total
- age  10:       4704 bytes,      67064 total
- age  11:       4704 bytes,      71768 total
- age  12:       4704 bytes,      76472 total
- age  13:       4704 bytes,      81176 total
- age  14:       4704 bytes,      85880 total
- age  15:       4704 bytes,      90584 total
: 2264K->88K(2432K), 0.0005094 secs] 3959K->1788K(7936K), 0.0005723 secs] [Times: user=0.00 sys=0.00, real=0.00 secs] 
2017-07-06T17:12:34.489+0900: 6.193: [GC2017-07-06T17:12:34.489+0900: 6.193: [DefNew
Desired survivor size 131072 bytes, new threshold 15 (max 15)
- age   1:      24592 bytes,      24592 total
- age   2:       4840 bytes,      29432 total
- age   3:       4704 bytes,      34136 total
- age   4:       4704 bytes,      38840 total
- age   5:       4704 bytes,      43544 total
- age   6:       4704 bytes,      48248 total
- age   7:       4704 bytes,      52952 total
- age   8:       4704 bytes,      57656 total
- age   9:       4704 bytes,      62360 total
- age  10:       4704 bytes,      67064 total
- age  11:       4704 bytes,      71768 total
- age  12:       4704 bytes,      76472 total
- age  13:       4704 bytes,      81176 total
- age  14:       4704 bytes,      85880 total
- age  15:       4704 bytes,      90584 total
: 2264K->88K(2432K), 0.0006258 secs] 3964K->1792K(7936K), 0.0007187 secs] [Times: user=0.02 sys=0.00, real=0.00 secs] 
2017-07-06T17:12:34.513+0900: 6.217: [GC2017-07-06T17:12:34.513+0900: 6.217: [DefNew
Desired survivor size 131072 bytes, new threshold 15 (max 15)
- age   1:      24592 bytes,      24592 total
- age   2:       4840 bytes,      29432 total
- age   3:       4704 bytes,      34136 total
- age   4:       4704 bytes,      38840 total
- age   5:       4704 bytes,      43544 total
- age   6:       4704 bytes,      48248 total
- age   7:       4704 bytes,      52952 total
- age   8:       4704 bytes,      57656 total
- age   9:       4704 bytes,      62360 total
- age  10:       4704 bytes,      67064 total
- age  11:       4704 bytes,      71768 total
- age  12:       4704 bytes,      76472 total
- age  13:       4704 bytes,      81176 total
- age  14:       4704 bytes,      85880 total
- age  15:       4704 bytes,      90584 total
: 2264K->88K(2432K), 0.0005436 secs] 3968K->1797K(7936K), 0.0006147 secs] [Times: user=0.00 sys=0.00, real=0.00 secs] 
2017-07-06T17:12:34.534+0900: 6.239: [GC2017-07-06T17:12:34.534+0900: 6.239: [DefNew
Desired survivor size 131072 bytes, new threshold 15 (max 15)
- age   1:      24592 bytes,      24592 total
- age   2:       4840 bytes,      29432 total
- age   3:       4704 bytes,      34136 total
- age   4:       4704 bytes,      38840 total
- age   5:       4704 bytes,      43544 total
- age   6:       4704 bytes,      48248 total
- age   7:       4704 bytes,      52952 total
- age   8:       4704 bytes,      57656 total
- age   9:       4704 bytes,      62360 total
- age  10:       4704 bytes,      67064 total
- age  11:       4704 bytes,      71768 total
- age  12:       4704 bytes,      76472 total
- age  13:       4704 bytes,      81176 total
- age  14:       4704 bytes,      85880 total
- age  15:       4704 bytes,      90584 total
: 2264K->88K(2432K), 0.0005291 secs] 3973K->1802K(7936K), 0.0005924 secs] [Times: user=0.00 sys=0.00, real=0.00 secs] 
2017-07-06T17:12:34.556+0900: 6.260: [GC2017-07-06T17:12:34.556+0900: 6.260: [DefNew
Desired survivor size 131072 bytes, new threshold 15 (max 15)
- age   1:      24592 bytes,      24592 total
- age   2:       4840 bytes,      29432 total
- age   3:       4704 bytes,      34136 total
- age   4:       4704 bytes,      38840 total
- age   5:       4704 bytes,      43544 total
- age   6:       4704 bytes,      48248 total
- age   7:       4704 bytes,      52952 total
- age   8:       4704 bytes,      57656 total
- age   9:       4704 bytes,      62360 total
- age  10:       4704 bytes,      67064 total
- age  11:       4704 bytes,      71768 total
- age  12:       4704 bytes,      76472 total
- age  13:       4704 bytes,      81176 total
- age  14:       4704 bytes,      85880 total
- age  15:       4704 bytes,      90584 total
: 2264K->88K(2432K), 0.0005111 secs] 3978K->1806K(7936K), 0.0005783 secs] [Times: user=0.00 sys=0.00, real=0.00 secs] 
2017-07-06T17:12:34.577+0900: 6.282: [GC2017-07-06T17:12:34.577+0900: 6.282: [DefNew
Desired survivor size 131072 bytes, new threshold 15 (max 15)
- age   1:      24592 bytes,      24592 total
- age   2:       4840 bytes,      29432 total
- age   3:       4704 bytes,      34136 total
- age   4:       4704 bytes,      38840 total
- age   5:       4704 bytes,      43544 total
- age   6:       4704 bytes,      48248 total
- age   7:       4704 bytes,      52952 total
- age   8:       4704 bytes,      57656 total
- age   9:       4704 bytes,      62360 total
- age  10:       4704 bytes,      67064 total
- age  11:       4704 bytes,      71768 total
- age  12:       4704 bytes,      76472 total
- age  13:       4704 bytes,      81176 total
- age  14:       4704 bytes,      85880 total
- age  15:       4704 bytes,      90584 total
: 2264K->88K(2432K), 0.0005051 secs] 3982K->1811K(7936K), 0.0005710 secs] [Times: user=0.00 sys=0.00, real=0.00 secs] 
2017-07-06T17:12:34.603+0900: 6.308: [GC2017-07-06T17:12:34.603+0900: 6.308: [DefNew
Desired survivor size 131072 bytes, new threshold 15 (max 15)
- age   1:      24592 bytes,      24592 total
- age   2:       4840 bytes,      29432 total
- age   3:       4704 bytes,      34136 total
- age   4:       4704 bytes,      38840 total
- age   5:       4704 bytes,      43544 total
- age   6:       4704 bytes,      48248 total
- age   7:       4704 bytes,      52952 total
- age   8:       4704 bytes,      57656 total
- age   9:       4704 bytes,      62360 total
- age  10:       4704 bytes,      67064 total
- age  11:       4704 bytes,      71768 total
- age  12:       4704 bytes,      76472 total
- age  13:       4704 bytes,      81176 total
- age  14:       4704 bytes,      85880 total
- age  15:       4704 bytes,      90584 total
: 2264K->88K(2432K), 0.0005560 secs] 3987K->1815K(7936K), 0.0006335 secs] [Times: user=0.00 sys=0.00, real=0.00 secs] 
2017-07-06T17:12:34.631+0900: 6.335: [GC2017-07-06T17:12:34.631+0900: 6.335: [DefNew
Desired survivor size 131072 bytes, new threshold 15 (max 15)
- age   1:      24592 bytes,      24592 total
- age   2:       4840 bytes,      29432 total
- age   3:       4704 bytes,      34136 total
- age   4:       4704 bytes,      38840 total
- age   5:       4704 bytes,      43544 total
- age   6:       4704 bytes,      48248 total
- age   7:       4704 bytes,      52952 total
- age   8:       4704 bytes,      57656 total
- age   9:       4704 bytes,      62360 total
- age  10:       4704 bytes,      67064 total
- age  11:       4704 bytes,      71768 total
- age  12:       4704 bytes,      76472 total
- age  13:       4704 bytes,      81176 total
- age  14:       4704 bytes,      85880 total
- age  15:       4704 bytes,      90584 total
: 2264K->88K(2432K), 0.0005650 secs] 3991K->1820K(7936K), 0.0006404 secs] [Times: user=0.00 sys=0.00, real=0.00 secs] 
2017-07-06T17:12:34.653+0900: 6.358: [GC2017-07-06T17:12:34.653+0900: 6.358: [DefNew
Desired survivor size 131072 bytes, new threshold 15 (max 15)
- age   1:      24592 bytes,      24592 total
- age   2:       4840 bytes,      29432 total
- age   3:       4704 bytes,      34136 total
- age   4:       4704 bytes,      38840 total
- age   5:       4704 bytes,      43544 total
- age   6:       4704 bytes,      48248 total
- age   7:       4704 bytes,      52952 total
- age   8:       4704 bytes,      57656 total
- age   9:       4704 bytes,      62360 total
- age  10:       4704 bytes,      67064 total
- age  11:       4704 bytes,      71768 total
- age  12:       4704 bytes,      76472 total
- age  13:       4704 bytes,      81176 total
- age  14:       4704 bytes,      85880 total
- age  15:       4704 bytes,      90584 total
: 2264K->88K(2432K), 0.0005599 secs] 3996K->1825K(7936K), 0.0006288 secs] [Times: user=0.00 sys=0.00, real=0.00 secs] 
2017-07-06T17:12:34.675+0900: 6.379: [GC2017-07-06T17:12:34.675+0900: 6.380: [DefNew
Desired survivor size 131072 bytes, new threshold 15 (max 15)
- age   1:      24592 bytes,      24592 total
- age   2:       4840 bytes,      29432 total
- age   3:       4704 bytes,      34136 total
- age   4:       4704 bytes,      38840 total
- age   5:       4704 bytes,      43544 total
- age   6:       4704 bytes,      48248 total
- age   7:       4704 bytes,      52952 total
- age   8:       4704 bytes,      57656 total
- age   9:       4704 bytes,      62360 total
- age  10:       4704 bytes,      67064 total
- age  11:       4704 bytes,      71768 total
- age  12:       4704 bytes,      76472 total
- age  13:       4704 bytes,      81176 total
- age  14:       4704 bytes,      85880 total
- age  15:       4704 bytes,      90584 total
: 2264K->88K(2432K), 0.0005710 secs] 4001K->1829K(7936K), 0.0006523 secs] [Times: user=0.00 sys=0.00, real=0.00 secs] 
2017-07-06T17:12:34.697+0900: 6.402: [GC2017-07-06T17:12:34.697+0900: 6.402: [DefNew
Desired survivor size 131072 bytes, new threshold 15 (max 15)
- age   1:      24592 bytes,      24592 total
- age   2:       4840 bytes,      29432 total
- age   3:       4704 bytes,      34136 total
- age   4:       4704 bytes,      38840 total
- age   5:       4704 bytes,      43544 total
- age   6:       4704 bytes,      48248 total
- age   7:       4704 bytes,      52952 total
- age   8:       4704 bytes,      57656 total
- age   9:       4704 bytes,      62360 total
- age  10:       4704 bytes,      67064 total
- age  11:       4704 bytes,      71768 total
- age  12:       4704 bytes,      76472 total
- age  13:       4704 bytes,      81176 total
- age  14:       4704 bytes,      85880 total
- age  15:       4704 bytes,      90584 total
: 2264K->88K(2432K), 0.0005291 secs] 4005K->1834K(7936K), 0.0006005 secs] [Times: user=0.00 sys=0.00, real=0.00 secs] 
2017-07-06T17:12:34.721+0900: 6.425: [GC2017-07-06T17:12:34.721+0900: 6.425: [DefNew
Desired survivor size 131072 bytes, new threshold 15 (max 15)
- age   1:      24592 bytes,      24592 total
- age   2:       4840 bytes,      29432 total
- age   3:       4704 bytes,      34136 total
- age   4:       4704 bytes,      38840 total
- age   5:       4704 bytes,      43544 total
- age   6:       4704 bytes,      48248 total
- age   7:       4704 bytes,      52952 total
- age   8:       4704 bytes,      57656 total
- age   9:       4704 bytes,      62360 total
- age  10:       4704 bytes,      67064 total
- age  11:       4704 bytes,      71768 total
- age  12:       4704 bytes,      76472 total
- age  13:       4704 bytes,      81176 total
- age  14:       4704 bytes,      85880 total
- age  15:       4704 bytes,      90584 total
: 2264K->88K(2432K), 0.0006027 secs] 4010K->1838K(7936K), 0.0006870 secs] [Times: user=0.00 sys=0.00, real=0.00 secs] 
2017-07-06T17:12:34.747+0900: 6.452: [GC2017-07-06T17:12:34.747+0900: 6.452: [DefNew
Desired survivor size 131072 bytes, new threshold 15 (max 15)
- age   1:      24592 bytes,      24592 total
- age   2:       4840 bytes,      29432 total
- age   3:       4704 bytes,      34136 total
- age   4:       4704 bytes,      38840 total
- age   5:       4704 bytes,      43544 total
- age   6:       4704 bytes,      48248 total
- age   7:       4704 bytes,      52952 total
- age   8:       4704 bytes,      57656 total
- age   9:       4704 bytes,      62360 total
- age  10:       4704 bytes,      67064 total
- age  11:       4704 bytes,      71768 total
- age  12:       4704 bytes,      76472 total
- age  13:       4704 bytes,      81176 total
- age  14:       4704 bytes,      85880 total
- age  15:       4704 bytes,      90584 total
: 2264K->88K(2432K), 0.0005487 secs] 4014K->1843K(7936K), 0.0006207 secs] [Times: user=0.00 sys=0.00, real=0.00 secs] 
2017-07-06T17:12:34.769+0900: 6.474: [GC2017-07-06T17:12:34.770+0900: 6.474: [DefNew
Desired survivor size 131072 bytes, new threshold 15 (max 15)
- age   1:      24592 bytes,      24592 total
- age   2:       4840 bytes,      29432 total
- age   3:       4704 bytes,      34136 total
- age   4:       4704 bytes,      38840 total
- age   5:       4704 bytes,      43544 total
- age   6:       4704 bytes,      48248 total
- age   7:       4704 bytes,      52952 total
- age   8:       4704 bytes,      57656 total
- age   9:       4704 bytes,      62360 total
- age  10:       4704 bytes,      67064 total
- age  11:       4704 bytes,      71768 total
- age  12:       4704 bytes,      76472 total
- age  13:       4704 bytes,      81176 total
- age  14:       4704 bytes,      85880 total
- age  15:       4704 bytes,      90584 total
: 2264K->88K(2432K), 0.0005282 secs] 4019K->1848K(7936K), 0.0005967 secs] [Times: user=0.00 sys=0.00, real=0.00 secs] 
2017-07-06T17:12:34.791+0900: 6.496: [GC2017-07-06T17:12:34.792+0900: 6.496: [DefNew
Desired survivor size 131072 bytes, new threshold 15 (max 15)
- age   1:      24592 bytes,      24592 total
- age   2:       4840 bytes,      29432 total
- age   3:       4704 bytes,      34136 total
- age   4:       4704 bytes,      38840 total
- age   5:       4704 bytes,      43544 total
- age   6:       4704 bytes,      48248 total
- age   7:       4704 bytes,      52952 total
- age   8:       4704 bytes,      57656 total
- age   9:       4704 bytes,      62360 total
- age  10:       4704 bytes,      67064 total
- age  11:       4704 bytes,      71768 total
- age  12:       4704 bytes,      76472 total
- age  13:       4704 bytes,      81176 total
- age  14:       4704 bytes,      85880 total
- age  15:       4704 bytes,      90584 total
: 2264K->88K(2432K), 0.0005624 secs] 4024K->1852K(7936K), 0.0007105 secs] [Times: user=0.00 sys=0.00, real=0.00 secs] 
2017-07-06T17:12:34.813+0900: 6.518: [GC2017-07-06T17:12:34.813+0900: 6.518: [DefNew
Desired survivor size 131072 bytes, new threshold 15 (max 15)
- age   1:      24592 bytes,      24592 total
- age   2:       4840 bytes,      29432 total
- age   3:       4704 bytes,      34136 total
- age   4:       4704 bytes,      38840 total
- age   5:       4704 bytes,      43544 total
- age   6:       4704 bytes,      48248 total
- age   7:       4704 bytes,      52952 total
- age   8:       4704 bytes,      57656 total
- age   9:       4704 bytes,      62360 total
- age  10:       4704 bytes,      67064 total
- age  11:       4704 bytes,      71768 total
- age  12:       4704 bytes,      76472 total
- age  13:       4704 bytes,      81176 total
- age  14:       4704 bytes,      85880 total
- age  15:       4704 bytes,      90584 total
: 2264K->88K(2432K), 0.0005256 secs] 4028K->1857K(7936K), 0.0005920 secs] [Times: user=0.00 sys=0.00, real=0.00 secs] 
2017-07-06T17:12:34.835+0900: 6.540: [GC2017-07-06T17:12:34.835+0900: 6.540: [DefNew
Desired survivor size 131072 bytes, new threshold 15 (max 15)
- age   1:      24592 bytes,      24592 total
- age   2:       4840 bytes,      29432 total
- age   3:       4704 bytes,      34136 total
- age   4:       4704 bytes,      38840 total
- age   5:       4704 bytes,      43544 total
- age   6:       4704 bytes,      48248 total
- age   7:       4704 bytes,      52952 total
- age   8:       4704 bytes,      57656 total
- age   9:       4704 bytes,      62360 total
- age  10:       4704 bytes,      67064 total
- age  11:       4704 bytes,      71768 total
- age  12:       4704 bytes,      76472 total
- age  13:       4704 bytes,      81176 total
- age  14:       4704 bytes,      85880 total
- age  15:       4704 bytes,      90584 total
: 2264K->88K(2432K), 0.0005432 secs] 4033K->1861K(7936K), 0.0006138 secs] [Times: user=0.00 sys=0.00, real=0.00 secs] 
2017-07-06T17:12:34.862+0900: 6.566: [GC2017-07-06T17:12:34.862+0900: 6.566: [DefNew
Desired survivor size 131072 bytes, new threshold 15 (max 15)
- age   1:      24592 bytes,      24592 total
- age   2:      11776 bytes,      36368 total
- age   3:       4704 bytes,      41072 total
- age   4:       4704 bytes,      45776 total
- age   5:       4704 bytes,      50480 total
- age   6:       4704 bytes,      55184 total
- age   7:       4704 bytes,      59888 total
- age   8:       4704 bytes,      64592 total
- age   9:       4704 bytes,      69296 total
- age  10:       4704 bytes,      74000 total
- age  11:       4704 bytes,      78704 total
- age  12:       4704 bytes,      83408 total
- age  13:       4704 bytes,      88112 total
- age  14:       4704 bytes,      92816 total
- age  15:       4704 bytes,      97520 total
: 2264K->95K(2432K), 0.0006352 secs] 4037K->1873K(7936K), 0.0007183 secs] [Times: user=0.00 sys=0.00, real=0.00 secs] 
2017-07-06T17:12:34.885+0900: 6.589: [GC2017-07-06T17:12:34.885+0900: 6.589: [DefNew
Desired survivor size 131072 bytes, new threshold 15 (max 15)
- age   1:      24592 bytes,      24592 total
- age   2:       4840 bytes,      29432 total
- age   3:       4704 bytes,      34136 total
- age   4:       4704 bytes,      38840 total
- age   5:       4704 bytes,      43544 total
- age   6:       4704 bytes,      48248 total
- age   7:       4704 bytes,      52952 total
- age   8:       4704 bytes,      57656 total
- age   9:       4704 bytes,      62360 total
- age  10:       4704 bytes,      67064 total
- age  11:       4704 bytes,      71768 total
- age  12:       4704 bytes,      76472 total
- age  13:       4704 bytes,      81176 total
- age  14:       4704 bytes,      85880 total
- age  15:       4704 bytes,      90584 total
: 2271K->88K(2432K), 0.0005749 secs] 4049K->1871K(7936K), 0.0006677 secs] [Times: user=0.00 sys=0.00, real=0.00 secs] 
2017-07-06T17:12:34.907+0900: 6.611: [GC2017-07-06T17:12:34.907+0900: 6.611: [DefNew
Desired survivor size 131072 bytes, new threshold 15 (max 15)
- age   1:      24592 bytes,      24592 total
- age   2:       4840 bytes,      29432 total
- age   3:       4704 bytes,      34136 total
- age   4:       4704 bytes,      38840 total
- age   5:       4704 bytes,      43544 total
- age   6:       4704 bytes,      48248 total
- age   7:       4704 bytes,      52952 total
- age   8:       4704 bytes,      57656 total
- age   9:       4704 bytes,      62360 total
- age  10:       4704 bytes,      67064 total
- age  11:       4704 bytes,      71768 total
- age  12:       4704 bytes,      76472 total
- age  13:       4704 bytes,      81176 total
- age  14:       4704 bytes,      85880 total
- age  15:       4704 bytes,      90584 total
: 2264K->88K(2432K), 0.0006219 secs] 4047K->1875K(7936K), 0.0007037 secs] [Times: user=0.00 sys=0.00, real=0.00 secs] 
2017-07-06T17:12:34.929+0900: 6.633: [GC2017-07-06T17:12:34.929+0900: 6.633: [DefNew
Desired survivor size 131072 bytes, new threshold 15 (max 15)
- age   1:      24592 bytes,      24592 total
- age   2:       4840 bytes,      29432 total
- age   3:       4704 bytes,      34136 total
- age   4:       4704 bytes,      38840 total
- age   5:       4704 bytes,      43544 total
- age   6:       4704 bytes,      48248 total
- age   7:       4704 bytes,      52952 total
- age   8:       4704 bytes,      57656 total
- age   9:       4704 bytes,      62360 total
- age  10:       4704 bytes,      67064 total
- age  11:       4704 bytes,      71768 total
- age  12:       4704 bytes,      76472 total
- age  13:       4704 bytes,      81176 total
- age  14:       4704 bytes,      85880 total
- age  15:       4704 bytes,      90584 total
: 2264K->88K(2432K), 0.0005278 secs] 4051K->1880K(7936K), 0.0005941 secs] [Times: user=0.00 sys=0.00, real=0.00 secs] 
2017-07-06T17:12:34.952+0900: 6.656: [GC2017-07-06T17:12:34.952+0900: 6.656: [DefNew
Desired survivor size 131072 bytes, new threshold 15 (max 15)
- age   1:      24592 bytes,      24592 total
- age   2:       4840 bytes,      29432 total
- age   3:       4704 bytes,      34136 total
- age   4:       4704 bytes,      38840 total
- age   5:       4704 bytes,      43544 total
- age   6:       4704 bytes,      48248 total
- age   7:       4704 bytes,      52952 total
- age   8:       4704 bytes,      57656 total
- age   9:       4704 bytes,      62360 total
- age  10:       4704 bytes,      67064 total
- age  11:       4704 bytes,      71768 total
- age  12:       4704 bytes,      76472 total
- age  13:       4704 bytes,      81176 total
- age  14:       4704 bytes,      85880 total
- age  15:       4704 bytes,      90584 total
: 2264K->88K(2432K), 0.0005513 secs] 4056K->1884K(7936K), 0.0006241 secs] [Times: user=0.00 sys=0.00, real=0.00 secs] 
2017-07-06T17:12:34.976+0900: 6.680: [GC2017-07-06T17:12:34.976+0900: 6.680: [DefNew
Desired survivor size 131072 bytes, new threshold 15 (max 15)
- age   1:      24592 bytes,      24592 total
- age   2:       4840 bytes,      29432 total
- age   3:       4704 bytes,      34136 total
- age   4:       4704 bytes,      38840 total
- age   5:       4704 bytes,      43544 total
- age   6:       4704 bytes,      48248 total
- age   7:       4704 bytes,      52952 total
- age   8:       4704 bytes,      57656 total
- age   9:       4704 bytes,      62360 total
- age  10:       4704 bytes,      67064 total
- age  11:       4704 bytes,      71768 total
- age  12:       4704 bytes,      76472 total
- age  13:       4704 bytes,      81176 total
- age  14:       4704 bytes,      85880 total
- age  15:       4704 bytes,      90584 total
: 2264K->88K(2432K), 0.0005462 secs] 4060K->1889K(7936K), 0.0006202 secs] [Times: user=0.00 sys=0.00, real=0.00 secs] 
2017-07-06T17:12:34.998+0900: 6.702: [GC2017-07-06T17:12:34.998+0900: 6.702: [DefNew
Desired survivor size 131072 bytes, new threshold 15 (max 15)
- age   1:      24592 bytes,      24592 total
- age   2:       4840 bytes,      29432 total
- age   3:       4704 bytes,      34136 total
- age   4:       4704 bytes,      38840 total
- age   5:       4704 bytes,      43544 total
- age   6:       4704 bytes,      48248 total
- age   7:       4704 bytes,      52952 total
- age   8:       4704 bytes,      57656 total
- age   9:       4704 bytes,      62360 total
- age  10:       4704 bytes,      67064 total
- age  11:       4704 bytes,      71768 total
- age  12:       4704 bytes,      76472 total
- age  13:       4704 bytes,      81176 total
- age  14:       4704 bytes,      85880 total
- age  15:       4704 bytes,      90584 total
: 2264K->88K(2432K), 0.0005196 secs] 4065K->1894K(7936K), 0.0005843 secs] [Times: user=0.00 sys=0.00, real=0.00 secs] 
2017-07-06T17:12:35.019+0900: 6.724: [GC2017-07-06T17:12:35.019+0900: 6.724: [DefNew
Desired survivor size 131072 bytes, new threshold 15 (max 15)
- age   1:      24592 bytes,      24592 total
- age   2:       4840 bytes,      29432 total
- age   3:       4704 bytes,      34136 total
- age   4:       4704 bytes,      38840 total
- age   5:       4704 bytes,      43544 total
- age   6:       4704 bytes,      48248 total
- age   7:       4704 bytes,      52952 total
- age   8:       4704 bytes,      57656 total
- age   9:       4704 bytes,      62360 total
- age  10:       4704 bytes,      67064 total
- age  11:       4704 bytes,      71768 total
- age  12:       4704 bytes,      76472 total
- age  13:       4704 bytes,      81176 total
- age  14:       4704 bytes,      85880 total
- age  15:       4704 bytes,      90584 total
: 2264K->88K(2432K), 0.0005102 secs] 4070K->1898K(7936K), 0.0005736 secs] [Times: user=0.00 sys=0.00, real=0.00 secs] 
2017-07-06T17:12:35.041+0900: 6.746: [GC2017-07-06T17:12:35.041+0900: 6.746: [DefNew
Desired survivor size 131072 bytes, new threshold 15 (max 15)
- age   1:      24592 bytes,      24592 total
- age   2:       4840 bytes,      29432 total
- age   3:       4704 bytes,      34136 total
- age   4:       4704 bytes,      38840 total
- age   5:       4704 bytes,      43544 total
- age   6:       4704 bytes,      48248 total
- age   7:       4704 bytes,      52952 total
- age   8:       4704 bytes,      57656 total
- age   9:       4704 bytes,      62360 total
- age  10:       4704 bytes,      67064 total
- age  11:       4704 bytes,      71768 total
- age  12:       4704 bytes,      76472 total
- age  13:       4704 bytes,      81176 total
- age  14:       4704 bytes,      85880 total
- age  15:       4704 bytes,      90584 total
: 2264K->88K(2432K), 0.0005633 secs] 4074K->1903K(7936K), 0.0006412 secs] [Times: user=0.00 sys=0.00, real=0.00 secs] 
2017-07-06T17:12:35.065+0900: 6.769: [GC2017-07-06T17:12:35.065+0900: 6.769: [DefNew
Desired survivor size 131072 bytes, new threshold 15 (max 15)
- age   1:      24592 bytes,      24592 total
- age   2:       4840 bytes,      29432 total
- age   3:       4704 bytes,      34136 total
- age   4:       4704 bytes,      38840 total
- age   5:       4704 bytes,      43544 total
- age   6:       4704 bytes,      48248 total
- age   7:       4704 bytes,      52952 total
- age   8:       4704 bytes,      57656 total
- age   9:       4704 bytes,      62360 total
- age  10:       4704 bytes,      67064 total
- age  11:       4704 bytes,      71768 total
- age  12:       4704 bytes,      76472 total
- age  13:       4704 bytes,      81176 total
- age  14:       4704 bytes,      85880 total
- age  15:       4704 bytes,      90584 total
: 2264K->88K(2432K), 0.0005744 secs] 4079K->1907K(7936K), 0.0006605 secs] [Times: user=0.00 sys=0.00, real=0.00 secs] 
2017-07-06T17:12:35.096+0900: 6.801: [GC2017-07-06T17:12:35.096+0900: 6.801: [DefNew
Desired survivor size 131072 bytes, new threshold 15 (max 15)
- age   1:      24592 bytes,      24592 total
- age   2:       4840 bytes,      29432 total
- age   3:       4704 bytes,      34136 total
- age   4:       4704 bytes,      38840 total
- age   5:       4704 bytes,      43544 total
- age   6:       4704 bytes,      48248 total
- age   7:       4704 bytes,      52952 total
- age   8:       4704 bytes,      57656 total
- age   9:       4704 bytes,      62360 total
- age  10:       4704 bytes,      67064 total
- age  11:       4704 bytes,      71768 total
- age  12:       4704 bytes,      76472 total
- age  13:       4704 bytes,      81176 total
- age  14:       4704 bytes,      85880 total
- age  15:       4704 bytes,      90584 total
: 2264K->88K(2432K), 0.0005517 secs] 4083K->1912K(7936K), 0.0006249 secs] [Times: user=0.00 sys=0.00, real=0.00 secs] 
2017-07-06T17:12:35.118+0900: 6.823: [GC2017-07-06T17:12:35.118+0900: 6.823: [DefNew
Desired survivor size 131072 bytes, new threshold 15 (max 15)
- age   1:      24592 bytes,      24592 total
- age   2:       4840 bytes,      29432 total
- age   3:       4704 bytes,      34136 total
- age   4:       4704 bytes,      38840 total
- age   5:       4704 bytes,      43544 total
- age   6:       4704 bytes,      48248 total
- age   7:       4704 bytes,      52952 total
- age   8:       4704 bytes,      57656 total
- age   9:       4704 bytes,      62360 total
- age  10:       4704 bytes,      67064 total
- age  11:       4704 bytes,      71768 total
- age  12:       4704 bytes,      76472 total
- age  13:       4704 bytes,      81176 total
- age  14:       4704 bytes,      85880 total
- age  15:       4704 bytes,      90584 total
: 2264K->88K(2432K), 0.0005389 secs] 4088K->1916K(7936K), 0.0006091 secs] [Times: user=0.00 sys=0.00, real=0.00 secs] 
2017-07-06T17:12:35.139+0900: 6.844: [GC2017-07-06T17:12:35.139+0900: 6.844: [DefNew
Desired survivor size 131072 bytes, new threshold 1 (max 15)
- age   1:     150120 bytes,     150120 total
- age   2:       4840 bytes,     154960 total
- age   3:       4704 bytes,     159664 total
- age   4:       4704 bytes,     164368 total
- age   5:       4704 bytes,     169072 total
- age   6:       4704 bytes,     173776 total
- age   7:       4704 bytes,     178480 total
- age   8:       4704 bytes,     183184 total
- age   9:       4704 bytes,     187888 total
- age  10:       4704 bytes,     192592 total
- age  11:       4704 bytes,     197296 total
- age  12:       4704 bytes,     202000 total
- age  13:       4704 bytes,     206704 total
- age  14:       4704 bytes,     211408 total
- age  15:       4704 bytes,     216112 total
: 2261K->211K(2432K), 0.0007388 secs] 4089K->2044K(7936K), 0.0008081 secs] [Times: user=0.00 sys=0.00, real=0.00 secs] 
2017-07-06T17:12:35.161+0900: 6.866: [GC2017-07-06T17:12:35.161+0900: 6.866: [DefNew
Desired survivor size 131072 bytes, new threshold 15 (max 15)
- age   1:      16384 bytes,      16384 total
: 2387K->16K(2432K), 0.0007992 secs] 4220K->2041K(7936K), 0.0008723 secs] [Times: user=0.00 sys=0.00, real=0.00 secs] 
2017-07-06T17:12:35.188+0900: 6.892: [GC2017-07-06T17:12:35.188+0900: 6.892: [DefNew
Desired survivor size 131072 bytes, new threshold 15 (max 15)
- age   1:      24400 bytes,      24400 total
- age   2:       4840 bytes,      29240 total
: 2175K->28K(2432K), 0.0003951 secs] 4201K->2053K(7936K), 0.0004627 secs] [Times: user=0.00 sys=0.00, real=0.00 secs] 
2017-07-06T17:12:35.210+0900: 6.914: [GC2017-07-06T17:12:35.210+0900: 6.914: [DefNew
Desired survivor size 131072 bytes, new threshold 15 (max 15)
- age   1:      16384 bytes,      16384 total
- age   2:       4784 bytes,      21168 total
- age   3:       4704 bytes,      25872 total
: 2204K->25K(2432K), 0.0004032 secs] 4229K->2050K(7936K), 0.0004721 secs] [Times: user=0.00 sys=0.00, real=0.00 secs] 
2017-07-06T17:12:35.231+0900: 6.936: [GC2017-07-06T17:12:35.231+0900: 6.936: [DefNew
Desired survivor size 131072 bytes, new threshold 15 (max 15)
- age   1:      24400 bytes,      24400 total
- age   2:       4840 bytes,      29240 total
- age   3:       4648 bytes,      33888 total
- age   4:       4704 bytes,      38592 total
: 2185K->37K(2432K), 0.0003887 secs] 4211K->2063K(7936K), 0.0004571 secs] [Times: user=0.00 sys=0.00, real=0.00 secs] 
2017-07-06T17:12:35.252+0900: 6.957: [GC2017-07-06T17:12:35.252+0900: 6.957: [DefNew
Desired survivor size 131072 bytes, new threshold 15 (max 15)
- age   1:      16384 bytes,      16384 total
- age   2:       4784 bytes,      21168 total
- age   3:       4704 bytes,      25872 total
- age   4:       4648 bytes,      30520 total
- age   5:       4704 bytes,      35224 total
: 2213K->34K(2432K), 0.0003977 secs] 4239K->2059K(7936K), 0.0004584 secs] [Times: user=0.00 sys=0.00, real=0.00 secs] 
2017-07-06T17:12:35.274+0900: 6.978: [GC2017-07-06T17:12:35.274+0900: 6.978: [DefNew
Desired survivor size 131072 bytes, new threshold 15 (max 15)
- age   1:      24400 bytes,      24400 total
- age   2:       4840 bytes,      29240 total
- age   3:       4648 bytes,      33888 total
- age   4:       4704 bytes,      38592 total
- age   5:       4648 bytes,      43240 total
- age   6:       4704 bytes,      47944 total
: 2195K->46K(2432K), 0.0003972 secs] 4220K->2072K(7936K), 0.0004589 secs] [Times: user=0.00 sys=0.00, real=0.00 secs] 
2017-07-06T17:12:35.298+0900: 7.002: [GC2017-07-06T17:12:35.298+0900: 7.002: [DefNew
Desired survivor size 131072 bytes, new threshold 15 (max 15)
- age   1:      16384 bytes,      16384 total
- age   2:       4784 bytes,      21168 total
- age   3:       4704 bytes,      25872 total
- age   4:       4648 bytes,      30520 total
- age   5:       4704 bytes,      35224 total
- age   6:       4648 bytes,      39872 total
- age   7:       4704 bytes,      44576 total
: 2222K->43K(2432K), 0.0004597 secs] 4248K->2068K(7936K), 0.0005368 secs] [Times: user=0.00 sys=0.00, real=0.00 secs] 
2017-07-06T17:12:35.322+0900: 7.027: [GC2017-07-06T17:12:35.322+0900: 7.027: [DefNew
Desired survivor size 131072 bytes, new threshold 15 (max 15)
- age   1:      16384 bytes,      16384 total
- age   2:       4840 bytes,      21224 total
- age   3:       4648 bytes,      25872 total
- age   4:       4704 bytes,      30576 total
- age   5:       4648 bytes,      35224 total
- age   6:       4704 bytes,      39928 total
- age   7:       4648 bytes,      44576 total
- age   8:       4704 bytes,      49280 total
: 2219K->48K(2432K), 0.0004627 secs] 4244K->2073K(7936K), 0.0005321 secs] [Times: user=0.00 sys=0.00, real=0.00 secs] 
2017-07-06T17:12:35.345+0900: 7.049: [GC2017-07-06T17:12:35.345+0900: 7.049: [DefNew
Desired survivor size 131072 bytes, new threshold 15 (max 15)
- age   1:      24400 bytes,      24400 total
- age   2:       4840 bytes,      29240 total
- age   3:       4704 bytes,      33944 total
- age   4:       4648 bytes,      38592 total
- age   5:       4704 bytes,      43296 total
- age   6:       4648 bytes,      47944 total
- age   7:       4704 bytes,      52648 total
- age   8:       4648 bytes,      57296 total
- age   9:       4704 bytes,      62000 total
: 2210K->60K(2432K), 0.0004563 secs] 4235K->2085K(7936K), 0.0005235 secs] [Times: user=0.00 sys=0.00, real=0.00 secs] 
2017-07-06T17:12:35.366+0900: 7.071: [GC2017-07-06T17:12:35.366+0900: 7.071: [DefNew
Desired survivor size 131072 bytes, new threshold 15 (max 15)
- age   1:      16384 bytes,      16384 total
- age   2:       4784 bytes,      21168 total
- age   3:       4704 bytes,      25872 total
- age   4:       4704 bytes,      30576 total
- age   5:       4648 bytes,      35224 total
- age   6:       4704 bytes,      39928 total
- age   7:       4648 bytes,      44576 total
- age   8:       4704 bytes,      49280 total
- age   9:       4648 bytes,      53928 total
- age  10:       4704 bytes,      58632 total
: 2228K->57K(2432K), 0.0004550 secs] 4254K->2082K(7936K), 0.0005239 secs] [Times: user=0.00 sys=0.00, real=0.00 secs] 
2017-07-06T17:12:35.387+0900: 7.092: [GC2017-07-06T17:12:35.387+0900: 7.092: [DefNew
Desired survivor size 131072 bytes, new threshold 15 (max 15)
- age   1:      24400 bytes,      24400 total
- age   2:       4840 bytes,      29240 total
- age   3:       4648 bytes,      33888 total
- age   4:       4704 bytes,      38592 total
- age   5:       4704 bytes,      43296 total
- age   6:       4648 bytes,      47944 total
- age   7:       4704 bytes,      52648 total
- age   8:       4648 bytes,      57296 total
- age   9:       4704 bytes,      62000 total
- age  10:       4648 bytes,      66648 total
- age  11:       4704 bytes,      71352 total
: 2218K->69K(2432K), 0.0004794 secs] 4243K->2095K(7936K), 0.0005402 secs] [Times: user=0.00 sys=0.00, real=0.00 secs] 
2017-07-06T17:12:35.409+0900: 7.113: [GC2017-07-06T17:12:35.409+0900: 7.113: [DefNew
Desired survivor size 131072 bytes, new threshold 15 (max 15)
- age   1:      16384 bytes,      16384 total
- age   2:       4784 bytes,      21168 total
- age   3:       4704 bytes,      25872 total
- age   4:       4648 bytes,      30520 total
- age   5:       4704 bytes,      35224 total
- age   6:       4704 bytes,      39928 total
- age   7:       4648 bytes,      44576 total
- age   8:       4704 bytes,      49280 total
- age   9:       4648 bytes,      53928 total
- age  10:       4704 bytes,      58632 total
- age  11:       4648 bytes,      63280 total
- age  12:       4704 bytes,      67984 total
: 2245K->66K(2432K), 0.0004700 secs] 4271K->2091K(7936K), 0.0005321 secs] [Times: user=0.00 sys=0.00, real=0.00 secs] 
2017-07-06T17:12:35.437+0900: 7.141: [GC2017-07-06T17:12:35.437+0900: 7.141: [DefNew
Desired survivor size 131072 bytes, new threshold 15 (max 15)
- age   1:      16384 bytes,      16384 total
- age   2:       4840 bytes,      21224 total
- age   3:       4648 bytes,      25872 total
- age   4:       4704 bytes,      30576 total
- age   5:       4648 bytes,      35224 total
- age   6:       4704 bytes,      39928 total
- age   7:       4704 bytes,      44632 total
- age   8:       4648 bytes,      49280 total
- age   9:       4704 bytes,      53984 total
- age  10:       4648 bytes,      58632 total
- age  11:       4704 bytes,      63336 total
- age  12:       4648 bytes,      67984 total
- age  13:       4704 bytes,      72688 total
: 2242K->70K(2432K), 0.0005175 secs] 4267K->2096K(7936K), 0.0005886 secs] [Times: user=0.00 sys=0.00, real=0.00 secs] 
2017-07-06T17:12:35.458+0900: 7.163: [GC2017-07-06T17:12:35.458+0900: 7.163: [DefNew
Desired survivor size 131072 bytes, new threshold 15 (max 15)
- age   1:      24400 bytes,      24400 total
- age   2:       4840 bytes,      29240 total
- age   3:       4704 bytes,      33944 total
- age   4:       4648 bytes,      38592 total
- age   5:       4704 bytes,      43296 total
- age   6:       4648 bytes,      47944 total
- age   7:       4704 bytes,      52648 total
- age   8:       4704 bytes,      57352 total
- age   9:       4648 bytes,      62000 total
- age  10:       4704 bytes,      66704 total
- age  11:       4648 bytes,      71352 total
- age  12:       4704 bytes,      76056 total
- age  13:       4648 bytes,      80704 total
- age  14:       4704 bytes,      85408 total
: 2233K->83K(2432K), 0.0005085 secs] 4258K->2108K(7936K), 0.0005766 secs] [Times: user=0.00 sys=0.00, real=0.00 secs] 
2017-07-06T17:12:35.480+0900: 7.185: [GC2017-07-06T17:12:35.480+0900: 7.185: [DefNew
Desired survivor size 131072 bytes, new threshold 15 (max 15)
- age   1:      16384 bytes,      16384 total
- age   2:       4784 bytes,      21168 total
- age   3:       4704 bytes,      25872 total
- age   4:       4704 bytes,      30576 total
- age   5:       4648 bytes,      35224 total
- age   6:       4704 bytes,      39928 total
- age   7:       4648 bytes,      44576 total
- age   8:       4704 bytes,      49280 total
- age   9:       4704 bytes,      53984 total
- age  10:       4648 bytes,      58632 total
- age  11:       4704 bytes,      63336 total
- age  12:       4648 bytes,      67984 total
- age  13:       4704 bytes,      72688 total
- age  14:       4648 bytes,      77336 total
- age  15:       4704 bytes,      82040 total
: 2259K->80K(2432K), 0.0005089 secs] 4284K->2105K(7936K), 0.0005886 secs] [Times: user=0.00 sys=0.00, real=0.00 secs] 
2017-07-06T17:12:35.502+0900: 7.207: [GC2017-07-06T17:12:35.502+0900: 7.207: [DefNew
Desired survivor size 131072 bytes, new threshold 15 (max 15)
- age   1:      16384 bytes,      16384 total
- age   2:       4840 bytes,      21224 total
- age   3:       4648 bytes,      25872 total
- age   4:       4704 bytes,      30576 total
- age   5:       4704 bytes,      35280 total
- age   6:       4648 bytes,      39928 total
- age   7:       4704 bytes,      44632 total
- age   8:       4648 bytes,      49280 total
- age   9:       4704 bytes,      53984 total
- age  10:       4704 bytes,      58688 total
- age  11:       4648 bytes,      63336 total
- age  12:       4704 bytes,      68040 total
- age  13:       4648 bytes,      72688 total
- age  14:       4704 bytes,      77392 total
- age  15:       4648 bytes,      82040 total
: 2256K->80K(2432K), 0.0005329 secs] 4281K->2110K(7936K), 0.0006005 secs] [Times: user=0.00 sys=0.00, real=0.00 secs] 
2017-07-06T17:12:35.523+0900: 7.228: [GC2017-07-06T17:12:35.523+0900: 7.228: [DefNew
Desired survivor size 131072 bytes, new threshold 15 (max 15)
- age   1:      24400 bytes,      24400 total
- age   2:       4840 bytes,      29240 total
- age   3:       4704 bytes,      33944 total
- age   4:       4648 bytes,      38592 total
- age   5:       4704 bytes,      43296 total
- age   6:       4704 bytes,      48000 total
- age   7:       4648 bytes,      52648 total
- age   8:       4704 bytes,      57352 total
- age   9:       4648 bytes,      62000 total
- age  10:       4704 bytes,      66704 total
- age  11:       4704 bytes,      71408 total
- age  12:       4648 bytes,      76056 total
- age  13:       4704 bytes,      80760 total
- age  14:       4648 bytes,      85408 total
- age  15:       4704 bytes,      90112 total
: 2242K->88K(2432K), 0.0005175 secs] 4272K->2122K(7936K), 0.0005817 secs] [Times: user=0.00 sys=0.00, real=0.00 secs] 
2017-07-06T17:12:35.548+0900: 7.253: [GC2017-07-06T17:12:35.548+0900: 7.253: [DefNew
Desired survivor size 131072 bytes, new threshold 15 (max 15)
- age   1:      16384 bytes,      16384 total
- age   2:       4784 bytes,      21168 total
- age   3:       4704 bytes,      25872 total
- age   4:       4704 bytes,      30576 total
- age   5:       4648 bytes,      35224 total
- age   6:       4704 bytes,      39928 total
- age   7:       4704 bytes,      44632 total
- age   8:       4648 bytes,      49280 total
- age   9:       4704 bytes,      53984 total
- age  10:       4648 bytes,      58632 total
- age  11:       4704 bytes,      63336 total
- age  12:       4704 bytes,      68040 total
- age  13:       4648 bytes,      72688 total
- age  14:       4704 bytes,      77392 total
- age  15:       4648 bytes,      82040 total
: 2256K->80K(2432K), 0.0005864 secs] 4290K->2119K(7936K), 0.0006665 secs] [Times: user=0.00 sys=0.00, real=0.00 secs] 
2017-07-06T17:12:35.571+0900: 7.276: [GC2017-07-06T17:12:35.571+0900: 7.276: [DefNew
Desired survivor size 131072 bytes, new threshold 15 (max 15)
- age   1:      24400 bytes,      24400 total
- age   2:       4840 bytes,      29240 total
- age   3:       4648 bytes,      33888 total
- age   4:       4704 bytes,      38592 total
- age   5:       4704 bytes,      43296 total
- age   6:       4648 bytes,      47944 total
- age   7:       4704 bytes,      52648 total
- age   8:       4704 bytes,      57352 total
- age   9:       4648 bytes,      62000 total
- age  10:       4704 bytes,      66704 total
- age  11:       4648 bytes,      71352 total
- age  12:       4704 bytes,      76056 total
- age  13:       4704 bytes,      80760 total
- age  14:       4648 bytes,      85408 total
- age  15:       4704 bytes,      90112 total
: 2241K->88K(2432K), 0.0005410 secs] 4280K->2131K(7936K), 0.0006177 secs] [Times: user=0.00 sys=0.00, real=0.00 secs] 
2017-07-06T17:12:35.593+0900: 7.298: [GC2017-07-06T17:12:35.593+0900: 7.298: [DefNew
Desired survivor size 131072 bytes, new threshold 15 (max 15)
- age   1:      16384 bytes,      16384 total
- age   2:       4784 bytes,      21168 total
- age   3:       4704 bytes,      25872 total
- age   4:       4648 bytes,      30520 total
- age   5:       4704 bytes,      35224 total
- age   6:       4704 bytes,      39928 total
- age   7:       4648 bytes,      44576 total
- age   8:       4704 bytes,      49280 total
- age   9:       4704 bytes,      53984 total
- age  10:       4648 bytes,      58632 total
- age  11:       4704 bytes,      63336 total
- age  12:       4648 bytes,      67984 total
- age  13:       4704 bytes,      72688 total
- age  14:       4704 bytes,      77392 total
- age  15:       4648 bytes,      82040 total
: 2264K->80K(2432K), 0.0005265 secs] 4307K->2128K(7936K), 0.0005924 secs] [Times: user=0.00 sys=0.00, real=0.00 secs] 
2017-07-06T17:12:35.615+0900: 7.319: [GC2017-07-06T17:12:35.615+0900: 7.319: [DefNew
Desired survivor size 131072 bytes, new threshold 15 (max 15)
- age   1:      16384 bytes,      16384 total
- age   2:       4840 bytes,      21224 total
- age   3:       4648 bytes,      25872 total
- age   4:       4704 bytes,      30576 total
- age   5:       4648 bytes,      35224 total
- age   6:       4704 bytes,      39928 total
- age   7:       4704 bytes,      44632 total
- age   8:       4648 bytes,      49280 total
- age   9:       4704 bytes,      53984 total
- age  10:       4704 bytes,      58688 total
- age  11:       4648 bytes,      63336 total
- age  12:       4704 bytes,      68040 total
- age  13:       4648 bytes,      72688 total
- age  14:       4704 bytes,      77392 total
- age  15:       4704 bytes,      82096 total
: 2256K->80K(2432K), 0.0005077 secs] 4304K->2132K(7936K), 0.0005689 secs] [Times: user=0.00 sys=0.00, real=0.00 secs] 
2017-07-06T17:12:35.636+0900: 7.341: [GC2017-07-06T17:12:35.636+0900: 7.341: [DefNew
Desired survivor size 131072 bytes, new threshold 15 (max 15)
- age   1:      24400 bytes,      24400 total
- age   2:       4840 bytes,      29240 total
- age   3:       4704 bytes,      33944 total
- age   4:       4648 bytes,      38592 total
- age   5:       4704 bytes,      43296 total
- age   6:       4648 bytes,      47944 total
- age   7:       4704 bytes,      52648 total
- age   8:       4704 bytes,      57352 total
- age   9:       4648 bytes,      62000 total
- age  10:       4704 bytes,      66704 total
- age  11:       4704 bytes,      71408 total
- age  12:       4648 bytes,      76056 total
- age  13:       4704 bytes,      80760 total
- age  14:       4648 bytes,      85408 total
- age  15:       4704 bytes,      90112 total
: 2242K->88K(2432K), 0.0005029 secs] 4295K->2145K(7936K), 0.0005624 secs] [Times: user=0.00 sys=0.00, real=0.00 secs] 
2017-07-06T17:12:35.660+0900: 7.364: [GC2017-07-06T17:12:35.660+0900: 7.364: [DefNew
Desired survivor size 131072 bytes, new threshold 15 (max 15)
- age   1:      16384 bytes,      16384 total
- age   2:       4784 bytes,      21168 total
- age   3:       4704 bytes,      25872 total
- age   4:       4704 bytes,      30576 total
- age   5:       4648 bytes,      35224 total
- age   6:       4704 bytes,      39928 total
- age   7:       4648 bytes,      44576 total
- age   8:       4704 bytes,      49280 total
- age   9:       4704 bytes,      53984 total
- age  10:       4648 bytes,      58632 total
- age  11:       4704 bytes,      63336 total
- age  12:       4704 bytes,      68040 total
- age  13:       4648 bytes,      72688 total
- age  14:       4704 bytes,      77392 total
- age  15:       4648 bytes,      82040 total
: 2264K->80K(2432K), 0.0005496 secs] 4321K->2142K(7936K), 0.0006224 secs] [Times: user=0.00 sys=0.00, real=0.00 secs] 
2017-07-06T17:12:35.684+0900: 7.389: [GC2017-07-06T17:12:35.685+0900: 7.389: [DefNew
Desired survivor size 131072 bytes, new threshold 15 (max 15)
- age   1:      24400 bytes,      24400 total
- age   2:       4840 bytes,      29240 total
- age   3:       4648 bytes,      33888 total
- age   4:       4704 bytes,      38592 total
- age   5:       4704 bytes,      43296 total
- age   6:       4648 bytes,      47944 total
- age   7:       4704 bytes,      52648 total
- age   8:       4648 bytes,      57296 total
- age   9:       4704 bytes,      62000 total
- age  10:       4704 bytes,      66704 total
- age  11:       4648 bytes,      71352 total
- age  12:       4704 bytes,      76056 total
- age  13:       4704 bytes,      80760 total
- age  14:       4648 bytes,      85408 total
- age  15:       4704 bytes,      90112 total
: 2240K->88K(2432K), 0.0005406 secs] 4302K->2154K(7936K), 0.0006211 secs] [Times: user=0.00 sys=0.00, real=0.00 secs] 
2017-07-06T17:12:35.706+0900: 7.411: [GC2017-07-06T17:12:35.706+0900: 7.411: [DefNew
Desired survivor size 131072 bytes, new threshold 15 (max 15)
- age   1:      16384 bytes,      16384 total
- age   2:       4784 bytes,      21168 total
- age   3:       4704 bytes,      25872 total
- age   4:       4648 bytes,      30520 total
- age   5:       4704 bytes,      35224 total
- age   6:       4704 bytes,      39928 total
- age   7:       4648 bytes,      44576 total
- age   8:       4704 bytes,      49280 total
- age   9:       4648 bytes,      53928 total
- age  10:       4704 bytes,      58632 total
- age  11:       4704 bytes,      63336 total
- age  12:       4648 bytes,      67984 total
- age  13:       4704 bytes,      72688 total
- age  14:       4704 bytes,      77392 total
- age  15:       4648 bytes,      82040 total
: 2264K->80K(2432K), 0.0005321 secs] 4330K->2151K(7936K), 0.0006018 secs] [Times: user=0.02 sys=0.00, real=0.00 secs] 
2017-07-06T17:12:35.728+0900: 7.432: [GC2017-07-06T17:12:35.728+0900: 7.432: [DefNew
Desired survivor size 131072 bytes, new threshold 15 (max 15)
- age   1:      24400 bytes,      24400 total
- age   2:       4840 bytes,      29240 total
- age   3:       4648 bytes,      33888 total
- age   4:       4704 bytes,      38592 total
- age   5:       4648 bytes,      43240 total
- age   6:       4704 bytes,      47944 total
- age   7:       4704 bytes,      52648 total
- age   8:       4648 bytes,      57296 total
- age   9:       4704 bytes,      62000 total
- age  10:       4648 bytes,      66648 total
- age  11:       4704 bytes,      71352 total
- age  12:       4704 bytes,      76056 total
- age  13:       4648 bytes,      80704 total
- age  14:       4704 bytes,      85408 total
- age  15:       4704 bytes,      90112 total
: 2240K->88K(2432K), 0.0005128 secs] 4311K->2163K(7936K), 0.0005753 secs] [Times: user=0.00 sys=0.00, real=0.00 secs] 
2017-07-06T17:12:35.749+0900: 7.454: [GC2017-07-06T17:12:35.749+0900: 7.454: [DefNew
Desired survivor size 131072 bytes, new threshold 15 (max 15)
- age   1:      16384 bytes,      16384 total
- age   2:       4784 bytes,      21168 total
- age   3:       4704 bytes,      25872 total
- age   4:       4648 bytes,      30520 total
- age   5:       4704 bytes,      35224 total
- age   6:       4648 bytes,      39872 total
- age   7:       4704 bytes,      44576 total
- age   8:       4704 bytes,      49280 total
- age   9:       4648 bytes,      53928 total
- age  10:       4704 bytes,      58632 total
- age  11:       4648 bytes,      63280 total
- age  12:       4704 bytes,      67984 total
- age  13:       4704 bytes,      72688 total
- age  14:       4648 bytes,      77336 total
- age  15:       4704 bytes,      82040 total
: 2264K->80K(2432K), 0.0005089 secs] 4339K->2160K(7936K), 0.0005702 secs] [Times: user=0.00 sys=0.00, real=0.00 secs] 
2017-07-06T17:12:35.770+0900: 7.475: [GC2017-07-06T17:12:35.770+0900: 7.475: [DefNew
Desired survivor size 131072 bytes, new threshold 15 (max 15)
- age   1:      24400 bytes,      24400 total
- age   2:       4840 bytes,      29240 total
- age   3:       4648 bytes,      33888 total
- age   4:       4704 bytes,      38592 total
- age   5:       4648 bytes,      43240 total
- age   6:       4704 bytes,      47944 total
- age   7:       4648 bytes,      52592 total
- age   8:       4704 bytes,      57296 total
- age   9:       4704 bytes,      62000 total
- age  10:       4648 bytes,      66648 total
- age  11:       4704 bytes,      71352 total
- age  12:       4648 bytes,      76000 total
- age  13:       4704 bytes,      80704 total
- age  14:       4704 bytes,      85408 total
- age  15:       4648 bytes,      90056 total
: 2241K->87K(2432K), 0.0005034 secs] 4321K->2172K(7936K), 0.0005714 secs] [Times: user=0.00 sys=0.00, real=0.00 secs] 
2017-07-06T17:12:35.797+0900: 7.501: [GC2017-07-06T17:12:35.797+0900: 7.501: [DefNew
Desired survivor size 131072 bytes, new threshold 15 (max 15)
- age   1:      16384 bytes,      16384 total
- age   2:       4784 bytes,      21168 total
- age   3:       4704 bytes,      25872 total
- age   4:       4648 bytes,      30520 total
- age   5:       4704 bytes,      35224 total
- age   6:       4648 bytes,      39872 total
- age   7:       4704 bytes,      44576 total
- age   8:       4648 bytes,      49224 total
- age   9:       4704 bytes,      53928 total
- age  10:       4704 bytes,      58632 total
- age  11:       4648 bytes,      63280 total
- age  12:       4704 bytes,      67984 total
- age  13:       4648 bytes,      72632 total
- age  14:       4704 bytes,      77336 total
- age  15:       4704 bytes,      82040 total
: 2263K->80K(2432K), 0.0005432 secs] 4348K->2169K(7936K), 0.0006117 secs] [Times: user=0.00 sys=0.00, real=0.00 secs] 
2017-07-06T17:12:35.818+0900: 7.523: [GC2017-07-06T17:12:35.818+0900: 7.523: [DefNew
Desired survivor size 131072 bytes, new threshold 15 (max 15)
- age   1:      16384 bytes,      16384 total
- age   2:       4840 bytes,      21224 total
- age   3:       4648 bytes,      25872 total
- age   4:       4704 bytes,      30576 total
- age   5:       4648 bytes,      35224 total
- age   6:       4704 bytes,      39928 total
- age   7:       4648 bytes,      44576 total
- age   8:       4704 bytes,      49280 total
- age   9:       4648 bytes,      53928 total
- age  10:       4704 bytes,      58632 total
- age  11:       4704 bytes,      63336 total
- age  12:       4648 bytes,      67984 total
- age  13:       4704 bytes,      72688 total
- age  14:       4648 bytes,      77336 total
- age  15:       4704 bytes,      82040 total
: 2256K->80K(2432K), 0.0005286 secs] 4345K->2174K(7936K), 0.0005963 secs] [Times: user=0.00 sys=0.00, real=0.00 secs] 
2017-07-06T17:12:35.840+0900: 7.545: [GC2017-07-06T17:12:35.840+0900: 7.545: [DefNew
Desired survivor size 131072 bytes, new threshold 15 (max 15)
- age   1:      24400 bytes,      24400 total
- age   2:       4840 bytes,      29240 total
- age   3:       4704 bytes,      33944 total
- age   4:       4648 bytes,      38592 total
- age   5:       4704 bytes,      43296 total
- age   6:       4648 bytes,      47944 total
- age   7:       4704 bytes,      52648 total
- age   8:       4648 bytes,      57296 total
- age   9:       4704 bytes,      62000 total
- age  10:       4648 bytes,      66648 total
- age  11:       4704 bytes,      71352 total
- age  12:       4704 bytes,      76056 total
- age  13:       4648 bytes,      80704 total
- age  14:       4704 bytes,      85408 total
- age  15:       4648 bytes,      90056 total
: 2242K->87K(2432K), 0.0005316 secs] 4336K->2186K(7936K), 0.0006035 secs] [Times: user=0.00 sys=0.00, real=0.00 secs] 
2017-07-06T17:12:35.862+0900: 7.566: [GC2017-07-06T17:12:35.862+0900: 7.566: [DefNew
Desired survivor size 131072 bytes, new threshold 15 (max 15)
- age   1:      16384 bytes,      16384 total
- age   2:       4784 bytes,      21168 total
- age   3:       4704 bytes,      25872 total
- age   4:       4704 bytes,      30576 total
- age   5:       4648 bytes,      35224 total
- age   6:       4704 bytes,      39928 total
- age   7:       4648 bytes,      44576 total
- age   8:       4704 bytes,      49280 total
- age   9:       4648 bytes,      53928 total
- age  10:       4704 bytes,      58632 total
- age  11:       4648 bytes,      63280 total
- age  12:       4704 bytes,      67984 total
- age  13:       4704 bytes,      72688 total
- age  14:       4648 bytes,      77336 total
- age  15:       4704 bytes,      82040 total
: 2256K->80K(2432K), 0.0005273 secs] 4354K->2183K(7936K), 0.0007024 secs] [Times: user=0.00 sys=0.00, real=0.00 secs] 
2017-07-06T17:12:35.883+0900: 7.588: [GC2017-07-06T17:12:35.883+0900: 7.588: [DefNew
Desired survivor size 131072 bytes, new threshold 15 (max 15)
- age   1:      24400 bytes,      24400 total
- age   2:       4840 bytes,      29240 total
- age   3:       4648 bytes,      33888 total
- age   4:       4704 bytes,      38592 total
- age   5:       4704 bytes,      43296 total
- age   6:       4648 bytes,      47944 total
- age   7:       4704 bytes,      52648 total
- age   8:       4648 bytes,      57296 total
- age   9:       4704 bytes,      62000 total
- age  10:       4648 bytes,      66648 total
- age  11:       4704 bytes,      71352 total
- age  12:       4648 bytes,      76000 total
- age  13:       4704 bytes,      80704 total
- age  14:       4704 bytes,      85408 total
- age  15:       4648 bytes,      90056 total
: 2241K->87K(2432K), 0.0005128 secs] 4344K->2195K(7936K), 0.0005757 secs] [Times: user=0.00 sys=0.00, real=0.00 secs] 
2017-07-06T17:12:35.908+0900: 7.613: [GC2017-07-06T17:12:35.908+0900: 7.613: [DefNew
Desired survivor size 131072 bytes, new threshold 15 (max 15)
- age   1:      16384 bytes,      16384 total
- age   2:       4784 bytes,      21168 total
- age   3:       4704 bytes,      25872 total
- age   4:       4648 bytes,      30520 total
- age   5:       4704 bytes,      35224 total
- age   6:       4704 bytes,      39928 total
- age   7:       4648 bytes,      44576 total
- age   8:       4704 bytes,      49280 total
- age   9:       4648 bytes,      53928 total
- age  10:       4704 bytes,      58632 total
- age  11:       4648 bytes,      63280 total
- age  12:       4704 bytes,      67984 total
- age  13:       4648 bytes,      72632 total
- age  14:       4704 bytes,      77336 total
- age  15:       4704 bytes,      82040 total
: 2263K->80K(2432K), 0.0006082 secs] 4371K->2192K(7936K), 0.0006934 secs] [Times: user=0.00 sys=0.00, real=0.00 secs] 
2017-07-06T17:12:35.932+0900: 7.636: [GC2017-07-06T17:12:35.932+0900: 7.636: [DefNew
Desired survivor size 131072 bytes, new threshold 15 (max 15)
- age   1:      16384 bytes,      16384 total
- age   2:       4840 bytes,      21224 total
- age   3:       4648 bytes,      25872 total
- age   4:       4704 bytes,      30576 total
- age   5:       4648 bytes,      35224 total
- age   6:       4704 bytes,      39928 total
- age   7:       4704 bytes,      44632 total
- age   8:       4648 bytes,      49280 total
- age   9:       4704 bytes,      53984 total
- age  10:       4648 bytes,      58632 total
- age  11:       4704 bytes,      63336 total
- age  12:       4648 bytes,      67984 total
- age  13:       4704 bytes,      72688 total
- age  14:       4648 bytes,      77336 total
- age  15:       4704 bytes,      82040 total
: 2256K->80K(2432K), 0.0005556 secs] 4368K->2196K(7936K), 0.0006224 secs] [Times: user=0.00 sys=0.00, real=0.00 secs] 
2017-07-06T17:12:35.953+0900: 7.658: [GC2017-07-06T17:12:35.954+0900: 7.658: [DefNew
Desired survivor size 131072 bytes, new threshold 15 (max 15)
- age   1:      24400 bytes,      24400 total
- age   2:       4840 bytes,      29240 total
- age   3:       4704 bytes,      33944 total
- age   4:       4648 bytes,      38592 total
- age   5:       4704 bytes,      43296 total
- age   6:       4648 bytes,      47944 total
- age   7:       4704 bytes,      52648 total
- age   8:       4704 bytes,      57352 total
- age   9:       4648 bytes,      62000 total
- age  10:       4704 bytes,      66704 total
- age  11:       4648 bytes,      71352 total
- age  12:       4704 bytes,      76056 total
- age  13:       4648 bytes,      80704 total
- age  14:       4704 bytes,      85408 total
- age  15:       4648 bytes,      90056 total
: 2242K->87K(2432K), 0.0005239 secs] 4359K->2209K(7936K), 0.0005988 secs] [Times: user=0.00 sys=0.00, real=0.00 secs] 
2017-07-06T17:12:35.975+0900: 7.680: [GC2017-07-06T17:12:35.975+0900: 7.680: [DefNew
Desired survivor size 131072 bytes, new threshold 15 (max 15)
- age   1:      16384 bytes,      16384 total
- age   2:       4784 bytes,      21168 total
- age   3:       4704 bytes,      25872 total
- age   4:       4704 bytes,      30576 total
- age   5:       4648 bytes,      35224 total
- age   6:       4704 bytes,      39928 total
- age   7:       4648 bytes,      44576 total
- age   8:       4704 bytes,      49280 total
- age   9:       4704 bytes,      53984 total
- age  10:       4648 bytes,      58632 total
- age  11:       4704 bytes,      63336 total
- age  12:       4648 bytes,      67984 total
- age  13:       4704 bytes,      72688 total
- age  14:       4648 bytes,      77336 total
- age  15:       4704 bytes,      82040 total
: 2263K->80K(2432K), 0.0005166 secs] 4385K->2206K(7936K), 0.0005787 secs] [Times: user=0.00 sys=0.00, real=0.00 secs] 
2017-07-06T17:12:35.997+0900: 7.701: [GC2017-07-06T17:12:35.997+0900: 7.701: [DefNew
Desired survivor size 131072 bytes, new threshold 15 (max 15)
- age   1:      16384 bytes,      16384 total
- age   2:       4840 bytes,      21224 total
- age   3:       4648 bytes,      25872 total
- age   4:       4704 bytes,      30576 total
- age   5:       4704 bytes,      35280 total
- age   6:       4648 bytes,      39928 total
- age   7:       4704 bytes,      44632 total
- age   8:       4648 bytes,      49280 total
- age   9:       4704 bytes,      53984 total
- age  10:       4704 bytes,      58688 total
- age  11:       4648 bytes,      63336 total
- age  12:       4704 bytes,      68040 total
- age  13:       4648 bytes,      72688 total
- age  14:       4704 bytes,      77392 total
- age  15:       4648 bytes,      82040 total
: 2256K->80K(2432K), 0.0005085 secs] 4382K->2210K(7936K), 0.0005697 secs] [Times: user=0.00 sys=0.00, real=0.00 secs] 
2017-07-06T17:12:36.020+0900: 7.725: [GC2017-07-06T17:12:36.020+0900: 7.725: [DefNew
Desired survivor size 131072 bytes, new threshold 15 (max 15)
- age   1:      24400 bytes,      24400 total
- age   2:       4840 bytes,      29240 total
- age   3:       4704 bytes,      33944 total
- age   4:       4648 bytes,      38592 total
- age   5:       4704 bytes,      43296 total
- age   6:       4704 bytes,      48000 total
- age   7:       4648 bytes,      52648 total
- age   8:       4704 bytes,      57352 total
- age   9:       4648 bytes,      62000 total
- age  10:       4704 bytes,      66704 total
- age  11:       4704 bytes,      71408 total
- age  12:       4648 bytes,      76056 total
- age  13:       4704 bytes,      80760 total
- age  14:       4648 bytes,      85408 total
- age  15:       4704 bytes,      90112 total
: 2242K->88K(2432K), 0.0005560 secs] 4372K->2223K(7936K), 0.0006309 secs] [Times: user=0.00 sys=0.00, real=0.00 secs] 
2017-07-06T17:12:36.045+0900: 7.750: [GC2017-07-06T17:12:36.045+0900: 7.750: [DefNew
Desired survivor size 131072 bytes, new threshold 15 (max 15)
- age   1:      16384 bytes,      16384 total
- age   2:       4784 bytes,      21168 total
- age   3:       4704 bytes,      25872 total
- age   4:       4704 bytes,      30576 total
- age   5:       4648 bytes,      35224 total
- age   6:       4704 bytes,      39928 total
- age   7:       4704 bytes,      44632 total
- age   8:       4648 bytes,      49280 total
- age   9:       4704 bytes,      53984 total
- age  10:       4648 bytes,      58632 total
- age  11:       4704 bytes,      63336 total
- age  12:       4704 bytes,      68040 total
- age  13:       4648 bytes,      72688 total
- age  14:       4704 bytes,      77392 total
- age  15:       4648 bytes,      82040 total
: 2256K->80K(2432K), 0.0005470 secs] 4391K->2219K(7936K), 0.0006245 secs] [Times: user=0.00 sys=0.00, real=0.00 secs] 
2017-07-06T17:12:36.067+0900: 7.771: [GC2017-07-06T17:12:36.067+0900: 7.771: [DefNew
Desired survivor size 131072 bytes, new threshold 15 (max 15)
- age   1:      24400 bytes,      24400 total
- age   2:       4840 bytes,      29240 total
- age   3:       4648 bytes,      33888 total
- age   4:       4704 bytes,      38592 total
- age   5:       4704 bytes,      43296 total
- age   6:       4648 bytes,      47944 total
- age   7:       4704 bytes,      52648 total
- age   8:       4704 bytes,      57352 total
- age   9:       4648 bytes,      62000 total
- age  10:       4704 bytes,      66704 total
- age  11:       4648 bytes,      71352 total
- age  12:       4704 bytes,      76056 total
- age  13:       4704 bytes,      80760 total
- age  14:       4648 bytes,      85408 total
- age  15:       4704 bytes,      90112 total
: 2241K->88K(2432K), 0.0005261 secs] 4381K->2232K(7936K), 0.0005933 secs] [Times: user=0.00 sys=0.00, real=0.00 secs] 
2017-07-06T17:12:36.088+0900: 7.793: [GC2017-07-06T17:12:36.088+0900: 7.793: [DefNew
Desired survivor size 131072 bytes, new threshold 15 (max 15)
- age   1:      16384 bytes,      16384 total
- age   2:       4784 bytes,      21168 total
- age   3:       4704 bytes,      25872 total
- age   4:       4648 bytes,      30520 total
- age   5:       4704 bytes,      35224 total
- age   6:       4704 bytes,      39928 total
- age   7:       4648 bytes,      44576 total
- age   8:       4704 bytes,      49280 total
- age   9:       4704 bytes,      53984 total
- age  10:       4648 bytes,      58632 total
- age  11:       4704 bytes,      63336 total
- age  12:       4648 bytes,      67984 total
- age  13:       4704 bytes,      72688 total
- age  14:       4704 bytes,      77392 total
- age  15:       4648 bytes,      82040 total
: 2264K->80K(2432K), 0.0005137 secs] 4408K->2228K(7936K), 0.0005761 secs] [Times: user=0.00 sys=0.00, real=0.00 secs] 
2017-07-06T17:12:36.110+0900: 7.814: [GC2017-07-06T17:12:36.110+0900: 7.815: [DefNew
Desired survivor size 131072 bytes, new threshold 15 (max 15)
- age   1:      16384 bytes,      16384 total
- age   2:       4840 bytes,      21224 total
- age   3:       4648 bytes,      25872 total
- age   4:       4704 bytes,      30576 total
- age   5:       4648 bytes,      35224 total
- age   6:       4704 bytes,      39928 total
- age   7:       4704 bytes,      44632 total
- age   8:       4648 bytes,      49280 total
- age   9:       4704 bytes,      53984 total
- age  10:       4704 bytes,      58688 total
- age  11:       4648 bytes,      63336 total
- age  12:       4704 bytes,      68040 total
- age  13:       4648 bytes,      72688 total
- age  14:       4704 bytes,      77392 total
- age  15:       4704 bytes,      82096 total
: 2256K->80K(2432K), 0.0005154 secs] 4404K->2233K(7936K), 0.0005770 secs] [Times: user=0.00 sys=0.00, real=0.00 secs] 
2017-07-06T17:12:36.132+0900: 7.836: [GC2017-07-06T17:12:36.132+0900: 7.836: [DefNew
Desired survivor size 131072 bytes, new threshold 15 (max 15)
- age   1:      24400 bytes,      24400 total
- age   2:       4840 bytes,      29240 total
- age   3:       4704 bytes,      33944 total
- age   4:       4648 bytes,      38592 total
- age   5:       4704 bytes,      43296 total
- age   6:       4648 bytes,      47944 total
- age   7:       4704 bytes,      52648 total
- age   8:       4704 bytes,      57352 total
- age   9:       4648 bytes,      62000 total
- age  10:       4704 bytes,      66704 total
- age  11:       4704 bytes,      71408 total
- age  12:       4648 bytes,      76056 total
- age  13:       4704 bytes,      80760 total
- age  14:       4648 bytes,      85408 total
- age  15:       4704 bytes,      90112 total
: 2242K->88K(2432K), 0.0005963 secs] 4396K->2245K(7936K), 0.0006789 secs] [Times: user=0.00 sys=0.00, real=0.00 secs] 
2017-07-06T17:12:36.157+0900: 7.862: [GC2017-07-06T17:12:36.157+0900: 7.862: [DefNew
Desired survivor size 131072 bytes, new threshold 15 (max 15)
- age   1:      16384 bytes,      16384 total
- age   2:       4784 bytes,      21168 total
- age   3:       4704 bytes,      25872 total
- age   4:       4704 bytes,      30576 total
- age   5:       4648 bytes,      35224 total
- age   6:       4704 bytes,      39928 total
- age   7:       4648 bytes,      44576 total
- age   8:       4704 bytes,      49280 total
- age   9:       4704 bytes,      53984 total
- age  10:       4648 bytes,      58632 total
- age  11:       4704 bytes,      63336 total
- age  12:       4704 bytes,      68040 total
- age  13:       4648 bytes,      72688 total
- age  14:       4704 bytes,      77392 total
- age  15:       4648 bytes,      82040 total
: 2264K->80K(2432K), 0.0005445 secs] 4421K->2242K(7936K), 0.0006155 secs] [Times: user=0.00 sys=0.00, real=0.00 secs] 
2017-07-06T17:12:36.179+0900: 7.884: [GC2017-07-06T17:12:36.179+0900: 7.884: [DefNew
Desired survivor size 131072 bytes, new threshold 15 (max 15)
- age   1:      24400 bytes,      24400 total
- age   2:       4840 bytes,      29240 total
- age   3:       4648 bytes,      33888 total
- age   4:       4704 bytes,      38592 total
- age   5:       4704 bytes,      43296 total
- age   6:       4648 bytes,      47944 total
- age   7:       4704 bytes,      52648 total
- age   8:       4648 bytes,      57296 total
- age   9:       4704 bytes,      62000 total
- age  10:       4704 bytes,      66704 total
- age  11:       4648 bytes,      71352 total
- age  12:       4704 bytes,      76056 total
- age  13:       4704 bytes,      80760 total
- age  14:       4648 bytes,      85408 total
- age  15:       4704 bytes,      90112 total
: 2240K->88K(2432K), 0.0005209 secs] 4402K->2255K(7936K), 0.0005851 secs] [Times: user=0.00 sys=0.00, real=0.00 secs] 
2017-07-06T17:12:36.201+0900: 7.905: [GC2017-07-06T17:12:36.201+0900: 7.905: [DefNew
Desired survivor size 131072 bytes, new threshold 15 (max 15)
- age   1:      16384 bytes,      16384 total
- age   2:       4784 bytes,      21168 total
- age   3:       4704 bytes,      25872 total
- age   4:       4648 bytes,      30520 total
- age   5:       4704 bytes,      35224 total
- age   6:       4704 bytes,      39928 total
- age   7:       4648 bytes,      44576 total
- age   8:       4704 bytes,      49280 total
- age   9:       4648 bytes,      53928 total
- age  10:       4704 bytes,      58632 total
- age  11:       4704 bytes,      63336 total
- age  12:       4648 bytes,      67984 total
- age  13:       4704 bytes,      72688 total
- age  14:       4704 bytes,      77392 total
- age  15:       4648 bytes,      82040 total
: 2264K->80K(2432K), 0.0005158 secs] 4431K->2251K(7936K), 0.0005779 secs] [Times: user=0.00 sys=0.00, real=0.00 secs] 
2017-07-06T17:12:36.222+0900: 7.927: [GC2017-07-06T17:12:36.222+0900: 7.927: [DefNew
Desired survivor size 131072 bytes, new threshold 15 (max 15)
- age   1:      24400 bytes,      24400 total
- age   2:       4840 bytes,      29240 total
- age   3:       4648 bytes,      33888 total
- age   4:       4704 bytes,      38592 total
- age   5:       4648 bytes,      43240 total
- age   6:       4704 bytes,      47944 total
- age   7:       4704 bytes,      52648 total
- age   8:       4648 bytes,      57296 total
- age   9:       4704 bytes,      62000 total
- age  10:       4648 bytes,      66648 total
- age  11:       4704 bytes,      71352 total
- age  12:       4704 bytes,      76056 total
- age  13:       4648 bytes,      80704 total
- age  14:       4704 bytes,      85408 total
- age  15:       4704 bytes,      90112 total
: 2240K->88K(2432K), 0.0005089 secs] 4412K->2264K(7936K), 0.0005710 secs] [Times: user=0.00 sys=0.00, real=0.00 secs] 
2017-07-06T17:12:36.243+0900: 7.948: [GC2017-07-06T17:12:36.244+0900: 7.948: [DefNew
Desired survivor size 131072 bytes, new threshold 15 (max 15)
- age   1:      16384 bytes,      16384 total
- age   2:       4784 bytes,      21168 total
- age   3:       4704 bytes,      25872 total
- age   4:       4648 bytes,      30520 total
- age   5:       4704 bytes,      35224 total
- age   6:       4648 bytes,      39872 total
- age   7:       4704 bytes,      44576 total
- age   8:       4704 bytes,      49280 total
- age   9:       4648 bytes,      53928 total
- age  10:       4704 bytes,      58632 total
- age  11:       4648 bytes,      63280 total
- age  12:       4704 bytes,      67984 total
- age  13:       4704 bytes,      72688 total
- age  14:       4648 bytes,      77336 total
- age  15:       4704 bytes,      82040 total
: 2264K->80K(2432K), 0.0005303 secs] 4440K->2260K(7936K), 0.0006100 secs] [Times: user=0.00 sys=0.00, real=0.00 secs] 
2017-07-06T17:12:36.266+0900: 7.971: [GC2017-07-06T17:12:36.266+0900: 7.971: [DefNew
Desired survivor size 131072 bytes, new threshold 15 (max 15)
- age   1:      24400 bytes,      24400 total
- age   2:       4840 bytes,      29240 total
- age   3:       4648 bytes,      33888 total
- age   4:       4704 bytes,      38592 total
- age   5:       4648 bytes,      43240 total
- age   6:       4704 bytes,      47944 total
- age   7:       4648 bytes,      52592 total
- age   8:       4704 bytes,      57296 total
- age   9:       4704 bytes,      62000 total
- age  10:       4648 bytes,      66648 total
- age  11:       4704 bytes,      71352 total
- age  12:       4648 bytes,      76000 total
- age  13:       4704 bytes,      80704 total
- age  14:       4704 bytes,      85408 total
- age  15:       4648 bytes,      90056 total
: 2241K->87K(2432K), 0.0005535 secs] 4422K->2273K(7936K), 0.0006262 secs] [Times: user=0.00 sys=0.00, real=0.00 secs] 
2017-07-06T17:12:36.290+0900: 7.995: [GC2017-07-06T17:12:36.290+0900: 7.995: [DefNew
Desired survivor size 131072 bytes, new threshold 15 (max 15)
- age   1:      16384 bytes,      16384 total
- age   2:       4784 bytes,      21168 total
- age   3:       4704 bytes,      25872 total
- age   4:       4648 bytes,      30520 total
- age   5:       4704 bytes,      35224 total
- age   6:       4648 bytes,      39872 total
- age   7:       4704 bytes,      44576 total
- age   8:       4648 bytes,      49224 total
- age   9:       4704 bytes,      53928 total
- age  10:       4704 bytes,      58632 total
- age  11:       4648 bytes,      63280 total
- age  12:       4704 bytes,      67984 total
- age  13:       4648 bytes,      72632 total
- age  14:       4704 bytes,      77336 total
- age  15:       4704 bytes,      82040 total
: 2263K->80K(2432K), 0.0005997 secs] 4449K->2270K(7936K), 0.0010307 secs] [Times: user=0.00 sys=0.00, real=0.00 secs] 
2017-07-06T17:12:36.313+0900: 8.017: [GC2017-07-06T17:12:36.313+0900: 8.017: [DefNew
Desired survivor size 131072 bytes, new threshold 15 (max 15)
- age   1:      16384 bytes,      16384 total
- age   2:       4840 bytes,      21224 total
- age   3:       4648 bytes,      25872 total
- age   4:       4704 bytes,      30576 total
- age   5:       4648 bytes,      35224 total
- age   6:       4704 bytes,      39928 total
- age   7:       4648 bytes,      44576 total
- age   8:       4704 bytes,      49280 total
- age   9:       4648 bytes,      53928 total
- age  10:       4704 bytes,      58632 total
- age  11:       4704 bytes,      63336 total
- age  12:       4648 bytes,      67984 total
- age  13:       4704 bytes,      72688 total
- age  14:       4648 bytes,      77336 total
- age  15:       4704 bytes,      82040 total
: 2256K->80K(2432K), 0.0005321 secs] 4446K->2274K(7936K), 0.0006014 secs] [Times: user=0.00 sys=0.00, real=0.00 secs] 
2017-07-06T17:12:36.334+0900: 8.039: [GC2017-07-06T17:12:36.334+0900: 8.039: [DefNew
Desired survivor size 131072 bytes, new threshold 15 (max 15)
- age   1:      24400 bytes,      24400 total
- age   2:       4840 bytes,      29240 total
- age   3:       4704 bytes,      33944 total
- age   4:       4648 bytes,      38592 total
- age   5:       4704 bytes,      43296 total
- age   6:       4648 bytes,      47944 total
- age   7:       4704 bytes,      52648 total
- age   8:       4648 bytes,      57296 total
- age   9:       4704 bytes,      62000 total
- age  10:       4648 bytes,      66648 total
- age  11:       4704 bytes,      71352 total
- age  12:       4704 bytes,      76056 total
- age  13:       4648 bytes,      80704 total
- age  14:       4704 bytes,      85408 total
- age  15:       4648 bytes,      90056 total
: 2242K->87K(2432K), 0.0005124 secs] 4436K->2287K(7936K), 0.0005796 secs] [Times: user=0.00 sys=0.00, real=0.00 secs] 
2017-07-06T17:12:36.356+0900: 8.060: [GC2017-07-06T17:12:36.356+0900: 8.060: [DefNew
Desired survivor size 131072 bytes, new threshold 15 (max 15)
- age   1:      16384 bytes,      16384 total
- age   2:       4784 bytes,      21168 total
- age   3:       4704 bytes,      25872 total
- age   4:       4704 bytes,      30576 total
- age   5:       4648 bytes,      35224 total
- age   6:       4704 bytes,      39928 total
- age   7:       4648 bytes,      44576 total
- age   8:       4704 bytes,      49280 total
- age   9:       4648 bytes,      53928 total
- age  10:       4704 bytes,      58632 total
- age  11:       4648 bytes,      63280 total
- age  12:       4704 bytes,      67984 total
- age  13:       4704 bytes,      72688 total
- age  14:       4648 bytes,      77336 total
- age  15:       4704 bytes,      82040 total
: 2256K->80K(2432K), 0.0005171 secs] 4455K->2283K(7936K), 0.0005787 secs] [Times: user=0.00 sys=0.00, real=0.00 secs] 
2017-07-06T17:12:36.378+0900: 8.082: [GC2017-07-06T17:12:36.378+0900: 8.082: [DefNew
Desired survivor size 131072 bytes, new threshold 15 (max 15)
- age   1:      24400 bytes,      24400 total
- age   2:       4840 bytes,      29240 total
- age   3:       4648 bytes,      33888 total
- age   4:       4704 bytes,      38592 total
- age   5:       4704 bytes,      43296 total
- age   6:       4648 bytes,      47944 total
- age   7:       4704 bytes,      52648 total
- age   8:       4648 bytes,      57296 total
- age   9:       4704 bytes,      62000 total
- age  10:       4648 bytes,      66648 total
- age  11:       4704 bytes,      71352 total
- age  12:       4648 bytes,      76000 total
- age  13:       4704 bytes,      80704 total
- age  14:       4704 bytes,      85408 total
- age  15:       4648 bytes,      90056 total
: 2241K->87K(2432K), 0.0005552 secs] 4444K->2296K(7936K), 0.0006318 secs] [Times: user=0.00 sys=0.00, real=0.00 secs] 
2017-07-06T17:12:36.401+0900: 8.106: [GC2017-07-06T17:12:36.401+0900: 8.106: [DefNew
Desired survivor size 131072 bytes, new threshold 15 (max 15)
- age   1:      16384 bytes,      16384 total
- age   2:       4784 bytes,      21168 total
- age   3:       4704 bytes,      25872 total
- age   4:       4648 bytes,      30520 total
- age   5:       4704 bytes,      35224 total
- age   6:       4704 bytes,      39928 total
- age   7:       4648 bytes,      44576 total
- age   8:       4704 bytes,      49280 total
- age   9:       4648 bytes,      53928 total
- age  10:       4704 bytes,      58632 total
- age  11:       4648 bytes,      63280 total
- age  12:       4704 bytes,      67984 total
- age  13:       4648 bytes,      72632 total
- age  14:       4704 bytes,      77336 total
- age  15:       4704 bytes,      82040 total
: 2263K->80K(2432K), 0.0005470 secs] 4472K->2292K(7936K), 0.0006198 secs] [Times: user=0.00 sys=0.00, real=0.00 secs] 
2017-07-06T17:12:36.424+0900: 8.128: [GC2017-07-06T17:12:36.424+0900: 8.128: [DefNew
Desired survivor size 131072 bytes, new threshold 15 (max 15)
- age   1:      16384 bytes,      16384 total
- age   2:       4840 bytes,      21224 total
- age   3:       4648 bytes,      25872 total
- age   4:       4704 bytes,      30576 total
- age   5:       4648 bytes,      35224 total
- age   6:       4704 bytes,      39928 total
- age   7:       4704 bytes,      44632 total
- age   8:       4648 bytes,      49280 total
- age   9:       4704 bytes,      53984 total
- age  10:       4648 bytes,      58632 total
- age  11:       4704 bytes,      63336 total
- age  12:       4648 bytes,      67984 total
- age  13:       4704 bytes,      72688 total
- age  14:       4648 bytes,      77336 total
- age  15:       4704 bytes,      82040 total
: 2256K->80K(2432K), 0.0005410 secs] 4468K->2297K(7936K), 0.0006160 secs] [Times: user=0.00 sys=0.00, real=0.00 secs] 
2017-07-06T17:12:36.446+0900: 8.149: [GC2017-07-06T17:12:36.446+0900: 8.149: [DefNew
Desired survivor size 131072 bytes, new threshold 15 (max 15)
- age   1:      24400 bytes,      24400 total
- age   2:       4840 bytes,      29240 total
- age   3:       4704 bytes,      33944 total
- age   4:       4648 bytes,      38592 total
- age   5:       4704 bytes,      43296 total
- age   6:       4648 bytes,      47944 total
- age   7:       4704 bytes,      52648 total
- age   8:       4704 bytes,      57352 total
- age   9:       4648 bytes,      62000 total
- age  10:       4704 bytes,      66704 total
- age  11:       4648 bytes,      71352 total
- age  12:       4704 bytes,      76056 total
- age  13:       4648 bytes,      80704 total
- age  14:       4704 bytes,      85408 total
- age  15:       4648 bytes,      90056 total
: 2242K->87K(2432K), 0.0005111 secs] 4459K->2309K(7936K), 0.0005740 secs] [Times: user=0.00 sys=0.00, real=0.00 secs] 
2017-07-06T17:12:36.467+0900: 8.171: [GC2017-07-06T17:12:36.467+0900: 8.171: [DefNew
Desired survivor size 131072 bytes, new threshold 15 (max 15)
- age   1:      16384 bytes,      16384 total
- age   2:       4784 bytes,      21168 total
- age   3:       4704 bytes,      25872 total
- age   4:       4704 bytes,      30576 total
- age   5:       4648 bytes,      35224 total
- age   6:       4704 bytes,      39928 total
- age   7:       4648 bytes,      44576 total
- age   8:       4704 bytes,      49280 total
- age   9:       4704 bytes,      53984 total
- age  10:       4648 bytes,      58632 total
- age  11:       4704 bytes,      63336 total
- age  12:       4648 bytes,      67984 total
- age  13:       4704 bytes,      72688 total
- age  14:       4648 bytes,      77336 total
- age  15:       4704 bytes,      82040 total
: 2263K->80K(2432K), 0.0005089 secs] 4485K->2306K(7936K), 0.0005714 secs] [Times: user=0.00 sys=0.00, real=0.00 secs] 
2017-07-06T17:12:36.491+0900: 8.194: [GC2017-07-06T17:12:36.491+0900: 8.194: [DefNew
Desired survivor size 131072 bytes, new threshold 15 (max 15)
- age   1:      16384 bytes,      16384 total
- age   2:       4840 bytes,      21224 total
- age   3:       4648 bytes,      25872 total
- age   4:       4704 bytes,      30576 total
- age   5:       4704 bytes,      35280 total
- age   6:       4648 bytes,      39928 total
- age   7:       4704 bytes,      44632 total
- age   8:       4648 bytes,      49280 total
- age   9:       4704 bytes,      53984 total
- age  10:       4704 bytes,      58688 total
- age  11:       4648 bytes,      63336 total
- age  12:       4704 bytes,      68040 total
- age  13:       4648 bytes,      72688 total
- age  14:       4704 bytes,      77392 total
- age  15:       4648 bytes,      82040 total
: 2256K->80K(2432K), 0.0005898 secs] 4482K->2311K(7936K), 0.0008039 secs] [Times: user=0.00 sys=0.00, real=0.00 secs] 
2017-07-06T17:12:36.516+0900: 8.219: [GC2017-07-06T17:12:36.516+0900: 8.219: [DefNew
Desired survivor size 131072 bytes, new threshold 15 (max 15)
- age   1:      24400 bytes,      24400 total
- age   2:       4840 bytes,      29240 total
- age   3:       4704 bytes,      33944 total
- age   4:       4648 bytes,      38592 total
- age   5:       4704 bytes,      43296 total
- age   6:       4704 bytes,      48000 total
- age   7:       4648 bytes,      52648 total
- age   8:       4704 bytes,      57352 total
- age   9:       4648 bytes,      62000 total
- age  10:       4704 bytes,      66704 total
- age  11:       4704 bytes,      71408 total
- age  12:       4648 bytes,      76056 total
- age  13:       4704 bytes,      80760 total
- age  14:       4648 bytes,      85408 total
- age  15:       4704 bytes,      90112 total
: 2242K->88K(2432K), 0.0005436 secs] 4473K->2323K(7936K), 0.0006207 secs] [Times: user=0.00 sys=0.00, real=0.00 secs] 
2017-07-06T17:12:36.537+0900: 8.241: [GC2017-07-06T17:12:36.537+0900: 8.241: [DefNew
Desired survivor size 131072 bytes, new threshold 15 (max 15)
- age   1:      16384 bytes,      16384 total
- age   2:       4784 bytes,      21168 total
- age   3:       4704 bytes,      25872 total
- age   4:       4704 bytes,      30576 total
- age   5:       4648 bytes,      35224 total
- age   6:       4704 bytes,      39928 total
- age   7:       4704 bytes,      44632 total
- age   8:       4648 bytes,      49280 total
- age   9:       4704 bytes,      53984 total
- age  10:       4648 bytes,      58632 total
- age  11:       4704 bytes,      63336 total
- age  12:       4704 bytes,      68040 total
- age  13:       4648 bytes,      72688 total
- age  14:       4704 bytes,      77392 total
- age  15:       4648 bytes,      82040 total
: 2256K->80K(2432K), 0.0005492 secs] 4491K->2320K(7936K), 0.0006147 secs] [Times: user=0.00 sys=0.00, real=0.00 secs] 
2017-07-06T17:12:36.559+0900: 8.262: [GC2017-07-06T17:12:36.559+0900: 8.262: [DefNew
Desired survivor size 131072 bytes, new threshold 15 (max 15)
- age   1:      24400 bytes,      24400 total
- age   2:       4840 bytes,      29240 total
- age   3:       4648 bytes,      33888 total
- age   4:       4704 bytes,      38592 total
- age   5:       4704 bytes,      43296 total
- age   6:       4648 bytes,      47944 total
- age   7:       4704 bytes,      52648 total
- age   8:       4704 bytes,      57352 total
- age   9:       4648 bytes,      62000 total
- age  10:       4704 bytes,      66704 total
- age  11:       4648 bytes,      71352 total
- age  12:       4704 bytes,      76056 total
- age  13:       4704 bytes,      80760 total
- age  14:       4648 bytes,      85408 total
- age  15:       4704 bytes,      90112 total
: 2241K->88K(2432K), 0.0005111 secs] 4481K->2332K(7936K), 0.0005731 secs] [Times: user=0.00 sys=0.00, real=0.00 secs] 
2017-07-06T17:12:36.580+0900: 8.284: [GC2017-07-06T17:12:36.580+0900: 8.284: [DefNew
Desired survivor size 131072 bytes, new threshold 15 (max 15)
- age   1:      16384 bytes,      16384 total
- age   2:       4784 bytes,      21168 total
- age   3:       4704 bytes,      25872 total
- age   4:       4648 bytes,      30520 total
- age   5:       4704 bytes,      35224 total
- age   6:       4704 bytes,      39928 total
- age   7:       4648 bytes,      44576 total
- age   8:       4704 bytes,      49280 total
- age   9:       4704 bytes,      53984 total
- age  10:       4648 bytes,      58632 total
- age  11:       4704 bytes,      63336 total
- age  12:       4648 bytes,      67984 total
- age  13:       4704 bytes,      72688 total
- age  14:       4704 bytes,      77392 total
- age  15:       4648 bytes,      82040 total
: 2264K->80K(2432K), 0.0005132 secs] 4508K->2329K(7936K), 0.0005749 secs] [Times: user=0.00 sys=0.00, real=0.00 secs] 
2017-07-06T17:12:36.602+0900: 8.305: [GC2017-07-06T17:12:36.602+0900: 8.305: [DefNew
Desired survivor size 131072 bytes, new threshold 15 (max 15)
- age   1:      16384 bytes,      16384 total
- age   2:       4840 bytes,      21224 total
- age   3:       4648 bytes,      25872 total
- age   4:       4704 bytes,      30576 total
- age   5:       4648 bytes,      35224 total
- age   6:       4704 bytes,      39928 total
- age   7:       4704 bytes,      44632 total
- age   8:       4648 bytes,      49280 total
- age   9:       4704 bytes,      53984 total
- age  10:       4704 bytes,      58688 total
- age  11:       4648 bytes,      63336 total
- age  12:       4704 bytes,      68040 total
- age  13:       4648 bytes,      72688 total
- age  14:       4704 bytes,      77392 total
- age  15:       4704 bytes,      82096 total
: 2256K->80K(2432K), 0.0005124 secs] 4505K->2334K(7936K), 0.0005731 secs] [Times: user=0.00 sys=0.00, real=0.00 secs] 
2017-07-06T17:12:36.628+0900: 8.331: [GC2017-07-06T17:12:36.628+0900: 8.331: [DefNew
Desired survivor size 131072 bytes, new threshold 15 (max 15)
- age   1:      24400 bytes,      24400 total
- age   2:       4840 bytes,      29240 total
- age   3:       4704 bytes,      33944 total
- age   4:       4648 bytes,      38592 total
- age   5:       4704 bytes,      43296 total
- age   6:       4648 bytes,      47944 total
- age   7:       4704 bytes,      52648 total
- age   8:       4704 bytes,      57352 total
- age   9:       4648 bytes,      62000 total
- age  10:       4704 bytes,      66704 total
- age  11:       4704 bytes,      71408 total
- age  12:       4648 bytes,      76056 total
- age  13:       4704 bytes,      80760 total
- age  14:       4648 bytes,      85408 total
- age  15:       4704 bytes,      90112 total
: 2242K->88K(2432K), 0.0005517 secs] 4496K->2346K(7936K), 0.0006275 secs] [Times: user=0.00 sys=0.00, real=0.00 secs] 
2017-07-06T17:12:36.649+0900: 8.353: [GC2017-07-06T17:12:36.649+0900: 8.353: [DefNew
Desired survivor size 131072 bytes, new threshold 15 (max 15)
- age   1:      16384 bytes,      16384 total
- age   2:       4784 bytes,      21168 total
- age   3:       4704 bytes,      25872 total
- age   4:       4704 bytes,      30576 total
- age   5:       4648 bytes,      35224 total
- age   6:       4704 bytes,      39928 total
- age   7:       4648 bytes,      44576 total
- age   8:       4704 bytes,      49280 total
- age   9:       4704 bytes,      53984 total
- age  10:       4648 bytes,      58632 total
- age  11:       4704 bytes,      63336 total
- age  12:       4704 bytes,      68040 total
- age  13:       4648 bytes,      72688 total
- age  14:       4704 bytes,      77392 total
- age  15:       4648 bytes,      82040 total
: 2264K->80K(2432K), 0.0005278 secs] 4522K->2343K(7936K), 0.0005941 secs] [Times: user=0.00 sys=0.00, real=0.00 secs] 
2017-07-06T17:12:36.671+0900: 8.374: [GC2017-07-06T17:12:36.671+0900: 8.374: [DefNew
Desired survivor size 131072 bytes, new threshold 15 (max 15)
- age   1:      24400 bytes,      24400 total
- age   2:       4840 bytes,      29240 total
- age   3:       4648 bytes,      33888 total
- age   4:       4704 bytes,      38592 total
- age   5:       4704 bytes,      43296 total
- age   6:       4648 bytes,      47944 total
- age   7:       4704 bytes,      52648 total
- age   8:       4648 bytes,      57296 total
- age   9:       4704 bytes,      62000 total
- age  10:       4704 bytes,      66704 total
- age  11:       4648 bytes,      71352 total
- age  12:       4704 bytes,      76056 total
- age  13:       4704 bytes,      80760 total
- age  14:       4648 bytes,      85408 total
- age  15:       4704 bytes,      90112 total
: 2240K->88K(2432K), 0.0005119 secs] 4503K->2355K(7936K), 0.0005753 secs] [Times: user=0.00 sys=0.00, real=0.00 secs] 
2017-07-06T17:12:36.692+0900: 8.396: [GC2017-07-06T17:12:36.692+0900: 8.396: [DefNew
Desired survivor size 131072 bytes, new threshold 15 (max 15)
- age   1:      16384 bytes,      16384 total
- age   2:       4784 bytes,      21168 total
- age   3:       4704 bytes,      25872 total
- age   4:       4648 bytes,      30520 total
- age   5:       4704 bytes,      35224 total
- age   6:       4704 bytes,      39928 total
- age   7:       4648 bytes,      44576 total
- age   8:       4704 bytes,      49280 total
- age   9:       4648 bytes,      53928 total
- age  10:       4704 bytes,      58632 total
- age  11:       4704 bytes,      63336 total
- age  12:       4648 bytes,      67984 total
- age  13:       4704 bytes,      72688 total
- age  14:       4704 bytes,      77392 total
- age  15:       4648 bytes,      82040 total
: 2264K->80K(2432K), 0.0005111 secs] 4531K->2352K(7936K), 0.0005727 secs] [Times: user=0.00 sys=0.00, real=0.00 secs] 
2017-07-06T17:12:36.714+0900: 8.417: [GC2017-07-06T17:12:36.714+0900: 8.417: [DefNew
Desired survivor size 131072 bytes, new threshold 15 (max 15)
- age   1:      24400 bytes,      24400 total
- age   2:       4840 bytes,      29240 total
- age   3:       4648 bytes,      33888 total
- age   4:       4704 bytes,      38592 total
- age   5:       4648 bytes,      43240 total
- age   6:       4704 bytes,      47944 total
- age   7:       4704 bytes,      52648 total
- age   8:       4648 bytes,      57296 total
- age   9:       4704 bytes,      62000 total
- age  10:       4648 bytes,      66648 total
- age  11:       4704 bytes,      71352 total
- age  12:       4704 bytes,      76056 total
- age  13:       4648 bytes,      80704 total
- age  14:       4704 bytes,      85408 total
- age  15:       4704 bytes,      90112 total
: 2240K->88K(2432K), 0.0005059 secs] 4512K->2364K(7936K), 0.0005719 secs] [Times: user=0.00 sys=0.00, real=0.00 secs] 
2017-07-06T17:12:36.739+0900: 8.443: [GC2017-07-06T17:12:36.739+0900: 8.443: [DefNew
Desired survivor size 131072 bytes, new threshold 15 (max 15)
- age   1:      16384 bytes,      16384 total
- age   2:       4784 bytes,      21168 total
- age   3:       4704 bytes,      25872 total
- age   4:       4648 bytes,      30520 total
- age   5:       4704 bytes,      35224 total
- age   6:       4648 bytes,      39872 total
- age   7:       4704 bytes,      44576 total
- age   8:       4704 bytes,      49280 total
- age   9:       4648 bytes,      53928 total
- age  10:       4704 bytes,      58632 total
- age  11:       4648 bytes,      63280 total
- age  12:       4704 bytes,      67984 total
- age  13:       4704 bytes,      72688 total
- age  14:       4648 bytes,      77336 total
- age  15:       4704 bytes,      82040 total
: 2264K->80K(2432K), 0.0006112 secs] 4540K->2361K(7936K), 0.0006998 secs] [Times: user=0.00 sys=0.00, real=0.00 secs] 
2017-07-06T17:12:36.763+0900: 8.467: [GC2017-07-06T17:12:36.763+0900: 8.467: [DefNew
Desired survivor size 131072 bytes, new threshold 15 (max 15)
- age   1:      24400 bytes,      24400 total
- age   2:       4840 bytes,      29240 total
- age   3:       4648 bytes,      33888 total
- age   4:       4704 bytes,      38592 total
- age   5:       4648 bytes,      43240 total
- age   6:       4704 bytes,      47944 total
- age   7:       4648 bytes,      52592 total
- age   8:       4704 bytes,      57296 total
- age   9:       4704 bytes,      62000 total
- age  10:       4648 bytes,      66648 total
- age  11:       4704 bytes,      71352 total
- age  12:       4648 bytes,      76000 total
- age  13:       4704 bytes,      80704 total
- age  14:       4704 bytes,      85408 total
- age  15:       4648 bytes,      90056 total
: 2241K->87K(2432K), 0.0005466 secs] 4522K->2373K(7936K), 0.0006164 secs] [Times: user=0.00 sys=0.00, real=0.00 secs] 
2017-07-06T17:12:36.786+0900: 8.490: [GC2017-07-06T17:12:36.786+0900: 8.490: [DefNew
Desired survivor size 131072 bytes, new threshold 15 (max 15)
- age   1:      16384 bytes,      16384 total
- age   2:       4784 bytes,      21168 total
- age   3:       4704 bytes,      25872 total
- age   4:       4648 bytes,      30520 total
- age   5:       4704 bytes,      35224 total
- age   6:       4648 bytes,      39872 total
- age   7:       4704 bytes,      44576 total
- age   8:       4648 bytes,      49224 total
- age   9:       4704 bytes,      53928 total
- age  10:       4704 bytes,      58632 total
- age  11:       4648 bytes,      63280 total
- age  12:       4704 bytes,      67984 total
- age  13:       4648 bytes,      72632 total
- age  14:       4704 bytes,      77336 total
- age  15:       4704 bytes,      82040 total
: 2263K->80K(2432K), 0.0006104 secs] 4549K->2370K(7936K), 0.0006900 secs] [Times: user=0.00 sys=0.00, real=0.00 secs] 
2017-07-06T17:12:36.811+0900: 8.515: [GC2017-07-06T17:12:36.811+0900: 8.515: [DefNew
Desired survivor size 131072 bytes, new threshold 15 (max 15)
- age   1:      16384 bytes,      16384 total
- age   2:       4840 bytes,      21224 total
- age   3:       4648 bytes,      25872 total
- age   4:       4704 bytes,      30576 total
- age   5:       4648 bytes,      35224 total
- age   6:       4704 bytes,      39928 total
- age   7:       4648 bytes,      44576 total
- age   8:       4704 bytes,      49280 total
- age   9:       4648 bytes,      53928 total
- age  10:       4704 bytes,      58632 total
- age  11:       4704 bytes,      63336 total
- age  12:       4648 bytes,      67984 total
- age  13:       4704 bytes,      72688 total
- age  14:       4648 bytes,      77336 total
- age  15:       4704 bytes,      82040 total
: 2256K->80K(2432K), 0.0005483 secs] 4546K->2375K(7936K), 0.0006241 secs] [Times: user=0.00 sys=0.00, real=0.00 secs] 
2017-07-06T17:12:36.833+0900: 8.536: [GC2017-07-06T17:12:36.833+0900: 8.536: [DefNew
Desired survivor size 131072 bytes, new threshold 15 (max 15)
- age   1:      24400 bytes,      24400 total
- age   2:       4840 bytes,      29240 total
- age   3:       4704 bytes,      33944 total
- age   4:       4648 bytes,      38592 total
- age   5:       4704 bytes,      43296 total
- age   6:       4648 bytes,      47944 total
- age   7:       4704 bytes,      52648 total
- age   8:       4648 bytes,      57296 total
- age   9:       4704 bytes,      62000 total
- age  10:       4648 bytes,      66648 total
- age  11:       4704 bytes,      71352 total
- age  12:       4704 bytes,      76056 total
- age  13:       4648 bytes,      80704 total
- age  14:       4704 bytes,      85408 total
- age  15:       4648 bytes,      90056 total
: 2242K->87K(2432K), 0.0005218 secs] 4537K->2387K(7936K), 0.0005877 secs] [Times: user=0.00 sys=0.00, real=0.00 secs] 
2017-07-06T17:12:36.854+0900: 8.558: [GC2017-07-06T17:12:36.854+0900: 8.558: [DefNew
Desired survivor size 131072 bytes, new threshold 15 (max 15)
- age   1:      16384 bytes,      16384 total
- age   2:       4784 bytes,      21168 total
- age   3:       4704 bytes,      25872 total
- age   4:       4704 bytes,      30576 total
- age   5:       4648 bytes,      35224 total
- age   6:       4704 bytes,      39928 total
- age   7:       4648 bytes,      44576 total
- age   8:       4704 bytes,      49280 total
- age   9:       4648 bytes,      53928 total
- age  10:       4704 bytes,      58632 total
- age  11:       4648 bytes,      63280 total
- age  12:       4704 bytes,      67984 total
- age  13:       4704 bytes,      72688 total
- age  14:       4648 bytes,      77336 total
- age  15:       4704 bytes,      82040 total
: 2256K->80K(2432K), 0.0005231 secs] 4555K->2384K(7936K), 0.0005856 secs] [Times: user=0.00 sys=0.00, real=0.00 secs] 
2017-07-06T17:12:36.876+0900: 8.579: [GC2017-07-06T17:12:36.876+0900: 8.579: [DefNew
Desired survivor size 131072 bytes, new threshold 15 (max 15)
- age   1:      24400 bytes,      24400 total
- age   2:       4840 bytes,      29240 total
- age   3:       4648 bytes,      33888 total
- age   4:       4704 bytes,      38592 total
- age   5:       4704 bytes,      43296 total
- age   6:       4648 bytes,      47944 total
- age   7:       4704 bytes,      52648 total
- age   8:       4648 bytes,      57296 total
- age   9:       4704 bytes,      62000 total
- age  10:       4648 bytes,      66648 total
- age  11:       4704 bytes,      71352 total
- age  12:       4648 bytes,      76000 total
- age  13:       4704 bytes,      80704 total
- age  14:       4704 bytes,      85408 total
- age  15:       4648 bytes,      90056 total
: 2241K->87K(2432K), 0.0005124 secs] 4545K->2396K(7936K), 0.0005749 secs] [Times: user=0.00 sys=0.00, real=0.00 secs] 
2017-07-06T17:12:36.900+0900: 8.603: [GC2017-07-06T17:12:36.900+0900: 8.603: [DefNew
Desired survivor size 131072 bytes, new threshold 15 (max 15)
- age   1:      16384 bytes,      16384 total
- age   2:       4784 bytes,      21168 total
- age   3:       4704 bytes,      25872 total
- age   4:       4648 bytes,      30520 total
- age   5:       4704 bytes,      35224 total
- age   6:       4704 bytes,      39928 total
- age   7:       4648 bytes,      44576 total
- age   8:       4704 bytes,      49280 total
- age   9:       4648 bytes,      53928 total
- age  10:       4704 bytes,      58632 total
- age  11:       4648 bytes,      63280 total
- age  12:       4704 bytes,      67984 total
- age  13:       4648 bytes,      72632 total
- age  14:       4704 bytes,      77336 total
- age  15:       4704 bytes,      82040 total
: 2263K->80K(2432K), 0.0006087 secs] 4572K->2393K(7936K), 0.0006973 secs] [Times: user=0.00 sys=0.00, real=0.00 secs] 
2017-07-06T17:12:36.923+0900: 8.626: [GC2017-07-06T17:12:36.923+0900: 8.626: [DefNew
Desired survivor size 131072 bytes, new threshold 15 (max 15)
- age   1:      16384 bytes,      16384 total
- age   2:       4840 bytes,      21224 total
- age   3:       4648 bytes,      25872 total
- age   4:       4704 bytes,      30576 total
- age   5:       4648 bytes,      35224 total
- age   6:       4704 bytes,      39928 total
- age   7:       4704 bytes,      44632 total
- age   8:       4648 bytes,      49280 total
- age   9:       4704 bytes,      53984 total
- age  10:       4648 bytes,      58632 total
- age  11:       4704 bytes,      63336 total
- age  12:       4648 bytes,      67984 total
- age  13:       4704 bytes,      72688 total
- age  14:       4648 bytes,      77336 total
- age  15:       4704 bytes,      82040 total
: 2256K->80K(2432K), 0.0005410 secs] 4569K->2398K(7936K), 0.0006087 secs] [Times: user=0.00 sys=0.00, real=0.00 secs] 
2017-07-06T17:12:36.945+0900: 8.648: [GC2017-07-06T17:12:36.945+0900: 8.648: [DefNew
Desired survivor size 131072 bytes, new threshold 15 (max 15)
- age   1:      24400 bytes,      24400 total
- age   2:       4840 bytes,      29240 total
- age   3:       4704 bytes,      33944 total
- age   4:       4648 bytes,      38592 total
- age   5:       4704 bytes,      43296 total
- age   6:       4648 bytes,      47944 total
- age   7:       4704 bytes,      52648 total
- age   8:       4704 bytes,      57352 total
- age   9:       4648 bytes,      62000 total
- age  10:       4704 bytes,      66704 total
- age  11:       4648 bytes,      71352 total
- age  12:       4704 bytes,      76056 total
- age  13:       4648 bytes,      80704 total
- age  14:       4704 bytes,      85408 total
- age  15:       4648 bytes,      90056 total
: 2242K->87K(2432K), 0.0005222 secs] 4560K->2410K(7936K), 0.0005868 secs] [Times: user=0.00 sys=0.00, real=0.00 secs] 
2017-07-06T17:12:36.966+0900: 8.670: [GC2017-07-06T17:12:36.966+0900: 8.670: [DefNew
Desired survivor size 131072 bytes, new threshold 15 (max 15)
- age   1:      16384 bytes,      16384 total
- age   2:       4784 bytes,      21168 total
- age   3:       4704 bytes,      25872 total
- age   4:       4704 bytes,      30576 total
- age   5:       4648 bytes,      35224 total
- age   6:       4704 bytes,      39928 total
- age   7:       4648 bytes,      44576 total
- age   8:       4704 bytes,      49280 total
- age   9:       4704 bytes,      53984 total
- age  10:       4648 bytes,      58632 total
- age  11:       4704 bytes,      63336 total
- age  12:       4648 bytes,      67984 total
- age  13:       4704 bytes,      72688 total
- age  14:       4648 bytes,      77336 total
- age  15:       4704 bytes,      82040 total
: 2263K->80K(2432K), 0.0005179 secs] 4586K->2407K(7936K), 0.0005800 secs] [Times: user=0.00 sys=0.00, real=0.00 secs] 
2017-07-06T17:12:36.988+0900: 8.691: [GC2017-07-06T17:12:36.988+0900: 8.691: [DefNew
Desired survivor size 131072 bytes, new threshold 15 (max 15)
- age   1:      16384 bytes,      16384 total
- age   2:       4840 bytes,      21224 total
- age   3:       4648 bytes,      25872 total
- age   4:       4704 bytes,      30576 total
- age   5:       4704 bytes,      35280 total
- age   6:       4648 bytes,      39928 total
- age   7:       4704 bytes,      44632 total
- age   8:       4648 bytes,      49280 total
- age   9:       4704 bytes,      53984 total
- age  10:       4704 bytes,      58688 total
- age  11:       4648 bytes,      63336 total
- age  12:       4704 bytes,      68040 total
- age  13:       4648 bytes,      72688 total
- age  14:       4704 bytes,      77392 total
- age  15:       4648 bytes,      82040 total
: 2256K->80K(2432K), 0.0005055 secs] 4583K->2411K(7936K), 0.0005723 secs] [Times: user=0.00 sys=0.00, real=0.00 secs] 
2017-07-06T17:12:37.012+0900: 8.715: [GC2017-07-06T17:12:37.012+0900: 8.716: [DefNew
Desired survivor size 131072 bytes, new threshold 15 (max 15)
- age   1:      24400 bytes,      24400 total
- age   2:       4840 bytes,      29240 total
- age   3:       4704 bytes,      33944 total
- age   4:       4648 bytes,      38592 total
- age   5:       4704 bytes,      43296 total
- age   6:       4704 bytes,      48000 total
- age   7:       4648 bytes,      52648 total
- age   8:       4704 bytes,      57352 total
- age   9:       4648 bytes,      62000 total
- age  10:       4704 bytes,      66704 total
- age  11:       4704 bytes,      71408 total
- age  12:       4648 bytes,      76056 total
- age  13:       4704 bytes,      80760 total
- age  14:       4648 bytes,      85408 total
- age  15:       4704 bytes,      90112 total
: 2242K->88K(2432K), 0.0005723 secs] 4573K->2424K(7936K), 0.0006656 secs] [Times: user=0.00 sys=0.00, real=0.00 secs] 
2017-07-06T17:12:37.035+0900: 8.739: [GC2017-07-06T17:12:37.035+0900: 8.739: [DefNew
Desired survivor size 131072 bytes, new threshold 15 (max 15)
- age   1:      16384 bytes,      16384 total
- age   2:       4784 bytes,      21168 total
- age   3:       4704 bytes,      25872 total
- age   4:       4704 bytes,      30576 total
- age   5:       4648 bytes,      35224 total
- age   6:       4704 bytes,      39928 total
- age   7:       4704 bytes,      44632 total
- age   8:       4648 bytes,      49280 total
- age   9:       4704 bytes,      53984 total
- age  10:       4648 bytes,      58632 total
- age  11:       4704 bytes,      63336 total
- age  12:       4704 bytes,      68040 total
- age  13:       4648 bytes,      72688 total
- age  14:       4704 bytes,      77392 total
- age  15:       4648 bytes,      82040 total
: 2256K->80K(2432K), 0.0006095 secs] 4592K->2420K(7936K), 0.0006934 secs] [Times: user=0.00 sys=0.00, real=0.00 secs] 
2017-07-06T17:12:37.057+0900: 8.761: [GC2017-07-06T17:12:37.057+0900: 8.761: [DefNew
Desired survivor size 131072 bytes, new threshold 15 (max 15)
- age   1:      24400 bytes,      24400 total
- age   2:       4840 bytes,      29240 total
- age   3:       4648 bytes,      33888 total
- age   4:       4704 bytes,      38592 total
- age   5:       4704 bytes,      43296 total
- age   6:       4648 bytes,      47944 total
- age   7:       4704 bytes,      52648 total
- age   8:       4704 bytes,      57352 total
- age   9:       4648 bytes,      62000 total
- age  10:       4704 bytes,      66704 total
- age  11:       4648 bytes,      71352 total
- age  12:       4704 bytes,      76056 total
- age  13:       4704 bytes,      80760 total
- age  14:       4648 bytes,      85408 total
- age  15:       4704 bytes,      90112 total
: 2241K->88K(2432K), 0.0005359 secs] 4582K->2433K(7936K), 0.0006074 secs] [Times: user=0.00 sys=0.00, real=0.00 secs] 
2017-07-06T17:12:37.079+0900: 8.782: [GC2017-07-06T17:12:37.079+0900: 8.783: [DefNew
Desired survivor size 131072 bytes, new threshold 15 (max 15)
- age   1:      16384 bytes,      16384 total
- age   2:       4784 bytes,      21168 total
- age   3:       4704 bytes,      25872 total
- age   4:       4648 bytes,      30520 total
- age   5:       4704 bytes,      35224 total
- age   6:       4704 bytes,      39928 total
- age   7:       4648 bytes,      44576 total
- age   8:       4704 bytes,      49280 total
- age   9:       4704 bytes,      53984 total
- age  10:       4648 bytes,      58632 total
- age  11:       4704 bytes,      63336 total
- age  12:       4648 bytes,      67984 total
- age  13:       4704 bytes,      72688 total
- age  14:       4704 bytes,      77392 total
- age  15:       4648 bytes,      82040 total
: 2264K->80K(2432K), 0.0005265 secs] 4609K->2430K(7936K), 0.0005890 secs] [Times: user=0.00 sys=0.00, real=0.00 secs] 
2017-07-06T17:12:37.100+0900: 8.804: [GC2017-07-06T17:12:37.100+0900: 8.804: [DefNew
Desired survivor size 131072 bytes, new threshold 15 (max 15)
- age   1:      16384 bytes,      16384 total
- age   2:       4840 bytes,      21224 total
- age   3:       4648 bytes,      25872 total
- age   4:       4704 bytes,      30576 total
- age   5:       4648 bytes,      35224 total
- age   6:       4704 bytes,      39928 total
- age   7:       4704 bytes,      44632 total
- age   8:       4648 bytes,      49280 total
- age   9:       4704 bytes,      53984 total
- age  10:       4704 bytes,      58688 total
- age  11:       4648 bytes,      63336 total
- age  12:       4704 bytes,      68040 total
- age  13:       4648 bytes,      72688 total
- age  14:       4704 bytes,      77392 total
- age  15:       4704 bytes,      82096 total
: 2256K->80K(2432K), 0.0005470 secs] 4606K->2434K(7936K), 0.0006228 secs] [Times: user=0.00 sys=0.00, real=0.00 secs] 
2017-07-06T17:12:37.122+0900: 8.826: [GC2017-07-06T17:12:37.122+0900: 8.826: [DefNew
Desired survivor size 131072 bytes, new threshold 15 (max 15)
- age   1:      24400 bytes,      24400 total
- age   2:       4840 bytes,      29240 total
- age   3:       4704 bytes,      33944 total
- age   4:       4648 bytes,      38592 total
- age   5:       4704 bytes,      43296 total
- age   6:       4648 bytes,      47944 total
- age   7:       4704 bytes,      52648 total
- age   8:       4704 bytes,      57352 total
- age   9:       4648 bytes,      62000 total
- age  10:       4704 bytes,      66704 total
- age  11:       4704 bytes,      71408 total
- age  12:       4648 bytes,      76056 total
- age  13:       4704 bytes,      80760 total
- age  14:       4648 bytes,      85408 total
- age  15:       4704 bytes,      90112 total
: 2242K->88K(2432K), 0.0005316 secs] 4597K->2447K(7936K), 0.0005958 secs] [Times: user=0.00 sys=0.00, real=0.00 secs] 
2017-07-06T17:12:37.149+0900: 8.853: [GC2017-07-06T17:12:37.149+0900: 8.853: [DefNew
Desired survivor size 131072 bytes, new threshold 15 (max 15)
- age   1:      16384 bytes,      16384 total
- age   2:       4784 bytes,      21168 total
- age   3:       4704 bytes,      25872 total
- age   4:       4704 bytes,      30576 total
- age   5:       4648 bytes,      35224 total
- age   6:       4704 bytes,      39928 total
- age   7:       4648 bytes,      44576 total
- age   8:       4704 bytes,      49280 total
- age   9:       4704 bytes,      53984 total
- age  10:       4648 bytes,      58632 total
- age  11:       4704 bytes,      63336 total
- age  12:       4704 bytes,      68040 total
- age  13:       4648 bytes,      72688 total
- age  14:       4704 bytes,      77392 total
- age  15:       4648 bytes,      82040 total
: 2264K->80K(2432K), 0.0005496 secs] 4623K->2443K(7936K), 0.0006438 secs] [Times: user=0.00 sys=0.00, real=0.00 secs] 
2017-07-06T17:12:37.171+0900: 8.874: [GC2017-07-06T17:12:37.171+0900: 8.874: [DefNew
Desired survivor size 131072 bytes, new threshold 15 (max 15)
- age   1:      24400 bytes,      24400 total
- age   2:       4840 bytes,      29240 total
- age   3:       4648 bytes,      33888 total
- age   4:       4704 bytes,      38592 total
- age   5:       4704 bytes,      43296 total
- age   6:       4648 bytes,      47944 total
- age   7:       4704 bytes,      52648 total
- age   8:       4648 bytes,      57296 total
- age   9:       4704 bytes,      62000 total
- age  10:       4704 bytes,      66704 total
- age  11:       4648 bytes,      71352 total
- age  12:       4704 bytes,      76056 total
- age  13:       4704 bytes,      80760 total
- age  14:       4648 bytes,      85408 total
- age  15:       4704 bytes,      90112 total
: 2240K->88K(2432K), 0.0005261 secs] 4603K->2456K(7936K), 0.0005933 secs] [Times: user=0.00 sys=0.00, real=0.00 secs] 
2017-07-06T17:12:37.193+0900: 8.896: [GC2017-07-06T17:12:37.193+0900: 8.896: [DefNew
Desired survivor size 131072 bytes, new threshold 15 (max 15)
- age   1:      16384 bytes,      16384 total
- age   2:       4784 bytes,      21168 total
- age   3:       4704 bytes,      25872 total
- age   4:       4648 bytes,      30520 total
- age   5:       4704 bytes,      35224 total
- age   6:       4704 bytes,      39928 total
- age   7:       4648 bytes,      44576 total
- age   8:       4704 bytes,      49280 total
- age   9:       4648 bytes,      53928 total
- age  10:       4704 bytes,      58632 total
- age  11:       4704 bytes,      63336 total
- age  12:       4648 bytes,      67984 total
- age  13:       4704 bytes,      72688 total
- age  14:       4704 bytes,      77392 total
- age  15:       4648 bytes,      82040 total
: 2264K->80K(2432K), 0.0005201 secs] 4632K->2452K(7936K), 0.0005898 secs] [Times: user=0.00 sys=0.00, real=0.00 secs] 
2017-07-06T17:12:37.214+0900: 8.917: [GC2017-07-06T17:12:37.214+0900: 8.918: [DefNew
Desired survivor size 131072 bytes, new threshold 15 (max 15)
- age   1:      24400 bytes,      24400 total
- age   2:       4840 bytes,      29240 total
- age   3:       4648 bytes,      33888 total
- age   4:       4704 bytes,      38592 total
- age   5:       4648 bytes,      43240 total
- age   6:       4704 bytes,      47944 total
- age   7:       4704 bytes,      52648 total
- age   8:       4648 bytes,      57296 total
- age   9:       4704 bytes,      62000 total
- age  10:       4648 bytes,      66648 total
- age  11:       4704 bytes,      71352 total
- age  12:       4704 bytes,      76056 total
- age  13:       4648 bytes,      80704 total
- age  14:       4704 bytes,      85408 total
- age  15:       4704 bytes,      90112 total
: 2240K->88K(2432K), 0.0005047 secs] 4613K->2465K(7936K), 0.0005667 secs] [Times: user=0.00 sys=0.00, real=0.00 secs] 
2017-07-06T17:12:37.235+0900: 8.939: [GC2017-07-06T17:12:37.235+0900: 8.939: [DefNew
Desired survivor size 131072 bytes, new threshold 15 (max 15)
- age   1:      16384 bytes,      16384 total
- age   2:       4784 bytes,      21168 total
- age   3:       4704 bytes,      25872 total
- age   4:       4648 bytes,      30520 total
- age   5:       4704 bytes,      35224 total
- age   6:       4648 bytes,      39872 total
- age   7:       4704 bytes,      44576 total
- age   8:       4704 bytes,      49280 total
- age   9:       4648 bytes,      53928 total
- age  10:       4704 bytes,      58632 total
- age  11:       4648 bytes,      63280 total
- age  12:       4704 bytes,      67984 total
- age  13:       4704 bytes,      72688 total
- age  14:       4648 bytes,      77336 total
- age  15:       4704 bytes,      82040 total
: 2264K->80K(2432K), 0.0005539 secs] 4641K->2462K(7936K), 0.0006177 secs] [Times: user=0.00 sys=0.00, real=0.00 secs] 
2017-07-06T17:12:37.260+0900: 8.964: [GC2017-07-06T17:12:37.260+0900: 8.964: [DefNew
Desired survivor size 131072 bytes, new threshold 15 (max 15)
- age   1:      24400 bytes,      24400 total
- age   2:       4840 bytes,      29240 total
- age   3:       4648 bytes,      33888 total
- age   4:       4704 bytes,      38592 total
- age   5:       4648 bytes,      43240 total
- age   6:       4704 bytes,      47944 total
- age   7:       4648 bytes,      52592 total
- age   8:       4704 bytes,      57296 total
- age   9:       4704 bytes,      62000 total
- age  10:       4648 bytes,      66648 total
- age  11:       4704 bytes,      71352 total
- age  12:       4648 bytes,      76000 total
- age  13:       4704 bytes,      80704 total
- age  14:       4704 bytes,      85408 total
- age  15:       4648 bytes,      90056 total
: 2241K->87K(2432K), 0.0005616 secs] 4623K->2474K(7936K), 0.0006433 secs] [Times: user=0.00 sys=0.00, real=0.00 secs] 
2017-07-06T17:12:37.285+0900: 8.989: [GC2017-07-06T17:12:37.285+0900: 8.989: [DefNew
Desired survivor size 131072 bytes, new threshold 15 (max 15)
- age   1:      16384 bytes,      16384 total
- age   2:       4784 bytes,      21168 total
- age   3:       4704 bytes,      25872 total
- age   4:       4648 bytes,      30520 total
- age   5:       4704 bytes,      35224 total
- age   6:       4648 bytes,      39872 total
- age   7:       4704 bytes,      44576 total
- age   8:       4648 bytes,      49224 total
- age   9:       4704 bytes,      53928 total
- age  10:       4704 bytes,      58632 total
- age  11:       4648 bytes,      63280 total
- age  12:       4704 bytes,      67984 total
- age  13:       4648 bytes,      72632 total
- age  14:       4704 bytes,      77336 total
- age  15:       4704 bytes,      82040 total
: 2263K->80K(2432K), 0.0005496 secs] 4650K->2471K(7936K), 0.0006271 secs] [Times: user=0.00 sys=0.00, real=0.00 secs] 
2017-07-06T17:12:37.307+0900: 9.011: [GC2017-07-06T17:12:37.307+0900: 9.011: [DefNew
Desired survivor size 131072 bytes, new threshold 15 (max 15)
- age   1:      16384 bytes,      16384 total
- age   2:       4840 bytes,      21224 total
- age   3:       4648 bytes,      25872 total
- age   4:       4704 bytes,      30576 total
- age   5:       4648 bytes,      35224 total
- age   6:       4704 bytes,      39928 total
- age   7:       4648 bytes,      44576 total
- age   8:       4704 bytes,      49280 total
- age   9:       4648 bytes,      53928 total
- age  10:       4704 bytes,      58632 total
- age  11:       4704 bytes,      63336 total
- age  12:       4648 bytes,      67984 total
- age  13:       4704 bytes,      72688 total
- age  14:       4648 bytes,      77336 total
- age  15:       4704 bytes,      82040 total
: 2256K->80K(2432K), 0.0005402 secs] 4647K->2475K(7936K), 0.0006125 secs] [Times: user=0.00 sys=0.00, real=0.00 secs] 
2017-07-06T17:12:37.328+0900: 9.032: [GC2017-07-06T17:12:37.328+0900: 9.032: [DefNew
Desired survivor size 131072 bytes, new threshold 15 (max 15)
- age   1:      24400 bytes,      24400 total
- age   2:       4840 bytes,      29240 total
- age   3:       4704 bytes,      33944 total
- age   4:       4648 bytes,      38592 total
- age   5:       4704 bytes,      43296 total
- age   6:       4648 bytes,      47944 total
- age   7:       4704 bytes,      52648 total
- age   8:       4648 bytes,      57296 total
- age   9:       4704 bytes,      62000 total
- age  10:       4648 bytes,      66648 total
- age  11:       4704 bytes,      71352 total
- age  12:       4704 bytes,      76056 total
- age  13:       4648 bytes,      80704 total
- age  14:       4704 bytes,      85408 total
- age  15:       4648 bytes,      90056 total
: 2242K->87K(2432K), 0.0005111 secs] 4637K->2488K(7936K), 0.0005731 secs] [Times: user=0.00 sys=0.00, real=0.00 secs] 
2017-07-06T17:12:37.350+0900: 9.053: [GC2017-07-06T17:12:37.350+0900: 9.054: [DefNew
Desired survivor size 131072 bytes, new threshold 15 (max 15)
- age   1:      16384 bytes,      16384 total
- age   2:       4784 bytes,      21168 total
- age   3:       4704 bytes,      25872 total
- age   4:       4704 bytes,      30576 total
- age   5:       4648 bytes,      35224 total
- age   6:       4704 bytes,      39928 total
- age   7:       4648 bytes,      44576 total
- age   8:       4704 bytes,      49280 total
- age   9:       4648 bytes,      53928 total
- age  10:       4704 bytes,      58632 total
- age  11:       4648 bytes,      63280 total
- age  12:       4704 bytes,      67984 total
- age  13:       4704 bytes,      72688 total
- age  14:       4648 bytes,      77336 total
- age  15:       4704 bytes,      82040 total
: 2256K->80K(2432K), 0.0005098 secs] 4656K->2484K(7936K), 0.0005714 secs] [Times: user=0.00 sys=0.00, real=0.00 secs] 
2017-07-06T17:12:37.373+0900: 9.077: [GC2017-07-06T17:12:37.373+0900: 9.077: [DefNew
Desired survivor size 131072 bytes, new threshold 15 (max 15)
- age   1:      24400 bytes,      24400 total
- age   2:       4840 bytes,      29240 total
- age   3:       4648 bytes,      33888 total
- age   4:       4704 bytes,      38592 total
- age   5:       4704 bytes,      43296 total
- age   6:       4648 bytes,      47944 total
- age   7:       4704 bytes,      52648 total
- age   8:       4648 bytes,      57296 total
- age   9:       4704 bytes,      62000 total
- age  10:       4648 bytes,      66648 total
- age  11:       4704 bytes,      71352 total
- age  12:       4648 bytes,      76000 total
- age  13:       4704 bytes,      80704 total
- age  14:       4704 bytes,      85408 total
- age  15:       4648 bytes,      90056 total
: 2241K->87K(2432K), 0.0005470 secs] 4645K->2497K(7936K), 0.0007906 secs] [Times: user=0.00 sys=0.00, real=0.00 secs] 
2017-07-06T17:12:37.398+0900: 9.102: [GC2017-07-06T17:12:37.399+0900: 9.102: [DefNew
Desired survivor size 131072 bytes, new threshold 15 (max 15)
- age   1:      16384 bytes,      16384 total
- age   2:       4784 bytes,      21168 total
- age   3:       4704 bytes,      25872 total
- age   4:       4648 bytes,      30520 total
- age   5:       4704 bytes,      35224 total
- age   6:       4704 bytes,      39928 total
- age   7:       4648 bytes,      44576 total
- age   8:       4704 bytes,      49280 total
- age   9:       4648 bytes,      53928 total
- age  10:       4704 bytes,      58632 total
- age  11:       4648 bytes,      63280 total
- age  12:       4704 bytes,      67984 total
- age  13:       4648 bytes,      72632 total
- age  14:       4704 bytes,      77336 total
- age  15:       4704 bytes,      82040 total
: 2263K->80K(2432K), 0.0005496 secs] 4673K->2494K(7936K), 0.0006207 secs] [Times: user=0.00 sys=0.00, real=0.00 secs] 
2017-07-06T17:12:37.420+0900: 9.124: [GC2017-07-06T17:12:37.420+0900: 9.124: [DefNew
Desired survivor size 131072 bytes, new threshold 15 (max 15)
- age   1:      16384 bytes,      16384 total
- age   2:       4840 bytes,      21224 total
- age   3:       4648 bytes,      25872 total
- age   4:       4704 bytes,      30576 total
- age   5:       4648 bytes,      35224 total
- age   6:       4704 bytes,      39928 total
- age   7:       4704 bytes,      44632 total
- age   8:       4648 bytes,      49280 total
- age   9:       4704 bytes,      53984 total
- age  10:       4648 bytes,      58632 total
- age  11:       4704 bytes,      63336 total
- age  12:       4648 bytes,      67984 total
- age  13:       4704 bytes,      72688 total
- age  14:       4648 bytes,      77336 total
- age  15:       4704 bytes,      82040 total
: 2256K->80K(2432K), 0.0005282 secs] 4670K->2498K(7936K), 0.0005946 secs] [Times: user=0.00 sys=0.00, real=0.00 secs] 
2017-07-06T17:12:37.442+0900: 9.146: [GC2017-07-06T17:12:37.442+0900: 9.146: [DefNew
Desired survivor size 131072 bytes, new threshold 15 (max 15)
- age   1:      24400 bytes,      24400 total
- age   2:       4840 bytes,      29240 total
- age   3:       4704 bytes,      33944 total
- age   4:       4648 bytes,      38592 total
- age   5:       4704 bytes,      43296 total
- age   6:       4648 bytes,      47944 total
- age   7:       4704 bytes,      52648 total
- age   8:       4704 bytes,      57352 total
- age   9:       4648 bytes,      62000 total
- age  10:       4704 bytes,      66704 total
- age  11:       4648 bytes,      71352 total
- age  12:       4704 bytes,      76056 total
- age  13:       4648 bytes,      80704 total
- age  14:       4704 bytes,      85408 total
- age  15:       4648 bytes,      90056 total
: 2242K->87K(2432K), 0.0005359 secs] 4660K->2511K(7936K), 0.0006005 secs] [Times: user=0.00 sys=0.00, real=0.00 secs] 
2017-07-06T17:12:37.464+0900: 9.167: [GC2017-07-06T17:12:37.464+0900: 9.167: [DefNew
Desired survivor size 131072 bytes, new threshold 15 (max 15)
- age   1:      16384 bytes,      16384 total
- age   2:       4784 bytes,      21168 total
- age   3:       4704 bytes,      25872 total
- age   4:       4704 bytes,      30576 total
- age   5:       4648 bytes,      35224 total
- age   6:       4704 bytes,      39928 total
- age   7:       4648 bytes,      44576 total
- age   8:       4704 bytes,      49280 total
- age   9:       4704 bytes,      53984 total
- age  10:       4648 bytes,      58632 total
- age  11:       4704 bytes,      63336 total
- age  12:       4648 bytes,      67984 total
- age  13:       4704 bytes,      72688 total
- age  14:       4648 bytes,      77336 total
- age  15:       4704 bytes,      82040 total
: 2263K->80K(2432K), 0.0005111 secs] 4687K->2507K(7936K), 0.0005796 secs] [Times: user=0.00 sys=0.00, real=0.00 secs] 
2017-07-06T17:12:37.486+0900: 9.190: [GC2017-07-06T17:12:37.486+0900: 9.190: [DefNew
Desired survivor size 131072 bytes, new threshold 15 (max 15)
- age   1:      16384 bytes,      16384 total
- age   2:       4840 bytes,      21224 total
- age   3:       4648 bytes,      25872 total
- age   4:       4704 bytes,      30576 total
- age   5:       4704 bytes,      35280 total
- age   6:       4648 bytes,      39928 total
- age   7:       4704 bytes,      44632 total
- age   8:       4648 bytes,      49280 total
- age   9:       4704 bytes,      53984 total
- age  10:       4704 bytes,      58688 total
- age  11:       4648 bytes,      63336 total
- age  12:       4704 bytes,      68040 total
- age  13:       4648 bytes,      72688 total
- age  14:       4704 bytes,      77392 total
- age  15:       4648 bytes,      82040 total
: 2256K->80K(2432K), 0.0016706 secs] 4683K->2512K(7936K), 0.0017644 secs] [Times: user=0.00 sys=0.00, real=0.00 secs] 
2017-07-06T17:12:37.511+0900: 9.215: [GC2017-07-06T17:12:37.511+0900: 9.215: [DefNew
Desired survivor size 131072 bytes, new threshold 15 (max 15)
- age   1:      24400 bytes,      24400 total
- age   2:       4840 bytes,      29240 total
- age   3:       4704 bytes,      33944 total
- age   4:       4648 bytes,      38592 total
- age   5:       4704 bytes,      43296 total
- age   6:       4704 bytes,      48000 total
- age   7:       4648 bytes,      52648 total
- age   8:       4704 bytes,      57352 total
- age   9:       4648 bytes,      62000 total
- age  10:       4704 bytes,      66704 total
- age  11:       4704 bytes,      71408 total
- age  12:       4648 bytes,      76056 total
- age  13:       4704 bytes,      80760 total
- age  14:       4648 bytes,      85408 total
- age  15:       4704 bytes,      90112 total
: 2242K->88K(2432K), 0.0005487 secs] 4674K->2524K(7936K), 0.0006189 secs] [Times: user=0.00 sys=0.00, real=0.00 secs] 
2017-07-06T17:12:37.533+0900: 9.236: [GC2017-07-06T17:12:37.533+0900: 9.236: [DefNew
Desired survivor size 131072 bytes, new threshold 15 (max 15)
- age   1:      16384 bytes,      16384 total
- age   2:       4784 bytes,      21168 total
- age   3:       4704 bytes,      25872 total
- age   4:       4704 bytes,      30576 total
- age   5:       4648 bytes,      35224 total
- age   6:       4704 bytes,      39928 total
- age   7:       4704 bytes,      44632 total
- age   8:       4648 bytes,      49280 total
- age   9:       4704 bytes,      53984 total
- age  10:       4648 bytes,      58632 total
- age  11:       4704 bytes,      63336 total
- age  12:       4704 bytes,      68040 total
- age  13:       4648 bytes,      72688 total
- age  14:       4704 bytes,      77392 total
- age  15:       4648 bytes,      82040 total
: 2256K->80K(2432K), 0.0005286 secs] 4692K->2521K(7936K), 0.0005924 secs] [Times: user=0.00 sys=0.00, real=0.00 secs] 
2017-07-06T17:12:37.554+0900: 9.258: [GC2017-07-06T17:12:37.554+0900: 9.258: [DefNew
Desired survivor size 131072 bytes, new threshold 15 (max 15)
- age   1:      24400 bytes,      24400 total
- age   2:       4840 bytes,      29240 total
- age   3:       4648 bytes,      33888 total
- age   4:       4704 bytes,      38592 total
- age   5:       4704 bytes,      43296 total
- age   6:       4648 bytes,      47944 total
- age   7:       4704 bytes,      52648 total
- age   8:       4704 bytes,      57352 total
- age   9:       4648 bytes,      62000 total
- age  10:       4704 bytes,      66704 total
- age  11:       4648 bytes,      71352 total
- age  12:       4704 bytes,      76056 total
- age  13:       4704 bytes,      80760 total
- age  14:       4648 bytes,      85408 total
- age  15:       4704 bytes,      90112 total
: 2241K->88K(2432K), 0.0005111 secs] 4682K->2533K(7936K), 0.0005744 secs] [Times: user=0.00 sys=0.00, real=0.00 secs] 
2017-07-06T17:12:37.576+0900: 9.279: [GC2017-07-06T17:12:37.576+0900: 9.279: [DefNew
Desired survivor size 131072 bytes, new threshold 15 (max 15)
- age   1:      16384 bytes,      16384 total
- age   2:       4784 bytes,      21168 total
- age   3:       4704 bytes,      25872 total
- age   4:       4648 bytes,      30520 total
- age   5:       4704 bytes,      35224 total
- age   6:       4704 bytes,      39928 total
- age   7:       4648 bytes,      44576 total
- age   8:       4704 bytes,      49280 total
- age   9:       4704 bytes,      53984 total
- age  10:       4648 bytes,      58632 total
- age  11:       4704 bytes,      63336 total
- age  12:       4648 bytes,      67984 total
- age  13:       4704 bytes,      72688 total
- age  14:       4704 bytes,      77392 total
- age  15:       4648 bytes,      82040 total
: 2264K->80K(2432K), 0.0005175 secs] 4709K->2530K(7936K), 0.0005830 secs] [Times: user=0.00 sys=0.00, real=0.00 secs] 
2017-07-06T17:12:37.600+0900: 9.304: [GC2017-07-06T17:12:37.600+0900: 9.304: [DefNew
Desired survivor size 131072 bytes, new threshold 15 (max 15)
- age   1:      16384 bytes,      16384 total
- age   2:       4840 bytes,      21224 total
- age   3:       4648 bytes,      25872 total
- age   4:       4704 bytes,      30576 total
- age   5:       4648 bytes,      35224 total
- age   6:       4704 bytes,      39928 total
- age   7:       4704 bytes,      44632 total
- age   8:       4648 bytes,      49280 total
- age   9:       4704 bytes,      53984 total
- age  10:       4704 bytes,      58688 total
- age  11:       4648 bytes,      63336 total
- age  12:       4704 bytes,      68040 total
- age  13:       4648 bytes,      72688 total
- age  14:       4704 bytes,      77392 total
- age  15:       4704 bytes,      82096 total
: 2256K->80K(2432K), 0.0005830 secs] 4706K->2535K(7936K), 0.0006622 secs] [Times: user=0.00 sys=0.00, real=0.00 secs] 
2017-07-06T17:12:37.625+0900: 9.329: [GC2017-07-06T17:12:37.625+0900: 9.329: [DefNew
Desired survivor size 131072 bytes, new threshold 15 (max 15)
- age   1:      24400 bytes,      24400 total
- age   2:       4840 bytes,      29240 total
- age   3:       4704 bytes,      33944 total
- age   4:       4648 bytes,      38592 total
- age   5:       4704 bytes,      43296 total
- age   6:       4648 bytes,      47944 total
- age   7:       4704 bytes,      52648 total
- age   8:       4704 bytes,      57352 total
- age   9:       4648 bytes,      62000 total
- age  10:       4704 bytes,      66704 total
- age  11:       4704 bytes,      71408 total
- age  12:       4648 bytes,      76056 total
- age  13:       4704 bytes,      80760 total
- age  14:       4648 bytes,      85408 total
- age  15:       4704 bytes,      90112 total
: 2242K->88K(2432K), 0.0005449 secs] 4697K->2547K(7936K), 0.0006160 secs] [Times: user=0.00 sys=0.00, real=0.00 secs] 
2017-07-06T17:12:37.647+0900: 9.350: [GC2017-07-06T17:12:37.647+0900: 9.350: [DefNew
Desired survivor size 131072 bytes, new threshold 15 (max 15)
- age   1:      16384 bytes,      16384 total
- age   2:       4784 bytes,      21168 total
- age   3:       4704 bytes,      25872 total
- age   4:       4704 bytes,      30576 total
- age   5:       4648 bytes,      35224 total
- age   6:       4704 bytes,      39928 total
- age   7:       4648 bytes,      44576 total
- age   8:       4704 bytes,      49280 total
- age   9:       4704 bytes,      53984 total
- age  10:       4648 bytes,      58632 total
- age  11:       4704 bytes,      63336 total
- age  12:       4704 bytes,      68040 total
- age  13:       4648 bytes,      72688 total
- age  14:       4704 bytes,      77392 total
- age  15:       4648 bytes,      82040 total
: 2264K->80K(2432K), 0.0005265 secs] 4723K->2544K(7936K), 0.0005903 secs] [Times: user=0.00 sys=0.00, real=0.00 secs] 
2017-07-06T17:12:37.668+0900: 9.372: [GC2017-07-06T17:12:37.668+0900: 9.372: [DefNew
Desired survivor size 131072 bytes, new threshold 15 (max 15)
- age   1:      24400 bytes,      24400 total
- age   2:       4840 bytes,      29240 total
- age   3:       4648 bytes,      33888 total
- age   4:       4704 bytes,      38592 total
- age   5:       4704 bytes,      43296 total
- age   6:       4648 bytes,      47944 total
- age   7:       4704 bytes,      52648 total
- age   8:       4648 bytes,      57296 total
- age   9:       4704 bytes,      62000 total
- age  10:       4704 bytes,      66704 total
- age  11:       4648 bytes,      71352 total
- age  12:       4704 bytes,      76056 total
- age  13:       4704 bytes,      80760 total
- age  14:       4648 bytes,      85408 total
- age  15:       4704 bytes,      90112 total
: 2240K->88K(2432K), 0.0005102 secs] 4704K->2556K(7936K), 0.0005800 secs] [Times: user=0.00 sys=0.00, real=0.00 secs] 
2017-07-06T17:12:37.690+0900: 9.393: [GC2017-07-06T17:12:37.690+0900: 9.393: [DefNew
Desired survivor size 131072 bytes, new threshold 15 (max 15)
- age   1:      16384 bytes,      16384 total
- age   2:       4784 bytes,      21168 total
- age   3:       4704 bytes,      25872 total
- age   4:       4648 bytes,      30520 total
- age   5:       4704 bytes,      35224 total
- age   6:       4704 bytes,      39928 total
- age   7:       4648 bytes,      44576 total
- age   8:       4704 bytes,      49280 total
- age   9:       4648 bytes,      53928 total
- age  10:       4704 bytes,      58632 total
- age  11:       4704 bytes,      63336 total
- age  12:       4648 bytes,      67984 total
- age  13:       4704 bytes,      72688 total
- age  14:       4704 bytes,      77392 total
- age  15:       4648 bytes,      82040 total
: 2264K->80K(2432K), 0.0005119 secs] 4732K->2553K(7936K), 0.0005744 secs] [Times: user=0.00 sys=0.00, real=0.00 secs] 
2017-07-06T17:12:37.711+0900: 9.415: [GC2017-07-06T17:12:37.711+0900: 9.415: [DefNew
Desired survivor size 131072 bytes, new threshold 15 (max 15)
- age   1:      24400 bytes,      24400 total
- age   2:       4840 bytes,      29240 total
- age   3:       4648 bytes,      33888 total
- age   4:       4704 bytes,      38592 total
- age   5:       4648 bytes,      43240 total
- age   6:       4704 bytes,      47944 total
- age   7:       4704 bytes,      52648 total
- age   8:       4648 bytes,      57296 total
- age   9:       4704 bytes,      62000 total
- age  10:       4648 bytes,      66648 total
- age  11:       4704 bytes,      71352 total
- age  12:       4704 bytes,      76056 total
- age  13:       4648 bytes,      80704 total
- age  14:       4704 bytes,      85408 total
- age  15:       4704 bytes,      90112 total
: 2240K->88K(2432K), 0.0005154 secs] 4714K->2565K(7936K), 0.0005787 secs] [Times: user=0.00 sys=0.00, real=0.00 secs] 
2017-07-06T17:12:37.733+0900: 9.437: [GC2017-07-06T17:12:37.733+0900: 9.437: [DefNew
Desired survivor size 131072 bytes, new threshold 15 (max 15)
- age   1:      16384 bytes,      16384 total
- age   2:       4784 bytes,      21168 total
- age   3:       4704 bytes,      25872 total
- age   4:       4648 bytes,      30520 total
- age   5:       4704 bytes,      35224 total
- age   6:       4648 bytes,      39872 total
- age   7:       4704 bytes,      44576 total
- age   8:       4704 bytes,      49280 total
- age   9:       4648 bytes,      53928 total
- age  10:       4704 bytes,      58632 total
- age  11:       4648 bytes,      63280 total
- age  12:       4704 bytes,      67984 total
- age  13:       4704 bytes,      72688 total
- age  14:       4648 bytes,      77336 total
- age  15:       4704 bytes,      82040 total
: 2264K->80K(2432K), 0.0005667 secs] 4741K->2562K(7936K), 0.0006421 secs] [Times: user=0.00 sys=0.00, real=0.00 secs] 
2017-07-06T17:12:37.758+0900: 9.461: [GC2017-07-06T17:12:37.758+0900: 9.461: [DefNew
Desired survivor size 131072 bytes, new threshold 15 (max 15)
- age   1:      24400 bytes,      24400 total
- age   2:       4840 bytes,      29240 total
- age   3:       4648 bytes,      33888 total
- age   4:       4704 bytes,      38592 total
- age   5:       4648 bytes,      43240 total
- age   6:       4704 bytes,      47944 total
- age   7:       4648 bytes,      52592 total
- age   8:       4704 bytes,      57296 total
- age   9:       4704 bytes,      62000 total
- age  10:       4648 bytes,      66648 total
- age  11:       4704 bytes,      71352 total
- age  12:       4648 bytes,      76000 total
- age  13:       4704 bytes,      80704 total
- age  14:       4704 bytes,      85408 total
- age  15:       4648 bytes,      90056 total
: 2241K->87K(2432K), 0.0005740 secs] 4723K->2575K(7936K), 0.0006605 secs] [Times: user=0.00 sys=0.00, real=0.00 secs] 
2017-07-06T17:12:37.779+0900: 9.483: [GC2017-07-06T17:12:37.779+0900: 9.483: [DefNew
Desired survivor size 131072 bytes, new threshold 15 (max 15)
- age   1:      16384 bytes,      16384 total
- age   2:       4784 bytes,      21168 total
- age   3:       4704 bytes,      25872 total
- age   4:       4648 bytes,      30520 total
- age   5:       4704 bytes,      35224 total
- age   6:       4648 bytes,      39872 total
- age   7:       4704 bytes,      44576 total
- age   8:       4648 bytes,      49224 total
- age   9:       4704 bytes,      53928 total
- age  10:       4704 bytes,      58632 total
- age  11:       4648 bytes,      63280 total
- age  12:       4704 bytes,      67984 total
- age  13:       4648 bytes,      72632 total
- age  14:       4704 bytes,      77336 total
- age  15:       4704 bytes,      82040 total
: 2263K->80K(2432K), 0.0005342 secs] 4751K->2571K(7936K), 0.0006005 secs] [Times: user=0.00 sys=0.00, real=0.00 secs] 
2017-07-06T17:12:37.801+0900: 9.505: [GC2017-07-06T17:12:37.801+0900: 9.505: [DefNew
Desired survivor size 131072 bytes, new threshold 15 (max 15)
- age   1:      16384 bytes,      16384 total
- age   2:       4840 bytes,      21224 total
- age   3:       4648 bytes,      25872 total
- age   4:       4704 bytes,      30576 total
- age   5:       4648 bytes,      35224 total
- age   6:       4704 bytes,      39928 total
- age   7:       4648 bytes,      44576 total
- age   8:       4704 bytes,      49280 total
- age   9:       4648 bytes,      53928 total
- age  10:       4704 bytes,      58632 total
- age  11:       4704 bytes,      63336 total
- age  12:       4648 bytes,      67984 total
- age  13:       4704 bytes,      72688 total
- age  14:       4648 bytes,      77336 total
- age  15:       4704 bytes,      82040 total
: 2256K->80K(2432K), 0.0005188 secs] 4747K->2576K(7936K), 0.0005813 secs] [Times: user=0.00 sys=0.00, real=0.00 secs] 
2017-07-06T17:12:37.822+0900: 9.526: [GC2017-07-06T17:12:37.822+0900: 9.526: [DefNew
Desired survivor size 131072 bytes, new threshold 15 (max 15)
- age   1:      24400 bytes,      24400 total
- age   2:       4840 bytes,      29240 total
- age   3:       4704 bytes,      33944 total
- age   4:       4648 bytes,      38592 total
- age   5:       4704 bytes,      43296 total
- age   6:       4648 bytes,      47944 total
- age   7:       4704 bytes,      52648 total
- age   8:       4648 bytes,      57296 total
- age   9:       4704 bytes,      62000 total
- age  10:       4648 bytes,      66648 total
- age  11:       4704 bytes,      71352 total
- age  12:       4704 bytes,      76056 total
- age  13:       4648 bytes,      80704 total
- age  14:       4704 bytes,      85408 total
- age  15:       4648 bytes,      90056 total
: 2242K->87K(2432K), 0.0005029 secs] 4738K->2588K(7936K), 0.0005620 secs] [Times: user=0.00 sys=0.00, real=0.00 secs] 
2017-07-06T17:12:37.844+0900: 9.548: [GC2017-07-06T17:12:37.844+0900: 9.548: [DefNew
Desired survivor size 131072 bytes, new threshold 15 (max 15)
- age   1:      16384 bytes,      16384 total
- age   2:       4784 bytes,      21168 total
- age   3:       4704 bytes,      25872 total
- age   4:       4704 bytes,      30576 total
- age   5:       4648 bytes,      35224 total
- age   6:       4704 bytes,      39928 total
- age   7:       4648 bytes,      44576 total
- age   8:       4704 bytes,      49280 total
- age   9:       4648 bytes,      53928 total
- age  10:       4704 bytes,      58632 total
- age  11:       4648 bytes,      63280 total
- age  12:       4704 bytes,      67984 total
- age  13:       4704 bytes,      72688 total
- age  14:       4648 bytes,      77336 total
- age  15:       4704 bytes,      82040 total
: 2256K->80K(2432K), 0.0005432 secs] 4756K->2585K(7936K), 0.0006189 secs] [Times: user=0.01 sys=0.00, real=0.00 secs] 
2017-07-06T17:12:37.866+0900: 9.570: [GC2017-07-06T17:12:37.866+0900: 9.570: [DefNew
Desired survivor size 131072 bytes, new threshold 15 (max 15)
- age   1:      24400 bytes,      24400 total
- age   2:       4840 bytes,      29240 total
- age   3:       4648 bytes,      33888 total
- age   4:       4704 bytes,      38592 total
- age   5:       4704 bytes,      43296 total
- age   6:       4648 bytes,      47944 total
- age   7:       4704 bytes,      52648 total
- age   8:       4648 bytes,      57296 total
- age   9:       4704 bytes,      62000 total
- age  10:       4648 bytes,      66648 total
- age  11:       4704 bytes,      71352 total
- age  12:       4648 bytes,      76000 total
- age  13:       4704 bytes,      80704 total
- age  14:       4704 bytes,      85408 total
- age  15:       4648 bytes,      90056 total
: 2241K->87K(2432K), 0.0005321 secs] 4746K->2597K(7936K), 0.0006014 secs] [Times: user=0.00 sys=0.00, real=0.00 secs] 
2017-07-06T17:12:37.888+0900: 9.592: [GC2017-07-06T17:12:37.888+0900: 9.592: [DefNew
Desired survivor size 131072 bytes, new threshold 15 (max 15)
- age   1:      16384 bytes,      16384 total
- age   2:       4784 bytes,      21168 total
- age   3:       4704 bytes,      25872 total
- age   4:       4648 bytes,      30520 total
- age   5:       4704 bytes,      35224 total
- age   6:       4704 bytes,      39928 total
- age   7:       4648 bytes,      44576 total
- age   8:       4704 bytes,      49280 total
- age   9:       4648 bytes,      53928 total
- age  10:       4704 bytes,      58632 total
- age  11:       4648 bytes,      63280 total
- age  12:       4704 bytes,      67984 total
- age  13:       4648 bytes,      72632 total
- age  14:       4704 bytes,      77336 total
- age  15:       4704 bytes,      82040 total
: 2263K->80K(2432K), 0.0005363 secs] 4773K->2594K(7936K), 0.0006040 secs] [Times: user=0.00 sys=0.00, real=0.00 secs] 
2017-07-06T17:12:37.910+0900: 9.613: [GC2017-07-06T17:12:37.910+0900: 9.614: [DefNew
Desired survivor size 131072 bytes, new threshold 15 (max 15)
- age   1:      16384 bytes,      16384 total
- age   2:       4840 bytes,      21224 total
- age   3:       4648 bytes,      25872 total
- age   4:       4704 bytes,      30576 total
- age   5:       4648 bytes,      35224 total
- age   6:       4704 bytes,      39928 total
- age   7:       4704 bytes,      44632 total
- age   8:       4648 bytes,      49280 total
- age   9:       4704 bytes,      53984 total
- age  10:       4648 bytes,      58632 total
- age  11:       4704 bytes,      63336 total
- age  12:       4648 bytes,      67984 total
- age  13:       4704 bytes,      72688 total
- age  14:       4648 bytes,      77336 total
- age  15:       4704 bytes,      82040 total
: 2256K->80K(2432K), 0.0005201 secs] 4770K->2599K(7936K), 0.0005826 secs] [Times: user=0.00 sys=0.00, real=0.00 secs] 
2017-07-06T17:12:37.931+0900: 9.635: [GC2017-07-06T17:12:37.931+0900: 9.635: [DefNew
Desired survivor size 131072 bytes, new threshold 15 (max 15)
- age   1:      24400 bytes,      24400 total
- age   2:       4840 bytes,      29240 total
- age   3:       4704 bytes,      33944 total
- age   4:       4648 bytes,      38592 total
- age   5:       4704 bytes,      43296 total
- age   6:       4648 bytes,      47944 total
- age   7:       4704 bytes,      52648 total
- age   8:       4704 bytes,      57352 total
- age   9:       4648 bytes,      62000 total
- age  10:       4704 bytes,      66704 total
- age  11:       4648 bytes,      71352 total
- age  12:       4704 bytes,      76056 total
- age  13:       4648 bytes,      80704 total
- age  14:       4704 bytes,      85408 total
- age  15:       4648 bytes,      90056 total
: 2242K->87K(2432K), 0.0005038 secs] 4761K->2611K(7936K), 0.0005706 secs] [Times: user=0.00 sys=0.00, real=0.00 secs] 
2017-07-06T17:12:37.955+0900: 9.659: [GC2017-07-06T17:12:37.955+0900: 9.659: [DefNew
Desired survivor size 131072 bytes, new threshold 15 (max 15)
- age   1:      16384 bytes,      16384 total
- age   2:       4784 bytes,      21168 total
- age   3:       4704 bytes,      25872 total
- age   4:       4704 bytes,      30576 total
- age   5:       4648 bytes,      35224 total
- age   6:       4704 bytes,      39928 total
- age   7:       4648 bytes,      44576 total
- age   8:       4704 bytes,      49280 total
- age   9:       4704 bytes,      53984 total
- age  10:       4648 bytes,      58632 total
- age  11:       4704 bytes,      63336 total
- age  12:       4648 bytes,      67984 total
- age  13:       4704 bytes,      72688 total
- age  14:       4648 bytes,      77336 total
- age  15:       4704 bytes,      82040 total
: 2263K->80K(2432K), 0.0005547 secs] 4787K->2608K(7936K), 0.0006301 secs] [Times: user=0.00 sys=0.00, real=0.00 secs] 
2017-07-06T17:12:37.979+0900: 9.682: [GC2017-07-06T17:12:37.979+0900: 9.682: [DefNew
Desired survivor size 131072 bytes, new threshold 1 (max 15)
- age   1:     196576 bytes,     196576 total
- age   2:       4744 bytes,     201320 total
- age   3:       4648 bytes,     205968 total
- age   4:       4704 bytes,     210672 total
- age   5:       4704 bytes,     215376 total
- age   6:       4648 bytes,     220024 total
- age   7:       4704 bytes,     224728 total
- age   8:       4648 bytes,     229376 total
- age   9:       4704 bytes,     234080 total
- age  10:       4704 bytes,     238784 total
- age  11:       4648 bytes,     243432 total
- age  12:       4704 bytes,     248136 total
- age  13:       4648 bytes,     252784 total
- age  14:       4704 bytes,     257488 total
- age  15:       4648 bytes,     262136 total
: 2243K->255K(2432K), 0.0008591 secs] 4771K->2804K(7936K), 0.0009344 secs] [Times: user=0.00 sys=0.00, real=0.00 secs] 
2017-07-06T17:12:38.000+0900: 9.704: [GC2017-07-06T17:12:38.000+0900: 9.704: [DefNew
Desired survivor size 131072 bytes, new threshold 15 (max 15)
- age   1:      24592 bytes,      24592 total
: 2431K->24K(2432K), 0.0008899 secs] 4980K->2826K(7936K), 0.0009601 secs] [Times: user=0.02 sys=0.00, real=0.00 secs] 
2017-07-06T17:12:38.022+0900: 9.726: [GC2017-07-06T17:12:38.022+0900: 9.726: [DefNew
Desired survivor size 131072 bytes, new threshold 15 (max 15)
- age   1:      16384 bytes,      16384 total
- age   2:       4840 bytes,      21224 total
: 2200K->20K(2432K), 0.0003724 secs] 5002K->2823K(7936K), 0.0004353 secs] [Times: user=0.00 sys=0.00, real=0.00 secs] 
2017-07-06T17:12:38.043+0900: 9.747: [GC2017-07-06T17:12:38.044+0900: 9.747: [DefNew
Desired survivor size 131072 bytes, new threshold 15 (max 15)
- age   1:      24400 bytes,      24400 total
- age   2:       4840 bytes,      29240 total
- age   3:       4704 bytes,      33944 total
: 2182K->33K(2432K), 0.0003724 secs] 4984K->2835K(7936K), 0.0004447 secs] [Times: user=0.00 sys=0.00, real=0.00 secs] 
2017-07-06T17:12:38.065+0900: 9.769: [GC2017-07-06T17:12:38.065+0900: 9.769: [DefNew
Desired survivor size 131072 bytes, new threshold 15 (max 15)
- age   1:      24592 bytes,      24592 total
- age   2:       4784 bytes,      29376 total
- age   3:       4704 bytes,      34080 total
- age   4:       4704 bytes,      38784 total
: 2209K->37K(2432K), 0.0004071 secs] 5011K->2840K(7936K), 0.0004708 secs] [Times: user=0.00 sys=0.00, real=0.00 secs] 
2017-07-06T17:12:38.088+0900: 9.792: [GC2017-07-06T17:12:38.088+0900: 9.792: [DefNew
Desired survivor size 131072 bytes, new threshold 15 (max 15)
- age   1:      24592 bytes,      24592 total
- age   2:       4840 bytes,      29432 total
- age   3:       4648 bytes,      34080 total
- age   4:       4704 bytes,      38784 total
- age   5:       4704 bytes,      43488 total
: 2213K->42K(2432K), 0.0004974 secs] 5016K->2844K(7936K), 0.0005873 secs] [Times: user=0.00 sys=0.00, real=0.00 secs] 
2017-07-06T17:12:38.112+0900: 9.815: [GC2017-07-06T17:12:38.112+0900: 9.815: [DefNew
Desired survivor size 131072 bytes, new threshold 15 (max 15)
- age   1:      24592 bytes,      24592 total
- age   2:       4840 bytes,      29432 total
- age   3:       4704 bytes,      34136 total
- age   4:       4648 bytes,      38784 total
- age   5:       4704 bytes,      43488 total
- age   6:       4704 bytes,      48192 total
: 2218K->47K(2432K), 0.0004357 secs] 5020K->2849K(7936K), 0.0005111 secs] [Times: user=0.00 sys=0.00, real=0.00 secs] 
2017-07-06T17:12:38.133+0900: 9.837: [GC2017-07-06T17:12:38.133+0900: 9.837: [DefNew
Desired survivor size 131072 bytes, new threshold 15 (max 15)
- age   1:      24592 bytes,      24592 total
- age   2:       4840 bytes,      29432 total
- age   3:       4704 bytes,      34136 total
- age   4:       4704 bytes,      38840 total
- age   5:       4648 bytes,      43488 total
- age   6:       4704 bytes,      48192 total
- age   7:       4704 bytes,      52896 total
: 2223K->51K(2432K), 0.0004280 secs] 5025K->2853K(7936K), 0.0004922 secs] [Times: user=0.00 sys=0.00, real=0.00 secs] 
2017-07-06T17:12:38.155+0900: 9.858: [GC2017-07-06T17:12:38.155+0900: 9.858: [DefNew
Desired survivor size 131072 bytes, new threshold 15 (max 15)
- age   1:      24592 bytes,      24592 total
- age   2:       4840 bytes,      29432 total
- age   3:       4704 bytes,      34136 total
- age   4:       4704 bytes,      38840 total
- age   5:       4704 bytes,      43544 total
- age   6:       4648 bytes,      48192 total
- age   7:       4704 bytes,      52896 total
- age   8:       4704 bytes,      57600 total
: 2227K->56K(2432K), 0.0004208 secs] 5029K->2858K(7936K), 0.0004811 secs] [Times: user=0.00 sys=0.00, real=0.00 secs] 
2017-07-06T17:12:38.176+0900: 9.880: [GC2017-07-06T17:12:38.176+0900: 9.880: [DefNew
Desired survivor size 131072 bytes, new threshold 15 (max 15)
- age   1:      24592 bytes,      24592 total
- age   2:       4840 bytes,      29432 total
- age   3:       4704 bytes,      34136 total
- age   4:       4704 bytes,      38840 total
- age   5:       4704 bytes,      43544 total
- age   6:       4704 bytes,      48248 total
- age   7:       4648 bytes,      52896 total
- age   8:       4704 bytes,      57600 total
- age   9:       4704 bytes,      62304 total
: 2232K->60K(2432K), 0.0004353 secs] 5034K->2863K(7936K), 0.0004970 secs] [Times: user=0.00 sys=0.00, real=0.00 secs] 
2017-07-06T17:12:38.201+0900: 9.904: [GC2017-07-06T17:12:38.201+0900: 9.904: [DefNew
Desired survivor size 131072 bytes, new threshold 15 (max 15)
- age   1:      24592 bytes,      24592 total
- age   2:       4840 bytes,      29432 total
- age   3:       4704 bytes,      34136 total
- age   4:       4704 bytes,      38840 total
- age   5:       4704 bytes,      43544 total
- age   6:       4704 bytes,      48248 total
- age   7:       4704 bytes,      52952 total
- age   8:       4648 bytes,      57600 total
- age   9:       4704 bytes,      62304 total
- age  10:       4704 bytes,      67008 total
: 2236K->65K(2432K), 0.0004764 secs] 5039K->2867K(7936K), 0.0005449 secs] [Times: user=0.00 sys=0.00, real=0.00 secs] 
2017-07-06T17:12:38.222+0900: 9.926: [GC2017-07-06T17:12:38.222+0900: 9.926: [DefNew
Desired survivor size 131072 bytes, new threshold 15 (max 15)
- age   1:      24592 bytes,      24592 total
- age   2:       4840 bytes,      29432 total
- age   3:       4704 bytes,      34136 total
- age   4:       4704 bytes,      38840 total
- age   5:       4704 bytes,      43544 total
- age   6:       4704 bytes,      48248 total
- age   7:       4704 bytes,      52952 total
- age   8:       4704 bytes,      57656 total
- age   9:       4648 bytes,      62304 total
- age  10:       4704 bytes,      67008 total
- age  11:       4704 bytes,      71712 total
: 2241K->70K(2432K), 0.0004696 secs] 5043K->2872K(7936K), 0.0005346 secs] [Times: user=0.00 sys=0.00, real=0.00 secs] 
2017-07-06T17:12:38.244+0900: 9.948: [GC2017-07-06T17:12:38.244+0900: 9.948: [DefNew
Desired survivor size 131072 bytes, new threshold 15 (max 15)
- age   1:      24592 bytes,      24592 total
- age   2:       4840 bytes,      29432 total
- age   3:       4704 bytes,      34136 total
- age   4:       4704 bytes,      38840 total
- age   5:       4704 bytes,      43544 total
- age   6:       4704 bytes,      48248 total
- age   7:       4704 bytes,      52952 total
- age   8:       4704 bytes,      57656 total
- age   9:       4704 bytes,      62360 total
- age  10:       4648 bytes,      67008 total
- age  11:       4704 bytes,      71712 total
- age  12:       4704 bytes,      76416 total
: 2246K->74K(2432K), 0.0004935 secs] 5048K->2876K(7936K), 0.0005659 secs] [Times: user=0.00 sys=0.00, real=0.00 secs] 
2017-07-06T17:12:38.266+0900: 9.969: [GC2017-07-06T17:12:38.266+0900: 9.969: [DefNew
Desired survivor size 131072 bytes, new threshold 15 (max 15)
- age   1:      24592 bytes,      24592 total
- age   2:       4840 bytes,      29432 total
- age   3:       4704 bytes,      34136 total
- age   4:       4704 bytes,      38840 total
- age   5:       4704 bytes,      43544 total
- age   6:       4704 bytes,      48248 total
- age   7:       4704 bytes,      52952 total
- age   8:       4704 bytes,      57656 total
- age   9:       4704 bytes,      62360 total
- age  10:       4704 bytes,      67064 total
- age  11:       4648 bytes,      71712 total
- age  12:       4704 bytes,      76416 total
- age  13:       4704 bytes,      81120 total
: 2250K->79K(2432K), 0.0004743 secs] 5052K->2881K(7936K), 0.0005368 secs] [Times: user=0.00 sys=0.00, real=0.00 secs] 
2017-07-06T17:12:38.288+0900: 9.992: [GC2017-07-06T17:12:38.289+0900: 9.993: [DefNew
Desired survivor size 131072 bytes, new threshold 15 (max 15)
- age   1:      24592 bytes,      24592 total
- age   2:       4840 bytes,      29432 total
- age   3:       4704 bytes,      34136 total
- age   4:       4704 bytes,      38840 total
- age   5:       4704 bytes,      43544 total
- age   6:       4704 bytes,      48248 total
- age   7:       4704 bytes,      52952 total
- age   8:       4704 bytes,      57656 total
- age   9:       4704 bytes,      62360 total
- age  10:       4704 bytes,      67064 total
- age  11:       4704 bytes,      71768 total
- age  12:       4648 bytes,      76416 total
- age  13:       4704 bytes,      81120 total
- age  14:       4704 bytes,      85824 total
: 2255K->83K(2432K), 0.0006035 secs] 5057K->2886K(7936K), 0.0016411 secs] [Times: user=0.00 sys=0.00, real=0.00 secs] 
2017-07-06T17:12:38.316+0900: 10.019: [GC2017-07-06T17:12:38.316+0900: 10.020: [DefNew
Desired survivor size 131072 bytes, new threshold 15 (max 15)
- age   1:      24592 bytes,      24592 total
- age   2:       4840 bytes,      29432 total
- age   3:       4704 bytes,      34136 total
- age   4:       4704 bytes,      38840 total
- age   5:       4704 bytes,      43544 total
- age   6:       4704 bytes,      48248 total
- age   7:       4704 bytes,      52952 total
- age   8:       4704 bytes,      57656 total
- age   9:       4704 bytes,      62360 total
- age  10:       4704 bytes,      67064 total
- age  11:       4704 bytes,      71768 total
- age  12:       4704 bytes,      76472 total
- age  13:       4648 bytes,      81120 total
- age  14:       4704 bytes,      85824 total
- age  15:       4704 bytes,      90528 total
: 2259K->88K(2432K), 0.0005286 secs] 5062K->2890K(7936K), 0.0006121 secs] [Times: user=0.00 sys=0.00, real=0.00 secs] 
2017-07-06T17:12:38.339+0900: 10.043: [GC2017-07-06T17:12:38.339+0900: 10.043: [DefNew
Desired survivor size 131072 bytes, new threshold 15 (max 15)
- age   1:      24592 bytes,      24592 total
- age   2:       4840 bytes,      29432 total
- age   3:       4704 bytes,      34136 total
- age   4:       4704 bytes,      38840 total
- age   5:       4704 bytes,      43544 total
- age   6:       4704 bytes,      48248 total
- age   7:       4704 bytes,      52952 total
- age   8:       4704 bytes,      57656 total
- age   9:       4704 bytes,      62360 total
- age  10:       4704 bytes,      67064 total
- age  11:       4704 bytes,      71768 total
- age  12:       4704 bytes,      76472 total
- age  13:       4704 bytes,      81176 total
- age  14:       4648 bytes,      85824 total
- age  15:       4704 bytes,      90528 total
: 2264K->88K(2432K), 0.0005436 secs] 5066K->2895K(7936K), 0.0006194 secs] [Times: user=0.00 sys=0.00, real=0.00 secs] 
2017-07-06T17:12:38.361+0900: 10.065: [GC2017-07-06T17:12:38.361+0900: 10.065: [DefNew
Desired survivor size 131072 bytes, new threshold 15 (max 15)
- age   1:      24592 bytes,      24592 total
- age   2:       4840 bytes,      29432 total
- age   3:       4704 bytes,      34136 total
- age   4:       4704 bytes,      38840 total
- age   5:       4704 bytes,      43544 total
- age   6:       4704 bytes,      48248 total
- age   7:       4704 bytes,      52952 total
- age   8:       4704 bytes,      57656 total
- age   9:       4704 bytes,      62360 total
- age  10:       4704 bytes,      67064 total
- age  11:       4704 bytes,      71768 total
- age  12:       4704 bytes,      76472 total
- age  13:       4704 bytes,      81176 total
- age  14:       4704 bytes,      85880 total
- age  15:       4648 bytes,      90528 total
: 2264K->88K(2432K), 0.0005299 secs] 5071K->2899K(7936K), 0.0005971 secs] [Times: user=0.00 sys=0.00, real=0.00 secs] 
2017-07-06T17:12:38.383+0900: 10.086: [GC2017-07-06T17:12:38.383+0900: 10.086: [DefNew
Desired survivor size 131072 bytes, new threshold 15 (max 15)
- age   1:      24592 bytes,      24592 total
- age   2:       4840 bytes,      29432 total
- age   3:       4704 bytes,      34136 total
- age   4:       4704 bytes,      38840 total
- age   5:       4704 bytes,      43544 total
- age   6:       4704 bytes,      48248 total
- age   7:       4704 bytes,      52952 total
- age   8:       4704 bytes,      57656 total
- age   9:       4704 bytes,      62360 total
- age  10:       4704 bytes,      67064 total
- age  11:       4704 bytes,      71768 total
- age  12:       4704 bytes,      76472 total
- age  13:       4704 bytes,      81176 total
- age  14:       4704 bytes,      85880 total
- age  15:       4704 bytes,      90584 total
: 2264K->88K(2432K), 0.0005162 secs] 5075K->2904K(7936K), 0.0005796 secs] [Times: user=0.00 sys=0.00, real=0.00 secs] 
2017-07-06T17:12:38.404+0900: 10.108: [GC2017-07-06T17:12:38.404+0900: 10.108: [DefNew
Desired survivor size 131072 bytes, new threshold 15 (max 15)
- age   1:      24592 bytes,      24592 total
- age   2:       4840 bytes,      29432 total
- age   3:       4704 bytes,      34136 total
- age   4:       4704 bytes,      38840 total
- age   5:       4704 bytes,      43544 total
- age   6:       4704 bytes,      48248 total
- age   7:       4704 bytes,      52952 total
- age   8:       4704 bytes,      57656 total
- age   9:       4704 bytes,      62360 total
- age  10:       4704 bytes,      67064 total
- age  11:       4704 bytes,      71768 total
- age  12:       4704 bytes,      76472 total
- age  13:       4704 bytes,      81176 total
- age  14:       4704 bytes,      85880 total
- age  15:       4704 bytes,      90584 total
: 2264K->88K(2432K), 0.0005055 secs] 5080K->2909K(7936K), 0.0005684 secs] [Times: user=0.00 sys=0.00, real=0.00 secs] 
2017-07-06T17:12:38.427+0900: 10.130: [GC2017-07-06T17:12:38.427+0900: 10.130: [DefNew
Desired survivor size 131072 bytes, new threshold 15 (max 15)
- age   1:      24592 bytes,      24592 total
- age   2:       4840 bytes,      29432 total
- age   3:       4704 bytes,      34136 total
- age   4:       4704 bytes,      38840 total
- age   5:       4704 bytes,      43544 total
- age   6:       4704 bytes,      48248 total
- age   7:       4704 bytes,      52952 total
- age   8:       4704 bytes,      57656 total
- age   9:       4704 bytes,      62360 total
- age  10:       4704 bytes,      67064 total
- age  11:       4704 bytes,      71768 total
- age  12:       4704 bytes,      76472 total
- age  13:       4704 bytes,      81176 total
- age  14:       4704 bytes,      85880 total
- age  15:       4704 bytes,      90584 total
: 2264K->88K(2432K), 0.0005517 secs] 5085K->2913K(7936K), 0.0006391 secs] [Times: user=0.00 sys=0.00, real=0.00 secs] 
2017-07-06T17:12:38.454+0900: 10.157: [GC2017-07-06T17:12:38.454+0900: 10.157: [DefNew
Desired survivor size 131072 bytes, new threshold 15 (max 15)
- age   1:      24592 bytes,      24592 total
- age   2:       4840 bytes,      29432 total
- age   3:       4704 bytes,      34136 total
- age   4:       4704 bytes,      38840 total
- age   5:       4704 bytes,      43544 total
- age   6:       4704 bytes,      48248 total
- age   7:       4704 bytes,      52952 total
- age   8:       4704 bytes,      57656 total
- age   9:       4704 bytes,      62360 total
- age  10:       4704 bytes,      67064 total
- age  11:       4704 bytes,      71768 total
- age  12:       4704 bytes,      76472 total
- age  13:       4704 bytes,      81176 total
- age  14:       4704 bytes,      85880 total
- age  15:       4704 bytes,      90584 total
: 2264K->88K(2432K), 0.0005509 secs] 5089K->2918K(7936K), 0.0006254 secs] [Times: user=0.00 sys=0.00, real=0.00 secs] 
2017-07-06T17:12:38.477+0900: 10.181: [GC2017-07-06T17:12:38.477+0900: 10.181: [DefNew
Desired survivor size 131072 bytes, new threshold 15 (max 15)
- age   1:      24592 bytes,      24592 total
- age   2:       4840 bytes,      29432 total
- age   3:       4704 bytes,      34136 total
- age   4:       4704 bytes,      38840 total
- age   5:       4704 bytes,      43544 total
- age   6:       4704 bytes,      48248 total
- age   7:       4704 bytes,      52952 total
- age   8:       4704 bytes,      57656 total
- age   9:       4704 bytes,      62360 total
- age  10:       4704 bytes,      67064 total
- age  11:       4704 bytes,      71768 total
- age  12:       4704 bytes,      76472 total
- age  13:       4704 bytes,      81176 total
- age  14:       4704 bytes,      85880 total
- age  15:       4704 bytes,      90584 total
: 2264K->88K(2432K), 0.0005402 secs] 5094K->2922K(7936K), 0.0006065 secs] [Times: user=0.00 sys=0.00, real=0.00 secs] 
2017-07-06T17:12:38.499+0900: 10.203: [GC2017-07-06T17:12:38.499+0900: 10.203: [DefNew
Desired survivor size 131072 bytes, new threshold 15 (max 15)
- age   1:      24592 bytes,      24592 total
- age   2:       4840 bytes,      29432 total
- age   3:       4704 bytes,      34136 total
- age   4:       4704 bytes,      38840 total
- age   5:       4704 bytes,      43544 total
- age   6:       4704 bytes,      48248 total
- age   7:       4704 bytes,      52952 total
- age   8:       4704 bytes,      57656 total
- age   9:       4704 bytes,      62360 total
- age  10:       4704 bytes,      67064 total
- age  11:       4704 bytes,      71768 total
- age  12:       4704 bytes,      76472 total
- age  13:       4704 bytes,      81176 total
- age  14:       4704 bytes,      85880 total
- age  15:       4704 bytes,      90584 total
: 2264K->88K(2432K), 0.0005342 secs] 5098K->2927K(7936K), 0.0006001 secs] [Times: user=0.00 sys=0.00, real=0.00 secs] 
2017-07-06T17:12:38.520+0900: 10.224: [GC2017-07-06T17:12:38.520+0900: 10.224: [DefNew
Desired survivor size 131072 bytes, new threshold 15 (max 15)
- age   1:      24592 bytes,      24592 total
- age   2:       4840 bytes,      29432 total
- age   3:       4704 bytes,      34136 total
- age   4:       4704 bytes,      38840 total
- age   5:       4704 bytes,      43544 total
- age   6:       4704 bytes,      48248 total
- age   7:       4704 bytes,      52952 total
- age   8:       4704 bytes,      57656 total
- age   9:       4704 bytes,      62360 total
- age  10:       4704 bytes,      67064 total
- age  11:       4704 bytes,      71768 total
- age  12:       4704 bytes,      76472 total
- age  13:       4704 bytes,      81176 total
- age  14:       4704 bytes,      85880 total
- age  15:       4704 bytes,      90584 total
: 2264K->88K(2432K), 0.0005115 secs] 5103K->2932K(7936K), 0.0005740 secs] [Times: user=0.00 sys=0.00, real=0.00 secs] 
2017-07-06T17:12:38.546+0900: 10.249: [GC2017-07-06T17:12:38.546+0900: 10.249: [DefNew
Desired survivor size 131072 bytes, new threshold 15 (max 15)
- age   1:      24592 bytes,      24592 total
- age   2:       4840 bytes,      29432 total
- age   3:       4704 bytes,      34136 total
- age   4:       4704 bytes,      38840 total
- age   5:       4704 bytes,      43544 total
- age   6:       4704 bytes,      48248 total
- age   7:       4704 bytes,      52952 total
- age   8:       4704 bytes,      57656 total
- age   9:       4704 bytes,      62360 total
- age  10:       4704 bytes,      67064 total
- age  11:       4704 bytes,      71768 total
- age  12:       4704 bytes,      76472 total
- age  13:       4704 bytes,      81176 total
- age  14:       4704 bytes,      85880 total
- age  15:       4704 bytes,      90584 total
: 2264K->88K(2432K), 0.0005483 secs] 5108K->2936K(7936K), 0.0006224 secs] [Times: user=0.00 sys=0.00, real=0.00 secs] 
2017-07-06T17:12:38.568+0900: 10.271: [GC2017-07-06T17:12:38.568+0900: 10.271: [DefNew
Desired survivor size 131072 bytes, new threshold 15 (max 15)
- age   1:      24592 bytes,      24592 total
- age   2:       4840 bytes,      29432 total
- age   3:       4704 bytes,      34136 total
- age   4:       4704 bytes,      38840 total
- age   5:       4704 bytes,      43544 total
- age   6:       4704 bytes,      48248 total
- age   7:       4704 bytes,      52952 total
- age   8:       4704 bytes,      57656 total
- age   9:       4704 bytes,      62360 total
- age  10:       4704 bytes,      67064 total
- age  11:       4704 bytes,      71768 total
- age  12:       4704 bytes,      76472 total
- age  13:       4704 bytes,      81176 total
- age  14:       4704 bytes,      85880 total
- age  15:       4704 bytes,      90584 total
: 2264K->88K(2432K), 0.0005244 secs] 5112K->2941K(7936K), 0.0005903 secs] [Times: user=0.00 sys=0.00, real=0.00 secs] 
2017-07-06T17:12:38.589+0900: 10.293: [GC2017-07-06T17:12:38.589+0900: 10.293: [DefNew
Desired survivor size 131072 bytes, new threshold 15 (max 15)
- age   1:      24592 bytes,      24592 total
- age   2:       4840 bytes,      29432 total
- age   3:       4704 bytes,      34136 total
- age   4:       4704 bytes,      38840 total
- age   5:       4704 bytes,      43544 total
- age   6:       4704 bytes,      48248 total
- age   7:       4704 bytes,      52952 total
- age   8:       4704 bytes,      57656 total
- age   9:       4704 bytes,      62360 total
- age  10:       4704 bytes,      67064 total
- age  11:       4704 bytes,      71768 total
- age  12:       4704 bytes,      76472 total
- age  13:       4704 bytes,      81176 total
- age  14:       4704 bytes,      85880 total
- age  15:       4704 bytes,      90584 total
: 2264K->88K(2432K), 0.0005273 secs] 5117K->2945K(7936K), 0.0005950 secs] [Times: user=0.00 sys=0.00, real=0.00 secs] 
2017-07-06T17:12:38.611+0900: 10.315: [GC2017-07-06T17:12:38.611+0900: 10.315: [DefNew
Desired survivor size 131072 bytes, new threshold 15 (max 15)
- age   1:      24592 bytes,      24592 total
- age   2:       4840 bytes,      29432 total
- age   3:       4704 bytes,      34136 total
- age   4:       4704 bytes,      38840 total
- age   5:       4704 bytes,      43544 total
- age   6:       4704 bytes,      48248 total
- age   7:       4704 bytes,      52952 total
- age   8:       4704 bytes,      57656 total
- age   9:       4704 bytes,      62360 total
- age  10:       4704 bytes,      67064 total
- age  11:       4704 bytes,      71768 total
- age  12:       4704 bytes,      76472 total
- age  13:       4704 bytes,      81176 total
- age  14:       4704 bytes,      85880 total
- age  15:       4704 bytes,      90584 total
: 2264K->88K(2432K), 0.0005094 secs] 5121K->2950K(7936K), 0.0005706 secs] [Times: user=0.00 sys=0.00, real=0.00 secs] 
2017-07-06T17:12:38.632+0900: 10.336: [GC2017-07-06T17:12:38.632+0900: 10.336: [DefNew
Desired survivor size 131072 bytes, new threshold 15 (max 15)
- age   1:      24592 bytes,      24592 total
- age   2:       4840 bytes,      29432 total
- age   3:       4704 bytes,      34136 total
- age   4:       4704 bytes,      38840 total
- age   5:       4704 bytes,      43544 total
- age   6:       4704 bytes,      48248 total
- age   7:       4704 bytes,      52952 total
- age   8:       4704 bytes,      57656 total
- age   9:       4704 bytes,      62360 total
- age  10:       4704 bytes,      67064 total
- age  11:       4704 bytes,      71768 total
- age  12:       4704 bytes,      76472 total
- age  13:       4704 bytes,      81176 total
- age  14:       4704 bytes,      85880 total
- age  15:       4704 bytes,      90584 total
: 2264K->88K(2432K), 0.0005209 secs] 5126K->2955K(7936K), 0.0005877 secs] [Times: user=0.00 sys=0.00, real=0.00 secs] 
2017-07-06T17:12:38.657+0900: 10.361: [GC2017-07-06T17:12:38.657+0900: 10.361: [DefNew
Desired survivor size 131072 bytes, new threshold 15 (max 15)
- age   1:      24592 bytes,      24592 total
- age   2:       4840 bytes,      29432 total
- age   3:       4704 bytes,      34136 total
- age   4:       4704 bytes,      38840 total
- age   5:       4704 bytes,      43544 total
- age   6:       4704 bytes,      48248 total
- age   7:       4704 bytes,      52952 total
- age   8:       4704 bytes,      57656 total
- age   9:       4704 bytes,      62360 total
- age  10:       4704 bytes,      67064 total
- age  11:       4704 bytes,      71768 total
- age  12:       4704 bytes,      76472 total
- age  13:       4704 bytes,      81176 total
- age  14:       4704 bytes,      85880 total
- age  15:       4704 bytes,      90584 total
: 2264K->88K(2432K), 0.0005684 secs] 5131K->2959K(7936K), 0.0006540 secs] [Times: user=0.00 sys=0.00, real=0.00 secs] 
2017-07-06T17:12:38.681+0900: 10.384: [GC2017-07-06T17:12:38.681+0900: 10.384: [DefNew
Desired survivor size 131072 bytes, new threshold 15 (max 15)
- age   1:      24592 bytes,      24592 total
- age   2:       4840 bytes,      29432 total
- age   3:       4704 bytes,      34136 total
- age   4:       4704 bytes,      38840 total
- age   5:       4704 bytes,      43544 total
- age   6:       4704 bytes,      48248 total
- age   7:       4704 bytes,      52952 total
- age   8:       4704 bytes,      57656 total
- age   9:       4704 bytes,      62360 total
- age  10:       4704 bytes,      67064 total
- age  11:       4704 bytes,      71768 total
- age  12:       4704 bytes,      76472 total
- age  13:       4704 bytes,      81176 total
- age  14:       4704 bytes,      85880 total
- age  15:       4704 bytes,      90584 total
: 2264K->88K(2432K), 0.0005419 secs] 5135K->2964K(7936K), 0.0006219 secs] [Times: user=0.00 sys=0.00, real=0.00 secs] 
2017-07-06T17:12:38.702+0900: 10.406: [GC2017-07-06T17:12:38.702+0900: 10.406: [DefNew
Desired survivor size 131072 bytes, new threshold 15 (max 15)
- age   1:      24592 bytes,      24592 total
- age   2:       4840 bytes,      29432 total
- age   3:       4704 bytes,      34136 total
- age   4:       4704 bytes,      38840 total
- age   5:       4704 bytes,      43544 total
- age   6:       4704 bytes,      48248 total
- age   7:       4704 bytes,      52952 total
- age   8:       4704 bytes,      57656 total
- age   9:       4704 bytes,      62360 total
- age  10:       4704 bytes,      67064 total
- age  11:       4704 bytes,      71768 total
- age  12:       4704 bytes,      76472 total
- age  13:       4704 bytes,      81176 total
- age  14:       4704 bytes,      85880 total
- age  15:       4704 bytes,      90584 total
: 2264K->88K(2432K), 0.0005505 secs] 5140K->2968K(7936K), 0.0006172 secs] [Times: user=0.02 sys=0.00, real=0.00 secs] 
2017-07-06T17:12:38.724+0900: 10.428: [GC2017-07-06T17:12:38.724+0900: 10.428: [DefNew
Desired survivor size 131072 bytes, new threshold 15 (max 15)
- age   1:      24592 bytes,      24592 total
- age   2:       4840 bytes,      29432 total
- age   3:       4704 bytes,      34136 total
- age   4:       4704 bytes,      38840 total
- age   5:       4704 bytes,      43544 total
- age   6:       4704 bytes,      48248 total
- age   7:       4704 bytes,      52952 total
- age   8:       4704 bytes,      57656 total
- age   9:       4704 bytes,      62360 total
- age  10:       4704 bytes,      67064 total
- age  11:       4704 bytes,      71768 total
- age  12:       4704 bytes,      76472 total
- age  13:       4704 bytes,      81176 total
- age  14:       4704 bytes,      85880 total
- age  15:       4704 bytes,      90584 total
: 2264K->88K(2432K), 0.0005059 secs] 5144K->2973K(7936K), 0.0005753 secs] [Times: user=0.00 sys=0.00, real=0.00 secs] 
2017-07-06T17:12:38.745+0900: 10.449: [GC2017-07-06T17:12:38.745+0900: 10.449: [DefNew
Desired survivor size 131072 bytes, new threshold 15 (max 15)
- age   1:      24592 bytes,      24592 total
- age   2:       4840 bytes,      29432 total
- age   3:       4704 bytes,      34136 total
- age   4:       4704 bytes,      38840 total
- age   5:       4704 bytes,      43544 total
- age   6:       4704 bytes,      48248 total
- age   7:       4704 bytes,      52952 total
- age   8:       4704 bytes,      57656 total
- age   9:       4704 bytes,      62360 total
- age  10:       4704 bytes,      67064 total
- age  11:       4704 bytes,      71768 total
- age  12:       4704 bytes,      76472 total
- age  13:       4704 bytes,      81176 total
- age  14:       4704 bytes,      85880 total
- age  15:       4704 bytes,      90584 total
: 2264K->88K(2432K), 0.0005038 secs] 5149K->2978K(7936K), 0.0005663 secs] [Times: user=0.00 sys=0.00, real=0.00 secs] 
2017-07-06T17:12:38.768+0900: 10.471: [GC2017-07-06T17:12:38.768+0900: 10.472: [DefNew
Desired survivor size 131072 bytes, new threshold 15 (max 15)
- age   1:      24592 bytes,      24592 total
- age   2:       4840 bytes,      29432 total
- age   3:       4704 bytes,      34136 total
- age   4:       4704 bytes,      38840 total
- age   5:       4704 bytes,      43544 total
- age   6:       4704 bytes,      48248 total
- age   7:       4704 bytes,      52952 total
- age   8:       4704 bytes,      57656 total
- age   9:       4704 bytes,      62360 total
- age  10:       4704 bytes,      67064 total
- age  11:       4704 bytes,      71768 total
- age  12:       4704 bytes,      76472 total
- age  13:       4704 bytes,      81176 total
- age  14:       4704 bytes,      85880 total
- age  15:       4704 bytes,      90584 total
: 2264K->88K(2432K), 0.0005868 secs] 5154K->2982K(7936K), 0.0006660 secs] [Times: user=0.00 sys=0.00, real=0.00 secs] 
2017-07-06T17:12:38.794+0900: 10.497: [GC2017-07-06T17:12:38.794+0900: 10.497: [DefNew
Desired survivor size 131072 bytes, new threshold 15 (max 15)
- age   1:      24592 bytes,      24592 total
- age   2:       4840 bytes,      29432 total
- age   3:       4704 bytes,      34136 total
- age   4:       4704 bytes,      38840 total
- age   5:       4704 bytes,      43544 total
- age   6:       4704 bytes,      48248 total
- age   7:       4704 bytes,      52952 total
- age   8:       4704 bytes,      57656 total
- age   9:       4704 bytes,      62360 total
- age  10:       4704 bytes,      67064 total
- age  11:       4704 bytes,      71768 total
- age  12:       4704 bytes,      76472 total
- age  13:       4704 bytes,      81176 total
- age  14:       4704 bytes,      85880 total
- age  15:       4704 bytes,      90584 total
: 2264K->88K(2432K), 0.0005428 secs] 5158K->2987K(7936K), 0.0006138 secs] [Times: user=0.00 sys=0.00, real=0.00 secs] 
2017-07-06T17:12:38.815+0900: 10.519: [GC2017-07-06T17:12:38.815+0900: 10.519: [DefNew
Desired survivor size 131072 bytes, new threshold 15 (max 15)
- age   1:      24592 bytes,      24592 total
- age   2:       4840 bytes,      29432 total
- age   3:       4704 bytes,      34136 total
- age   4:       4704 bytes,      38840 total
- age   5:       4704 bytes,      43544 total
- age   6:       4704 bytes,      48248 total
- age   7:       4704 bytes,      52952 total
- age   8:       4704 bytes,      57656 total
- age   9:       4704 bytes,      62360 total
- age  10:       4704 bytes,      67064 total
- age  11:       4704 bytes,      71768 total
- age  12:       4704 bytes,      76472 total
- age  13:       4704 bytes,      81176 total
- age  14:       4704 bytes,      85880 total
- age  15:       4704 bytes,      90584 total
: 2264K->88K(2432K), 0.0005222 secs] 5163K->2991K(7936K), 0.0005924 secs] [Times: user=0.00 sys=0.00, real=0.00 secs] 
2017-07-06T17:12:38.837+0900: 10.540: [GC2017-07-06T17:12:38.837+0900: 10.541: [DefNew
Desired survivor size 131072 bytes, new threshold 15 (max 15)
- age   1:      24592 bytes,      24592 total
- age   2:       4840 bytes,      29432 total
- age   3:       4704 bytes,      34136 total
- age   4:       4704 bytes,      38840 total
- age   5:       4704 bytes,      43544 total
- age   6:       4704 bytes,      48248 total
- age   7:       4704 bytes,      52952 total
- age   8:       4704 bytes,      57656 total
- age   9:       4704 bytes,      62360 total
- age  10:       4704 bytes,      67064 total
- age  11:       4704 bytes,      71768 total
- age  12:       4704 bytes,      76472 total
- age  13:       4704 bytes,      81176 total
- age  14:       4704 bytes,      85880 total
- age  15:       4704 bytes,      90584 total
: 2264K->88K(2432K), 0.0005128 secs] 5167K->2996K(7936K), 0.0005761 secs] [Times: user=0.00 sys=0.00, real=0.00 secs] 
2017-07-06T17:12:38.858+0900: 10.562: [GC2017-07-06T17:12:38.858+0900: 10.562: [DefNew
Desired survivor size 131072 bytes, new threshold 15 (max 15)
- age   1:      24592 bytes,      24592 total
- age   2:       4840 bytes,      29432 total
- age   3:       4704 bytes,      34136 total
- age   4:       4704 bytes,      38840 total
- age   5:       4704 bytes,      43544 total
- age   6:       4704 bytes,      48248 total
- age   7:       4704 bytes,      52952 total
- age   8:       4704 bytes,      57656 total
- age   9:       4704 bytes,      62360 total
- age  10:       4704 bytes,      67064 total
- age  11:       4704 bytes,      71768 total
- age  12:       4704 bytes,      76472 total
- age  13:       4704 bytes,      81176 total
- age  14:       4704 bytes,      85880 total
- age  15:       4704 bytes,      90584 total
: 2264K->88K(2432K), 0.0005064 secs] 5172K->3000K(7936K), 0.0005689 secs] [Times: user=0.02 sys=0.00, real=0.00 secs] 
2017-07-06T17:12:38.880+0900: 10.584: [GC2017-07-06T17:12:38.880+0900: 10.584: [DefNew
Desired survivor size 131072 bytes, new threshold 15 (max 15)
- age   1:      24592 bytes,      24592 total
- age   2:       4840 bytes,      29432 total
- age   3:       4704 bytes,      34136 total
- age   4:       4704 bytes,      38840 total
- age   5:       4704 bytes,      43544 total
- age   6:       4704 bytes,      48248 total
- age   7:       4704 bytes,      52952 total
- age   8:       4704 bytes,      57656 total
- age   9:       4704 bytes,      62360 total
- age  10:       4704 bytes,      67064 total
- age  11:       4704 bytes,      71768 total
- age  12:       4704 bytes,      76472 total
- age  13:       4704 bytes,      81176 total
- age  14:       4704 bytes,      85880 total
- age  15:       4704 bytes,      90584 total
: 2264K->88K(2432K), 0.0005098 secs] 5176K->3005K(7936K), 0.0005727 secs] [Times: user=0.00 sys=0.00, real=0.00 secs] 
2017-07-06T17:12:38.906+0900: 10.610: [GC2017-07-06T17:12:38.906+0900: 10.610: [DefNew
Desired survivor size 131072 bytes, new threshold 15 (max 15)
- age   1:      24592 bytes,      24592 total
- age   2:       4840 bytes,      29432 total
- age   3:       4704 bytes,      34136 total
- age   4:       4704 bytes,      38840 total
- age   5:       4704 bytes,      43544 total
- age   6:       4704 bytes,      48248 total
- age   7:       4704 bytes,      52952 total
- age   8:       4704 bytes,      57656 total
- age   9:       4704 bytes,      62360 total
- age  10:       4704 bytes,      67064 total
- age  11:       4704 bytes,      71768 total
- age  12:       4704 bytes,      76472 total
- age  13:       4704 bytes,      81176 total
- age  14:       4704 bytes,      85880 total
- age  15:       4704 bytes,      90584 total
: 2264K->88K(2432K), 0.0006519 secs] 5181K->3010K(7936K), 0.0007465 secs] [Times: user=0.00 sys=0.00, real=0.00 secs] 
2017-07-06T17:12:38.928+0900: 10.632: [GC2017-07-06T17:12:38.928+0900: 10.632: [DefNew
Desired survivor size 131072 bytes, new threshold 15 (max 15)
- age   1:      24592 bytes,      24592 total
- age   2:       4840 bytes,      29432 total
- age   3:       4704 bytes,      34136 total
- age   4:       4704 bytes,      38840 total
- age   5:       4704 bytes,      43544 total
- age   6:       4704 bytes,      48248 total
- age   7:       4704 bytes,      52952 total
- age   8:       4704 bytes,      57656 total
- age   9:       4704 bytes,      62360 total
- age  10:       4704 bytes,      67064 total
- age  11:       4704 bytes,      71768 total
- age  12:       4704 bytes,      76472 total
- age  13:       4704 bytes,      81176 total
- age  14:       4704 bytes,      85880 total
- age  15:       4704 bytes,      90584 total
: 2264K->88K(2432K), 0.0005346 secs] 5186K->3014K(7936K), 0.0006005 secs] [Times: user=0.00 sys=0.00, real=0.00 secs] 
2017-07-06T17:12:38.950+0900: 10.653: [GC2017-07-06T17:12:38.950+0900: 10.653: [DefNew
Desired survivor size 131072 bytes, new threshold 15 (max 15)
- age   1:      24592 bytes,      24592 total
- age   2:       4840 bytes,      29432 total
- age   3:       4704 bytes,      34136 total
- age   4:       4704 bytes,      38840 total
- age   5:       4704 bytes,      43544 total
- age   6:       4704 bytes,      48248 total
- age   7:       4704 bytes,      52952 total
- age   8:       4704 bytes,      57656 total
- age   9:       4704 bytes,      62360 total
- age  10:       4704 bytes,      67064 total
- age  11:       4704 bytes,      71768 total
- age  12:       4704 bytes,      76472 total
- age  13:       4704 bytes,      81176 total
- age  14:       4704 bytes,      85880 total
- age  15:       4704 bytes,      90584 total
: 2264K->88K(2432K), 0.0005137 secs] 5190K->3019K(7936K), 0.0005757 secs] [Times: user=0.00 sys=0.00, real=0.00 secs] 
2017-07-06T17:12:38.971+0900: 10.675: [GC2017-07-06T17:12:38.971+0900: 10.675: [DefNew
Desired survivor size 131072 bytes, new threshold 15 (max 15)
- age   1:      24592 bytes,      24592 total
- age   2:       4840 bytes,      29432 total
- age   3:       4704 bytes,      34136 total
- age   4:       4704 bytes,      38840 total
- age   5:       4704 bytes,      43544 total
- age   6:       4704 bytes,      48248 total
- age   7:       4704 bytes,      52952 total
- age   8:       4704 bytes,      57656 total
- age   9:       4704 bytes,      62360 total
- age  10:       4704 bytes,      67064 total
- age  11:       4704 bytes,      71768 total
- age  12:       4704 bytes,      76472 total
- age  13:       4704 bytes,      81176 total
- age  14:       4704 bytes,      85880 total
- age  15:       4704 bytes,      90584 total
: 2264K->88K(2432K), 0.0005064 secs] 5195K->3023K(7936K), 0.0005676 secs] [Times: user=0.00 sys=0.00, real=0.00 secs] 
2017-07-06T17:12:38.993+0900: 10.696: [GC2017-07-06T17:12:38.993+0900: 10.696: [DefNew
Desired survivor size 131072 bytes, new threshold 15 (max 15)
- age   1:      24592 bytes,      24592 total
- age   2:       4840 bytes,      29432 total
- age   3:       4704 bytes,      34136 total
- age   4:       4704 bytes,      38840 total
- age   5:       4704 bytes,      43544 total
- age   6:       4704 bytes,      48248 total
- age   7:       4704 bytes,      52952 total
- age   8:       4704 bytes,      57656 total
- age   9:       4704 bytes,      62360 total
- age  10:       4704 bytes,      67064 total
- age  11:       4704 bytes,      71768 total
- age  12:       4704 bytes,      76472 total
- age  13:       4704 bytes,      81176 total
- age  14:       4704 bytes,      85880 total
- age  15:       4704 bytes,      90584 total
: 2264K->88K(2432K), 0.0005119 secs] 5199K->3028K(7936K), 0.0005757 secs] [Times: user=0.00 sys=0.00, real=0.00 secs] 
2017-07-06T17:12:39.015+0900: 10.718: [GC2017-07-06T17:12:39.015+0900: 10.718: [DefNew
Desired survivor size 131072 bytes, new threshold 15 (max 15)
- age   1:      24592 bytes,      24592 total
- age   2:       4840 bytes,      29432 total
- age   3:       4704 bytes,      34136 total
- age   4:       4704 bytes,      38840 total
- age   5:       4704 bytes,      43544 total
- age   6:       4704 bytes,      48248 total
- age   7:       4704 bytes,      52952 total
- age   8:       4704 bytes,      57656 total
- age   9:       4704 bytes,      62360 total
- age  10:       4704 bytes,      67064 total
- age  11:       4704 bytes,      71768 total
- age  12:       4704 bytes,      76472 total
- age  13:       4704 bytes,      81176 total
- age  14:       4704 bytes,      85880 total
- age  15:       4704 bytes,      90584 total
: 2264K->88K(2432K), 0.0005552 secs] 5204K->3033K(7936K), 0.0006284 secs] [Times: user=0.00 sys=0.00, real=0.00 secs] 
2017-07-06T17:12:39.042+0900: 10.745: [GC2017-07-06T17:12:39.042+0900: 10.746: [DefNew
Desired survivor size 131072 bytes, new threshold 15 (max 15)
- age   1:      24592 bytes,      24592 total
- age   2:       4840 bytes,      29432 total
- age   3:       4704 bytes,      34136 total
- age   4:       4704 bytes,      38840 total
- age   5:       4704 bytes,      43544 total
- age   6:       4704 bytes,      48248 total
- age   7:       4704 bytes,      52952 total
- age   8:       4704 bytes,      57656 total
- age   9:       4704 bytes,      62360 total
- age  10:       4704 bytes,      67064 total
- age  11:       4704 bytes,      71768 total
- age  12:       4704 bytes,      76472 total
- age  13:       4704 bytes,      81176 total
- age  14:       4704 bytes,      85880 total
- age  15:       4704 bytes,      90584 total
: 2264K->88K(2432K), 0.0005526 secs] 5209K->3037K(7936K), 0.0006262 secs] [Times: user=0.00 sys=0.00, real=0.00 secs] 
2017-07-06T17:12:39.064+0900: 10.767: [GC2017-07-06T17:12:39.064+0900: 10.767: [DefNew
Desired survivor size 131072 bytes, new threshold 15 (max 15)
- age   1:      24592 bytes,      24592 total
- age   2:       4840 bytes,      29432 total
- age   3:       4704 bytes,      34136 total
- age   4:       4704 bytes,      38840 total
- age   5:       4704 bytes,      43544 total
- age   6:       4704 bytes,      48248 total
- age   7:       4704 bytes,      52952 total
- age   8:       4704 bytes,      57656 total
- age   9:       4704 bytes,      62360 total
- age  10:       4704 bytes,      67064 total
- age  11:       4704 bytes,      71768 total
- age  12:       4704 bytes,      76472 total
- age  13:       4704 bytes,      81176 total
- age  14:       4704 bytes,      85880 total
- age  15:       4704 bytes,      90584 total
: 2264K->88K(2432K), 0.0005269 secs] 5213K->3042K(7936K), 0.0005924 secs] [Times: user=0.00 sys=0.00, real=0.00 secs] 
2017-07-06T17:12:39.085+0900: 10.789: [GC2017-07-06T17:12:39.085+0900: 10.789: [DefNew
Desired survivor size 131072 bytes, new threshold 15 (max 15)
- age   1:      24592 bytes,      24592 total
- age   2:       4840 bytes,      29432 total
- age   3:       4704 bytes,      34136 total
- age   4:       4704 bytes,      38840 total
- age   5:       4704 bytes,      43544 total
- age   6:       4704 bytes,      48248 total
- age   7:       4704 bytes,      52952 total
- age   8:       4704 bytes,      57656 total
- age   9:       4704 bytes,      62360 total
- age  10:       4704 bytes,      67064 total
- age  11:       4704 bytes,      71768 total
- age  12:       4704 bytes,      76472 total
- age  13:       4704 bytes,      81176 total
- age  14:       4704 bytes,      85880 total
- age  15:       4704 bytes,      90584 total
: 2264K->88K(2432K), 0.0005389 secs] 5218K->3046K(7936K), 0.0006044 secs] [Times: user=0.00 sys=0.00, real=0.00 secs] 
2017-07-06T17:12:39.107+0900: 10.811: [GC2017-07-06T17:12:39.107+0900: 10.811: [DefNew
Desired survivor size 131072 bytes, new threshold 15 (max 15)
- age   1:      24592 bytes,      24592 total
- age   2:       4840 bytes,      29432 total
- age   3:       4704 bytes,      34136 total
- age   4:       4704 bytes,      38840 total
- age   5:       4704 bytes,      43544 total
- age   6:       4704 bytes,      48248 total
- age   7:       4704 bytes,      52952 total
- age   8:       4704 bytes,      57656 total
- age   9:       4704 bytes,      62360 total
- age  10:       4704 bytes,      67064 total
- age  11:       4704 bytes,      71768 total
- age  12:       4704 bytes,      76472 total
- age  13:       4704 bytes,      81176 total
- age  14:       4704 bytes,      85880 total
- age  15:       4704 bytes,      90584 total
: 2264K->88K(2432K), 0.0005089 secs] 5222K->3051K(7936K), 0.0005800 secs] [Times: user=0.00 sys=0.00, real=0.00 secs] 
2017-07-06T17:12:39.133+0900: 10.837: [GC2017-07-06T17:12:39.133+0900: 10.837: [DefNew
Desired survivor size 131072 bytes, new threshold 15 (max 15)
- age   1:      24592 bytes,      24592 total
- age   2:       4840 bytes,      29432 total
- age   3:       4704 bytes,      34136 total
- age   4:       4704 bytes,      38840 total
- age   5:       4704 bytes,      43544 total
- age   6:       4704 bytes,      48248 total
- age   7:       4704 bytes,      52952 total
- age   8:       4704 bytes,      57656 total
- age   9:       4704 bytes,      62360 total
- age  10:       4704 bytes,      67064 total
- age  11:       4704 bytes,      71768 total
- age  12:       4704 bytes,      76472 total
- age  13:       4704 bytes,      81176 total
- age  14:       4704 bytes,      85880 total
- age  15:       4704 bytes,      90584 total
: 2264K->88K(2432K), 0.0005487 secs] 5227K->3056K(7936K), 0.0006194 secs] [Times: user=0.00 sys=0.00, real=0.00 secs] 
2017-07-06T17:12:39.155+0900: 10.859: [GC2017-07-06T17:12:39.155+0900: 10.859: [DefNew
Desired survivor size 131072 bytes, new threshold 15 (max 15)
- age   1:      24592 bytes,      24592 total
- age   2:       4840 bytes,      29432 total
- age   3:       4704 bytes,      34136 total
- age   4:       4704 bytes,      38840 total
- age   5:       4704 bytes,      43544 total
- age   6:       4704 bytes,      48248 total
- age   7:       4704 bytes,      52952 total
- age   8:       4704 bytes,      57656 total
- age   9:       4704 bytes,      62360 total
- age  10:       4704 bytes,      67064 total
- age  11:       4704 bytes,      71768 total
- age  12:       4704 bytes,      76472 total
- age  13:       4704 bytes,      81176 total
- age  14:       4704 bytes,      85880 total
- age  15:       4704 bytes,      90584 total
: 2264K->88K(2432K), 0.0005282 secs] 5232K->3060K(7936K), 0.0005950 secs] [Times: user=0.00 sys=0.00, real=0.00 secs] 
2017-07-06T17:12:39.177+0900: 10.881: [GC2017-07-06T17:12:39.177+0900: 10.881: [DefNew
Desired survivor size 131072 bytes, new threshold 15 (max 15)
- age   1:      24592 bytes,      24592 total
- age   2:       4840 bytes,      29432 total
- age   3:       4704 bytes,      34136 total
- age   4:       4704 bytes,      38840 total
- age   5:       4704 bytes,      43544 total
- age   6:       4704 bytes,      48248 total
- age   7:       4704 bytes,      52952 total
- age   8:       4704 bytes,      57656 total
- age   9:       4704 bytes,      62360 total
- age  10:       4704 bytes,      67064 total
- age  11:       4704 bytes,      71768 total
- age  12:       4704 bytes,      76472 total
- age  13:       4704 bytes,      81176 total
- age  14:       4704 bytes,      85880 total
- age  15:       4704 bytes,      90584 total
: 2264K->88K(2432K), 0.0005415 secs] 5236K->3065K(7936K), 0.0006091 secs] [Times: user=0.00 sys=0.00, real=0.00 secs] 
2017-07-06T17:12:39.199+0900: 10.902: [GC2017-07-06T17:12:39.199+0900: 10.902: [DefNew
Desired survivor size 131072 bytes, new threshold 15 (max 15)
- age   1:      24592 bytes,      24592 total
- age   2:       4840 bytes,      29432 total
- age   3:       4704 bytes,      34136 total
- age   4:       4704 bytes,      38840 total
- age   5:       4704 bytes,      43544 total
- age   6:       4704 bytes,      48248 total
- age   7:       4704 bytes,      52952 total
- age   8:       4704 bytes,      57656 total
- age   9:       4704 bytes,      62360 total
- age  10:       4704 bytes,      67064 total
- age  11:       4704 bytes,      71768 total
- age  12:       4704 bytes,      76472 total
- age  13:       4704 bytes,      81176 total
- age  14:       4704 bytes,      85880 total
- age  15:       4704 bytes,      90584 total
: 2264K->88K(2432K), 0.0005102 secs] 5241K->3069K(7936K), 0.0005796 secs] [Times: user=0.00 sys=0.00, real=0.00 secs] 
2017-07-06T17:12:39.220+0900: 10.924: [GC2017-07-06T17:12:39.220+0900: 10.924: [DefNew
Desired survivor size 131072 bytes, new threshold 15 (max 15)
- age   1:      24592 bytes,      24592 total
- age   2:       4840 bytes,      29432 total
- age   3:       4704 bytes,      34136 total
- age   4:       4704 bytes,      38840 total
- age   5:       4704 bytes,      43544 total
- age   6:       4704 bytes,      48248 total
- age   7:       4704 bytes,      52952 total
- age   8:       4704 bytes,      57656 total
- age   9:       4704 bytes,      62360 total
- age  10:       4704 bytes,      67064 total
- age  11:       4704 bytes,      71768 total
- age  12:       4704 bytes,      76472 total
- age  13:       4704 bytes,      81176 total
- age  14:       4704 bytes,      85880 total
- age  15:       4704 bytes,      90584 total
: 2264K->88K(2432K), 0.0005128 secs] 5245K->3074K(7936K), 0.0005749 secs] [Times: user=0.00 sys=0.00, real=0.00 secs] 
2017-07-06T17:12:39.243+0900: 10.946: [GC2017-07-06T17:12:39.243+0900: 10.946: [DefNew
Desired survivor size 131072 bytes, new threshold 15 (max 15)
- age   1:      24592 bytes,      24592 total
- age   2:       4840 bytes,      29432 total
- age   3:       4704 bytes,      34136 total
- age   4:       4704 bytes,      38840 total
- age   5:       4704 bytes,      43544 total
- age   6:       4704 bytes,      48248 total
- age   7:       4704 bytes,      52952 total
- age   8:       4704 bytes,      57656 total
- age   9:       4704 bytes,      62360 total
- age  10:       4704 bytes,      67064 total
- age  11:       4704 bytes,      71768 total
- age  12:       4704 bytes,      76472 total
- age  13:       4704 bytes,      81176 total
- age  14:       4704 bytes,      85880 total
- age  15:       4704 bytes,      90584 total
: 2264K->88K(2432K), 0.0005847 secs] 5250K->3079K(7936K), 0.0006686 secs] [Times: user=0.00 sys=0.00, real=0.00 secs] 
2017-07-06T17:12:39.266+0900: 10.970: [GC2017-07-06T17:12:39.266+0900: 10.970: [DefNew
Desired survivor size 131072 bytes, new threshold 15 (max 15)
- age   1:      24592 bytes,      24592 total
- age   2:       4840 bytes,      29432 total
- age   3:       4704 bytes,      34136 total
- age   4:       4704 bytes,      38840 total
- age   5:       4704 bytes,      43544 total
- age   6:       4704 bytes,      48248 total
- age   7:       4704 bytes,      52952 total
- age   8:       4704 bytes,      57656 total
- age   9:       4704 bytes,      62360 total
- age  10:       4704 bytes,      67064 total
- age  11:       4704 bytes,      71768 total
- age  12:       4704 bytes,      76472 total
- age  13:       4704 bytes,      81176 total
- age  14:       4704 bytes,      85880 total
- age  15:       4704 bytes,      90584 total
: 2264K->88K(2432K), 0.0005449 secs] 5255K->3083K(7936K), 0.0006164 secs] [Times: user=0.00 sys=0.00, real=0.00 secs] 
2017-07-06T17:12:39.291+0900: 10.995: [GC2017-07-06T17:12:39.292+0900: 10.995: [DefNew
Desired survivor size 131072 bytes, new threshold 15 (max 15)
- age   1:      24592 bytes,      24592 total
- age   2:       4840 bytes,      29432 total
- age   3:       4704 bytes,      34136 total
- age   4:       4704 bytes,      38840 total
- age   5:       4704 bytes,      43544 total
- age   6:       4704 bytes,      48248 total
- age   7:       4704 bytes,      52952 total
- age   8:       4704 bytes,      57656 total
- age   9:       4704 bytes,      62360 total
- age  10:       4704 bytes,      67064 total
- age  11:       4704 bytes,      71768 total
- age  12:       4704 bytes,      76472 total
- age  13:       4704 bytes,      81176 total
- age  14:       4704 bytes,      85880 total
- age  15:       4704 bytes,      90584 total
: 2264K->88K(2432K), 0.0005603 secs] 5259K->3088K(7936K), 0.0006814 secs] [Times: user=0.00 sys=0.00, real=0.00 secs] 
2017-07-06T17:12:39.315+0900: 11.019: [GC2017-07-06T17:12:39.315+0900: 11.019: [DefNew
Desired survivor size 131072 bytes, new threshold 15 (max 15)
- age   1:      24592 bytes,      24592 total
- age   2:       4840 bytes,      29432 total
- age   3:       4704 bytes,      34136 total
- age   4:       4704 bytes,      38840 total
- age   5:       4704 bytes,      43544 total
- age   6:       4704 bytes,      48248 total
- age   7:       4704 bytes,      52952 total
- age   8:       4704 bytes,      57656 total
- age   9:       4704 bytes,      62360 total
- age  10:       4704 bytes,      67064 total
- age  11:       4704 bytes,      71768 total
- age  12:       4704 bytes,      76472 total
- age  13:       4704 bytes,      81176 total
- age  14:       4704 bytes,      85880 total
- age  15:       4704 bytes,      90584 total
: 2264K->88K(2432K), 0.0005565 secs] 5264K->3092K(7936K), 0.0006279 secs] [Times: user=0.00 sys=0.00, real=0.00 secs] 
2017-07-06T17:12:39.337+0900: 11.040: [GC2017-07-06T17:12:39.337+0900: 11.041: [DefNew
Desired survivor size 131072 bytes, new threshold 15 (max 15)
- age   1:      24592 bytes,      24592 total
- age   2:       4840 bytes,      29432 total
- age   3:       4704 bytes,      34136 total
- age   4:       4704 bytes,      38840 total
- age   5:       4704 bytes,      43544 total
- age   6:       4704 bytes,      48248 total
- age   7:       4704 bytes,      52952 total
- age   8:       4704 bytes,      57656 total
- age   9:       4704 bytes,      62360 total
- age  10:       4704 bytes,      67064 total
- age  11:       4704 bytes,      71768 total
- age  12:       4704 bytes,      76472 total
- age  13:       4704 bytes,      81176 total
- age  14:       4704 bytes,      85880 total
- age  15:       4704 bytes,      90584 total
: 2264K->88K(2432K), 0.0006121 secs] 5268K->3097K(7936K), 0.0006926 secs] [Times: user=0.00 sys=0.00, real=0.00 secs] 
2017-07-06T17:12:39.362+0900: 11.066: [GC2017-07-06T17:12:39.362+0900: 11.066: [DefNew
Desired survivor size 131072 bytes, new threshold 15 (max 15)
- age   1:      24592 bytes,      24592 total
- age   2:       4840 bytes,      29432 total
- age   3:       4704 bytes,      34136 total
- age   4:       4704 bytes,      38840 total
- age   5:       4704 bytes,      43544 total
- age   6:       4704 bytes,      48248 total
- age   7:       4704 bytes,      52952 total
- age   8:       4704 bytes,      57656 total
- age   9:       4704 bytes,      62360 total
- age  10:       4704 bytes,      67064 total
- age  11:       4704 bytes,      71768 total
- age  12:       4704 bytes,      76472 total
- age  13:       4704 bytes,      81176 total
- age  14:       4704 bytes,      85880 total
- age  15:       4704 bytes,      90584 total
: 2264K->88K(2432K), 0.0005650 secs] 5273K->3102K(7936K), 0.0006369 secs] [Times: user=0.00 sys=0.00, real=0.00 secs] 
2017-07-06T17:12:39.384+0900: 11.088: [GC2017-07-06T17:12:39.384+0900: 11.088: [DefNew
Desired survivor size 131072 bytes, new threshold 15 (max 15)
- age   1:      24592 bytes,      24592 total
- age   2:       4840 bytes,      29432 total
- age   3:       4704 bytes,      34136 total
- age   4:       4704 bytes,      38840 total
- age   5:       4704 bytes,      43544 total
- age   6:       4704 bytes,      48248 total
- age   7:       4704 bytes,      52952 total
- age   8:       4704 bytes,      57656 total
- age   9:       4704 bytes,      62360 total
- age  10:       4704 bytes,      67064 total
- age  11:       4704 bytes,      71768 total
- age  12:       4704 bytes,      76472 total
- age  13:       4704 bytes,      81176 total
- age  14:       4704 bytes,      85880 total
- age  15:       4704 bytes,      90584 total
: 2264K->88K(2432K), 0.0005299 secs] 5278K->3106K(7936K), 0.0006014 secs] [Times: user=0.00 sys=0.00, real=0.00 secs] 
2017-07-06T17:12:39.408+0900: 11.111: [GC2017-07-06T17:12:39.408+0900: 11.111: [DefNew
Desired survivor size 131072 bytes, new threshold 15 (max 15)
- age   1:      24592 bytes,      24592 total
- age   2:       4840 bytes,      29432 total
- age   3:       4704 bytes,      34136 total
- age   4:       4704 bytes,      38840 total
- age   5:       4704 bytes,      43544 total
- age   6:       4704 bytes,      48248 total
- age   7:       4704 bytes,      52952 total
- age   8:       4704 bytes,      57656 total
- age   9:       4704 bytes,      62360 total
- age  10:       4704 bytes,      67064 total
- age  11:       4704 bytes,      71768 total
- age  12:       4704 bytes,      76472 total
- age  13:       4704 bytes,      81176 total
- age  14:       4704 bytes,      85880 total
- age  15:       4704 bytes,      90584 total
: 2264K->88K(2432K), 0.0005599 secs] 5282K->3111K(7936K), 0.0006840 secs] [Times: user=0.00 sys=0.00, real=0.00 secs] 
2017-07-06T17:12:39.434+0900: 11.137: [GC2017-07-06T17:12:39.434+0900: 11.137: [DefNew
Desired survivor size 131072 bytes, new threshold 15 (max 15)
- age   1:      24592 bytes,      24592 total
- age   2:       4840 bytes,      29432 total
- age   3:       4704 bytes,      34136 total
- age   4:       4704 bytes,      38840 total
- age   5:       4704 bytes,      43544 total
- age   6:       4704 bytes,      48248 total
- age   7:       4704 bytes,      52952 total
- age   8:       4704 bytes,      57656 total
- age   9:       4704 bytes,      62360 total
- age  10:       4704 bytes,      67064 total
- age  11:       4704 bytes,      71768 total
- age  12:       4704 bytes,      76472 total
- age  13:       4704 bytes,      81176 total
- age  14:       4704 bytes,      85880 total
- age  15:       4704 bytes,      90584 total
: 2264K->88K(2432K), 0.0005470 secs] 5287K->3115K(7936K), 0.0006189 secs] [Times: user=0.00 sys=0.00, real=0.00 secs] 
2017-07-06T17:12:39.455+0900: 11.159: [GC2017-07-06T17:12:39.455+0900: 11.159: [DefNew
Desired survivor size 131072 bytes, new threshold 15 (max 15)
- age   1:      24592 bytes,      24592 total
- age   2:       4840 bytes,      29432 total
- age   3:       4704 bytes,      34136 total
- age   4:       4704 bytes,      38840 total
- age   5:       4704 bytes,      43544 total
- age   6:       4704 bytes,      48248 total
- age   7:       4704 bytes,      52952 total
- age   8:       4704 bytes,      57656 total
- age   9:       4704 bytes,      62360 total
- age  10:       4704 bytes,      67064 total
- age  11:       4704 bytes,      71768 total
- age  12:       4704 bytes,      76472 total
- age  13:       4704 bytes,      81176 total
- age  14:       4704 bytes,      85880 total
- age  15:       4704 bytes,      90584 total
: 2264K->88K(2432K), 0.0005505 secs] 5291K->3120K(7936K), 0.0006198 secs] [Times: user=0.00 sys=0.00, real=0.00 secs] 
2017-07-06T17:12:39.478+0900: 11.181: [GC2017-07-06T17:12:39.478+0900: 11.181: [DefNew
Desired survivor size 131072 bytes, new threshold 15 (max 15)
- age   1:      24592 bytes,      24592 total
- age   2:       4840 bytes,      29432 total
- age   3:       4704 bytes,      34136 total
- age   4:       4704 bytes,      38840 total
- age   5:       4704 bytes,      43544 total
- age   6:       4704 bytes,      48248 total
- age   7:       4704 bytes,      52952 total
- age   8:       4704 bytes,      57656 total
- age   9:       4704 bytes,      62360 total
- age  10:       4704 bytes,      67064 total
- age  11:       4704 bytes,      71768 total
- age  12:       4704 bytes,      76472 total
- age  13:       4704 bytes,      81176 total
- age  14:       4704 bytes,      85880 total
- age  15:       4704 bytes,      90584 total
: 2264K->88K(2432K), 0.0005385 secs] 5296K->3125K(7936K), 0.0006095 secs] [Times: user=0.00 sys=0.00, real=0.00 secs] 
2017-07-06T17:12:39.499+0900: 11.203: [GC2017-07-06T17:12:39.499+0900: 11.203: [DefNew
Desired survivor size 131072 bytes, new threshold 15 (max 15)
- age   1:      24592 bytes,      24592 total
- age   2:       4840 bytes,      29432 total
- age   3:       4704 bytes,      34136 total
- age   4:       4704 bytes,      38840 total
- age   5:       4704 bytes,      43544 total
- age   6:       4704 bytes,      48248 total
- age   7:       4704 bytes,      52952 total
- age   8:       4704 bytes,      57656 total
- age   9:       4704 bytes,      62360 total
- age  10:       4704 bytes,      67064 total
- age  11:       4704 bytes,      71768 total
- age  12:       4704 bytes,      76472 total
- age  13:       4704 bytes,      81176 total
- age  14:       4704 bytes,      85880 total
- age  15:       4704 bytes,      90584 total
: 2264K->88K(2432K), 0.0005312 secs] 5301K->3129K(7936K), 0.0005971 secs] [Times: user=0.00 sys=0.00, real=0.00 secs] 
2017-07-06T17:12:39.525+0900: 11.229: [GC2017-07-06T17:12:39.525+0900: 11.229: [DefNew
Desired survivor size 131072 bytes, new threshold 15 (max 15)
- age   1:      24592 bytes,      24592 total
- age   2:       4840 bytes,      29432 total
- age   3:       4704 bytes,      34136 total
- age   4:       4704 bytes,      38840 total
- age   5:       4704 bytes,      43544 total
- age   6:       4704 bytes,      48248 total
- age   7:       4704 bytes,      52952 total
- age   8:       4704 bytes,      57656 total
- age   9:       4704 bytes,      62360 total
- age  10:       4704 bytes,      67064 total
- age  11:       4704 bytes,      71768 total
- age  12:       4704 bytes,      76472 total
- age  13:       4704 bytes,      81176 total
- age  14:       4704 bytes,      85880 total
- age  15:       4704 bytes,      90584 total
: 2264K->88K(2432K), 0.0005637 secs] 5305K->3134K(7936K), 0.0006592 secs] [Times: user=0.00 sys=0.00, real=0.00 secs] 
2017-07-06T17:12:39.549+0900: 11.252: [GC2017-07-06T17:12:39.549+0900: 11.252: [DefNew
Desired survivor size 131072 bytes, new threshold 15 (max 15)
- age   1:      24592 bytes,      24592 total
- age   2:       4840 bytes,      29432 total
- age   3:       4704 bytes,      34136 total
- age   4:       4704 bytes,      38840 total
- age   5:       4704 bytes,      43544 total
- age   6:       4704 bytes,      48248 total
- age   7:       4704 bytes,      52952 total
- age   8:       4704 bytes,      57656 total
- age   9:       4704 bytes,      62360 total
- age  10:       4704 bytes,      67064 total
- age  11:       4704 bytes,      71768 total
- age  12:       4704 bytes,      76472 total
- age  13:       4704 bytes,      81176 total
- age  14:       4704 bytes,      85880 total
- age  15:       4704 bytes,      90584 total
: 2264K->88K(2432K), 0.0005406 secs] 5310K->3138K(7936K), 0.0006091 secs] [Times: user=0.00 sys=0.00, real=0.00 secs] 
2017-07-06T17:12:39.570+0900: 11.274: [GC2017-07-06T17:12:39.571+0900: 11.274: [DefNew
Desired survivor size 131072 bytes, new threshold 15 (max 15)
- age   1:      24592 bytes,      24592 total
- age   2:       4840 bytes,      29432 total
- age   3:       4704 bytes,      34136 total
- age   4:       4704 bytes,      38840 total
- age   5:       4704 bytes,      43544 total
- age   6:       4704 bytes,      48248 total
- age   7:       4704 bytes,      52952 total
- age   8:       4704 bytes,      57656 total
- age   9:       4704 bytes,      62360 total
- age  10:       4704 bytes,      67064 total
- age  11:       4704 bytes,      71768 total
- age  12:       4704 bytes,      76472 total
- age  13:       4704 bytes,      81176 total
- age  14:       4704 bytes,      85880 total
- age  15:       4704 bytes,      90584 total
: 2264K->88K(2432K), 0.0005201 secs] 5314K->3143K(7936K), 0.0005890 secs] [Times: user=0.00 sys=0.00, real=0.00 secs] 
2017-07-06T17:12:39.592+0900: 11.296: [GC2017-07-06T17:12:39.592+0900: 11.296: [DefNew
Desired survivor size 131072 bytes, new threshold 15 (max 15)
- age   1:      24592 bytes,      24592 total
- age   2:       4840 bytes,      29432 total
- age   3:       4704 bytes,      34136 total
- age   4:       4704 bytes,      38840 total
- age   5:       4704 bytes,      43544 total
- age   6:       4704 bytes,      48248 total
- age   7:       4704 bytes,      52952 total
- age   8:       4704 bytes,      57656 total
- age   9:       4704 bytes,      62360 total
- age  10:       4704 bytes,      67064 total
- age  11:       4704 bytes,      71768 total
- age  12:       4704 bytes,      76472 total
- age  13:       4704 bytes,      81176 total
- age  14:       4704 bytes,      85880 total
- age  15:       4704 bytes,      90584 total
: 2264K->88K(2432K), 0.0005248 secs] 5319K->3147K(7936K), 0.0005950 secs] [Times: user=0.00 sys=0.00, real=0.00 secs] 
2017-07-06T17:12:39.614+0900: 11.318: [GC2017-07-06T17:12:39.614+0900: 11.318: [DefNew
Desired survivor size 131072 bytes, new threshold 15 (max 15)
- age   1:      24592 bytes,      24592 total
- age   2:       4840 bytes,      29432 total
- age   3:       4704 bytes,      34136 total
- age   4:       4704 bytes,      38840 total
- age   5:       4704 bytes,      43544 total
- age   6:       4704 bytes,      48248 total
- age   7:       4704 bytes,      52952 total
- age   8:       4704 bytes,      57656 total
- age   9:       4704 bytes,      62360 total
- age  10:       4704 bytes,      67064 total
- age  11:       4704 bytes,      71768 total
- age  12:       4704 bytes,      76472 total
- age  13:       4704 bytes,      81176 total
- age  14:       4704 bytes,      85880 total
- age  15:       4704 bytes,      90584 total
: 2264K->88K(2432K), 0.0005744 secs] 5323K->3152K(7936K), 0.0006523 secs] [Times: user=0.00 sys=0.00, real=0.00 secs] 
2017-07-06T17:12:39.637+0900: 11.340: [GC2017-07-06T17:12:39.637+0900: 11.341: [DefNew
Desired survivor size 131072 bytes, new threshold 15 (max 15)
- age   1:      24592 bytes,      24592 total
- age   2:       4840 bytes,      29432 total
- age   3:       4704 bytes,      34136 total
- age   4:       4704 bytes,      38840 total
- age   5:       4704 bytes,      43544 total
- age   6:       4704 bytes,      48248 total
- age   7:       4704 bytes,      52952 total
- age   8:       4704 bytes,      57656 total
- age   9:       4704 bytes,      62360 total
- age  10:       4704 bytes,      67064 total
- age  11:       4704 bytes,      71768 total
- age  12:       4704 bytes,      76472 total
- age  13:       4704 bytes,      81176 total
- age  14:       4704 bytes,      85880 total
- age  15:       4704 bytes,      90584 total
: 2264K->88K(2432K), 0.0005389 secs] 5328K->3157K(7936K), 0.0006087 secs] [Times: user=0.00 sys=0.00, real=0.00 secs] 
2017-07-06T17:12:39.658+0900: 11.362: [GC2017-07-06T17:12:39.658+0900: 11.362: [DefNew
Desired survivor size 131072 bytes, new threshold 15 (max 15)
- age   1:      24592 bytes,      24592 total
- age   2:       4840 bytes,      29432 total
- age   3:       4704 bytes,      34136 total
- age   4:       4704 bytes,      38840 total
- age   5:       4704 bytes,      43544 total
- age   6:       4704 bytes,      48248 total
- age   7:       4704 bytes,      52952 total
- age   8:       4704 bytes,      57656 total
- age   9:       4704 bytes,      62360 total
- age  10:       4704 bytes,      67064 total
- age  11:       4704 bytes,      71768 total
- age  12:       4704 bytes,      76472 total
- age  13:       4704 bytes,      81176 total
- age  14:       4704 bytes,      85880 total
- age  15:       4704 bytes,      90584 total
: 2264K->88K(2432K), 0.0005222 secs] 5333K->3161K(7936K), 0.0005877 secs] [Times: user=0.00 sys=0.00, real=0.00 secs] 
2017-07-06T17:12:39.680+0900: 11.384: [GC2017-07-06T17:12:39.680+0900: 11.384: [DefNew
Desired survivor size 131072 bytes, new threshold 15 (max 15)
- age   1:      24592 bytes,      24592 total
- age   2:       4840 bytes,      29432 total
- age   3:       4704 bytes,      34136 total
- age   4:       4704 bytes,      38840 total
- age   5:       4704 bytes,      43544 total
- age   6:       4704 bytes,      48248 total
- age   7:       4704 bytes,      52952 total
- age   8:       4704 bytes,      57656 total
- age   9:       4704 bytes,      62360 total
- age  10:       4704 bytes,      67064 total
- age  11:       4704 bytes,      71768 total
- age  12:       4704 bytes,      76472 total
- age  13:       4704 bytes,      81176 total
- age  14:       4704 bytes,      85880 total
- age  15:       4704 bytes,      90584 total
: 2264K->88K(2432K), 0.0005059 secs] 5337K->3166K(7936K), 0.0005723 secs] [Times: user=0.00 sys=0.00, real=0.00 secs] 
2017-07-06T17:12:39.701+0900: 11.405: [GC2017-07-06T17:12:39.701+0900: 11.405: [DefNew
Desired survivor size 131072 bytes, new threshold 15 (max 15)
- age   1:      24592 bytes,      24592 total
- age   2:       4840 bytes,      29432 total
- age   3:       4704 bytes,      34136 total
- age   4:       4704 bytes,      38840 total
- age   5:       4704 bytes,      43544 total
- age   6:       4704 bytes,      48248 total
- age   7:       4704 bytes,      52952 total
- age   8:       4704 bytes,      57656 total
- age   9:       4704 bytes,      62360 total
- age  10:       4704 bytes,      67064 total
- age  11:       4704 bytes,      71768 total
- age  12:       4704 bytes,      76472 total
- age  13:       4704 bytes,      81176 total
- age  14:       4704 bytes,      85880 total
- age  15:       4704 bytes,      90584 total
: 2264K->88K(2432K), 0.0005025 secs] 5342K->3170K(7936K), 0.0005624 secs] [Times: user=0.00 sys=0.00, real=0.00 secs] 
2017-07-06T17:12:39.724+0900: 11.428: [GC2017-07-06T17:12:39.724+0900: 11.428: [DefNew
Desired survivor size 131072 bytes, new threshold 15 (max 15)
- age   1:      24592 bytes,      24592 total
- age   2:       4840 bytes,      29432 total
- age   3:       4704 bytes,      34136 total
- age   4:       4704 bytes,      38840 total
- age   5:       4704 bytes,      43544 total
- age   6:       4704 bytes,      48248 total
- age   7:       4704 bytes,      52952 total
- age   8:       4704 bytes,      57656 total
- age   9:       4704 bytes,      62360 total
- age  10:       4704 bytes,      67064 total
- age  11:       4704 bytes,      71768 total
- age  12:       4704 bytes,      76472 total
- age  13:       4704 bytes,      81176 total
- age  14:       4704 bytes,      85880 total
- age  15:       4704 bytes,      90584 total
: 2264K->88K(2432K), 0.0005449 secs] 5346K->3175K(7936K), 0.0006168 secs] [Times: user=0.00 sys=0.00, real=0.00 secs] 
2017-07-06T17:12:39.749+0900: 11.452: [GC2017-07-06T17:12:39.749+0900: 11.452: [DefNew
Desired survivor size 131072 bytes, new threshold 15 (max 15)
- age   1:      24592 bytes,      24592 total
- age   2:       4840 bytes,      29432 total
- age   3:       4704 bytes,      34136 total
- age   4:       4704 bytes,      38840 total
- age   5:       4704 bytes,      43544 total
- age   6:       4704 bytes,      48248 total
- age   7:       4704 bytes,      52952 total
- age   8:       4704 bytes,      57656 total
- age   9:       4704 bytes,      62360 total
- age  10:       4704 bytes,      67064 total
- age  11:       4704 bytes,      71768 total
- age  12:       4704 bytes,      76472 total
- age  13:       4704 bytes,      81176 total
- age  14:       4704 bytes,      85880 total
- age  15:       4704 bytes,      90584 total
: 2264K->88K(2432K), 0.0005406 secs] 5351K->3180K(7936K), 0.0006108 secs] [Times: user=0.00 sys=0.00, real=0.00 secs] 
2017-07-06T17:12:39.771+0900: 11.474: [GC2017-07-06T17:12:39.771+0900: 11.474: [DefNew
Desired survivor size 131072 bytes, new threshold 15 (max 15)
- age   1:      24592 bytes,      24592 total
- age   2:       4840 bytes,      29432 total
- age   3:       4704 bytes,      34136 total
- age   4:       4704 bytes,      38840 total
- age   5:       4704 bytes,      43544 total
- age   6:       4704 bytes,      48248 total
- age   7:       4704 bytes,      52952 total
- age   8:       4704 bytes,      57656 total
- age   9:       4704 bytes,      62360 total
- age  10:       4704 bytes,      67064 total
- age  11:       4704 bytes,      71768 total
- age  12:       4704 bytes,      76472 total
- age  13:       4704 bytes,      81176 total
- age  14:       4704 bytes,      85880 total
- age  15:       4704 bytes,      90584 total
: 2264K->88K(2432K), 0.0005269 secs] 5356K->3184K(7936K), 0.0005997 secs] [Times: user=0.00 sys=0.00, real=0.00 secs] 
2017-07-06T17:12:39.792+0900: 11.496: [GC2017-07-06T17:12:39.792+0900: 11.496: [DefNew
Desired survivor size 131072 bytes, new threshold 15 (max 15)
- age   1:      24592 bytes,      24592 total
- age   2:       4840 bytes,      29432 total
- age   3:       4704 bytes,      34136 total
- age   4:       4704 bytes,      38840 total
- age   5:       4704 bytes,      43544 total
- age   6:       4704 bytes,      48248 total
- age   7:       4704 bytes,      52952 total
- age   8:       4704 bytes,      57656 total
- age   9:       4704 bytes,      62360 total
- age  10:       4704 bytes,      67064 total
- age  11:       4704 bytes,      71768 total
- age  12:       4704 bytes,      76472 total
- age  13:       4704 bytes,      81176 total
- age  14:       4704 bytes,      85880 total
- age  15:       4704 bytes,      90584 total
: 2264K->88K(2432K), 0.0005132 secs] 5360K->3189K(7936K), 0.0005753 secs] [Times: user=0.00 sys=0.00, real=0.00 secs] 
2017-07-06T17:12:39.814+0900: 11.517: [GC2017-07-06T17:12:39.814+0900: 11.517: [DefNew
Desired survivor size 131072 bytes, new threshold 15 (max 15)
- age   1:      24592 bytes,      24592 total
- age   2:       4840 bytes,      29432 total
- age   3:       4704 bytes,      34136 total
- age   4:       4704 bytes,      38840 total
- age   5:       4704 bytes,      43544 total
- age   6:       4704 bytes,      48248 total
- age   7:       4704 bytes,      52952 total
- age   8:       4704 bytes,      57656 total
- age   9:       4704 bytes,      62360 total
- age  10:       4704 bytes,      67064 total
- age  11:       4704 bytes,      71768 total
- age  12:       4704 bytes,      76472 total
- age  13:       4704 bytes,      81176 total
- age  14:       4704 bytes,      85880 total
- age  15:       4704 bytes,      90584 total
: 2264K->88K(2432K), 0.0005047 secs] 5365K->3193K(7936K), 0.0005663 secs] [Times: user=0.00 sys=0.00, real=0.00 secs] 
2017-07-06T17:12:39.835+0900: 11.539: [GC2017-07-06T17:12:39.835+0900: 11.539: [DefNew
Desired survivor size 131072 bytes, new threshold 15 (max 15)
- age   1:      24592 bytes,      24592 total
- age   2:       4840 bytes,      29432 total
- age   3:       4704 bytes,      34136 total
- age   4:       4704 bytes,      38840 total
- age   5:       4704 bytes,      43544 total
- age   6:       4704 bytes,      48248 total
- age   7:       4704 bytes,      52952 total
- age   8:       4704 bytes,      57656 total
- age   9:       4704 bytes,      62360 total
- age  10:       4704 bytes,      67064 total
- age  11:       4704 bytes,      71768 total
- age  12:       4704 bytes,      76472 total
- age  13:       4704 bytes,      81176 total
- age  14:       4704 bytes,      85880 total
- age  15:       4704 bytes,      90584 total
: 2264K->88K(2432K), 0.0005072 secs] 5369K->3198K(7936K), 0.0005689 secs] [Times: user=0.00 sys=0.00, real=0.00 secs] 
2017-07-06T17:12:39.859+0900: 11.562: [GC2017-07-06T17:12:39.859+0900: 11.562: [DefNew
Desired survivor size 131072 bytes, new threshold 15 (max 15)
- age   1:      24592 bytes,      24592 total
- age   2:       4840 bytes,      29432 total
- age   3:       4704 bytes,      34136 total
- age   4:       4704 bytes,      38840 total
- age   5:       4704 bytes,      43544 total
- age   6:       4704 bytes,      48248 total
- age   7:       4704 bytes,      52952 total
- age   8:       4704 bytes,      57656 total
- age   9:       4704 bytes,      62360 total
- age  10:       4704 bytes,      67064 total
- age  11:       4704 bytes,      71768 total
- age  12:       4704 bytes,      76472 total
- age  13:       4704 bytes,      81176 total
- age  14:       4704 bytes,      85880 total
- age  15:       4704 bytes,      90584 total
: 2264K->88K(2432K), 0.0005599 secs] 5374K->3203K(7936K), 0.0006493 secs] [Times: user=0.00 sys=0.00, real=0.00 secs] 
2017-07-06T17:12:39.880+0900: 11.584: [GC2017-07-06T17:12:39.880+0900: 11.584: [DefNew
Desired survivor size 131072 bytes, new threshold 15 (max 15)
- age   1:      24592 bytes,      24592 total
- age   2:       4840 bytes,      29432 total
- age   3:       4704 bytes,      34136 total
- age   4:       4704 bytes,      38840 total
- age   5:       4704 bytes,      43544 total
- age   6:       4704 bytes,      48248 total
- age   7:       4704 bytes,      52952 total
- age   8:       4704 bytes,      57656 total
- age   9:       4704 bytes,      62360 total
- age  10:       4704 bytes,      67064 total
- age  11:       4704 bytes,      71768 total
- age  12:       4704 bytes,      76472 total
- age  13:       4704 bytes,      81176 total
- age  14:       4704 bytes,      85880 total
- age  15:       4704 bytes,      90584 total
: 2264K->88K(2432K), 0.0005351 secs] 5379K->3207K(7936K), 0.0006005 secs] [Times: user=0.00 sys=0.00, real=0.00 secs] 
2017-07-06T17:12:39.902+0900: 11.606: [GC2017-07-06T17:12:39.902+0900: 11.606: [DefNew
Desired survivor size 131072 bytes, new threshold 15 (max 15)
- age   1:      24592 bytes,      24592 total
- age   2:       4840 bytes,      29432 total
- age   3:       4704 bytes,      34136 total
- age   4:       4704 bytes,      38840 total
- age   5:       4704 bytes,      43544 total
- age   6:       4704 bytes,      48248 total
- age   7:       4704 bytes,      52952 total
- age   8:       4704 bytes,      57656 total
- age   9:       4704 bytes,      62360 total
- age  10:       4704 bytes,      67064 total
- age  11:       4704 bytes,      71768 total
- age  12:       4704 bytes,      76472 total
- age  13:       4704 bytes,      81176 total
- age  14:       4704 bytes,      85880 total
- age  15:       4704 bytes,      90584 total
: 2264K->88K(2432K), 0.0005214 secs] 5383K->3212K(7936K), 0.0005868 secs] [Times: user=0.00 sys=0.00, real=0.00 secs] 
2017-07-06T17:12:39.924+0900: 11.627: [GC2017-07-06T17:12:39.924+0900: 11.627: [DefNew
Desired survivor size 131072 bytes, new threshold 15 (max 15)
- age   1:      24592 bytes,      24592 total
- age   2:       4840 bytes,      29432 total
- age   3:       4704 bytes,      34136 total
- age   4:       4704 bytes,      38840 total
- age   5:       4704 bytes,      43544 total
- age   6:       4704 bytes,      48248 total
- age   7:       4704 bytes,      52952 total
- age   8:       4704 bytes,      57656 total
- age   9:       4704 bytes,      62360 total
- age  10:       4704 bytes,      67064 total
- age  11:       4704 bytes,      71768 total
- age  12:       4704 bytes,      76472 total
- age  13:       4704 bytes,      81176 total
- age  14:       4704 bytes,      85880 total
- age  15:       4704 bytes,      90584 total
: 2264K->88K(2432K), 0.0005128 secs] 5388K->3216K(7936K), 0.0005749 secs] [Times: user=0.00 sys=0.00, real=0.00 secs] 
2017-07-06T17:12:39.945+0900: 11.649: [GC2017-07-06T17:12:39.945+0900: 11.649: [DefNew
Desired survivor size 131072 bytes, new threshold 15 (max 15)
- age   1:      24592 bytes,      24592 total
- age   2:       4840 bytes,      29432 total
- age   3:       4704 bytes,      34136 total
- age   4:       4704 bytes,      38840 total
- age   5:       4704 bytes,      43544 total
- age   6:       4704 bytes,      48248 total
- age   7:       4704 bytes,      52952 total
- age   8:       4704 bytes,      57656 total
- age   9:       4704 bytes,      62360 total
- age  10:       4704 bytes,      67064 total
- age  11:       4704 bytes,      71768 total
- age  12:       4704 bytes,      76472 total
- age  13:       4704 bytes,      81176 total
- age  14:       4704 bytes,      85880 total
- age  15:       4704 bytes,      90584 total
: 2264K->88K(2432K), 0.0005077 secs] 5392K->3221K(7936K), 0.0005689 secs] [Times: user=0.00 sys=0.00, real=0.00 secs] 
2017-07-06T17:12:39.967+0900: 11.671: [GC2017-07-06T17:12:39.967+0900: 11.671: [DefNew
Desired survivor size 131072 bytes, new threshold 15 (max 15)
- age   1:      24592 bytes,      24592 total
- age   2:       4840 bytes,      29432 total
- age   3:       4704 bytes,      34136 total
- age   4:       4704 bytes,      38840 total
- age   5:       4704 bytes,      43544 total
- age   6:       4704 bytes,      48248 total
- age   7:       4704 bytes,      52952 total
- age   8:       4704 bytes,      57656 total
- age   9:       4704 bytes,      62360 total
- age  10:       4704 bytes,      67064 total
- age  11:       4704 bytes,      71768 total
- age  12:       4704 bytes,      76472 total
- age  13:       4704 bytes,      81176 total
- age  14:       4704 bytes,      85880 total
- age  15:       4704 bytes,      90584 total
: 2264K->88K(2432K), 0.0005667 secs] 5397K->3226K(7936K), 0.0006408 secs] [Times: user=0.00 sys=0.00, real=0.00 secs] 
2017-07-06T17:12:39.991+0900: 11.694: [GC2017-07-06T17:12:39.991+0900: 11.694: [DefNew
Desired survivor size 131072 bytes, new threshold 15 (max 15)
- age   1:      24592 bytes,      24592 total
- age   2:       4840 bytes,      29432 total
- age   3:       4704 bytes,      34136 total
- age   4:       4704 bytes,      38840 total
- age   5:       4704 bytes,      43544 total
- age   6:       4704 bytes,      48248 total
- age   7:       4704 bytes,      52952 total
- age   8:       4704 bytes,      57656 total
- age   9:       4704 bytes,      62360 total
- age  10:       4704 bytes,      67064 total
- age  11:       4704 bytes,      71768 total
- age  12:       4704 bytes,      76472 total
- age  13:       4704 bytes,      81176 total
- age  14:       4704 bytes,      85880 total
- age  15:       4704 bytes,      90584 total
: 2264K->88K(2432K), 0.0005406 secs] 5402K->3230K(7936K), 0.0006104 secs] [Times: user=0.00 sys=0.00, real=0.00 secs] 
2017-07-06T17:12:40.012+0900: 11.716: [GC2017-07-06T17:12:40.013+0900: 11.716: [DefNew
Desired survivor size 131072 bytes, new threshold 15 (max 15)
- age   1:      24592 bytes,      24592 total
- age   2:       4840 bytes,      29432 total
- age   3:       4704 bytes,      34136 total
- age   4:       4704 bytes,      38840 total
- age   5:       4704 bytes,      43544 total
- age   6:       4704 bytes,      48248 total
- age   7:       4704 bytes,      52952 total
- age   8:       4704 bytes,      57656 total
- age   9:       4704 bytes,      62360 total
- age  10:       4704 bytes,      67064 total
- age  11:       4704 bytes,      71768 total
- age  12:       4704 bytes,      76472 total
- age  13:       4704 bytes,      81176 total
- age  14:       4704 bytes,      85880 total
- age  15:       4704 bytes,      90584 total
: 2264K->88K(2432K), 0.0005166 secs] 5406K->3235K(7936K), 0.0005847 secs] [Times: user=0.02 sys=0.00, real=0.00 secs] 
2017-07-06T17:12:40.034+0900: 11.738: [GC2017-07-06T17:12:40.034+0900: 11.738: [DefNew
Desired survivor size 131072 bytes, new threshold 15 (max 15)
- age   1:      24592 bytes,      24592 total
- age   2:       4840 bytes,      29432 total
- age   3:       4704 bytes,      34136 total
- age   4:       4704 bytes,      38840 total
- age   5:       4704 bytes,      43544 total
- age   6:       4704 bytes,      48248 total
- age   7:       4704 bytes,      52952 total
- age   8:       4704 bytes,      57656 total
- age   9:       4704 bytes,      62360 total
- age  10:       4704 bytes,      67064 total
- age  11:       4704 bytes,      71768 total
- age  12:       4704 bytes,      76472 total
- age  13:       4704 bytes,      81176 total
- age  14:       4704 bytes,      85880 total
- age  15:       4704 bytes,      90584 total
: 2264K->88K(2432K), 0.0005055 secs] 5411K->3239K(7936K), 0.0005697 secs] [Times: user=0.00 sys=0.00, real=0.00 secs] 
2017-07-06T17:12:40.056+0900: 11.759: [GC2017-07-06T17:12:40.056+0900: 11.759: [DefNew
Desired survivor size 131072 bytes, new threshold 15 (max 15)
- age   1:      24592 bytes,      24592 total
- age   2:       4840 bytes,      29432 total
- age   3:       4704 bytes,      34136 total
- age   4:       4704 bytes,      38840 total
- age   5:       4704 bytes,      43544 total
- age   6:       4704 bytes,      48248 total
- age   7:       4704 bytes,      52952 total
- age   8:       4704 bytes,      57656 total
- age   9:       4704 bytes,      62360 total
- age  10:       4704 bytes,      67064 total
- age  11:       4704 bytes,      71768 total
- age  12:       4704 bytes,      76472 total
- age  13:       4704 bytes,      81176 total
- age  14:       4704 bytes,      85880 total
- age  15:       4704 bytes,      90584 total
: 2264K->88K(2432K), 0.0005342 secs] 5415K->3244K(7936K), 0.0006040 secs] [Times: user=0.00 sys=0.00, real=0.00 secs] 
2017-07-06T17:12:40.077+0900: 11.781: [GC2017-07-06T17:12:40.077+0900: 11.781: [DefNew
Desired survivor size 131072 bytes, new threshold 15 (max 15)
- age   1:      24592 bytes,      24592 total
- age   2:       4840 bytes,      29432 total
- age   3:       4704 bytes,      34136 total
- age   4:       4704 bytes,      38840 total
- age   5:       4704 bytes,      43544 total
- age   6:       4704 bytes,      48248 total
- age   7:       4704 bytes,      52952 total
- age   8:       4704 bytes,      57656 total
- age   9:       4704 bytes,      62360 total
- age  10:       4704 bytes,      67064 total
- age  11:       4704 bytes,      71768 total
- age  12:       4704 bytes,      76472 total
- age  13:       4704 bytes,      81176 total
- age  14:       4704 bytes,      85880 total
- age  15:       4704 bytes,      90584 total
: 2264K->88K(2432K), 0.0005077 secs] 5420K->3249K(7936K), 0.0005693 secs] [Times: user=0.00 sys=0.00, real=0.00 secs] 
2017-07-06T17:12:40.103+0900: 11.807: [GC2017-07-06T17:12:40.103+0900: 11.807: [DefNew
Desired survivor size 131072 bytes, new threshold 15 (max 15)
- age   1:      24592 bytes,      24592 total
- age   2:       4840 bytes,      29432 total
- age   3:       4704 bytes,      34136 total
- age   4:       4704 bytes,      38840 total
- age   5:       4704 bytes,      43544 total
- age   6:       4704 bytes,      48248 total
- age   7:       4704 bytes,      52952 total
- age   8:       4704 bytes,      57656 total
- age   9:       4704 bytes,      62360 total
- age  10:       4704 bytes,      67064 total
- age  11:       4704 bytes,      71768 total
- age  12:       4704 bytes,      76472 total
- age  13:       4704 bytes,      81176 total
- age  14:       4704 bytes,      85880 total
- age  15:       4704 bytes,      90584 total
: 2264K->88K(2432K), 0.0005445 secs] 5425K->3253K(7936K), 0.0006151 secs] [Times: user=0.00 sys=0.00, real=0.00 secs] 
2017-07-06T17:12:40.125+0900: 11.829: [GC2017-07-06T17:12:40.125+0900: 11.829: [DefNew
Desired survivor size 131072 bytes, new threshold 15 (max 15)
- age   1:      24592 bytes,      24592 total
- age   2:       4840 bytes,      29432 total
- age   3:       4704 bytes,      34136 total
- age   4:       4704 bytes,      38840 total
- age   5:       4704 bytes,      43544 total
- age   6:       4704 bytes,      48248 total
- age   7:       4704 bytes,      52952 total
- age   8:       4704 bytes,      57656 total
- age   9:       4704 bytes,      62360 total
- age  10:       4704 bytes,      67064 total
- age  11:       4704 bytes,      71768 total
- age  12:       4704 bytes,      76472 total
- age  13:       4704 bytes,      81176 total
- age  14:       4704 bytes,      85880 total
- age  15:       4704 bytes,      90584 total
: 2264K->88K(2432K), 0.0005329 secs] 5429K->3258K(7936K), 0.0006014 secs] [Times: user=0.00 sys=0.00, real=0.00 secs] 
2017-07-06T17:12:40.147+0900: 11.851: [GC2017-07-06T17:12:40.147+0900: 11.851: [DefNew
Desired survivor size 131072 bytes, new threshold 15 (max 15)
- age   1:      24592 bytes,      24592 total
- age   2:       4840 bytes,      29432 total
- age   3:       4704 bytes,      34136 total
- age   4:       4704 bytes,      38840 total
- age   5:       4704 bytes,      43544 total
- age   6:       4704 bytes,      48248 total
- age   7:       4704 bytes,      52952 total
- age   8:       4704 bytes,      57656 total
- age   9:       4704 bytes,      62360 total
- age  10:       4704 bytes,      67064 total
- age  11:       4704 bytes,      71768 total
- age  12:       4704 bytes,      76472 total
- age  13:       4704 bytes,      81176 total
- age  14:       4704 bytes,      85880 total
- age  15:       4704 bytes,      90584 total
: 2264K->88K(2432K), 0.0005145 secs] 5434K->3262K(7936K), 0.0005838 secs] [Times: user=0.00 sys=0.00, real=0.00 secs] 
2017-07-06T17:12:40.168+0900: 11.872: [GC2017-07-06T17:12:40.168+0900: 11.872: [DefNew
Desired survivor size 131072 bytes, new threshold 15 (max 15)
- age   1:      24592 bytes,      24592 total
- age   2:       4840 bytes,      29432 total
- age   3:       4704 bytes,      34136 total
- age   4:       4704 bytes,      38840 total
- age   5:       4704 bytes,      43544 total
- age   6:       4704 bytes,      48248 total
- age   7:       4704 bytes,      52952 total
- age   8:       4704 bytes,      57656 total
- age   9:       4704 bytes,      62360 total
- age  10:       4704 bytes,      67064 total
- age  11:       4704 bytes,      71768 total
- age  12:       4704 bytes,      76472 total
- age  13:       4704 bytes,      81176 total
- age  14:       4704 bytes,      85880 total
- age  15:       4704 bytes,      90584 total
: 2264K->88K(2432K), 0.0005072 secs] 5438K->3267K(7936K), 0.0005684 secs] [Times: user=0.02 sys=0.00, real=0.00 secs] 
2017-07-06T17:12:40.190+0900: 11.894: [GC2017-07-06T17:12:40.190+0900: 11.894: [DefNew
Desired survivor size 131072 bytes, new threshold 15 (max 15)
- age   1:      24592 bytes,      24592 total
- age   2:       4840 bytes,      29432 total
- age   3:       4704 bytes,      34136 total
- age   4:       4704 bytes,      38840 total
- age   5:       4704 bytes,      43544 total
- age   6:       4704 bytes,      48248 total
- age   7:       4704 bytes,      52952 total
- age   8:       4704 bytes,      57656 total
- age   9:       4704 bytes,      62360 total
- age  10:       4704 bytes,      67064 total
- age  11:       4704 bytes,      71768 total
- age  12:       4704 bytes,      76472 total
- age  13:       4704 bytes,      81176 total
- age  14:       4704 bytes,      85880 total
- age  15:       4704 bytes,      90584 total
: 2264K->88K(2432K), 0.0005166 secs] 5443K->3272K(7936K), 0.0005817 secs] [Times: user=0.00 sys=0.00, real=0.00 secs] 
2017-07-06T17:12:40.213+0900: 11.916: [GC2017-07-06T17:12:40.213+0900: 11.916: [DefNew
Desired survivor size 131072 bytes, new threshold 15 (max 15)
- age   1:      24592 bytes,      24592 total
- age   2:       4840 bytes,      29432 total
- age   3:       4704 bytes,      34136 total
- age   4:       4704 bytes,      38840 total
- age   5:       4704 bytes,      43544 total
- age   6:       4704 bytes,      48248 total
- age   7:       4704 bytes,      52952 total
- age   8:       4704 bytes,      57656 total
- age   9:       4704 bytes,      62360 total
- age  10:       4704 bytes,      67064 total
- age  11:       4704 bytes,      71768 total
- age  12:       4704 bytes,      76472 total
- age  13:       4704 bytes,      81176 total
- age  14:       4704 bytes,      85880 total
- age  15:       4704 bytes,      90584 total
: 2264K->88K(2432K), 0.0005612 secs] 5448K->3276K(7936K), 0.0006374 secs] [Times: user=0.00 sys=0.00, real=0.00 secs] 
2017-07-06T17:12:40.237+0900: 11.941: [GC2017-07-06T17:12:40.237+0900: 11.941: [DefNew
Desired survivor size 131072 bytes, new threshold 15 (max 15)
- age   1:      24592 bytes,      24592 total
- age   2:       4840 bytes,      29432 total
- age   3:       4704 bytes,      34136 total
- age   4:       4704 bytes,      38840 total
- age   5:       4704 bytes,      43544 total
- age   6:       4704 bytes,      48248 total
- age   7:       4704 bytes,      52952 total
- age   8:       4704 bytes,      57656 total
- age   9:       4704 bytes,      62360 total
- age  10:       4704 bytes,      67064 total
- age  11:       4704 bytes,      71768 total
- age  12:       4704 bytes,      76472 total
- age  13:       4704 bytes,      81176 total
- age  14:       4704 bytes,      85880 total
- age  15:       4704 bytes,      90584 total
: 2264K->88K(2432K), 0.0005449 secs] 5452K->3281K(7936K), 0.0006207 secs] [Times: user=0.00 sys=0.00, real=0.00 secs] 
2017-07-06T17:12:40.259+0900: 11.963: [GC2017-07-06T17:12:40.259+0900: 11.963: [DefNew
Desired survivor size 131072 bytes, new threshold 15 (max 15)
- age   1:      24592 bytes,      24592 total
- age   2:       4840 bytes,      29432 total
- age   3:       4704 bytes,      34136 total
- age   4:       4704 bytes,      38840 total
- age   5:       4704 bytes,      43544 total
- age   6:       4704 bytes,      48248 total
- age   7:       4704 bytes,      52952 total
- age   8:       4704 bytes,      57656 total
- age   9:       4704 bytes,      62360 total
- age  10:       4704 bytes,      67064 total
- age  11:       4704 bytes,      71768 total
- age  12:       4704 bytes,      76472 total
- age  13:       4704 bytes,      81176 total
- age  14:       4704 bytes,      85880 total
- age  15:       4704 bytes,      90584 total
: 2264K->88K(2432K), 0.0005209 secs] 5457K->3285K(7936K), 0.0005868 secs] [Times: user=0.00 sys=0.00, real=0.00 secs] 
2017-07-06T17:12:40.280+0900: 11.984: [GC2017-07-06T17:12:40.280+0900: 11.984: [DefNew
Desired survivor size 131072 bytes, new threshold 15 (max 15)
- age   1:      24592 bytes,      24592 total
- age   2:       4840 bytes,      29432 total
- age   3:       4704 bytes,      34136 total
- age   4:       4704 bytes,      38840 total
- age   5:       4704 bytes,      43544 total
- age   6:       4704 bytes,      48248 total
- age   7:       4704 bytes,      52952 total
- age   8:       4704 bytes,      57656 total
- age   9:       4704 bytes,      62360 total
- age  10:       4704 bytes,      67064 total
- age  11:       4704 bytes,      71768 total
- age  12:       4704 bytes,      76472 total
- age  13:       4704 bytes,      81176 total
- age  14:       4704 bytes,      85880 total
- age  15:       4704 bytes,      90584 total
: 2264K->88K(2432K), 0.0005128 secs] 5461K->3290K(7936K), 0.0005749 secs] [Times: user=0.00 sys=0.00, real=0.00 secs] 
2017-07-06T17:12:40.302+0900: 12.006: [GC2017-07-06T17:12:40.302+0900: 12.006: [DefNew
Desired survivor size 131072 bytes, new threshold 15 (max 15)
- age   1:      24592 bytes,      24592 total
- age   2:       4840 bytes,      29432 total
- age   3:       4704 bytes,      34136 total
- age   4:       4704 bytes,      38840 total
- age   5:       4704 bytes,      43544 total
- age   6:       4704 bytes,      48248 total
- age   7:       4704 bytes,      52952 total
- age   8:       4704 bytes,      57656 total
- age   9:       4704 bytes,      62360 total
- age  10:       4704 bytes,      67064 total
- age  11:       4704 bytes,      71768 total
- age  12:       4704 bytes,      76472 total
- age  13:       4704 bytes,      81176 total
- age  14:       4704 bytes,      85880 total
- age  15:       4704 bytes,      90584 total
: 2264K->88K(2432K), 0.0005338 secs] 5466K->3294K(7936K), 0.0006010 secs] [Times: user=0.00 sys=0.00, real=0.00 secs] 
2017-07-06T17:12:40.324+0900: 12.028: [GC2017-07-06T17:12:40.324+0900: 12.028: [DefNew
Desired survivor size 131072 bytes, new threshold 15 (max 15)
- age   1:      24592 bytes,      24592 total
- age   2:       4840 bytes,      29432 total
- age   3:       4704 bytes,      34136 total
- age   4:       4704 bytes,      38840 total
- age   5:       4704 bytes,      43544 total
- age   6:       4704 bytes,      48248 total
- age   7:       4704 bytes,      52952 total
- age   8:       4704 bytes,      57656 total
- age   9:       4704 bytes,      62360 total
- age  10:       4704 bytes,      67064 total
- age  11:       4704 bytes,      71768 total
- age  12:       4704 bytes,      76472 total
- age  13:       4704 bytes,      81176 total
- age  14:       4704 bytes,      85880 total
- age  15:       4704 bytes,      90584 total
: 2264K->88K(2432K), 0.0005351 secs] 5470K->3299K(7936K), 0.0006125 secs] [Times: user=0.02 sys=0.00, real=0.00 secs] 
2017-07-06T17:12:40.351+0900: 12.055: [GC2017-07-06T17:12:40.352+0900: 12.055: [DefNew
Desired survivor size 131072 bytes, new threshold 15 (max 15)
- age   1:      24592 bytes,      24592 total
- age   2:       4840 bytes,      29432 total
- age   3:       4704 bytes,      34136 total
- age   4:       4704 bytes,      38840 total
- age   5:       4704 bytes,      43544 total
- age   6:       4704 bytes,      48248 total
- age   7:       4704 bytes,      52952 total
- age   8:       4704 bytes,      57656 total
- age   9:       4704 bytes,      62360 total
- age  10:       4704 bytes,      67064 total
- age  11:       4704 bytes,      71768 total
- age  12:       4704 bytes,      76472 total
- age  13:       4704 bytes,      81176 total
- age  14:       4704 bytes,      85880 total
- age  15:       4704 bytes,      90584 total
: 2264K->88K(2432K), 0.0005487 secs] 5475K->3304K(7936K), 0.0006211 secs] [Times: user=0.00 sys=0.00, real=0.00 secs] 
2017-07-06T17:12:40.374+0900: 12.077: [GC2017-07-06T17:12:40.374+0900: 12.077: [DefNew
Desired survivor size 131072 bytes, new threshold 15 (max 15)
- age   1:      24592 bytes,      24592 total
- age   2:       4840 bytes,      29432 total
- age   3:       4704 bytes,      34136 total
- age   4:       4704 bytes,      38840 total
- age   5:       4704 bytes,      43544 total
- age   6:       4704 bytes,      48248 total
- age   7:       4704 bytes,      52952 total
- age   8:       4704 bytes,      57656 total
- age   9:       4704 bytes,      62360 total
- age  10:       4704 bytes,      67064 total
- age  11:       4704 bytes,      71768 total
- age  12:       4704 bytes,      76472 total
- age  13:       4704 bytes,      81176 total
- age  14:       4704 bytes,      85880 total
- age  15:       4704 bytes,      90584 total
: 2264K->88K(2432K), 0.0005299 secs] 5480K->3308K(7936K), 0.0005984 secs] [Times: user=0.00 sys=0.00, real=0.00 secs] 
2017-07-06T17:12:40.395+0900: 12.099: [GC2017-07-06T17:12:40.395+0900: 12.099: [DefNew
Desired survivor size 131072 bytes, new threshold 15 (max 15)
- age   1:      24592 bytes,      24592 total
- age   2:       4840 bytes,      29432 total
- age   3:       4704 bytes,      34136 total
- age   4:       4704 bytes,      38840 total
- age   5:       4704 bytes,      43544 total
- age   6:       4704 bytes,      48248 total
- age   7:       4704 bytes,      52952 total
- age   8:       4704 bytes,      57656 total
- age   9:       4704 bytes,      62360 total
- age  10:       4704 bytes,      67064 total
- age  11:       4704 bytes,      71768 total
- age  12:       4704 bytes,      76472 total
- age  13:       4704 bytes,      81176 total
- age  14:       4704 bytes,      85880 total
- age  15:       4704 bytes,      90584 total
: 2264K->88K(2432K), 0.0005145 secs] 5484K->3313K(7936K), 0.0005774 secs] [Times: user=0.00 sys=0.00, real=0.00 secs] 
2017-07-06T17:12:40.417+0900: 12.120: [GC2017-07-06T17:12:40.417+0900: 12.120: [DefNew
Desired survivor size 131072 bytes, new threshold 15 (max 15)
- age   1:      24592 bytes,      24592 total
- age   2:       4840 bytes,      29432 total
- age   3:       4704 bytes,      34136 total
- age   4:       4704 bytes,      38840 total
- age   5:       4704 bytes,      43544 total
- age   6:       4704 bytes,      48248 total
- age   7:       4704 bytes,      52952 total
- age   8:       4704 bytes,      57656 total
- age   9:       4704 bytes,      62360 total
- age  10:       4704 bytes,      67064 total
- age  11:       4704 bytes,      71768 total
- age  12:       4704 bytes,      76472 total
- age  13:       4704 bytes,      81176 total
- age  14:       4704 bytes,      85880 total
- age  15:       4704 bytes,      90584 total
: 2264K->88K(2432K), 0.0005042 secs] 5489K->3317K(7936K), 0.0005710 secs] [Times: user=0.00 sys=0.00, real=0.00 secs] 
2017-07-06T17:12:40.438+0900: 12.142: [GC2017-07-06T17:12:40.438+0900: 12.142: [DefNew
Desired survivor size 131072 bytes, new threshold 15 (max 15)
- age   1:      24592 bytes,      24592 total
- age   2:       4840 bytes,      29432 total
- age   3:       4704 bytes,      34136 total
- age   4:       4704 bytes,      38840 total
- age   5:       4704 bytes,      43544 total
- age   6:       4704 bytes,      48248 total
- age   7:       4704 bytes,      52952 total
- age   8:       4704 bytes,      57656 total
- age   9:       4704 bytes,      62360 total
- age  10:       4704 bytes,      67064 total
- age  11:       4704 bytes,      71768 total
- age  12:       4704 bytes,      76472 total
- age  13:       4704 bytes,      81176 total
- age  14:       4704 bytes,      85880 total
- age  15:       4704 bytes,      90584 total
: 2264K->88K(2432K), 0.0005124 secs] 5493K->3322K(7936K), 0.0005753 secs] [Times: user=0.00 sys=0.00, real=0.00 secs] 
2017-07-06T17:12:40.465+0900: 12.168: [GC2017-07-06T17:12:40.465+0900: 12.168: [DefNew
Desired survivor size 131072 bytes, new threshold 15 (max 15)
- age   1:      24592 bytes,      24592 total
- age   2:       4840 bytes,      29432 total
- age   3:       4704 bytes,      34136 total
- age   4:       4704 bytes,      38840 total
- age   5:       4704 bytes,      43544 total
- age   6:       4704 bytes,      48248 total
- age   7:       4704 bytes,      52952 total
- age   8:       4704 bytes,      57656 total
- age   9:       4704 bytes,      62360 total
- age  10:       4704 bytes,      67064 total
- age  11:       4704 bytes,      71768 total
- age  12:       4704 bytes,      76472 total
- age  13:       4704 bytes,      81176 total
- age  14:       4704 bytes,      85880 total
- age  15:       4704 bytes,      90584 total
: 2264K->88K(2432K), 0.0005864 secs] 5498K->3327K(7936K), 0.0006643 secs] [Times: user=0.00 sys=0.00, real=0.00 secs] 
2017-07-06T17:12:40.487+0900: 12.191: [GC2017-07-06T17:12:40.487+0900: 12.191: [DefNew
Desired survivor size 131072 bytes, new threshold 15 (max 15)
- age   1:      24592 bytes,      24592 total
- age   2:       4840 bytes,      29432 total
- age   3:       4704 bytes,      34136 total
- age   4:       4704 bytes,      38840 total
- age   5:       4704 bytes,      43544 total
- age   6:       4704 bytes,      48248 total
- age   7:       4704 bytes,      52952 total
- age   8:       4704 bytes,      57656 total
- age   9:       4704 bytes,      62360 total
- age  10:       4704 bytes,      67064 total
- age  11:       4704 bytes,      71768 total
- age  12:       4704 bytes,      76472 total
- age  13:       4704 bytes,      81176 total
- age  14:       4704 bytes,      85880 total
- age  15:       4704 bytes,      90584 total
: 2264K->88K(2432K), 0.0005440 secs] 5503K->3331K(7936K), 0.0006138 secs] [Times: user=0.00 sys=0.00, real=0.00 secs] 
2017-07-06T17:12:40.509+0900: 12.213: [GC2017-07-06T17:12:40.509+0900: 12.213: [DefNew
Desired survivor size 131072 bytes, new threshold 15 (max 15)
- age   1:      24592 bytes,      24592 total
- age   2:       4840 bytes,      29432 total
- age   3:       4704 bytes,      34136 total
- age   4:       4704 bytes,      38840 total
- age   5:       4704 bytes,      43544 total
- age   6:       4704 bytes,      48248 total
- age   7:       4704 bytes,      52952 total
- age   8:       4704 bytes,      57656 total
- age   9:       4704 bytes,      62360 total
- age  10:       4704 bytes,      67064 total
- age  11:       4704 bytes,      71768 total
- age  12:       4704 bytes,      76472 total
- age  13:       4704 bytes,      81176 total
- age  14:       4704 bytes,      85880 total
- age  15:       4704 bytes,      90584 total
: 2264K->88K(2432K), 0.0005256 secs] 5507K->3336K(7936K), 0.0005907 secs] [Times: user=0.00 sys=0.00, real=0.00 secs] 
2017-07-06T17:12:40.530+0900: 12.234: [GC2017-07-06T17:12:40.530+0900: 12.234: [DefNew
Desired survivor size 131072 bytes, new threshold 15 (max 15)
- age   1:      24592 bytes,      24592 total
- age   2:       4840 bytes,      29432 total
- age   3:       4704 bytes,      34136 total
- age   4:       4704 bytes,      38840 total
- age   5:       4704 bytes,      43544 total
- age   6:       4704 bytes,      48248 total
- age   7:       4704 bytes,      52952 total
- age   8:       4704 bytes,      57656 total
- age   9:       4704 bytes,      62360 total
- age  10:       4704 bytes,      67064 total
- age  11:       4704 bytes,      71768 total
- age  12:       4704 bytes,      76472 total
- age  13:       4704 bytes,      81176 total
- age  14:       4704 bytes,      85880 total
- age  15:       4704 bytes,      90584 total
: 2264K->88K(2432K), 0.0005094 secs] 5512K->3340K(7936K), 0.0006421 secs] [Times: user=0.00 sys=0.00, real=0.00 secs] 
2017-07-06T17:12:40.552+0900: 12.256: [GC2017-07-06T17:12:40.552+0900: 12.256: [DefNew
Desired survivor size 131072 bytes, new threshold 15 (max 15)
- age   1:      24592 bytes,      24592 total
- age   2:       4840 bytes,      29432 total
- age   3:       4704 bytes,      34136 total
- age   4:       4704 bytes,      38840 total
- age   5:       4704 bytes,      43544 total
- age   6:       4704 bytes,      48248 total
- age   7:       4704 bytes,      52952 total
- age   8:       4704 bytes,      57656 total
- age   9:       4704 bytes,      62360 total
- age  10:       4704 bytes,      67064 total
- age  11:       4704 bytes,      71768 total
- age  12:       4704 bytes,      76472 total
- age  13:       4704 bytes,      81176 total
- age  14:       4704 bytes,      85880 total
- age  15:       4704 bytes,      90584 total
: 2264K->88K(2432K), 0.0005244 secs] 5516K->3345K(7936K), 0.0005894 secs] [Times: user=0.00 sys=0.00, real=0.00 secs] 
2017-07-06T17:12:40.576+0900: 12.280: [GC2017-07-06T17:12:40.576+0900: 12.280: [DefNew
Desired survivor size 131072 bytes, new threshold 15 (max 15)
- age   1:      24592 bytes,      24592 total
- age   2:       4840 bytes,      29432 total
- age   3:       4704 bytes,      34136 total
- age   4:       4704 bytes,      38840 total
- age   5:       4704 bytes,      43544 total
- age   6:       4704 bytes,      48248 total
- age   7:       4704 bytes,      52952 total
- age   8:       4704 bytes,      57656 total
- age   9:       4704 bytes,      62360 total
- age  10:       4704 bytes,      67064 total
- age  11:       4704 bytes,      71768 total
- age  12:       4704 bytes,      76472 total
- age  13:       4704 bytes,      81176 total
- age  14:       4704 bytes,      85880 total
- age  15:       4704 bytes,      90584 total
: 2264K->88K(2432K), 0.0005791 secs] 5521K->3350K(7936K), 0.0006635 secs] [Times: user=0.00 sys=0.00, real=0.00 secs] 
2017-07-06T17:12:40.599+0900: 12.303: [GC2017-07-06T17:12:40.599+0900: 12.303: [DefNew
Desired survivor size 131072 bytes, new threshold 15 (max 15)
- age   1:      24592 bytes,      24592 total
- age   2:       4840 bytes,      29432 total
- age   3:       4704 bytes,      34136 total
- age   4:       4704 bytes,      38840 total
- age   5:       4704 bytes,      43544 total
- age   6:       4704 bytes,      48248 total
- age   7:       4704 bytes,      52952 total
- age   8:       4704 bytes,      57656 total
- age   9:       4704 bytes,      62360 total
- age  10:       4704 bytes,      67064 total
- age  11:       4704 bytes,      71768 total
- age  12:       4704 bytes,      76472 total
- age  13:       4704 bytes,      81176 total
- age  14:       4704 bytes,      85880 total
- age  15:       4704 bytes,      90584 total
: 2264K->88K(2432K), 0.0005458 secs] 5526K->3354K(7936K), 0.0006160 secs] [Times: user=0.00 sys=0.00, real=0.00 secs] 
2017-07-06T17:12:40.621+0900: 12.325: [GC2017-07-06T17:12:40.621+0900: 12.325: [DefNew
Desired survivor size 131072 bytes, new threshold 15 (max 15)
- age   1:      24592 bytes,      24592 total
- age   2:       4840 bytes,      29432 total
- age   3:       4704 bytes,      34136 total
- age   4:       4704 bytes,      38840 total
- age   5:       4704 bytes,      43544 total
- age   6:       4704 bytes,      48248 total
- age   7:       4704 bytes,      52952 total
- age   8:       4704 bytes,      57656 total
- age   9:       4704 bytes,      62360 total
- age  10:       4704 bytes,      67064 total
- age  11:       4704 bytes,      71768 total
- age  12:       4704 bytes,      76472 total
- age  13:       4704 bytes,      81176 total
- age  14:       4704 bytes,      85880 total
- age  15:       4704 bytes,      90584 total
: 2264K->88K(2432K), 0.0005239 secs] 5530K->3359K(7936K), 0.0005954 secs] [Times: user=0.02 sys=0.00, real=0.00 secs] 
2017-07-06T17:12:40.643+0900: 12.347: [GC2017-07-06T17:12:40.643+0900: 12.347: [DefNew
Desired survivor size 131072 bytes, new threshold 15 (max 15)
- age   1:      24592 bytes,      24592 total
- age   2:       4840 bytes,      29432 total
- age   3:       4704 bytes,      34136 total
- age   4:       4704 bytes,      38840 total
- age   5:       4704 bytes,      43544 total
- age   6:       4704 bytes,      48248 total
- age   7:       4704 bytes,      52952 total
- age   8:       4704 bytes,      57656 total
- age   9:       4704 bytes,      62360 total
- age  10:       4704 bytes,      67064 total
- age  11:       4704 bytes,      71768 total
- age  12:       4704 bytes,      76472 total
- age  13:       4704 bytes,      81176 total
- age  14:       4704 bytes,      85880 total
- age  15:       4704 bytes,      90584 total
: 2264K->88K(2432K), 0.0005188 secs] 5535K->3363K(7936K), 0.0005834 secs] [Times: user=0.00 sys=0.00, real=0.00 secs] 
2017-07-06T17:12:40.665+0900: 12.368: [GC2017-07-06T17:12:40.665+0900: 12.368: [DefNew
Desired survivor size 131072 bytes, new threshold 15 (max 15)
- age   1:      24592 bytes,      24592 total
- age   2:       4840 bytes,      29432 total
- age   3:       4704 bytes,      34136 total
- age   4:       4704 bytes,      38840 total
- age   5:       4704 bytes,      43544 total
- age   6:       4704 bytes,      48248 total
- age   7:       4704 bytes,      52952 total
- age   8:       4704 bytes,      57656 total
- age   9:       4704 bytes,      62360 total
- age  10:       4704 bytes,      67064 total
- age  11:       4704 bytes,      71768 total
- age  12:       4704 bytes,      76472 total
- age  13:       4704 bytes,      81176 total
- age  14:       4704 bytes,      85880 total
- age  15:       4704 bytes,      90584 total
: 2264K->88K(2432K), 0.0005128 secs] 5539K->3368K(7936K), 0.0005744 secs] [Times: user=0.00 sys=0.00, real=0.00 secs] 
2017-07-06T17:12:40.688+0900: 12.392: [GC2017-07-06T17:12:40.688+0900: 12.392: [DefNew
Desired survivor size 131072 bytes, new threshold 15 (max 15)
- age   1:      24592 bytes,      24592 total
- age   2:       4840 bytes,      29432 total
- age   3:       4704 bytes,      34136 total
- age   4:       4704 bytes,      38840 total
- age   5:       4704 bytes,      43544 total
- age   6:       4704 bytes,      48248 total
- age   7:       4704 bytes,      52952 total
- age   8:       4704 bytes,      57656 total
- age   9:       4704 bytes,      62360 total
- age  10:       4704 bytes,      67064 total
- age  11:       4704 bytes,      71768 total
- age  12:       4704 bytes,      76472 total
- age  13:       4704 bytes,      81176 total
- age  14:       4704 bytes,      85880 total
- age  15:       4704 bytes,      90584 total
: 2264K->88K(2432K), 0.0005565 secs] 5544K->3373K(7936K), 0.0006326 secs] [Times: user=0.00 sys=0.00, real=0.00 secs] 
2017-07-06T17:12:40.713+0900: 12.417: [GC2017-07-06T17:12:40.714+0900: 12.417: [DefNew
Desired survivor size 131072 bytes, new threshold 15 (max 15)
- age   1:      24592 bytes,      24592 total
- age   2:       4840 bytes,      29432 total
- age   3:       4704 bytes,      34136 total
- age   4:       4704 bytes,      38840 total
- age   5:       4704 bytes,      43544 total
- age   6:       4704 bytes,      48248 total
- age   7:       4704 bytes,      52952 total
- age   8:       4704 bytes,      57656 total
- age   9:       4704 bytes,      62360 total
- age  10:       4704 bytes,      67064 total
- age  11:       4704 bytes,      71768 total
- age  12:       4704 bytes,      76472 total
- age  13:       4704 bytes,      81176 total
- age  14:       4704 bytes,      85880 total
- age  15:       4704 bytes,      90584 total
: 2264K->88K(2432K), 0.0005483 secs] 5549K->3377K(7936K), 0.0006284 secs] [Times: user=0.00 sys=0.00, real=0.00 secs] 
2017-07-06T17:12:40.735+0900: 12.439: [GC2017-07-06T17:12:40.735+0900: 12.439: [DefNew
Desired survivor size 131072 bytes, new threshold 15 (max 15)
- age   1:      24592 bytes,      24592 total
- age   2:       4840 bytes,      29432 total
- age   3:       4704 bytes,      34136 total
- age   4:       4704 bytes,      38840 total
- age   5:       4704 bytes,      43544 total
- age   6:       4704 bytes,      48248 total
- age   7:       4704 bytes,      52952 total
- age   8:       4704 bytes,      57656 total
- age   9:       4704 bytes,      62360 total
- age  10:       4704 bytes,      67064 total
- age  11:       4704 bytes,      71768 total
- age  12:       4704 bytes,      76472 total
- age  13:       4704 bytes,      81176 total
- age  14:       4704 bytes,      85880 total
- age  15:       4704 bytes,      90584 total
: 2264K->88K(2432K), 0.0005291 secs] 5553K->3382K(7936K), 0.0005958 secs] [Times: user=0.00 sys=0.00, real=0.00 secs] 
2017-07-06T17:12:40.757+0900: 12.461: [GC2017-07-06T17:12:40.757+0900: 12.461: [DefNew
Desired survivor size 131072 bytes, new threshold 15 (max 15)
- age   1:      24592 bytes,      24592 total
- age   2:       4840 bytes,      29432 total
- age   3:       4704 bytes,      34136 total
- age   4:       4704 bytes,      38840 total
- age   5:       4704 bytes,      43544 total
- age   6:       4704 bytes,      48248 total
- age   7:       4704 bytes,      52952 total
- age   8:       4704 bytes,      57656 total
- age   9:       4704 bytes,      62360 total
- age  10:       4704 bytes,      67064 total
- age  11:       4704 bytes,      71768 total
- age  12:       4704 bytes,      76472 total
- age  13:       4704 bytes,      81176 total
- age  14:       4704 bytes,      85880 total
- age  15:       4704 bytes,      90584 total
: 2264K->88K(2432K), 0.0005252 secs] 5558K->3386K(7936K), 0.0005916 secs] [Times: user=0.00 sys=0.00, real=0.00 secs] 
2017-07-06T17:12:40.779+0900: 12.482: [GC2017-07-06T17:12:40.779+0900: 12.482: [DefNew
Desired survivor size 131072 bytes, new threshold 15 (max 15)
- age   1:      24592 bytes,      24592 total
- age   2:       4840 bytes,      29432 total
- age   3:       4704 bytes,      34136 total
- age   4:       4704 bytes,      38840 total
- age   5:       4704 bytes,      43544 total
- age   6:       4704 bytes,      48248 total
- age   7:       4704 bytes,      52952 total
- age   8:       4704 bytes,      57656 total
- age   9:       4704 bytes,      62360 total
- age  10:       4704 bytes,      67064 total
- age  11:       4704 bytes,      71768 total
- age  12:       4704 bytes,      76472 total
- age  13:       4704 bytes,      81176 total
- age  14:       4704 bytes,      85880 total
- age  15:       4704 bytes,      90584 total
: 2264K->88K(2432K), 0.0005055 secs] 5562K->3391K(7936K), 0.0005667 secs] [Times: user=0.00 sys=0.00, real=0.00 secs] 
2017-07-06T17:12:40.802+0900: 12.506: [GC2017-07-06T17:12:40.802+0900: 12.506: [DefNew
Desired survivor size 131072 bytes, new threshold 15 (max 15)
- age   1:      24592 bytes,      24592 total
- age   2:       4840 bytes,      29432 total
- age   3:       4704 bytes,      34136 total
- age   4:       4704 bytes,      38840 total
- age   5:       4704 bytes,      43544 total
- age   6:       4704 bytes,      48248 total
- age   7:       4704 bytes,      52952 total
- age   8:       4704 bytes,      57656 total
- age   9:       4704 bytes,      62360 total
- age  10:       4704 bytes,      67064 total
- age  11:       4704 bytes,      71768 total
- age  12:       4704 bytes,      76472 total
- age  13:       4704 bytes,      81176 total
- age  14:       4704 bytes,      85880 total
- age  15:       4704 bytes,      90584 total
: 2264K->88K(2432K), 0.0006010 secs] 5567K->3396K(7936K), 0.0006866 secs] [Times: user=0.00 sys=0.00, real=0.00 secs] 
2017-07-06T17:12:40.826+0900: 12.529: [GC2017-07-06T17:12:40.826+0900: 12.529: [DefNew
Desired survivor size 131072 bytes, new threshold 15 (max 15)
- age   1:      24592 bytes,      24592 total
- age   2:       4840 bytes,      29432 total
- age   3:       4704 bytes,      34136 total
- age   4:       4704 bytes,      38840 total
- age   5:       4704 bytes,      43544 total
- age   6:       4704 bytes,      48248 total
- age   7:       4704 bytes,      52952 total
- age   8:       4704 bytes,      57656 total
- age   9:       4704 bytes,      62360 total
- age  10:       4704 bytes,      67064 total
- age  11:       4704 bytes,      71768 total
- age  12:       4704 bytes,      76472 total
- age  13:       4704 bytes,      81176 total
- age  14:       4704 bytes,      85880 total
- age  15:       4704 bytes,      90584 total
: 2264K->88K(2432K), 0.0005445 secs] 5572K->3400K(7936K), 0.0006142 secs] [Times: user=0.00 sys=0.00, real=0.00 secs] 
2017-07-06T17:12:40.848+0900: 12.551: [GC2017-07-06T17:12:40.848+0900: 12.551: [DefNew
Desired survivor size 131072 bytes, new threshold 15 (max 15)
- age   1:      24592 bytes,      24592 total
- age   2:       4840 bytes,      29432 total
- age   3:       4704 bytes,      34136 total
- age   4:       4704 bytes,      38840 total
- age   5:       4704 bytes,      43544 total
- age   6:       4704 bytes,      48248 total
- age   7:       4704 bytes,      52952 total
- age   8:       4704 bytes,      57656 total
- age   9:       4704 bytes,      62360 total
- age  10:       4704 bytes,      67064 total
- age  11:       4704 bytes,      71768 total
- age  12:       4704 bytes,      76472 total
- age  13:       4704 bytes,      81176 total
- age  14:       4704 bytes,      85880 total
- age  15:       4704 bytes,      90584 total
: 2264K->88K(2432K), 0.0005261 secs] 5576K->3405K(7936K), 0.0005907 secs] [Times: user=0.00 sys=0.00, real=0.00 secs] 
2017-07-06T17:12:40.869+0900: 12.573: [GC2017-07-06T17:12:40.869+0900: 12.573: [DefNew
Desired survivor size 131072 bytes, new threshold 15 (max 15)
- age   1:      24592 bytes,      24592 total
- age   2:       4840 bytes,      29432 total
- age   3:       4704 bytes,      34136 total
- age   4:       4704 bytes,      38840 total
- age   5:       4704 bytes,      43544 total
- age   6:       4704 bytes,      48248 total
- age   7:       4704 bytes,      52952 total
- age   8:       4704 bytes,      57656 total
- age   9:       4704 bytes,      62360 total
- age  10:       4704 bytes,      67064 total
- age  11:       4704 bytes,      71768 total
- age  12:       4704 bytes,      76472 total
- age  13:       4704 bytes,      81176 total
- age  14:       4704 bytes,      85880 total
- age  15:       4704 bytes,      90584 total
: 2264K->88K(2432K), 0.0005214 secs] 5581K->3409K(7936K), 0.0005851 secs] [Times: user=0.00 sys=0.00, real=0.00 secs] 
2017-07-06T17:12:40.891+0900: 12.595: [GC2017-07-06T17:12:40.891+0900: 12.595: [DefNew
Desired survivor size 131072 bytes, new threshold 15 (max 15)
- age   1:      24592 bytes,      24592 total
- age   2:       4840 bytes,      29432 total
- age   3:       4704 bytes,      34136 total
- age   4:       4704 bytes,      38840 total
- age   5:       4704 bytes,      43544 total
- age   6:       4704 bytes,      48248 total
- age   7:       4704 bytes,      52952 total
- age   8:       4704 bytes,      57656 total
- age   9:       4704 bytes,      62360 total
- age  10:       4704 bytes,      67064 total
- age  11:       4704 bytes,      71768 total
- age  12:       4704 bytes,      76472 total
- age  13:       4704 bytes,      81176 total
- age  14:       4704 bytes,      85880 total
- age  15:       4704 bytes,      90584 total
: 2264K->88K(2432K), 0.0005077 secs] 5585K->3414K(7936K), 0.0005744 secs] [Times: user=0.00 sys=0.00, real=0.00 secs] 
2017-07-06T17:12:40.915+0900: 12.618: [GC2017-07-06T17:12:40.915+0900: 12.618: [DefNew
Desired survivor size 131072 bytes, new threshold 15 (max 15)
- age   1:      24592 bytes,      24592 total
- age   2:       4840 bytes,      29432 total
- age   3:       4704 bytes,      34136 total
- age   4:       4704 bytes,      38840 total
- age   5:       4704 bytes,      43544 total
- age   6:       4704 bytes,      48248 total
- age   7:       4704 bytes,      52952 total
- age   8:       4704 bytes,      57656 total
- age   9:       4704 bytes,      62360 total
- age  10:       4704 bytes,      67064 total
- age  11:       4704 bytes,      71768 total
- age  12:       4704 bytes,      76472 total
- age  13:       4704 bytes,      81176 total
- age  14:       4704 bytes,      85880 total
- age  15:       4704 bytes,      90584 total
: 2264K->88K(2432K), 0.0006284 secs] 5590K->3419K(7936K), 0.0007144 secs] [Times: user=0.00 sys=0.00, real=0.00 secs] 
2017-07-06T17:12:40.938+0900: 12.642: [GC2017-07-06T17:12:40.938+0900: 12.642: [DefNew
Desired survivor size 131072 bytes, new threshold 15 (max 15)
- age   1:      24592 bytes,      24592 total
- age   2:       4840 bytes,      29432 total
- age   3:       4704 bytes,      34136 total
- age   4:       4704 bytes,      38840 total
- age   5:       4704 bytes,      43544 total
- age   6:       4704 bytes,      48248 total
- age   7:       4704 bytes,      52952 total
- age   8:       4704 bytes,      57656 total
- age   9:       4704 bytes,      62360 total
- age  10:       4704 bytes,      67064 total
- age  11:       4704 bytes,      71768 total
- age  12:       4704 bytes,      76472 total
- age  13:       4704 bytes,      81176 total
- age  14:       4704 bytes,      85880 total
- age  15:       4704 bytes,      90584 total
: 2264K->88K(2432K), 0.0005376 secs] 5595K->3423K(7936K), 0.0006082 secs] [Times: user=0.00 sys=0.00, real=0.00 secs] 
2017-07-06T17:12:40.960+0900: 12.664: [GC2017-07-06T17:12:40.960+0900: 12.664: [DefNew
Desired survivor size 131072 bytes, new threshold 15 (max 15)
- age   1:      24592 bytes,      24592 total
- age   2:       4840 bytes,      29432 total
- age   3:       4704 bytes,      34136 total
- age   4:       4704 bytes,      38840 total
- age   5:       4704 bytes,      43544 total
- age   6:       4704 bytes,      48248 total
- age   7:       4704 bytes,      52952 total
- age   8:       4704 bytes,      57656 total
- age   9:       4704 bytes,      62360 total
- age  10:       4704 bytes,      67064 total
- age  11:       4704 bytes,      71768 total
- age  12:       4704 bytes,      76472 total
- age  13:       4704 bytes,      81176 total
- age  14:       4704 bytes,      85880 total
- age  15:       4704 bytes,      90584 total
: 2264K->88K(2432K), 0.0005205 secs] 5599K->3428K(7936K), 0.0005851 secs] [Times: user=0.00 sys=0.00, real=0.00 secs] 
2017-07-06T17:12:40.981+0900: 12.685: [GC2017-07-06T17:12:40.981+0900: 12.685: [DefNew
Desired survivor size 131072 bytes, new threshold 15 (max 15)
- age   1:      24592 bytes,      24592 total
- age   2:       4840 bytes,      29432 total
- age   3:       4704 bytes,      34136 total
- age   4:       4704 bytes,      38840 total
- age   5:       4704 bytes,      43544 total
- age   6:       4704 bytes,      48248 total
- age   7:       4704 bytes,      52952 total
- age   8:       4704 bytes,      57656 total
- age   9:       4704 bytes,      62360 total
- age  10:       4704 bytes,      67064 total
- age  11:       4704 bytes,      71768 total
- age  12:       4704 bytes,      76472 total
- age  13:       4704 bytes,      81176 total
- age  14:       4704 bytes,      85880 total
- age  15:       4704 bytes,      90584 total
: 2264K->88K(2432K), 0.0005128 secs] 5604K->3432K(7936K), 0.0005744 secs] [Times: user=0.00 sys=0.00, real=0.00 secs] 
2017-07-06T17:12:41.003+0900: 12.707: [GC2017-07-06T17:12:41.003+0900: 12.707: [DefNew
Desired survivor size 131072 bytes, new threshold 15 (max 15)
- age   1:      24592 bytes,      24592 total
- age   2:       4840 bytes,      29432 total
- age   3:       4704 bytes,      34136 total
- age   4:       4704 bytes,      38840 total
- age   5:       4704 bytes,      43544 total
- age   6:       4704 bytes,      48248 total
- age   7:       4704 bytes,      52952 total
- age   8:       4704 bytes,      57656 total
- age   9:       4704 bytes,      62360 total
- age  10:       4704 bytes,      67064 total
- age  11:       4704 bytes,      71768 total
- age  12:       4704 bytes,      76472 total
- age  13:       4704 bytes,      81176 total
- age  14:       4704 bytes,      85880 total
- age  15:       4704 bytes,      90584 total
: 2264K->88K(2432K), 0.0005128 secs] 5608K->3437K(7936K), 0.0005766 secs] [Times: user=0.00 sys=0.00, real=0.00 secs] 
2017-07-06T17:12:41.027+0900: 12.731: [GC2017-07-06T17:12:41.027+0900: 12.731: [DefNew
Desired survivor size 131072 bytes, new threshold 15 (max 15)
- age   1:      24592 bytes,      24592 total
- age   2:       4840 bytes,      29432 total
- age   3:       4704 bytes,      34136 total
- age   4:       4704 bytes,      38840 total
- age   5:       4704 bytes,      43544 total
- age   6:       4704 bytes,      48248 total
- age   7:       4704 bytes,      52952 total
- age   8:       4704 bytes,      57656 total
- age   9:       4704 bytes,      62360 total
- age  10:       4704 bytes,      67064 total
- age  11:       4704 bytes,      71768 total
- age  12:       4704 bytes,      76472 total
- age  13:       4704 bytes,      81176 total
- age  14:       4704 bytes,      85880 total
- age  15:       4704 bytes,      90584 total
: 2264K->88K(2432K), 0.0005458 secs] 5613K->3441K(7936K), 0.0006202 secs] [Times: user=0.00 sys=0.00, real=0.00 secs] 
2017-07-06T17:12:41.052+0900: 12.756: [GC2017-07-06T17:12:41.052+0900: 12.756: [DefNew
Desired survivor size 131072 bytes, new threshold 15 (max 15)
- age   1:      24592 bytes,      24592 total
- age   2:       4840 bytes,      29432 total
- age   3:       4704 bytes,      34136 total
- age   4:       4704 bytes,      38840 total
- age   5:       4704 bytes,      43544 total
- age   6:       4704 bytes,      48248 total
- age   7:       4704 bytes,      52952 total
- age   8:       4704 bytes,      57656 total
- age   9:       4704 bytes,      62360 total
- age  10:       4704 bytes,      67064 total
- age  11:       4704 bytes,      71768 total
- age  12:       4704 bytes,      76472 total
- age  13:       4704 bytes,      81176 total
- age  14:       4704 bytes,      85880 total
- age  15:       4704 bytes,      90584 total
: 2264K->88K(2432K), 0.0005629 secs] 5617K->3446K(7936K), 0.0006314 secs] [Times: user=0.00 sys=0.00, real=0.00 secs] 
2017-07-06T17:12:41.075+0900: 12.778: [GC2017-07-06T17:12:41.075+0900: 12.778: [DefNew
Desired survivor size 131072 bytes, new threshold 15 (max 15)
- age   1:      24592 bytes,      24592 total
- age   2:       4840 bytes,      29432 total
- age   3:       4704 bytes,      34136 total
- age   4:       4704 bytes,      38840 total
- age   5:       4704 bytes,      43544 total
- age   6:       4704 bytes,      48248 total
- age   7:       4704 bytes,      52952 total
- age   8:       4704 bytes,      57656 total
- age   9:       4704 bytes,      62360 total
- age  10:       4704 bytes,      67064 total
- age  11:       4704 bytes,      71768 total
- age  12:       4704 bytes,      76472 total
- age  13:       4704 bytes,      81176 total
- age  14:       4704 bytes,      85880 total
- age  15:       4704 bytes,      90584 total
: 2264K->88K(2432K), 0.0005239 secs] 5622K->3451K(7936K), 0.0005911 secs] [Times: user=0.00 sys=0.00, real=0.00 secs] 
2017-07-06T17:12:41.096+0900: 12.800: [GC2017-07-06T17:12:41.096+0900: 12.800: [DefNew
Desired survivor size 131072 bytes, new threshold 15 (max 15)
- age   1:      24592 bytes,      24592 total
- age   2:       4840 bytes,      29432 total
- age   3:       4704 bytes,      34136 total
- age   4:       4704 bytes,      38840 total
- age   5:       4704 bytes,      43544 total
- age   6:       4704 bytes,      48248 total
- age   7:       4704 bytes,      52952 total
- age   8:       4704 bytes,      57656 total
- age   9:       4704 bytes,      62360 total
- age  10:       4704 bytes,      67064 total
- age  11:       4704 bytes,      71768 total
- age  12:       4704 bytes,      76472 total
- age  13:       4704 bytes,      81176 total
- age  14:       4704 bytes,      85880 total
- age  15:       4704 bytes,      90584 total
: 2264K->88K(2432K), 0.0005085 secs] 5627K->3455K(7936K), 0.0005766 secs] [Times: user=0.00 sys=0.00, real=0.00 secs] 
2017-07-06T17:12:41.118+0900: 12.822: [GC2017-07-06T17:12:41.118+0900: 12.822: [DefNew
Desired survivor size 131072 bytes, new threshold 15 (max 15)
- age   1:      24592 bytes,      24592 total
- age   2:       4840 bytes,      29432 total
- age   3:       4704 bytes,      34136 total
- age   4:       4704 bytes,      38840 total
- age   5:       4704 bytes,      43544 total
- age   6:       4704 bytes,      48248 total
- age   7:       4704 bytes,      52952 total
- age   8:       4704 bytes,      57656 total
- age   9:       4704 bytes,      62360 total
- age  10:       4704 bytes,      67064 total
- age  11:       4704 bytes,      71768 total
- age  12:       4704 bytes,      76472 total
- age  13:       4704 bytes,      81176 total
- age  14:       4704 bytes,      85880 total
- age  15:       4704 bytes,      90584 total
: 2264K->88K(2432K), 0.0005166 secs] 5631K->3460K(7936K), 0.0005800 secs] [Times: user=0.00 sys=0.00, real=0.00 secs] 
2017-07-06T17:12:41.142+0900: 12.846: [GC2017-07-06T17:12:41.142+0900: 12.846: [DefNew
Desired survivor size 131072 bytes, new threshold 15 (max 15)
- age   1:      24592 bytes,      24592 total
- age   2:       4840 bytes,      29432 total
- age   3:       4704 bytes,      34136 total
- age   4:       4704 bytes,      38840 total
- age   5:       4704 bytes,      43544 total
- age   6:       4704 bytes,      48248 total
- age   7:       4704 bytes,      52952 total
- age   8:       4704 bytes,      57656 total
- age   9:       4704 bytes,      62360 total
- age  10:       4704 bytes,      67064 total
- age  11:       4704 bytes,      71768 total
- age  12:       4704 bytes,      76472 total
- age  13:       4704 bytes,      81176 total
- age  14:       4704 bytes,      85880 total
- age  15:       4704 bytes,      90584 total
: 2264K->88K(2432K), 0.0005924 secs] 5636K->3464K(7936K), 0.0006780 secs] [Times: user=0.00 sys=0.00, real=0.00 secs] 
2017-07-06T17:12:41.167+0900: 12.870: [GC2017-07-06T17:12:41.167+0900: 12.870: [DefNew
Desired survivor size 131072 bytes, new threshold 15 (max 15)
- age   1:      24592 bytes,      24592 total
- age   2:       4840 bytes,      29432 total
- age   3:       4704 bytes,      34136 total
- age   4:       4704 bytes,      38840 total
- age   5:       4704 bytes,      43544 total
- age   6:       4704 bytes,      48248 total
- age   7:       4704 bytes,      52952 total
- age   8:       4704 bytes,      57656 total
- age   9:       4704 bytes,      62360 total
- age  10:       4704 bytes,      67064 total
- age  11:       4704 bytes,      71768 total
- age  12:       4704 bytes,      76472 total
- age  13:       4704 bytes,      81176 total
- age  14:       4704 bytes,      85880 total
- age  15:       4704 bytes,      90584 total
: 2264K->88K(2432K), 0.0005406 secs] 5640K->3469K(7936K), 0.0006125 secs] [Times: user=0.00 sys=0.00, real=0.00 secs] 
2017-07-06T17:12:41.188+0900: 12.892: [GC2017-07-06T17:12:41.189+0900: 12.892: [DefNew
Desired survivor size 131072 bytes, new threshold 15 (max 15)
- age   1:      24592 bytes,      24592 total
- age   2:       4840 bytes,      29432 total
- age   3:       4704 bytes,      34136 total
- age   4:       4704 bytes,      38840 total
- age   5:       4704 bytes,      43544 total
- age   6:       4704 bytes,      48248 total
- age   7:       4704 bytes,      52952 total
- age   8:       4704 bytes,      57656 total
- age   9:       4704 bytes,      62360 total
- age  10:       4704 bytes,      67064 total
- age  11:       4704 bytes,      71768 total
- age  12:       4704 bytes,      76472 total
- age  13:       4704 bytes,      81176 total
- age  14:       4704 bytes,      85880 total
- age  15:       4704 bytes,      90584 total
: 2264K->88K(2432K), 0.0005222 secs] 5645K->3474K(7936K), 0.0005984 secs] [Times: user=0.00 sys=0.00, real=0.00 secs] 
2017-07-06T17:12:41.210+0900: 12.914: [GC2017-07-06T17:12:41.210+0900: 12.914: [DefNew
Desired survivor size 131072 bytes, new threshold 15 (max 15)
- age   1:      24592 bytes,      24592 total
- age   2:       4840 bytes,      29432 total
- age   3:       4704 bytes,      34136 total
- age   4:       4704 bytes,      38840 total
- age   5:       4704 bytes,      43544 total
- age   6:       4704 bytes,      48248 total
- age   7:       4704 bytes,      52952 total
- age   8:       4704 bytes,      57656 total
- age   9:       4704 bytes,      62360 total
- age  10:       4704 bytes,      67064 total
- age  11:       4704 bytes,      71768 total
- age  12:       4704 bytes,      76472 total
- age  13:       4704 bytes,      81176 total
- age  14:       4704 bytes,      85880 total
- age  15:       4704 bytes,      90584 total
: 2264K->88K(2432K), 0.0005064 secs] 5650K->3478K(7936K), 0.0005697 secs] [Times: user=0.00 sys=0.00, real=0.00 secs] 
2017-07-06T17:12:41.232+0900: 12.935: [GC2017-07-06T17:12:41.232+0900: 12.935: [DefNew
Desired survivor size 131072 bytes, new threshold 15 (max 15)
- age   1:      24592 bytes,      24592 total
- age   2:       4840 bytes,      29432 total
- age   3:       4704 bytes,      34136 total
- age   4:       4704 bytes,      38840 total
- age   5:       4704 bytes,      43544 total
- age   6:       4704 bytes,      48248 total
- age   7:       4704 bytes,      52952 total
- age   8:       4704 bytes,      57656 total
- age   9:       4704 bytes,      62360 total
- age  10:       4704 bytes,      67064 total
- age  11:       4704 bytes,      71768 total
- age  12:       4704 bytes,      76472 total
- age  13:       4704 bytes,      81176 total
- age  14:       4704 bytes,      85880 total
- age  15:       4704 bytes,      90584 total
: 2264K->88K(2432K), 0.0005055 secs] 5654K->3483K(7936K), 0.0005684 secs] [Times: user=0.00 sys=0.00, real=0.00 secs] 
2017-07-06T17:12:41.255+0900: 12.959: [GC2017-07-06T17:12:41.255+0900: 12.959: [DefNew
Desired survivor size 131072 bytes, new threshold 15 (max 15)
- age   1:      24592 bytes,      24592 total
- age   2:       4840 bytes,      29432 total
- age   3:       4704 bytes,      34136 total
- age   4:       4704 bytes,      38840 total
- age   5:       4704 bytes,      43544 total
- age   6:       4704 bytes,      48248 total
- age   7:       4704 bytes,      52952 total
- age   8:       4704 bytes,      57656 total
- age   9:       4704 bytes,      62360 total
- age  10:       4704 bytes,      67064 total
- age  11:       4704 bytes,      71768 total
- age  12:       4704 bytes,      76472 total
- age  13:       4704 bytes,      81176 total
- age  14:       4704 bytes,      85880 total
- age  15:       4704 bytes,      90584 total
: 2264K->88K(2432K), 0.0007354 secs] 5659K->3487K(7936K), 0.0008488 secs] [Times: user=0.00 sys=0.00, real=0.00 secs] 
2017-07-06T17:12:41.278+0900: 12.982: [GC2017-07-06T17:12:41.278+0900: 12.982: [DefNew
Desired survivor size 131072 bytes, new threshold 15 (max 15)
- age   1:      24592 bytes,      24592 total
- age   2:       4840 bytes,      29432 total
- age   3:       4704 bytes,      34136 total
- age   4:       4704 bytes,      38840 total
- age   5:       4704 bytes,      43544 total
- age   6:       4704 bytes,      48248 total
- age   7:       4704 bytes,      52952 total
- age   8:       4704 bytes,      57656 total
- age   9:       4704 bytes,      62360 total
- age  10:       4704 bytes,      67064 total
- age  11:       4704 bytes,      71768 total
- age  12:       4704 bytes,      76472 total
- age  13:       4704 bytes,      81176 total
- age  14:       4704 bytes,      85880 total
- age  15:       4704 bytes,      90584 total
: 2264K->88K(2432K), 0.0005445 secs] 5663K->3492K(7936K), 0.0006211 secs] [Times: user=0.00 sys=0.00, real=0.00 secs] 
2017-07-06T17:12:41.300+0900: 13.004: [GC2017-07-06T17:12:41.300+0900: 13.004: [DefNew
Desired survivor size 131072 bytes, new threshold 15 (max 15)
- age   1:      24592 bytes,      24592 total
- age   2:       4840 bytes,      29432 total
- age   3:       4704 bytes,      34136 total
- age   4:       4704 bytes,      38840 total
- age   5:       4704 bytes,      43544 total
- age   6:       4704 bytes,      48248 total
- age   7:       4704 bytes,      52952 total
- age   8:       4704 bytes,      57656 total
- age   9:       4704 bytes,      62360 total
- age  10:       4704 bytes,      67064 total
- age  11:       4704 bytes,      71768 total
- age  12:       4704 bytes,      76472 total
- age  13:       4704 bytes,      81176 total
- age  14:       4704 bytes,      85880 total
- age  15:       4704 bytes,      90584 total
: 2264K->88K(2432K), 0.0005363 secs] 5668K->3497K(7936K), 0.0006070 secs] [Times: user=0.00 sys=0.00, real=0.00 secs] 
2017-07-06T17:12:41.322+0900: 13.026: [GC2017-07-06T17:12:41.322+0900: 13.026: [DefNew
Desired survivor size 131072 bytes, new threshold 15 (max 15)
- age   1:      24592 bytes,      24592 total
- age   2:       4840 bytes,      29432 total
- age   3:       4704 bytes,      34136 total
- age   4:       4704 bytes,      38840 total
- age   5:       4704 bytes,      43544 total
- age   6:       4704 bytes,      48248 total
- age   7:       4704 bytes,      52952 total
- age   8:       4704 bytes,      57656 total
- age   9:       4704 bytes,      62360 total
- age  10:       4704 bytes,      67064 total
- age  11:       4704 bytes,      71768 total
- age  12:       4704 bytes,      76472 total
- age  13:       4704 bytes,      81176 total
- age  14:       4704 bytes,      85880 total
- age  15:       4704 bytes,      90584 total
: 2264K->88K(2432K), 0.0005205 secs] 5673K->3501K(7936K), 0.0005847 secs] [Times: user=0.00 sys=0.00, real=0.00 secs] 
2017-07-06T17:12:41.344+0900: 13.048: [GC2017-07-06T17:12:41.344+0900: 13.048: [DefNew
Desired survivor size 131072 bytes, new threshold 15 (max 15)
- age   1:      24592 bytes,      24592 total
- age   2:       4840 bytes,      29432 total
- age   3:       4704 bytes,      34136 total
- age   4:       4704 bytes,      38840 total
- age   5:       4704 bytes,      43544 total
- age   6:       4704 bytes,      48248 total
- age   7:       4704 bytes,      52952 total
- age   8:       4704 bytes,      57656 total
- age   9:       4704 bytes,      62360 total
- age  10:       4704 bytes,      67064 total
- age  11:       4704 bytes,      71768 total
- age  12:       4704 bytes,      76472 total
- age  13:       4704 bytes,      81176 total
- age  14:       4704 bytes,      85880 total
- age  15:       4704 bytes,      90584 total
: 2264K->88K(2432K), 0.0005068 secs] 5677K->3506K(7936K), 0.0005693 secs] [Times: user=0.00 sys=0.00, real=0.00 secs] 
2017-07-06T17:12:41.367+0900: 13.070: [GC2017-07-06T17:12:41.367+0900: 13.070: [DefNew
Desired survivor size 131072 bytes, new threshold 15 (max 15)
- age   1:      24592 bytes,      24592 total
- age   2:       4840 bytes,      29432 total
- age   3:       4704 bytes,      34136 total
- age   4:       4704 bytes,      38840 total
- age   5:       4704 bytes,      43544 total
- age   6:       4704 bytes,      48248 total
- age   7:       4704 bytes,      52952 total
- age   8:       4704 bytes,      57656 total
- age   9:       4704 bytes,      62360 total
- age  10:       4704 bytes,      67064 total
- age  11:       4704 bytes,      71768 total
- age  12:       4704 bytes,      76472 total
- age  13:       4704 bytes,      81176 total
- age  14:       4704 bytes,      85880 total
- age  15:       4704 bytes,      90584 total
: 2264K->88K(2432K), 0.0005770 secs] 5682K->3510K(7936K), 0.0006712 secs] [Times: user=0.00 sys=0.00, real=0.00 secs] 
2017-07-06T17:12:41.392+0900: 13.095: [GC2017-07-06T17:12:41.392+0900: 13.095: [DefNew
Desired survivor size 131072 bytes, new threshold 15 (max 15)
- age   1:      24592 bytes,      24592 total
- age   2:       4840 bytes,      29432 total
- age   3:       4704 bytes,      34136 total
- age   4:       4704 bytes,      38840 total
- age   5:       4704 bytes,      43544 total
- age   6:       4704 bytes,      48248 total
- age   7:       4704 bytes,      52952 total
- age   8:       4704 bytes,      57656 total
- age   9:       4704 bytes,      62360 total
- age  10:       4704 bytes,      67064 total
- age  11:       4704 bytes,      71768 total
- age  12:       4704 bytes,      76472 total
- age  13:       4704 bytes,      81176 total
- age  14:       4704 bytes,      85880 total
- age  15:       4704 bytes,      90584 total
: 2264K->88K(2432K), 0.0006408 secs] 5686K->3515K(7936K), 0.0007230 secs] [Times: user=0.00 sys=0.00, real=0.00 secs] 
2017-07-06T17:12:41.414+0900: 13.118: [GC2017-07-06T17:12:41.414+0900: 13.118: [DefNew
Desired survivor size 131072 bytes, new threshold 15 (max 15)
- age   1:      24592 bytes,      24592 total
- age   2:       4840 bytes,      29432 total
- age   3:       4704 bytes,      34136 total
- age   4:       4704 bytes,      38840 total
- age   5:       4704 bytes,      43544 total
- age   6:       4704 bytes,      48248 total
- age   7:       4704 bytes,      52952 total
- age   8:       4704 bytes,      57656 total
- age   9:       4704 bytes,      62360 total
- age  10:       4704 bytes,      67064 total
- age  11:       4704 bytes,      71768 total
- age  12:       4704 bytes,      76472 total
- age  13:       4704 bytes,      81176 total
- age  14:       4704 bytes,      85880 total
- age  15:       4704 bytes,      90584 total
: 2264K->88K(2432K), 0.0005363 secs] 5691K->3520K(7936K), 0.0006044 secs] [Times: user=0.00 sys=0.00, real=0.00 secs] 
2017-07-06T17:12:41.435+0900: 13.139: [GC2017-07-06T17:12:41.435+0900: 13.139: [DefNew
Desired survivor size 131072 bytes, new threshold 15 (max 15)
- age   1:      24592 bytes,      24592 total
- age   2:       4840 bytes,      29432 total
- age   3:       4704 bytes,      34136 total
- age   4:       4704 bytes,      38840 total
- age   5:       4704 bytes,      43544 total
- age   6:       4704 bytes,      48248 total
- age   7:       4704 bytes,      52952 total
- age   8:       4704 bytes,      57656 total
- age   9:       4704 bytes,      62360 total
- age  10:       4704 bytes,      67064 total
- age  11:       4704 bytes,      71768 total
- age  12:       4704 bytes,      76472 total
- age  13:       4704 bytes,      81176 total
- age  14:       4704 bytes,      85880 total
- age  15:       4704 bytes,      90584 total
: 2264K->88K(2432K), 0.0005355 secs] 5696K->3524K(7936K), 0.0006035 secs] [Times: user=0.00 sys=0.00, real=0.00 secs] 
2017-07-06T17:12:41.457+0900: 13.161: [GC2017-07-06T17:12:41.457+0900: 13.161: [DefNew
Desired survivor size 131072 bytes, new threshold 15 (max 15)
- age   1:      24592 bytes,      24592 total
- age   2:       4840 bytes,      29432 total
- age   3:       4704 bytes,      34136 total
- age   4:       4704 bytes,      38840 total
- age   5:       4704 bytes,      43544 total
- age   6:       4704 bytes,      48248 total
- age   7:       4704 bytes,      52952 total
- age   8:       4704 bytes,      57656 total
- age   9:       4704 bytes,      62360 total
- age  10:       4704 bytes,      67064 total
- age  11:       4704 bytes,      71768 total
- age  12:       4704 bytes,      76472 total
- age  13:       4704 bytes,      81176 total
- age  14:       4704 bytes,      85880 total
- age  15:       4704 bytes,      90584 total
: 2264K->88K(2432K), 0.0005235 secs] 5700K->3529K(7936K), 0.0005873 secs] [Times: user=0.00 sys=0.00, real=0.00 secs] 
2017-07-06T17:12:41.482+0900: 13.186: [GC2017-07-06T17:12:41.482+0900: 13.186: [DefNew
Desired survivor size 131072 bytes, new threshold 15 (max 15)
- age   1:      24592 bytes,      24592 total
- age   2:       4840 bytes,      29432 total
- age   3:       4704 bytes,      34136 total
- age   4:       4704 bytes,      38840 total
- age   5:       4704 bytes,      43544 total
- age   6:       4704 bytes,      48248 total
- age   7:       4704 bytes,      52952 total
- age   8:       4704 bytes,      57656 total
- age   9:       4704 bytes,      62360 total
- age  10:       4704 bytes,      67064 total
- age  11:       4704 bytes,      71768 total
- age  12:       4704 bytes,      76472 total
- age  13:       4704 bytes,      81176 total
- age  14:       4704 bytes,      85880 total
- age  15:       4704 bytes,      90584 total
: 2264K->88K(2432K), 0.0006070 secs] 5705K->3533K(7936K), 0.0006930 secs] [Times: user=0.00 sys=0.00, real=0.00 secs] 
2017-07-06T17:12:41.507+0900: 13.211: [GC2017-07-06T17:12:41.507+0900: 13.211: [DefNew
Desired survivor size 131072 bytes, new threshold 15 (max 15)
- age   1:      24592 bytes,      24592 total
- age   2:       4840 bytes,      29432 total
- age   3:       4704 bytes,      34136 total
- age   4:       4704 bytes,      38840 total
- age   5:       4704 bytes,      43544 total
- age   6:       4704 bytes,      48248 total
- age   7:       4704 bytes,      52952 total
- age   8:       4704 bytes,      57656 total
- age   9:       4704 bytes,      62360 total
- age  10:       4704 bytes,      67064 total
- age  11:       4704 bytes,      71768 total
- age  12:       4704 bytes,      76472 total
- age  13:       4704 bytes,      81176 total
- age  14:       4704 bytes,      85880 total
- age  15:       4704 bytes,      90584 total
: 2264K->88K(2432K), 0.0005487 secs] 5709K->3538K(7936K), 0.0006198 secs] [Times: user=0.00 sys=0.00, real=0.00 secs] 
2017-07-06T17:12:41.528+0900: 13.232: [GC2017-07-06T17:12:41.528+0900: 13.232: [DefNew
Desired survivor size 131072 bytes, new threshold 15 (max 15)
- age   1:      24592 bytes,      24592 total
- age   2:       4840 bytes,      29432 total
- age   3:       4704 bytes,      34136 total
- age   4:       4704 bytes,      38840 total
- age   5:       4704 bytes,      43544 total
- age   6:       4704 bytes,      48248 total
- age   7:       4704 bytes,      52952 total
- age   8:       4704 bytes,      57656 total
- age   9:       4704 bytes,      62360 total
- age  10:       4704 bytes,      67064 total
- age  11:       4704 bytes,      71768 total
- age  12:       4704 bytes,      76472 total
- age  13:       4704 bytes,      81176 total
- age  14:       4704 bytes,      85880 total
- age  15:       4704 bytes,      90584 total
: 2264K->88K(2432K), 0.0005196 secs] 5714K->3543K(7936K), 0.0005830 secs] [Times: user=0.00 sys=0.00, real=0.00 secs] 
2017-07-06T17:12:41.550+0900: 13.254: [GC2017-07-06T17:12:41.550+0900: 13.254: [DefNew
Desired survivor size 131072 bytes, new threshold 15 (max 15)
- age   1:      24592 bytes,      24592 total
- age   2:       4840 bytes,      29432 total
- age   3:       4704 bytes,      34136 total
- age   4:       4704 bytes,      38840 total
- age   5:       4704 bytes,      43544 total
- age   6:       4704 bytes,      48248 total
- age   7:       4704 bytes,      52952 total
- age   8:       4704 bytes,      57656 total
- age   9:       4704 bytes,      62360 total
- age  10:       4704 bytes,      67064 total
- age  11:       4704 bytes,      71768 total
- age  12:       4704 bytes,      76472 total
- age  13:       4704 bytes,      81176 total
- age  14:       4704 bytes,      85880 total
- age  15:       4704 bytes,      90584 total
: 2264K->88K(2432K), 0.0005128 secs] 5719K->3547K(7936K), 0.0005770 secs] [Times: user=0.00 sys=0.00, real=0.00 secs] 
2017-07-06T17:12:41.571+0900: 13.275: [GC2017-07-06T17:12:41.571+0900: 13.275: [DefNew
Desired survivor size 131072 bytes, new threshold 15 (max 15)
- age   1:      24592 bytes,      24592 total
- age   2:       4840 bytes,      29432 total
- age   3:       4704 bytes,      34136 total
- age   4:       4704 bytes,      38840 total
- age   5:       4704 bytes,      43544 total
- age   6:       4704 bytes,      48248 total
- age   7:       4704 bytes,      52952 total
- age   8:       4704 bytes,      57656 total
- age   9:       4704 bytes,      62360 total
- age  10:       4704 bytes,      67064 total
- age  11:       4704 bytes,      71768 total
- age  12:       4704 bytes,      76472 total
- age  13:       4704 bytes,      81176 total
- age  14:       4704 bytes,      85880 total
- age  15:       4704 bytes,      90584 total
: 2264K->88K(2432K), 0.0005102 secs] 5723K->3552K(7936K), 0.0005779 secs] [Times: user=0.00 sys=0.00, real=0.00 secs] 
2017-07-06T17:12:41.595+0900: 13.299: [GC2017-07-06T17:12:41.596+0900: 13.299: [DefNew
Desired survivor size 131072 bytes, new threshold 15 (max 15)
- age   1:      24592 bytes,      24592 total
- age   2:       4840 bytes,      29432 total
- age   3:       4704 bytes,      34136 total
- age   4:       4704 bytes,      38840 total
- age   5:       4704 bytes,      43544 total
- age   6:       4704 bytes,      48248 total
- age   7:       4704 bytes,      52952 total
- age   8:       4704 bytes,      57656 total
- age   9:       4704 bytes,      62360 total
- age  10:       4704 bytes,      67064 total
- age  11:       4704 bytes,      71768 total
- age  12:       4704 bytes,      76472 total
- age  13:       4704 bytes,      81176 total
- age  14:       4704 bytes,      85880 total
- age  15:       4704 bytes,      90584 total
: 2264K->88K(2432K), 0.0005483 secs] 5728K->3556K(7936K), 0.0006232 secs] [Times: user=0.00 sys=0.00, real=0.00 secs] 
2017-07-06T17:12:41.620+0900: 13.324: [GC2017-07-06T17:12:41.620+0900: 13.324: [DefNew
Desired survivor size 131072 bytes, new threshold 15 (max 15)
- age   1:      24592 bytes,      24592 total
- age   2:       4840 bytes,      29432 total
- age   3:       4704 bytes,      34136 total
- age   4:       4704 bytes,      38840 total
- age   5:       4704 bytes,      43544 total
- age   6:       4704 bytes,      48248 total
- age   7:       4704 bytes,      52952 total
- age   8:       4704 bytes,      57656 total
- age   9:       4704 bytes,      62360 total
- age  10:       4704 bytes,      67064 total
- age  11:       4704 bytes,      71768 total
- age  12:       4704 bytes,      76472 total
- age  13:       4704 bytes,      81176 total
- age  14:       4704 bytes,      85880 total
- age  15:       4704 bytes,      90584 total
: 2264K->88K(2432K), 0.0005633 secs] 5732K->3561K(7936K), 0.0006352 secs] [Times: user=0.00 sys=0.00, real=0.00 secs] 
2017-07-06T17:12:41.643+0900: 13.346: [GC2017-07-06T17:12:41.643+0900: 13.346: [DefNew
Desired survivor size 131072 bytes, new threshold 15 (max 15)
- age   1:      24592 bytes,      24592 total
- age   2:       4840 bytes,      29432 total
- age   3:       4704 bytes,      34136 total
- age   4:       4704 bytes,      38840 total
- age   5:       4704 bytes,      43544 total
- age   6:       4704 bytes,      48248 total
- age   7:       4704 bytes,      52952 total
- age   8:       4704 bytes,      57656 total
- age   9:       4704 bytes,      62360 total
- age  10:       4704 bytes,      67064 total
- age  11:       4704 bytes,      71768 total
- age  12:       4704 bytes,      76472 total
- age  13:       4704 bytes,      81176 total
- age  14:       4704 bytes,      85880 total
- age  15:       4704 bytes,      90584 total
: 2264K->88K(2432K), 0.0005308 secs] 5737K->3566K(7936K), 0.0005997 secs] [Times: user=0.00 sys=0.00, real=0.00 secs] 
2017-07-06T17:12:41.664+0900: 13.368: [GC2017-07-06T17:12:41.664+0900: 13.368: [DefNew
Desired survivor size 131072 bytes, new threshold 15 (max 15)
- age   1:      24592 bytes,      24592 total
- age   2:       4840 bytes,      29432 total
- age   3:       4704 bytes,      34136 total
- age   4:       4704 bytes,      38840 total
- age   5:       4704 bytes,      43544 total
- age   6:       4704 bytes,      48248 total
- age   7:       4704 bytes,      52952 total
- age   8:       4704 bytes,      57656 total
- age   9:       4704 bytes,      62360 total
- age  10:       4704 bytes,      67064 total
- age  11:       4704 bytes,      71768 total
- age  12:       4704 bytes,      76472 total
- age  13:       4704 bytes,      81176 total
- age  14:       4704 bytes,      85880 total
- age  15:       4704 bytes,      90584 total
: 2264K->88K(2432K), 0.0005119 secs] 5742K->3570K(7936K), 0.0005791 secs] [Times: user=0.00 sys=0.00, real=0.00 secs] 
2017-07-06T17:12:41.686+0900: 13.390: [GC2017-07-06T17:12:41.686+0900: 13.390: [DefNew
Desired survivor size 131072 bytes, new threshold 15 (max 15)
- age   1:      24592 bytes,      24592 total
- age   2:       4840 bytes,      29432 total
- age   3:       4704 bytes,      34136 total
- age   4:       4704 bytes,      38840 total
- age   5:       4704 bytes,      43544 total
- age   6:       4704 bytes,      48248 total
- age   7:       4704 bytes,      52952 total
- age   8:       4704 bytes,      57656 total
- age   9:       4704 bytes,      62360 total
- age  10:       4704 bytes,      67064 total
- age  11:       4704 bytes,      71768 total
- age  12:       4704 bytes,      76472 total
- age  13:       4704 bytes,      81176 total
- age  14:       4704 bytes,      85880 total
- age  15:       4704 bytes,      90584 total
: 2264K->88K(2432K), 0.0005064 secs] 5746K->3575K(7936K), 0.0005697 secs] [Times: user=0.00 sys=0.00, real=0.00 secs] 
2017-07-06T17:12:41.707+0900: 13.411: [GC2017-07-06T17:12:41.708+0900: 13.411: [DefNew
Desired survivor size 131072 bytes, new threshold 15 (max 15)
- age   1:      24592 bytes,      24592 total
- age   2:       4840 bytes,      29432 total
- age   3:       4704 bytes,      34136 total
- age   4:       4704 bytes,      38840 total
- age   5:       4704 bytes,      43544 total
- age   6:       4704 bytes,      48248 total
- age   7:       4704 bytes,      52952 total
- age   8:       4704 bytes,      57656 total
- age   9:       4704 bytes,      62360 total
- age  10:       4704 bytes,      67064 total
- age  11:       4704 bytes,      71768 total
- age  12:       4704 bytes,      76472 total
- age  13:       4704 bytes,      81176 total
- age  14:       4704 bytes,      85880 total
- age  15:       4704 bytes,      90584 total
: 2264K->88K(2432K), 0.0005085 secs] 5751K->3579K(7936K), 0.0005706 secs] [Times: user=0.00 sys=0.00, real=0.00 secs] 
2017-07-06T17:12:41.735+0900: 13.438: [GC2017-07-06T17:12:41.735+0900: 13.438: [DefNew
Desired survivor size 131072 bytes, new threshold 15 (max 15)
- age   1:      24592 bytes,      24592 total
- age   2:       4840 bytes,      29432 total
- age   3:       4704 bytes,      34136 total
- age   4:       4704 bytes,      38840 total
- age   5:       4704 bytes,      43544 total
- age   6:       4704 bytes,      48248 total
- age   7:       4704 bytes,      52952 total
- age   8:       4704 bytes,      57656 total
- age   9:       4704 bytes,      62360 total
- age  10:       4704 bytes,      67064 total
- age  11:       4704 bytes,      71768 total
- age  12:       4704 bytes,      76472 total
- age  13:       4704 bytes,      81176 total
- age  14:       4704 bytes,      85880 total
- age  15:       4704 bytes,      90584 total
: 2264K->88K(2432K), 0.0005449 secs] 5755K->3584K(7936K), 0.0006134 secs] [Times: user=0.00 sys=0.00, real=0.00 secs] 
2017-07-06T17:12:41.757+0900: 13.461: [GC2017-07-06T17:12:41.757+0900: 13.461: [DefNew
Desired survivor size 131072 bytes, new threshold 15 (max 15)
- age   1:      24592 bytes,      24592 total
- age   2:       4840 bytes,      29432 total
- age   3:       4704 bytes,      34136 total
- age   4:       4704 bytes,      38840 total
- age   5:       4704 bytes,      43544 total
- age   6:       4704 bytes,      48248 total
- age   7:       4704 bytes,      52952 total
- age   8:       4704 bytes,      57656 total
- age   9:       4704 bytes,      62360 total
- age  10:       4704 bytes,      67064 total
- age  11:       4704 bytes,      71768 total
- age  12:       4704 bytes,      76472 total
- age  13:       4704 bytes,      81176 total
- age  14:       4704 bytes,      85880 total
- age  15:       4704 bytes,      90584 total
: 2264K->88K(2432K), 0.0005286 secs] 5760K->3588K(7936K), 0.0006010 secs] [Times: user=0.00 sys=0.00, real=0.00 secs] 
2017-07-06T17:12:41.778+0900: 13.482: [GC2017-07-06T17:12:41.778+0900: 13.482: [DefNew
Desired survivor size 131072 bytes, new threshold 15 (max 15)
- age   1:      24592 bytes,      24592 total
- age   2:       4840 bytes,      29432 total
- age   3:       4704 bytes,      34136 total
- age   4:       4704 bytes,      38840 total
- age   5:       4704 bytes,      43544 total
- age   6:       4704 bytes,      48248 total
- age   7:       4704 bytes,      52952 total
- age   8:       4704 bytes,      57656 total
- age   9:       4704 bytes,      62360 total
- age  10:       4704 bytes,      67064 total
- age  11:       4704 bytes,      71768 total
- age  12:       4704 bytes,      76472 total
- age  13:       4704 bytes,      81176 total
- age  14:       4704 bytes,      85880 total
- age  15:       4704 bytes,      90584 total
: 2264K->88K(2432K), 0.0005124 secs] 5764K->3593K(7936K), 0.0005740 secs] [Times: user=0.00 sys=0.00, real=0.00 secs] 
2017-07-06T17:12:41.800+0900: 13.504: [GC2017-07-06T17:12:41.800+0900: 13.504: [DefNew
Desired survivor size 131072 bytes, new threshold 15 (max 15)
- age   1:      24592 bytes,      24592 total
- age   2:       4840 bytes,      29432 total
- age   3:       4704 bytes,      34136 total
- age   4:       4704 bytes,      38840 total
- age   5:       4704 bytes,      43544 total
- age   6:       4704 bytes,      48248 total
- age   7:       4704 bytes,      52952 total
- age   8:       4704 bytes,      57656 total
- age   9:       4704 bytes,      62360 total
- age  10:       4704 bytes,      67064 total
- age  11:       4704 bytes,      71768 total
- age  12:       4704 bytes,      76472 total
- age  13:       4704 bytes,      81176 total
- age  14:       4704 bytes,      85880 total
- age  15:       4704 bytes,      90584 total
: 2264K->88K(2432K), 0.0005115 secs] 5769K->3598K(7936K), 0.0005723 secs] [Times: user=0.00 sys=0.00, real=0.00 secs] 
2017-07-06T17:12:41.821+0900: 13.525: [GC2017-07-06T17:12:41.821+0900: 13.525: [DefNew
Desired survivor size 131072 bytes, new threshold 15 (max 15)
- age   1:      24592 bytes,      24592 total
- age   2:       4840 bytes,      29432 total
- age   3:       4704 bytes,      34136 total
- age   4:       4704 bytes,      38840 total
- age   5:       4704 bytes,      43544 total
- age   6:       4704 bytes,      48248 total
- age   7:       4704 bytes,      52952 total
- age   8:       4704 bytes,      57656 total
- age   9:       4704 bytes,      62360 total
- age  10:       4704 bytes,      67064 total
- age  11:       4704 bytes,      71768 total
- age  12:       4704 bytes,      76472 total
- age  13:       4704 bytes,      81176 total
- age  14:       4704 bytes,      85880 total
- age  15:       4704 bytes,      90584 total
: 2264K->88K(2432K), 0.0005094 secs] 5774K->3602K(7936K), 0.0005723 secs] [Times: user=0.00 sys=0.00, real=0.00 secs] 
2017-07-06T17:12:41.847+0900: 13.550: [GC2017-07-06T17:12:41.847+0900: 13.551: [DefNew
Desired survivor size 131072 bytes, new threshold 15 (max 15)
- age   1:      24592 bytes,      24592 total
- age   2:       4840 bytes,      29432 total
- age   3:       4704 bytes,      34136 total
- age   4:       4704 bytes,      38840 total
- age   5:       4704 bytes,      43544 total
- age   6:       4704 bytes,      48248 total
- age   7:       4704 bytes,      52952 total
- age   8:       4704 bytes,      57656 total
- age   9:       4704 bytes,      62360 total
- age  10:       4704 bytes,      67064 total
- age  11:       4704 bytes,      71768 total
- age  12:       4704 bytes,      76472 total
- age  13:       4704 bytes,      81176 total
- age  14:       4704 bytes,      85880 total
- age  15:       4704 bytes,      90584 total
: 2264K->88K(2432K), 0.0005980 secs] 5778K->3607K(7936K), 0.0006870 secs] [Times: user=0.00 sys=0.00, real=0.00 secs] 
2017-07-06T17:12:41.869+0900: 13.573: [GC2017-07-06T17:12:41.869+0900: 13.573: [DefNew
Desired survivor size 131072 bytes, new threshold 15 (max 15)
- age   1:      24592 bytes,      24592 total
- age   2:       4840 bytes,      29432 total
- age   3:       4704 bytes,      34136 total
- age   4:       4704 bytes,      38840 total
- age   5:       4704 bytes,      43544 total
- age   6:       4704 bytes,      48248 total
- age   7:       4704 bytes,      52952 total
- age   8:       4704 bytes,      57656 total
- age   9:       4704 bytes,      62360 total
- age  10:       4704 bytes,      67064 total
- age  11:       4704 bytes,      71768 total
- age  12:       4704 bytes,      76472 total
- age  13:       4704 bytes,      81176 total
- age  14:       4704 bytes,      85880 total
- age  15:       4704 bytes,      90584 total
: 2264K->88K(2432K), 0.0005453 secs] 5783K->3611K(7936K), 0.0006151 secs] [Times: user=0.02 sys=0.00, real=0.00 secs] 
2017-07-06T17:12:41.891+0900: 13.595: [GC2017-07-06T17:12:41.891+0900: 13.595: [DefNew
Desired survivor size 131072 bytes, new threshold 15 (max 15)
- age   1:      24592 bytes,      24592 total
- age   2:       4840 bytes,      29432 total
- age   3:       4704 bytes,      34136 total
- age   4:       4704 bytes,      38840 total
- age   5:       4704 bytes,      43544 total
- age   6:       4704 bytes,      48248 total
- age   7:       4704 bytes,      52952 total
- age   8:       4704 bytes,      57656 total
- age   9:       4704 bytes,      62360 total
- age  10:       4704 bytes,      67064 total
- age  11:       4704 bytes,      71768 total
- age  12:       4704 bytes,      76472 total
- age  13:       4704 bytes,      81176 total
- age  14:       4704 bytes,      85880 total
- age  15:       4704 bytes,      90584 total
: 2264K->88K(2432K), 0.0005385 secs] 5787K->3616K(7936K), 0.0006048 secs] [Times: user=0.00 sys=0.00, real=0.00 secs] 
2017-07-06T17:12:41.913+0900: 13.616: [GC2017-07-06T17:12:41.913+0900: 13.616: [DefNew
Desired survivor size 131072 bytes, new threshold 15 (max 15)
- age   1:      24592 bytes,      24592 total
- age   2:       4840 bytes,      29432 total
- age   3:       4704 bytes,      34136 total
- age   4:       4704 bytes,      38840 total
- age   5:       4704 bytes,      43544 total
- age   6:       4704 bytes,      48248 total
- age   7:       4704 bytes,      52952 total
- age   8:       4704 bytes,      57656 total
- age   9:       4704 bytes,      62360 total
- age  10:       4704 bytes,      67064 total
- age  11:       4704 bytes,      71768 total
- age  12:       4704 bytes,      76472 total
- age  13:       4704 bytes,      81176 total
- age  14:       4704 bytes,      85880 total
- age  15:       4704 bytes,      90584 total
: 2264K->88K(2432K), 0.0005072 secs] 5792K->3621K(7936K), 0.0005689 secs] [Times: user=0.00 sys=0.00, real=0.00 secs] 
2017-07-06T17:12:41.934+0900: 13.638: [GC2017-07-06T17:12:41.934+0900: 13.638: [DefNew
Desired survivor size 131072 bytes, new threshold 15 (max 15)
- age   1:      24592 bytes,      24592 total
- age   2:       4840 bytes,      29432 total
- age   3:       4704 bytes,      34136 total
- age   4:       4704 bytes,      38840 total
- age   5:       4704 bytes,      43544 total
- age   6:       4704 bytes,      48248 total
- age   7:       4704 bytes,      52952 total
- age   8:       4704 bytes,      57656 total
- age   9:       4704 bytes,      62360 total
- age  10:       4704 bytes,      67064 total
- age  11:       4704 bytes,      71768 total
- age  12:       4704 bytes,      76472 total
- age  13:       4704 bytes,      81176 total
- age  14:       4704 bytes,      85880 total
- age  15:       4704 bytes,      90584 total
: 2264K->88K(2432K), 0.0005094 secs] 5797K->3625K(7936K), 0.0005723 secs] [Times: user=0.00 sys=0.00, real=0.00 secs] 
2017-07-06T17:12:41.958+0900: 13.662: [GC2017-07-06T17:12:41.958+0900: 13.662: [DefNew
Desired survivor size 131072 bytes, new threshold 15 (max 15)
- age   1:      24592 bytes,      24592 total
- age   2:       4840 bytes,      29432 total
- age   3:       4704 bytes,      34136 total
- age   4:       4704 bytes,      38840 total
- age   5:       4704 bytes,      43544 total
- age   6:       4704 bytes,      48248 total
- age   7:       4704 bytes,      52952 total
- age   8:       4704 bytes,      57656 total
- age   9:       4704 bytes,      62360 total
- age  10:       4704 bytes,      67064 total
- age  11:       4704 bytes,      71768 total
- age  12:       4704 bytes,      76472 total
- age  13:       4704 bytes,      81176 total
- age  14:       4704 bytes,      85880 total
- age  15:       4704 bytes,      90584 total
: 2264K->88K(2432K), 0.0005706 secs] 5801K->3630K(7936K), 0.0006481 secs] [Times: user=0.00 sys=0.00, real=0.00 secs] 
2017-07-06T17:12:41.983+0900: 13.687: [GC2017-07-06T17:12:41.983+0900: 13.687: [DefNew
Desired survivor size 131072 bytes, new threshold 15 (max 15)
- age   1:      24592 bytes,      24592 total
- age   2:       4840 bytes,      29432 total
- age   3:       4704 bytes,      34136 total
- age   4:       4704 bytes,      38840 total
- age   5:       4704 bytes,      43544 total
- age   6:       4704 bytes,      48248 total
- age   7:       4704 bytes,      52952 total
- age   8:       4704 bytes,      57656 total
- age   9:       4704 bytes,      62360 total
- age  10:       4704 bytes,      67064 total
- age  11:       4704 bytes,      71768 total
- age  12:       4704 bytes,      76472 total
- age  13:       4704 bytes,      81176 total
- age  14:       4704 bytes,      85880 total
- age  15:       4704 bytes,      90584 total
: 2264K->88K(2432K), 0.0005475 secs] 5806K->3634K(7936K), 0.0006177 secs] [Times: user=0.00 sys=0.00, real=0.00 secs] 
2017-07-06T17:12:42.005+0900: 13.709: [GC2017-07-06T17:12:42.005+0900: 13.709: [DefNew
Desired survivor size 131072 bytes, new threshold 15 (max 15)
- age   1:      24592 bytes,      24592 total
- age   2:       4840 bytes,      29432 total
- age   3:       4704 bytes,      34136 total
- age   4:       4704 bytes,      38840 total
- age   5:       4704 bytes,      43544 total
- age   6:       4704 bytes,      48248 total
- age   7:       4704 bytes,      52952 total
- age   8:       4704 bytes,      57656 total
- age   9:       4704 bytes,      62360 total
- age  10:       4704 bytes,      67064 total
- age  11:       4704 bytes,      71768 total
- age  12:       4704 bytes,      76472 total
- age  13:       4704 bytes,      81176 total
- age  14:       4704 bytes,      85880 total
- age  15:       4704 bytes,      90584 total
: 2264K->88K(2432K), 0.0005218 secs] 5810K->3639K(7936K), 0.0005864 secs] [Times: user=0.00 sys=0.00, real=0.00 secs] 
2017-07-06T17:12:42.026+0900: 13.730: [GC2017-07-06T17:12:42.026+0900: 13.730: [DefNew
Desired survivor size 131072 bytes, new threshold 15 (max 15)
- age   1:      24592 bytes,      24592 total
- age   2:       4840 bytes,      29432 total
- age   3:       4704 bytes,      34136 total
- age   4:       4704 bytes,      38840 total
- age   5:       4704 bytes,      43544 total
- age   6:       4704 bytes,      48248 total
- age   7:       4704 bytes,      52952 total
- age   8:       4704 bytes,      57656 total
- age   9:       4704 bytes,      62360 total
- age  10:       4704 bytes,      67064 total
- age  11:       4704 bytes,      71768 total
- age  12:       4704 bytes,      76472 total
- age  13:       4704 bytes,      81176 total
- age  14:       4704 bytes,      85880 total
- age  15:       4704 bytes,      90584 total
: 2264K->88K(2432K), 0.0005226 secs] 5815K->3644K(7936K), 0.0005864 secs] [Times: user=0.00 sys=0.00, real=0.00 secs] 
2017-07-06T17:12:42.048+0900: 13.752: [GC2017-07-06T17:12:42.048+0900: 13.752: [DefNew
Desired survivor size 131072 bytes, new threshold 15 (max 15)
- age   1:      24592 bytes,      24592 total
- age   2:       4840 bytes,      29432 total
- age   3:       4704 bytes,      34136 total
- age   4:       4704 bytes,      38840 total
- age   5:       4704 bytes,      43544 total
- age   6:       4704 bytes,      48248 total
- age   7:       4704 bytes,      52952 total
- age   8:       4704 bytes,      57656 total
- age   9:       4704 bytes,      62360 total
- age  10:       4704 bytes,      67064 total
- age  11:       4704 bytes,      71768 total
- age  12:       4704 bytes,      76472 total
- age  13:       4704 bytes,      81176 total
- age  14:       4704 bytes,      85880 total
- age  15:       4704 bytes,      90584 total
: 2264K->88K(2432K), 0.0005059 secs] 5820K->3648K(7936K), 0.0006986 secs] [Times: user=0.00 sys=0.00, real=0.00 secs] 
2017-07-06T17:12:42.070+0900: 13.774: [GC2017-07-06T17:12:42.070+0900: 13.774: [DefNew
Desired survivor size 131072 bytes, new threshold 15 (max 15)
- age   1:      24592 bytes,      24592 total
- age   2:       4840 bytes,      29432 total
- age   3:       4704 bytes,      34136 total
- age   4:       4704 bytes,      38840 total
- age   5:       4704 bytes,      43544 total
- age   6:       4704 bytes,      48248 total
- age   7:       4704 bytes,      52952 total
- age   8:       4704 bytes,      57656 total
- age   9:       4704 bytes,      62360 total
- age  10:       4704 bytes,      67064 total
- age  11:       4704 bytes,      71768 total
- age  12:       4704 bytes,      76472 total
- age  13:       4704 bytes,      81176 total
- age  14:       4704 bytes,      85880 total
- age  15:       4704 bytes,      90584 total
: 2264K->88K(2432K), 0.0005629 secs] 5824K->3653K(7936K), 0.0006344 secs] [Times: user=0.00 sys=0.00, real=0.00 secs] 
2017-07-06T17:12:42.097+0900: 13.801: [GC2017-07-06T17:12:42.097+0900: 13.801: [DefNew
Desired survivor size 131072 bytes, new threshold 15 (max 15)
- age   1:      24592 bytes,      24592 total
- age   2:       4840 bytes,      29432 total
- age   3:       4704 bytes,      34136 total
- age   4:       4704 bytes,      38840 total
- age   5:       4704 bytes,      43544 total
- age   6:       4704 bytes,      48248 total
- age   7:       4704 bytes,      52952 total
- age   8:       4704 bytes,      57656 total
- age   9:       4704 bytes,      62360 total
- age  10:       4704 bytes,      67064 total
- age  11:       4704 bytes,      71768 total
- age  12:       4704 bytes,      76472 total
- age  13:       4704 bytes,      81176 total
- age  14:       4704 bytes,      85880 total
- age  15:       4704 bytes,      90584 total
: 2264K->88K(2432K), 0.0005487 secs] 5829K->3657K(7936K), 0.0006211 secs] [Times: user=0.00 sys=0.00, real=0.00 secs] 
2017-07-06T17:12:42.119+0900: 13.823: [GC2017-07-06T17:12:42.119+0900: 13.823: [DefNew
Desired survivor size 131072 bytes, new threshold 15 (max 15)
- age   1:      24592 bytes,      24592 total
- age   2:       4840 bytes,      29432 total
- age   3:       4704 bytes,      34136 total
- age   4:       4704 bytes,      38840 total
- age   5:       4704 bytes,      43544 total
- age   6:       4704 bytes,      48248 total
- age   7:       4704 bytes,      52952 total
- age   8:       4704 bytes,      57656 total
- age   9:       4704 bytes,      62360 total
- age  10:       4704 bytes,      67064 total
- age  11:       4704 bytes,      71768 total
- age  12:       4704 bytes,      76472 total
- age  13:       4704 bytes,      81176 total
- age  14:       4704 bytes,      85880 total
- age  15:       4704 bytes,      90584 total
: 2264K->88K(2432K), 0.0005389 secs] 5833K->3662K(7936K), 0.0006082 secs] [Times: user=0.00 sys=0.00, real=0.00 secs] 
2017-07-06T17:12:42.141+0900: 13.845: [GC2017-07-06T17:12:42.141+0900: 13.845: [DefNew
Desired survivor size 131072 bytes, new threshold 15 (max 15)
- age   1:      24592 bytes,      24592 total
- age   2:       4840 bytes,      29432 total
- age   3:       4704 bytes,      34136 total
- age   4:       4704 bytes,      38840 total
- age   5:       4704 bytes,      43544 total
- age   6:       4704 bytes,      48248 total
- age   7:       4704 bytes,      52952 total
- age   8:       4704 bytes,      57656 total
- age   9:       4704 bytes,      62360 total
- age  10:       4704 bytes,      67064 total
- age  11:       4704 bytes,      71768 total
- age  12:       4704 bytes,      76472 total
- age  13:       4704 bytes,      81176 total
- age  14:       4704 bytes,      85880 total
- age  15:       4704 bytes,      90584 total
: 2264K->88K(2432K), 0.0005231 secs] 5838K->3667K(7936K), 0.0005937 secs] [Times: user=0.00 sys=0.00, real=0.00 secs] 
2017-07-06T17:12:42.163+0900: 13.866: [GC2017-07-06T17:12:42.163+0900: 13.867: [DefNew
Desired survivor size 131072 bytes, new threshold 15 (max 15)
- age   1:      24592 bytes,      24592 total
- age   2:       4840 bytes,      29432 total
- age   3:       4704 bytes,      34136 total
- age   4:       4704 bytes,      38840 total
- age   5:       4704 bytes,      43544 total
- age   6:       4704 bytes,      48248 total
- age   7:       4704 bytes,      52952 total
- age   8:       4704 bytes,      57656 total
- age   9:       4704 bytes,      62360 total
- age  10:       4704 bytes,      67064 total
- age  11:       4704 bytes,      71768 total
- age  12:       4704 bytes,      76472 total
- age  13:       4704 bytes,      81176 total
- age  14:       4704 bytes,      85880 total
- age  15:       4704 bytes,      90584 total
: 2264K->88K(2432K), 0.0005068 secs] 5843K->3671K(7936K), 0.0005697 secs] [Times: user=0.00 sys=0.00, real=0.00 secs] 
2017-07-06T17:12:42.184+0900: 13.888: [GC2017-07-06T17:12:42.184+0900: 13.888: [DefNew
Desired survivor size 131072 bytes, new threshold 15 (max 15)
- age   1:      24592 bytes,      24592 total
- age   2:       4840 bytes,      29432 total
- age   3:       4704 bytes,      34136 total
- age   4:       4704 bytes,      38840 total
- age   5:       4704 bytes,      43544 total
- age   6:       4704 bytes,      48248 total
- age   7:       4704 bytes,      52952 total
- age   8:       4704 bytes,      57656 total
- age   9:       4704 bytes,      62360 total
- age  10:       4704 bytes,      67064 total
- age  11:       4704 bytes,      71768 total
- age  12:       4704 bytes,      76472 total
- age  13:       4704 bytes,      81176 total
- age  14:       4704 bytes,      85880 total
- age  15:       4704 bytes,      90584 total
: 2264K->88K(2432K), 0.0005102 secs] 5847K->3676K(7936K), 0.0005719 secs] [Times: user=0.00 sys=0.00, real=0.00 secs] 
2017-07-06T17:12:42.206+0900: 13.910: [GC2017-07-06T17:12:42.206+0900: 13.910: [DefNew
Desired survivor size 131072 bytes, new threshold 15 (max 15)
- age   1:      24592 bytes,      24592 total
- age   2:       4840 bytes,      29432 total
- age   3:       4704 bytes,      34136 total
- age   4:       4704 bytes,      38840 total
- age   5:       4704 bytes,      43544 total
- age   6:       4704 bytes,      48248 total
- age   7:       4704 bytes,      52952 total
- age   8:       4704 bytes,      57656 total
- age   9:       4704 bytes,      62360 total
- age  10:       4704 bytes,      67064 total
- age  11:       4704 bytes,      71768 total
- age  12:       4704 bytes,      76472 total
- age  13:       4704 bytes,      81176 total
- age  14:       4704 bytes,      85880 total
- age  15:       4704 bytes,      90584 total
: 2264K->88K(2432K), 0.0005736 secs] 5852K->3680K(7936K), 0.0006506 secs] [Times: user=0.00 sys=0.00, real=0.00 secs] 
2017-07-06T17:12:42.227+0900: 13.931: [GC2017-07-06T17:12:42.227+0900: 13.931: [DefNew
Desired survivor size 131072 bytes, new threshold 15 (max 15)
- age   1:      22480 bytes,      22480 total
- age   2:       4840 bytes,      27320 total
- age   3:       4704 bytes,      32024 total
- age   4:       4704 bytes,      36728 total
- age   5:       4704 bytes,      41432 total
- age   6:       4704 bytes,      46136 total
- age   7:       4704 bytes,      50840 total
- age   8:       4704 bytes,      55544 total
- age   9:       4704 bytes,      60248 total
- age  10:       4704 bytes,      64952 total
- age  11:       4704 bytes,      69656 total
- age  12:       4704 bytes,      74360 total
- age  13:       4704 bytes,      79064 total
- age  14:       4704 bytes,      83768 total
- age  15:       4704 bytes,      88472 total
: 2258K->86K(2432K), 0.0010560 secs] 5850K->3961K(7936K), 0.0011369 secs] [Times: user=0.02 sys=0.00, real=0.00 secs] 
2017-07-06T17:12:42.249+0900: 13.953: [GC2017-07-06T17:12:42.249+0900: 13.953: [DefNew
Desired survivor size 131072 bytes, new threshold 15 (max 15)
- age   1:      16384 bytes,      16384 total
- age   2:       4224 bytes,      20608 total
- age   3:       4704 bytes,      25312 total
- age   4:       4704 bytes,      30016 total
- age   5:       4704 bytes,      34720 total
- age   6:       4704 bytes,      39424 total
- age   7:       4704 bytes,      44128 total
- age   8:       4704 bytes,      48832 total
- age   9:       4704 bytes,      53536 total
- age  10:       4704 bytes,      58240 total
- age  11:       4704 bytes,      62944 total
- age  12:       4704 bytes,      67648 total
- age  13:       4704 bytes,      72352 total
- age  14:       4704 bytes,      77056 total
- age  15:       4704 bytes,      81760 total
: 2255K->79K(2432K), 0.0005423 secs] 6130K->3959K(7936K), 0.0006078 secs] [Times: user=0.00 sys=0.00, real=0.00 secs] 
2017-07-06T17:12:42.270+0900: 13.974: [GC2017-07-06T17:12:42.270+0900: 13.974: [DefNew
Desired survivor size 131072 bytes, new threshold 15 (max 15)
- age   1:      24400 bytes,      24400 total
- age   2:       4840 bytes,      29240 total
- age   3:       4088 bytes,      33328 total
- age   4:       4704 bytes,      38032 total
- age   5:       4704 bytes,      42736 total
- age   6:       4704 bytes,      47440 total
- age   7:       4704 bytes,      52144 total
- age   8:       4704 bytes,      56848 total
- age   9:       4704 bytes,      61552 total
- age  10:       4704 bytes,      66256 total
- age  11:       4704 bytes,      70960 total
- age  12:       4704 bytes,      75664 total
- age  13:       4704 bytes,      80368 total
- age  14:       4704 bytes,      85072 total
- age  15:       4704 bytes,      89776 total
: 2240K->87K(2432K), 0.0005269 secs] 6119K->3971K(7936K), 0.0005886 secs] [Times: user=0.00 sys=0.00, real=0.00 secs] 
2017-07-06T17:12:42.294+0900: 13.998: [GC2017-07-06T17:12:42.294+0900: 13.998: [DefNew
Desired survivor size 131072 bytes, new threshold 15 (max 15)
- age   1:      16384 bytes,      16384 total
- age   2:       4784 bytes,      21168 total
- age   3:       4704 bytes,      25872 total
- age   4:       4088 bytes,      29960 total
- age   5:       4704 bytes,      34664 total
- age   6:       4704 bytes,      39368 total
- age   7:       4704 bytes,      44072 total
- age   8:       4704 bytes,      48776 total
- age   9:       4704 bytes,      53480 total
- age  10:       4704 bytes,      58184 total
- age  11:       4704 bytes,      62888 total
- age  12:       4704 bytes,      67592 total
- age  13:       4704 bytes,      72296 total
- age  14:       4704 bytes,      77000 total
- age  15:       4704 bytes,      81704 total
: 2263K->79K(2432K), 0.0005419 secs] 6147K->3968K(7936K), 0.0006074 secs] [Times: user=0.00 sys=0.00, real=0.00 secs] 
2017-07-06T17:12:42.317+0900: 14.020: [GC2017-07-06T17:12:42.317+0900: 14.021: [DefNew
Desired survivor size 131072 bytes, new threshold 15 (max 15)
- age   1:      24400 bytes,      24400 total
- age   2:       4840 bytes,      29240 total
- age   3:       4648 bytes,      33888 total
- age   4:       4704 bytes,      38592 total
- age   5:       4088 bytes,      42680 total
- age   6:       4704 bytes,      47384 total
- age   7:       4704 bytes,      52088 total
- age   8:       4704 bytes,      56792 total
- age   9:       4704 bytes,      61496 total
- age  10:       4704 bytes,      66200 total
- age  11:       4704 bytes,      70904 total
- age  12:       4704 bytes,      75608 total
- age  13:       4704 bytes,      80312 total
- age  14:       4704 bytes,      85016 total
- age  15:       4704 bytes,      89720 total
: 2239K->87K(2432K), 0.0006117 secs] 6128K->3980K(7936K), 0.0006977 secs] [Times: user=0.00 sys=0.00, real=0.00 secs] 
2017-07-06T17:12:42.340+0900: 14.044: [GC2017-07-06T17:12:42.340+0900: 14.044: [DefNew
Desired survivor size 131072 bytes, new threshold 15 (max 15)
- age   1:      16384 bytes,      16384 total
- age   2:       4784 bytes,      21168 total
- age   3:       4704 bytes,      25872 total
- age   4:       4648 bytes,      30520 total
- age   5:       4704 bytes,      35224 total
- age   6:       4088 bytes,      39312 total
- age   7:       4704 bytes,      44016 total
- age   8:       4704 bytes,      48720 total
- age   9:       4704 bytes,      53424 total
- age  10:       4704 bytes,      58128 total
- age  11:       4704 bytes,      62832 total
- age  12:       4704 bytes,      67536 total
- age  13:       4704 bytes,      72240 total
- age  14:       4704 bytes,      76944 total
- age  15:       4704 bytes,      81648 total
: 2263K->79K(2432K), 0.0006104 secs] 6156K->3977K(7936K), 0.0006964 secs] [Times: user=0.00 sys=0.00, real=0.00 secs] 
2017-07-06T17:12:42.362+0900: 14.066: [GC2017-07-06T17:12:42.362+0900: 14.066: [DefNew
Desired survivor size 131072 bytes, new threshold 15 (max 15)
- age   1:      24400 bytes,      24400 total
- age   2:       4840 bytes,      29240 total
- age   3:       4648 bytes,      33888 total
- age   4:       4704 bytes,      38592 total
- age   5:       4648 bytes,      43240 total
- age   6:       4704 bytes,      47944 total
- age   7:       4088 bytes,      52032 total
- age   8:       4704 bytes,      56736 total
- age   9:       4704 bytes,      61440 total
- age  10:       4704 bytes,      66144 total
- age  11:       4704 bytes,      70848 total
- age  12:       4704 bytes,      75552 total
- age  13:       4704 bytes,      80256 total
- age  14:       4704 bytes,      84960 total
- age  15:       4704 bytes,      89664 total
: 2241K->87K(2432K), 0.0005595 secs] 6139K->3990K(7936K), 0.0006322 secs] [Times: user=0.00 sys=0.00, real=0.00 secs] 
2017-07-06T17:12:42.384+0900: 14.088: [GC2017-07-06T17:12:42.384+0900: 14.088: [DefNew
Desired survivor size 131072 bytes, new threshold 15 (max 15)
- age   1:      16384 bytes,      16384 total
- age   2:       4784 bytes,      21168 total
- age   3:       4704 bytes,      25872 total
- age   4:       4648 bytes,      30520 total
- age   5:       4704 bytes,      35224 total
- age   6:       4648 bytes,      39872 total
- age   7:       4704 bytes,      44576 total
- age   8:       4088 bytes,      48664 total
- age   9:       4704 bytes,      53368 total
- age  10:       4704 bytes,      58072 total
- age  11:       4704 bytes,      62776 total
- age  12:       4704 bytes,      67480 total
- age  13:       4704 bytes,      72184 total
- age  14:       4704 bytes,      76888 total
- age  15:       4704 bytes,      81592 total
: 2263K->79K(2432K), 0.0005338 secs] 6166K->3986K(7936K), 0.0005988 secs] [Times: user=0.00 sys=0.00, real=0.00 secs] 
2017-07-06T17:12:42.406+0900: 14.110: [GC2017-07-06T17:12:42.406+0900: 14.110: [DefNew
Desired survivor size 131072 bytes, new threshold 15 (max 15)
- age   1:      24400 bytes,      24400 total
- age   2:       4840 bytes,      29240 total
- age   3:       4648 bytes,      33888 total
- age   4:       4704 bytes,      38592 total
- age   5:       4648 bytes,      43240 total
- age   6:       4704 bytes,      47944 total
- age   7:       4648 bytes,      52592 total
- age   8:       4704 bytes,      57296 total
- age   9:       4088 bytes,      61384 total
- age  10:       4704 bytes,      66088 total
- age  11:       4704 bytes,      70792 total
- age  12:       4704 bytes,      75496 total
- age  13:       4704 bytes,      80200 total
- age  14:       4704 bytes,      84904 total
- age  15:       4704 bytes,      89608 total
: 2240K->87K(2432K), 0.0005175 secs] 6147K->3999K(7936K), 0.0005804 secs] [Times: user=0.00 sys=0.00, real=0.00 secs] 
2017-07-06T17:12:42.430+0900: 14.134: [GC2017-07-06T17:12:42.430+0900: 14.134: [DefNew
Desired survivor size 131072 bytes, new threshold 15 (max 15)
- age   1:      16384 bytes,      16384 total
- age   2:       4784 bytes,      21168 total
- age   3:       4704 bytes,      25872 total
- age   4:       4648 bytes,      30520 total
- age   5:       4704 bytes,      35224 total
- age   6:       4648 bytes,      39872 total
- age   7:       4704 bytes,      44576 total
- age   8:       4648 bytes,      49224 total
- age   9:       4704 bytes,      53928 total
- age  10:       4088 bytes,      58016 total
- age  11:       4704 bytes,      62720 total
- age  12:       4704 bytes,      67424 total
- age  13:       4704 bytes,      72128 total
- age  14:       4704 bytes,      76832 total
- age  15:       4704 bytes,      81536 total
: 2263K->79K(2432K), 0.0005629 secs] 6175K->3995K(7936K), 0.0006438 secs] [Times: user=0.01 sys=0.00, real=0.00 secs] 
2017-07-06T17:12:42.455+0900: 14.159: [GC2017-07-06T17:12:42.455+0900: 14.159: [DefNew
Desired survivor size 131072 bytes, new threshold 15 (max 15)
- age   1:      16384 bytes,      16384 total
- age   2:       4840 bytes,      21224 total
- age   3:       4648 bytes,      25872 total
- age   4:       4704 bytes,      30576 total
- age   5:       4648 bytes,      35224 total
- age   6:       4704 bytes,      39928 total
- age   7:       4648 bytes,      44576 total
- age   8:       4704 bytes,      49280 total
- age   9:       4648 bytes,      53928 total
- age  10:       4704 bytes,      58632 total
- age  11:       4088 bytes,      62720 total
- age  12:       4704 bytes,      67424 total
- age  13:       4704 bytes,      72128 total
- age  14:       4704 bytes,      76832 total
- age  15:       4704 bytes,      81536 total
: 2255K->79K(2432K), 0.0007140 secs] 6171K->4000K(7936K), 0.0008000 secs] [Times: user=0.00 sys=0.00, real=0.00 secs] 
2017-07-06T17:12:42.477+0900: 14.181: [GC2017-07-06T17:12:42.477+0900: 14.181: [DefNew
Desired survivor size 131072 bytes, new threshold 15 (max 15)
- age   1:      24400 bytes,      24400 total
- age   2:       4840 bytes,      29240 total
- age   3:       4704 bytes,      33944 total
- age   4:       4648 bytes,      38592 total
- age   5:       4704 bytes,      43296 total
- age   6:       4648 bytes,      47944 total
- age   7:       4704 bytes,      52648 total
- age   8:       4648 bytes,      57296 total
- age   9:       4704 bytes,      62000 total
- age  10:       4648 bytes,      66648 total
- age  11:       4704 bytes,      71352 total
- age  12:       4088 bytes,      75440 total
- age  13:       4704 bytes,      80144 total
- age  14:       4704 bytes,      84848 total
- age  15:       4704 bytes,      89552 total
: 2239K->87K(2432K), 0.0005496 secs] 6160K->4012K(7936K), 0.0006177 secs] [Times: user=0.00 sys=0.00, real=0.00 secs] 
2017-07-06T17:12:42.499+0900: 14.203: [GC2017-07-06T17:12:42.499+0900: 14.203: [DefNew
Desired survivor size 131072 bytes, new threshold 15 (max 15)
- age   1:      16384 bytes,      16384 total
- age   2:       4784 bytes,      21168 total
- age   3:       4704 bytes,      25872 total
- age   4:       4704 bytes,      30576 total
- age   5:       4648 bytes,      35224 total
- age   6:       4704 bytes,      39928 total
- age   7:       4648 bytes,      44576 total
- age   8:       4704 bytes,      49280 total
- age   9:       4648 bytes,      53928 total
- age  10:       4704 bytes,      58632 total
- age  11:       4648 bytes,      63280 total
- age  12:       4704 bytes,      67984 total
- age  13:       4088 bytes,      72072 total
- age  14:       4704 bytes,      76776 total
- age  15:       4704 bytes,      81480 total
: 2263K->79K(2432K), 0.0005380 secs] 6188K->4009K(7936K), 0.0006057 secs] [Times: user=0.00 sys=0.00, real=0.00 secs] 
2017-07-06T17:12:42.520+0900: 14.224: [GC2017-07-06T17:12:42.520+0900: 14.224: [DefNew
Desired survivor size 131072 bytes, new threshold 15 (max 15)
- age   1:      24400 bytes,      24400 total
- age   2:       4840 bytes,      29240 total
- age   3:       4648 bytes,      33888 total
- age   4:       4704 bytes,      38592 total
- age   5:       4704 bytes,      43296 total
- age   6:       4648 bytes,      47944 total
- age   7:       4704 bytes,      52648 total
- age   8:       4648 bytes,      57296 total
- age   9:       4704 bytes,      62000 total
- age  10:       4648 bytes,      66648 total
- age  11:       4704 bytes,      71352 total
- age  12:       4648 bytes,      76000 total
- age  13:       4704 bytes,      80704 total
- age  14:       4088 bytes,      84792 total
- age  15:       4704 bytes,      89496 total
: 2241K->87K(2432K), 0.0005205 secs] 6171K->4022K(7936K), 0.0005911 secs] [Times: user=0.00 sys=0.00, real=0.00 secs] 
2017-07-06T17:12:42.542+0900: 14.246: [GC2017-07-06T17:12:42.542+0900: 14.246: [DefNew
Desired survivor size 131072 bytes, new threshold 15 (max 15)
- age   1:      16384 bytes,      16384 total
- age   2:       4784 bytes,      21168 total
- age   3:       4704 bytes,      25872 total
- age   4:       4648 bytes,      30520 total
- age   5:       4704 bytes,      35224 total
- age   6:       4704 bytes,      39928 total
- age   7:       4648 bytes,      44576 total
- age   8:       4704 bytes,      49280 total
- age   9:       4648 bytes,      53928 total
- age  10:       4704 bytes,      58632 total
- age  11:       4648 bytes,      63280 total
- age  12:       4704 bytes,      67984 total
- age  13:       4648 bytes,      72632 total
- age  14:       4704 bytes,      77336 total
- age  15:       4088 bytes,      81424 total
: 2263K->79K(2432K), 0.0005359 secs] 6198K->4018K(7936K), 0.0006044 secs] [Times: user=0.00 sys=0.00, real=0.00 secs] 
2017-07-06T17:12:42.569+0900: 14.273: [GC2017-07-06T17:12:42.569+0900: 14.273: [DefNew
Desired survivor size 131072 bytes, new threshold 15 (max 15)
- age   1:      16384 bytes,      16384 total
- age   2:       4840 bytes,      21224 total
- age   3:       4648 bytes,      25872 total
- age   4:       4704 bytes,      30576 total
- age   5:       4648 bytes,      35224 total
- age   6:       4704 bytes,      39928 total
- age   7:       4704 bytes,      44632 total
- age   8:       4648 bytes,      49280 total
- age   9:       4704 bytes,      53984 total
- age  10:       4648 bytes,      58632 total
- age  11:       4704 bytes,      63336 total
- age  12:       4648 bytes,      67984 total
- age  13:       4704 bytes,      72688 total
- age  14:       4648 bytes,      77336 total
- age  15:       4704 bytes,      82040 total
: 2255K->80K(2432K), 0.0005560 secs] 6194K->4023K(7936K), 0.0006271 secs] [Times: user=0.00 sys=0.00, real=0.00 secs] 
2017-07-06T17:12:42.590+0900: 14.294: [GC2017-07-06T17:12:42.590+0900: 14.294: [DefNew
Desired survivor size 131072 bytes, new threshold 15 (max 15)
- age   1:      24400 bytes,      24400 total
- age   2:       4840 bytes,      29240 total
- age   3:       4704 bytes,      33944 total
- age   4:       4648 bytes,      38592 total
- age   5:       4704 bytes,      43296 total
- age   6:       4648 bytes,      47944 total
- age   7:       4704 bytes,      52648 total
- age   8:       4704 bytes,      57352 total
- age   9:       4648 bytes,      62000 total
- age  10:       4704 bytes,      66704 total
- age  11:       4648 bytes,      71352 total
- age  12:       4704 bytes,      76056 total
- age  13:       4648 bytes,      80704 total
- age  14:       4704 bytes,      85408 total
- age  15:       4648 bytes,      90056 total
: 2242K->87K(2432K), 0.0005295 secs] 6185K->4035K(7936K), 0.0005967 secs] [Times: user=0.00 sys=0.00, real=0.00 secs] 
2017-07-06T17:12:42.612+0900: 14.316: [GC2017-07-06T17:12:42.612+0900: 14.316: [DefNew
Desired survivor size 131072 bytes, new threshold 15 (max 15)
- age   1:      16384 bytes,      16384 total
- age   2:       4784 bytes,      21168 total
- age   3:       4704 bytes,      25872 total
- age   4:       4704 bytes,      30576 total
- age   5:       4648 bytes,      35224 total
- age   6:       4704 bytes,      39928 total
- age   7:       4648 bytes,      44576 total
- age   8:       4704 bytes,      49280 total
- age   9:       4704 bytes,      53984 total
- age  10:       4648 bytes,      58632 total
- age  11:       4704 bytes,      63336 total
- age  12:       4648 bytes,      67984 total
- age  13:       4704 bytes,      72688 total
- age  14:       4648 bytes,      77336 total
- age  15:       4704 bytes,      82040 total
: 2263K->80K(2432K), 0.0005184 secs] 6211K->4032K(7936K), 0.0005903 secs] [Times: user=0.00 sys=0.00, real=0.00 secs] 
2017-07-06T17:12:42.633+0900: 14.337: [GC2017-07-06T17:12:42.633+0900: 14.337: [DefNew
Desired survivor size 131072 bytes, new threshold 15 (max 15)
- age   1:      24400 bytes,      24400 total
- age   2:       4840 bytes,      29240 total
- age   3:       4648 bytes,      33888 total
- age   4:       4704 bytes,      38592 total
- age   5:       4704 bytes,      43296 total
- age   6:       4648 bytes,      47944 total
- age   7:       4704 bytes,      52648 total
- age   8:       4648 bytes,      57296 total
- age   9:       4704 bytes,      62000 total
- age  10:       4704 bytes,      66704 total
- age  11:       4648 bytes,      71352 total
- age  12:       4704 bytes,      76056 total
- age  13:       4648 bytes,      80704 total
- age  14:       4704 bytes,      85408 total
- age  15:       4648 bytes,      90056 total
: 2240K->87K(2432K), 0.0005141 secs] 6192K->4044K(7936K), 0.0005783 secs] [Times: user=0.02 sys=0.00, real=0.00 secs] 
2017-07-06T17:12:42.657+0900: 14.361: [GC2017-07-06T17:12:42.657+0900: 14.361: [DefNew
Desired survivor size 131072 bytes, new threshold 15 (max 15)
- age   1:      16384 bytes,      16384 total
- age   2:       4784 bytes,      21168 total
- age   3:       4704 bytes,      25872 total
- age   4:       4648 bytes,      30520 total
- age   5:       4704 bytes,      35224 total
- age   6:       4704 bytes,      39928 total
- age   7:       4648 bytes,      44576 total
- age   8:       4704 bytes,      49280 total
- age   9:       4648 bytes,      53928 total
- age  10:       4704 bytes,      58632 total
- age  11:       4704 bytes,      63336 total
- age  12:       4648 bytes,      67984 total
- age  13:       4704 bytes,      72688 total
- age  14:       4648 bytes,      77336 total
- age  15:       4704 bytes,      82040 total
: 2263K->80K(2432K), 0.0005458 secs] 6220K->4041K(7936K), 0.0006160 secs] [Times: user=0.00 sys=0.00, real=0.00 secs] 
2017-07-06T17:12:42.679+0900: 14.383: [GC2017-07-06T17:12:42.679+0900: 14.383: [DefNew
Desired survivor size 131072 bytes, new threshold 15 (max 15)
- age   1:      24400 bytes,      24400 total
- age   2:       4840 bytes,      29240 total
- age   3:       4648 bytes,      33888 total
- age   4:       4704 bytes,      38592 total
- age   5:       4648 bytes,      43240 total
- age   6:       4704 bytes,      47944 total
- age   7:       4704 bytes,      52648 total
- age   8:       4648 bytes,      57296 total
- age   9:       4704 bytes,      62000 total
- age  10:       4648 bytes,      66648 total
- age  11:       4704 bytes,      71352 total
- age  12:       4704 bytes,      76056 total
- age  13:       4648 bytes,      80704 total
- age  14:       4704 bytes,      85408 total
- age  15:       4648 bytes,      90056 total
: 2240K->87K(2432K), 0.0005226 secs] 6202K->4054K(7936K), 0.0005890 secs] [Times: user=0.00 sys=0.00, real=0.00 secs] 
2017-07-06T17:12:42.700+0900: 14.404: [GC2017-07-06T17:12:42.700+0900: 14.404: [DefNew
Desired survivor size 131072 bytes, new threshold 15 (max 15)
- age   1:      16384 bytes,      16384 total
- age   2:       4784 bytes,      21168 total
- age   3:       4704 bytes,      25872 total
- age   4:       4648 bytes,      30520 total
- age   5:       4704 bytes,      35224 total
- age   6:       4648 bytes,      39872 total
- age   7:       4704 bytes,      44576 total
- age   8:       4704 bytes,      49280 total
- age   9:       4648 bytes,      53928 total
- age  10:       4704 bytes,      58632 total
- age  11:       4648 bytes,      63280 total
- age  12:       4704 bytes,      67984 total
- age  13:       4704 bytes,      72688 total
- age  14:       4648 bytes,      77336 total
- age  15:       4704 bytes,      82040 total
: 2263K->80K(2432K), 0.0005145 secs] 6230K->4050K(7936K), 0.0005826 secs] [Times: user=0.00 sys=0.00, real=0.00 secs] 
2017-07-06T17:12:42.722+0900: 14.425: [GC2017-07-06T17:12:42.722+0900: 14.426: [DefNew
Desired survivor size 131072 bytes, new threshold 15 (max 15)
- age   1:      24400 bytes,      24400 total
- age   2:       4840 bytes,      29240 total
- age   3:       4648 bytes,      33888 total
- age   4:       4704 bytes,      38592 total
- age   5:       4648 bytes,      43240 total
- age   6:       4704 bytes,      47944 total
- age   7:       4648 bytes,      52592 total
- age   8:       4704 bytes,      57296 total
- age   9:       4704 bytes,      62000 total
- age  10:       4648 bytes,      66648 total
- age  11:       4704 bytes,      71352 total
- age  12:       4648 bytes,      76000 total
- age  13:       4704 bytes,      80704 total
- age  14:       4704 bytes,      85408 total
- age  15:       4648 bytes,      90056 total
: 2241K->87K(2432K), 0.0005188 secs] 6211K->4063K(7936K), 0.0005838 secs] [Times: user=0.00 sys=0.00, real=0.00 secs] 
2017-07-06T17:12:42.743+0900: 14.447: [GC2017-07-06T17:12:42.743+0900: 14.447: [DefNew
Desired survivor size 131072 bytes, new threshold 15 (max 15)
- age   1:      16384 bytes,      16384 total
- age   2:       4784 bytes,      21168 total
- age   3:       4704 bytes,      25872 total
- age   4:       4648 bytes,      30520 total
- age   5:       4704 bytes,      35224 total
- age   6:       4648 bytes,      39872 total
- age   7:       4704 bytes,      44576 total
- age   8:       4648 bytes,      49224 total
- age   9:       4704 bytes,      53928 total
- age  10:       4704 bytes,      58632 total
- age  11:       4648 bytes,      63280 total
- age  12:       4704 bytes,      67984 total
- age  13:       4648 bytes,      72632 total
- age  14:       4704 bytes,      77336 total
- age  15:       4704 bytes,      82040 total
: 2263K->80K(2432K), 0.0005081 secs] 6239K->4059K(7936K), 0.0005702 secs] [Times: user=0.00 sys=0.00, real=0.00 secs] 
2017-07-06T17:12:42.769+0900: 14.473: [GC2017-07-06T17:12:42.769+0900: 14.473: [DefNew
Desired survivor size 131072 bytes, new threshold 15 (max 15)
- age   1:      16384 bytes,      16384 total
- age   2:       4840 bytes,      21224 total
- age   3:       4648 bytes,      25872 total
- age   4:       4704 bytes,      30576 total
- age   5:       4648 bytes,      35224 total
- age   6:       4704 bytes,      39928 total
- age   7:       4648 bytes,      44576 total
- age   8:       4704 bytes,      49280 total
- age   9:       4648 bytes,      53928 total
- age  10:       4704 bytes,      58632 total
- age  11:       4704 bytes,      63336 total
- age  12:       4648 bytes,      67984 total
- age  13:       4704 bytes,      72688 total
- age  14:       4648 bytes,      77336 total
- age  15:       4704 bytes,      82040 total
: 2256K->80K(2432K), 0.0005500 secs] 6235K->4064K(7936K), 0.0006241 secs] [Times: user=0.00 sys=0.00, real=0.00 secs] 
2017-07-06T17:12:42.792+0900: 14.496: [GC2017-07-06T17:12:42.792+0900: 14.496: [DefNew
Desired survivor size 131072 bytes, new threshold 15 (max 15)
- age   1:      24400 bytes,      24400 total
- age   2:       4840 bytes,      29240 total
- age   3:       4704 bytes,      33944 total
- age   4:       4648 bytes,      38592 total
- age   5:       4704 bytes,      43296 total
- age   6:       4648 bytes,      47944 total
- age   7:       4704 bytes,      52648 total
- age   8:       4648 bytes,      57296 total
- age   9:       4704 bytes,      62000 total
- age  10:       4648 bytes,      66648 total
- age  11:       4704 bytes,      71352 total
- age  12:       4704 bytes,      76056 total
- age  13:       4648 bytes,      80704 total
- age  14:       4704 bytes,      85408 total
- age  15:       4648 bytes,      90056 total
: 2242K->87K(2432K), 0.0005355 secs] 6226K->4076K(7936K), 0.0006087 secs] [Times: user=0.00 sys=0.00, real=0.00 secs] 
2017-07-06T17:12:42.814+0900: 14.517: [GC2017-07-06T17:12:42.814+0900: 14.517: [DefNew
Desired survivor size 131072 bytes, new threshold 15 (max 15)
- age   1:      16384 bytes,      16384 total
- age   2:       4784 bytes,      21168 total
- age   3:       4704 bytes,      25872 total
- age   4:       4704 bytes,      30576 total
- age   5:       4648 bytes,      35224 total
- age   6:       4704 bytes,      39928 total
- age   7:       4648 bytes,      44576 total
- age   8:       4704 bytes,      49280 total
- age   9:       4648 bytes,      53928 total
- age  10:       4704 bytes,      58632 total
- age  11:       4648 bytes,      63280 total
- age  12:       4704 bytes,      67984 total
- age  13:       4704 bytes,      72688 total
- age  14:       4648 bytes,      77336 total
- age  15:       4704 bytes,      82040 total
: 2256K->80K(2432K), 0.0005154 secs] 6245K->4073K(7936K), 0.0005766 secs] [Times: user=0.00 sys=0.00, real=0.00 secs] 
2017-07-06T17:12:42.835+0900: 14.539: [GC2017-07-06T17:12:42.835+0900: 14.539: [DefNew
Desired survivor size 131072 bytes, new threshold 15 (max 15)
- age   1:      24400 bytes,      24400 total
- age   2:       4840 bytes,      29240 total
- age   3:       4648 bytes,      33888 total
- age   4:       4704 bytes,      38592 total
- age   5:       4704 bytes,      43296 total
- age   6:       4648 bytes,      47944 total
- age   7:       4704 bytes,      52648 total
- age   8:       4648 bytes,      57296 total
- age   9:       4704 bytes,      62000 total
- age  10:       4648 bytes,      66648 total
- age  11:       4704 bytes,      71352 total
- age  12:       4648 bytes,      76000 total
- age  13:       4704 bytes,      80704 total
- age  14:       4704 bytes,      85408 total
- age  15:       4648 bytes,      90056 total
: 2241K->87K(2432K), 0.0004991 secs] 6234K->4086K(7936K), 0.0005595 secs] [Times: user=0.00 sys=0.00, real=0.00 secs] 
2017-07-06T17:12:42.857+0900: 14.560: [GC2017-07-06T17:12:42.857+0900: 14.560: [DefNew
Desired survivor size 131072 bytes, new threshold 15 (max 15)
- age   1:      16384 bytes,      16384 total
- age   2:       4784 bytes,      21168 total
- age   3:       4704 bytes,      25872 total
- age   4:       4648 bytes,      30520 total
- age   5:       4704 bytes,      35224 total
- age   6:       4704 bytes,      39928 total
- age   7:       4648 bytes,      44576 total
- age   8:       4704 bytes,      49280 total
- age   9:       4648 bytes,      53928 total
- age  10:       4704 bytes,      58632 total
- age  11:       4648 bytes,      63280 total
- age  12:       4704 bytes,      67984 total
- age  13:       4648 bytes,      72632 total
- age  14:       4704 bytes,      77336 total
- age  15:       4704 bytes,      82040 total
: 2263K->80K(2432K), 0.0005098 secs] 6262K->4082K(7936K), 0.0005710 secs] [Times: user=0.00 sys=0.00, real=0.00 secs] 
2017-07-06T17:12:42.880+0900: 14.584: [GC2017-07-06T17:12:42.881+0900: 14.584: [DefNew
Desired survivor size 131072 bytes, new threshold 15 (max 15)
- age   1:      16384 bytes,      16384 total
- age   2:       4840 bytes,      21224 total
- age   3:       4648 bytes,      25872 total
- age   4:       4704 bytes,      30576 total
- age   5:       4648 bytes,      35224 total
- age   6:       4704 bytes,      39928 total
- age   7:       4704 bytes,      44632 total
- age   8:       4648 bytes,      49280 total
- age   9:       4704 bytes,      53984 total
- age  10:       4648 bytes,      58632 total
- age  11:       4704 bytes,      63336 total
- age  12:       4648 bytes,      67984 total
- age  13:       4704 bytes,      72688 total
- age  14:       4648 bytes,      77336 total
- age  15:       4704 bytes,      82040 total
: 2256K->80K(2432K), 0.0005492 secs] 6258K->4087K(7936K), 0.0006245 secs] [Times: user=0.00 sys=0.00, real=0.00 secs] 
2017-07-06T17:12:42.904+0900: 14.608: [GC2017-07-06T17:12:42.904+0900: 14.608: [DefNew
Desired survivor size 131072 bytes, new threshold 15 (max 15)
- age   1:      24400 bytes,      24400 total
- age   2:       4840 bytes,      29240 total
- age   3:       4704 bytes,      33944 total
- age   4:       4648 bytes,      38592 total
- age   5:       4704 bytes,      43296 total
- age   6:       4648 bytes,      47944 total
- age   7:       4704 bytes,      52648 total
- age   8:       4704 bytes,      57352 total
- age   9:       4648 bytes,      62000 total
- age  10:       4704 bytes,      66704 total
- age  11:       4648 bytes,      71352 total
- age  12:       4704 bytes,      76056 total
- age  13:       4648 bytes,      80704 total
- age  14:       4704 bytes,      85408 total
- age  15:       4648 bytes,      90056 total
: 2242K->87K(2432K), 0.0006249 secs] 6249K->4099K(7936K), 0.0007093 secs] [Times: user=0.00 sys=0.00, real=0.00 secs] 
2017-07-06T17:12:42.927+0900: 14.630: [GC2017-07-06T17:12:42.927+0900: 14.631: [DefNew
Desired survivor size 131072 bytes, new threshold 15 (max 15)
- age   1:      16384 bytes,      16384 total
- age   2:       4784 bytes,      21168 total
- age   3:       4704 bytes,      25872 total
- age   4:       4704 bytes,      30576 total
- age   5:       4648 bytes,      35224 total
- age   6:       4704 bytes,      39928 total
- age   7:       4648 bytes,      44576 total
- age   8:       4704 bytes,      49280 total
- age   9:       4704 bytes,      53984 total
- age  10:       4648 bytes,      58632 total
- age  11:       4704 bytes,      63336 total
- age  12:       4648 bytes,      67984 total
- age  13:       4704 bytes,      72688 total
- age  14:       4648 bytes,      77336 total
- age  15:       4704 bytes,      82040 total
: 2263K->80K(2432K), 0.0005329 secs] 6275K->4096K(7936K), 0.0005984 secs] [Times: user=0.00 sys=0.00, real=0.00 secs] 
2017-07-06T17:12:42.948+0900: 14.652: [GC2017-07-06T17:12:42.948+0900: 14.652: [DefNew
Desired survivor size 131072 bytes, new threshold 15 (max 15)
- age   1:      16384 bytes,      16384 total
- age   2:       4840 bytes,      21224 total
- age   3:       4648 bytes,      25872 total
- age   4:       4704 bytes,      30576 total
- age   5:       4704 bytes,      35280 total
- age   6:       4648 bytes,      39928 total
- age   7:       4704 bytes,      44632 total
- age   8:       4648 bytes,      49280 total
- age   9:       4704 bytes,      53984 total
- age  10:       4704 bytes,      58688 total
- age  11:       4648 bytes,      63336 total
- age  12:       4704 bytes,      68040 total
- age  13:       4648 bytes,      72688 total
- age  14:       4704 bytes,      77392 total
- age  15:       4648 bytes,      82040 total
: 2256K->80K(2432K), 0.0005244 secs] 6272K->4101K(7936K), 0.0005881 secs] [Times: user=0.00 sys=0.00, real=0.00 secs] 
2017-07-06T17:12:42.970+0900: 14.674: [GC2017-07-06T17:12:42.970+0900: 14.674: [DefNew
Desired survivor size 131072 bytes, new threshold 15 (max 15)
- age   1:      24400 bytes,      24400 total
- age   2:       4840 bytes,      29240 total
- age   3:       4704 bytes,      33944 total
- age   4:       4648 bytes,      38592 total
- age   5:       4704 bytes,      43296 total
- age   6:       4704 bytes,      48000 total
- age   7:       4648 bytes,      52648 total
- age   8:       4704 bytes,      57352 total
- age   9:       4648 bytes,      62000 total
- age  10:       4704 bytes,      66704 total
- age  11:       4704 bytes,      71408 total
- age  12:       4648 bytes,      76056 total
- age  13:       4704 bytes,      80760 total
- age  14:       4648 bytes,      85408 total
- age  15:       4704 bytes,      90112 total
: 2242K->88K(2432K), 0.0005029 secs] 6263K->4113K(7936K), 0.0005629 secs] [Times: user=0.00 sys=0.00, real=0.00 secs] 
2017-07-06T17:12:42.991+0900: 14.695: [GC2017-07-06T17:12:42.991+0900: 14.695: [DefNew
Desired survivor size 131072 bytes, new threshold 15 (max 15)
- age   1:      16384 bytes,      16384 total
- age   2:       4784 bytes,      21168 total
- age   3:       4704 bytes,      25872 total
- age   4:       4704 bytes,      30576 total
- age   5:       4648 bytes,      35224 total
- age   6:       4704 bytes,      39928 total
- age   7:       4704 bytes,      44632 total
- age   8:       4648 bytes,      49280 total
- age   9:       4704 bytes,      53984 total
- age  10:       4648 bytes,      58632 total
- age  11:       4704 bytes,      63336 total
- age  12:       4704 bytes,      68040 total
- age  13:       4648 bytes,      72688 total
- age  14:       4704 bytes,      77392 total
- age  15:       4648 bytes,      82040 total
: 2256K->80K(2432K), 0.0005509 secs] 6281K->4110K(7936K), 0.0006275 secs] [Times: user=0.00 sys=0.00, real=0.00 secs] 
2017-07-06T17:12:43.017+0900: 14.720: [GC2017-07-06T17:12:43.017+0900: 14.720: [DefNew
Desired survivor size 131072 bytes, new threshold 15 (max 15)
- age   1:      24400 bytes,      24400 total
- age   2:       4840 bytes,      29240 total
- age   3:       4648 bytes,      33888 total
- age   4:       4704 bytes,      38592 total
- age   5:       4704 bytes,      43296 total
- age   6:       4648 bytes,      47944 total
- age   7:       4704 bytes,      52648 total
- age   8:       4704 bytes,      57352 total
- age   9:       4648 bytes,      62000 total
- age  10:       4704 bytes,      66704 total
- age  11:       4648 bytes,      71352 total
- age  12:       4704 bytes,      76056 total
- age  13:       4704 bytes,      80760 total
- age  14:       4648 bytes,      85408 total
- age  15:       4704 bytes,      90112 total
: 2241K->88K(2432K), 0.0005410 secs] 6271K->4122K(7936K), 0.0006104 secs] [Times: user=0.00 sys=0.00, real=0.00 secs] 
2017-07-06T17:12:43.038+0900: 14.742: [GC2017-07-06T17:12:43.038+0900: 14.742: [DefNew
Desired survivor size 131072 bytes, new threshold 15 (max 15)
- age   1:      16384 bytes,      16384 total
- age   2:       4784 bytes,      21168 total
- age   3:       4704 bytes,      25872 total
- age   4:       4648 bytes,      30520 total
- age   5:       4704 bytes,      35224 total
- age   6:       4704 bytes,      39928 total
- age   7:       4648 bytes,      44576 total
- age   8:       4704 bytes,      49280 total
- age   9:       4704 bytes,      53984 total
- age  10:       4648 bytes,      58632 total
- age  11:       4704 bytes,      63336 total
- age  12:       4648 bytes,      67984 total
- age  13:       4704 bytes,      72688 total
- age  14:       4704 bytes,      77392 total
- age  15:       4648 bytes,      82040 total
: 2264K->80K(2432K), 0.0006249 secs] 6298K->4119K(7936K), 0.0007058 secs] [Times: user=0.00 sys=0.00, real=0.00 secs] 
2017-07-06T17:12:43.060+0900: 14.764: [GC2017-07-06T17:12:43.060+0900: 14.764: [DefNew
Desired survivor size 131072 bytes, new threshold 15 (max 15)
- age   1:      16384 bytes,      16384 total
- age   2:       4840 bytes,      21224 total
- age   3:       4648 bytes,      25872 total
- age   4:       4704 bytes,      30576 total
- age   5:       4648 bytes,      35224 total
- age   6:       4704 bytes,      39928 total
- age   7:       4704 bytes,      44632 total
- age   8:       4648 bytes,      49280 total
- age   9:       4704 bytes,      53984 total
- age  10:       4704 bytes,      58688 total
- age  11:       4648 bytes,      63336 total
- age  12:       4704 bytes,      68040 total
- age  13:       4648 bytes,      72688 total
- age  14:       4704 bytes,      77392 total
- age  15:       4704 bytes,      82096 total
: 2256K->80K(2432K), 0.0005235 secs] 6295K->4123K(7936K), 0.0005886 secs] [Times: user=0.00 sys=0.00, real=0.00 secs] 
2017-07-06T17:12:43.081+0900: 14.785: [GC2017-07-06T17:12:43.081+0900: 14.785: [DefNew
Desired survivor size 131072 bytes, new threshold 15 (max 15)
- age   1:      24400 bytes,      24400 total
- age   2:       4840 bytes,      29240 total
- age   3:       4704 bytes,      33944 total
- age   4:       4648 bytes,      38592 total
- age   5:       4704 bytes,      43296 total
- age   6:       4648 bytes,      47944 total
- age   7:       4704 bytes,      52648 total
- age   8:       4704 bytes,      57352 total
- age   9:       4648 bytes,      62000 total
- age  10:       4704 bytes,      66704 total
- age  11:       4704 bytes,      71408 total
- age  12:       4648 bytes,      76056 total
- age  13:       4704 bytes,      80760 total
- age  14:       4648 bytes,      85408 total
- age  15:       4704 bytes,      90112 total
: 2242K->88K(2432K), 0.0005077 secs] 6286K->4136K(7936K), 0.0005740 secs] [Times: user=0.00 sys=0.00, real=0.00 secs] 
2017-07-06T17:12:43.103+0900: 14.807: [GC2017-07-06T17:12:43.103+0900: 14.807: [DefNew
Desired survivor size 131072 bytes, new threshold 15 (max 15)
- age   1:      16384 bytes,      16384 total
- age   2:       4784 bytes,      21168 total
- age   3:       4704 bytes,      25872 total
- age   4:       4704 bytes,      30576 total
- age   5:       4648 bytes,      35224 total
- age   6:       4704 bytes,      39928 total
- age   7:       4648 bytes,      44576 total
- age   8:       4704 bytes,      49280 total
- age   9:       4704 bytes,      53984 total
- age  10:       4648 bytes,      58632 total
- age  11:       4704 bytes,      63336 total
- age  12:       4704 bytes,      68040 total
- age  13:       4648 bytes,      72688 total
- age  14:       4704 bytes,      77392 total
- age  15:       4648 bytes,      82040 total
: 2264K->80K(2432K), 0.0005235 secs] 6312K->4133K(7936K), 0.0005868 secs] [Times: user=0.00 sys=0.00, real=0.00 secs] 
2017-07-06T17:12:43.128+0900: 14.832: [GC2017-07-06T17:12:43.128+0900: 14.832: [DefNew
Desired survivor size 131072 bytes, new threshold 15 (max 15)
- age   1:      24400 bytes,      24400 total
- age   2:       4840 bytes,      29240 total
- age   3:       4648 bytes,      33888 total
- age   4:       4704 bytes,      38592 total
- age   5:       4704 bytes,      43296 total
- age   6:       4648 bytes,      47944 total
- age   7:       4704 bytes,      52648 total
- age   8:       4648 bytes,      57296 total
- age   9:       4704 bytes,      62000 total
- age  10:       4704 bytes,      66704 total
- age  11:       4648 bytes,      71352 total
- age  12:       4704 bytes,      76056 total
- age  13:       4704 bytes,      80760 total
- age  14:       4648 bytes,      85408 total
- age  15:       4704 bytes,      90112 total
: 2240K->88K(2432K), 0.0005603 secs] 6293K->4145K(7936K), 0.0006472 secs] [Times: user=0.00 sys=0.00, real=0.00 secs] 
2017-07-06T17:12:43.153+0900: 14.857: [GC2017-07-06T17:12:43.153+0900: 14.857: [DefNew
Desired survivor size 131072 bytes, new threshold 15 (max 15)
- age   1:      16384 bytes,      16384 total
- age   2:       4784 bytes,      21168 total
- age   3:       4704 bytes,      25872 total
- age   4:       4648 bytes,      30520 total
- age   5:       4704 bytes,      35224 total
- age   6:       4704 bytes,      39928 total
- age   7:       4648 bytes,      44576 total
- age   8:       4704 bytes,      49280 total
- age   9:       4648 bytes,      53928 total
- age  10:       4704 bytes,      58632 total
- age  11:       4704 bytes,      63336 total
- age  12:       4648 bytes,      67984 total
- age  13:       4704 bytes,      72688 total
- age  14:       4704 bytes,      77392 total
- age  15:       4648 bytes,      82040 total
: 2264K->80K(2432K), 0.0005573 secs] 6321K->4142K(7936K), 0.0006292 secs] [Times: user=0.00 sys=0.00, real=0.00 secs] 
2017-07-06T17:12:43.175+0900: 14.879: [GC2017-07-06T17:12:43.175+0900: 14.879: [DefNew
Desired survivor size 131072 bytes, new threshold 15 (max 15)
- age   1:      24400 bytes,      24400 total
- age   2:       4840 bytes,      29240 total
- age   3:       4648 bytes,      33888 total
- age   4:       4704 bytes,      38592 total
- age   5:       4648 bytes,      43240 total
- age   6:       4704 bytes,      47944 total
- age   7:       4704 bytes,      52648 total
- age   8:       4648 bytes,      57296 total
- age   9:       4704 bytes,      62000 total
- age  10:       4648 bytes,      66648 total
- age  11:       4704 bytes,      71352 total
- age  12:       4704 bytes,      76056 total
- age  13:       4648 bytes,      80704 total
- age  14:       4704 bytes,      85408 total
- age  15:       4704 bytes,      90112 total
: 2240K->88K(2432K), 0.0005380 secs] 6302K->4154K(7936K), 0.0006100 secs] [Times: user=0.00 sys=0.00, real=0.00 secs] 
2017-07-06T17:12:43.197+0900: 14.900: [GC2017-07-06T17:12:43.197+0900: 14.901: [DefNew
Desired survivor size 131072 bytes, new threshold 15 (max 15)
- age   1:      16384 bytes,      16384 total
- age   2:       4784 bytes,      21168 total
- age   3:       4704 bytes,      25872 total
- age   4:       4648 bytes,      30520 total
- age   5:       4704 bytes,      35224 total
- age   6:       4648 bytes,      39872 total
- age   7:       4704 bytes,      44576 total
- age   8:       4704 bytes,      49280 total
- age   9:       4648 bytes,      53928 total
- age  10:       4704 bytes,      58632 total
- age  11:       4648 bytes,      63280 total
- age  12:       4704 bytes,      67984 total
- age  13:       4704 bytes,      72688 total
- age  14:       4648 bytes,      77336 total
- age  15:       4704 bytes,      82040 total
: 2264K->80K(2432K), 0.0005115 secs] 6330K->4151K(7936K), 0.0005744 secs] [Times: user=0.00 sys=0.00, real=0.00 secs] 
2017-07-06T17:12:43.218+0900: 14.922: [GC2017-07-06T17:12:43.218+0900: 14.922: [DefNew
Desired survivor size 131072 bytes, new threshold 15 (max 15)
- age   1:      24400 bytes,      24400 total
- age   2:       4840 bytes,      29240 total
- age   3:       4648 bytes,      33888 total
- age   4:       4704 bytes,      38592 total
- age   5:       4648 bytes,      43240 total
- age   6:       4704 bytes,      47944 total
- age   7:       4648 bytes,      52592 total
- age   8:       4704 bytes,      57296 total
- age   9:       4704 bytes,      62000 total
- age  10:       4648 bytes,      66648 total
- age  11:       4704 bytes,      71352 total
- age  12:       4648 bytes,      76000 total
- age  13:       4704 bytes,      80704 total
- age  14:       4704 bytes,      85408 total
- age  15:       4648 bytes,      90056 total
: 2241K->87K(2432K), 0.0005051 secs] 6312K->4163K(7936K), 0.0005650 secs] [Times: user=0.00 sys=0.00, real=0.00 secs] 
2017-07-06T17:12:43.243+0900: 14.947: [GC2017-07-06T17:12:43.243+0900: 14.947: [DefNew
Desired survivor size 131072 bytes, new threshold 15 (max 15)
- age   1:      16384 bytes,      16384 total
- age   2:       4784 bytes,      21168 total
- age   3:       4704 bytes,      25872 total
- age   4:       4648 bytes,      30520 total
- age   5:       4704 bytes,      35224 total
- age   6:       4648 bytes,      39872 total
- age   7:       4704 bytes,      44576 total
- age   8:       4648 bytes,      49224 total
- age   9:       4704 bytes,      53928 total
- age  10:       4704 bytes,      58632 total
- age  11:       4648 bytes,      63280 total
- age  12:       4704 bytes,      67984 total
- age  13:       4648 bytes,      72632 total
- age  14:       4704 bytes,      77336 total
- age  15:       4704 bytes,      82040 total
: 2263K->80K(2432K), 0.0005445 secs] 6339K->4160K(7936K), 0.0006142 secs] [Times: user=0.00 sys=0.00, real=0.00 secs] 
2017-07-06T17:12:43.265+0900: 14.969: [GC2017-07-06T17:12:43.265+0900: 14.969: [DefNew
Desired survivor size 131072 bytes, new threshold 15 (max 15)
- age   1:      16384 bytes,      16384 total
- age   2:       4840 bytes,      21224 total
- age   3:       4648 bytes,      25872 total
- age   4:       4704 bytes,      30576 total
- age   5:       4648 bytes,      35224 total
- age   6:       4704 bytes,      39928 total
- age   7:       4648 bytes,      44576 total
- age   8:       4704 bytes,      49280 total
- age   9:       4648 bytes,      53928 total
- age  10:       4704 bytes,      58632 total
- age  11:       4704 bytes,      63336 total
- age  12:       4648 bytes,      67984 total
- age  13:       4704 bytes,      72688 total
- age  14:       4648 bytes,      77336 total
- age  15:       4704 bytes,      82040 total
: 2256K->80K(2432K), 0.0005222 secs] 6336K->4165K(7936K), 0.0005924 secs] [Times: user=0.00 sys=0.00, real=0.00 secs] 
2017-07-06T17:12:43.286+0900: 14.990: [GC2017-07-06T17:12:43.286+0900: 14.990: [DefNew
Desired survivor size 131072 bytes, new threshold 15 (max 15)
- age   1:      24400 bytes,      24400 total
- age   2:       4840 bytes,      29240 total
- age   3:       4704 bytes,      33944 total
- age   4:       4648 bytes,      38592 total
- age   5:       4704 bytes,      43296 total
- age   6:       4648 bytes,      47944 total
- age   7:       4704 bytes,      52648 total
- age   8:       4648 bytes,      57296 total
- age   9:       4704 bytes,      62000 total
- age  10:       4648 bytes,      66648 total
- age  11:       4704 bytes,      71352 total
- age  12:       4704 bytes,      76056 total
- age  13:       4648 bytes,      80704 total
- age  14:       4704 bytes,      85408 total
- age  15:       4648 bytes,      90056 total
: 2242K->87K(2432K), 0.0005218 secs] 6327K->4177K(7936K), 0.0005838 secs] [Times: user=0.00 sys=0.00, real=0.00 secs] 
2017-07-06T17:12:43.308+0900: 15.012: [GC2017-07-06T17:12:43.308+0900: 15.012: [DefNew
Desired survivor size 131072 bytes, new threshold 15 (max 15)
- age   1:      16384 bytes,      16384 total
- age   2:       4784 bytes,      21168 total
- age   3:       4704 bytes,      25872 total
- age   4:       4704 bytes,      30576 total
- age   5:       4648 bytes,      35224 total
- age   6:       4704 bytes,      39928 total
- age   7:       4648 bytes,      44576 total
- age   8:       4704 bytes,      49280 total
- age   9:       4648 bytes,      53928 total
- age  10:       4704 bytes,      58632 total
- age  11:       4648 bytes,      63280 total
- age  12:       4704 bytes,      67984 total
- age  13:       4704 bytes,      72688 total
- age  14:       4648 bytes,      77336 total
- age  15:       4704 bytes,      82040 total
: 2256K->80K(2432K), 0.0005316 secs] 6345K->4174K(7936K), 0.0005997 secs] [Times: user=0.00 sys=0.00, real=0.00 secs] 
2017-07-06T17:12:43.329+0900: 15.033: [GC2017-07-06T17:12:43.329+0900: 15.033: [DefNew
Desired survivor size 131072 bytes, new threshold 15 (max 15)
- age   1:      24400 bytes,      24400 total
- age   2:       4840 bytes,      29240 total
- age   3:       4648 bytes,      33888 total
- age   4:       4704 bytes,      38592 total
- age   5:       4704 bytes,      43296 total
- age   6:       4648 bytes,      47944 total
- age   7:       4704 bytes,      52648 total
- age   8:       4648 bytes,      57296 total
- age   9:       4704 bytes,      62000 total
- age  10:       4648 bytes,      66648 total
- age  11:       4704 bytes,      71352 total
- age  12:       4648 bytes,      76000 total
- age  13:       4704 bytes,      80704 total
- age  14:       4704 bytes,      85408 total
- age  15:       4648 bytes,      90056 total
: 2241K->87K(2432K), 0.0005166 secs] 6335K->4186K(7936K), 0.0005796 secs] [Times: user=0.00 sys=0.00, real=0.00 secs] 
2017-07-06T17:12:43.355+0900: 15.058: [GC2017-07-06T17:12:43.355+0900: 15.058: [DefNew
Desired survivor size 131072 bytes, new threshold 15 (max 15)
- age   1:      16384 bytes,      16384 total
- age   2:       4784 bytes,      21168 total
- age   3:       4704 bytes,      25872 total
- age   4:       4648 bytes,      30520 total
- age   5:       4704 bytes,      35224 total
- age   6:       4704 bytes,      39928 total
- age   7:       4648 bytes,      44576 total
- age   8:       4704 bytes,      49280 total
- age   9:       4648 bytes,      53928 total
- age  10:       4704 bytes,      58632 total
- age  11:       4648 bytes,      63280 total
- age  12:       4704 bytes,      67984 total
- age  13:       4648 bytes,      72632 total
- age  14:       4704 bytes,      77336 total
- age  15:       4704 bytes,      82040 total
: 2263K->80K(2432K), 0.0007345 secs] 6362K->4183K(7936K), 0.0008308 secs] [Times: user=0.00 sys=0.00, real=0.00 secs] 
2017-07-06T17:12:43.378+0900: 15.082: [GC2017-07-06T17:12:43.378+0900: 15.082: [DefNew
Desired survivor size 131072 bytes, new threshold 15 (max 15)
- age   1:      16384 bytes,      16384 total
- age   2:       4840 bytes,      21224 total
- age   3:       4648 bytes,      25872 total
- age   4:       4704 bytes,      30576 total
- age   5:       4648 bytes,      35224 total
- age   6:       4704 bytes,      39928 total
- age   7:       4704 bytes,      44632 total
- age   8:       4648 bytes,      49280 total
- age   9:       4704 bytes,      53984 total
- age  10:       4648 bytes,      58632 total
- age  11:       4704 bytes,      63336 total
- age  12:       4648 bytes,      67984 total
- age  13:       4704 bytes,      72688 total
- age  14:       4648 bytes,      77336 total
- age  15:       4704 bytes,      82040 total
: 2256K->80K(2432K), 0.0005466 secs] 6359K->4187K(7936K), 0.0006177 secs] [Times: user=0.00 sys=0.00, real=0.00 secs] 
2017-07-06T17:12:43.400+0900: 15.104: [GC2017-07-06T17:12:43.400+0900: 15.104: [DefNew
Desired survivor size 131072 bytes, new threshold 15 (max 15)
- age   1:      24400 bytes,      24400 total
- age   2:       4840 bytes,      29240 total
- age   3:       4704 bytes,      33944 total
- age   4:       4648 bytes,      38592 total
- age   5:       4704 bytes,      43296 total
- age   6:       4648 bytes,      47944 total
- age   7:       4704 bytes,      52648 total
- age   8:       4704 bytes,      57352 total
- age   9:       4648 bytes,      62000 total
- age  10:       4704 bytes,      66704 total
- age  11:       4648 bytes,      71352 total
- age  12:       4704 bytes,      76056 total
- age  13:       4648 bytes,      80704 total
- age  14:       4704 bytes,      85408 total
- age  15:       4648 bytes,      90056 total
: 2242K->87K(2432K), 0.0005372 secs] 6350K->4200K(7936K), 0.0006014 secs] [Times: user=0.00 sys=0.00, real=0.00 secs] 
2017-07-06T17:12:43.421+0900: 15.125: [GC2017-07-06T17:12:43.421+0900: 15.125: [DefNew
Desired survivor size 131072 bytes, new threshold 15 (max 15)
- age   1:      16384 bytes,      16384 total
- age   2:       4784 bytes,      21168 total
- age   3:       4704 bytes,      25872 total
- age   4:       4704 bytes,      30576 total
- age   5:       4648 bytes,      35224 total
- age   6:       4704 bytes,      39928 total
- age   7:       4648 bytes,      44576 total
- age   8:       4704 bytes,      49280 total
- age   9:       4704 bytes,      53984 total
- age  10:       4648 bytes,      58632 total
- age  11:       4704 bytes,      63336 total
- age  12:       4648 bytes,      67984 total
- age  13:       4704 bytes,      72688 total
- age  14:       4648 bytes,      77336 total
- age  15:       4704 bytes,      82040 total
: 2263K->80K(2432K), 0.0005175 secs] 6376K->4197K(7936K), 0.0005791 secs] [Times: user=0.00 sys=0.00, real=0.00 secs] 
2017-07-06T17:12:43.443+0900: 15.147: [GC2017-07-06T17:12:43.443+0900: 15.147: [DefNew
Desired survivor size 131072 bytes, new threshold 15 (max 15)
- age   1:      16384 bytes,      16384 total
- age   2:       4840 bytes,      21224 total
- age   3:       4648 bytes,      25872 total
- age   4:       4704 bytes,      30576 total
- age   5:       4704 bytes,      35280 total
- age   6:       4648 bytes,      39928 total
- age   7:       4704 bytes,      44632 total
- age   8:       4648 bytes,      49280 total
- age   9:       4704 bytes,      53984 total
- age  10:       4704 bytes,      58688 total
- age  11:       4648 bytes,      63336 total
- age  12:       4704 bytes,      68040 total
- age  13:       4648 bytes,      72688 total
- age  14:       4704 bytes,      77392 total
- age  15:       4648 bytes,      82040 total
: 2256K->80K(2432K), 0.0005051 secs] 6373K->4201K(7936K), 0.0005642 secs] [Times: user=0.00 sys=0.00, real=0.00 secs] 
2017-07-06T17:12:43.466+0900: 15.170: [GC2017-07-06T17:12:43.466+0900: 15.170: [DefNew
Desired survivor size 131072 bytes, new threshold 15 (max 15)
- age   1:      24400 bytes,      24400 total
- age   2:       4840 bytes,      29240 total
- age   3:       4704 bytes,      33944 total
- age   4:       4648 bytes,      38592 total
- age   5:       4704 bytes,      43296 total
- age   6:       4704 bytes,      48000 total
- age   7:       4648 bytes,      52648 total
- age   8:       4704 bytes,      57352 total
- age   9:       4648 bytes,      62000 total
- age  10:       4704 bytes,      66704 total
- age  11:       4704 bytes,      71408 total
- age  12:       4648 bytes,      76056 total
- age  13:       4704 bytes,      80760 total
- age  14:       4648 bytes,      85408 total
- age  15:       4704 bytes,      90112 total
: 2242K->88K(2432K), 0.0005483 secs] 6363K->4214K(7936K), 0.0006309 secs] [Times: user=0.00 sys=0.00, real=0.00 secs] 
2017-07-06T17:12:43.498+0900: 15.202: [GC2017-07-06T17:12:43.498+0900: 15.202: [DefNew
Desired survivor size 131072 bytes, new threshold 15 (max 15)
- age   1:      16384 bytes,      16384 total
- age   2:       4784 bytes,      21168 total
- age   3:       4704 bytes,      25872 total
- age   4:       4704 bytes,      30576 total
- age   5:       4648 bytes,      35224 total
- age   6:       4704 bytes,      39928 total
- age   7:       4704 bytes,      44632 total
- age   8:       4648 bytes,      49280 total
- age   9:       4704 bytes,      53984 total
- age  10:       4648 bytes,      58632 total
- age  11:       4704 bytes,      63336 total
- age  12:       4704 bytes,      68040 total
- age  13:       4648 bytes,      72688 total
- age  14:       4704 bytes,      77392 total
- age  15:       4648 bytes,      82040 total
: 2256K->80K(2432K), 0.0005535 secs] 6382K->4210K(7936K), 0.0006258 secs] [Times: user=0.00 sys=0.00, real=0.00 secs] 
2017-07-06T17:12:43.520+0900: 15.224: [GC2017-07-06T17:12:43.520+0900: 15.224: [DefNew
Desired survivor size 131072 bytes, new threshold 15 (max 15)
- age   1:      24400 bytes,      24400 total
- age   2:       4840 bytes,      29240 total
- age   3:       4648 bytes,      33888 total
- age   4:       4704 bytes,      38592 total
- age   5:       4704 bytes,      43296 total
- age   6:       4648 bytes,      47944 total
- age   7:       4704 bytes,      52648 total
- age   8:       4704 bytes,      57352 total
- age   9:       4648 bytes,      62000 total
- age  10:       4704 bytes,      66704 total
- age  11:       4648 bytes,      71352 total
- age  12:       4704 bytes,      76056 total
- age  13:       4704 bytes,      80760 total
- age  14:       4648 bytes,      85408 total
- age  15:       4704 bytes,      90112 total
: 2241K->88K(2432K), 0.0005329 secs] 6372K->4223K(7936K), 0.0006010 secs] [Times: user=0.00 sys=0.00, real=0.00 secs] 
2017-07-06T17:12:43.542+0900: 15.246: [GC2017-07-06T17:12:43.542+0900: 15.246: [DefNew
Desired survivor size 131072 bytes, new threshold 15 (max 15)
- age   1:      16384 bytes,      16384 total
- age   2:       4784 bytes,      21168 total
- age   3:       4704 bytes,      25872 total
- age   4:       4648 bytes,      30520 total
- age   5:       4704 bytes,      35224 total
- age   6:       4704 bytes,      39928 total
- age   7:       4648 bytes,      44576 total
- age   8:       4704 bytes,      49280 total
- age   9:       4704 bytes,      53984 total
- age  10:       4648 bytes,      58632 total
- age  11:       4704 bytes,      63336 total
- age  12:       4648 bytes,      67984 total
- age  13:       4704 bytes,      72688 total
- age  14:       4704 bytes,      77392 total
- age  15:       4648 bytes,      82040 total
: 2264K->80K(2432K), 0.0005299 secs] 6399K->4219K(7936K), 0.0005984 secs] [Times: user=0.00 sys=0.00, real=0.00 secs] 
2017-07-06T17:12:43.564+0900: 15.268: [GC2017-07-06T17:12:43.564+0900: 15.268: [DefNew
Desired survivor size 131072 bytes, new threshold 15 (max 15)
- age   1:      16384 bytes,      16384 total
- age   2:       4840 bytes,      21224 total
- age   3:       4648 bytes,      25872 total
- age   4:       4704 bytes,      30576 total
- age   5:       4648 bytes,      35224 total
- age   6:       4704 bytes,      39928 total
- age   7:       4704 bytes,      44632 total
- age   8:       4648 bytes,      49280 total
- age   9:       4704 bytes,      53984 total
- age  10:       4704 bytes,      58688 total
- age  11:       4648 bytes,      63336 total
- age  12:       4704 bytes,      68040 total
- age  13:       4648 bytes,      72688 total
- age  14:       4704 bytes,      77392 total
- age  15:       4704 bytes,      82096 total
: 2256K->80K(2432K), 0.0005419 secs] 6395K->4224K(7936K), 0.0006836 secs] [Times: user=0.00 sys=0.00, real=0.00 secs] 
2017-07-06T17:12:43.589+0900: 15.293: [GC2017-07-06T17:12:43.589+0900: 15.293: [DefNew
Desired survivor size 131072 bytes, new threshold 15 (max 15)
- age   1:      24400 bytes,      24400 total
- age   2:       4840 bytes,      29240 total
- age   3:       4704 bytes,      33944 total
- age   4:       4648 bytes,      38592 total
- age   5:       4704 bytes,      43296 total
- age   6:       4648 bytes,      47944 total
- age   7:       4704 bytes,      52648 total
- age   8:       4704 bytes,      57352 total
- age   9:       4648 bytes,      62000 total
- age  10:       4704 bytes,      66704 total
- age  11:       4704 bytes,      71408 total
- age  12:       4648 bytes,      76056 total
- age  13:       4704 bytes,      80760 total
- age  14:       4648 bytes,      85408 total
- age  15:       4704 bytes,      90112 total
: 2242K->88K(2432K), 0.0005543 secs] 6387K->4236K(7936K), 0.0006241 secs] [Times: user=0.00 sys=0.00, real=0.00 secs] 
2017-07-06T17:12:43.611+0900: 15.315: [GC2017-07-06T17:12:43.611+0900: 15.315: [DefNew
Desired survivor size 131072 bytes, new threshold 15 (max 15)
- age   1:      16384 bytes,      16384 total
- age   2:       4784 bytes,      21168 total
- age   3:       4704 bytes,      25872 total
- age   4:       4704 bytes,      30576 total
- age   5:       4648 bytes,      35224 total
- age   6:       4704 bytes,      39928 total
- age   7:       4648 bytes,      44576 total
- age   8:       4704 bytes,      49280 total
- age   9:       4704 bytes,      53984 total
- age  10:       4648 bytes,      58632 total
- age  11:       4704 bytes,      63336 total
- age  12:       4704 bytes,      68040 total
- age  13:       4648 bytes,      72688 total
- age  14:       4704 bytes,      77392 total
- age  15:       4648 bytes,      82040 total
: 2264K->80K(2432K), 0.0005286 secs] 6412K->4233K(7936K), 0.0005928 secs] [Times: user=0.00 sys=0.00, real=0.00 secs] 
2017-07-06T17:12:43.632+0900: 15.336: [GC2017-07-06T17:12:43.632+0900: 15.336: [DefNew
Desired survivor size 131072 bytes, new threshold 15 (max 15)
- age   1:      24400 bytes,      24400 total
- age   2:       4840 bytes,      29240 total
- age   3:       4648 bytes,      33888 total
- age   4:       4704 bytes,      38592 total
- age   5:       4704 bytes,      43296 total
- age   6:       4648 bytes,      47944 total
- age   7:       4704 bytes,      52648 total
- age   8:       4648 bytes,      57296 total
- age   9:       4704 bytes,      62000 total
- age  10:       4704 bytes,      66704 total
- age  11:       4648 bytes,      71352 total
- age  12:       4704 bytes,      76056 total
- age  13:       4704 bytes,      80760 total
- age  14:       4648 bytes,      85408 total
- age  15:       4704 bytes,      90112 total
: 2240K->88K(2432K), 0.0005115 secs] 6393K->4246K(7936K), 0.0005744 secs] [Times: user=0.00 sys=0.00, real=0.00 secs] 
2017-07-06T17:12:43.654+0900: 15.358: [GC2017-07-06T17:12:43.654+0900: 15.358: [DefNew
Desired survivor size 131072 bytes, new threshold 15 (max 15)
- age   1:      16384 bytes,      16384 total
- age   2:       4784 bytes,      21168 total
- age   3:       4704 bytes,      25872 total
- age   4:       4648 bytes,      30520 total
- age   5:       4704 bytes,      35224 total
- age   6:       4704 bytes,      39928 total
- age   7:       4648 bytes,      44576 total
- age   8:       4704 bytes,      49280 total
- age   9:       4648 bytes,      53928 total
- age  10:       4704 bytes,      58632 total
- age  11:       4704 bytes,      63336 total
- age  12:       4648 bytes,      67984 total
- age  13:       4704 bytes,      72688 total
- age  14:       4704 bytes,      77392 total
- age  15:       4648 bytes,      82040 total
: 2264K->80K(2432K), 0.0005081 secs] 6422K->4242K(7936K), 0.0005761 secs] [Times: user=0.00 sys=0.00, real=0.00 secs] 
2017-07-06T17:12:43.675+0900: 15.379: [GC2017-07-06T17:12:43.675+0900: 15.379: [DefNew
Desired survivor size 131072 bytes, new threshold 15 (max 15)
- age   1:      24400 bytes,      24400 total
- age   2:       4840 bytes,      29240 total
- age   3:       4648 bytes,      33888 total
- age   4:       4704 bytes,      38592 total
- age   5:       4648 bytes,      43240 total
- age   6:       4704 bytes,      47944 total
- age   7:       4704 bytes,      52648 total
- age   8:       4648 bytes,      57296 total
- age   9:       4704 bytes,      62000 total
- age  10:       4648 bytes,      66648 total
- age  11:       4704 bytes,      71352 total
- age  12:       4704 bytes,      76056 total
- age  13:       4648 bytes,      80704 total
- age  14:       4704 bytes,      85408 total
- age  15:       4704 bytes,      90112 total
: 2240K->88K(2432K), 0.0005269 secs] 6403K->4255K(7936K), 0.0005924 secs] [Times: user=0.00 sys=0.00, real=0.00 secs] 
2017-07-06T17:12:43.702+0900: 15.405: [GC2017-07-06T17:12:43.702+0900: 15.406: [DefNew
Desired survivor size 131072 bytes, new threshold 15 (max 15)
- age   1:      16384 bytes,      16384 total
- age   2:       4784 bytes,      21168 total
- age   3:       4704 bytes,      25872 total
- age   4:       4648 bytes,      30520 total
- age   5:       4704 bytes,      35224 total
- age   6:       4648 bytes,      39872 total
- age   7:       4704 bytes,      44576 total
- age   8:       4704 bytes,      49280 total
- age   9:       4648 bytes,      53928 total
- age  10:       4704 bytes,      58632 total
- age  11:       4648 bytes,      63280 total
- age  12:       4704 bytes,      67984 total
- age  13:       4704 bytes,      72688 total
- age  14:       4648 bytes,      77336 total
- age  15:       4704 bytes,      82040 total
: 2264K->80K(2432K), 0.0006181 secs] 6431K->4251K(7936K), 0.0007071 secs] [Times: user=0.00 sys=0.00, real=0.00 secs] 
2017-07-06T17:12:43.725+0900: 15.429: [GC2017-07-06T17:12:43.725+0900: 15.429: [DefNew
Desired survivor size 131072 bytes, new threshold 15 (max 15)
- age   1:      24400 bytes,      24400 total
- age   2:       4840 bytes,      29240 total
- age   3:       4648 bytes,      33888 total
- age   4:       4704 bytes,      38592 total
- age   5:       4648 bytes,      43240 total
- age   6:       4704 bytes,      47944 total
- age   7:       4648 bytes,      52592 total
- age   8:       4704 bytes,      57296 total
- age   9:       4704 bytes,      62000 total
- age  10:       4648 bytes,      66648 total
- age  11:       4704 bytes,      71352 total
- age  12:       4648 bytes,      76000 total
- age  13:       4704 bytes,      80704 total
- age  14:       4704 bytes,      85408 total
- age  15:       4648 bytes,      90056 total
: 2241K->87K(2432K), 0.0005432 secs] 6413K->4264K(7936K), 0.0006134 secs] [Times: user=0.00 sys=0.00, real=0.00 secs] 
2017-07-06T17:12:43.747+0900: 15.451: [GC2017-07-06T17:12:43.747+0900: 15.451: [DefNew
Desired survivor size 131072 bytes, new threshold 15 (max 15)
- age   1:      16384 bytes,      16384 total
- age   2:       4784 bytes,      21168 total
- age   3:       4704 bytes,      25872 total
- age   4:       4648 bytes,      30520 total
- age   5:       4704 bytes,      35224 total
- age   6:       4648 bytes,      39872 total
- age   7:       4704 bytes,      44576 total
- age   8:       4648 bytes,      49224 total
- age   9:       4704 bytes,      53928 total
- age  10:       4704 bytes,      58632 total
- age  11:       4648 bytes,      63280 total
- age  12:       4704 bytes,      67984 total
- age  13:       4648 bytes,      72632 total
- age  14:       4704 bytes,      77336 total
- age  15:       4704 bytes,      82040 total
: 2263K->80K(2432K), 0.0005261 secs] 6440K->4260K(7936K), 0.0005980 secs] [Times: user=0.00 sys=0.00, real=0.00 secs] 
2017-07-06T17:12:43.768+0900: 15.472: [GC2017-07-06T17:12:43.768+0900: 15.472: [DefNew
Desired survivor size 131072 bytes, new threshold 15 (max 15)
- age   1:      16384 bytes,      16384 total
- age   2:       4840 bytes,      21224 total
- age   3:       4648 bytes,      25872 total
- age   4:       4704 bytes,      30576 total
- age   5:       4648 bytes,      35224 total
- age   6:       4704 bytes,      39928 total
- age   7:       4648 bytes,      44576 total
- age   8:       4704 bytes,      49280 total
- age   9:       4648 bytes,      53928 total
- age  10:       4704 bytes,      58632 total
- age  11:       4704 bytes,      63336 total
- age  12:       4648 bytes,      67984 total
- age  13:       4704 bytes,      72688 total
- age  14:       4648 bytes,      77336 total
- age  15:       4704 bytes,      82040 total
: 2256K->80K(2432K), 0.0005111 secs] 6436K->4265K(7936K), 0.0005731 secs] [Times: user=0.00 sys=0.00, real=0.00 secs] 
2017-07-06T17:12:43.790+0900: 15.493: [GC2017-07-06T17:12:43.790+0900: 15.494: [DefNew
Desired survivor size 131072 bytes, new threshold 15 (max 15)
- age   1:      24400 bytes,      24400 total
- age   2:       4840 bytes,      29240 total
- age   3:       4704 bytes,      33944 total
- age   4:       4648 bytes,      38592 total
- age   5:       4704 bytes,      43296 total
- age   6:       4648 bytes,      47944 total
- age   7:       4704 bytes,      52648 total
- age   8:       4648 bytes,      57296 total
- age   9:       4704 bytes,      62000 total
- age  10:       4648 bytes,      66648 total
- age  11:       4704 bytes,      71352 total
- age  12:       4704 bytes,      76056 total
- age  13:       4648 bytes,      80704 total
- age  14:       4704 bytes,      85408 total
- age  15:       4648 bytes,      90056 total
: 2242K->87K(2432K), 0.0005081 secs] 6427K->4278K(7936K), 0.0005693 secs] [Times: user=0.00 sys=0.00, real=0.00 secs] 
2017-07-06T17:12:43.813+0900: 15.517: [GC2017-07-06T17:12:43.813+0900: 15.517: [DefNew
Desired survivor size 131072 bytes, new threshold 15 (max 15)
- age   1:      16384 bytes,      16384 total
- age   2:       4784 bytes,      21168 total
- age   3:       4704 bytes,      25872 total
- age   4:       4704 bytes,      30576 total
- age   5:       4648 bytes,      35224 total
- age   6:       4704 bytes,      39928 total
- age   7:       4648 bytes,      44576 total
- age   8:       4704 bytes,      49280 total
- age   9:       4648 bytes,      53928 total
- age  10:       4704 bytes,      58632 total
- age  11:       4648 bytes,      63280 total
- age  12:       4704 bytes,      67984 total
- age  13:       4704 bytes,      72688 total
- age  14:       4648 bytes,      77336 total
- age  15:       4704 bytes,      82040 total
: 2256K->80K(2432K), 0.0005560 secs] 6446K->4274K(7936K), 0.0006335 secs] [Times: user=0.00 sys=0.00, real=0.00 secs] 
2017-07-06T17:12:43.838+0900: 15.542: [GC2017-07-06T17:12:43.838+0900: 15.542: [DefNew
Desired survivor size 131072 bytes, new threshold 15 (max 15)
- age   1:      24400 bytes,      24400 total
- age   2:       4840 bytes,      29240 total
- age   3:       4648 bytes,      33888 total
- age   4:       4704 bytes,      38592 total
- age   5:       4704 bytes,      43296 total
- age   6:       4648 bytes,      47944 total
- age   7:       4704 bytes,      52648 total
- age   8:       4648 bytes,      57296 total
- age   9:       4704 bytes,      62000 total
- age  10:       4648 bytes,      66648 total
- age  11:       4704 bytes,      71352 total
- age  12:       4648 bytes,      76000 total
- age  13:       4704 bytes,      80704 total
- age  14:       4704 bytes,      85408 total
- age  15:       4648 bytes,      90056 total
: 2241K->87K(2432K), 0.0006078 secs] 6435K->4287K(7936K), 0.0006866 secs] [Times: user=0.00 sys=0.00, real=0.00 secs] 
2017-07-06T17:12:43.860+0900: 15.564: [GC2017-07-06T17:12:43.860+0900: 15.564: [DefNew
Desired survivor size 131072 bytes, new threshold 15 (max 15)
- age   1:      16384 bytes,      16384 total
- age   2:       4784 bytes,      21168 total
- age   3:       4704 bytes,      25872 total
- age   4:       4648 bytes,      30520 total
- age   5:       4704 bytes,      35224 total
- age   6:       4704 bytes,      39928 total
- age   7:       4648 bytes,      44576 total
- age   8:       4704 bytes,      49280 total
- age   9:       4648 bytes,      53928 total
- age  10:       4704 bytes,      58632 total
- age  11:       4648 bytes,      63280 total
- age  12:       4704 bytes,      67984 total
- age  13:       4648 bytes,      72632 total
- age  14:       4704 bytes,      77336 total
- age  15:       4704 bytes,      82040 total
: 2263K->80K(2432K), 0.0005269 secs] 6463K->4283K(7936K), 0.0005950 secs] [Times: user=0.00 sys=0.00, real=0.00 secs] 
2017-07-06T17:12:43.882+0900: 15.586: [GC2017-07-06T17:12:43.882+0900: 15.586: [DefNew
Desired survivor size 131072 bytes, new threshold 15 (max 15)
- age   1:      16384 bytes,      16384 total
- age   2:       4840 bytes,      21224 total
- age   3:       4648 bytes,      25872 total
- age   4:       4704 bytes,      30576 total
- age   5:       4648 bytes,      35224 total
- age   6:       4704 bytes,      39928 total
- age   7:       4704 bytes,      44632 total
- age   8:       4648 bytes,      49280 total
- age   9:       4704 bytes,      53984 total
- age  10:       4648 bytes,      58632 total
- age  11:       4704 bytes,      63336 total
- age  12:       4648 bytes,      67984 total
- age  13:       4704 bytes,      72688 total
- age  14:       4648 bytes,      77336 total
- age  15:       4704 bytes,      82040 total
: 2256K->80K(2432K), 0.0005226 secs] 6459K->4288K(7936K), 0.0005877 secs] [Times: user=0.00 sys=0.00, real=0.00 secs] 
2017-07-06T17:12:43.903+0900: 15.607: [GC2017-07-06T17:12:43.903+0900: 15.607: [DefNew
Desired survivor size 131072 bytes, new threshold 15 (max 15)
- age   1:      24400 bytes,      24400 total
- age   2:       4840 bytes,      29240 total
- age   3:       4704 bytes,      33944 total
- age   4:       4648 bytes,      38592 total
- age   5:       4704 bytes,      43296 total
- age   6:       4648 bytes,      47944 total
- age   7:       4704 bytes,      52648 total
- age   8:       4704 bytes,      57352 total
- age   9:       4648 bytes,      62000 total
- age  10:       4704 bytes,      66704 total
- age  11:       4648 bytes,      71352 total
- age  12:       4704 bytes,      76056 total
- age  13:       4648 bytes,      80704 total
- age  14:       4704 bytes,      85408 total
- age  15:       4648 bytes,      90056 total
: 2242K->87K(2432K), 0.0005081 secs] 6450K->4300K(7936K), 0.0005672 secs] [Times: user=0.00 sys=0.00, real=0.00 secs] 
2017-07-06T17:12:43.927+0900: 15.631: [GC2017-07-06T17:12:43.927+0900: 15.631: [DefNew
Desired survivor size 131072 bytes, new threshold 15 (max 15)
- age   1:      16384 bytes,      16384 total
- age   2:       4784 bytes,      21168 total
- age   3:       4704 bytes,      25872 total
- age   4:       4704 bytes,      30576 total
- age   5:       4648 bytes,      35224 total
- age   6:       4704 bytes,      39928 total
- age   7:       4648 bytes,      44576 total
- age   8:       4704 bytes,      49280 total
- age   9:       4704 bytes,      53984 total
- age  10:       4648 bytes,      58632 total
- age  11:       4704 bytes,      63336 total
- age  12:       4648 bytes,      67984 total
- age  13:       4704 bytes,      72688 total
- age  14:       4648 bytes,      77336 total
- age  15:       4704 bytes,      82040 total
: 2263K->80K(2432K), 0.0005560 secs] 6476K->4297K(7936K), 0.0006331 secs] [Times: user=0.00 sys=0.00, real=0.00 secs] 
2017-07-06T17:12:43.953+0900: 15.657: [GC2017-07-06T17:12:43.954+0900: 15.657: [DefNew
Desired survivor size 131072 bytes, new threshold 15 (max 15)
- age   1:      16384 bytes,      16384 total
- age   2:       4840 bytes,      21224 total
- age   3:       4648 bytes,      25872 total
- age   4:       4704 bytes,      30576 total
- age   5:       4704 bytes,      35280 total
- age   6:       4648 bytes,      39928 total
- age   7:       4704 bytes,      44632 total
- age   8:       4648 bytes,      49280 total
- age   9:       4704 bytes,      53984 total
- age  10:       4704 bytes,      58688 total
- age  11:       4648 bytes,      63336 total
- age  12:       4704 bytes,      68040 total
- age  13:       4648 bytes,      72688 total
- age  14:       4704 bytes,      77392 total
- age  15:       4648 bytes,      82040 total
: 2256K->80K(2432K), 0.0005552 secs] 6473K->4302K(7936K), 0.0006369 secs] [Times: user=0.00 sys=0.00, real=0.00 secs] 
2017-07-06T17:12:43.976+0900: 15.680: [GC2017-07-06T17:12:43.976+0900: 15.680: [DefNew
Desired survivor size 131072 bytes, new threshold 15 (max 15)
- age   1:      24400 bytes,      24400 total
- age   2:       4840 bytes,      29240 total
- age   3:       4704 bytes,      33944 total
- age   4:       4648 bytes,      38592 total
- age   5:       4704 bytes,      43296 total
- age   6:       4704 bytes,      48000 total
- age   7:       4648 bytes,      52648 total
- age   8:       4704 bytes,      57352 total
- age   9:       4648 bytes,      62000 total
- age  10:       4704 bytes,      66704 total
- age  11:       4704 bytes,      71408 total
- age  12:       4648 bytes,      76056 total
- age  13:       4704 bytes,      80760 total
- age  14:       4648 bytes,      85408 total
- age  15:       4704 bytes,      90112 total
: 2242K->88K(2432K), 0.0005295 secs] 6464K->4314K(7936K), 0.0005980 secs] [Times: user=0.00 sys=0.00, real=0.00 secs] 
2017-07-06T17:12:43.997+0900: 15.701: [GC2017-07-06T17:12:43.997+0900: 15.701: [DefNew
Desired survivor size 131072 bytes, new threshold 15 (max 15)
- age   1:      16384 bytes,      16384 total
- age   2:       4784 bytes,      21168 total
- age   3:       4704 bytes,      25872 total
- age   4:       4704 bytes,      30576 total
- age   5:       4648 bytes,      35224 total
- age   6:       4704 bytes,      39928 total
- age   7:       4704 bytes,      44632 total
- age   8:       4648 bytes,      49280 total
- age   9:       4704 bytes,      53984 total
- age  10:       4648 bytes,      58632 total
- age  11:       4704 bytes,      63336 total
- age  12:       4704 bytes,      68040 total
- age  13:       4648 bytes,      72688 total
- age  14:       4704 bytes,      77392 total
- age  15:       4648 bytes,      82040 total
: 2256K->80K(2432K), 0.0005205 secs] 6482K->4311K(7936K), 0.0005843 secs] [Times: user=0.00 sys=0.00, real=0.00 secs] 
2017-07-06T17:12:44.019+0900: 15.723: [GC2017-07-06T17:12:44.019+0900: 15.723: [DefNew
Desired survivor size 131072 bytes, new threshold 15 (max 15)
- age   1:      24400 bytes,      24400 total
- age   2:       4840 bytes,      29240 total
- age   3:       4648 bytes,      33888 total
- age   4:       4704 bytes,      38592 total
- age   5:       4704 bytes,      43296 total
- age   6:       4648 bytes,      47944 total
- age   7:       4704 bytes,      52648 total
- age   8:       4704 bytes,      57352 total
- age   9:       4648 bytes,      62000 total
- age  10:       4704 bytes,      66704 total
- age  11:       4648 bytes,      71352 total
- age  12:       4704 bytes,      76056 total
- age  13:       4704 bytes,      80760 total
- age  14:       4648 bytes,      85408 total
- age  15:       4704 bytes,      90112 total
: 2241K->88K(2432K), 0.0005085 secs] 6472K->4323K(7936K), 0.0005693 secs] [Times: user=0.00 sys=0.00, real=0.00 secs] 
2017-07-06T17:12:44.043+0900: 15.747: [GC2017-07-06T17:12:44.043+0900: 15.747: [DefNew
Desired survivor size 131072 bytes, new threshold 15 (max 15)
- age   1:      16384 bytes,      16384 total
- age   2:       4784 bytes,      21168 total
- age   3:       4704 bytes,      25872 total
- age   4:       4648 bytes,      30520 total
- age   5:       4704 bytes,      35224 total
- age   6:       4704 bytes,      39928 total
- age   7:       4648 bytes,      44576 total
- age   8:       4704 bytes,      49280 total
- age   9:       4704 bytes,      53984 total
- age  10:       4648 bytes,      58632 total
- age  11:       4704 bytes,      63336 total
- age  12:       4648 bytes,      67984 total
- age  13:       4704 bytes,      72688 total
- age  14:       4704 bytes,      77392 total
- age  15:       4648 bytes,      82040 total
: 2264K->80K(2432K), 0.0005719 secs] 6499K->4320K(7936K), 0.0006622 secs] [Times: user=0.00 sys=0.00, real=0.00 secs] 
2017-07-06T17:12:44.067+0900: 15.771: [GC2017-07-06T17:12:44.067+0900: 15.771: [DefNew
Desired survivor size 131072 bytes, new threshold 15 (max 15)
- age   1:      16384 bytes,      16384 total
- age   2:       4840 bytes,      21224 total
- age   3:       4648 bytes,      25872 total
- age   4:       4704 bytes,      30576 total
- age   5:       4648 bytes,      35224 total
- age   6:       4704 bytes,      39928 total
- age   7:       4704 bytes,      44632 total
- age   8:       4648 bytes,      49280 total
- age   9:       4704 bytes,      53984 total
- age  10:       4704 bytes,      58688 total
- age  11:       4648 bytes,      63336 total
- age  12:       4704 bytes,      68040 total
- age  13:       4648 bytes,      72688 total
- age  14:       4704 bytes,      77392 total
- age  15:       4704 bytes,      82096 total
: 2256K->80K(2432K), 0.0005505 secs] 6496K->4325K(7936K), 0.0006207 secs] [Times: user=0.00 sys=0.00, real=0.00 secs] 
2017-07-06T17:12:44.089+0900: 15.793: [GC2017-07-06T17:12:44.089+0900: 15.793: [DefNew
Desired survivor size 131072 bytes, new threshold 15 (max 15)
- age   1:      24400 bytes,      24400 total
- age   2:       4840 bytes,      29240 total
- age   3:       4704 bytes,      33944 total
- age   4:       4648 bytes,      38592 total
- age   5:       4704 bytes,      43296 total
- age   6:       4648 bytes,      47944 total
- age   7:       4704 bytes,      52648 total
- age   8:       4704 bytes,      57352 total
- age   9:       4648 bytes,      62000 total
- age  10:       4704 bytes,      66704 total
- age  11:       4704 bytes,      71408 total
- age  12:       4648 bytes,      76056 total
- age  13:       4704 bytes,      80760 total
- age  14:       4648 bytes,      85408 total
- age  15:       4704 bytes,      90112 total
: 2242K->88K(2432K), 0.0005244 secs] 6487K->4337K(7936K), 0.0005916 secs] [Times: user=0.00 sys=0.00, real=0.00 secs] 
2017-07-06T17:12:44.110+0900: 15.814: [GC2017-07-06T17:12:44.110+0900: 15.814: [DefNew
Desired survivor size 131072 bytes, new threshold 15 (max 15)
- age   1:      16384 bytes,      16384 total
- age   2:       4784 bytes,      21168 total
- age   3:       4704 bytes,      25872 total
- age   4:       4704 bytes,      30576 total
- age   5:       4648 bytes,      35224 total
- age   6:       4704 bytes,      39928 total
- age   7:       4648 bytes,      44576 total
- age   8:       4704 bytes,      49280 total
- age   9:       4704 bytes,      53984 total
- age  10:       4648 bytes,      58632 total
- age  11:       4704 bytes,      63336 total
- age  12:       4704 bytes,      68040 total
- age  13:       4648 bytes,      72688 total
- age  14:       4704 bytes,      77392 total
- age  15:       4648 bytes,      82040 total
: 2264K->80K(2432K), 0.0005196 secs] 6513K->4334K(7936K), 0.0005834 secs] [Times: user=0.00 sys=0.00, real=0.00 secs] 
2017-07-06T17:12:44.132+0900: 15.836: [GC2017-07-06T17:12:44.132+0900: 15.836: [DefNew
Desired survivor size 131072 bytes, new threshold 15 (max 15)
- age   1:      24400 bytes,      24400 total
- age   2:       4840 bytes,      29240 total
- age   3:       4648 bytes,      33888 total
- age   4:       4704 bytes,      38592 total
- age   5:       4704 bytes,      43296 total
- age   6:       4648 bytes,      47944 total
- age   7:       4704 bytes,      52648 total
- age   8:       4648 bytes,      57296 total
- age   9:       4704 bytes,      62000 total
- age  10:       4704 bytes,      66704 total
- age  11:       4648 bytes,      71352 total
- age  12:       4704 bytes,      76056 total
- age  13:       4704 bytes,      80760 total
- age  14:       4648 bytes,      85408 total
- age  15:       4704 bytes,      90112 total
: 2240K->88K(2432K), 0.0005196 secs] 6494K->4346K(7936K), 0.0005894 secs] [Times: user=0.00 sys=0.00, real=0.00 secs] 
2017-07-06T17:12:44.156+0900: 15.860: [GC2017-07-06T17:12:44.156+0900: 15.860: [DefNew
Desired survivor size 131072 bytes, new threshold 15 (max 15)
- age   1:      16384 bytes,      16384 total
- age   2:       4784 bytes,      21168 total
- age   3:       4704 bytes,      25872 total
- age   4:       4648 bytes,      30520 total
- age   5:       4704 bytes,      35224 total
- age   6:       4704 bytes,      39928 total
- age   7:       4648 bytes,      44576 total
- age   8:       4704 bytes,      49280 total
- age   9:       4648 bytes,      53928 total
- age  10:       4704 bytes,      58632 total
- age  11:       4704 bytes,      63336 total
- age  12:       4648 bytes,      67984 total
- age  13:       4704 bytes,      72688 total
- age  14:       4704 bytes,      77392 total
- age  15:       4648 bytes,      82040 total
: 2264K->80K(2432K), 0.0005483 secs] 6522K->4343K(7936K), 0.0006215 secs] [Times: user=0.00 sys=0.00, real=0.00 secs] 
2017-07-06T17:12:44.178+0900: 15.882: [GC2017-07-06T17:12:44.179+0900: 15.882: [DefNew
Desired survivor size 131072 bytes, new threshold 15 (max 15)
- age   1:      24400 bytes,      24400 total
- age   2:       4840 bytes,      29240 total
- age   3:       4648 bytes,      33888 total
- age   4:       4704 bytes,      38592 total
- age   5:       4648 bytes,      43240 total
- age   6:       4704 bytes,      47944 total
- age   7:       4704 bytes,      52648 total
- age   8:       4648 bytes,      57296 total
- age   9:       4704 bytes,      62000 total
- age  10:       4648 bytes,      66648 total
- age  11:       4704 bytes,      71352 total
- age  12:       4704 bytes,      76056 total
- age  13:       4648 bytes,      80704 total
- age  14:       4704 bytes,      85408 total
- age  15:       4704 bytes,      90112 total
: 2240K->88K(2432K), 0.0005338 secs] 6503K->4355K(7936K), 0.0006010 secs] [Times: user=0.00 sys=0.00, real=0.00 secs] 
2017-07-06T17:12:44.200+0900: 15.904: [GC2017-07-06T17:12:44.200+0900: 15.904: [DefNew
Desired survivor size 131072 bytes, new threshold 15 (max 15)
- age   1:      16384 bytes,      16384 total
- age   2:       4784 bytes,      21168 total
- age   3:       4704 bytes,      25872 total
- age   4:       4648 bytes,      30520 total
- age   5:       4704 bytes,      35224 total
- age   6:       4648 bytes,      39872 total
- age   7:       4704 bytes,      44576 total
- age   8:       4704 bytes,      49280 total
- age   9:       4648 bytes,      53928 total
- age  10:       4704 bytes,      58632 total
- age  11:       4648 bytes,      63280 total
- age  12:       4704 bytes,      67984 total
- age  13:       4704 bytes,      72688 total
- age  14:       4648 bytes,      77336 total
- age  15:       4704 bytes,      82040 total
: 2264K->80K(2432K), 0.0005252 secs] 6531K->4352K(7936K), 0.0005911 secs] [Times: user=0.00 sys=0.00, real=0.00 secs] 
2017-07-06T17:12:44.222+0900: 15.926: [GC2017-07-06T17:12:44.222+0900: 15.926: [DefNew
Desired survivor size 131072 bytes, new threshold 15 (max 15)
- age   1:      24400 bytes,      24400 total
- age   2:       4840 bytes,      29240 total
- age   3:       4648 bytes,      33888 total
- age   4:       4704 bytes,      38592 total
- age   5:       4648 bytes,      43240 total
- age   6:       4704 bytes,      47944 total
- age   7:       4648 bytes,      52592 total
- age   8:       4704 bytes,      57296 total
- age   9:       4704 bytes,      62000 total
- age  10:       4648 bytes,      66648 total
- age  11:       4704 bytes,      71352 total
- age  12:       4648 bytes,      76000 total
- age  13:       4704 bytes,      80704 total
- age  14:       4704 bytes,      85408 total
- age  15:       4648 bytes,      90056 total
: 2241K->87K(2432K), 0.0005085 secs] 6513K->4364K(7936K), 0.0005753 secs] [Times: user=0.00 sys=0.00, real=0.00 secs] 
2017-07-06T17:12:44.243+0900: 15.947: [GC2017-07-06T17:12:44.243+0900: 15.947: [DefNew
Desired survivor size 131072 bytes, new threshold 15 (max 15)
- age   1:      16384 bytes,      16384 total
- age   2:       4784 bytes,      21168 total
- age   3:       4704 bytes,      25872 total
- age   4:       4648 bytes,      30520 total
- age   5:       4704 bytes,      35224 total
- age   6:       4648 bytes,      39872 total
- age   7:       4704 bytes,      44576 total
- age   8:       4648 bytes,      49224 total
- age   9:       4704 bytes,      53928 total
- age  10:       4704 bytes,      58632 total
- age  11:       4648 bytes,      63280 total
- age  12:       4704 bytes,      67984 total
- age  13:       4648 bytes,      72632 total
- age  14:       4704 bytes,      77336 total
- age  15:       4704 bytes,      82040 total
: 2263K->80K(2432K), 0.0005214 secs] 6540K->4361K(7936K), 0.0005864 secs] [Times: user=0.00 sys=0.00, real=0.00 secs] 
2017-07-06T17:12:44.266+0900: 15.970: [GC2017-07-06T17:12:44.266+0900: 15.970: [DefNew
Desired survivor size 131072 bytes, new threshold 15 (max 15)
- age   1:      16384 bytes,      16384 total
- age   2:       4840 bytes,      21224 total
- age   3:       4648 bytes,      25872 total
- age   4:       4704 bytes,      30576 total
- age   5:       4648 bytes,      35224 total
- age   6:       4704 bytes,      39928 total
- age   7:       4648 bytes,      44576 total
- age   8:       4704 bytes,      49280 total
- age   9:       4648 bytes,      53928 total
- age  10:       4704 bytes,      58632 total
- age  11:       4704 bytes,      63336 total
- age  12:       4648 bytes,      67984 total
- age  13:       4704 bytes,      72688 total
- age  14:       4648 bytes,      77336 total
- age  15:       4704 bytes,      82040 total
: 2256K->80K(2432K), 0.0005547 secs] 6537K->4366K(7936K), 0.0006318 secs] [Times: user=0.00 sys=0.00, real=0.00 secs] 
2017-07-06T17:12:44.291+0900: 15.995: [GC2017-07-06T17:12:44.291+0900: 15.995: [DefNew
Desired survivor size 131072 bytes, new threshold 15 (max 15)
- age   1:      24400 bytes,      24400 total
- age   2:       4840 bytes,      29240 total
- age   3:       4704 bytes,      33944 total
- age   4:       4648 bytes,      38592 total
- age   5:       4704 bytes,      43296 total
- age   6:       4648 bytes,      47944 total
- age   7:       4704 bytes,      52648 total
- age   8:       4648 bytes,      57296 total
- age   9:       4704 bytes,      62000 total
- age  10:       4648 bytes,      66648 total
- age  11:       4704 bytes,      71352 total
- age  12:       4704 bytes,      76056 total
- age  13:       4648 bytes,      80704 total
- age  14:       4704 bytes,      85408 total
- age  15:       4648 bytes,      90056 total
: 2242K->87K(2432K), 0.0005449 secs] 6528K->4378K(7936K), 0.0006151 secs] [Times: user=0.00 sys=0.00, real=0.00 secs] 
2017-07-06T17:12:44.313+0900: 16.017: [GC2017-07-06T17:12:44.313+0900: 16.017: [DefNew
Desired survivor size 131072 bytes, new threshold 15 (max 15)
- age   1:      16384 bytes,      16384 total
- age   2:       4784 bytes,      21168 total
- age   3:       4704 bytes,      25872 total
- age   4:       4704 bytes,      30576 total
- age   5:       4648 bytes,      35224 total
- age   6:       4704 bytes,      39928 total
- age   7:       4648 bytes,      44576 total
- age   8:       4704 bytes,      49280 total
- age   9:       4648 bytes,      53928 total
- age  10:       4704 bytes,      58632 total
- age  11:       4648 bytes,      63280 total
- age  12:       4704 bytes,      67984 total
- age  13:       4704 bytes,      72688 total
- age  14:       4648 bytes,      77336 total
- age  15:       4704 bytes,      82040 total
: 2256K->80K(2432K), 0.0005363 secs] 6546K->4375K(7936K), 0.0006040 secs] [Times: user=0.00 sys=0.00, real=0.00 secs] 
2017-07-06T17:12:44.334+0900: 16.038: [GC2017-07-06T17:12:44.334+0900: 16.038: [DefNew
Desired survivor size 131072 bytes, new threshold 15 (max 15)
- age   1:      24400 bytes,      24400 total
- age   2:       4840 bytes,      29240 total
- age   3:       4648 bytes,      33888 total
- age   4:       4704 bytes,      38592 total
- age   5:       4704 bytes,      43296 total
- age   6:       4648 bytes,      47944 total
- age   7:       4704 bytes,      52648 total
- age   8:       4648 bytes,      57296 total
- age   9:       4704 bytes,      62000 total
- age  10:       4648 bytes,      66648 total
- age  11:       4704 bytes,      71352 total
- age  12:       4648 bytes,      76000 total
- age  13:       4704 bytes,      80704 total
- age  14:       4704 bytes,      85408 total
- age  15:       4648 bytes,      90056 total
: 2241K->87K(2432K), 0.0005278 secs] 6536K->4387K(7936K), 0.0005958 secs] [Times: user=0.00 sys=0.00, real=0.00 secs] 
2017-07-06T17:12:44.356+0900: 16.060: [GC2017-07-06T17:12:44.356+0900: 16.060: [DefNew
Desired survivor size 131072 bytes, new threshold 15 (max 15)
- age   1:      16384 bytes,      16384 total
- age   2:       4784 bytes,      21168 total
- age   3:       4704 bytes,      25872 total
- age   4:       4648 bytes,      30520 total
- age   5:       4704 bytes,      35224 total
- age   6:       4704 bytes,      39928 total
- age   7:       4648 bytes,      44576 total
- age   8:       4704 bytes,      49280 total
- age   9:       4648 bytes,      53928 total
- age  10:       4704 bytes,      58632 total
- age  11:       4648 bytes,      63280 total
- age  12:       4704 bytes,      67984 total
- age  13:       4648 bytes,      72632 total
- age  14:       4704 bytes,      77336 total
- age  15:       4704 bytes,      82040 total
: 2263K->80K(2432K), 0.0005124 secs] 6563K->4384K(7936K), 0.0005749 secs] [Times: user=0.00 sys=0.00, real=0.00 secs] 
2017-07-06T17:12:44.378+0900: 16.081: [GC2017-07-06T17:12:44.378+0900: 16.082: [DefNew
Desired survivor size 131072 bytes, new threshold 15 (max 15)
- age   1:      16384 bytes,      16384 total
- age   2:       4840 bytes,      21224 total
- age   3:       4648 bytes,      25872 total
- age   4:       4704 bytes,      30576 total
- age   5:       4648 bytes,      35224 total
- age   6:       4704 bytes,      39928 total
- age   7:       4704 bytes,      44632 total
- age   8:       4648 bytes,      49280 total
- age   9:       4704 bytes,      53984 total
- age  10:       4648 bytes,      58632 total
- age  11:       4704 bytes,      63336 total
- age  12:       4648 bytes,      67984 total
- age  13:       4704 bytes,      72688 total
- age  14:       4648 bytes,      77336 total
- age  15:       4704 bytes,      82040 total
: 2256K->80K(2432K), 0.0005111 secs] 6560K->4389K(7936K), 0.0005740 secs] [Times: user=0.00 sys=0.00, real=0.00 secs] 
2017-07-06T17:12:44.406+0900: 16.110: [GC2017-07-06T17:12:44.406+0900: 16.110: [DefNew
Desired survivor size 131072 bytes, new threshold 15 (max 15)
- age   1:      24400 bytes,      24400 total
- age   2:       4840 bytes,      29240 total
- age   3:       4704 bytes,      33944 total
- age   4:       4648 bytes,      38592 total
- age   5:       4704 bytes,      43296 total
- age   6:       4648 bytes,      47944 total
- age   7:       4704 bytes,      52648 total
- age   8:       4704 bytes,      57352 total
- age   9:       4648 bytes,      62000 total
- age  10:       4704 bytes,      66704 total
- age  11:       4648 bytes,      71352 total
- age  12:       4704 bytes,      76056 total
- age  13:       4648 bytes,      80704 total
- age  14:       4704 bytes,      85408 total
- age  15:       4648 bytes,      90056 total
: 2242K->87K(2432K), 0.0006125 secs] 6551K->4401K(7936K), 0.0006943 secs] [Times: user=0.00 sys=0.00, real=0.00 secs] 
2017-07-06T17:12:44.428+0900: 16.132: [GC2017-07-06T17:12:44.428+0900: 16.132: [DefNew
Desired survivor size 131072 bytes, new threshold 15 (max 15)
- age   1:      16384 bytes,      16384 total
- age   2:       4784 bytes,      21168 total
- age   3:       4704 bytes,      25872 total
- age   4:       4704 bytes,      30576 total
- age   5:       4648 bytes,      35224 total
- age   6:       4704 bytes,      39928 total
- age   7:       4648 bytes,      44576 total
- age   8:       4704 bytes,      49280 total
- age   9:       4704 bytes,      53984 total
- age  10:       4648 bytes,      58632 total
- age  11:       4704 bytes,      63336 total
- age  12:       4648 bytes,      67984 total
- age  13:       4704 bytes,      72688 total
- age  14:       4648 bytes,      77336 total
- age  15:       4704 bytes,      82040 total
: 2263K->80K(2432K), 0.0005398 secs] 6577K->4398K(7936K), 0.0006100 secs] [Times: user=0.00 sys=0.00, real=0.00 secs] 
2017-07-06T17:12:44.450+0900: 16.154: [GC2017-07-06T17:12:44.450+0900: 16.154: [DefNew
Desired survivor size 131072 bytes, new threshold 15 (max 15)
- age   1:      16384 bytes,      16384 total
- age   2:       4840 bytes,      21224 total
- age   3:       4648 bytes,      25872 total
- age   4:       4704 bytes,      30576 total
- age   5:       4704 bytes,      35280 total
- age   6:       4648 bytes,      39928 total
- age   7:       4704 bytes,      44632 total
- age   8:       4648 bytes,      49280 total
- age   9:       4704 bytes,      53984 total
- age  10:       4704 bytes,      58688 total
- age  11:       4648 bytes,      63336 total
- age  12:       4704 bytes,      68040 total
- age  13:       4648 bytes,      72688 total
- age  14:       4704 bytes,      77392 total
- age  15:       4648 bytes,      82040 total
: 2256K->80K(2432K), 0.0005244 secs] 6574K->4402K(7936K), 0.0005894 secs] [Times: user=0.00 sys=0.00, real=0.00 secs] 
2017-07-06T17:12:44.471+0900: 16.175: [GC2017-07-06T17:12:44.471+0900: 16.175: [DefNew
Desired survivor size 131072 bytes, new threshold 15 (max 15)
- age   1:      24400 bytes,      24400 total
- age   2:       4840 bytes,      29240 total
- age   3:       4704 bytes,      33944 total
- age   4:       4648 bytes,      38592 total
- age   5:       4704 bytes,      43296 total
- age   6:       4704 bytes,      48000 total
- age   7:       4648 bytes,      52648 total
- age   8:       4704 bytes,      57352 total
- age   9:       4648 bytes,      62000 total
- age  10:       4704 bytes,      66704 total
- age  11:       4704 bytes,      71408 total
- age  12:       4648 bytes,      76056 total
- age  13:       4704 bytes,      80760 total
- age  14:       4648 bytes,      85408 total
- age  15:       4704 bytes,      90112 total
: 2242K->88K(2432K), 0.0005085 secs] 6564K->4415K(7936K), 0.0005693 secs] [Times: user=0.00 sys=0.00, real=0.00 secs] 
2017-07-06T17:12:44.493+0900: 16.197: [GC2017-07-06T17:12:44.493+0900: 16.197: [DefNew
Desired survivor size 131072 bytes, new threshold 15 (max 15)
- age   1:      16384 bytes,      16384 total
- age   2:       4784 bytes,      21168 total
- age   3:       4704 bytes,      25872 total
- age   4:       4704 bytes,      30576 total
- age   5:       4648 bytes,      35224 total
- age   6:       4704 bytes,      39928 total
- age   7:       4704 bytes,      44632 total
- age   8:       4648 bytes,      49280 total
- age   9:       4704 bytes,      53984 total
- age  10:       4648 bytes,      58632 total
- age  11:       4704 bytes,      63336 total
- age  12:       4704 bytes,      68040 total
- age  13:       4648 bytes,      72688 total
- age  14:       4704 bytes,      77392 total
- age  15:       4648 bytes,      82040 total
: 2256K->80K(2432K), 0.0005530 secs] 6583K->4411K(7936K), 0.0006296 secs] [Times: user=0.00 sys=0.00, real=0.00 secs] 
2017-07-06T17:12:44.516+0900: 16.220: [GC2017-07-06T17:12:44.516+0900: 16.220: [DefNew
Desired survivor size 131072 bytes, new threshold 15 (max 15)
- age   1:      24400 bytes,      24400 total
- age   2:       4840 bytes,      29240 total
- age   3:       4648 bytes,      33888 total
- age   4:       4704 bytes,      38592 total
- age   5:       4704 bytes,      43296 total
- age   6:       4648 bytes,      47944 total
- age   7:       4704 bytes,      52648 total
- age   8:       4704 bytes,      57352 total
- age   9:       4648 bytes,      62000 total
- age  10:       4704 bytes,      66704 total
- age  11:       4648 bytes,      71352 total
- age  12:       4704 bytes,      76056 total
- age  13:       4704 bytes,      80760 total
- age  14:       4648 bytes,      85408 total
- age  15:       4704 bytes,      90112 total
: 2241K->88K(2432K), 0.0005428 secs] 6573K->4424K(7936K), 0.0006177 secs] [Times: user=0.00 sys=0.00, real=0.00 secs] 
2017-07-06T17:12:44.538+0900: 16.242: [GC2017-07-06T17:12:44.538+0900: 16.242: [DefNew
Desired survivor size 131072 bytes, new threshold 15 (max 15)
- age   1:      16384 bytes,      16384 total
- age   2:       4784 bytes,      21168 total
- age   3:       4704 bytes,      25872 total
- age   4:       4648 bytes,      30520 total
- age   5:       4704 bytes,      35224 total
- age   6:       4704 bytes,      39928 total
- age   7:       4648 bytes,      44576 total
- age   8:       4704 bytes,      49280 total
- age   9:       4704 bytes,      53984 total
- age  10:       4648 bytes,      58632 total
- age  11:       4704 bytes,      63336 total
- age  12:       4648 bytes,      67984 total
- age  13:       4704 bytes,      72688 total
- age  14:       4704 bytes,      77392 total
- age  15:       4648 bytes,      82040 total
: 2264K->80K(2432K), 0.0005809 secs] 6600K->4421K(7936K), 0.0006515 secs] [Times: user=0.00 sys=0.00, real=0.00 secs] 
2017-07-06T17:12:44.560+0900: 16.264: [GC2017-07-06T17:12:44.560+0900: 16.264: [DefNew
Desired survivor size 131072 bytes, new threshold 15 (max 15)
- age   1:      16384 bytes,      16384 total
- age   2:       4840 bytes,      21224 total
- age   3:       4648 bytes,      25872 total
- age   4:       4704 bytes,      30576 total
- age   5:       4648 bytes,      35224 total
- age   6:       4704 bytes,      39928 total
- age   7:       4704 bytes,      44632 total
- age   8:       4648 bytes,      49280 total
- age   9:       4704 bytes,      53984 total
- age  10:       4704 bytes,      58688 total
- age  11:       4648 bytes,      63336 total
- age  12:       4704 bytes,      68040 total
- age  13:       4648 bytes,      72688 total
- age  14:       4704 bytes,      77392 total
- age  15:       4704 bytes,      82096 total
: 2256K->80K(2432K), 0.0005119 secs] 6597K->4425K(7936K), 0.0005736 secs] [Times: user=0.00 sys=0.00, real=0.00 secs] 
2017-07-06T17:12:44.581+0900: 16.285: [GC2017-07-06T17:12:44.581+0900: 16.285: [DefNew
Desired survivor size 131072 bytes, new threshold 15 (max 15)
- age   1:      24400 bytes,      24400 total
- age   2:       4840 bytes,      29240 total
- age   3:       4704 bytes,      33944 total
- age   4:       4648 bytes,      38592 total
- age   5:       4704 bytes,      43296 total
- age   6:       4648 bytes,      47944 total
- age   7:       4704 bytes,      52648 total
- age   8:       4704 bytes,      57352 total
- age   9:       4648 bytes,      62000 total
- age  10:       4704 bytes,      66704 total
- age  11:       4704 bytes,      71408 total
- age  12:       4648 bytes,      76056 total
- age  13:       4704 bytes,      80760 total
- age  14:       4648 bytes,      85408 total
- age  15:       4704 bytes,      90112 total
: 2242K->88K(2432K), 0.0005051 secs] 6588K->4438K(7936K), 0.0005672 secs] [Times: user=0.00 sys=0.00, real=0.00 secs] 
2017-07-06T17:12:44.602+0900: 16.306: [GC2017-07-06T17:12:44.602+0900: 16.306: [DefNew
Desired survivor size 131072 bytes, new threshold 15 (max 15)
- age   1:      16384 bytes,      16384 total
- age   2:       4784 bytes,      21168 total
- age   3:       4704 bytes,      25872 total
- age   4:       4704 bytes,      30576 total
- age   5:       4648 bytes,      35224 total
- age   6:       4704 bytes,      39928 total
- age   7:       4648 bytes,      44576 total
- age   8:       4704 bytes,      49280 total
- age   9:       4704 bytes,      53984 total
- age  10:       4648 bytes,      58632 total
- age  11:       4704 bytes,      63336 total
- age  12:       4704 bytes,      68040 total
- age  13:       4648 bytes,      72688 total
- age  14:       4704 bytes,      77392 total
- age  15:       4648 bytes,      82040 total
: 2264K->80K(2432K), 0.0005029 secs] 6614K->4434K(7936K), 0.0005672 secs] [Times: user=0.00 sys=0.00, real=0.00 secs] 
2017-07-06T17:12:44.628+0900: 16.332: [GC2017-07-06T17:12:44.629+0900: 16.332: [DefNew
Desired survivor size 131072 bytes, new threshold 15 (max 15)
- age   1:      24400 bytes,      24400 total
- age   2:       4840 bytes,      29240 total
- age   3:       4648 bytes,      33888 total
- age   4:       4704 bytes,      38592 total
- age   5:       4704 bytes,      43296 total
- age   6:       4648 bytes,      47944 total
- age   7:       4704 bytes,      52648 total
- age   8:       4648 bytes,      57296 total
- age   9:       4704 bytes,      62000 total
- age  10:       4704 bytes,      66704 total
- age  11:       4648 bytes,      71352 total
- age  12:       4704 bytes,      76056 total
- age  13:       4704 bytes,      80760 total
- age  14:       4648 bytes,      85408 total
- age  15:       4704 bytes,      90112 total
: 2240K->88K(2432K), 0.0005410 secs] 6594K->4447K(7936K), 0.0006241 secs] [Times: user=0.00 sys=0.00, real=0.00 secs] 
2017-07-06T17:12:44.650+0900: 16.354: [GC2017-07-06T17:12:44.651+0900: 16.354: [DefNew
Desired survivor size 131072 bytes, new threshold 15 (max 15)
- age   1:      16384 bytes,      16384 total
- age   2:       4784 bytes,      21168 total
- age   3:       4704 bytes,      25872 total
- age   4:       4648 bytes,      30520 total
- age   5:       4704 bytes,      35224 total
- age   6:       4704 bytes,      39928 total
- age   7:       4648 bytes,      44576 total
- age   8:       4704 bytes,      49280 total
- age   9:       4648 bytes,      53928 total
- age  10:       4704 bytes,      58632 total
- age  11:       4704 bytes,      63336 total
- age  12:       4648 bytes,      67984 total
- age  13:       4704 bytes,      72688 total
- age  14:       4704 bytes,      77392 total
- age  15:       4648 bytes,      82040 total
: 2264K->80K(2432K), 0.0005278 secs] 6623K->4443K(7936K), 0.0005941 secs] [Times: user=0.00 sys=0.00, real=0.00 secs] 
2017-07-06T17:12:44.672+0900: 16.376: [GC2017-07-06T17:12:44.672+0900: 16.376: [DefNew
Desired survivor size 131072 bytes, new threshold 15 (max 15)
- age   1:      24400 bytes,      24400 total
- age   2:       4840 bytes,      29240 total
- age   3:       4648 bytes,      33888 total
- age   4:       4704 bytes,      38592 total
- age   5:       4648 bytes,      43240 total
- age   6:       4704 bytes,      47944 total
- age   7:       4704 bytes,      52648 total
- age   8:       4648 bytes,      57296 total
- age   9:       4704 bytes,      62000 total
- age  10:       4648 bytes,      66648 total
- age  11:       4704 bytes,      71352 total
- age  12:       4704 bytes,      76056 total
- age  13:       4648 bytes,      80704 total
- age  14:       4704 bytes,      85408 total
- age  15:       4704 bytes,      90112 total
: 2240K->88K(2432K), 0.0005265 secs] 6604K->4456K(7936K), 0.0005920 secs] [Times: user=0.00 sys=0.00, real=0.00 secs] 
2017-07-06T17:12:44.694+0900: 16.398: [GC2017-07-06T17:12:44.694+0900: 16.398: [DefNew
Desired survivor size 131072 bytes, new threshold 15 (max 15)
- age   1:      16384 bytes,      16384 total
- age   2:       4784 bytes,      21168 total
- age   3:       4704 bytes,      25872 total
- age   4:       4648 bytes,      30520 total
- age   5:       4704 bytes,      35224 total
- age   6:       4648 bytes,      39872 total
- age   7:       4704 bytes,      44576 total
- age   8:       4704 bytes,      49280 total
- age   9:       4648 bytes,      53928 total
- age  10:       4704 bytes,      58632 total
- age  11:       4648 bytes,      63280 total
- age  12:       4704 bytes,      67984 total
- age  13:       4704 bytes,      72688 total
- age  14:       4648 bytes,      77336 total
- age  15:       4704 bytes,      82040 total
: 2264K->80K(2432K), 0.0005102 secs] 6632K->4453K(7936K), 0.0005791 secs] [Times: user=0.00 sys=0.00, real=0.00 secs] 
2017-07-06T17:12:44.715+0900: 16.419: [GC2017-07-06T17:12:44.715+0900: 16.419: [DefNew
Desired survivor size 131072 bytes, new threshold 15 (max 15)
- age   1:      24400 bytes,      24400 total
- age   2:       4840 bytes,      29240 total
- age   3:       4648 bytes,      33888 total
- age   4:       4704 bytes,      38592 total
- age   5:       4648 bytes,      43240 total
- age   6:       4704 bytes,      47944 total
- age   7:       4648 bytes,      52592 total
- age   8:       4704 bytes,      57296 total
- age   9:       4704 bytes,      62000 total
- age  10:       4648 bytes,      66648 total
- age  11:       4704 bytes,      71352 total
- age  12:       4648 bytes,      76000 total
- age  13:       4704 bytes,      80704 total
- age  14:       4704 bytes,      85408 total
- age  15:       4648 bytes,      90056 total
: 2241K->87K(2432K), 0.0005111 secs] 6614K->4465K(7936K), 0.0005723 secs] [Times: user=0.00 sys=0.00, real=0.00 secs] 
2017-07-06T17:12:44.739+0900: 16.443: [GC2017-07-06T17:12:44.739+0900: 16.443: [DefNew
Desired survivor size 131072 bytes, new threshold 15 (max 15)
- age   1:      16384 bytes,      16384 total
- age   2:       4784 bytes,      21168 total
- age   3:       4704 bytes,      25872 total
- age   4:       4648 bytes,      30520 total
- age   5:       4704 bytes,      35224 total
- age   6:       4648 bytes,      39872 total
- age   7:       4704 bytes,      44576 total
- age   8:       4648 bytes,      49224 total
- age   9:       4704 bytes,      53928 total
- age  10:       4704 bytes,      58632 total
- age  11:       4648 bytes,      63280 total
- age  12:       4704 bytes,      67984 total
- age  13:       4648 bytes,      72632 total
- age  14:       4704 bytes,      77336 total
- age  15:       4704 bytes,      82040 total
: 2263K->80K(2432K), 0.0006070 secs] 6641K->4462K(7936K), 0.0006870 secs] [Times: user=0.01 sys=0.00, real=0.00 secs] 
2017-07-06T17:12:44.763+0900: 16.467: [GC2017-07-06T17:12:44.763+0900: 16.467: [DefNew
Desired survivor size 131072 bytes, new threshold 15 (max 15)
- age   1:      16384 bytes,      16384 total
- age   2:       4840 bytes,      21224 total
- age   3:       4648 bytes,      25872 total
- age   4:       4704 bytes,      30576 total
- age   5:       4648 bytes,      35224 total
- age   6:       4704 bytes,      39928 total
- age   7:       4648 bytes,      44576 total
- age   8:       4704 bytes,      49280 total
- age   9:       4648 bytes,      53928 total
- age  10:       4704 bytes,      58632 total
- age  11:       4704 bytes,      63336 total
- age  12:       4648 bytes,      67984 total
- age  13:       4704 bytes,      72688 total
- age  14:       4648 bytes,      77336 total
- age  15:       4704 bytes,      82040 total
: 2256K->80K(2432K), 0.0005462 secs] 6638K->4466K(7936K), 0.0006160 secs] [Times: user=0.00 sys=0.00, real=0.00 secs] 
2017-07-06T17:12:44.784+0900: 16.488: [GC2017-07-06T17:12:44.784+0900: 16.488: [DefNew
Desired survivor size 131072 bytes, new threshold 15 (max 15)
- age   1:      24400 bytes,      24400 total
- age   2:       4840 bytes,      29240 total
- age   3:       4704 bytes,      33944 total
- age   4:       4648 bytes,      38592 total
- age   5:       4704 bytes,      43296 total
- age   6:       4648 bytes,      47944 total
- age   7:       4704 bytes,      52648 total
- age   8:       4648 bytes,      57296 total
- age   9:       4704 bytes,      62000 total
- age  10:       4648 bytes,      66648 total
- age  11:       4704 bytes,      71352 total
- age  12:       4704 bytes,      76056 total
- age  13:       4648 bytes,      80704 total
- age  14:       4704 bytes,      85408 total
- age  15:       4648 bytes,      90056 total
: 2242K->87K(2432K), 0.0005226 secs] 6628K->4479K(7936K), 0.0005873 secs] [Times: user=0.00 sys=0.00, real=0.00 secs] 
2017-07-06T17:12:44.806+0900: 16.510: [GC2017-07-06T17:12:44.806+0900: 16.510: [DefNew
Desired survivor size 131072 bytes, new threshold 15 (max 15)
- age   1:      16384 bytes,      16384 total
- age   2:       4784 bytes,      21168 total
- age   3:       4704 bytes,      25872 total
- age   4:       4704 bytes,      30576 total
- age   5:       4648 bytes,      35224 total
- age   6:       4704 bytes,      39928 total
- age   7:       4648 bytes,      44576 total
- age   8:       4704 bytes,      49280 total
- age   9:       4648 bytes,      53928 total
- age  10:       4704 bytes,      58632 total
- age  11:       4648 bytes,      63280 total
- age  12:       4704 bytes,      67984 total
- age  13:       4704 bytes,      72688 total
- age  14:       4648 bytes,      77336 total
- age  15:       4704 bytes,      82040 total
: 2256K->80K(2432K), 0.0005158 secs] 6647K->4475K(7936K), 0.0005783 secs] [Times: user=0.00 sys=0.00, real=0.00 secs] 
2017-07-06T17:12:44.827+0900: 16.531: [GC2017-07-06T17:12:44.827+0900: 16.531: [DefNew
Desired survivor size 131072 bytes, new threshold 15 (max 15)
- age   1:      24400 bytes,      24400 total
- age   2:       4840 bytes,      29240 total
- age   3:       4648 bytes,      33888 total
- age   4:       4704 bytes,      38592 total
- age   5:       4704 bytes,      43296 total
- age   6:       4648 bytes,      47944 total
- age   7:       4704 bytes,      52648 total
- age   8:       4648 bytes,      57296 total
- age   9:       4704 bytes,      62000 total
- age  10:       4648 bytes,      66648 total
- age  11:       4704 bytes,      71352 total
- age  12:       4648 bytes,      76000 total
- age  13:       4704 bytes,      80704 total
- age  14:       4704 bytes,      85408 total
- age  15:       4648 bytes,      90056 total
: 2241K->87K(2432K), 0.0005055 secs] 6636K->4488K(7936K), 0.0005676 secs] [Times: user=0.00 sys=0.00, real=0.00 secs] 
2017-07-06T17:12:44.849+0900: 16.553: [GC2017-07-06T17:12:44.849+0900: 16.553: [DefNew
Desired survivor size 131072 bytes, new threshold 15 (max 15)
- age   1:      16384 bytes,      16384 total
- age   2:       4784 bytes,      21168 total
- age   3:       4704 bytes,      25872 total
- age   4:       4648 bytes,      30520 total
- age   5:       4704 bytes,      35224 total
- age   6:       4704 bytes,      39928 total
- age   7:       4648 bytes,      44576 total
- age   8:       4704 bytes,      49280 total
- age   9:       4648 bytes,      53928 total
- age  10:       4704 bytes,      58632 total
- age  11:       4648 bytes,      63280 total
- age  12:       4704 bytes,      67984 total
- age  13:       4648 bytes,      72632 total
- age  14:       4704 bytes,      77336 total
- age  15:       4704 bytes,      82040 total
: 2263K->80K(2432K), 0.0005184 secs] 6664K->4484K(7936K), 0.0005834 secs] [Times: user=0.00 sys=0.00, real=0.00 secs] 
2017-07-06T17:12:44.874+0900: 16.578: [GC2017-07-06T17:12:44.874+0900: 16.578: [DefNew
Desired survivor size 131072 bytes, new threshold 15 (max 15)
- age   1:      16384 bytes,      16384 total
- age   2:       4840 bytes,      21224 total
- age   3:       4648 bytes,      25872 total
- age   4:       4704 bytes,      30576 total
- age   5:       4648 bytes,      35224 total
- age   6:       4704 bytes,      39928 total
- age   7:       4704 bytes,      44632 total
- age   8:       4648 bytes,      49280 total
- age   9:       4704 bytes,      53984 total
- age  10:       4648 bytes,      58632 total
- age  11:       4704 bytes,      63336 total
- age  12:       4648 bytes,      67984 total
- age  13:       4704 bytes,      72688 total
- age  14:       4648 bytes,      77336 total
- age  15:       4704 bytes,      82040 total
: 2256K->80K(2432K), 0.0005680 secs] 6660K->4489K(7936K), 0.0006391 secs] [Times: user=0.00 sys=0.00, real=0.00 secs] 
2017-07-06T17:12:44.896+0900: 16.600: [GC2017-07-06T17:12:44.896+0900: 16.600: [DefNew
Desired survivor size 131072 bytes, new threshold 15 (max 15)
- age   1:      24400 bytes,      24400 total
- age   2:       4840 bytes,      29240 total
- age   3:       4704 bytes,      33944 total
- age   4:       4648 bytes,      38592 total
- age   5:       4704 bytes,      43296 total
- age   6:       4648 bytes,      47944 total
- age   7:       4704 bytes,      52648 total
- age   8:       4704 bytes,      57352 total
- age   9:       4648 bytes,      62000 total
- age  10:       4704 bytes,      66704 total
- age  11:       4648 bytes,      71352 total
- age  12:       4704 bytes,      76056 total
- age  13:       4648 bytes,      80704 total
- age  14:       4704 bytes,      85408 total
- age  15:       4648 bytes,      90056 total
: 2242K->87K(2432K), 0.0005265 secs] 6651K->4502K(7936K), 0.0005980 secs] [Times: user=0.00 sys=0.00, real=0.00 secs] 
2017-07-06T17:12:44.918+0900: 16.622: [GC2017-07-06T17:12:44.918+0900: 16.622: [DefNew
Desired survivor size 131072 bytes, new threshold 15 (max 15)
- age   1:      16384 bytes,      16384 total
- age   2:       4784 bytes,      21168 total
- age   3:       4704 bytes,      25872 total
- age   4:       4704 bytes,      30576 total
- age   5:       4648 bytes,      35224 total
- age   6:       4704 bytes,      39928 total
- age   7:       4648 bytes,      44576 total
- age   8:       4704 bytes,      49280 total
- age   9:       4704 bytes,      53984 total
- age  10:       4648 bytes,      58632 total
- age  11:       4704 bytes,      63336 total
- age  12:       4648 bytes,      67984 total
- age  13:       4704 bytes,      72688 total
- age  14:       4648 bytes,      77336 total
- age  15:       4704 bytes,      82040 total
: 2263K->80K(2432K), 0.0005252 secs] 6678K->4498K(7936K), 0.0005894 secs] [Times: user=0.00 sys=0.00, real=0.00 secs] 
2017-07-06T17:12:44.939+0900: 16.643: [GC2017-07-06T17:12:44.939+0900: 16.643: [DefNew
Desired survivor size 131072 bytes, new threshold 15 (max 15)
- age   1:      16384 bytes,      16384 total
- age   2:       4840 bytes,      21224 total
- age   3:       4648 bytes,      25872 total
- age   4:       4704 bytes,      30576 total
- age   5:       4704 bytes,      35280 total
- age   6:       4648 bytes,      39928 total
- age   7:       4704 bytes,      44632 total
- age   8:       4648 bytes,      49280 total
- age   9:       4704 bytes,      53984 total
- age  10:       4704 bytes,      58688 total
- age  11:       4648 bytes,      63336 total
- age  12:       4704 bytes,      68040 total
- age  13:       4648 bytes,      72688 total
- age  14:       4704 bytes,      77392 total
- age  15:       4648 bytes,      82040 total
: 2256K->80K(2432K), 0.0005149 secs] 6674K->4503K(7936K), 0.0005761 secs] [Times: user=0.00 sys=0.00, real=0.00 secs] 
2017-07-06T17:12:44.960+0900: 16.664: [GC2017-07-06T17:12:44.960+0900: 16.664: [DefNew
Desired survivor size 131072 bytes, new threshold 15 (max 15)
- age   1:      24400 bytes,      24400 total
- age   2:       4840 bytes,      29240 total
- age   3:       4704 bytes,      33944 total
- age   4:       4648 bytes,      38592 total
- age   5:       4704 bytes,      43296 total
- age   6:       4704 bytes,      48000 total
- age   7:       4648 bytes,      52648 total
- age   8:       4704 bytes,      57352 total
- age   9:       4648 bytes,      62000 total
- age  10:       4704 bytes,      66704 total
- age  11:       4704 bytes,      71408 total
- age  12:       4648 bytes,      76056 total
- age  13:       4704 bytes,      80760 total
- age  14:       4648 bytes,      85408 total
- age  15:       4704 bytes,      90112 total
: 2242K->88K(2432K), 0.0005102 secs] 6665K->4515K(7936K), 0.0005714 secs] [Times: user=0.00 sys=0.00, real=0.00 secs] 
2017-07-06T17:12:44.985+0900: 16.689: [GC2017-07-06T17:12:44.985+0900: 16.689: [DefNew
Desired survivor size 131072 bytes, new threshold 15 (max 15)
- age   1:      16384 bytes,      16384 total
- age   2:       4784 bytes,      21168 total
- age   3:       4704 bytes,      25872 total
- age   4:       4704 bytes,      30576 total
- age   5:       4648 bytes,      35224 total
- age   6:       4704 bytes,      39928 total
- age   7:       4704 bytes,      44632 total
- age   8:       4648 bytes,      49280 total
- age   9:       4704 bytes,      53984 total
- age  10:       4648 bytes,      58632 total
- age  11:       4704 bytes,      63336 total
- age  12:       4704 bytes,      68040 total
- age  13:       4648 bytes,      72688 total
- age  14:       4704 bytes,      77392 total
- age  15:       4648 bytes,      82040 total
: 2256K->80K(2432K), 0.0005607 secs] 6683K->4512K(7936K), 0.0006391 secs] [Times: user=0.00 sys=0.00, real=0.00 secs] 
2017-07-06T17:12:45.008+0900: 16.712: [GC2017-07-06T17:12:45.008+0900: 16.712: [DefNew
Desired survivor size 131072 bytes, new threshold 15 (max 15)
- age   1:      24400 bytes,      24400 total
- age   2:       4840 bytes,      29240 total
- age   3:       4648 bytes,      33888 total
- age   4:       4704 bytes,      38592 total
- age   5:       4704 bytes,      43296 total
- age   6:       4648 bytes,      47944 total
- age   7:       4704 bytes,      52648 total
- age   8:       4704 bytes,      57352 total
- age   9:       4648 bytes,      62000 total
- age  10:       4704 bytes,      66704 total
- age  11:       4648 bytes,      71352 total
- age  12:       4704 bytes,      76056 total
- age  13:       4704 bytes,      80760 total
- age  14:       4648 bytes,      85408 total
- age  15:       4704 bytes,      90112 total
: 2241K->88K(2432K), 0.0005385 secs] 6673K->4524K(7936K), 0.0006091 secs] [Times: user=0.00 sys=0.00, real=0.00 secs] 
2017-07-06T17:12:45.030+0900: 16.734: [GC2017-07-06T17:12:45.030+0900: 16.734: [DefNew
Desired survivor size 131072 bytes, new threshold 15 (max 15)
- age   1:      16384 bytes,      16384 total
- age   2:       4784 bytes,      21168 total
- age   3:       4704 bytes,      25872 total
- age   4:       4648 bytes,      30520 total
- age   5:       4704 bytes,      35224 total
- age   6:       4704 bytes,      39928 total
- age   7:       4648 bytes,      44576 total
- age   8:       4704 bytes,      49280 total
- age   9:       4704 bytes,      53984 total
- age  10:       4648 bytes,      58632 total
- age  11:       4704 bytes,      63336 total
- age  12:       4648 bytes,      67984 total
- age  13:       4704 bytes,      72688 total
- age  14:       4704 bytes,      77392 total
- age  15:       4648 bytes,      82040 total
: 2264K->80K(2432K), 0.0005239 secs] 6700K->4521K(7936K), 0.0005894 secs] [Times: user=0.00 sys=0.00, real=0.00 secs] 
2017-07-06T17:12:45.051+0900: 16.755: [GC2017-07-06T17:12:45.051+0900: 16.755: [DefNew
Desired survivor size 131072 bytes, new threshold 15 (max 15)
- age   1:      16384 bytes,      16384 total
- age   2:       4840 bytes,      21224 total
- age   3:       4648 bytes,      25872 total
- age   4:       4704 bytes,      30576 total
- age   5:       4648 bytes,      35224 total
- age   6:       4704 bytes,      39928 total
- age   7:       4704 bytes,      44632 total
- age   8:       4648 bytes,      49280 total
- age   9:       4704 bytes,      53984 total
- age  10:       4704 bytes,      58688 total
- age  11:       4648 bytes,      63336 total
- age  12:       4704 bytes,      68040 total
- age  13:       4648 bytes,      72688 total
- age  14:       4704 bytes,      77392 total
- age  15:       4704 bytes,      82096 total
: 2256K->80K(2432K), 0.0005154 secs] 6697K->4526K(7936K), 0.0005766 secs] [Times: user=0.02 sys=0.00, real=0.00 secs] 
2017-07-06T17:12:45.072+0900: 16.776: [GC2017-07-06T17:12:45.073+0900: 16.776: [DefNew
Desired survivor size 131072 bytes, new threshold 15 (max 15)
- age   1:      24400 bytes,      24400 total
- age   2:       4840 bytes,      29240 total
- age   3:       4704 bytes,      33944 total
- age   4:       4648 bytes,      38592 total
- age   5:       4704 bytes,      43296 total
- age   6:       4648 bytes,      47944 total
- age   7:       4704 bytes,      52648 total
- age   8:       4704 bytes,      57352 total
- age   9:       4648 bytes,      62000 total
- age  10:       4704 bytes,      66704 total
- age  11:       4704 bytes,      71408 total
- age  12:       4648 bytes,      76056 total
- age  13:       4704 bytes,      80760 total
- age  14:       4648 bytes,      85408 total
- age  15:       4704 bytes,      90112 total
: 2242K->88K(2432K), 0.0005098 secs] 6688K->4538K(7936K), 0.0006493 secs] [Times: user=0.00 sys=0.00, real=0.00 secs] 
2017-07-06T17:12:45.094+0900: 16.798: [GC2017-07-06T17:12:45.094+0900: 16.798: [DefNew
Desired survivor size 131072 bytes, new threshold 15 (max 15)
- age   1:      16384 bytes,      16384 total
- age   2:       4784 bytes,      21168 total
- age   3:       4704 bytes,      25872 total
- age   4:       4704 bytes,      30576 total
- age   5:       4648 bytes,      35224 total
- age   6:       4704 bytes,      39928 total
- age   7:       4648 bytes,      44576 total
- age   8:       4704 bytes,      49280 total
- age   9:       4704 bytes,      53984 total
- age  10:       4648 bytes,      58632 total
- age  11:       4704 bytes,      63336 total
- age  12:       4704 bytes,      68040 total
- age  13:       4648 bytes,      72688 total
- age  14:       4704 bytes,      77392 total
- age  15:       4648 bytes,      82040 total
: 2264K->80K(2432K), 0.0005376 secs] 6714K->4535K(7936K), 0.0006215 secs] [Times: user=0.00 sys=0.00, real=0.00 secs] 
2017-07-06T17:12:45.123+0900: 16.827: [GC2017-07-06T17:12:45.123+0900: 16.827: [DefNew
Desired survivor size 131072 bytes, new threshold 15 (max 15)
- age   1:      24400 bytes,      24400 total
- age   2:       4840 bytes,      29240 total
- age   3:       4648 bytes,      33888 total
- age   4:       4704 bytes,      38592 total
- age   5:       4704 bytes,      43296 total
- age   6:       4648 bytes,      47944 total
- age   7:       4704 bytes,      52648 total
- age   8:       4648 bytes,      57296 total
- age   9:       4704 bytes,      62000 total
- age  10:       4704 bytes,      66704 total
- age  11:       4648 bytes,      71352 total
- age  12:       4704 bytes,      76056 total
- age  13:       4704 bytes,      80760 total
- age  14:       4648 bytes,      85408 total
- age  15:       4704 bytes,      90112 total
: 2240K->88K(2432K), 0.0005479 secs] 6695K->4547K(7936K), 0.0006181 secs] [Times: user=0.00 sys=0.00, real=0.00 secs] 
2017-07-06T17:12:45.144+0900: 16.848: [GC2017-07-06T17:12:45.144+0900: 16.848: [DefNew
Desired survivor size 131072 bytes, new threshold 15 (max 15)
- age   1:      16384 bytes,      16384 total
- age   2:       4784 bytes,      21168 total
- age   3:       4704 bytes,      25872 total
- age   4:       4648 bytes,      30520 total
- age   5:       4704 bytes,      35224 total
- age   6:       4704 bytes,      39928 total
- age   7:       4648 bytes,      44576 total
- age   8:       4704 bytes,      49280 total
- age   9:       4648 bytes,      53928 total
- age  10:       4704 bytes,      58632 total
- age  11:       4704 bytes,      63336 total
- age  12:       4648 bytes,      67984 total
- age  13:       4704 bytes,      72688 total
- age  14:       4704 bytes,      77392 total
- age  15:       4648 bytes,      82040 total
: 2264K->80K(2432K), 0.0005299 secs] 6723K->4544K(7936K), 0.0005954 secs] [Times: user=0.00 sys=0.00, real=0.00 secs] 
2017-07-06T17:12:45.166+0900: 16.870: [GC2017-07-06T17:12:45.166+0900: 16.870: [DefNew
Desired survivor size 131072 bytes, new threshold 15 (max 15)
- age   1:      24400 bytes,      24400 total
- age   2:       4840 bytes,      29240 total
- age   3:       4648 bytes,      33888 total
- age   4:       4704 bytes,      38592 total
- age   5:       4648 bytes,      43240 total
- age   6:       4704 bytes,      47944 total
- age   7:       4704 bytes,      52648 total
- age   8:       4648 bytes,      57296 total
- age   9:       4704 bytes,      62000 total
- age  10:       4648 bytes,      66648 total
- age  11:       4704 bytes,      71352 total
- age  12:       4704 bytes,      76056 total
- age  13:       4648 bytes,      80704 total
- age  14:       4704 bytes,      85408 total
- age  15:       4704 bytes,      90112 total
: 2240K->88K(2432K), 0.0005239 secs] 6704K->4556K(7936K), 0.0006048 secs] [Times: user=0.00 sys=0.00, real=0.00 secs] 
2017-07-06T17:12:45.188+0900: 16.892: [GC2017-07-06T17:12:45.188+0900: 16.892: [DefNew
Desired survivor size 131072 bytes, new threshold 15 (max 15)
- age   1:      16384 bytes,      16384 total
- age   2:       4784 bytes,      21168 total
- age   3:       4704 bytes,      25872 total
- age   4:       4648 bytes,      30520 total
- age   5:       4704 bytes,      35224 total
- age   6:       4648 bytes,      39872 total
- age   7:       4704 bytes,      44576 total
- age   8:       4704 bytes,      49280 total
- age   9:       4648 bytes,      53928 total
- age  10:       4704 bytes,      58632 total
- age  11:       4648 bytes,      63280 total
- age  12:       4704 bytes,      67984 total
- age  13:       4704 bytes,      72688 total
- age  14:       4648 bytes,      77336 total
- age  15:       4704 bytes,      82040 total
: 2264K->80K(2432K), 0.0005132 secs] 6732K->4553K(7936K), 0.0005753 secs] [Times: user=0.00 sys=0.00, real=0.00 secs] 
2017-07-06T17:12:45.209+0900: 16.913: [GC2017-07-06T17:12:45.209+0900: 16.913: [DefNew
Desired survivor size 131072 bytes, new threshold 15 (max 15)
- age   1:      24400 bytes,      24400 total
- age   2:       4840 bytes,      29240 total
- age   3:       4648 bytes,      33888 total
- age   4:       4704 bytes,      38592 total
- age   5:       4648 bytes,      43240 total
- age   6:       4704 bytes,      47944 total
- age   7:       4648 bytes,      52592 total
- age   8:       4704 bytes,      57296 total
- age   9:       4704 bytes,      62000 total
- age  10:       4648 bytes,      66648 total
- age  11:       4704 bytes,      71352 total
- age  12:       4648 bytes,      76000 total
- age  13:       4704 bytes,      80704 total
- age  14:       4704 bytes,      85408 total
- age  15:       4648 bytes,      90056 total
: 2241K->87K(2432K), 0.0005137 secs] 6714K->4565K(7936K), 0.0005779 secs] [Times: user=0.00 sys=0.00, real=0.00 secs] 
2017-07-06T17:12:45.235+0900: 16.939: [GC2017-07-06T17:12:45.235+0900: 16.939: [DefNew
Desired survivor size 131072 bytes, new threshold 15 (max 15)
- age   1:      16384 bytes,      16384 total
- age   2:       4784 bytes,      21168 total
- age   3:       4704 bytes,      25872 total
- age   4:       4648 bytes,      30520 total
- age   5:       4704 bytes,      35224 total
- age   6:       4648 bytes,      39872 total
- age   7:       4704 bytes,      44576 total
- age   8:       4648 bytes,      49224 total
- age   9:       4704 bytes,      53928 total
- age  10:       4704 bytes,      58632 total
- age  11:       4648 bytes,      63280 total
- age  12:       4704 bytes,      67984 total
- age  13:       4648 bytes,      72632 total
- age  14:       4704 bytes,      77336 total
- age  15:       4704 bytes,      82040 total
: 2263K->80K(2432K), 0.0006018 secs] 6741K->4562K(7936K), 0.0006887 secs] [Times: user=0.00 sys=0.00, real=0.00 secs] 
2017-07-06T17:12:45.258+0900: 16.962: [GC2017-07-06T17:12:45.258+0900: 16.962: [DefNew
Desired survivor size 131072 bytes, new threshold 15 (max 15)
- age   1:      16384 bytes,      16384 total
- age   2:       4840 bytes,      21224 total
- age   3:       4648 bytes,      25872 total
- age   4:       4704 bytes,      30576 total
- age   5:       4648 bytes,      35224 total
- age   6:       4704 bytes,      39928 total
- age   7:       4648 bytes,      44576 total
- age   8:       4704 bytes,      49280 total
- age   9:       4648 bytes,      53928 total
- age  10:       4704 bytes,      58632 total
- age  11:       4704 bytes,      63336 total
- age  12:       4648 bytes,      67984 total
- age  13:       4704 bytes,      72688 total
- age  14:       4648 bytes,      77336 total
- age  15:       4704 bytes,      82040 total
: 2256K->80K(2432K), 0.0005432 secs] 6738K->4567K(7936K), 0.0006121 secs] [Times: user=0.00 sys=0.00, real=0.00 secs] 
2017-07-06T17:12:45.280+0900: 16.984: [GC2017-07-06T17:12:45.280+0900: 16.984: [DefNew
Desired survivor size 131072 bytes, new threshold 15 (max 15)
- age   1:      24400 bytes,      24400 total
- age   2:       4840 bytes,      29240 total
- age   3:       4704 bytes,      33944 total
- age   4:       4648 bytes,      38592 total
- age   5:       4704 bytes,      43296 total
- age   6:       4648 bytes,      47944 total
- age   7:       4704 bytes,      52648 total
- age   8:       4648 bytes,      57296 total
- age   9:       4704 bytes,      62000 total
- age  10:       4648 bytes,      66648 total
- age  11:       4704 bytes,      71352 total
- age  12:       4704 bytes,      76056 total
- age  13:       4648 bytes,      80704 total
- age  14:       4704 bytes,      85408 total
- age  15:       4648 bytes,      90056 total
: 2242K->87K(2432K), 0.0005265 secs] 6729K->4579K(7936K), 0.0005890 secs] [Times: user=0.00 sys=0.00, real=0.00 secs] 
2017-07-06T17:12:45.302+0900: 17.006: [GC2017-07-06T17:12:45.302+0900: 17.006: [DefNew
Desired survivor size 131072 bytes, new threshold 15 (max 15)
- age   1:      16384 bytes,      16384 total
- age   2:       4784 bytes,      21168 total
- age   3:       4704 bytes,      25872 total
- age   4:       4704 bytes,      30576 total
- age   5:       4648 bytes,      35224 total
- age   6:       4704 bytes,      39928 total
- age   7:       4648 bytes,      44576 total
- age   8:       4704 bytes,      49280 total
- age   9:       4648 bytes,      53928 total
- age  10:       4704 bytes,      58632 total
- age  11:       4648 bytes,      63280 total
- age  12:       4704 bytes,      67984 total
- age  13:       4704 bytes,      72688 total
- age  14:       4648 bytes,      77336 total
- age  15:       4704 bytes,      82040 total
: 2256K->80K(2432K), 0.0005342 secs] 6747K->4576K(7936K), 0.0006014 secs] [Times: user=0.00 sys=0.00, real=0.00 secs] 
2017-07-06T17:12:45.323+0900: 17.027: [GC2017-07-06T17:12:45.323+0900: 17.027: [DefNew
Desired survivor size 131072 bytes, new threshold 15 (max 15)
- age   1:      24400 bytes,      24400 total
- age   2:       4840 bytes,      29240 total
- age   3:       4648 bytes,      33888 total
- age   4:       4704 bytes,      38592 total
- age   5:       4704 bytes,      43296 total
- age   6:       4648 bytes,      47944 total
- age   7:       4704 bytes,      52648 total
- age   8:       4648 bytes,      57296 total
- age   9:       4704 bytes,      62000 total
- age  10:       4648 bytes,      66648 total
- age  11:       4704 bytes,      71352 total
- age  12:       4648 bytes,      76000 total
- age  13:       4704 bytes,      80704 total
- age  14:       4704 bytes,      85408 total
- age  15:       4648 bytes,      90056 total
: 2241K->87K(2432K), 0.0005094 secs] 6737K->4588K(7936K), 0.0005736 secs] [Times: user=0.00 sys=0.00, real=0.00 secs] 
2017-07-06T17:12:45.346+0900: 17.050: [GC2017-07-06T17:12:45.346+0900: 17.050: [DefNew
Desired survivor size 131072 bytes, new threshold 15 (max 15)
- age   1:      16384 bytes,      16384 total
- age   2:       4784 bytes,      21168 total
- age   3:       4704 bytes,      25872 total
- age   4:       4648 bytes,      30520 total
- age   5:       4704 bytes,      35224 total
- age   6:       4704 bytes,      39928 total
- age   7:       4648 bytes,      44576 total
- age   8:       4704 bytes,      49280 total
- age   9:       4648 bytes,      53928 total
- age  10:       4704 bytes,      58632 total
- age  11:       4648 bytes,      63280 total
- age  12:       4704 bytes,      67984 total
- age  13:       4648 bytes,      72632 total
- age  14:       4704 bytes,      77336 total
- age  15:       4704 bytes,      82040 total
: 2263K->80K(2432K), 0.0005539 secs] 6764K->4585K(7936K), 0.0006279 secs] [Times: user=0.00 sys=0.00, real=0.00 secs] 
2017-07-06T17:12:45.370+0900: 17.074: [GC2017-07-06T17:12:45.370+0900: 17.074: [DefNew
Desired survivor size 131072 bytes, new threshold 15 (max 15)
- age   1:      16384 bytes,      16384 total
- age   2:       4840 bytes,      21224 total
- age   3:       4648 bytes,      25872 total
- age   4:       4704 bytes,      30576 total
- age   5:       4648 bytes,      35224 total
- age   6:       4704 bytes,      39928 total
- age   7:       4704 bytes,      44632 total
- age   8:       4648 bytes,      49280 total
- age   9:       4704 bytes,      53984 total
- age  10:       4648 bytes,      58632 total
- age  11:       4704 bytes,      63336 total
- age  12:       4648 bytes,      67984 total
- age  13:       4704 bytes,      72688 total
- age  14:       4648 bytes,      77336 total
- age  15:       4704 bytes,      82040 total
: 2256K->80K(2432K), 0.0005513 secs] 6761K->4590K(7936K), 0.0006279 secs] [Times: user=0.00 sys=0.00, real=0.00 secs] 
2017-07-06T17:12:45.392+0900: 17.096: [GC2017-07-06T17:12:45.392+0900: 17.096: [DefNew
Desired survivor size 131072 bytes, new threshold 15 (max 15)
- age   1:      24400 bytes,      24400 total
- age   2:       4840 bytes,      29240 total
- age   3:       4704 bytes,      33944 total
- age   4:       4648 bytes,      38592 total
- age   5:       4704 bytes,      43296 total
- age   6:       4648 bytes,      47944 total
- age   7:       4704 bytes,      52648 total
- age   8:       4704 bytes,      57352 total
- age   9:       4648 bytes,      62000 total
- age  10:       4704 bytes,      66704 total
- age  11:       4648 bytes,      71352 total
- age  12:       4704 bytes,      76056 total
- age  13:       4648 bytes,      80704 total
- age  14:       4704 bytes,      85408 total
- age  15:       4648 bytes,      90056 total
: 2242K->87K(2432K), 0.0005295 secs] 6752K->4602K(7936K), 0.0005967 secs] [Times: user=0.00 sys=0.00, real=0.00 secs] 
2017-07-06T17:12:45.413+0900: 17.117: [GC2017-07-06T17:12:45.413+0900: 17.117: [DefNew
Desired survivor size 131072 bytes, new threshold 15 (max 15)
- age   1:      16384 bytes,      16384 total
- age   2:       4784 bytes,      21168 total
- age   3:       4704 bytes,      25872 total
- age   4:       4704 bytes,      30576 total
- age   5:       4648 bytes,      35224 total
- age   6:       4704 bytes,      39928 total
- age   7:       4648 bytes,      44576 total
- age   8:       4704 bytes,      49280 total
- age   9:       4704 bytes,      53984 total
- age  10:       4648 bytes,      58632 total
- age  11:       4704 bytes,      63336 total
- age  12:       4648 bytes,      67984 total
- age  13:       4704 bytes,      72688 total
- age  14:       4648 bytes,      77336 total
- age  15:       4704 bytes,      82040 total
: 2263K->80K(2432K), 0.0005171 secs] 6778K->4599K(7936K), 0.0005830 secs] [Times: user=0.00 sys=0.00, real=0.00 secs] 
2017-07-06T17:12:45.435+0900: 17.139: [GC2017-07-06T17:12:45.435+0900: 17.139: [DefNew
Desired survivor size 131072 bytes, new threshold 15 (max 15)
- age   1:      16384 bytes,      16384 total
- age   2:       4840 bytes,      21224 total
- age   3:       4648 bytes,      25872 total
- age   4:       4704 bytes,      30576 total
- age   5:       4704 bytes,      35280 total
- age   6:       4648 bytes,      39928 total
- age   7:       4704 bytes,      44632 total
- age   8:       4648 bytes,      49280 total
- age   9:       4704 bytes,      53984 total
- age  10:       4704 bytes,      58688 total
- age  11:       4648 bytes,      63336 total
- age  12:       4704 bytes,      68040 total
- age  13:       4648 bytes,      72688 total
- age  14:       4704 bytes,      77392 total
- age  15:       4648 bytes,      82040 total
: 2256K->80K(2432K), 0.0005124 secs] 6775K->4603K(7936K), 0.0005740 secs] [Times: user=0.00 sys=0.00, real=0.00 secs] 
2017-07-06T17:12:45.458+0900: 17.162: [GC2017-07-06T17:12:45.459+0900: 17.163: [DefNew
Desired survivor size 131072 bytes, new threshold 15 (max 15)
- age   1:      24400 bytes,      24400 total
- age   2:       4840 bytes,      29240 total
- age   3:       4704 bytes,      33944 total
- age   4:       4648 bytes,      38592 total
- age   5:       4704 bytes,      43296 total
- age   6:       4704 bytes,      48000 total
- age   7:       4648 bytes,      52648 total
- age   8:       4704 bytes,      57352 total
- age   9:       4648 bytes,      62000 total
- age  10:       4704 bytes,      66704 total
- age  11:       4704 bytes,      71408 total
- age  12:       4648 bytes,      76056 total
- age  13:       4704 bytes,      80760 total
- age  14:       4648 bytes,      85408 total
- age  15:       4704 bytes,      90112 total
: 2242K->88K(2432K), 0.0005898 secs] 6766K->4616K(7936K), 0.0006750 secs] [Times: user=0.00 sys=0.00, real=0.00 secs] 
2017-07-06T17:12:45.481+0900: 17.185: [GC2017-07-06T17:12:45.481+0900: 17.185: [DefNew
Desired survivor size 131072 bytes, new threshold 15 (max 15)
- age   1:      16384 bytes,      16384 total
- age   2:       4784 bytes,      21168 total
- age   3:       4704 bytes,      25872 total
- age   4:       4704 bytes,      30576 total
- age   5:       4648 bytes,      35224 total
- age   6:       4704 bytes,      39928 total
- age   7:       4704 bytes,      44632 total
- age   8:       4648 bytes,      49280 total
- age   9:       4704 bytes,      53984 total
- age  10:       4648 bytes,      58632 total
- age  11:       4704 bytes,      63336 total
- age  12:       4704 bytes,      68040 total
- age  13:       4648 bytes,      72688 total
- age  14:       4704 bytes,      77392 total
- age  15:       4648 bytes,      82040 total
: 2256K->80K(2432K), 0.0005410 secs] 6784K->4613K(7936K), 0.0006091 secs] [Times: user=0.00 sys=0.00, real=0.00 secs] 
2017-07-06T17:12:45.503+0900: 17.206: [GC2017-07-06T17:12:45.503+0900: 17.207: [DefNew
Desired survivor size 131072 bytes, new threshold 15 (max 15)
- age   1:      24400 bytes,      24400 total
- age   2:       4840 bytes,      29240 total
- age   3:       4648 bytes,      33888 total
- age   4:       4704 bytes,      38592 total
- age   5:       4704 bytes,      43296 total
- age   6:       4648 bytes,      47944 total
- age   7:       4704 bytes,      52648 total
- age   8:       4704 bytes,      57352 total
- age   9:       4648 bytes,      62000 total
- age  10:       4704 bytes,      66704 total
- age  11:       4648 bytes,      71352 total
- age  12:       4704 bytes,      76056 total
- age  13:       4704 bytes,      80760 total
- age  14:       4648 bytes,      85408 total
- age  15:       4704 bytes,      90112 total
: 2241K->88K(2432K), 0.0005316 secs] 6774K->4625K(7936K), 0.0005975 secs] [Times: user=0.00 sys=0.00, real=0.00 secs] 
2017-07-06T17:12:45.524+0900: 17.228: [GC2017-07-06T17:12:45.524+0900: 17.228: [DefNew
Desired survivor size 131072 bytes, new threshold 15 (max 15)
- age   1:      16384 bytes,      16384 total
- age   2:       4784 bytes,      21168 total
- age   3:       4704 bytes,      25872 total
- age   4:       4648 bytes,      30520 total
- age   5:       4704 bytes,      35224 total
- age   6:       4704 bytes,      39928 total
- age   7:       4648 bytes,      44576 total
- age   8:       4704 bytes,      49280 total
- age   9:       4704 bytes,      53984 total
- age  10:       4648 bytes,      58632 total
- age  11:       4704 bytes,      63336 total
- age  12:       4648 bytes,      67984 total
- age  13:       4704 bytes,      72688 total
- age  14:       4704 bytes,      77392 total
- age  15:       4648 bytes,      82040 total
: 2264K->80K(2432K), 0.0005171 secs] 6801K->4622K(7936K), 0.0005809 secs] [Times: user=0.00 sys=0.00, real=0.00 secs] 
2017-07-06T17:12:45.546+0900: 17.250: [GC2017-07-06T17:12:45.546+0900: 17.250: [DefNew
Desired survivor size 131072 bytes, new threshold 15 (max 15)
- age   1:      16384 bytes,      16384 total
- age   2:       4840 bytes,      21224 total
- age   3:       4648 bytes,      25872 total
- age   4:       4704 bytes,      30576 total
- age   5:       4648 bytes,      35224 total
- age   6:       4704 bytes,      39928 total
- age   7:       4704 bytes,      44632 total
- age   8:       4648 bytes,      49280 total
- age   9:       4704 bytes,      53984 total
- age  10:       4704 bytes,      58688 total
- age  11:       4648 bytes,      63336 total
- age  12:       4704 bytes,      68040 total
- age  13:       4648 bytes,      72688 total
- age  14:       4704 bytes,      77392 total
- age  15:       4704 bytes,      82096 total
: 2256K->80K(2432K), 0.0005107 secs] 6798K->4626K(7936K), 0.0005774 secs] [Times: user=0.00 sys=0.00, real=0.00 secs] 
2017-07-06T17:12:45.567+0900: 17.271: [GC2017-07-06T17:12:45.567+0900: 17.271: [DefNew
Desired survivor size 131072 bytes, new threshold 15 (max 15)
- age   1:      24400 bytes,      24400 total
- age   2:       4840 bytes,      29240 total
- age   3:       4704 bytes,      33944 total
- age   4:       4648 bytes,      38592 total
- age   5:       4704 bytes,      43296 total
- age   6:       4648 bytes,      47944 total
- age   7:       4704 bytes,      52648 total
- age   8:       4704 bytes,      57352 total
- age   9:       4648 bytes,      62000 total
- age  10:       4704 bytes,      66704 total
- age  11:       4704 bytes,      71408 total
- age  12:       4648 bytes,      76056 total
- age  13:       4704 bytes,      80760 total
- age  14:       4648 bytes,      85408 total
- age  15:       4704 bytes,      90112 total
: 2242K->88K(2432K), 0.0006057 secs] 6789K->4639K(7936K), 0.0007050 secs] [Times: user=0.00 sys=0.00, real=0.00 secs] 
2017-07-06T17:12:45.592+0900: 17.296: [GC2017-07-06T17:12:45.592+0900: 17.296: [DefNew
Desired survivor size 131072 bytes, new threshold 15 (max 15)
- age   1:      16384 bytes,      16384 total
- age   2:       4784 bytes,      21168 total
- age   3:       4704 bytes,      25872 total
- age   4:       4704 bytes,      30576 total
- age   5:       4648 bytes,      35224 total
- age   6:       4704 bytes,      39928 total
- age   7:       4648 bytes,      44576 total
- age   8:       4704 bytes,      49280 total
- age   9:       4704 bytes,      53984 total
- age  10:       4648 bytes,      58632 total
- age  11:       4704 bytes,      63336 total
- age  12:       4704 bytes,      68040 total
- age  13:       4648 bytes,      72688 total
- age  14:       4704 bytes,      77392 total
- age  15:       4648 bytes,      82040 total
: 2264K->80K(2432K), 0.0006267 secs] 6815K->4635K(7936K), 0.0007238 secs] [Times: user=0.00 sys=0.00, real=0.00 secs] 
2017-07-06T17:12:45.615+0900: 17.319: [GC2017-07-06T17:12:45.615+0900: 17.319: [DefNew
Desired survivor size 131072 bytes, new threshold 15 (max 15)
- age   1:      24400 bytes,      24400 total
- age   2:       4840 bytes,      29240 total
- age   3:       4648 bytes,      33888 total
- age   4:       4704 bytes,      38592 total
- age   5:       4704 bytes,      43296 total
- age   6:       4648 bytes,      47944 total
- age   7:       4704 bytes,      52648 total
- age   8:       4648 bytes,      57296 total
- age   9:       4704 bytes,      62000 total
- age  10:       4704 bytes,      66704 total
- age  11:       4648 bytes,      71352 total
- age  12:       4704 bytes,      76056 total
- age  13:       4704 bytes,      80760 total
- age  14:       4648 bytes,      85408 total
- age  15:       4704 bytes,      90112 total
: 2240K->88K(2432K), 0.0005402 secs] 6795K->4648K(7936K), 0.0006095 secs] [Times: user=0.00 sys=0.00, real=0.00 secs] 
2017-07-06T17:12:45.636+0900: 17.340: [GC2017-07-06T17:12:45.636+0900: 17.340: [DefNew
Desired survivor size 131072 bytes, new threshold 15 (max 15)
- age   1:      16384 bytes,      16384 total
- age   2:       4784 bytes,      21168 total
- age   3:       4704 bytes,      25872 total
- age   4:       4648 bytes,      30520 total
- age   5:       4704 bytes,      35224 total
- age   6:       4704 bytes,      39928 total
- age   7:       4648 bytes,      44576 total
- age   8:       4704 bytes,      49280 total
- age   9:       4648 bytes,      53928 total
- age  10:       4704 bytes,      58632 total
- age  11:       4704 bytes,      63336 total
- age  12:       4648 bytes,      67984 total
- age  13:       4704 bytes,      72688 total
- age  14:       4704 bytes,      77392 total
- age  15:       4648 bytes,      82040 total
: 2264K->80K(2432K), 0.0005321 secs] 6824K->4645K(7936K), 0.0006048 secs] [Times: user=0.00 sys=0.00, real=0.00 secs] 
2017-07-06T17:12:45.658+0900: 17.362: [GC2017-07-06T17:12:45.658+0900: 17.362: [DefNew
Desired survivor size 131072 bytes, new threshold 15 (max 15)
- age   1:      24400 bytes,      24400 total
- age   2:       4840 bytes,      29240 total
- age   3:       4648 bytes,      33888 total
- age   4:       4704 bytes,      38592 total
- age   5:       4648 bytes,      43240 total
- age   6:       4704 bytes,      47944 total
- age   7:       4704 bytes,      52648 total
- age   8:       4648 bytes,      57296 total
- age   9:       4704 bytes,      62000 total
- age  10:       4648 bytes,      66648 total
- age  11:       4704 bytes,      71352 total
- age  12:       4704 bytes,      76056 total
- age  13:       4648 bytes,      80704 total
- age  14:       4704 bytes,      85408 total
- age  15:       4704 bytes,      90112 total
: 2240K->88K(2432K), 0.0005333 secs] 6805K->4657K(7936K), 0.0005975 secs] [Times: user=0.00 sys=0.00, real=0.00 secs] 
2017-07-06T17:12:45.681+0900: 17.385: [GC2017-07-06T17:12:45.681+0900: 17.385: [DefNew
Desired survivor size 131072 bytes, new threshold 15 (max 15)
- age   1:      16384 bytes,      16384 total
- age   2:       4784 bytes,      21168 total
- age   3:       4704 bytes,      25872 total
- age   4:       4648 bytes,      30520 total
- age   5:       4704 bytes,      35224 total
- age   6:       4648 bytes,      39872 total
- age   7:       4704 bytes,      44576 total
- age   8:       4704 bytes,      49280 total
- age   9:       4648 bytes,      53928 total
- age  10:       4704 bytes,      58632 total
- age  11:       4648 bytes,      63280 total
- age  12:       4704 bytes,      67984 total
- age  13:       4704 bytes,      72688 total
- age  14:       4648 bytes,      77336 total
- age  15:       4704 bytes,      82040 total
: 2264K->80K(2432K), 0.0005547 secs] 6833K->4654K(7936K), 0.0006271 secs] [Times: user=0.00 sys=0.00, real=0.00 secs] 
2017-07-06T17:12:45.705+0900: 17.409: [GC2017-07-06T17:12:45.705+0900: 17.409: [DefNew
Desired survivor size 131072 bytes, new threshold 15 (max 15)
- age   1:      24400 bytes,      24400 total
- age   2:       4840 bytes,      29240 total
- age   3:       4648 bytes,      33888 total
- age   4:       4704 bytes,      38592 total
- age   5:       4648 bytes,      43240 total
- age   6:       4704 bytes,      47944 total
- age   7:       4648 bytes,      52592 total
- age   8:       4704 bytes,      57296 total
- age   9:       4704 bytes,      62000 total
- age  10:       4648 bytes,      66648 total
- age  11:       4704 bytes,      71352 total
- age  12:       4648 bytes,      76000 total
- age  13:       4704 bytes,      80704 total
- age  14:       4704 bytes,      85408 total
- age  15:       4648 bytes,      90056 total
: 2241K->87K(2432K), 0.0005659 secs] 6815K->4666K(7936K), 0.0006386 secs] [Times: user=0.00 sys=0.00, real=0.00 secs] 
2017-07-06T17:12:45.727+0900: 17.431: [GC2017-07-06T17:12:45.727+0900: 17.431: [DefNew
Desired survivor size 131072 bytes, new threshold 15 (max 15)
- age   1:      16384 bytes,      16384 total
- age   2:       4784 bytes,      21168 total
- age   3:       4704 bytes,      25872 total
- age   4:       4648 bytes,      30520 total
- age   5:       4704 bytes,      35224 total
- age   6:       4648 bytes,      39872 total
- age   7:       4704 bytes,      44576 total
- age   8:       4648 bytes,      49224 total
- age   9:       4704 bytes,      53928 total
- age  10:       4704 bytes,      58632 total
- age  11:       4648 bytes,      63280 total
- age  12:       4704 bytes,      67984 total
- age  13:       4648 bytes,      72632 total
- age  14:       4704 bytes,      77336 total
- age  15:       4704 bytes,      82040 total
: 2263K->80K(2432K), 0.0005192 secs] 6842K->4663K(7936K), 0.0005817 secs] [Times: user=0.00 sys=0.00, real=0.00 secs] 
2017-07-06T17:12:45.748+0900: 17.452: [GC2017-07-06T17:12:45.748+0900: 17.452: [DefNew
Desired survivor size 131072 bytes, new threshold 15 (max 15)
- age   1:      16384 bytes,      16384 total
- age   2:       4840 bytes,      21224 total
- age   3:       4648 bytes,      25872 total
- age   4:       4704 bytes,      30576 total
- age   5:       4648 bytes,      35224 total
- age   6:       4704 bytes,      39928 total
- age   7:       4648 bytes,      44576 total
- age   8:       4704 bytes,      49280 total
- age   9:       4648 bytes,      53928 total
- age  10:       4704 bytes,      58632 total
- age  11:       4704 bytes,      63336 total
- age  12:       4648 bytes,      67984 total
- age  13:       4704 bytes,      72688 total
- age  14:       4648 bytes,      77336 total
- age  15:       4704 bytes,      82040 total
: 2256K->80K(2432K), 0.0005115 secs] 6839K->4667K(7936K), 0.0005740 secs] [Times: user=0.00 sys=0.00, real=0.00 secs] 
2017-07-06T17:12:45.769+0900: 17.473: [GC2017-07-06T17:12:45.769+0900: 17.473: [DefNew
Desired survivor size 131072 bytes, new threshold 15 (max 15)
- age   1:      24400 bytes,      24400 total
- age   2:       4840 bytes,      29240 total
- age   3:       4704 bytes,      33944 total
- age   4:       4648 bytes,      38592 total
- age   5:       4704 bytes,      43296 total
- age   6:       4648 bytes,      47944 total
- age   7:       4704 bytes,      52648 total
- age   8:       4648 bytes,      57296 total
- age   9:       4704 bytes,      62000 total
- age  10:       4648 bytes,      66648 total
- age  11:       4704 bytes,      71352 total
- age  12:       4704 bytes,      76056 total
- age  13:       4648 bytes,      80704 total
- age  14:       4704 bytes,      85408 total
- age  15:       4648 bytes,      90056 total
: 2242K->87K(2432K), 0.0005072 secs] 6830K->4680K(7936K), 0.0005676 secs] [Times: user=0.00 sys=0.00, real=0.00 secs] 
2017-07-06T17:12:45.791+0900: 17.495: [GC2017-07-06T17:12:45.791+0900: 17.495: [DefNew
Desired survivor size 131072 bytes, new threshold 15 (max 15)
- age   1:      16384 bytes,      16384 total
- age   2:       4784 bytes,      21168 total
- age   3:       4704 bytes,      25872 total
- age   4:       4704 bytes,      30576 total
- age   5:       4648 bytes,      35224 total
- age   6:       4704 bytes,      39928 total
- age   7:       4648 bytes,      44576 total
- age   8:       4704 bytes,      49280 total
- age   9:       4648 bytes,      53928 total
- age  10:       4704 bytes,      58632 total
- age  11:       4648 bytes,      63280 total
- age  12:       4704 bytes,      67984 total
- age  13:       4704 bytes,      72688 total
- age  14:       4648 bytes,      77336 total
- age  15:       4704 bytes,      82040 total
: 2256K->80K(2432K), 0.0005423 secs] 6848K->4677K(7936K), 0.0006108 secs] [Times: user=0.00 sys=0.00, real=0.00 secs] 
2017-07-06T17:12:45.814+0900: 17.518: [GC2017-07-06T17:12:45.814+0900: 17.518: [DefNew
Desired survivor size 131072 bytes, new threshold 15 (max 15)
- age   1:      24400 bytes,      24400 total
- age   2:       4840 bytes,      29240 total
- age   3:       4648 bytes,      33888 total
- age   4:       4704 bytes,      38592 total
- age   5:       4704 bytes,      43296 total
- age   6:       4648 bytes,      47944 total
- age   7:       4704 bytes,      52648 total
- age   8:       4648 bytes,      57296 total
- age   9:       4704 bytes,      62000 total
- age  10:       4648 bytes,      66648 total
- age  11:       4704 bytes,      71352 total
- age  12:       4648 bytes,      76000 total
- age  13:       4704 bytes,      80704 total
- age  14:       4704 bytes,      85408 total
- age  15:       4648 bytes,      90056 total
: 2241K->87K(2432K), 0.0005642 secs] 6838K->4689K(7936K), 0.0006442 secs] [Times: user=0.00 sys=0.00, real=0.00 secs] 
2017-07-06T17:12:45.836+0900: 17.540: [GC2017-07-06T17:12:45.836+0900: 17.540: [DefNew
Desired survivor size 131072 bytes, new threshold 15 (max 15)
- age   1:      16384 bytes,      16384 total
- age   2:       4784 bytes,      21168 total
- age   3:       4704 bytes,      25872 total
- age   4:       4648 bytes,      30520 total
- age   5:       4704 bytes,      35224 total
- age   6:       4704 bytes,      39928 total
- age   7:       4648 bytes,      44576 total
- age   8:       4704 bytes,      49280 total
- age   9:       4648 bytes,      53928 total
- age  10:       4704 bytes,      58632 total
- age  11:       4648 bytes,      63280 total
- age  12:       4704 bytes,      67984 total
- age  13:       4648 bytes,      72632 total
- age  14:       4704 bytes,      77336 total
- age  15:       4704 bytes,      82040 total
: 2263K->80K(2432K), 0.0005496 secs] 6865K->4686K(7936K), 0.0006258 secs] [Times: user=0.00 sys=0.00, real=0.00 secs] 
2017-07-06T17:12:45.858+0900: 17.563: [GC2017-07-06T17:12:45.859+0900: 17.563: [DefNew
Desired survivor size 131072 bytes, new threshold 15 (max 15)
- age   1:      16384 bytes,      16384 total
- age   2:       4840 bytes,      21224 total
- age   3:       4648 bytes,      25872 total
- age   4:       4704 bytes,      30576 total
- age   5:       4648 bytes,      35224 total
- age   6:       4704 bytes,      39928 total
- age   7:       4704 bytes,      44632 total
- age   8:       4648 bytes,      49280 total
- age   9:       4704 bytes,      53984 total
- age  10:       4648 bytes,      58632 total
- age  11:       4704 bytes,      63336 total
- age  12:       4648 bytes,      67984 total
- age  13:       4704 bytes,      72688 total
- age  14:       4648 bytes,      77336 total
- age  15:       4704 bytes,      82040 total
: 2256K->80K(2432K), 0.0005338 secs] 6862K->4690K(7936K), 0.0006001 secs] [Times: user=0.00 sys=0.00, real=0.00 secs] 
2017-07-06T17:12:45.880+0900: 17.584: [GC2017-07-06T17:12:45.880+0900: 17.584: [DefNew
Desired survivor size 131072 bytes, new threshold 15 (max 15)
- age   1:      24400 bytes,      24400 total
- age   2:       4840 bytes,      29240 total
- age   3:       4704 bytes,      33944 total
- age   4:       4648 bytes,      38592 total
- age   5:       4704 bytes,      43296 total
- age   6:       4648 bytes,      47944 total
- age   7:       4704 bytes,      52648 total
- age   8:       4704 bytes,      57352 total
- age   9:       4648 bytes,      62000 total
- age  10:       4704 bytes,      66704 total
- age  11:       4648 bytes,      71352 total
- age  12:       4704 bytes,      76056 total
- age  13:       4648 bytes,      80704 total
- age  14:       4704 bytes,      85408 total
- age  15:       4648 bytes,      90056 total
: 2242K->87K(2432K), 0.0005137 secs] 6852K->4703K(7936K), 0.0005753 secs] [Times: user=0.00 sys=0.00, real=0.00 secs] 
2017-07-06T17:12:45.903+0900: 17.607: [GC2017-07-06T17:12:45.903+0900: 17.607: [DefNew
Desired survivor size 131072 bytes, new threshold 15 (max 15)
- age   1:      16384 bytes,      16384 total
- age   2:       4784 bytes,      21168 total
- age   3:       4704 bytes,      25872 total
- age   4:       4704 bytes,      30576 total
- age   5:       4648 bytes,      35224 total
- age   6:       4704 bytes,      39928 total
- age   7:       4648 bytes,      44576 total
- age   8:       4704 bytes,      49280 total
- age   9:       4704 bytes,      53984 total
- age  10:       4648 bytes,      58632 total
- age  11:       4704 bytes,      63336 total
- age  12:       4648 bytes,      67984 total
- age  13:       4704 bytes,      72688 total
- age  14:       4648 bytes,      77336 total
- age  15:       4704 bytes,      82040 total
: 2263K->80K(2432K), 0.0005595 secs] 6879K->4699K(7936K), 0.0006305 secs] [Times: user=0.00 sys=0.00, real=0.00 secs] 
2017-07-06T17:12:45.930+0900: 17.634: [GC2017-07-06T17:12:45.930+0900: 17.634: [DefNew
Desired survivor size 131072 bytes, new threshold 15 (max 15)
- age   1:      16384 bytes,      16384 total
- age   2:       4840 bytes,      21224 total
- age   3:       4648 bytes,      25872 total
- age   4:       4704 bytes,      30576 total
- age   5:       4704 bytes,      35280 total
- age   6:       4648 bytes,      39928 total
- age   7:       4704 bytes,      44632 total
- age   8:       4648 bytes,      49280 total
- age   9:       4704 bytes,      53984 total
- age  10:       4704 bytes,      58688 total
- age  11:       4648 bytes,      63336 total
- age  12:       4704 bytes,      68040 total
- age  13:       4648 bytes,      72688 total
- age  14:       4704 bytes,      77392 total
- age  15:       4648 bytes,      82040 total
: 2256K->80K(2432K), 0.0005526 secs] 6875K->4704K(7936K), 0.0006279 secs] [Times: user=0.00 sys=0.00, real=0.00 secs] 
2017-07-06T17:12:45.951+0900: 17.655: [GC2017-07-06T17:12:45.951+0900: 17.655: [DefNew
Desired survivor size 131072 bytes, new threshold 15 (max 15)
- age   1:      24400 bytes,      24400 total
- age   2:       4840 bytes,      29240 total
- age   3:       4704 bytes,      33944 total
- age   4:       4648 bytes,      38592 total
- age   5:       4704 bytes,      43296 total
- age   6:       4704 bytes,      48000 total
- age   7:       4648 bytes,      52648 total
- age   8:       4704 bytes,      57352 total
- age   9:       4648 bytes,      62000 total
- age  10:       4704 bytes,      66704 total
- age  11:       4704 bytes,      71408 total
- age  12:       4648 bytes,      76056 total
- age  13:       4704 bytes,      80760 total
- age  14:       4648 bytes,      85408 total
- age  15:       4704 bytes,      90112 total
: 2242K->88K(2432K), 0.0005235 secs] 6866K->4716K(7936K), 0.0005911 secs] [Times: user=0.00 sys=0.00, real=0.00 secs] 
2017-07-06T17:12:45.973+0900: 17.677: [GC2017-07-06T17:12:45.973+0900: 17.677: [DefNew
Desired survivor size 131072 bytes, new threshold 15 (max 15)
- age   1:      16384 bytes,      16384 total
- age   2:       4784 bytes,      21168 total
- age   3:       4704 bytes,      25872 total
- age   4:       4704 bytes,      30576 total
- age   5:       4648 bytes,      35224 total
- age   6:       4704 bytes,      39928 total
- age   7:       4704 bytes,      44632 total
- age   8:       4648 bytes,      49280 total
- age   9:       4704 bytes,      53984 total
- age  10:       4648 bytes,      58632 total
- age  11:       4704 bytes,      63336 total
- age  12:       4704 bytes,      68040 total
- age  13:       4648 bytes,      72688 total
- age  14:       4704 bytes,      77392 total
- age  15:       4648 bytes,      82040 total
: 2256K->80K(2432K), 0.0005402 secs] 6885K->4713K(7936K), 0.0006082 secs] [Times: user=0.00 sys=0.00, real=0.00 secs] 
2017-07-06T17:12:45.994+0900: 17.698: [GC2017-07-06T17:12:45.994+0900: 17.698: [DefNew
Desired survivor size 131072 bytes, new threshold 15 (max 15)
- age   1:      24400 bytes,      24400 total
- age   2:       4840 bytes,      29240 total
- age   3:       4648 bytes,      33888 total
- age   4:       4704 bytes,      38592 total
- age   5:       4704 bytes,      43296 total
- age   6:       4648 bytes,      47944 total
- age   7:       4704 bytes,      52648 total
- age   8:       4704 bytes,      57352 total
- age   9:       4648 bytes,      62000 total
- age  10:       4704 bytes,      66704 total
- age  11:       4648 bytes,      71352 total
- age  12:       4704 bytes,      76056 total
- age  13:       4704 bytes,      80760 total
- age  14:       4648 bytes,      85408 total
- age  15:       4704 bytes,      90112 total
: 2241K->88K(2432K), 0.0005124 secs] 6875K->4726K(7936K), 0.0005749 secs] [Times: user=0.00 sys=0.00, real=0.00 secs] 
2017-07-06T17:12:46.017+0900: 17.721: [GC2017-07-06T17:12:46.017+0900: 17.721: [DefNew
Desired survivor size 131072 bytes, new threshold 15 (max 15)
- age   1:      16384 bytes,      16384 total
- age   2:       4784 bytes,      21168 total
- age   3:       4704 bytes,      25872 total
- age   4:       4648 bytes,      30520 total
- age   5:       4704 bytes,      35224 total
- age   6:       4704 bytes,      39928 total
- age   7:       4648 bytes,      44576 total
- age   8:       4704 bytes,      49280 total
- age   9:       4704 bytes,      53984 total
- age  10:       4648 bytes,      58632 total
- age  11:       4704 bytes,      63336 total
- age  12:       4648 bytes,      67984 total
- age  13:       4704 bytes,      72688 total
- age  14:       4704 bytes,      77392 total
- age  15:       4648 bytes,      82040 total
: 2264K->80K(2432K), 0.0005415 secs] 6902K->4722K(7936K), 0.0006189 secs] [Times: user=0.00 sys=0.00, real=0.00 secs] 
2017-07-06T17:12:46.042+0900: 17.746: [GC2017-07-06T17:12:46.042+0900: 17.746: [DefNew
Desired survivor size 131072 bytes, new threshold 15 (max 15)
- age   1:      16384 bytes,      16384 total
- age   2:       4840 bytes,      21224 total
- age   3:       4648 bytes,      25872 total
- age   4:       4704 bytes,      30576 total
- age   5:       4648 bytes,      35224 total
- age   6:       4704 bytes,      39928 total
- age   7:       4704 bytes,      44632 total
- age   8:       4648 bytes,      49280 total
- age   9:       4704 bytes,      53984 total
- age  10:       4704 bytes,      58688 total
- age  11:       4648 bytes,      63336 total
- age  12:       4704 bytes,      68040 total
- age  13:       4648 bytes,      72688 total
- age  14:       4704 bytes,      77392 total
- age  15:       4704 bytes,      82096 total
: 2256K->80K(2432K), 0.0005453 secs] 6898K->4727K(7936K), 0.0006155 secs] [Times: user=0.00 sys=0.00, real=0.00 secs] 
2017-07-06T17:12:46.064+0900: 17.768: [GC2017-07-06T17:12:46.064+0900: 17.768: [DefNew
Desired survivor size 131072 bytes, new threshold 15 (max 15)
- age   1:      24400 bytes,      24400 total
- age   2:       4840 bytes,      29240 total
- age   3:       4704 bytes,      33944 total
- age   4:       4648 bytes,      38592 total
- age   5:       4704 bytes,      43296 total
- age   6:       4648 bytes,      47944 total
- age   7:       4704 bytes,      52648 total
- age   8:       4704 bytes,      57352 total
- age   9:       4648 bytes,      62000 total
- age  10:       4704 bytes,      66704 total
- age  11:       4704 bytes,      71408 total
- age  12:       4648 bytes,      76056 total
- age  13:       4704 bytes,      80760 total
- age  14:       4648 bytes,      85408 total
- age  15:       4704 bytes,      90112 total
: 2242K->88K(2432K), 0.0005192 secs] 6889K->4739K(7936K), 0.0005834 secs] [Times: user=0.00 sys=0.00, real=0.00 secs] 
2017-07-06T17:12:46.085+0900: 17.789: [GC2017-07-06T17:12:46.085+0900: 17.789: [DefNew
Desired survivor size 131072 bytes, new threshold 15 (max 15)
- age   1:      16384 bytes,      16384 total
- age   2:       4784 bytes,      21168 total
- age   3:       4704 bytes,      25872 total
- age   4:       4704 bytes,      30576 total
- age   5:       4648 bytes,      35224 total
- age   6:       4704 bytes,      39928 total
- age   7:       4648 bytes,      44576 total
- age   8:       4704 bytes,      49280 total
- age   9:       4704 bytes,      53984 total
- age  10:       4648 bytes,      58632 total
- age  11:       4704 bytes,      63336 total
- age  12:       4704 bytes,      68040 total
- age  13:       4648 bytes,      72688 total
- age  14:       4704 bytes,      77392 total
- age  15:       4648 bytes,      82040 total
: 2264K->80K(2432K), 0.0005368 secs] 6915K->4736K(7936K), 0.0006023 secs] [Times: user=0.00 sys=0.00, real=0.00 secs] 
2017-07-06T17:12:46.106+0900: 17.810: [GC2017-07-06T17:12:46.106+0900: 17.810: [DefNew
Desired survivor size 131072 bytes, new threshold 15 (max 15)
- age   1:      24400 bytes,      24400 total
- age   2:       4840 bytes,      29240 total
- age   3:       4648 bytes,      33888 total
- age   4:       4704 bytes,      38592 total
- age   5:       4704 bytes,      43296 total
- age   6:       4648 bytes,      47944 total
- age   7:       4704 bytes,      52648 total
- age   8:       4648 bytes,      57296 total
- age   9:       4704 bytes,      62000 total
- age  10:       4704 bytes,      66704 total
- age  11:       4648 bytes,      71352 total
- age  12:       4704 bytes,      76056 total
- age  13:       4704 bytes,      80760 total
- age  14:       4648 bytes,      85408 total
- age  15:       4704 bytes,      90112 total
: 2240K->88K(2432K), 0.0005252 secs] 6896K->4748K(7936K), 0.0005958 secs] [Times: user=0.00 sys=0.00, real=0.00 secs] 
2017-07-06T17:12:46.128+0900: 17.832: [GC2017-07-06T17:12:46.128+0900: 17.832: [DefNew
Desired survivor size 131072 bytes, new threshold 15 (max 15)
- age   1:      16384 bytes,      16384 total
- age   2:       4784 bytes,      21168 total
- age   3:       4704 bytes,      25872 total
- age   4:       4648 bytes,      30520 total
- age   5:       4704 bytes,      35224 total
- age   6:       4704 bytes,      39928 total
- age   7:       4648 bytes,      44576 total
- age   8:       4704 bytes,      49280 total
- age   9:       4648 bytes,      53928 total
- age  10:       4704 bytes,      58632 total
- age  11:       4704 bytes,      63336 total
- age  12:       4648 bytes,      67984 total
- age  13:       4704 bytes,      72688 total
- age  14:       4704 bytes,      77392 total
- age  15:       4648 bytes,      82040 total
: 2264K->80K(2432K), 0.0005458 secs] 6924K->4745K(7936K), 0.0006160 secs] [Times: user=0.00 sys=0.00, real=0.00 secs] 
2017-07-06T17:12:46.151+0900: 17.855: [GC2017-07-06T17:12:46.151+0900: 17.856: [DefNew
Desired survivor size 131072 bytes, new threshold 15 (max 15)
- age   1:      24400 bytes,      24400 total
- age   2:       4840 bytes,      29240 total
- age   3:       4648 bytes,      33888 total
- age   4:       4704 bytes,      38592 total
- age   5:       4648 bytes,      43240 total
- age   6:       4704 bytes,      47944 total
- age   7:       4704 bytes,      52648 total
- age   8:       4648 bytes,      57296 total
- age   9:       4704 bytes,      62000 total
- age  10:       4648 bytes,      66648 total
- age  11:       4704 bytes,      71352 total
- age  12:       4704 bytes,      76056 total
- age  13:       4648 bytes,      80704 total
- age  14:       4704 bytes,      85408 total
- age  15:       4704 bytes,      90112 total
: 2240K->88K(2432K), 0.0005650 secs] 6906K->4758K(7936K), 0.0006442 secs] [Times: user=0.00 sys=0.00, real=0.00 secs] 
2017-07-06T17:12:46.174+0900: 17.878: [GC2017-07-06T17:12:46.174+0900: 17.878: [DefNew
Desired survivor size 131072 bytes, new threshold 15 (max 15)
- age   1:      16384 bytes,      16384 total
- age   2:       4784 bytes,      21168 total
- age   3:       4704 bytes,      25872 total
- age   4:       4648 bytes,      30520 total
- age   5:       4704 bytes,      35224 total
- age   6:       4648 bytes,      39872 total
- age   7:       4704 bytes,      44576 total
- age   8:       4704 bytes,      49280 total
- age   9:       4648 bytes,      53928 total
- age  10:       4704 bytes,      58632 total
- age  11:       4648 bytes,      63280 total
- age  12:       4704 bytes,      67984 total
- age  13:       4704 bytes,      72688 total
- age  14:       4648 bytes,      77336 total
- age  15:       4704 bytes,      82040 total
: 2264K->80K(2432K), 0.0005637 secs] 6934K->4754K(7936K), 0.0006399 secs] [Times: user=0.01 sys=0.00, real=0.00 secs] 
2017-07-06T17:12:46.196+0900: 17.900: [GC2017-07-06T17:12:46.196+0900: 17.900: [DefNew
Desired survivor size 131072 bytes, new threshold 15 (max 15)
- age   1:      24400 bytes,      24400 total
- age   2:       4840 bytes,      29240 total
- age   3:       4648 bytes,      33888 total
- age   4:       4704 bytes,      38592 total
- age   5:       4648 bytes,      43240 total
- age   6:       4704 bytes,      47944 total
- age   7:       4648 bytes,      52592 total
- age   8:       4704 bytes,      57296 total
- age   9:       4704 bytes,      62000 total
- age  10:       4648 bytes,      66648 total
- age  11:       4704 bytes,      71352 total
- age  12:       4648 bytes,      76000 total
- age  13:       4704 bytes,      80704 total
- age  14:       4704 bytes,      85408 total
- age  15:       4648 bytes,      90056 total
: 2241K->87K(2432K), 0.0005325 secs] 6915K->4767K(7936K), 0.0006053 secs] [Times: user=0.00 sys=0.00, real=0.00 secs] 
2017-07-06T17:12:46.217+0900: 17.921: [GC2017-07-06T17:12:46.217+0900: 17.921: [DefNew
Desired survivor size 131072 bytes, new threshold 15 (max 15)
- age   1:      16384 bytes,      16384 total
- age   2:       4784 bytes,      21168 total
- age   3:       4704 bytes,      25872 total
- age   4:       4648 bytes,      30520 total
- age   5:       4704 bytes,      35224 total
- age   6:       4648 bytes,      39872 total
- age   7:       4704 bytes,      44576 total
- age   8:       4648 bytes,      49224 total
- age   9:       4704 bytes,      53928 total
- age  10:       4704 bytes,      58632 total
- age  11:       4648 bytes,      63280 total
- age  12:       4704 bytes,      67984 total
- age  13:       4648 bytes,      72632 total
- age  14:       4704 bytes,      77336 total
- age  15:       4704 bytes,      82040 total
: 2263K->80K(2432K), 0.0005145 secs] 6943K->4763K(7936K), 0.0005761 secs] [Times: user=0.00 sys=0.00, real=0.00 secs] 
2017-07-06T17:12:46.239+0900: 17.943: [GC2017-07-06T17:12:46.239+0900: 17.943: [DefNew
Desired survivor size 131072 bytes, new threshold 15 (max 15)
- age   1:      16384 bytes,      16384 total
- age   2:       4840 bytes,      21224 total
- age   3:       4648 bytes,      25872 total
- age   4:       4704 bytes,      30576 total
- age   5:       4648 bytes,      35224 total
- age   6:       4704 bytes,      39928 total
- age   7:       4648 bytes,      44576 total
- age   8:       4704 bytes,      49280 total
- age   9:       4648 bytes,      53928 total
- age  10:       4704 bytes,      58632 total
- age  11:       4704 bytes,      63336 total
- age  12:       4648 bytes,      67984 total
- age  13:       4704 bytes,      72688 total
- age  14:       4648 bytes,      77336 total
- age  15:       4704 bytes,      82040 total
: 2256K->80K(2432K), 0.0005509 secs] 6939K->4768K(7936K), 0.0006224 secs] [Times: user=0.00 sys=0.00, real=0.00 secs] 
2017-07-06T17:12:46.264+0900: 17.968: [GC2017-07-06T17:12:46.264+0900: 17.968: [DefNew
Desired survivor size 131072 bytes, new threshold 15 (max 15)
- age   1:      24400 bytes,      24400 total
- age   2:       4840 bytes,      29240 total
- age   3:       4704 bytes,      33944 total
- age   4:       4648 bytes,      38592 total
- age   5:       4704 bytes,      43296 total
- age   6:       4648 bytes,      47944 total
- age   7:       4704 bytes,      52648 total
- age   8:       4648 bytes,      57296 total
- age   9:       4704 bytes,      62000 total
- age  10:       4648 bytes,      66648 total
- age  11:       4704 bytes,      71352 total
- age  12:       4704 bytes,      76056 total
- age  13:       4648 bytes,      80704 total
- age  14:       4704 bytes,      85408 total
- age  15:       4648 bytes,      90056 total
: 2242K->87K(2432K), 0.0005487 secs] 6930K->4780K(7936K), 0.0006202 secs] [Times: user=0.00 sys=0.00, real=0.00 secs] 
2017-07-06T17:12:46.286+0900: 17.990: [GC2017-07-06T17:12:46.286+0900: 17.990: [DefNew
Desired survivor size 131072 bytes, new threshold 15 (max 15)
- age   1:      16384 bytes,      16384 total
- age   2:       4784 bytes,      21168 total
- age   3:       4704 bytes,      25872 total
- age   4:       4704 bytes,      30576 total
- age   5:       4648 bytes,      35224 total
- age   6:       4704 bytes,      39928 total
- age   7:       4648 bytes,      44576 total
- age   8:       4704 bytes,      49280 total
- age   9:       4648 bytes,      53928 total
- age  10:       4704 bytes,      58632 total
- age  11:       4648 bytes,      63280 total
- age  12:       4704 bytes,      67984 total
- age  13:       4704 bytes,      72688 total
- age  14:       4648 bytes,      77336 total
- age  15:       4704 bytes,      82040 total
: 2256K->80K(2432K), 0.0005526 secs] 6948K->4777K(7936K), 0.0013141 secs] [Times: user=0.00 sys=0.00, real=0.00 secs] 
2017-07-06T17:12:46.308+0900: 18.012: [GC2017-07-06T17:12:46.309+0900: 18.013: [DefNew
Desired survivor size 131072 bytes, new threshold 15 (max 15)
- age   1:      24400 bytes,      24400 total
- age   2:       4840 bytes,      29240 total
- age   3:       4648 bytes,      33888 total
- age   4:       4704 bytes,      38592 total
- age   5:       4704 bytes,      43296 total
- age   6:       4648 bytes,      47944 total
- age   7:       4704 bytes,      52648 total
- age   8:       4648 bytes,      57296 total
- age   9:       4704 bytes,      62000 total
- age  10:       4648 bytes,      66648 total
- age  11:       4704 bytes,      71352 total
- age  12:       4648 bytes,      76000 total
- age  13:       4704 bytes,      80704 total
- age  14:       4704 bytes,      85408 total
- age  15:       4648 bytes,      90056 total
: 2241K->87K(2432K), 0.0005312 secs] 6938K->4789K(7936K), 0.0006057 secs] [Times: user=0.00 sys=0.00, real=0.00 secs] 
2017-07-06T17:12:46.330+0900: 18.034: [GC2017-07-06T17:12:46.330+0900: 18.034: [DefNew
Desired survivor size 131072 bytes, new threshold 15 (max 15)
- age   1:      16384 bytes,      16384 total
- age   2:       4784 bytes,      21168 total
- age   3:       4704 bytes,      25872 total
- age   4:       4648 bytes,      30520 total
- age   5:       4704 bytes,      35224 total
- age   6:       4704 bytes,      39928 total
- age   7:       4648 bytes,      44576 total
- age   8:       4704 bytes,      49280 total
- age   9:       4648 bytes,      53928 total
- age  10:       4704 bytes,      58632 total
- age  11:       4648 bytes,      63280 total
- age  12:       4704 bytes,      67984 total
- age  13:       4648 bytes,      72632 total
- age  14:       4704 bytes,      77336 total
- age  15:       4704 bytes,      82040 total
: 2263K->80K(2432K), 0.0005205 secs] 6965K->4786K(7936K), 0.0005838 secs] [Times: user=0.01 sys=0.00, real=0.00 secs] 
2017-07-06T17:12:46.352+0900: 18.056: [GC2017-07-06T17:12:46.352+0900: 18.056: [DefNew
Desired survivor size 131072 bytes, new threshold 15 (max 15)
- age   1:      16384 bytes,      16384 total
- age   2:       4840 bytes,      21224 total
- age   3:       4648 bytes,      25872 total
- age   4:       4704 bytes,      30576 total
- age   5:       4648 bytes,      35224 total
- age   6:       4704 bytes,      39928 total
- age   7:       4704 bytes,      44632 total
- age   8:       4648 bytes,      49280 total
- age   9:       4704 bytes,      53984 total
- age  10:       4648 bytes,      58632 total
- age  11:       4704 bytes,      63336 total
- age  12:       4648 bytes,      67984 total
- age  13:       4704 bytes,      72688 total
- age  14:       4648 bytes,      77336 total
- age  15:       4704 bytes,      82040 total
: 2256K->80K(2432K), 0.0005141 secs] 6962K->4791K(7936K), 0.0005821 secs] [Times: user=0.00 sys=0.00, real=0.00 secs] 
2017-07-06T17:12:46.378+0900: 18.082: [GC2017-07-06T17:12:46.378+0900: 18.082: [DefNew
Desired survivor size 131072 bytes, new threshold 15 (max 15)
- age   1:      24400 bytes,      24400 total
- age   2:       4840 bytes,      29240 total
- age   3:       4704 bytes,      33944 total
- age   4:       4648 bytes,      38592 total
- age   5:       4704 bytes,      43296 total
- age   6:       4648 bytes,      47944 total
- age   7:       4704 bytes,      52648 total
- age   8:       4704 bytes,      57352 total
- age   9:       4648 bytes,      62000 total
- age  10:       4704 bytes,      66704 total
- age  11:       4648 bytes,      71352 total
- age  12:       4704 bytes,      76056 total
- age  13:       4648 bytes,      80704 total
- age  14:       4704 bytes,      85408 total
- age  15:       4648 bytes,      90056 total
: 2242K->87K(2432K), 0.0005445 secs] 6953K->4803K(7936K), 0.0006151 secs] [Times: user=0.00 sys=0.00, real=0.00 secs] 
2017-07-06T17:12:46.400+0900: 18.104: [GC2017-07-06T17:12:46.400+0900: 18.104: [DefNew
Desired survivor size 131072 bytes, new threshold 15 (max 15)
- age   1:      16384 bytes,      16384 total
- age   2:       4784 bytes,      21168 total
- age   3:       4704 bytes,      25872 total
- age   4:       4704 bytes,      30576 total
- age   5:       4648 bytes,      35224 total
- age   6:       4704 bytes,      39928 total
- age   7:       4648 bytes,      44576 total
- age   8:       4704 bytes,      49280 total
- age   9:       4704 bytes,      53984 total
- age  10:       4648 bytes,      58632 total
- age  11:       4704 bytes,      63336 total
- age  12:       4648 bytes,      67984 total
- age  13:       4704 bytes,      72688 total
- age  14:       4648 bytes,      77336 total
- age  15:       4704 bytes,      82040 total
: 2263K->80K(2432K), 0.0005303 secs] 6979K->4800K(7936K), 0.0006014 secs] [Times: user=0.00 sys=0.00, real=0.00 secs] 
2017-07-06T17:12:46.422+0900: 18.126: [GC2017-07-06T17:12:46.422+0900: 18.126: [DefNew
Desired survivor size 131072 bytes, new threshold 15 (max 15)
- age   1:      16384 bytes,      16384 total
- age   2:       4840 bytes,      21224 total
- age   3:       4648 bytes,      25872 total
- age   4:       4704 bytes,      30576 total
- age   5:       4704 bytes,      35280 total
- age   6:       4648 bytes,      39928 total
- age   7:       4704 bytes,      44632 total
- age   8:       4648 bytes,      49280 total
- age   9:       4704 bytes,      53984 total
- age  10:       4704 bytes,      58688 total
- age  11:       4648 bytes,      63336 total
- age  12:       4704 bytes,      68040 total
- age  13:       4648 bytes,      72688 total
- age  14:       4704 bytes,      77392 total
- age  15:       4648 bytes,      82040 total
: 2256K->80K(2432K), 0.0005261 secs] 6976K->4805K(7936K), 0.0006023 secs] [Times: user=0.00 sys=0.00, real=0.00 secs] 
2017-07-06T17:12:46.444+0900: 18.147: [GC2017-07-06T17:12:46.444+0900: 18.147: [DefNew
Desired survivor size 131072 bytes, new threshold 15 (max 15)
- age   1:      24400 bytes,      24400 total
- age   2:       4840 bytes,      29240 total
- age   3:       4704 bytes,      33944 total
- age   4:       4648 bytes,      38592 total
- age   5:       4704 bytes,      43296 total
- age   6:       4704 bytes,      48000 total
- age   7:       4648 bytes,      52648 total
- age   8:       4704 bytes,      57352 total
- age   9:       4648 bytes,      62000 total
- age  10:       4704 bytes,      66704 total
- age  11:       4704 bytes,      71408 total
- age  12:       4648 bytes,      76056 total
- age  13:       4704 bytes,      80760 total
- age  14:       4648 bytes,      85408 total
- age  15:       4704 bytes,      90112 total
: 2242K->88K(2432K), 0.0005064 secs] 6967K->4817K(7936K), 0.0005672 secs] [Times: user=0.00 sys=0.00, real=0.00 secs] 
2017-07-06T17:12:46.466+0900: 18.169: [GC2017-07-06T17:12:46.466+0900: 18.169: [DefNew
Desired survivor size 131072 bytes, new threshold 15 (max 15)
- age   1:      16384 bytes,      16384 total
- age   2:       4784 bytes,      21168 total
- age   3:       4704 bytes,      25872 total
- age   4:       4704 bytes,      30576 total
- age   5:       4648 bytes,      35224 total
- age   6:       4704 bytes,      39928 total
- age   7:       4704 bytes,      44632 total
- age   8:       4648 bytes,      49280 total
- age   9:       4704 bytes,      53984 total
- age  10:       4648 bytes,      58632 total
- age  11:       4704 bytes,      63336 total
- age  12:       4704 bytes,      68040 total
- age  13:       4648 bytes,      72688 total
- age  14:       4704 bytes,      77392 total
- age  15:       4648 bytes,      82040 total
: 2256K->80K(2432K), 0.0005149 secs] 6985K->4814K(7936K), 0.0005774 secs] [Times: user=0.00 sys=0.00, real=0.00 secs] 
2017-07-06T17:12:46.491+0900: 18.194: [GC2017-07-06T17:12:46.491+0900: 18.194: [DefNew
Desired survivor size 131072 bytes, new threshold 15 (max 15)
- age   1:      24400 bytes,      24400 total
- age   2:       4840 bytes,      29240 total
- age   3:       4648 bytes,      33888 total
- age   4:       4704 bytes,      38592 total
- age   5:       4704 bytes,      43296 total
- age   6:       4648 bytes,      47944 total
- age   7:       4704 bytes,      52648 total
- age   8:       4704 bytes,      57352 total
- age   9:       4648 bytes,      62000 total
- age  10:       4704 bytes,      66704 total
- age  11:       4648 bytes,      71352 total
- age  12:       4704 bytes,      76056 total
- age  13:       4704 bytes,      80760 total
- age  14:       4648 bytes,      85408 total
- age  15:       4704 bytes,      90112 total
: 2241K->88K(2432K), 0.0005937 secs] 6975K->4826K(7936K), 0.0006784 secs] [Times: user=0.00 sys=0.00, real=0.00 secs] 
2017-07-06T17:12:46.516+0900: 18.219: [GC2017-07-06T17:12:46.516+0900: 18.219: [DefNew
Desired survivor size 131072 bytes, new threshold 15 (max 15)
- age   1:      16384 bytes,      16384 total
- age   2:       4784 bytes,      21168 total
- age   3:       4704 bytes,      25872 total
- age   4:       4648 bytes,      30520 total
- age   5:       4704 bytes,      35224 total
- age   6:       4704 bytes,      39928 total
- age   7:       4648 bytes,      44576 total
- age   8:       4704 bytes,      49280 total
- age   9:       4704 bytes,      53984 total
- age  10:       4648 bytes,      58632 total
- age  11:       4704 bytes,      63336 total
- age  12:       4648 bytes,      67984 total
- age  13:       4704 bytes,      72688 total
- age  14:       4704 bytes,      77392 total
- age  15:       4648 bytes,      82040 total
: 2264K->80K(2432K), 0.0005470 secs] 7002K->4823K(7936K), 0.0006181 secs] [Times: user=0.00 sys=0.00, real=0.00 secs] 
2017-07-06T17:12:46.538+0900: 18.241: [GC2017-07-06T17:12:46.538+0900: 18.241: [DefNew
Desired survivor size 131072 bytes, new threshold 15 (max 15)
- age   1:      16384 bytes,      16384 total
- age   2:       4840 bytes,      21224 total
- age   3:       4648 bytes,      25872 total
- age   4:       4704 bytes,      30576 total
- age   5:       4648 bytes,      35224 total
- age   6:       4704 bytes,      39928 total
- age   7:       4704 bytes,      44632 total
- age   8:       4648 bytes,      49280 total
- age   9:       4704 bytes,      53984 total
- age  10:       4704 bytes,      58688 total
- age  11:       4648 bytes,      63336 total
- age  12:       4704 bytes,      68040 total
- age  13:       4648 bytes,      72688 total
- age  14:       4704 bytes,      77392 total
- age  15:       4704 bytes,      82096 total
: 2256K->80K(2432K), 0.0005693 secs] 6999K->4827K(7936K), 0.0006352 secs] [Times: user=0.00 sys=0.00, real=0.00 secs] 
2017-07-06T17:12:46.559+0900: 18.262: [GC2017-07-06T17:12:46.559+0900: 18.262: [DefNew
Desired survivor size 131072 bytes, new threshold 15 (max 15)
- age   1:      24400 bytes,      24400 total
- age   2:       4840 bytes,      29240 total
- age   3:       4704 bytes,      33944 total
- age   4:       4648 bytes,      38592 total
- age   5:       4704 bytes,      43296 total
- age   6:       4648 bytes,      47944 total
- age   7:       4704 bytes,      52648 total
- age   8:       4704 bytes,      57352 total
- age   9:       4648 bytes,      62000 total
- age  10:       4704 bytes,      66704 total
- age  11:       4704 bytes,      71408 total
- age  12:       4648 bytes,      76056 total
- age  13:       4704 bytes,      80760 total
- age  14:       4648 bytes,      85408 total
- age  15:       4704 bytes,      90112 total
: 2242K->88K(2432K), 0.0005098 secs] 6990K->4840K(7936K), 0.0005736 secs] [Times: user=0.00 sys=0.00, real=0.00 secs] 
2017-07-06T17:12:46.580+0900: 18.283: [GC2017-07-06T17:12:46.580+0900: 18.284: [DefNew
Desired survivor size 131072 bytes, new threshold 15 (max 15)
- age   1:      16384 bytes,      16384 total
- age   2:       4784 bytes,      21168 total
- age   3:       4704 bytes,      25872 total
- age   4:       4704 bytes,      30576 total
- age   5:       4648 bytes,      35224 total
- age   6:       4704 bytes,      39928 total
- age   7:       4648 bytes,      44576 total
- age   8:       4704 bytes,      49280 total
- age   9:       4704 bytes,      53984 total
- age  10:       4648 bytes,      58632 total
- age  11:       4704 bytes,      63336 total
- age  12:       4704 bytes,      68040 total
- age  13:       4648 bytes,      72688 total
- age  14:       4704 bytes,      77392 total
- age  15:       4648 bytes,      82040 total
: 2264K->80K(2432K), 0.0005085 secs] 7016K->4837K(7936K), 0.0006468 secs] [Times: user=0.00 sys=0.00, real=0.00 secs] 
2017-07-06T17:12:46.603+0900: 18.307: [GC2017-07-06T17:12:46.604+0900: 18.307: [DefNew
Desired survivor size 131072 bytes, new threshold 15 (max 15)
- age   1:      24400 bytes,      24400 total
- age   2:       4840 bytes,      29240 total
- age   3:       4648 bytes,      33888 total
- age   4:       4704 bytes,      38592 total
- age   5:       4704 bytes,      43296 total
- age   6:       4648 bytes,      47944 total
- age   7:       4704 bytes,      52648 total
- age   8:       4648 bytes,      57296 total
- age   9:       4704 bytes,      62000 total
- age  10:       4704 bytes,      66704 total
- age  11:       4648 bytes,      71352 total
- age  12:       4704 bytes,      76056 total
- age  13:       4704 bytes,      80760 total
- age  14:       4648 bytes,      85408 total
- age  15:       4704 bytes,      90112 total
: 2240K->88K(2432K), 0.0005479 secs] 6997K->4849K(7936K), 0.0006232 secs] [Times: user=0.00 sys=0.00, real=0.00 secs] 
2017-07-06T17:12:46.628+0900: 18.331: [GC2017-07-06T17:12:46.628+0900: 18.331: [DefNew
Desired survivor size 131072 bytes, new threshold 15 (max 15)
- age   1:      16384 bytes,      16384 total
- age   2:       4784 bytes,      21168 total
- age   3:       4704 bytes,      25872 total
- age   4:       4648 bytes,      30520 total
- age   5:       4704 bytes,      35224 total
- age   6:       4704 bytes,      39928 total
- age   7:       4648 bytes,      44576 total
- age   8:       4704 bytes,      49280 total
- age   9:       4648 bytes,      53928 total
- age  10:       4704 bytes,      58632 total
- age  11:       4704 bytes,      63336 total
- age  12:       4648 bytes,      67984 total
- age  13:       4704 bytes,      72688 total
- age  14:       4704 bytes,      77392 total
- age  15:       4648 bytes,      82040 total
: 2264K->80K(2432K), 0.0005432 secs] 7025K->4846K(7936K), 0.0006134 secs] [Times: user=0.00 sys=0.00, real=0.00 secs] 
2017-07-06T17:12:46.650+0900: 18.353: [GC2017-07-06T17:12:46.650+0900: 18.353: [DefNew
Desired survivor size 131072 bytes, new threshold 15 (max 15)
- age   1:      24400 bytes,      24400 total
- age   2:       4840 bytes,      29240 total
- age   3:       4648 bytes,      33888 total
- age   4:       4704 bytes,      38592 total
- age   5:       4648 bytes,      43240 total
- age   6:       4704 bytes,      47944 total
- age   7:       4704 bytes,      52648 total
- age   8:       4648 bytes,      57296 total
- age   9:       4704 bytes,      62000 total
- age  10:       4648 bytes,      66648 total
- age  11:       4704 bytes,      71352 total
- age  12:       4704 bytes,      76056 total
- age  13:       4648 bytes,      80704 total
- age  14:       4704 bytes,      85408 total
- age  15:       4704 bytes,      90112 total
: 2240K->88K(2432K), 0.0005256 secs] 7006K->4858K(7936K), 0.0005911 secs] [Times: user=0.00 sys=0.00, real=0.00 secs] 
2017-07-06T17:12:46.671+0900: 18.374: [GC2017-07-06T17:12:46.671+0900: 18.374: [DefNew
Desired survivor size 131072 bytes, new threshold 15 (max 15)
- age   1:      16384 bytes,      16384 total
- age   2:       4784 bytes,      21168 total
- age   3:       4704 bytes,      25872 total
- age   4:       4648 bytes,      30520 total
- age   5:       4704 bytes,      35224 total
- age   6:       4648 bytes,      39872 total
- age   7:       4704 bytes,      44576 total
- age   8:       4704 bytes,      49280 total
- age   9:       4648 bytes,      53928 total
- age  10:       4704 bytes,      58632 total
- age  11:       4648 bytes,      63280 total
- age  12:       4704 bytes,      67984 total
- age  13:       4704 bytes,      72688 total
- age  14:       4648 bytes,      77336 total
- age  15:       4704 bytes,      82040 total
: 2264K->80K(2432K), 0.0005509 secs] 7034K->4855K(7936K), 0.0006211 secs] [Times: user=0.00 sys=0.00, real=0.00 secs] 
2017-07-06T17:12:46.692+0900: 18.396: [GC2017-07-06T17:12:46.693+0900: 18.396: [DefNew
Desired survivor size 131072 bytes, new threshold 15 (max 15)
- age   1:      24400 bytes,      24400 total
- age   2:       4840 bytes,      29240 total
- age   3:       4648 bytes,      33888 total
- age   4:       4704 bytes,      38592 total
- age   5:       4648 bytes,      43240 total
- age   6:       4704 bytes,      47944 total
- age   7:       4648 bytes,      52592 total
- age   8:       4704 bytes,      57296 total
- age   9:       4704 bytes,      62000 total
- age  10:       4648 bytes,      66648 total
- age  11:       4704 bytes,      71352 total
- age  12:       4648 bytes,      76000 total
- age  13:       4704 bytes,      80704 total
- age  14:       4704 bytes,      85408 total
- age  15:       4648 bytes,      90056 total
: 2241K->87K(2432K), 0.0005098 secs] 7016K->4867K(7936K), 0.0005757 secs] [Times: user=0.00 sys=0.00, real=0.00 secs] 
2017-07-06T17:12:46.714+0900: 18.417: [GC2017-07-06T17:12:46.714+0900: 18.417: [DefNew
Desired survivor size 131072 bytes, new threshold 15 (max 15)
- age   1:      16384 bytes,      16384 total
- age   2:       4784 bytes,      21168 total
- age   3:       4704 bytes,      25872 total
- age   4:       4648 bytes,      30520 total
- age   5:       4704 bytes,      35224 total
- age   6:       4648 bytes,      39872 total
- age   7:       4704 bytes,      44576 total
- age   8:       4648 bytes,      49224 total
- age   9:       4704 bytes,      53928 total
- age  10:       4704 bytes,      58632 total
- age  11:       4648 bytes,      63280 total
- age  12:       4704 bytes,      67984 total
- age  13:       4648 bytes,      72632 total
- age  14:       4704 bytes,      77336 total
- age  15:       4704 bytes,      82040 total
: 2263K->80K(2432K), 0.0005141 secs] 7043K->4864K(7936K), 0.0005779 secs] [Times: user=0.00 sys=0.00, real=0.00 secs] 
2017-07-06T17:12:46.740+0900: 18.444: [GC2017-07-06T17:12:46.741+0900: 18.444: [DefNew
Desired survivor size 131072 bytes, new threshold 15 (max 15)
- age   1:      16384 bytes,      16384 total
- age   2:       4840 bytes,      21224 total
- age   3:       4648 bytes,      25872 total
- age   4:       4704 bytes,      30576 total
- age   5:       4648 bytes,      35224 total
- age   6:       4704 bytes,      39928 total
- age   7:       4648 bytes,      44576 total
- age   8:       4704 bytes,      49280 total
- age   9:       4648 bytes,      53928 total
- age  10:       4704 bytes,      58632 total
- age  11:       4704 bytes,      63336 total
- age  12:       4648 bytes,      67984 total
- age  13:       4704 bytes,      72688 total
- age  14:       4648 bytes,      77336 total
- age  15:       4704 bytes,      82040 total
: 2256K->80K(2432K), 0.0005466 secs] 7040K->4869K(7936K), 0.0006189 secs] [Times: user=0.00 sys=0.00, real=0.00 secs] 
2017-07-06T17:12:46.762+0900: 18.465: [GC2017-07-06T17:12:46.762+0900: 18.465: [DefNew
Desired survivor size 131072 bytes, new threshold 15 (max 15)
- age   1:      24400 bytes,      24400 total
- age   2:       4840 bytes,      29240 total
- age   3:       4704 bytes,      33944 total
- age   4:       4648 bytes,      38592 total
- age   5:       4704 bytes,      43296 total
- age   6:       4648 bytes,      47944 total
- age   7:       4704 bytes,      52648 total
- age   8:       4648 bytes,      57296 total
- age   9:       4704 bytes,      62000 total
- age  10:       4648 bytes,      66648 total
- age  11:       4704 bytes,      71352 total
- age  12:       4704 bytes,      76056 total
- age  13:       4648 bytes,      80704 total
- age  14:       4704 bytes,      85408 total
- age  15:       4648 bytes,      90056 total
: 2242K->87K(2432K), 0.0005231 secs] 7031K->4881K(7936K), 0.0005894 secs] [Times: user=0.00 sys=0.00, real=0.00 secs] 
2017-07-06T17:12:46.783+0900: 18.486: [GC2017-07-06T17:12:46.783+0900: 18.487: [DefNew
Desired survivor size 131072 bytes, new threshold 15 (max 15)
- age   1:      16384 bytes,      16384 total
- age   2:       4784 bytes,      21168 total
- age   3:       4704 bytes,      25872 total
- age   4:       4704 bytes,      30576 total
- age   5:       4648 bytes,      35224 total
- age   6:       4704 bytes,      39928 total
- age   7:       4648 bytes,      44576 total
- age   8:       4704 bytes,      49280 total
- age   9:       4648 bytes,      53928 total
- age  10:       4704 bytes,      58632 total
- age  11:       4648 bytes,      63280 total
- age  12:       4704 bytes,      67984 total
- age  13:       4704 bytes,      72688 total
- age  14:       4648 bytes,      77336 total
- age  15:       4704 bytes,      82040 total
: 2256K->80K(2432K), 0.0005286 secs] 7049K->4878K(7936K), 0.0005958 secs] [Times: user=0.02 sys=0.00, real=0.00 secs] 
2017-07-06T17:12:46.805+0900: 18.508: [GC2017-07-06T17:12:46.805+0900: 18.508: [DefNew
Desired survivor size 131072 bytes, new threshold 15 (max 15)
- age   1:      24400 bytes,      24400 total
- age   2:       4840 bytes,      29240 total
- age   3:       4648 bytes,      33888 total
- age   4:       4704 bytes,      38592 total
- age   5:       4704 bytes,      43296 total
- age   6:       4648 bytes,      47944 total
- age   7:       4704 bytes,      52648 total
- age   8:       4648 bytes,      57296 total
- age   9:       4704 bytes,      62000 total
- age  10:       4648 bytes,      66648 total
- age  11:       4704 bytes,      71352 total
- age  12:       4648 bytes,      76000 total
- age  13:       4704 bytes,      80704 total
- age  14:       4704 bytes,      85408 total
- age  15:       4648 bytes,      90056 total
: 2241K->87K(2432K), 0.0005098 secs] 7039K->4890K(7936K), 0.0005731 secs] [Times: user=0.00 sys=0.00, real=0.00 secs] 
2017-07-06T17:12:46.826+0900: 18.529: [GC2017-07-06T17:12:46.826+0900: 18.529: [DefNew
Desired survivor size 131072 bytes, new threshold 15 (max 15)
- age   1:      16384 bytes,      16384 total
- age   2:       4784 bytes,      21168 total
- age   3:       4704 bytes,      25872 total
- age   4:       4648 bytes,      30520 total
- age   5:       4704 bytes,      35224 total
- age   6:       4704 bytes,      39928 total
- age   7:       4648 bytes,      44576 total
- age   8:       4704 bytes,      49280 total
- age   9:       4648 bytes,      53928 total
- age  10:       4704 bytes,      58632 total
- age  11:       4648 bytes,      63280 total
- age  12:       4704 bytes,      67984 total
- age  13:       4648 bytes,      72632 total
- age  14:       4704 bytes,      77336 total
- age  15:       4704 bytes,      82040 total
: 2263K->80K(2432K), 0.0005256 secs] 7066K->4887K(7936K), 0.0005903 secs] [Times: user=0.00 sys=0.00, real=0.00 secs] 
2017-07-06T17:12:46.850+0900: 18.553: [GC2017-07-06T17:12:46.850+0900: 18.553: [DefNew
Desired survivor size 131072 bytes, new threshold 15 (max 15)
- age   1:      16384 bytes,      16384 total
- age   2:       4840 bytes,      21224 total
- age   3:       4648 bytes,      25872 total
- age   4:       4704 bytes,      30576 total
- age   5:       4648 bytes,      35224 total
- age   6:       4704 bytes,      39928 total
- age   7:       4704 bytes,      44632 total
- age   8:       4648 bytes,      49280 total
- age   9:       4704 bytes,      53984 total
- age  10:       4648 bytes,      58632 total
- age  11:       4704 bytes,      63336 total
- age  12:       4648 bytes,      67984 total
- age  13:       4704 bytes,      72688 total
- age  14:       4648 bytes,      77336 total
- age  15:       4704 bytes,      82040 total
: 2256K->80K(2432K), 0.0005667 secs] 7063K->4891K(7936K), 0.0006408 secs] [Times: user=0.00 sys=0.00, real=0.00 secs] 
2017-07-06T17:12:46.873+0900: 18.576: [GC2017-07-06T17:12:46.873+0900: 18.577: [DefNew
Desired survivor size 131072 bytes, new threshold 15 (max 15)
- age   1:      24400 bytes,      24400 total
- age   2:       4840 bytes,      29240 total
- age   3:       4704 bytes,      33944 total
- age   4:       4648 bytes,      38592 total
- age   5:       4704 bytes,      43296 total
- age   6:       4648 bytes,      47944 total
- age   7:       4704 bytes,      52648 total
- age   8:       4704 bytes,      57352 total
- age   9:       4648 bytes,      62000 total
- age  10:       4704 bytes,      66704 total
- age  11:       4648 bytes,      71352 total
- age  12:       4704 bytes,      76056 total
- age  13:       4648 bytes,      80704 total
- age  14:       4704 bytes,      85408 total
- age  15:       4648 bytes,      90056 total
: 2242K->87K(2432K), 0.0005466 secs] 7054K->4904K(7936K), 0.0006219 secs] [Times: user=0.00 sys=0.00, real=0.00 secs] 
2017-07-06T17:12:46.895+0900: 18.598: [GC2017-07-06T17:12:46.895+0900: 18.598: [DefNew
Desired survivor size 131072 bytes, new threshold 15 (max 15)
- age   1:      16384 bytes,      16384 total
- age   2:       4784 bytes,      21168 total
- age   3:       4704 bytes,      25872 total
- age   4:       4704 bytes,      30576 total
- age   5:       4648 bytes,      35224 total
- age   6:       4704 bytes,      39928 total
- age   7:       4648 bytes,      44576 total
- age   8:       4704 bytes,      49280 total
- age   9:       4704 bytes,      53984 total
- age  10:       4648 bytes,      58632 total
- age  11:       4704 bytes,      63336 total
- age  12:       4648 bytes,      67984 total
- age  13:       4704 bytes,      72688 total
- age  14:       4648 bytes,      77336 total
- age  15:       4704 bytes,      82040 total
: 2263K->80K(2432K), 0.0005265 secs] 7080K->4901K(7936K), 0.0005911 secs] [Times: user=0.00 sys=0.00, real=0.00 secs] 
2017-07-06T17:12:46.917+0900: 18.620: [GC2017-07-06T17:12:46.917+0900: 18.620: [DefNew
Desired survivor size 131072 bytes, new threshold 15 (max 15)
- age   1:      16384 bytes,      16384 total
- age   2:       4840 bytes,      21224 total
- age   3:       4648 bytes,      25872 total
- age   4:       4704 bytes,      30576 total
- age   5:       4704 bytes,      35280 total
- age   6:       4648 bytes,      39928 total
- age   7:       4704 bytes,      44632 total
- age   8:       4648 bytes,      49280 total
- age   9:       4704 bytes,      53984 total
- age  10:       4704 bytes,      58688 total
- age  11:       4648 bytes,      63336 total
- age  12:       4704 bytes,      68040 total
- age  13:       4648 bytes,      72688 total
- age  14:       4704 bytes,      77392 total
- age  15:       4648 bytes,      82040 total
: 2256K->80K(2432K), 0.0005128 secs] 7077K->4905K(7936K), 0.0005740 secs] [Times: user=0.00 sys=0.00, real=0.00 secs] 
2017-07-06T17:12:46.938+0900: 18.641: [GC2017-07-06T17:12:46.938+0900: 18.641: [DefNew
Desired survivor size 131072 bytes, new threshold 15 (max 15)
- age   1:      24400 bytes,      24400 total
- age   2:       4840 bytes,      29240 total
- age   3:       4704 bytes,      33944 total
- age   4:       4648 bytes,      38592 total
- age   5:       4704 bytes,      43296 total
- age   6:       4704 bytes,      48000 total
- age   7:       4648 bytes,      52648 total
- age   8:       4704 bytes,      57352 total
- age   9:       4648 bytes,      62000 total
- age  10:       4704 bytes,      66704 total
- age  11:       4704 bytes,      71408 total
- age  12:       4648 bytes,      76056 total
- age  13:       4704 bytes,      80760 total
- age  14:       4648 bytes,      85408 total
- age  15:       4704 bytes,      90112 total
: 2242K->88K(2432K), 0.0005085 secs] 7067K->4918K(7936K), 0.0005714 secs] [Times: user=0.00 sys=0.00, real=0.00 secs] 
2017-07-06T17:12:46.960+0900: 18.663: [GC2017-07-06T17:12:46.960+0900: 18.663: [DefNew
Desired survivor size 131072 bytes, new threshold 15 (max 15)
- age   1:      16384 bytes,      16384 total
- age   2:       4784 bytes,      21168 total
- age   3:       4704 bytes,      25872 total
- age   4:       4704 bytes,      30576 total
- age   5:       4648 bytes,      35224 total
- age   6:       4704 bytes,      39928 total
- age   7:       4704 bytes,      44632 total
- age   8:       4648 bytes,      49280 total
- age   9:       4704 bytes,      53984 total
- age  10:       4648 bytes,      58632 total
- age  11:       4704 bytes,      63336 total
- age  12:       4704 bytes,      68040 total
- age  13:       4648 bytes,      72688 total
- age  14:       4704 bytes,      77392 total
- age  15:       4648 bytes,      82040 total
: 2256K->80K(2432K), 0.0005654 secs] 7086K->4914K(7936K), 0.0006459 secs] [Times: user=0.00 sys=0.00, real=0.00 secs] 
2017-07-06T17:12:46.986+0900: 18.689: [GC2017-07-06T17:12:46.986+0900: 18.689: [DefNew
Desired survivor size 131072 bytes, new threshold 15 (max 15)
- age   1:      24400 bytes,      24400 total
- age   2:       4840 bytes,      29240 total
- age   3:       4648 bytes,      33888 total
- age   4:       4704 bytes,      38592 total
- age   5:       4704 bytes,      43296 total
- age   6:       4648 bytes,      47944 total
- age   7:       4704 bytes,      52648 total
- age   8:       4704 bytes,      57352 total
- age   9:       4648 bytes,      62000 total
- age  10:       4704 bytes,      66704 total
- age  11:       4648 bytes,      71352 total
- age  12:       4704 bytes,      76056 total
- age  13:       4704 bytes,      80760 total
- age  14:       4648 bytes,      85408 total
- age  15:       4704 bytes,      90112 total
: 2241K->88K(2432K), 0.0005440 secs] 7076K->4927K(7936K), 0.0006142 secs] [Times: user=0.00 sys=0.00, real=0.00 secs] 
2017-07-06T17:12:47.007+0900: 18.710: [GC2017-07-06T17:12:47.007+0900: 18.711: [DefNew
Desired survivor size 131072 bytes, new threshold 15 (max 15)
- age   1:      16384 bytes,      16384 total
- age   2:       4784 bytes,      21168 total
- age   3:       4704 bytes,      25872 total
- age   4:       4648 bytes,      30520 total
- age   5:       4704 bytes,      35224 total
- age   6:       4704 bytes,      39928 total
- age   7:       4648 bytes,      44576 total
- age   8:       4704 bytes,      49280 total
- age   9:       4704 bytes,      53984 total
- age  10:       4648 bytes,      58632 total
- age  11:       4704 bytes,      63336 total
- age  12:       4648 bytes,      67984 total
- age  13:       4704 bytes,      72688 total
- age  14:       4704 bytes,      77392 total
- age  15:       4648 bytes,      82040 total
: 2264K->80K(2432K), 0.0005338 secs] 7103K->4923K(7936K), 0.0006014 secs] [Times: user=0.00 sys=0.00, real=0.00 secs] 
2017-07-06T17:12:47.029+0900: 18.732: [GC2017-07-06T17:12:47.029+0900: 18.732: [DefNew
Desired survivor size 131072 bytes, new threshold 15 (max 15)
- age   1:      16384 bytes,      16384 total
- age   2:       4840 bytes,      21224 total
- age   3:       4648 bytes,      25872 total
- age   4:       4704 bytes,      30576 total
- age   5:       4648 bytes,      35224 total
- age   6:       4704 bytes,      39928 total
- age   7:       4704 bytes,      44632 total
- age   8:       4648 bytes,      49280 total
- age   9:       4704 bytes,      53984 total
- age  10:       4704 bytes,      58688 total
- age  11:       4648 bytes,      63336 total
- age  12:       4704 bytes,      68040 total
- age  13:       4648 bytes,      72688 total
- age  14:       4704 bytes,      77392 total
- age  15:       4704 bytes,      82096 total
: 2256K->80K(2432K), 0.0005329 secs] 7099K->4928K(7936K), 0.0005980 secs] [Times: user=0.00 sys=0.00, real=0.00 secs] 
2017-07-06T17:12:47.051+0900: 18.754: [GC2017-07-06T17:12:47.051+0900: 18.754: [DefNew
Desired survivor size 131072 bytes, new threshold 15 (max 15)
- age   1:      24400 bytes,      24400 total
- age   2:       4840 bytes,      29240 total
- age   3:       4704 bytes,      33944 total
- age   4:       4648 bytes,      38592 total
- age   5:       4704 bytes,      43296 total
- age   6:       4648 bytes,      47944 total
- age   7:       4704 bytes,      52648 total
- age   8:       4704 bytes,      57352 total
- age   9:       4648 bytes,      62000 total
- age  10:       4704 bytes,      66704 total
- age  11:       4704 bytes,      71408 total
- age  12:       4648 bytes,      76056 total
- age  13:       4704 bytes,      80760 total
- age  14:       4648 bytes,      85408 total
- age  15:       4704 bytes,      90112 total
: 2242K->88K(2432K), 0.0005055 secs] 7091K->4940K(7936K), 0.0005723 secs] [Times: user=0.00 sys=0.00, real=0.00 secs] 
2017-07-06T17:12:47.075+0900: 18.778: [GC2017-07-06T17:12:47.075+0900: 18.778: [DefNew
Desired survivor size 131072 bytes, new threshold 15 (max 15)
- age   1:      16384 bytes,      16384 total
- age   2:       4784 bytes,      21168 total
- age   3:       4704 bytes,      25872 total
- age   4:       4704 bytes,      30576 total
- age   5:       4648 bytes,      35224 total
- age   6:       4704 bytes,      39928 total
- age   7:       4648 bytes,      44576 total
- age   8:       4704 bytes,      49280 total
- age   9:       4704 bytes,      53984 total
- age  10:       4648 bytes,      58632 total
- age  11:       4704 bytes,      63336 total
- age  12:       4704 bytes,      68040 total
- age  13:       4648 bytes,      72688 total
- age  14:       4704 bytes,      77392 total
- age  15:       4648 bytes,      82040 total
: 2264K->80K(2432K), 0.0006339 secs] 7116K->4937K(7936K), 0.0007272 secs] [Times: user=0.00 sys=0.00, real=0.00 secs] 
2017-07-06T17:12:47.098+0900: 18.801: [GC2017-07-06T17:12:47.098+0900: 18.801: [DefNew
Desired survivor size 131072 bytes, new threshold 15 (max 15)
- age   1:      24400 bytes,      24400 total
- age   2:       4840 bytes,      29240 total
- age   3:       4648 bytes,      33888 total
- age   4:       4704 bytes,      38592 total
- age   5:       4704 bytes,      43296 total
- age   6:       4648 bytes,      47944 total
- age   7:       4704 bytes,      52648 total
- age   8:       4648 bytes,      57296 total
- age   9:       4704 bytes,      62000 total
- age  10:       4704 bytes,      66704 total
- age  11:       4648 bytes,      71352 total
- age  12:       4704 bytes,      76056 total
- age  13:       4704 bytes,      80760 total
- age  14:       4648 bytes,      85408 total
- age  15:       4704 bytes,      90112 total
: 2240K->88K(2432K), 0.0005466 secs] 7097K->4950K(7936K), 0.0006147 secs] [Times: user=0.00 sys=0.00, real=0.00 secs] 
2017-07-06T17:12:47.121+0900: 18.824: [GC2017-07-06T17:12:47.121+0900: 18.824: [DefNew
Desired survivor size 131072 bytes, new threshold 15 (max 15)
- age   1:      16384 bytes,      16384 total
- age   2:       4784 bytes,      21168 total
- age   3:       4704 bytes,      25872 total
- age   4:       4648 bytes,      30520 total
- age   5:       4704 bytes,      35224 total
- age   6:       4704 bytes,      39928 total
- age   7:       4648 bytes,      44576 total
- age   8:       4704 bytes,      49280 total
- age   9:       4648 bytes,      53928 total
- age  10:       4704 bytes,      58632 total
- age  11:       4704 bytes,      63336 total
- age  12:       4648 bytes,      67984 total
- age  13:       4704 bytes,      72688 total
- age  14:       4704 bytes,      77392 total
- age  15:       4648 bytes,      82040 total
: 2264K->80K(2432K), 0.0005616 secs] 7126K->4946K(7936K), 0.0006326 secs] [Times: user=0.00 sys=0.00, real=0.00 secs] 
2017-07-06T17:12:47.143+0900: 18.846: [GC2017-07-06T17:12:47.143+0900: 18.846: [DefNew
Desired survivor size 131072 bytes, new threshold 15 (max 15)
- age   1:      24400 bytes,      24400 total
- age   2:       4840 bytes,      29240 total
- age   3:       4648 bytes,      33888 total
- age   4:       4704 bytes,      38592 total
- age   5:       4648 bytes,      43240 total
- age   6:       4704 bytes,      47944 total
- age   7:       4704 bytes,      52648 total
- age   8:       4648 bytes,      57296 total
- age   9:       4704 bytes,      62000 total
- age  10:       4648 bytes,      66648 total
- age  11:       4704 bytes,      71352 total
- age  12:       4704 bytes,      76056 total
- age  13:       4648 bytes,      80704 total
- age  14:       4704 bytes,      85408 total
- age  15:       4704 bytes,      90112 total
: 2240K->88K(2432K), 0.0005051 secs] 7107K->4959K(7936K), 0.0005740 secs] [Times: user=0.00 sys=0.00, real=0.00 secs] 
2017-07-06T17:12:47.165+0900: 18.868: [GC2017-07-06T17:12:47.165+0900: 18.868: [DefNew
Desired survivor size 131072 bytes, new threshold 15 (max 15)
- age   1:      16384 bytes,      16384 total
- age   2:       4784 bytes,      21168 total
- age   3:       4704 bytes,      25872 total
- age   4:       4648 bytes,      30520 total
- age   5:       4704 bytes,      35224 total
- age   6:       4648 bytes,      39872 total
- age   7:       4704 bytes,      44576 total
- age   8:       4704 bytes,      49280 total
- age   9:       4648 bytes,      53928 total
- age  10:       4704 bytes,      58632 total
- age  11:       4648 bytes,      63280 total
- age  12:       4704 bytes,      67984 total
- age  13:       4704 bytes,      72688 total
- age  14:       4648 bytes,      77336 total
- age  15:       4704 bytes,      82040 total
: 2264K->80K(2432K), 0.0005000 secs] 7135K->4955K(7936K), 0.0005624 secs] [Times: user=0.00 sys=0.00, real=0.00 secs] 
2017-07-06T17:12:47.190+0900: 18.893: [GC2017-07-06T17:12:47.190+0900: 18.893: [DefNew
Desired survivor size 131072 bytes, new threshold 15 (max 15)
- age   1:      24400 bytes,      24400 total
- age   2:       4840 bytes,      29240 total
- age   3:       4648 bytes,      33888 total
- age   4:       4704 bytes,      38592 total
- age   5:       4648 bytes,      43240 total
- age   6:       4704 bytes,      47944 total
- age   7:       4648 bytes,      52592 total
- age   8:       4704 bytes,      57296 total
- age   9:       4704 bytes,      62000 total
- age  10:       4648 bytes,      66648 total
- age  11:       4704 bytes,      71352 total
- age  12:       4648 bytes,      76000 total
- age  13:       4704 bytes,      80704 total
- age  14:       4704 bytes,      85408 total
- age  15:       4648 bytes,      90056 total
: 2241K->87K(2432K), 0.0005826 secs] 7117K->4968K(7936K), 0.0006665 secs] [Times: user=0.00 sys=0.00, real=0.00 secs] 
2017-07-06T17:12:47.215+0900: 18.918: [GC2017-07-06T17:12:47.215+0900: 18.918: [DefNew
Desired survivor size 131072 bytes, new threshold 15 (max 15)
- age   1:      16384 bytes,      16384 total
- age   2:       4784 bytes,      21168 total
- age   3:       4704 bytes,      25872 total
- age   4:       4648 bytes,      30520 total
- age   5:       4704 bytes,      35224 total
- age   6:       4648 bytes,      39872 total
- age   7:       4704 bytes,      44576 total
- age   8:       4648 bytes,      49224 total
- age   9:       4704 bytes,      53928 total
- age  10:       4704 bytes,      58632 total
- age  11:       4648 bytes,      63280 total
- age  12:       4704 bytes,      67984 total
- age  13:       4648 bytes,      72632 total
- age  14:       4704 bytes,      77336 total
- age  15:       4704 bytes,      82040 total
: 2263K->80K(2432K), 0.0005393 secs] 7144K->4964K(7936K), 0.0006095 secs] [Times: user=0.00 sys=0.00, real=0.00 secs] 
2017-07-06T17:12:47.238+0900: 18.941: [GC2017-07-06T17:12:47.238+0900: 18.941: [DefNew
Desired survivor size 131072 bytes, new threshold 15 (max 15)
- age   1:      16384 bytes,      16384 total
- age   2:       4840 bytes,      21224 total
- age   3:       4648 bytes,      25872 total
- age   4:       4704 bytes,      30576 total
- age   5:       4648 bytes,      35224 total
- age   6:       4704 bytes,      39928 total
- age   7:       4648 bytes,      44576 total
- age   8:       4704 bytes,      49280 total
- age   9:       4648 bytes,      53928 total
- age  10:       4704 bytes,      58632 total
- age  11:       4704 bytes,      63336 total
- age  12:       4648 bytes,      67984 total
- age  13:       4704 bytes,      72688 total
- age  14:       4648 bytes,      77336 total
- age  15:       4704 bytes,      82040 total
: 2256K->80K(2432K), 0.0005132 secs] 7140K->4969K(7936K), 0.0005779 secs] [Times: user=0.00 sys=0.00, real=0.00 secs] 
2017-07-06T17:12:47.260+0900: 18.963: [GC2017-07-06T17:12:47.260+0900: 18.963: [DefNew
Desired survivor size 131072 bytes, new threshold 15 (max 15)
- age   1:      24400 bytes,      24400 total
- age   2:       4840 bytes,      29240 total
- age   3:       4704 bytes,      33944 total
- age   4:       4648 bytes,      38592 total
- age   5:       4704 bytes,      43296 total
- age   6:       4648 bytes,      47944 total
- age   7:       4704 bytes,      52648 total
- age   8:       4648 bytes,      57296 total
- age   9:       4704 bytes,      62000 total
- age  10:       4648 bytes,      66648 total
- age  11:       4704 bytes,      71352 total
- age  12:       4704 bytes,      76056 total
- age  13:       4648 bytes,      80704 total
- age  14:       4704 bytes,      85408 total
- age  15:       4648 bytes,      90056 total
: 2243K->87K(2432K), 0.0005081 secs] 7132K->4982K(7936K), 0.0005749 secs] [Times: user=0.00 sys=0.00, real=0.00 secs] 
2017-07-06T17:12:47.282+0900: 18.985: [GC2017-07-06T17:12:47.282+0900: 18.985: [DefNew
Desired survivor size 131072 bytes, new threshold 15 (max 15)
- age   1:      16384 bytes,      16384 total
- age   2:       4784 bytes,      21168 total
- age   3:       4704 bytes,      25872 total
- age   4:       4704 bytes,      30576 total
- age   5:       4648 bytes,      35224 total
- age   6:       4704 bytes,      39928 total
- age   7:       4648 bytes,      44576 total
- age   8:       4704 bytes,      49280 total
- age   9:       4648 bytes,      53928 total
- age  10:       4704 bytes,      58632 total
- age  11:       4648 bytes,      63280 total
- age  12:       4704 bytes,      67984 total
- age  13:       4704 bytes,      72688 total
- age  14:       4648 bytes,      77336 total
- age  15:       4704 bytes,      82040 total
: 2256K->80K(2432K), 0.0005042 secs] 7150K->4978K(7936K), 0.0005654 secs] [Times: user=0.00 sys=0.00, real=0.00 secs] 
2017-07-06T17:12:47.308+0900: 19.012: [GC2017-07-06T17:12:47.309+0900: 19.012: [DefNew
Desired survivor size 131072 bytes, new threshold 15 (max 15)
- age   1:      24400 bytes,      24400 total
- age   2:       4840 bytes,      29240 total
- age   3:       4648 bytes,      33888 total
- age   4:       4704 bytes,      38592 total
- age   5:       4704 bytes,      43296 total
- age   6:       4648 bytes,      47944 total
- age   7:       4704 bytes,      52648 total
- age   8:       4648 bytes,      57296 total
- age   9:       4704 bytes,      62000 total
- age  10:       4648 bytes,      66648 total
- age  11:       4704 bytes,      71352 total
- age  12:       4648 bytes,      76000 total
- age  13:       4704 bytes,      80704 total
- age  14:       4704 bytes,      85408 total
- age  15:       4648 bytes,      90056 total
: 2241K->87K(2432K), 0.0006237 secs] 7139K->4991K(7936K), 0.0007183 secs] [Times: user=0.00 sys=0.00, real=0.00 secs] 
2017-07-06T17:12:47.335+0900: 19.038: [GC2017-07-06T17:12:47.335+0900: 19.038: [DefNew
Desired survivor size 131072 bytes, new threshold 15 (max 15)
- age   1:      16384 bytes,      16384 total
- age   2:       4784 bytes,      21168 total
- age   3:       4704 bytes,      25872 total
- age   4:       4648 bytes,      30520 total
- age   5:       4704 bytes,      35224 total
- age   6:       4704 bytes,      39928 total
- age   7:       4648 bytes,      44576 total
- age   8:       4704 bytes,      49280 total
- age   9:       4648 bytes,      53928 total
- age  10:       4704 bytes,      58632 total
- age  11:       4648 bytes,      63280 total
- age  12:       4704 bytes,      67984 total
- age  13:       4648 bytes,      72632 total
- age  14:       4704 bytes,      77336 total
- age  15:       4704 bytes,      82040 total
: 2263K->80K(2432K), 0.0005398 secs] 7167K->4987K(7936K), 0.0006061 secs] [Times: user=0.00 sys=0.00, real=0.00 secs] 
2017-07-06T17:12:47.357+0900: 19.060: [GC2017-07-06T17:12:47.357+0900: 19.060: [DefNew
Desired survivor size 131072 bytes, new threshold 15 (max 15)
- age   1:      24400 bytes,      24400 total
- age   2:       4840 bytes,      29240 total
- age   3:       4648 bytes,      33888 total
- age   4:       4704 bytes,      38592 total
- age   5:       4648 bytes,      43240 total
- age   6:       4704 bytes,      47944 total
- age   7:       4704 bytes,      52648 total
- age   8:       4648 bytes,      57296 total
- age   9:       4704 bytes,      62000 total
- age  10:       4648 bytes,      66648 total
- age  11:       4704 bytes,      71352 total
- age  12:       4648 bytes,      76000 total
- age  13:       4704 bytes,      80704 total
- age  14:       4648 bytes,      85352 total
- age  15:       4704 bytes,      90056 total
: 2241K->87K(2432K), 0.0005231 secs] 7148K->5000K(7936K), 0.0005941 secs] [Times: user=0.00 sys=0.00, real=0.00 secs] 
2017-07-06T17:12:47.379+0900: 19.082: [GC2017-07-06T17:12:47.379+0900: 19.082: [DefNew
Desired survivor size 131072 bytes, new threshold 15 (max 15)
- age   1:      16384 bytes,      16384 total
- age   2:       4784 bytes,      21168 total
- age   3:       4704 bytes,      25872 total
- age   4:       4648 bytes,      30520 total
- age   5:       4704 bytes,      35224 total
- age   6:       4648 bytes,      39872 total
- age   7:       4704 bytes,      44576 total
- age   8:       4704 bytes,      49280 total
- age   9:       4648 bytes,      53928 total
- age  10:       4704 bytes,      58632 total
- age  11:       4648 bytes,      63280 total
- age  12:       4704 bytes,      67984 total
- age  13:       4648 bytes,      72632 total
- age  14:       4704 bytes,      77336 total
- age  15:       4648 bytes,      81984 total
: 2263K->80K(2432K), 0.0005111 secs] 7176K->4996K(7936K), 0.0005761 secs] [Times: user=0.00 sys=0.00, real=0.00 secs] 
2017-07-06T17:12:47.402+0900: 19.105: [GC2017-07-06T17:12:47.402+0900: 19.105: [DefNew
Desired survivor size 131072 bytes, new threshold 15 (max 15)
- age   1:      16384 bytes,      16384 total
- age   2:       4840 bytes,      21224 total
- age   3:       4648 bytes,      25872 total
- age   4:       4704 bytes,      30576 total
- age   5:       4648 bytes,      35224 total
- age   6:       4704 bytes,      39928 total
- age   7:       4648 bytes,      44576 total
- age   8:       4704 bytes,      49280 total
- age   9:       4704 bytes,      53984 total
- age  10:       4648 bytes,      58632 total
- age  11:       4704 bytes,      63336 total
- age  12:       4648 bytes,      67984 total
- age  13:       4704 bytes,      72688 total
- age  14:       4648 bytes,      77336 total
- age  15:       4704 bytes,      82040 total
: 2256K->80K(2432K), 0.0005453 secs] 7172K->5001K(7936K), 0.0006125 secs] [Times: user=0.00 sys=0.00, real=0.00 secs] 
2017-07-06T17:12:47.444+0900: 19.147: [GC2017-07-06T17:12:47.444+0900: 19.147: [DefNew
Desired survivor size 131072 bytes, new threshold 15 (max 15)
- age   1:      24400 bytes,      24400 total
- age   2:       4840 bytes,      29240 total
- age   3:       4704 bytes,      33944 total
- age   4:       4648 bytes,      38592 total
- age   5:       4704 bytes,      43296 total
- age   6:       4648 bytes,      47944 total
- age   7:       4704 bytes,      52648 total
- age   8:       4648 bytes,      57296 total
- age   9:       4704 bytes,      62000 total
- age  10:       4704 bytes,      66704 total
- age  11:       4648 bytes,      71352 total
- age  12:       4704 bytes,      76056 total
- age  13:       4648 bytes,      80704 total
- age  14:       4704 bytes,      85408 total
- age  15:       4648 bytes,      90056 total
: 2243K->87K(2432K), 0.0005693 secs] 7164K->5013K(7936K), 0.0006588 secs] [Times: user=0.00 sys=0.00, real=0.00 secs] 
2017-07-06T17:12:47.470+0900: 19.173: [GC2017-07-06T17:12:47.470+0900: 19.173: [DefNew
Desired survivor size 131072 bytes, new threshold 15 (max 15)
- age   1:      16384 bytes,      16384 total
- age   2:       4784 bytes,      21168 total
- age   3:       4704 bytes,      25872 total
- age   4:       4704 bytes,      30576 total
- age   5:       4648 bytes,      35224 total
- age   6:       4704 bytes,      39928 total
- age   7:       4648 bytes,      44576 total
- age   8:       4704 bytes,      49280 total
- age   9:       4648 bytes,      53928 total
- age  10:       4704 bytes,      58632 total
- age  11:       4704 bytes,      63336 total
- age  12:       4648 bytes,      67984 total
- age  13:       4704 bytes,      72688 total
- age  14:       4648 bytes,      77336 total
- age  15:       4704 bytes,      82040 total
: 2256K->80K(2432K), 0.0005612 secs] 7182K->5010K(7936K), 0.0006493 secs] [Times: user=0.03 sys=0.00, real=0.00 secs] 
2017-07-06T17:12:47.495+0900: 19.198: [GC2017-07-06T17:12:47.495+0900: 19.198: [DefNew
Desired survivor size 131072 bytes, new threshold 15 (max 15)
- age   1:      24400 bytes,      24400 total
- age   2:       4840 bytes,      29240 total
- age   3:       4648 bytes,      33888 total
- age   4:       4704 bytes,      38592 total
- age   5:       4704 bytes,      43296 total
- age   6:       4648 bytes,      47944 total
- age   7:       4704 bytes,      52648 total
- age   8:       4648 bytes,      57296 total
- age   9:       4704 bytes,      62000 total
- age  10:       4648 bytes,      66648 total
- age  11:       4704 bytes,      71352 total
- age  12:       4704 bytes,      76056 total
- age  13:       4648 bytes,      80704 total
- age  14:       4704 bytes,      85408 total
- age  15:       4648 bytes,      90056 total
: 2241K->87K(2432K), 0.0006870 secs] 7171K->5023K(7936K), 0.0007769 secs] [Times: user=0.00 sys=0.00, real=0.00 secs] 
2017-07-06T17:12:47.518+0900: 19.221: [GC2017-07-06T17:12:47.518+0900: 19.221: [DefNew
Desired survivor size 131072 bytes, new threshold 15 (max 15)
- age   1:      16384 bytes,      16384 total
- age   2:       4784 bytes,      21168 total
- age   3:       4704 bytes,      25872 total
- age   4:       4648 bytes,      30520 total
- age   5:       4704 bytes,      35224 total
- age   6:       4704 bytes,      39928 total
- age   7:       4648 bytes,      44576 total
- age   8:       4704 bytes,      49280 total
- age   9:       4648 bytes,      53928 total
- age  10:       4704 bytes,      58632 total
- age  11:       4648 bytes,      63280 total
- age  12:       4704 bytes,      67984 total
- age  13:       4704 bytes,      72688 total
- age  14:       4648 bytes,      77336 total
- age  15:       4704 bytes,      82040 total
: 2263K->80K(2432K), 0.0005303 secs] 7199K->5019K(7936K), 0.0005980 secs] [Times: user=0.00 sys=0.00, real=0.00 secs] 
2017-07-06T17:12:47.540+0900: 19.243: [GC2017-07-06T17:12:47.540+0900: 19.243: [DefNew
Desired survivor size 131072 bytes, new threshold 15 (max 15)
- age   1:      24400 bytes,      24400 total
- age   2:       4840 bytes,      29240 total
- age   3:       4648 bytes,      33888 total
- age   4:       4704 bytes,      38592 total
- age   5:       4648 bytes,      43240 total
- age   6:       4704 bytes,      47944 total
- age   7:       4704 bytes,      52648 total
- age   8:       4648 bytes,      57296 total
- age   9:       4704 bytes,      62000 total
- age  10:       4648 bytes,      66648 total
- age  11:       4704 bytes,      71352 total
- age  12:       4648 bytes,      76000 total
- age  13:       4704 bytes,      80704 total
- age  14:       4704 bytes,      85408 total
- age  15:       4648 bytes,      90056 total
: 2241K->87K(2432K), 0.0005038 secs] 7180K->5032K(7936K), 0.0005680 secs] [Times: user=0.00 sys=0.00, real=0.00 secs] 
2017-07-06T17:12:47.566+0900: 19.269: [GC2017-07-06T17:12:47.566+0900: 19.269: [DefNew
Desired survivor size 131072 bytes, new threshold 15 (max 15)
- age   1:      16384 bytes,      16384 total
- age   2:       4784 bytes,      21168 total
- age   3:       4704 bytes,      25872 total
- age   4:       4648 bytes,      30520 total
- age   5:       4704 bytes,      35224 total
- age   6:       4648 bytes,      39872 total
- age   7:       4704 bytes,      44576 total
- age   8:       4704 bytes,      49280 total
- age   9:       4648 bytes,      53928 total
- age  10:       4704 bytes,      58632 total
- age  11:       4648 bytes,      63280 total
- age  12:       4704 bytes,      67984 total
- age  13:       4648 bytes,      72632 total
- age  14:       4704 bytes,      77336 total
- age  15:       4704 bytes,      82040 total
: 2263K->80K(2432K), 0.0005689 secs] 7208K->5028K(7936K), 0.0006566 secs] [Times: user=0.00 sys=0.00, real=0.00 secs] 
2017-07-06T17:12:47.589+0900: 19.292: [GC2017-07-06T17:12:47.589+0900: 19.292: [DefNew
Desired survivor size 131072 bytes, new threshold 15 (max 15)
- age   1:      16384 bytes,      16384 total
- age   2:       4840 bytes,      21224 total
- age   3:       4648 bytes,      25872 total
- age   4:       4704 bytes,      30576 total
- age   5:       4648 bytes,      35224 total
- age   6:       4704 bytes,      39928 total
- age   7:       4648 bytes,      44576 total
- age   8:       4704 bytes,      49280 total
- age   9:       4704 bytes,      53984 total
- age  10:       4648 bytes,      58632 total
- age  11:       4704 bytes,      63336 total
- age  12:       4648 bytes,      67984 total
- age  13:       4704 bytes,      72688 total
- age  14:       4648 bytes,      77336 total
- age  15:       4704 bytes,      82040 total
: 2256K->80K(2432K), 0.0005226 secs] 7204K->5033K(7936K), 0.0005898 secs] [Times: user=0.00 sys=0.00, real=0.00 secs] 
2017-07-06T17:12:47.611+0900: 19.314: [GC2017-07-06T17:12:47.611+0900: 19.314: [DefNew
Desired survivor size 131072 bytes, new threshold 15 (max 15)
- age   1:      24400 bytes,      24400 total
- age   2:       4840 bytes,      29240 total
- age   3:       4704 bytes,      33944 total
- age   4:       4648 bytes,      38592 total
- age   5:       4704 bytes,      43296 total
- age   6:       4648 bytes,      47944 total
- age   7:       4704 bytes,      52648 total
- age   8:       4648 bytes,      57296 total
- age   9:       4704 bytes,      62000 total
- age  10:       4704 bytes,      66704 total
- age  11:       4648 bytes,      71352 total
- age  12:       4704 bytes,      76056 total
- age  13:       4648 bytes,      80704 total
- age  14:       4704 bytes,      85408 total
- age  15:       4648 bytes,      90056 total
: 2243K->87K(2432K), 0.0005025 secs] 7196K->5045K(7936K), 0.0005650 secs] [Times: user=0.00 sys=0.00, real=0.00 secs] 
2017-07-06T17:12:47.633+0900: 19.336: [GC2017-07-06T17:12:47.633+0900: 19.336: [DefNew
Desired survivor size 131072 bytes, new threshold 15 (max 15)
- age   1:      16384 bytes,      16384 total
- age   2:       4784 bytes,      21168 total
- age   3:       4704 bytes,      25872 total
- age   4:       4704 bytes,      30576 total
- age   5:       4648 bytes,      35224 total
- age   6:       4704 bytes,      39928 total
- age   7:       4648 bytes,      44576 total
- age   8:       4704 bytes,      49280 total
- age   9:       4648 bytes,      53928 total
- age  10:       4704 bytes,      58632 total
- age  11:       4704 bytes,      63336 total
- age  12:       4648 bytes,      67984 total
- age  13:       4704 bytes,      72688 total
- age  14:       4648 bytes,      77336 total
- age  15:       4704 bytes,      82040 total
: 2256K->80K(2432K), 0.0004957 secs] 7214K->5042K(7936K), 0.0005565 secs] [Times: user=0.00 sys=0.00, real=0.00 secs] 
2017-07-06T17:12:47.655+0900: 19.358: [GC2017-07-06T17:12:47.655+0900: 19.358: [DefNew
Desired survivor size 131072 bytes, new threshold 15 (max 15)
- age   1:      24400 bytes,      24400 total
- age   2:       4840 bytes,      29240 total
- age   3:       4648 bytes,      33888 total
- age   4:       4704 bytes,      38592 total
- age   5:       4704 bytes,      43296 total
- age   6:       4648 bytes,      47944 total
- age   7:       4704 bytes,      52648 total
- age   8:       4648 bytes,      57296 total
- age   9:       4704 bytes,      62000 total
- age  10:       4648 bytes,      66648 total
- age  11:       4704 bytes,      71352 total
- age  12:       4704 bytes,      76056 total
- age  13:       4648 bytes,      80704 total
- age  14:       4704 bytes,      85408 total
- age  15:       4648 bytes,      90056 total
: 2241K->87K(2432K), 0.0004944 secs] 7203K->5055K(7936K), 0.0005603 secs] [Times: user=0.00 sys=0.00, real=0.00 secs] 
2017-07-06T17:12:47.679+0900: 19.383: [GC2017-07-06T17:12:47.680+0900: 19.383: [DefNew
Desired survivor size 131072 bytes, new threshold 15 (max 15)
- age   1:      16384 bytes,      16384 total
- age   2:       4784 bytes,      21168 total
- age   3:       4704 bytes,      25872 total
- age   4:       4648 bytes,      30520 total
- age   5:       4704 bytes,      35224 total
- age   6:       4704 bytes,      39928 total
- age   7:       4648 bytes,      44576 total
- age   8:       4704 bytes,      49280 total
- age   9:       4648 bytes,      53928 total
- age  10:       4704 bytes,      58632 total
- age  11:       4648 bytes,      63280 total
- age  12:       4704 bytes,      67984 total
- age  13:       4704 bytes,      72688 total
- age  14:       4648 bytes,      77336 total
- age  15:       4704 bytes,      82040 total
: 2263K->80K(2432K), 0.0005475 secs] 7231K->5051K(7936K), 0.0006425 secs] [Times: user=0.00 sys=0.00, real=0.00 secs] 
2017-07-06T17:12:47.705+0900: 19.408: [GC2017-07-06T17:12:47.705+0900: 19.408: [DefNew
Desired survivor size 131072 bytes, new threshold 15 (max 15)
- age   1:      24400 bytes,      24400 total
- age   2:       4840 bytes,      29240 total
- age   3:       4648 bytes,      33888 total
- age   4:       4704 bytes,      38592 total
- age   5:       4648 bytes,      43240 total
- age   6:       4704 bytes,      47944 total
- age   7:       4704 bytes,      52648 total
- age   8:       4648 bytes,      57296 total
- age   9:       4704 bytes,      62000 total
- age  10:       4648 bytes,      66648 total
- age  11:       4704 bytes,      71352 total
- age  12:       4648 bytes,      76000 total
- age  13:       4704 bytes,      80704 total
- age  14:       4704 bytes,      85408 total
- age  15:       4648 bytes,      90056 total
: 2241K->87K(2432K), 0.0005359 secs] 7212K->5064K(7936K), 0.0006177 secs] [Times: user=0.00 sys=0.00, real=0.00 secs] 
2017-07-06T17:12:47.727+0900: 19.430: [GC2017-07-06T17:12:47.727+0900: 19.430: [DefNew
Desired survivor size 131072 bytes, new threshold 15 (max 15)
- age   1:      16384 bytes,      16384 total
- age   2:       4784 bytes,      21168 total
- age   3:       4704 bytes,      25872 total
- age   4:       4648 bytes,      30520 total
- age   5:       4704 bytes,      35224 total
- age   6:       4648 bytes,      39872 total
- age   7:       4704 bytes,      44576 total
- age   8:       4704 bytes,      49280 total
- age   9:       4648 bytes,      53928 total
- age  10:       4704 bytes,      58632 total
- age  11:       4648 bytes,      63280 total
- age  12:       4704 bytes,      67984 total
- age  13:       4648 bytes,      72632 total
- age  14:       4704 bytes,      77336 total
- age  15:       4704 bytes,      82040 total
: 2263K->80K(2432K), 0.0005295 secs] 7240K->5060K(7936K), 0.0005950 secs] [Times: user=0.00 sys=0.00, real=0.00 secs] 
2017-07-06T17:12:47.749+0900: 19.452: [GC2017-07-06T17:12:47.749+0900: 19.452: [DefNew
Desired survivor size 131072 bytes, new threshold 15 (max 15)
- age   1:      16384 bytes,      16384 total
- age   2:       4840 bytes,      21224 total
- age   3:       4648 bytes,      25872 total
- age   4:       4704 bytes,      30576 total
- age   5:       4648 bytes,      35224 total
- age   6:       4704 bytes,      39928 total
- age   7:       4648 bytes,      44576 total
- age   8:       4704 bytes,      49280 total
- age   9:       4704 bytes,      53984 total
- age  10:       4648 bytes,      58632 total
- age  11:       4704 bytes,      63336 total
- age  12:       4648 bytes,      67984 total
- age  13:       4704 bytes,      72688 total
- age  14:       4648 bytes,      77336 total
- age  15:       4704 bytes,      82040 total
: 2256K->80K(2432K), 0.0005145 secs] 7236K->5065K(7936K), 0.0005770 secs] [Times: user=0.00 sys=0.00, real=0.00 secs] 
2017-07-06T17:12:47.770+0900: 19.473: [GC2017-07-06T17:12:47.770+0900: 19.473: [DefNew
Desired survivor size 131072 bytes, new threshold 15 (max 15)
- age   1:      24400 bytes,      24400 total
- age   2:       4840 bytes,      29240 total
- age   3:       4704 bytes,      33944 total
- age   4:       4648 bytes,      38592 total
- age   5:       4704 bytes,      43296 total
- age   6:       4648 bytes,      47944 total
- age   7:       4704 bytes,      52648 total
- age   8:       4648 bytes,      57296 total
- age   9:       4704 bytes,      62000 total
- age  10:       4704 bytes,      66704 total
- age  11:       4648 bytes,      71352 total
- age  12:       4704 bytes,      76056 total
- age  13:       4648 bytes,      80704 total
- age  14:       4704 bytes,      85408 total
- age  15:       4648 bytes,      90056 total
: 2242K->87K(2432K), 0.0005111 secs] 7227K->5077K(7936K), 0.0005753 secs] [Times: user=0.00 sys=0.00, real=0.00 secs] 
2017-07-06T17:12:47.792+0900: 19.495: [GC2017-07-06T17:12:47.792+0900: 19.495: [DefNew
Desired survivor size 131072 bytes, new threshold 15 (max 15)
- age   1:      16384 bytes,      16384 total
- age   2:       4784 bytes,      21168 total
- age   3:       4704 bytes,      25872 total
- age   4:       4704 bytes,      30576 total
- age   5:       4648 bytes,      35224 total
- age   6:       4704 bytes,      39928 total
- age   7:       4648 bytes,      44576 total
- age   8:       4704 bytes,      49280 total
- age   9:       4648 bytes,      53928 total
- age  10:       4704 bytes,      58632 total
- age  11:       4704 bytes,      63336 total
- age  12:       4648 bytes,      67984 total
- age  13:       4704 bytes,      72688 total
- age  14:       4648 bytes,      77336 total
- age  15:       4704 bytes,      82040 total
: 2256K->80K(2432K), 0.0005428 secs] 7246K->5074K(7936K), 0.0006130 secs] [Times: user=0.00 sys=0.00, real=0.00 secs] 
2017-07-06T17:12:47.816+0900: 19.519: [GC2017-07-06T17:12:47.816+0900: 19.519: [DefNew
Desired survivor size 131072 bytes, new threshold 15 (max 15)
- age   1:      24400 bytes,      24400 total
- age   2:       4840 bytes,      29240 total
- age   3:       4648 bytes,      33888 total
- age   4:       4704 bytes,      38592 total
- age   5:       4704 bytes,      43296 total
- age   6:       4648 bytes,      47944 total
- age   7:       4704 bytes,      52648 total
- age   8:       4648 bytes,      57296 total
- age   9:       4704 bytes,      62000 total
- age  10:       4648 bytes,      66648 total
- age  11:       4704 bytes,      71352 total
- age  12:       4704 bytes,      76056 total
- age  13:       4648 bytes,      80704 total
- age  14:       4704 bytes,      85408 total
- age  15:       4648 bytes,      90056 total
: 2241K->87K(2432K), 0.0005813 secs] 7235K->5087K(7936K), 0.0006622 secs] [Times: user=0.00 sys=0.00, real=0.00 secs] 
2017-07-06T17:12:47.840+0900: 19.543: [GC2017-07-06T17:12:47.840+0900: 19.543: [DefNew
Desired survivor size 131072 bytes, new threshold 15 (max 15)
- age   1:      16384 bytes,      16384 total
- age   2:       4784 bytes,      21168 total
- age   3:       4704 bytes,      25872 total
- age   4:       4648 bytes,      30520 total
- age   5:       4704 bytes,      35224 total
- age   6:       4704 bytes,      39928 total
- age   7:       4648 bytes,      44576 total
- age   8:       4704 bytes,      49280 total
- age   9:       4648 bytes,      53928 total
- age  10:       4704 bytes,      58632 total
- age  11:       4648 bytes,      63280 total
- age  12:       4704 bytes,      67984 total
- age  13:       4704 bytes,      72688 total
- age  14:       4648 bytes,      77336 total
- age  15:       4704 bytes,      82040 total
: 2263K->80K(2432K), 0.0005440 secs] 7263K->5083K(7936K), 0.0006125 secs] [Times: user=0.00 sys=0.00, real=0.00 secs] 
2017-07-06T17:12:47.862+0900: 19.565: [GC2017-07-06T17:12:47.862+0900: 19.565: [DefNew
Desired survivor size 131072 bytes, new threshold 15 (max 15)
- age   1:      16384 bytes,      16384 total
- age   2:       4840 bytes,      21224 total
- age   3:       4648 bytes,      25872 total
- age   4:       4704 bytes,      30576 total
- age   5:       4648 bytes,      35224 total
- age   6:       4704 bytes,      39928 total
- age   7:       4704 bytes,      44632 total
- age   8:       4648 bytes,      49280 total
- age   9:       4704 bytes,      53984 total
- age  10:       4648 bytes,      58632 total
- age  11:       4704 bytes,      63336 total
- age  12:       4648 bytes,      67984 total
- age  13:       4704 bytes,      72688 total
- age  14:       4704 bytes,      77392 total
- age  15:       4648 bytes,      82040 total
: 2256K->80K(2432K), 0.0005325 secs] 7259K->5088K(7936K), 0.0006044 secs] [Times: user=0.00 sys=0.00, real=0.00 secs] 
2017-07-06T17:12:47.883+0900: 19.586: [GC2017-07-06T17:12:47.883+0900: 19.586: [DefNew
Desired survivor size 131072 bytes, new threshold 15 (max 15)
- age   1:      24400 bytes,      24400 total
- age   2:       4840 bytes,      29240 total
- age   3:       4704 bytes,      33944 total
- age   4:       4648 bytes,      38592 total
- age   5:       4704 bytes,      43296 total
- age   6:       4648 bytes,      47944 total
- age   7:       4704 bytes,      52648 total
- age   8:       4704 bytes,      57352 total
- age   9:       4648 bytes,      62000 total
- age  10:       4704 bytes,      66704 total
- age  11:       4648 bytes,      71352 total
- age  12:       4704 bytes,      76056 total
- age  13:       4648 bytes,      80704 total
- age  14:       4704 bytes,      85408 total
- age  15:       4704 bytes,      90112 total
: 2242K->88K(2432K), 0.0005175 secs] 7250K->5100K(7936K), 0.0005783 secs] [Times: user=0.00 sys=0.00, real=0.00 secs] 
2017-07-06T17:12:47.906+0900: 19.609: [GC2017-07-06T17:12:47.906+0900: 19.609: [DefNew
Desired survivor size 131072 bytes, new threshold 15 (max 15)
- age   1:      16384 bytes,      16384 total
- age   2:       4784 bytes,      21168 total
- age   3:       4704 bytes,      25872 total
- age   4:       4704 bytes,      30576 total
- age   5:       4648 bytes,      35224 total
- age   6:       4704 bytes,      39928 total
- age   7:       4648 bytes,      44576 total
- age   8:       4704 bytes,      49280 total
- age   9:       4704 bytes,      53984 total
- age  10:       4648 bytes,      58632 total
- age  11:       4704 bytes,      63336 total
- age  12:       4648 bytes,      67984 total
- age  13:       4704 bytes,      72688 total
- age  14:       4648 bytes,      77336 total
- age  15:       4704 bytes,      82040 total
: 2264K->80K(2432K), 0.0005475 secs] 7276K->5097K(7936K), 0.0006202 secs] [Times: user=0.00 sys=0.00, real=0.00 secs] 
2017-07-06T17:12:47.930+0900: 19.633: [GC2017-07-06T17:12:47.930+0900: 19.633: [DefNew
Desired survivor size 131072 bytes, new threshold 15 (max 15)
- age   1:      16384 bytes,      16384 total
- age   2:       4840 bytes,      21224 total
- age   3:       4648 bytes,      25872 total
- age   4:       4704 bytes,      30576 total
- age   5:       4704 bytes,      35280 total
- age   6:       4648 bytes,      39928 total
- age   7:       4704 bytes,      44632 total
- age   8:       4648 bytes,      49280 total
- age   9:       4704 bytes,      53984 total
- age  10:       4704 bytes,      58688 total
- age  11:       4648 bytes,      63336 total
- age  12:       4704 bytes,      68040 total
- age  13:       4648 bytes,      72688 total
- age  14:       4704 bytes,      77392 total
- age  15:       4648 bytes,      82040 total
: 2256K->80K(2432K), 0.0005483 secs] 7273K->5102K(7936K), 0.0006164 secs] [Times: user=0.00 sys=0.00, real=0.00 secs] 
2017-07-06T17:12:47.952+0900: 19.655: [GC2017-07-06T17:12:47.952+0900: 19.655: [DefNew
Desired survivor size 131072 bytes, new threshold 15 (max 15)
- age   1:      24400 bytes,      24400 total
- age   2:       4840 bytes,      29240 total
- age   3:       4704 bytes,      33944 total
- age   4:       4648 bytes,      38592 total
- age   5:       4704 bytes,      43296 total
- age   6:       4704 bytes,      48000 total
- age   7:       4648 bytes,      52648 total
- age   8:       4704 bytes,      57352 total
- age   9:       4648 bytes,      62000 total
- age  10:       4704 bytes,      66704 total
- age  11:       4704 bytes,      71408 total
- age  12:       4648 bytes,      76056 total
- age  13:       4704 bytes,      80760 total
- age  14:       4648 bytes,      85408 total
- age  15:       4704 bytes,      90112 total
: 2242K->88K(2432K), 0.0005226 secs] 7264K->5114K(7936K), 0.0005928 secs] [Times: user=0.00 sys=0.00, real=0.00 secs] 
2017-07-06T17:12:47.974+0900: 19.677: [GC2017-07-06T17:12:47.974+0900: 19.677: [DefNew
Desired survivor size 131072 bytes, new threshold 15 (max 15)
- age   1:      16384 bytes,      16384 total
- age   2:       4784 bytes,      21168 total
- age   3:       4704 bytes,      25872 total
- age   4:       4704 bytes,      30576 total
- age   5:       4648 bytes,      35224 total
- age   6:       4704 bytes,      39928 total
- age   7:       4704 bytes,      44632 total
- age   8:       4648 bytes,      49280 total
- age   9:       4704 bytes,      53984 total
- age  10:       4648 bytes,      58632 total
- age  11:       4704 bytes,      63336 total
- age  12:       4704 bytes,      68040 total
- age  13:       4648 bytes,      72688 total
- age  14:       4704 bytes,      77392 total
- age  15:       4648 bytes,      82040 total
: 2256K->80K(2432K), 0.0005166 secs] 7282K->5111K(7936K), 0.0005809 secs] [Times: user=0.00 sys=0.00, real=0.00 secs] 
2017-07-06T17:12:47.995+0900: 19.698: [GC2017-07-06T17:12:47.995+0900: 19.698: [DefNew
Desired survivor size 131072 bytes, new threshold 15 (max 15)
- age   1:      24400 bytes,      24400 total
- age   2:       4840 bytes,      29240 total
- age   3:       4648 bytes,      33888 total
- age   4:       4704 bytes,      38592 total
- age   5:       4704 bytes,      43296 total
- age   6:       4648 bytes,      47944 total
- age   7:       4704 bytes,      52648 total
- age   8:       4704 bytes,      57352 total
- age   9:       4648 bytes,      62000 total
- age  10:       4704 bytes,      66704 total
- age  11:       4648 bytes,      71352 total
- age  12:       4704 bytes,      76056 total
- age  13:       4704 bytes,      80760 total
- age  14:       4648 bytes,      85408 total
- age  15:       4704 bytes,      90112 total
: 2241K->88K(2432K), 0.0005055 secs] 7272K->5123K(7936K), 0.0005663 secs] [Times: user=0.00 sys=0.00, real=0.00 secs] 
2017-07-06T17:12:48.017+0900: 19.720: [GC2017-07-06T17:12:48.017+0900: 19.720: [DefNew
Desired survivor size 131072 bytes, new threshold 15 (max 15)
- age   1:      16384 bytes,      16384 total
- age   2:       4784 bytes,      21168 total
- age   3:       4704 bytes,      25872 total
- age   4:       4648 bytes,      30520 total
- age   5:       4704 bytes,      35224 total
- age   6:       4704 bytes,      39928 total
- age   7:       4648 bytes,      44576 total
- age   8:       4704 bytes,      49280 total
- age   9:       4704 bytes,      53984 total
- age  10:       4648 bytes,      58632 total
- age  11:       4704 bytes,      63336 total
- age  12:       4648 bytes,      67984 total
- age  13:       4704 bytes,      72688 total
- age  14:       4704 bytes,      77392 total
- age  15:       4648 bytes,      82040 total
: 2264K->80K(2432K), 0.0005141 secs] 7299K->5120K(7936K), 0.0005779 secs] [Times: user=0.00 sys=0.00, real=0.00 secs] 
2017-07-06T17:12:48.044+0900: 19.747: [GC2017-07-06T17:12:48.044+0900: 19.747: [DefNew
Desired survivor size 131072 bytes, new threshold 15 (max 15)
- age   1:      16384 bytes,      16384 total
- age   2:       4840 bytes,      21224 total
- age   3:       4648 bytes,      25872 total
- age   4:       4704 bytes,      30576 total
- age   5:       4648 bytes,      35224 total
- age   6:       4704 bytes,      39928 total
- age   7:       4704 bytes,      44632 total
- age   8:       4648 bytes,      49280 total
- age   9:       4704 bytes,      53984 total
- age  10:       4704 bytes,      58688 total
- age  11:       4648 bytes,      63336 total
- age  12:       4704 bytes,      68040 total
- age  13:       4648 bytes,      72688 total
- age  14:       4704 bytes,      77392 total
- age  15:       4704 bytes,      82096 total
: 2256K->80K(2432K), 0.0005646 secs] 7296K->5125K(7936K), 0.0006493 secs] [Times: user=0.00 sys=0.00, real=0.00 secs] 
2017-07-06T17:12:48.067+0900: 19.770: [GC2017-07-06T17:12:48.067+0900: 19.770: [DefNew
Desired survivor size 131072 bytes, new threshold 15 (max 15)
- age   1:      24400 bytes,      24400 total
- age   2:       4840 bytes,      29240 total
- age   3:       4704 bytes,      33944 total
- age   4:       4648 bytes,      38592 total
- age   5:       4704 bytes,      43296 total
- age   6:       4648 bytes,      47944 total
- age   7:       4704 bytes,      52648 total
- age   8:       4704 bytes,      57352 total
- age   9:       4648 bytes,      62000 total
- age  10:       4704 bytes,      66704 total
- age  11:       4704 bytes,      71408 total
- age  12:       4648 bytes,      76056 total
- age  13:       4704 bytes,      80760 total
- age  14:       4648 bytes,      85408 total
- age  15:       4704 bytes,      90112 total
: 2242K->88K(2432K), 0.0005355 secs] 7287K->5137K(7936K), 0.0006053 secs] [Times: user=0.00 sys=0.00, real=0.00 secs] 
2017-07-06T17:12:48.089+0900: 19.792: [GC2017-07-06T17:12:48.089+0900: 19.792: [DefNew
Desired survivor size 131072 bytes, new threshold 15 (max 15)
- age   1:      16384 bytes,      16384 total
- age   2:       4784 bytes,      21168 total
- age   3:       4704 bytes,      25872 total
- age   4:       4704 bytes,      30576 total
- age   5:       4648 bytes,      35224 total
- age   6:       4704 bytes,      39928 total
- age   7:       4648 bytes,      44576 total
- age   8:       4704 bytes,      49280 total
- age   9:       4704 bytes,      53984 total
- age  10:       4648 bytes,      58632 total
- age  11:       4704 bytes,      63336 total
- age  12:       4704 bytes,      68040 total
- age  13:       4648 bytes,      72688 total
- age  14:       4704 bytes,      77392 total
- age  15:       4648 bytes,      82040 total
: 2264K->80K(2432K), 0.0005256 secs] 7313K->5134K(7936K), 0.0005903 secs] [Times: user=0.00 sys=0.00, real=0.00 secs] 
2017-07-06T17:12:48.110+0900: 19.814: [GC2017-07-06T17:12:48.111+0900: 19.814: [DefNew
Desired survivor size 131072 bytes, new threshold 15 (max 15)
- age   1:      24400 bytes,      24400 total
- age   2:       4840 bytes,      29240 total
- age   3:       4648 bytes,      33888 total
- age   4:       4704 bytes,      38592 total
- age   5:       4704 bytes,      43296 total
- age   6:       4648 bytes,      47944 total
- age   7:       4704 bytes,      52648 total
- age   8:       4648 bytes,      57296 total
- age   9:       4704 bytes,      62000 total
- age  10:       4704 bytes,      66704 total
- age  11:       4648 bytes,      71352 total
- age  12:       4704 bytes,      76056 total
- age  13:       4704 bytes,      80760 total
- age  14:       4648 bytes,      85408 total
- age  15:       4704 bytes,      90112 total
: 2240K->88K(2432K), 0.0005128 secs] 7294K->5146K(7936K), 0.0005761 secs] [Times: user=0.00 sys=0.00, real=0.00 secs] 
2017-07-06T17:12:48.133+0900: 19.836: [GC2017-07-06T17:12:48.133+0900: 19.836: [DefNew
Desired survivor size 131072 bytes, new threshold 15 (max 15)
- age   1:      16384 bytes,      16384 total
- age   2:       4784 bytes,      21168 total
- age   3:       4704 bytes,      25872 total
- age   4:       4648 bytes,      30520 total
- age   5:       4704 bytes,      35224 total
- age   6:       4704 bytes,      39928 total
- age   7:       4648 bytes,      44576 total
- age   8:       4704 bytes,      49280 total
- age   9:       4648 bytes,      53928 total
- age  10:       4704 bytes,      58632 total
- age  11:       4704 bytes,      63336 total
- age  12:       4648 bytes,      67984 total
- age  13:       4704 bytes,      72688 total
- age  14:       4704 bytes,      77392 total
- age  15:       4648 bytes,      82040 total
: 2264K->80K(2432K), 0.0005423 secs] 7322K->5143K(7936K), 0.0007401 secs] [Times: user=0.00 sys=0.00, real=0.00 secs] 
2017-07-06T17:12:48.157+0900: 19.860: [GC2017-07-06T17:12:48.157+0900: 19.860: [DefNew
Desired survivor size 131072 bytes, new threshold 15 (max 15)
- age   1:      24400 bytes,      24400 total
- age   2:       4840 bytes,      29240 total
- age   3:       4648 bytes,      33888 total
- age   4:       4704 bytes,      38592 total
- age   5:       4648 bytes,      43240 total
- age   6:       4704 bytes,      47944 total
- age   7:       4704 bytes,      52648 total
- age   8:       4648 bytes,      57296 total
- age   9:       4704 bytes,      62000 total
- age  10:       4648 bytes,      66648 total
- age  11:       4704 bytes,      71352 total
- age  12:       4704 bytes,      76056 total
- age  13:       4648 bytes,      80704 total
- age  14:       4704 bytes,      85408 total
- age  15:       4704 bytes,      90112 total
: 2240K->88K(2432K), 0.0005415 secs] 7303K->5155K(7936K), 0.0006121 secs] [Times: user=0.00 sys=0.00, real=0.00 secs] 
2017-07-06T17:12:48.179+0900: 19.882: [GC2017-07-06T17:12:48.179+0900: 19.882: [DefNew
Desired survivor size 131072 bytes, new threshold 15 (max 15)
- age   1:      16384 bytes,      16384 total
- age   2:       4784 bytes,      21168 total
- age   3:       4704 bytes,      25872 total
- age   4:       4648 bytes,      30520 total
- age   5:       4704 bytes,      35224 total
- age   6:       4648 bytes,      39872 total
- age   7:       4704 bytes,      44576 total
- age   8:       4704 bytes,      49280 total
- age   9:       4648 bytes,      53928 total
- age  10:       4704 bytes,      58632 total
- age  11:       4648 bytes,      63280 total
- age  12:       4704 bytes,      67984 total
- age  13:       4704 bytes,      72688 total
- age  14:       4648 bytes,      77336 total
- age  15:       4704 bytes,      82040 total
: 2264K->80K(2432K), 0.0005256 secs] 7331K->5152K(7936K), 0.0005898 secs] [Times: user=0.00 sys=0.00, real=0.00 secs] 
2017-07-06T17:12:48.200+0900: 19.903: [GC2017-07-06T17:12:48.200+0900: 19.903: [DefNew
Desired survivor size 131072 bytes, new threshold 15 (max 15)
- age   1:      24400 bytes,      24400 total
- age   2:       4840 bytes,      29240 total
- age   3:       4648 bytes,      33888 total
- age   4:       4704 bytes,      38592 total
- age   5:       4648 bytes,      43240 total
- age   6:       4704 bytes,      47944 total
- age   7:       4648 bytes,      52592 total
- age   8:       4704 bytes,      57296 total
- age   9:       4704 bytes,      62000 total
- age  10:       4648 bytes,      66648 total
- age  11:       4704 bytes,      71352 total
- age  12:       4648 bytes,      76000 total
- age  13:       4704 bytes,      80704 total
- age  14:       4704 bytes,      85408 total
- age  15:       4648 bytes,      90056 total
: 2241K->87K(2432K), 0.0005128 secs] 7313K->5164K(7936K), 0.0005757 secs] [Times: user=0.00 sys=0.00, real=0.00 secs] 
2017-07-06T17:12:48.222+0900: 19.925: [GC2017-07-06T17:12:48.222+0900: 19.925: [DefNew
Desired survivor size 131072 bytes, new threshold 15 (max 15)
- age   1:      16384 bytes,      16384 total
- age   2:       4784 bytes,      21168 total
- age   3:       4704 bytes,      25872 total
- age   4:       4648 bytes,      30520 total
- age   5:       4704 bytes,      35224 total
- age   6:       4648 bytes,      39872 total
- age   7:       4704 bytes,      44576 total
- age   8:       4648 bytes,      49224 total
- age   9:       4704 bytes,      53928 total
- age  10:       4704 bytes,      58632 total
- age  11:       4648 bytes,      63280 total
- age  12:       4704 bytes,      67984 total
- age  13:       4648 bytes,      72632 total
- age  14:       4704 bytes,      77336 total
- age  15:       4704 bytes,      82040 total
: 2263K->80K(2432K), 0.0005184 secs] 7340K->5161K(7936K), 0.0005821 secs] [Times: user=0.00 sys=0.00, real=0.00 secs] 
2017-07-06T17:12:48.252+0900: 19.955: [GC2017-07-06T17:12:48.252+0900: 19.955: [DefNew
Desired survivor size 131072 bytes, new threshold 15 (max 15)
- age   1:      16384 bytes,      16384 total
- age   2:       4840 bytes,      21224 total
- age   3:       4648 bytes,      25872 total
- age   4:       4704 bytes,      30576 total
- age   5:       4648 bytes,      35224 total
- age   6:       4704 bytes,      39928 total
- age   7:       4648 bytes,      44576 total
- age   8:       4704 bytes,      49280 total
- age   9:       4648 bytes,      53928 total
- age  10:       4704 bytes,      58632 total
- age  11:       4704 bytes,      63336 total
- age  12:       4648 bytes,      67984 total
- age  13:       4704 bytes,      72688 total
- age  14:       4648 bytes,      77336 total
- age  15:       4704 bytes,      82040 total
: 2256K->80K(2432K), 0.0005710 secs] 7337K->5166K(7936K), 0.0006562 secs] [Times: user=0.00 sys=0.00, real=0.00 secs] 
2017-07-06T17:12:48.277+0900: 19.980: [GC2017-07-06T17:12:48.277+0900: 19.980: [DefNew
Desired survivor size 131072 bytes, new threshold 15 (max 15)
- age   1:      24400 bytes,      24400 total
- age   2:       4840 bytes,      29240 total
- age   3:       4704 bytes,      33944 total
- age   4:       4648 bytes,      38592 total
- age   5:       4704 bytes,      43296 total
- age   6:       4648 bytes,      47944 total
- age   7:       4704 bytes,      52648 total
- age   8:       4648 bytes,      57296 total
- age   9:       4704 bytes,      62000 total
- age  10:       4648 bytes,      66648 total
- age  11:       4704 bytes,      71352 total
- age  12:       4704 bytes,      76056 total
- age  13:       4648 bytes,      80704 total
- age  14:       4704 bytes,      85408 total
- age  15:       4648 bytes,      90056 total
: 2242K->87K(2432K), 0.0005432 secs] 7328K->5178K(7936K), 0.0006142 secs] [Times: user=0.00 sys=0.00, real=0.00 secs] 
2017-07-06T17:12:48.298+0900: 20.002: [GC2017-07-06T17:12:48.299+0900: 20.002: [DefNew
Desired survivor size 131072 bytes, new threshold 15 (max 15)
- age   1:      16384 bytes,      16384 total
- age   2:       4784 bytes,      21168 total
- age   3:       4704 bytes,      25872 total
- age   4:       4704 bytes,      30576 total
- age   5:       4648 bytes,      35224 total
- age   6:       4704 bytes,      39928 total
- age   7:       4648 bytes,      44576 total
- age   8:       4704 bytes,      49280 total
- age   9:       4648 bytes,      53928 total
- age  10:       4704 bytes,      58632 total
- age  11:       4648 bytes,      63280 total
- age  12:       4704 bytes,      67984 total
- age  13:       4704 bytes,      72688 total
- age  14:       4648 bytes,      77336 total
- age  15:       4704 bytes,      82040 total
: 2256K->80K(2432K), 0.0005398 secs] 7346K->5175K(7936K), 0.0006108 secs] [Times: user=0.00 sys=0.00, real=0.00 secs] 
2017-07-06T17:12:48.320+0900: 20.023: [GC2017-07-06T17:12:48.320+0900: 20.023: [DefNew
Desired survivor size 131072 bytes, new threshold 15 (max 15)
- age   1:      24400 bytes,      24400 total
- age   2:       4840 bytes,      29240 total
- age   3:       4648 bytes,      33888 total
- age   4:       4704 bytes,      38592 total
- age   5:       4704 bytes,      43296 total
- age   6:       4648 bytes,      47944 total
- age   7:       4704 bytes,      52648 total
- age   8:       4648 bytes,      57296 total
- age   9:       4704 bytes,      62000 total
- age  10:       4648 bytes,      66648 total
- age  11:       4704 bytes,      71352 total
- age  12:       4648 bytes,      76000 total
- age  13:       4704 bytes,      80704 total
- age  14:       4704 bytes,      85408 total
- age  15:       4648 bytes,      90056 total
: 2241K->87K(2432K), 0.0005132 secs] 7336K->5187K(7936K), 0.0005770 secs] [Times: user=0.00 sys=0.00, real=0.00 secs] 
2017-07-06T17:12:48.341+0900: 20.045: [GC2017-07-06T17:12:48.341+0900: 20.045: [DefNew
Desired survivor size 131072 bytes, new threshold 15 (max 15)
- age   1:      16384 bytes,      16384 total
- age   2:       4784 bytes,      21168 total
- age   3:       4704 bytes,      25872 total
- age   4:       4648 bytes,      30520 total
- age   5:       4704 bytes,      35224 total
- age   6:       4704 bytes,      39928 total
- age   7:       4648 bytes,      44576 total
- age   8:       4704 bytes,      49280 total
- age   9:       4648 bytes,      53928 total
- age  10:       4704 bytes,      58632 total
- age  11:       4648 bytes,      63280 total
- age  12:       4704 bytes,      67984 total
- age  13:       4648 bytes,      72632 total
- age  14:       4704 bytes,      77336 total
- age  15:       4704 bytes,      82040 total
: 2263K->80K(2432K), 0.0005141 secs] 7363K->5184K(7936K), 0.0005813 secs] [Times: user=0.00 sys=0.00, real=0.00 secs] 
2017-07-06T17:12:48.363+0900: 20.066: [GC2017-07-06T17:12:48.363+0900: 20.066: [DefNew
Desired survivor size 131072 bytes, new threshold 15 (max 15)
- age   1:      16384 bytes,      16384 total
- age   2:       4840 bytes,      21224 total
- age   3:       4648 bytes,      25872 total
- age   4:       4704 bytes,      30576 total
- age   5:       4648 bytes,      35224 total
- age   6:       4704 bytes,      39928 total
- age   7:       4704 bytes,      44632 total
- age   8:       4648 bytes,      49280 total
- age   9:       4704 bytes,      53984 total
- age  10:       4648 bytes,      58632 total
- age  11:       4704 bytes,      63336 total
- age  12:       4648 bytes,      67984 total
- age  13:       4704 bytes,      72688 total
- age  14:       4648 bytes,      77336 total
- age  15:       4704 bytes,      82040 total
: 2256K->80K(2432K), 0.0005184 secs] 7360K->5188K(7936K), 0.0005791 secs] [Times: user=0.00 sys=0.00, real=0.00 secs] 
2017-07-06T17:12:48.391+0900: 20.094: [GC2017-07-06T17:12:48.391+0900: 20.094: [DefNew
Desired survivor size 131072 bytes, new threshold 15 (max 15)
- age   1:      24400 bytes,      24400 total
- age   2:       4840 bytes,      29240 total
- age   3:       4704 bytes,      33944 total
- age   4:       4648 bytes,      38592 total
- age   5:       4704 bytes,      43296 total
- age   6:       4648 bytes,      47944 total
- age   7:       4704 bytes,      52648 total
- age   8:       4704 bytes,      57352 total
- age   9:       4648 bytes,      62000 total
- age  10:       4704 bytes,      66704 total
- age  11:       4648 bytes,      71352 total
- age  12:       4704 bytes,      76056 total
- age  13:       4648 bytes,      80704 total
- age  14:       4704 bytes,      85408 total
- age  15:       4648 bytes,      90056 total
: 2242K->87K(2432K), 0.0005624 secs] 7351K->5201K(7936K), 0.0006356 secs] [Times: user=0.00 sys=0.00, real=0.00 secs] 
2017-07-06T17:12:48.413+0900: 20.116: [GC2017-07-06T17:12:48.413+0900: 20.116: [DefNew
Desired survivor size 131072 bytes, new threshold 15 (max 15)
- age   1:      16384 bytes,      16384 total
- age   2:       4784 bytes,      21168 total
- age   3:       4704 bytes,      25872 total
- age   4:       4704 bytes,      30576 total
- age   5:       4648 bytes,      35224 total
- age   6:       4704 bytes,      39928 total
- age   7:       4648 bytes,      44576 total
- age   8:       4704 bytes,      49280 total
- age   9:       4704 bytes,      53984 total
- age  10:       4648 bytes,      58632 total
- age  11:       4704 bytes,      63336 total
- age  12:       4648 bytes,      67984 total
- age  13:       4704 bytes,      72688 total
- age  14:       4648 bytes,      77336 total
- age  15:       4704 bytes,      82040 total
: 2263K->80K(2432K), 0.0005273 secs] 7377K->5198K(7936K), 0.0005933 secs] [Times: user=0.00 sys=0.00, real=0.00 secs] 
2017-07-06T17:12:48.435+0900: 20.138: [GC2017-07-06T17:12:48.435+0900: 20.138: [DefNew
Desired survivor size 131072 bytes, new threshold 15 (max 15)
- age   1:      16384 bytes,      16384 total
- age   2:       4840 bytes,      21224 total
- age   3:       4648 bytes,      25872 total
- age   4:       4704 bytes,      30576 total
- age   5:       4704 bytes,      35280 total
- age   6:       4648 bytes,      39928 total
- age   7:       4704 bytes,      44632 total
- age   8:       4648 bytes,      49280 total
- age   9:       4704 bytes,      53984 total
- age  10:       4704 bytes,      58688 total
- age  11:       4648 bytes,      63336 total
- age  12:       4704 bytes,      68040 total
- age  13:       4648 bytes,      72688 total
- age  14:       4704 bytes,      77392 total
- age  15:       4648 bytes,      82040 total
: 2256K->80K(2432K), 0.0005256 secs] 7374K->5202K(7936K), 0.0005967 secs] [Times: user=0.00 sys=0.00, real=0.00 secs] 
2017-07-06T17:12:48.456+0900: 20.159: [GC2017-07-06T17:12:48.456+0900: 20.159: [DefNew
Desired survivor size 131072 bytes, new threshold 15 (max 15)
- age   1:      24400 bytes,      24400 total
- age   2:       4840 bytes,      29240 total
- age   3:       4704 bytes,      33944 total
- age   4:       4648 bytes,      38592 total
- age   5:       4704 bytes,      43296 total
- age   6:       4704 bytes,      48000 total
- age   7:       4648 bytes,      52648 total
- age   8:       4704 bytes,      57352 total
- age   9:       4648 bytes,      62000 total
- age  10:       4704 bytes,      66704 total
- age  11:       4704 bytes,      71408 total
- age  12:       4648 bytes,      76056 total
- age  13:       4704 bytes,      80760 total
- age  14:       4648 bytes,      85408 total
- age  15:       4704 bytes,      90112 total
: 2242K->88K(2432K), 0.0005119 secs] 7364K->5215K(7936K), 0.0005740 secs] [Times: user=0.00 sys=0.00, real=0.00 secs] 
2017-07-06T17:12:48.477+0900: 20.180: [GC2017-07-06T17:12:48.477+0900: 20.181: [DefNew
Desired survivor size 131072 bytes, new threshold 15 (max 15)
- age   1:      16384 bytes,      16384 total
- age   2:       4784 bytes,      21168 total
- age   3:       4704 bytes,      25872 total
- age   4:       4704 bytes,      30576 total
- age   5:       4648 bytes,      35224 total
- age   6:       4704 bytes,      39928 total
- age   7:       4704 bytes,      44632 total
- age   8:       4648 bytes,      49280 total
- age   9:       4704 bytes,      53984 total
- age  10:       4648 bytes,      58632 total
- age  11:       4704 bytes,      63336 total
- age  12:       4704 bytes,      68040 total
- age  13:       4648 bytes,      72688 total
- age  14:       4704 bytes,      77392 total
- age  15:       4648 bytes,      82040 total
: 2256K->80K(2432K), 0.0005196 secs] 7383K->5211K(7936K), 0.0005817 secs] [Times: user=0.00 sys=0.00, real=0.00 secs] 
2017-07-06T17:12:48.499+0900: 20.202: [GC2017-07-06T17:12:48.499+0900: 20.202: [DefNew
Desired survivor size 131072 bytes, new threshold 15 (max 15)
- age   1:      24400 bytes,      24400 total
- age   2:       4840 bytes,      29240 total
- age   3:       4648 bytes,      33888 total
- age   4:       4704 bytes,      38592 total
- age   5:       4704 bytes,      43296 total
- age   6:       4648 bytes,      47944 total
- age   7:       4704 bytes,      52648 total
- age   8:       4704 bytes,      57352 total
- age   9:       4648 bytes,      62000 total
- age  10:       4704 bytes,      66704 total
- age  11:       4648 bytes,      71352 total
- age  12:       4704 bytes,      76056 total
- age  13:       4704 bytes,      80760 total
- age  14:       4648 bytes,      85408 total
- age  15:       4704 bytes,      90112 total
: 2241K->88K(2432K), 0.0005573 secs] 7373K->5224K(7936K), 0.0006344 secs] [Times: user=0.02 sys=0.00, real=0.00 secs] 
2017-07-06T17:12:48.524+0900: 20.227: [GC2017-07-06T17:12:48.524+0900: 20.227: [DefNew
Desired survivor size 131072 bytes, new threshold 15 (max 15)
- age   1:      16384 bytes,      16384 total
- age   2:       4784 bytes,      21168 total
- age   3:       4704 bytes,      25872 total
- age   4:       4648 bytes,      30520 total
- age   5:       4704 bytes,      35224 total
- age   6:       4704 bytes,      39928 total
- age   7:       4648 bytes,      44576 total
- age   8:       4704 bytes,      49280 total
- age   9:       4704 bytes,      53984 total
- age  10:       4648 bytes,      58632 total
- age  11:       4704 bytes,      63336 total
- age  12:       4648 bytes,      67984 total
- age  13:       4704 bytes,      72688 total
- age  14:       4704 bytes,      77392 total
- age  15:       4648 bytes,      82040 total
: 2264K->80K(2432K), 0.0005654 secs] 7400K->5220K(7936K), 0.0006412 secs] [Times: user=0.00 sys=0.00, real=0.00 secs] 
2017-07-06T17:12:48.546+0900: 20.249: [GC2017-07-06T17:12:48.546+0900: 20.249: [DefNew
Desired survivor size 131072 bytes, new threshold 15 (max 15)
- age   1:      16384 bytes,      16384 total
- age   2:       4840 bytes,      21224 total
- age   3:       4648 bytes,      25872 total
- age   4:       4704 bytes,      30576 total
- age   5:       4648 bytes,      35224 total
- age   6:       4704 bytes,      39928 total
- age   7:       4704 bytes,      44632 total
- age   8:       4648 bytes,      49280 total
- age   9:       4704 bytes,      53984 total
- age  10:       4704 bytes,      58688 total
- age  11:       4648 bytes,      63336 total
- age  12:       4704 bytes,      68040 total
- age  13:       4648 bytes,      72688 total
- age  14:       4704 bytes,      77392 total
- age  15:       4704 bytes,      82096 total
: 2256K->80K(2432K), 0.0005273 secs] 7396K->5225K(7936K), 0.0005933 secs] [Times: user=0.02 sys=0.00, real=0.00 secs] 
2017-07-06T17:12:48.567+0900: 20.271: [GC2017-07-06T17:12:48.567+0900: 20.271: [DefNew
Desired survivor size 131072 bytes, new threshold 15 (max 15)
- age   1:      24400 bytes,      24400 total
- age   2:       4840 bytes,      29240 total
- age   3:       4704 bytes,      33944 total
- age   4:       4648 bytes,      38592 total
- age   5:       4704 bytes,      43296 total
- age   6:       4648 bytes,      47944 total
- age   7:       4704 bytes,      52648 total
- age   8:       4704 bytes,      57352 total
- age   9:       4648 bytes,      62000 total
- age  10:       4704 bytes,      66704 total
- age  11:       4704 bytes,      71408 total
- age  12:       4648 bytes,      76056 total
- age  13:       4704 bytes,      80760 total
- age  14:       4648 bytes,      85408 total
- age  15:       4704 bytes,      90112 total
: 2242K->88K(2432K), 0.0005342 secs] 7388K->5237K(7936K), 0.0006040 secs] [Times: user=0.00 sys=0.00, real=0.00 secs] 
2017-07-06T17:12:48.589+0900: 20.292: [GC2017-07-06T17:12:48.589+0900: 20.292: [DefNew
Desired survivor size 131072 bytes, new threshold 15 (max 15)
- age   1:      16384 bytes,      16384 total
- age   2:       4784 bytes,      21168 total
- age   3:       4704 bytes,      25872 total
- age   4:       4704 bytes,      30576 total
- age   5:       4648 bytes,      35224 total
- age   6:       4704 bytes,      39928 total
- age   7:       4648 bytes,      44576 total
- age   8:       4704 bytes,      49280 total
- age   9:       4704 bytes,      53984 total
- age  10:       4648 bytes,      58632 total
- age  11:       4704 bytes,      63336 total
- age  12:       4704 bytes,      68040 total
- age  13:       4648 bytes,      72688 total
- age  14:       4704 bytes,      77392 total
- age  15:       4648 bytes,      82040 total
: 2264K->80K(2432K), 0.0005226 secs] 7413K->5234K(7936K), 0.0005864 secs] [Times: user=0.00 sys=0.00, real=0.00 secs] 
2017-07-06T17:12:48.610+0900: 20.314: [GC2017-07-06T17:12:48.610+0900: 20.314: [DefNew
Desired survivor size 131072 bytes, new threshold 15 (max 15)
- age   1:      24400 bytes,      24400 total
- age   2:       4840 bytes,      29240 total
- age   3:       4648 bytes,      33888 total
- age   4:       4704 bytes,      38592 total
- age   5:       4704 bytes,      43296 total
- age   6:       4648 bytes,      47944 total
- age   7:       4704 bytes,      52648 total
- age   8:       4648 bytes,      57296 total
- age   9:       4704 bytes,      62000 total
- age  10:       4704 bytes,      66704 total
- age  11:       4648 bytes,      71352 total
- age  12:       4704 bytes,      76056 total
- age  13:       4704 bytes,      80760 total
- age  14:       4648 bytes,      85408 total
- age  15:       4704 bytes,      90112 total
: 2240K->88K(2432K), 0.0005359 secs] 7394K->5247K(7936K), 0.0006121 secs] [Times: user=0.00 sys=0.00, real=0.00 secs] 
2017-07-06T17:12:48.635+0900: 20.338: [GC2017-07-06T17:12:48.635+0900: 20.338: [DefNew
Desired survivor size 131072 bytes, new threshold 15 (max 15)
- age   1:      16384 bytes,      16384 total
- age   2:       4784 bytes,      21168 total
- age   3:       4704 bytes,      25872 total
- age   4:       4648 bytes,      30520 total
- age   5:       4704 bytes,      35224 total
- age   6:       4704 bytes,      39928 total
- age   7:       4648 bytes,      44576 total
- age   8:       4704 bytes,      49280 total
- age   9:       4648 bytes,      53928 total
- age  10:       4704 bytes,      58632 total
- age  11:       4704 bytes,      63336 total
- age  12:       4648 bytes,      67984 total
- age  13:       4704 bytes,      72688 total
- age  14:       4704 bytes,      77392 total
- age  15:       4648 bytes,      82040 total
: 2264K->80K(2432K), 0.0005667 secs] 7423K->5243K(7936K), 0.0006429 secs] [Times: user=0.00 sys=0.00, real=0.00 secs] 
2017-07-06T17:12:48.658+0900: 20.361: [GC2017-07-06T17:12:48.658+0900: 20.361: [DefNew
Desired survivor size 131072 bytes, new threshold 15 (max 15)
- age   1:      24400 bytes,      24400 total
- age   2:       4840 bytes,      29240 total
- age   3:       4648 bytes,      33888 total
- age   4:       4704 bytes,      38592 total
- age   5:       4648 bytes,      43240 total
- age   6:       4704 bytes,      47944 total
- age   7:       4704 bytes,      52648 total
- age   8:       4648 bytes,      57296 total
- age   9:       4704 bytes,      62000 total
- age  10:       4648 bytes,      66648 total
- age  11:       4704 bytes,      71352 total
- age  12:       4704 bytes,      76056 total
- age  13:       4648 bytes,      80704 total
- age  14:       4704 bytes,      85408 total
- age  15:       4704 bytes,      90112 total
: 2240K->88K(2432K), 0.0005603 secs] 7404K->5256K(7936K), 0.0006318 secs] [Times: user=0.00 sys=0.00, real=0.00 secs] 
2017-07-06T17:12:48.676+0900: 20.380: [GC2017-07-06T17:12:48.676+0900: 20.380: [DefNew (promotion failed) : 2261K->2250K(2432K), 0.0013175 secs]2017-07-06T17:12:48.678+0900: 20.381: [Tenured: 5172K->5066K(5504K), 0.0205400 secs] 7430K->5066K(7936K), [Perm : 3313K->3313K(21248K)], 0.0219962 secs] [Times: user=0.02 sys=0.00, real=0.02 secs] 
2017-07-06T17:12:48.720+0900: 20.423: [GC2017-07-06T17:12:48.720+0900: 20.423: [DefNew
Desired survivor size 131072 bytes, new threshold 15 (max 15)
- age   1:      49040 bytes,      49040 total
: 2162K->47K(2432K), 0.0004828 secs] 7229K->5114K(7936K), 0.0005500 secs] [Times: user=0.00 sys=0.00, real=0.00 secs] 
2017-07-06T17:12:48.746+0900: 20.449: [GC2017-07-06T17:12:48.746+0900: 20.449: [DefNew
Desired survivor size 131072 bytes, new threshold 15 (max 15)
- age   1:      16384 bytes,      16384 total
- age   2:      29424 bytes,      45808 total
: 2217K->44K(2432K), 0.0004280 secs] 7284K->5111K(7936K), 0.0004970 secs] [Times: user=0.00 sys=0.00, real=0.00 secs] 
2017-07-06T17:12:48.768+0900: 20.471: [GC2017-07-06T17:12:48.768+0900: 20.471: [DefNew
Desired survivor size 131072 bytes, new threshold 15 (max 15)
- age   1:      24400 bytes,      24400 total
- age   2:       4840 bytes,      29240 total
- age   3:      29288 bytes,      58528 total
: 2205K->57K(2432K), 0.0004006 secs] 7272K->5124K(7936K), 0.0004657 secs] [Times: user=0.00 sys=0.00, real=0.00 secs] 
2017-07-06T17:12:48.789+0900: 20.492: [GC2017-07-06T17:12:48.789+0900: 20.493: [DefNew
Desired survivor size 131072 bytes, new threshold 15 (max 15)
- age   1:      16384 bytes,      16384 total
- age   2:       4784 bytes,      21168 total
- age   3:       4704 bytes,      25872 total
- age   4:      29288 bytes,      55160 total
: 2233K->53K(2432K), 0.0004156 secs] 7300K->5120K(7936K), 0.0004811 secs] [Times: user=0.00 sys=0.00, real=0.00 secs] 
2017-07-06T17:12:48.811+0900: 20.514: [GC2017-07-06T17:12:48.811+0900: 20.514: [DefNew
Desired survivor size 131072 bytes, new threshold 15 (max 15)
- age   1:      24400 bytes,      24400 total
- age   2:       4840 bytes,      29240 total
- age   3:       4648 bytes,      33888 total
- age   4:       4704 bytes,      38592 total
- age   5:      29288 bytes,      67880 total
: 2215K->66K(2432K), 0.0004310 secs] 7282K->5133K(7936K), 0.0004974 secs] [Times: user=0.00 sys=0.00, real=0.00 secs] 
2017-07-06T17:12:48.835+0900: 20.538: [GC2017-07-06T17:12:48.835+0900: 20.538: [DefNew
Desired survivor size 131072 bytes, new threshold 15 (max 15)
- age   1:      16384 bytes,      16384 total
- age   2:       4784 bytes,      21168 total
- age   3:       4704 bytes,      25872 total
- age   4:       4648 bytes,      30520 total
- age   5:       4704 bytes,      35224 total
- age   6:      29288 bytes,      64512 total
: 2242K->63K(2432K), 0.0005089 secs] 7309K->5129K(7936K), 0.0006010 secs] [Times: user=0.00 sys=0.00, real=0.00 secs] 
2017-07-06T17:12:48.857+0900: 20.561: [GC2017-07-06T17:12:48.857+0900: 20.561: [DefNew
Desired survivor size 131072 bytes, new threshold 15 (max 15)
- age   1:      24400 bytes,      24400 total
- age   2:       4840 bytes,      29240 total
- age   3:       4648 bytes,      33888 total
- age   4:       4704 bytes,      38592 total
- age   5:       4648 bytes,      43240 total
- age   6:       4704 bytes,      47944 total
- age   7:      29288 bytes,      77232 total
: 2223K->75K(2432K), 0.0004563 secs] 7290K->5142K(7936K), 0.0005252 secs] [Times: user=0.00 sys=0.00, real=0.00 secs] 
2017-07-06T17:12:48.879+0900: 20.582: [GC2017-07-06T17:12:48.879+0900: 20.582: [DefNew
Desired survivor size 131072 bytes, new threshold 15 (max 15)
- age   1:      16384 bytes,      16384 total
- age   2:       4784 bytes,      21168 total
- age   3:       4704 bytes,      25872 total
- age   4:       4648 bytes,      30520 total
- age   5:       4704 bytes,      35224 total
- age   6:       4648 bytes,      39872 total
- age   7:       4704 bytes,      44576 total
- age   8:      29288 bytes,      73864 total
: 2251K->72K(2432K), 0.0004601 secs] 7318K->5138K(7936K), 0.0005261 secs] [Times: user=0.00 sys=0.00, real=0.00 secs] 
2017-07-06T17:12:48.903+0900: 20.606: [GC2017-07-06T17:12:48.903+0900: 20.606: [DefNew
Desired survivor size 131072 bytes, new threshold 15 (max 15)
- age   1:      16384 bytes,      16384 total
- age   2:       4840 bytes,      21224 total
- age   3:       4648 bytes,      25872 total
- age   4:       4704 bytes,      30576 total
- age   5:       4648 bytes,      35224 total
- age   6:       4704 bytes,      39928 total
- age   7:       4648 bytes,      44576 total
- age   8:       4704 bytes,      49280 total
- age   9:      29288 bytes,      78568 total
: 2247K->76K(2432K), 0.0006331 secs] 7314K->5143K(7936K), 0.0007345 secs] [Times: user=0.00 sys=0.00, real=0.00 secs] 
2017-07-06T17:12:48.928+0900: 20.632: [GC2017-07-06T17:12:48.929+0900: 20.632: [DefNew
Desired survivor size 131072 bytes, new threshold 15 (max 15)
- age   1:      24400 bytes,      24400 total
- age   2:       4840 bytes,      29240 total
- age   3:       4704 bytes,      33944 total
- age   4:       4648 bytes,      38592 total
- age   5:       4704 bytes,      43296 total
- age   6:       4648 bytes,      47944 total
- age   7:       4704 bytes,      52648 total
- age   8:       4648 bytes,      57296 total
- age   9:       4704 bytes,      62000 total
- age  10:      29288 bytes,      91288 total
: 2236K->89K(2432K), 0.0004944 secs] 7303K->5155K(7936K), 0.0005667 secs] [Times: user=0.00 sys=0.00, real=0.00 secs] 
2017-07-06T17:12:48.950+0900: 20.653: [GC2017-07-06T17:12:48.950+0900: 20.653: [DefNew
Desired survivor size 131072 bytes, new threshold 15 (max 15)
- age   1:      16384 bytes,      16384 total
- age   2:       4784 bytes,      21168 total
- age   3:       4704 bytes,      25872 total
- age   4:       4704 bytes,      30576 total
- age   5:       4648 bytes,      35224 total
- age   6:       4704 bytes,      39928 total
- age   7:       4648 bytes,      44576 total
- age   8:       4704 bytes,      49280 total
- age   9:       4648 bytes,      53928 total
- age  10:       4704 bytes,      58632 total
- age  11:      29288 bytes,      87920 total
: 2265K->85K(2432K), 0.0004884 secs] 7331K->5152K(7936K), 0.0005612 secs] [Times: user=0.00 sys=0.00, real=0.00 secs] 
2017-07-06T17:12:48.972+0900: 20.675: [GC2017-07-06T17:12:48.972+0900: 20.675: [DefNew
Desired survivor size 131072 bytes, new threshold 15 (max 15)
- age   1:      24400 bytes,      24400 total
- age   2:       4840 bytes,      29240 total
- age   3:       4648 bytes,      33888 total
- age   4:       4704 bytes,      38592 total
- age   5:       4704 bytes,      43296 total
- age   6:       4648 bytes,      47944 total
- age   7:       4704 bytes,      52648 total
- age   8:       4648 bytes,      57296 total
- age   9:       4704 bytes,      62000 total
- age  10:       4648 bytes,      66648 total
- age  11:       4704 bytes,      71352 total
- age  12:      29288 bytes,     100640 total
: 2247K->98K(2432K), 0.0004824 secs] 7314K->5165K(7936K), 0.0005453 secs] [Times: user=0.00 sys=0.00, real=0.00 secs] 
2017-07-06T17:12:48.994+0900: 20.697: [GC2017-07-06T17:12:48.994+0900: 20.697: [DefNew
Desired survivor size 131072 bytes, new threshold 15 (max 15)
- age   1:      16384 bytes,      16384 total
- age   2:       4784 bytes,      21168 total
- age   3:       4704 bytes,      25872 total
- age   4:       4648 bytes,      30520 total
- age   5:       4704 bytes,      35224 total
- age   6:       4704 bytes,      39928 total
- age   7:       4648 bytes,      44576 total
- age   8:       4704 bytes,      49280 total
- age   9:       4648 bytes,      53928 total
- age  10:       4704 bytes,      58632 total
- age  11:       4648 bytes,      63280 total
- age  12:       4704 bytes,      67984 total
- age  13:      29288 bytes,      97272 total
: 2274K->94K(2432K), 0.0005188 secs] 7341K->5161K(7936K), 0.0005877 secs] [Times: user=0.00 sys=0.00, real=0.00 secs] 
2017-07-06T17:12:49.023+0900: 20.726: [GC2017-07-06T17:12:49.023+0900: 20.726: [DefNew
Desired survivor size 131072 bytes, new threshold 15 (max 15)
- age   1:      16384 bytes,      16384 total
- age   2:       4840 bytes,      21224 total
- age   3:       4648 bytes,      25872 total
- age   4:       4704 bytes,      30576 total
- age   5:       4648 bytes,      35224 total
- age   6:       4704 bytes,      39928 total
- age   7:       4704 bytes,      44632 total
- age   8:       4648 bytes,      49280 total
- age   9:       4704 bytes,      53984 total
- age  10:       4648 bytes,      58632 total
- age  11:       4704 bytes,      63336 total
- age  12:       4648 bytes,      67984 total
- age  13:       4704 bytes,      72688 total
- age  14:      29288 bytes,     101976 total
: 2270K->99K(2432K), 0.0005946 secs] 7337K->5166K(7936K), 0.0006823 secs] [Times: user=0.00 sys=0.00, real=0.00 secs] 
2017-07-06T17:12:49.045+0900: 20.748: [GC2017-07-06T17:12:49.045+0900: 20.748: [DefNew
Desired survivor size 131072 bytes, new threshold 15 (max 15)
- age   1:      24400 bytes,      24400 total
- age   2:       4840 bytes,      29240 total
- age   3:       4704 bytes,      33944 total
- age   4:       4648 bytes,      38592 total
- age   5:       4704 bytes,      43296 total
- age   6:       4648 bytes,      47944 total
- age   7:       4704 bytes,      52648 total
- age   8:       4704 bytes,      57352 total
- age   9:       4648 bytes,      62000 total
- age  10:       4704 bytes,      66704 total
- age  11:       4648 bytes,      71352 total
- age  12:       4704 bytes,      76056 total
- age  13:       4648 bytes,      80704 total
- age  14:       4704 bytes,      85408 total
- age  15:      29288 bytes,     114696 total
: 2262K->112K(2432K), 0.0005359 secs] 7329K->5178K(7936K), 0.0006061 secs] [Times: user=0.00 sys=0.00, real=0.00 secs] 
2017-07-06T17:12:49.067+0900: 20.770: [GC2017-07-06T17:12:49.067+0900: 20.770: [DefNew
Desired survivor size 131072 bytes, new threshold 15 (max 15)
- age   1:      16384 bytes,      16384 total
- age   2:       4784 bytes,      21168 total
- age   3:       4704 bytes,      25872 total
- age   4:       4704 bytes,      30576 total
- age   5:       4648 bytes,      35224 total
- age   6:       4704 bytes,      39928 total
- age   7:       4648 bytes,      44576 total
- age   8:       4704 bytes,      49280 total
- age   9:       4704 bytes,      53984 total
- age  10:       4648 bytes,      58632 total
- age  11:       4704 bytes,      63336 total
- age  12:       4648 bytes,      67984 total
- age  13:       4704 bytes,      72688 total
- age  14:       4648 bytes,      77336 total
- age  15:       4704 bytes,      82040 total
: 2288K->80K(2432K), 0.0005436 secs] 7354K->5175K(7936K), 0.0006181 secs] [Times: user=0.00 sys=0.00, real=0.00 secs] 
2017-07-06T17:12:49.088+0900: 20.791: [GC2017-07-06T17:12:49.088+0900: 20.791: [DefNew
Desired survivor size 131072 bytes, new threshold 15 (max 15)
- age   1:      24400 bytes,      24400 total
- age   2:       4840 bytes,      29240 total
- age   3:       4648 bytes,      33888 total
- age   4:       4704 bytes,      38592 total
- age   5:       4704 bytes,      43296 total
- age   6:       4648 bytes,      47944 total
- age   7:       4704 bytes,      52648 total
- age   8:       4648 bytes,      57296 total
- age   9:       4704 bytes,      62000 total
- age  10:       4704 bytes,      66704 total
- age  11:       4648 bytes,      71352 total
- age  12:       4704 bytes,      76056 total
- age  13:       4648 bytes,      80704 total
- age  14:       4704 bytes,      85408 total
- age  15:       4648 bytes,      90056 total
: 2240K->87K(2432K), 0.0005089 secs] 7335K->5187K(7936K), 0.0005719 secs] [Times: user=0.00 sys=0.00, real=0.00 secs] 
2017-07-06T17:12:49.111+0900: 20.814: [GC2017-07-06T17:12:49.111+0900: 20.814: [DefNew
Desired survivor size 131072 bytes, new threshold 15 (max 15)
- age   1:      16384 bytes,      16384 total
- age   2:       4784 bytes,      21168 total
- age   3:       4704 bytes,      25872 total
- age   4:       4648 bytes,      30520 total
- age   5:       4704 bytes,      35224 total
- age   6:       4704 bytes,      39928 total
- age   7:       4648 bytes,      44576 total
- age   8:       4704 bytes,      49280 total
- age   9:       4648 bytes,      53928 total
- age  10:       4704 bytes,      58632 total
- age  11:       4704 bytes,      63336 total
- age  12:       4648 bytes,      67984 total
- age  13:       4704 bytes,      72688 total
- age  14:       4648 bytes,      77336 total
- age  15:       4704 bytes,      82040 total
: 2263K->80K(2432K), 0.0005603 secs] 7363K->5184K(7936K), 0.0006356 secs] [Times: user=0.00 sys=0.00, real=0.00 secs] 
2017-07-06T17:12:49.133+0900: 20.836: [GC2017-07-06T17:12:49.133+0900: 20.836: [DefNew
Desired survivor size 131072 bytes, new threshold 15 (max 15)
- age   1:      24400 bytes,      24400 total
- age   2:       4840 bytes,      29240 total
- age   3:       4648 bytes,      33888 total
- age   4:       4704 bytes,      38592 total
- age   5:       4648 bytes,      43240 total
- age   6:       4704 bytes,      47944 total
- age   7:       4704 bytes,      52648 total
- age   8:       4648 bytes,      57296 total
- age   9:       4704 bytes,      62000 total
- age  10:       4648 bytes,      66648 total
- age  11:       4704 bytes,      71352 total
- age  12:       4704 bytes,      76056 total
- age  13:       4648 bytes,      80704 total
- age  14:       4704 bytes,      85408 total
- age  15:       4648 bytes,      90056 total
: 2240K->87K(2432K), 0.0005299 secs] 7345K->5197K(7936K), 0.0005975 secs] [Times: user=0.00 sys=0.00, real=0.00 secs] 
2017-07-06T17:12:49.155+0900: 20.858: [GC2017-07-06T17:12:49.155+0900: 20.858: [DefNew
Desired survivor size 131072 bytes, new threshold 15 (max 15)
- age   1:      16384 bytes,      16384 total
- age   2:       4784 bytes,      21168 total
- age   3:       4704 bytes,      25872 total
- age   4:       4648 bytes,      30520 total
- age   5:       4704 bytes,      35224 total
- age   6:       4648 bytes,      39872 total
- age   7:       4704 bytes,      44576 total
- age   8:       4704 bytes,      49280 total
- age   9:       4648 bytes,      53928 total
- age  10:       4704 bytes,      58632 total
- age  11:       4648 bytes,      63280 total
- age  12:       4704 bytes,      67984 total
- age  13:       4704 bytes,      72688 total
- age  14:       4648 bytes,      77336 total
- age  15:       4704 bytes,      82040 total
: 2263K->80K(2432K), 0.0005273 secs] 7373K->5193K(7936K), 0.0005997 secs] [Times: user=0.00 sys=0.00, real=0.00 secs] 
2017-07-06T17:12:49.176+0900: 20.880: [GC2017-07-06T17:12:49.176+0900: 20.880: [DefNew
Desired survivor size 131072 bytes, new threshold 15 (max 15)
- age   1:      24400 bytes,      24400 total
- age   2:       4840 bytes,      29240 total
- age   3:       4648 bytes,      33888 total
- age   4:       4704 bytes,      38592 total
- age   5:       4648 bytes,      43240 total
- age   6:       4704 bytes,      47944 total
- age   7:       4648 bytes,      52592 total
- age   8:       4704 bytes,      57296 total
- age   9:       4704 bytes,      62000 total
- age  10:       4648 bytes,      66648 total
- age  11:       4704 bytes,      71352 total
- age  12:       4648 bytes,      76000 total
- age  13:       4704 bytes,      80704 total
- age  14:       4704 bytes,      85408 total
- age  15:       4648 bytes,      90056 total
: 2241K->87K(2432K), 0.0005081 secs] 7354K->5206K(7936K), 0.0005719 secs] [Times: user=0.00 sys=0.00, real=0.00 secs] 
2017-07-06T17:12:49.198+0900: 20.901: [GC2017-07-06T17:12:49.198+0900: 20.901: [DefNew
Desired survivor size 131072 bytes, new threshold 15 (max 15)
- age   1:      16384 bytes,      16384 total
- age   2:       4784 bytes,      21168 total
- age   3:       4704 bytes,      25872 total
- age   4:       4648 bytes,      30520 total
- age   5:       4704 bytes,      35224 total
- age   6:       4648 bytes,      39872 total
- age   7:       4704 bytes,      44576 total
- age   8:       4648 bytes,      49224 total
- age   9:       4704 bytes,      53928 total
- age  10:       4704 bytes,      58632 total
- age  11:       4648 bytes,      63280 total
- age  12:       4704 bytes,      67984 total
- age  13:       4648 bytes,      72632 total
- age  14:       4704 bytes,      77336 total
- age  15:       4704 bytes,      82040 total
: 2263K->80K(2432K), 0.0005055 secs] 7382K->5202K(7936K), 0.0005680 secs] [Times: user=0.00 sys=0.00, real=0.00 secs] 
2017-07-06T17:12:49.221+0900: 20.925: [GC2017-07-06T17:12:49.221+0900: 20.925: [DefNew
Desired survivor size 131072 bytes, new threshold 15 (max 15)
- age   1:      16384 bytes,      16384 total
- age   2:       4840 bytes,      21224 total
- age   3:       4648 bytes,      25872 total
- age   4:       4704 bytes,      30576 total
- age   5:       4648 bytes,      35224 total
- age   6:       4704 bytes,      39928 total
- age   7:       4648 bytes,      44576 total
- age   8:       4704 bytes,      49280 total
- age   9:       4648 bytes,      53928 total
- age  10:       4704 bytes,      58632 total
- age  11:       4704 bytes,      63336 total
- age  12:       4648 bytes,      67984 total
- age  13:       4704 bytes,      72688 total
- age  14:       4648 bytes,      77336 total
- age  15:       4704 bytes,      82040 total
: 2256K->80K(2432K), 0.0005642 secs] 7378K->5207K(7936K), 0.0006404 secs] [Times: user=0.00 sys=0.00, real=0.00 secs] 
2017-07-06T17:12:49.246+0900: 20.949: [GC2017-07-06T17:12:49.246+0900: 20.949: [DefNew
Desired survivor size 131072 bytes, new threshold 15 (max 15)
- age   1:      24400 bytes,      24400 total
- age   2:       4840 bytes,      29240 total
- age   3:       4704 bytes,      33944 total
- age   4:       4648 bytes,      38592 total
- age   5:       4704 bytes,      43296 total
- age   6:       4648 bytes,      47944 total
- age   7:       4704 bytes,      52648 total
- age   8:       4648 bytes,      57296 total
- age   9:       4704 bytes,      62000 total
- age  10:       4648 bytes,      66648 total
- age  11:       4704 bytes,      71352 total
- age  12:       4704 bytes,      76056 total
- age  13:       4648 bytes,      80704 total
- age  14:       4704 bytes,      85408 total
- age  15:       4648 bytes,      90056 total
: 2242K->87K(2432K), 0.0005372 secs] 7369K->5219K(7936K), 0.0006134 secs] [Times: user=0.00 sys=0.00, real=0.00 secs] 
2017-07-06T17:12:49.267+0900: 20.971: [GC2017-07-06T17:12:49.267+0900: 20.971: [DefNew
Desired survivor size 131072 bytes, new threshold 15 (max 15)
- age   1:      16384 bytes,      16384 total
- age   2:       4784 bytes,      21168 total
- age   3:       4704 bytes,      25872 total
- age   4:       4704 bytes,      30576 total
- age   5:       4648 bytes,      35224 total
- age   6:       4704 bytes,      39928 total
- age   7:       4648 bytes,      44576 total
- age   8:       4704 bytes,      49280 total
- age   9:       4648 bytes,      53928 total
- age  10:       4704 bytes,      58632 total
- age  11:       4648 bytes,      63280 total
- age  12:       4704 bytes,      67984 total
- age  13:       4704 bytes,      72688 total
- age  14:       4648 bytes,      77336 total
- age  15:       4704 bytes,      82040 total
: 2256K->80K(2432K), 0.0005248 secs] 7388K->5216K(7936K), 0.0005911 secs] [Times: user=0.00 sys=0.00, real=0.00 secs] 
2017-07-06T17:12:49.290+0900: 20.993: [GC2017-07-06T17:12:49.290+0900: 20.993: [DefNew
Desired survivor size 131072 bytes, new threshold 15 (max 15)
- age   1:      24400 bytes,      24400 total
- age   2:       4840 bytes,      29240 total
- age   3:       4648 bytes,      33888 total
- age   4:       4704 bytes,      38592 total
- age   5:       4704 bytes,      43296 total
- age   6:       4648 bytes,      47944 total
- age   7:       4704 bytes,      52648 total
- age   8:       4648 bytes,      57296 total
- age   9:       4704 bytes,      62000 total
- age  10:       4648 bytes,      66648 total
- age  11:       4704 bytes,      71352 total
- age  12:       4648 bytes,      76000 total
- age  13:       4704 bytes,      80704 total
- age  14:       4704 bytes,      85408 total
- age  15:       4648 bytes,      90056 total
: 2241K->87K(2432K), 0.0005286 secs] 7377K->5229K(7936K), 0.0005950 secs] [Times: user=0.00 sys=0.00, real=0.00 secs] 
2017-07-06T17:12:49.313+0900: 21.016: [GC2017-07-06T17:12:49.313+0900: 21.016: [DefNew
Desired survivor size 131072 bytes, new threshold 15 (max 15)
- age   1:      16384 bytes,      16384 total
- age   2:       4784 bytes,      21168 total
- age   3:       4704 bytes,      25872 total
- age   4:       4648 bytes,      30520 total
- age   5:       4704 bytes,      35224 total
- age   6:       4704 bytes,      39928 total
- age   7:       4648 bytes,      44576 total
- age   8:       4704 bytes,      49280 total
- age   9:       4648 bytes,      53928 total
- age  10:       4704 bytes,      58632 total
- age  11:       4648 bytes,      63280 total
- age  12:       4704 bytes,      67984 total
- age  13:       4648 bytes,      72632 total
- age  14:       4704 bytes,      77336 total
- age  15:       4704 bytes,      82040 total
: 2263K->80K(2432K), 0.0005372 secs] 7405K->5225K(7936K), 0.0006057 secs] [Times: user=0.00 sys=0.00, real=0.00 secs] 
2017-07-06T17:12:49.335+0900: 21.038: [GC2017-07-06T17:12:49.335+0900: 21.038: [DefNew
Desired survivor size 131072 bytes, new threshold 15 (max 15)
- age   1:      16384 bytes,      16384 total
- age   2:       4840 bytes,      21224 total
- age   3:       4648 bytes,      25872 total
- age   4:       4704 bytes,      30576 total
- age   5:       4648 bytes,      35224 total
- age   6:       4704 bytes,      39928 total
- age   7:       4704 bytes,      44632 total
- age   8:       4648 bytes,      49280 total
- age   9:       4704 bytes,      53984 total
- age  10:       4648 bytes,      58632 total
- age  11:       4704 bytes,      63336 total
- age  12:       4648 bytes,      67984 total
- age  13:       4704 bytes,      72688 total
- age  14:       4648 bytes,      77336 total
- age  15:       4704 bytes,      82040 total
: 2256K->80K(2432K), 0.0005359 secs] 7401K->5230K(7936K), 0.0006104 secs] [Times: user=0.00 sys=0.00, real=0.00 secs] 
2017-07-06T17:12:49.361+0900: 21.065: [GC2017-07-06T17:12:49.362+0900: 21.065: [DefNew
Desired survivor size 131072 bytes, new threshold 15 (max 15)
- age   1:      24400 bytes,      24400 total
- age   2:       4840 bytes,      29240 total
- age   3:       4704 bytes,      33944 total
- age   4:       4648 bytes,      38592 total
- age   5:       4704 bytes,      43296 total
- age   6:       4648 bytes,      47944 total
- age   7:       4704 bytes,      52648 total
- age   8:       4704 bytes,      57352 total
- age   9:       4648 bytes,      62000 total
- age  10:       4704 bytes,      66704 total
- age  11:       4648 bytes,      71352 total
- age  12:       4704 bytes,      76056 total
- age  13:       4648 bytes,      80704 total
- age  14:       4704 bytes,      85408 total
- age  15:       4648 bytes,      90056 total
: 2242K->87K(2432K), 0.0005766 secs] 7392K->5242K(7936K), 0.0006772 secs] [Times: user=0.00 sys=0.00, real=0.00 secs] 
2017-07-06T17:12:49.384+0900: 21.087: [GC2017-07-06T17:12:49.384+0900: 21.087: [DefNew
Desired survivor size 131072 bytes, new threshold 15 (max 15)
- age   1:      16384 bytes,      16384 total
- age   2:       4784 bytes,      21168 total
- age   3:       4704 bytes,      25872 total
- age   4:       4704 bytes,      30576 total
- age   5:       4648 bytes,      35224 total
- age   6:       4704 bytes,      39928 total
- age   7:       4648 bytes,      44576 total
- age   8:       4704 bytes,      49280 total
- age   9:       4704 bytes,      53984 total
- age  10:       4648 bytes,      58632 total
- age  11:       4704 bytes,      63336 total
- age  12:       4648 bytes,      67984 total
- age  13:       4704 bytes,      72688 total
- age  14:       4648 bytes,      77336 total
- age  15:       4704 bytes,      82040 total
: 2263K->80K(2432K), 0.0005312 secs] 7418K->5239K(7936K), 0.0005975 secs] [Times: user=0.00 sys=0.00, real=0.00 secs] 
2017-07-06T17:12:49.406+0900: 21.109: [GC2017-07-06T17:12:49.406+0900: 21.109: [DefNew
Desired survivor size 131072 bytes, new threshold 15 (max 15)
- age   1:      16384 bytes,      16384 total
- age   2:       4840 bytes,      21224 total
- age   3:       4648 bytes,      25872 total
- age   4:       4704 bytes,      30576 total
- age   5:       4704 bytes,      35280 total
- age   6:       4648 bytes,      39928 total
- age   7:       4704 bytes,      44632 total
- age   8:       4648 bytes,      49280 total
- age   9:       4704 bytes,      53984 total
- age  10:       4704 bytes,      58688 total
- age  11:       4648 bytes,      63336 total
- age  12:       4704 bytes,      68040 total
- age  13:       4648 bytes,      72688 total
- age  14:       4704 bytes,      77392 total
- age  15:       4648 bytes,      82040 total
: 2256K->80K(2432K), 0.0005248 secs] 7415K->5244K(7936K), 0.0005907 secs] [Times: user=0.00 sys=0.00, real=0.00 secs] 
2017-07-06T17:12:49.427+0900: 21.130: [GC2017-07-06T17:12:49.427+0900: 21.130: [DefNew
Desired survivor size 131072 bytes, new threshold 15 (max 15)
- age   1:      24400 bytes,      24400 total
- age   2:       4840 bytes,      29240 total
- age   3:       4704 bytes,      33944 total
- age   4:       4648 bytes,      38592 total
- age   5:       4704 bytes,      43296 total
- age   6:       4704 bytes,      48000 total
- age   7:       4648 bytes,      52648 total
- age   8:       4704 bytes,      57352 total
- age   9:       4648 bytes,      62000 total
- age  10:       4704 bytes,      66704 total
- age  11:       4704 bytes,      71408 total
- age  12:       4648 bytes,      76056 total
- age  13:       4704 bytes,      80760 total
- age  14:       4648 bytes,      85408 total
- age  15:       4704 bytes,      90112 total
: 2242K->88K(2432K), 0.0005137 secs] 7406K->5256K(7936K), 0.0005843 secs] [Times: user=0.00 sys=0.00, real=0.00 secs] 
2017-07-06T17:12:49.452+0900: 21.155: [GC2017-07-06T17:12:49.452+0900: 21.155: [DefNew
Desired survivor size 131072 bytes, new threshold 15 (max 15)
- age   1:      16384 bytes,      16384 total
- age   2:       4784 bytes,      21168 total
- age   3:       4704 bytes,      25872 total
- age   4:       4704 bytes,      30576 total
- age   5:       4648 bytes,      35224 total
- age   6:       4704 bytes,      39928 total
- age   7:       4704 bytes,      44632 total
- age   8:       4648 bytes,      49280 total
- age   9:       4704 bytes,      53984 total
- age  10:       4648 bytes,      58632 total
- age  11:       4704 bytes,      63336 total
- age  12:       4704 bytes,      68040 total
- age  13:       4648 bytes,      72688 total
- age  14:       4704 bytes,      77392 total
- age  15:       4648 bytes,      82040 total
: 2256K->80K(2432K), 0.0005539 secs] 7424K->5253K(7936K), 0.0006296 secs] [Times: user=0.00 sys=0.00, real=0.00 secs] 
2017-07-06T17:12:49.477+0900: 21.180: [GC2017-07-06T17:12:49.477+0900: 21.180: [DefNew
Desired survivor size 131072 bytes, new threshold 15 (max 15)
- age   1:      24400 bytes,      24400 total
- age   2:       4840 bytes,      29240 total
- age   3:       4648 bytes,      33888 total
- age   4:       4704 bytes,      38592 total
- age   5:       4704 bytes,      43296 total
- age   6:       4648 bytes,      47944 total
- age   7:       4704 bytes,      52648 total
- age   8:       4704 bytes,      57352 total
- age   9:       4648 bytes,      62000 total
- age  10:       4704 bytes,      66704 total
- age  11:       4648 bytes,      71352 total
- age  12:       4704 bytes,      76056 total
- age  13:       4704 bytes,      80760 total
- age  14:       4648 bytes,      85408 total
- age  15:       4704 bytes,      90112 total
: 2241K->88K(2432K), 0.0005462 secs] 7414K->5265K(7936K), 0.0006181 secs] [Times: user=0.00 sys=0.00, real=0.00 secs] 
2017-07-06T17:12:49.499+0900: 21.202: [GC2017-07-06T17:12:49.499+0900: 21.202: [DefNew
Desired survivor size 131072 bytes, new threshold 15 (max 15)
- age   1:      16384 bytes,      16384 total
- age   2:       4784 bytes,      21168 total
- age   3:       4704 bytes,      25872 total
- age   4:       4648 bytes,      30520 total
- age   5:       4704 bytes,      35224 total
- age   6:       4704 bytes,      39928 total
- age   7:       4648 bytes,      44576 total
- age   8:       4704 bytes,      49280 total
- age   9:       4704 bytes,      53984 total
- age  10:       4648 bytes,      58632 total
- age  11:       4704 bytes,      63336 total
- age  12:       4648 bytes,      67984 total
- age  13:       4704 bytes,      72688 total
- age  14:       4704 bytes,      77392 total
- age  15:       4648 bytes,      82040 total
: 2264K->80K(2432K), 0.0005432 secs] 7441K->5262K(7936K), 0.0006151 secs] [Times: user=0.00 sys=0.00, real=0.00 secs] 
2017-07-06T17:12:49.521+0900: 21.224: [GC2017-07-06T17:12:49.521+0900: 21.224: [DefNew
Desired survivor size 131072 bytes, new threshold 15 (max 15)
- age   1:      16384 bytes,      16384 total
- age   2:       4840 bytes,      21224 total
- age   3:       4648 bytes,      25872 total
- age   4:       4704 bytes,      30576 total
- age   5:       4648 bytes,      35224 total
- age   6:       4704 bytes,      39928 total
- age   7:       4704 bytes,      44632 total
- age   8:       4648 bytes,      49280 total
- age   9:       4704 bytes,      53984 total
- age  10:       4704 bytes,      58688 total
- age  11:       4648 bytes,      63336 total
- age  12:       4704 bytes,      68040 total
- age  13:       4648 bytes,      72688 total
- age  14:       4704 bytes,      77392 total
- age  15:       4704 bytes,      82096 total
: 2256K->80K(2432K), 0.0005184 secs] 7438K->5267K(7936K), 0.0005817 secs] [Times: user=0.00 sys=0.00, real=0.00 secs] 
2017-07-06T17:12:49.542+0900: 21.245: [GC2017-07-06T17:12:49.542+0900: 21.245: [DefNew
Desired survivor size 131072 bytes, new threshold 15 (max 15)
- age   1:      24400 bytes,      24400 total
- age   2:       4840 bytes,      29240 total
- age   3:       4704 bytes,      33944 total
- age   4:       4648 bytes,      38592 total
- age   5:       4704 bytes,      43296 total
- age   6:       4648 bytes,      47944 total
- age   7:       4704 bytes,      52648 total
- age   8:       4704 bytes,      57352 total
- age   9:       4648 bytes,      62000 total
- age  10:       4704 bytes,      66704 total
- age  11:       4704 bytes,      71408 total
- age  12:       4648 bytes,      76056 total
- age  13:       4704 bytes,      80760 total
- age  14:       4648 bytes,      85408 total
- age  15:       4704 bytes,      90112 total
: 2242K->88K(2432K), 0.0005107 secs] 7429K->5279K(7936K), 0.0005779 secs] [Times: user=0.00 sys=0.00, real=0.00 secs] 
2017-07-06T17:12:49.567+0900: 21.270: [GC2017-07-06T17:12:49.567+0900: 21.270: [DefNew
Desired survivor size 131072 bytes, new threshold 15 (max 15)
- age   1:      16384 bytes,      16384 total
- age   2:       4784 bytes,      21168 total
- age   3:       4704 bytes,      25872 total
- age   4:       4704 bytes,      30576 total
- age   5:       4648 bytes,      35224 total
- age   6:       4704 bytes,      39928 total
- age   7:       4648 bytes,      44576 total
- age   8:       4704 bytes,      49280 total
- age   9:       4704 bytes,      53984 total
- age  10:       4648 bytes,      58632 total
- age  11:       4704 bytes,      63336 total
- age  12:       4704 bytes,      68040 total
- age  13:       4648 bytes,      72688 total
- age  14:       4704 bytes,      77392 total
- age  15:       4648 bytes,      82040 total
: 2264K->80K(2432K), 0.0005445 secs] 7455K->5276K(7936K), 0.0006138 secs] [Times: user=0.00 sys=0.00, real=0.00 secs] 
2017-07-06T17:12:49.588+0900: 21.292: [GC2017-07-06T17:12:49.588+0900: 21.292: [DefNew
Desired survivor size 131072 bytes, new threshold 15 (max 15)
- age   1:      24400 bytes,      24400 total
- age   2:       4840 bytes,      29240 total
- age   3:       4648 bytes,      33888 total
- age   4:       4704 bytes,      38592 total
- age   5:       4704 bytes,      43296 total
- age   6:       4648 bytes,      47944 total
- age   7:       4704 bytes,      52648 total
- age   8:       4648 bytes,      57296 total
- age   9:       4704 bytes,      62000 total
- age  10:       4704 bytes,      66704 total
- age  11:       4648 bytes,      71352 total
- age  12:       4704 bytes,      76056 total
- age  13:       4704 bytes,      80760 total
- age  14:       4648 bytes,      85408 total
- age  15:       4704 bytes,      90112 total
: 2240K->88K(2432K), 0.0005556 secs] 7436K->5288K(7936K), 0.0006232 secs] [Times: user=0.00 sys=0.00, real=0.00 secs] 
2017-07-06T17:12:49.610+0900: 21.313: [GC2017-07-06T17:12:49.610+0900: 21.313: [DefNew
Desired survivor size 131072 bytes, new threshold 15 (max 15)
- age   1:      16384 bytes,      16384 total
- age   2:       4784 bytes,      21168 total
- age   3:       4704 bytes,      25872 total
- age   4:       4648 bytes,      30520 total
- age   5:       4704 bytes,      35224 total
- age   6:       4704 bytes,      39928 total
- age   7:       4648 bytes,      44576 total
- age   8:       4704 bytes,      49280 total
- age   9:       4648 bytes,      53928 total
- age  10:       4704 bytes,      58632 total
- age  11:       4704 bytes,      63336 total
- age  12:       4648 bytes,      67984 total
- age  13:       4704 bytes,      72688 total
- age  14:       4704 bytes,      77392 total
- age  15:       4648 bytes,      82040 total
: 2264K->80K(2432K), 0.0005171 secs] 7464K->5285K(7936K), 0.0005804 secs] [Times: user=0.00 sys=0.00, real=0.00 secs] 
2017-07-06T17:12:49.631+0900: 21.335: [GC2017-07-06T17:12:49.631+0900: 21.335: [DefNew
Desired survivor size 131072 bytes, new threshold 15 (max 15)
- age   1:      24400 bytes,      24400 total
- age   2:       4840 bytes,      29240 total
- age   3:       4648 bytes,      33888 total
- age   4:       4704 bytes,      38592 total
- age   5:       4648 bytes,      43240 total
- age   6:       4704 bytes,      47944 total
- age   7:       4704 bytes,      52648 total
- age   8:       4648 bytes,      57296 total
- age   9:       4704 bytes,      62000 total
- age  10:       4648 bytes,      66648 total
- age  11:       4704 bytes,      71352 total
- age  12:       4704 bytes,      76056 total
- age  13:       4648 bytes,      80704 total
- age  14:       4704 bytes,      85408 total
- age  15:       4704 bytes,      90112 total
: 2240K->88K(2432K), 0.0005085 secs] 7445K->5297K(7936K), 0.0005766 secs] [Times: user=0.00 sys=0.00, real=0.00 secs] 
2017-07-06T17:12:49.654+0900: 21.357: [GC2017-07-06T17:12:49.654+0900: 21.357: [DefNew
Desired survivor size 131072 bytes, new threshold 15 (max 15)
- age   1:      16384 bytes,      16384 total
- age   2:       4784 bytes,      21168 total
- age   3:       4704 bytes,      25872 total
- age   4:       4648 bytes,      30520 total
- age   5:       4704 bytes,      35224 total
- age   6:       4648 bytes,      39872 total
- age   7:       4704 bytes,      44576 total
- age   8:       4704 bytes,      49280 total
- age   9:       4648 bytes,      53928 total
- age  10:       4704 bytes,      58632 total
- age  11:       4648 bytes,      63280 total
- age  12:       4704 bytes,      67984 total
- age  13:       4704 bytes,      72688 total
- age  14:       4648 bytes,      77336 total
- age  15:       4704 bytes,      82040 total
: 2264K->80K(2432K), 0.0005440 secs] 7473K->5294K(7936K), 0.0006160 secs] [Times: user=0.00 sys=0.00, real=0.00 secs] 
2017-07-06T17:12:49.678+0900: 21.381: [GC2017-07-06T17:12:49.678+0900: 21.381: [DefNew
Desired survivor size 131072 bytes, new threshold 15 (max 15)
- age   1:      24400 bytes,      24400 total
- age   2:       4840 bytes,      29240 total
- age   3:       4648 bytes,      33888 total
- age   4:       4704 bytes,      38592 total
- age   5:       4648 bytes,      43240 total
- age   6:       4704 bytes,      47944 total
- age   7:       4648 bytes,      52592 total
- age   8:       4704 bytes,      57296 total
- age   9:       4704 bytes,      62000 total
- age  10:       4648 bytes,      66648 total
- age  11:       4704 bytes,      71352 total
- age  12:       4648 bytes,      76000 total
- age  13:       4704 bytes,      80704 total
- age  14:       4704 bytes,      85408 total
- age  15:       4648 bytes,      90056 total
: 2241K->87K(2432K), 0.0005389 secs] 7455K->5306K(7936K), 0.0006100 secs] [Times: user=0.00 sys=0.00, real=0.00 secs] 
2017-07-06T17:12:49.700+0900: 21.403: [GC2017-07-06T17:12:49.700+0900: 21.403: [DefNew
Desired survivor size 131072 bytes, new threshold 15 (max 15)
- age   1:      16384 bytes,      16384 total
- age   2:       4784 bytes,      21168 total
- age   3:       4704 bytes,      25872 total
- age   4:       4648 bytes,      30520 total
- age   5:       4704 bytes,      35224 total
- age   6:       4648 bytes,      39872 total
- age   7:       4704 bytes,      44576 total
- age   8:       4648 bytes,      49224 total
- age   9:       4704 bytes,      53928 total
- age  10:       4704 bytes,      58632 total
- age  11:       4648 bytes,      63280 total
- age  12:       4704 bytes,      67984 total
- age  13:       4648 bytes,      72632 total
- age  14:       4704 bytes,      77336 total
- age  15:       4704 bytes,      82040 total
: 2263K->80K(2432K), 0.0005244 secs] 7482K->5303K(7936K), 0.0005911 secs] [Times: user=0.00 sys=0.00, real=0.00 secs] 
2017-07-06T17:12:49.721+0900: 21.425: [GC2017-07-06T17:12:49.721+0900: 21.425: [DefNew
Desired survivor size 131072 bytes, new threshold 15 (max 15)
- age   1:      16384 bytes,      16384 total
- age   2:       4840 bytes,      21224 total
- age   3:       4648 bytes,      25872 total
- age   4:       4704 bytes,      30576 total
- age   5:       4648 bytes,      35224 total
- age   6:       4704 bytes,      39928 total
- age   7:       4648 bytes,      44576 total
- age   8:       4704 bytes,      49280 total
- age   9:       4648 bytes,      53928 total
- age  10:       4704 bytes,      58632 total
- age  11:       4704 bytes,      63336 total
- age  12:       4648 bytes,      67984 total
- age  13:       4704 bytes,      72688 total
- age  14:       4648 bytes,      77336 total
- age  15:       4704 bytes,      82040 total
: 2256K->80K(2432K), 0.0005184 secs] 7479K->5308K(7936K), 0.0005877 secs] [Times: user=0.00 sys=0.00, real=0.00 secs] 
2017-07-06T17:12:49.743+0900: 21.446: [GC2017-07-06T17:12:49.743+0900: 21.446: [DefNew
Desired survivor size 131072 bytes, new threshold 15 (max 15)
- age   1:      24400 bytes,      24400 total
- age   2:       4840 bytes,      29240 total
- age   3:       4704 bytes,      33944 total
- age   4:       4648 bytes,      38592 total
- age   5:       4704 bytes,      43296 total
- age   6:       4648 bytes,      47944 total
- age   7:       4704 bytes,      52648 total
- age   8:       4648 bytes,      57296 total
- age   9:       4704 bytes,      62000 total
- age  10:       4648 bytes,      66648 total
- age  11:       4704 bytes,      71352 total
- age  12:       4704 bytes,      76056 total
- age  13:       4648 bytes,      80704 total
- age  14:       4704 bytes,      85408 total
- age  15:       4648 bytes,      90056 total
: 2242K->87K(2432K), 0.0005068 secs] 7470K->5320K(7936K), 0.0005672 secs] [Times: user=0.00 sys=0.00, real=0.00 secs] 
2017-07-06T17:12:49.764+0900: 21.467: [GC2017-07-06T17:12:49.764+0900: 21.467: [DefNew
Desired survivor size 131072 bytes, new threshold 15 (max 15)
- age   1:      16384 bytes,      16384 total
- age   2:       4784 bytes,      21168 total
- age   3:       4704 bytes,      25872 total
- age   4:       4704 bytes,      30576 total
- age   5:       4648 bytes,      35224 total
- age   6:       4704 bytes,      39928 total
- age   7:       4648 bytes,      44576 total
- age   8:       4704 bytes,      49280 total
- age   9:       4648 bytes,      53928 total
- age  10:       4704 bytes,      58632 total
- age  11:       4648 bytes,      63280 total
- age  12:       4704 bytes,      67984 total
- age  13:       4704 bytes,      72688 total
- age  14:       4648 bytes,      77336 total
- age  15:       4704 bytes,      82040 total
: 2256K->80K(2432K), 0.0005244 secs] 7488K->5317K(7936K), 0.0005881 secs] [Times: user=0.00 sys=0.00, real=0.00 secs] 
2017-07-06T17:12:49.790+0900: 21.493: [GC2017-07-06T17:12:49.790+0900: 21.494: [DefNew
Desired survivor size 131072 bytes, new threshold 15 (max 15)
- age   1:      24400 bytes,      24400 total
- age   2:       4840 bytes,      29240 total
- age   3:       4648 bytes,      33888 total
- age   4:       4704 bytes,      38592 total
- age   5:       4704 bytes,      43296 total
- age   6:       4648 bytes,      47944 total
- age   7:       4704 bytes,      52648 total
- age   8:       4648 bytes,      57296 total
- age   9:       4704 bytes,      62000 total
- age  10:       4648 bytes,      66648 total
- age  11:       4704 bytes,      71352 total
- age  12:       4648 bytes,      76000 total
- age  13:       4704 bytes,      80704 total
- age  14:       4704 bytes,      85408 total
- age  15:       4648 bytes,      90056 total
: 2241K->87K(2432K), 0.0005423 secs] 7478K->5329K(7936K), 0.0006305 secs] [Times: user=0.00 sys=0.00, real=0.00 secs] 
2017-07-06T17:12:49.813+0900: 21.516: [GC2017-07-06T17:12:49.813+0900: 21.516: [DefNew
Desired survivor size 131072 bytes, new threshold 15 (max 15)
- age   1:      16384 bytes,      16384 total
- age   2:       4784 bytes,      21168 total
- age   3:       4704 bytes,      25872 total
- age   4:       4648 bytes,      30520 total
- age   5:       4704 bytes,      35224 total
- age   6:       4704 bytes,      39928 total
- age   7:       4648 bytes,      44576 total
- age   8:       4704 bytes,      49280 total
- age   9:       4648 bytes,      53928 total
- age  10:       4704 bytes,      58632 total
- age  11:       4648 bytes,      63280 total
- age  12:       4704 bytes,      67984 total
- age  13:       4648 bytes,      72632 total
- age  14:       4704 bytes,      77336 total
- age  15:       4704 bytes,      82040 total
: 2263K->80K(2432K), 0.0005303 secs] 7505K->5326K(7936K), 0.0006703 secs] [Times: user=0.00 sys=0.00, real=0.00 secs] 
2017-07-06T17:12:49.835+0900: 21.538: [GC2017-07-06T17:12:49.835+0900: 21.538: [DefNew
Desired survivor size 131072 bytes, new threshold 15 (max 15)
- age   1:      16384 bytes,      16384 total
- age   2:       4840 bytes,      21224 total
- age   3:       4648 bytes,      25872 total
- age   4:       4704 bytes,      30576 total
- age   5:       4648 bytes,      35224 total
- age   6:       4704 bytes,      39928 total
- age   7:       4704 bytes,      44632 total
- age   8:       4648 bytes,      49280 total
- age   9:       4704 bytes,      53984 total
- age  10:       4648 bytes,      58632 total
- age  11:       4704 bytes,      63336 total
- age  12:       4648 bytes,      67984 total
- age  13:       4704 bytes,      72688 total
- age  14:       4648 bytes,      77336 total
- age  15:       4704 bytes,      82040 total
: 2256K->80K(2432K), 0.0005239 secs] 7502K->5330K(7936K), 0.0005881 secs] [Times: user=0.00 sys=0.00, real=0.00 secs] 
2017-07-06T17:12:49.856+0900: 21.559: [GC2017-07-06T17:12:49.856+0900: 21.559: [DefNew
Desired survivor size 131072 bytes, new threshold 15 (max 15)
- age   1:      24400 bytes,      24400 total
- age   2:       4840 bytes,      29240 total
- age   3:       4704 bytes,      33944 total
- age   4:       4648 bytes,      38592 total
- age   5:       4704 bytes,      43296 total
- age   6:       4648 bytes,      47944 total
- age   7:       4704 bytes,      52648 total
- age   8:       4704 bytes,      57352 total
- age   9:       4648 bytes,      62000 total
- age  10:       4704 bytes,      66704 total
- age  11:       4648 bytes,      71352 total
- age  12:       4704 bytes,      76056 total
- age  13:       4648 bytes,      80704 total
- age  14:       4704 bytes,      85408 total
- age  15:       4648 bytes,      90056 total
: 2242K->87K(2432K), 0.0005107 secs] 7493K->5343K(7936K), 0.0005736 secs] [Times: user=0.02 sys=0.00, real=0.00 secs] 
2017-07-06T17:12:49.878+0900: 21.581: [GC2017-07-06T17:12:49.878+0900: 21.581: [DefNew
Desired survivor size 131072 bytes, new threshold 15 (max 15)
- age   1:      16384 bytes,      16384 total
- age   2:       4784 bytes,      21168 total
- age   3:       4704 bytes,      25872 total
- age   4:       4704 bytes,      30576 total
- age   5:       4648 bytes,      35224 total
- age   6:       4704 bytes,      39928 total
- age   7:       4648 bytes,      44576 total
- age   8:       4704 bytes,      49280 total
- age   9:       4704 bytes,      53984 total
- age  10:       4648 bytes,      58632 total
- age  11:       4704 bytes,      63336 total
- age  12:       4648 bytes,      67984 total
- age  13:       4704 bytes,      72688 total
- age  14:       4648 bytes,      77336 total
- age  15:       4704 bytes,      82040 total
: 2263K->80K(2432K), 0.0005128 secs] 7519K->5340K(7936K), 0.0005744 secs] [Times: user=0.00 sys=0.00, real=0.00 secs] 
2017-07-06T17:12:49.899+0900: 21.603: [GC2017-07-06T17:12:49.899+0900: 21.603: [DefNew
Desired survivor size 131072 bytes, new threshold 15 (max 15)
- age   1:      16384 bytes,      16384 total
- age   2:       4840 bytes,      21224 total
- age   3:       4648 bytes,      25872 total
- age   4:       4704 bytes,      30576 total
- age   5:       4704 bytes,      35280 total
- age   6:       4648 bytes,      39928 total
- age   7:       4704 bytes,      44632 total
- age   8:       4648 bytes,      49280 total
- age   9:       4704 bytes,      53984 total
- age  10:       4704 bytes,      58688 total
- age  11:       4648 bytes,      63336 total
- age  12:       4704 bytes,      68040 total
- age  13:       4648 bytes,      72688 total
- age  14:       4704 bytes,      77392 total
- age  15:       4648 bytes,      82040 total
: 2256K->80K(2432K), 0.0005556 secs] 7516K->5344K(7936K), 0.0006361 secs] [Times: user=0.00 sys=0.00, real=0.00 secs] 
2017-07-06T17:12:49.923+0900: 21.626: [GC2017-07-06T17:12:49.923+0900: 21.626: [DefNew
Desired survivor size 131072 bytes, new threshold 15 (max 15)
- age   1:      24400 bytes,      24400 total
- age   2:       4840 bytes,      29240 total
- age   3:       4704 bytes,      33944 total
- age   4:       4648 bytes,      38592 total
- age   5:       4704 bytes,      43296 total
- age   6:       4704 bytes,      48000 total
- age   7:       4648 bytes,      52648 total
- age   8:       4704 bytes,      57352 total
- age   9:       4648 bytes,      62000 total
- age  10:       4704 bytes,      66704 total
- age  11:       4704 bytes,      71408 total
- age  12:       4648 bytes,      76056 total
- age  13:       4704 bytes,      80760 total
- age  14:       4648 bytes,      85408 total
- age  15:       4704 bytes,      90112 total
: 2242K->88K(2432K), 0.0005449 secs] 7506K->5357K(7936K), 0.0006177 secs] [Times: user=0.00 sys=0.00, real=0.00 secs] 
2017-07-06T17:12:49.945+0900: 21.648: [GC2017-07-06T17:12:49.945+0900: 21.648: [DefNew
Desired survivor size 131072 bytes, new threshold 15 (max 15)
- age   1:      16384 bytes,      16384 total
- age   2:       4784 bytes,      21168 total
- age   3:       4704 bytes,      25872 total
- age   4:       4704 bytes,      30576 total
- age   5:       4648 bytes,      35224 total
- age   6:       4704 bytes,      39928 total
- age   7:       4704 bytes,      44632 total
- age   8:       4648 bytes,      49280 total
- age   9:       4704 bytes,      53984 total
- age  10:       4648 bytes,      58632 total
- age  11:       4704 bytes,      63336 total
- age  12:       4704 bytes,      68040 total
- age  13:       4648 bytes,      72688 total
- age  14:       4704 bytes,      77392 total
- age  15:       4648 bytes,      82040 total
: 2256K->80K(2432K), 0.0005291 secs] 7525K->5353K(7936K), 0.0005950 secs] [Times: user=0.00 sys=0.00, real=0.00 secs] 
2017-07-06T17:12:49.966+0900: 21.669: [GC2017-07-06T17:12:49.966+0900: 21.669: [DefNew
Desired survivor size 131072 bytes, new threshold 15 (max 15)
- age   1:      24400 bytes,      24400 total
- age   2:       4840 bytes,      29240 total
- age   3:       4648 bytes,      33888 total
- age   4:       4704 bytes,      38592 total
- age   5:       4704 bytes,      43296 total
- age   6:       4648 bytes,      47944 total
- age   7:       4704 bytes,      52648 total
- age   8:       4704 bytes,      57352 total
- age   9:       4648 bytes,      62000 total
- age  10:       4704 bytes,      66704 total
- age  11:       4648 bytes,      71352 total
- age  12:       4704 bytes,      76056 total
- age  13:       4704 bytes,      80760 total
- age  14:       4648 bytes,      85408 total
- age  15:       4704 bytes,      90112 total
: 2241K->88K(2432K), 0.0005201 secs] 7515K->5366K(7936K), 0.0005856 secs] [Times: user=0.02 sys=0.00, real=0.00 secs] 
2017-07-06T17:12:49.988+0900: 21.691: [GC2017-07-06T17:12:49.988+0900: 21.691: [DefNew
Desired survivor size 131072 bytes, new threshold 15 (max 15)
- age   1:      16384 bytes,      16384 total
- age   2:       4784 bytes,      21168 total
- age   3:       4704 bytes,      25872 total
- age   4:       4648 bytes,      30520 total
- age   5:       4704 bytes,      35224 total
- age   6:       4704 bytes,      39928 total
- age   7:       4648 bytes,      44576 total
- age   8:       4704 bytes,      49280 total
- age   9:       4704 bytes,      53984 total
- age  10:       4648 bytes,      58632 total
- age  11:       4704 bytes,      63336 total
- age  12:       4648 bytes,      67984 total
- age  13:       4704 bytes,      72688 total
- age  14:       4704 bytes,      77392 total
- age  15:       4648 bytes,      82040 total
: 2264K->80K(2432K), 0.0005115 secs] 7542K->5362K(7936K), 0.0005736 secs] [Times: user=0.00 sys=0.00, real=0.00 secs] 
2017-07-06T17:12:50.011+0900: 21.714: [GC2017-07-06T17:12:50.011+0900: 21.714: [DefNew
Desired survivor size 131072 bytes, new threshold 15 (max 15)
- age   1:      16384 bytes,      16384 total
- age   2:       4840 bytes,      21224 total
- age   3:       4648 bytes,      25872 total
- age   4:       4704 bytes,      30576 total
- age   5:       4648 bytes,      35224 total
- age   6:       4704 bytes,      39928 total
- age   7:       4704 bytes,      44632 total
- age   8:       4648 bytes,      49280 total
- age   9:       4704 bytes,      53984 total
- age  10:       4704 bytes,      58688 total
- age  11:       4648 bytes,      63336 total
- age  12:       4704 bytes,      68040 total
- age  13:       4648 bytes,      72688 total
- age  14:       4704 bytes,      77392 total
- age  15:       4704 bytes,      82096 total
: 2256K->80K(2432K), 0.0005868 secs] 7538K->5367K(7936K), 0.0006720 secs] [Times: user=0.00 sys=0.00, real=0.00 secs] 
2017-07-06T17:12:50.034+0900: 21.737: [GC2017-07-06T17:12:50.034+0900: 21.737: [DefNew
Desired survivor size 131072 bytes, new threshold 15 (max 15)
- age   1:      24400 bytes,      24400 total
- age   2:       4840 bytes,      29240 total
- age   3:       4704 bytes,      33944 total
- age   4:       4648 bytes,      38592 total
- age   5:       4704 bytes,      43296 total
- age   6:       4648 bytes,      47944 total
- age   7:       4704 bytes,      52648 total
- age   8:       4704 bytes,      57352 total
- age   9:       4648 bytes,      62000 total
- age  10:       4704 bytes,      66704 total
- age  11:       4704 bytes,      71408 total
- age  12:       4648 bytes,      76056 total
- age  13:       4704 bytes,      80760 total
- age  14:       4648 bytes,      85408 total
- age  15:       4704 bytes,      90112 total
: 2242K->88K(2432K), 0.0005393 secs] 7530K->5379K(7936K), 0.0006070 secs] [Times: user=0.00 sys=0.00, real=0.00 secs] 
2017-07-06T17:12:50.056+0900: 21.759: [GC2017-07-06T17:12:50.056+0900: 21.759: [DefNew
Desired survivor size 131072 bytes, new threshold 15 (max 15)
- age   1:      16384 bytes,      16384 total
- age   2:       4784 bytes,      21168 total
- age   3:       4704 bytes,      25872 total
- age   4:       4704 bytes,      30576 total
- age   5:       4648 bytes,      35224 total
- age   6:       4704 bytes,      39928 total
- age   7:       4648 bytes,      44576 total
- age   8:       4704 bytes,      49280 total
- age   9:       4704 bytes,      53984 total
- age  10:       4648 bytes,      58632 total
- age  11:       4704 bytes,      63336 total
- age  12:       4704 bytes,      68040 total
- age  13:       4648 bytes,      72688 total
- age  14:       4704 bytes,      77392 total
- age  15:       4648 bytes,      82040 total
: 2264K->80K(2432K), 0.0005256 secs] 7555K->5376K(7936K), 0.0005907 secs] [Times: user=0.00 sys=0.00, real=0.00 secs] 
2017-07-06T17:12:50.077+0900: 21.780: [GC2017-07-06T17:12:50.077+0900: 21.780: [DefNew
Desired survivor size 131072 bytes, new threshold 15 (max 15)
- age   1:      24400 bytes,      24400 total
- age   2:       4840 bytes,      29240 total
- age   3:       4648 bytes,      33888 total
- age   4:       4704 bytes,      38592 total
- age   5:       4704 bytes,      43296 total
- age   6:       4648 bytes,      47944 total
- age   7:       4704 bytes,      52648 total
- age   8:       4648 bytes,      57296 total
- age   9:       4704 bytes,      62000 total
- age  10:       4704 bytes,      66704 total
- age  11:       4648 bytes,      71352 total
- age  12:       4704 bytes,      76056 total
- age  13:       4704 bytes,      80760 total
- age  14:       4648 bytes,      85408 total
- age  15:       4704 bytes,      90112 total
: 2240K->88K(2432K), 0.0005094 secs] 7536K->5389K(7936K), 0.0005693 secs] [Times: user=0.00 sys=0.00, real=0.00 secs] 
2017-07-06T17:12:50.098+0900: 21.802: [GC2017-07-06T17:12:50.098+0900: 21.802: [DefNew
Desired survivor size 131072 bytes, new threshold 15 (max 15)
- age   1:      16384 bytes,      16384 total
- age   2:       4784 bytes,      21168 total
- age   3:       4704 bytes,      25872 total
- age   4:       4648 bytes,      30520 total
- age   5:       4704 bytes,      35224 total
- age   6:       4704 bytes,      39928 total
- age   7:       4648 bytes,      44576 total
- age   8:       4704 bytes,      49280 total
- age   9:       4648 bytes,      53928 total
- age  10:       4704 bytes,      58632 total
- age  11:       4704 bytes,      63336 total
- age  12:       4648 bytes,      67984 total
- age  13:       4704 bytes,      72688 total
- age  14:       4704 bytes,      77392 total
- age  15:       4648 bytes,      82040 total
: 2264K->80K(2432K), 0.0005068 secs] 7565K->5385K(7936K), 0.0005714 secs] [Times: user=0.00 sys=0.00, real=0.00 secs] 
2017-07-06T17:12:50.120+0900: 21.823: [GC2017-07-06T17:12:50.120+0900: 21.823: [DefNew
Desired survivor size 131072 bytes, new threshold 15 (max 15)
- age   1:      24400 bytes,      24400 total
- age   2:       4840 bytes,      29240 total
- age   3:       4648 bytes,      33888 total
- age   4:       4704 bytes,      38592 total
- age   5:       4648 bytes,      43240 total
- age   6:       4704 bytes,      47944 total
- age   7:       4704 bytes,      52648 total
- age   8:       4648 bytes,      57296 total
- age   9:       4704 bytes,      62000 total
- age  10:       4648 bytes,      66648 total
- age  11:       4704 bytes,      71352 total
- age  12:       4704 bytes,      76056 total
- age  13:       4648 bytes,      80704 total
- age  14:       4704 bytes,      85408 total
- age  15:       4704 bytes,      90112 total
: 2240K->88K(2432K), 0.0005338 secs] 7546K->5398K(7936K), 0.0006802 secs] [Times: user=0.00 sys=0.00, real=0.00 secs] 
2017-07-06T17:12:50.144+0900: 21.847: [GC2017-07-06T17:12:50.144+0900: 21.847: [DefNew
Desired survivor size 131072 bytes, new threshold 15 (max 15)
- age   1:      16384 bytes,      16384 total
- age   2:       4784 bytes,      21168 total
- age   3:       4704 bytes,      25872 total
- age   4:       4648 bytes,      30520 total
- age   5:       4704 bytes,      35224 total
- age   6:       4648 bytes,      39872 total
- age   7:       4704 bytes,      44576 total
- age   8:       4704 bytes,      49280 total
- age   9:       4648 bytes,      53928 total
- age  10:       4704 bytes,      58632 total
- age  11:       4648 bytes,      63280 total
- age  12:       4704 bytes,      67984 total
- age  13:       4704 bytes,      72688 total
- age  14:       4648 bytes,      77336 total
- age  15:       4704 bytes,      82040 total
: 2264K->80K(2432K), 0.0005667 secs] 7574K->5394K(7936K), 0.0006540 secs] [Times: user=0.00 sys=0.00, real=0.00 secs] 
2017-07-06T17:12:50.167+0900: 21.870: [GC2017-07-06T17:12:50.167+0900: 21.870: [DefNew
Desired survivor size 131072 bytes, new threshold 15 (max 15)
- age   1:      24400 bytes,      24400 total
- age   2:       4840 bytes,      29240 total
- age   3:       4648 bytes,      33888 total
- age   4:       4704 bytes,      38592 total
- age   5:       4648 bytes,      43240 total
- age   6:       4704 bytes,      47944 total
- age   7:       4648 bytes,      52592 total
- age   8:       4704 bytes,      57296 total
- age   9:       4704 bytes,      62000 total
- age  10:       4648 bytes,      66648 total
- age  11:       4704 bytes,      71352 total
- age  12:       4648 bytes,      76000 total
- age  13:       4704 bytes,      80704 total
- age  14:       4704 bytes,      85408 total
- age  15:       4648 bytes,      90056 total
: 2241K->87K(2432K), 0.0005393 secs] 7556K->5407K(7936K), 0.0006082 secs] [Times: user=0.00 sys=0.00, real=0.00 secs] 
2017-07-06T17:12:50.189+0900: 21.892: [GC2017-07-06T17:12:50.189+0900: 21.892: [DefNew
Desired survivor size 131072 bytes, new threshold 15 (max 15)
- age   1:      16384 bytes,      16384 total
- age   2:       4784 bytes,      21168 total
- age   3:       4704 bytes,      25872 total
- age   4:       4648 bytes,      30520 total
- age   5:       4704 bytes,      35224 total
- age   6:       4648 bytes,      39872 total
- age   7:       4704 bytes,      44576 total
- age   8:       4648 bytes,      49224 total
- age   9:       4704 bytes,      53928 total
- age  10:       4704 bytes,      58632 total
- age  11:       4648 bytes,      63280 total
- age  12:       4704 bytes,      67984 total
- age  13:       4648 bytes,      72632 total
- age  14:       4704 bytes,      77336 total
- age  15:       4704 bytes,      82040 total
: 2263K->80K(2432K), 0.0005269 secs] 7583K->5404K(7936K), 0.0005975 secs] [Times: user=0.00 sys=0.00, real=0.00 secs] 
2017-07-06T17:12:50.210+0900: 21.913: [GC2017-07-06T17:12:50.210+0900: 21.913: [DefNew
Desired survivor size 131072 bytes, new threshold 15 (max 15)
- age   1:      16384 bytes,      16384 total
- age   2:       4840 bytes,      21224 total
- age   3:       4648 bytes,      25872 total
- age   4:       4704 bytes,      30576 total
- age   5:       4648 bytes,      35224 total
- age   6:       4704 bytes,      39928 total
- age   7:       4648 bytes,      44576 total
- age   8:       4704 bytes,      49280 total
- age   9:       4648 bytes,      53928 total
- age  10:       4704 bytes,      58632 total
- age  11:       4704 bytes,      63336 total
- age  12:       4648 bytes,      67984 total
- age  13:       4704 bytes,      72688 total
- age  14:       4648 bytes,      77336 total
- age  15:       4704 bytes,      82040 total
: 2256K->80K(2432K), 0.0005128 secs] 7580K->5408K(7936K), 0.0005757 secs] [Times: user=0.00 sys=0.00, real=0.00 secs] 
2017-07-06T17:12:50.232+0900: 21.935: [GC2017-07-06T17:12:50.232+0900: 21.935: [DefNew
Desired survivor size 131072 bytes, new threshold 15 (max 15)
- age   1:      24400 bytes,      24400 total
- age   2:       4840 bytes,      29240 total
- age   3:       4704 bytes,      33944 total
- age   4:       4648 bytes,      38592 total
- age   5:       4704 bytes,      43296 total
- age   6:       4648 bytes,      47944 total
- age   7:       4704 bytes,      52648 total
- age   8:       4648 bytes,      57296 total
- age   9:       4704 bytes,      62000 total
- age  10:       4648 bytes,      66648 total
- age  11:       4704 bytes,      71352 total
- age  12:       4704 bytes,      76056 total
- age  13:       4648 bytes,      80704 total
- age  14:       4704 bytes,      85408 total
- age  15:       4648 bytes,      90056 total
: 2242K->87K(2432K), 0.0005393 secs] 7570K->5421K(7936K), 0.0006100 secs] [Times: user=0.00 sys=0.00, real=0.00 secs] 
2017-07-06T17:12:50.257+0900: 21.960: [GC2017-07-06T17:12:50.257+0900: 21.960: [DefNew
Desired survivor size 131072 bytes, new threshold 15 (max 15)
- age   1:      16384 bytes,      16384 total
- age   2:       4784 bytes,      21168 total
- age   3:       4704 bytes,      25872 total
- age   4:       4704 bytes,      30576 total
- age   5:       4648 bytes,      35224 total
- age   6:       4704 bytes,      39928 total
- age   7:       4648 bytes,      44576 total
- age   8:       4704 bytes,      49280 total
- age   9:       4648 bytes,      53928 total
- age  10:       4704 bytes,      58632 total
- age  11:       4648 bytes,      63280 total
- age  12:       4704 bytes,      67984 total
- age  13:       4704 bytes,      72688 total
- age  14:       4648 bytes,      77336 total
- age  15:       4704 bytes,      82040 total
: 2256K->80K(2432K), 0.0005462 secs] 7589K->5417K(7936K), 0.0006160 secs] [Times: user=0.00 sys=0.00, real=0.00 secs] 
2017-07-06T17:12:50.279+0900: 21.982: [GC2017-07-06T17:12:50.279+0900: 21.982: [DefNew
Desired survivor size 131072 bytes, new threshold 15 (max 15)
- age   1:      24400 bytes,      24400 total
- age   2:       4840 bytes,      29240 total
- age   3:       4648 bytes,      33888 total
- age   4:       4704 bytes,      38592 total
- age   5:       4704 bytes,      43296 total
- age   6:       4648 bytes,      47944 total
- age   7:       4704 bytes,      52648 total
- age   8:       4648 bytes,      57296 total
- age   9:       4704 bytes,      62000 total
- age  10:       4648 bytes,      66648 total
- age  11:       4704 bytes,      71352 total
- age  12:       4648 bytes,      76000 total
- age  13:       4704 bytes,      80704 total
- age  14:       4704 bytes,      85408 total
- age  15:       4648 bytes,      90056 total
: 2241K->87K(2432K), 0.0005231 secs] 7578K->5430K(7936K), 0.0005946 secs] [Times: user=0.00 sys=0.00, real=0.00 secs] 
2017-07-06T17:12:50.301+0900: 22.004: [GC2017-07-06T17:12:50.301+0900: 22.004: [DefNew
Desired survivor size 131072 bytes, new threshold 15 (max 15)
- age   1:      16384 bytes,      16384 total
- age   2:       4784 bytes,      21168 total
- age   3:       4704 bytes,      25872 total
- age   4:       4648 bytes,      30520 total
- age   5:       4704 bytes,      35224 total
- age   6:       4704 bytes,      39928 total
- age   7:       4648 bytes,      44576 total
- age   8:       4704 bytes,      49280 total
- age   9:       4648 bytes,      53928 total
- age  10:       4704 bytes,      58632 total
- age  11:       4648 bytes,      63280 total
- age  12:       4704 bytes,      67984 total
- age  13:       4648 bytes,      72632 total
- age  14:       4704 bytes,      77336 total
- age  15:       4704 bytes,      82040 total
: 2263K->80K(2432K), 0.0005321 secs] 7606K->5426K(7936K), 0.0005993 secs] [Times: user=0.00 sys=0.00, real=0.00 secs] 
2017-07-06T17:12:50.322+0900: 22.025: [GC2017-07-06T17:12:50.322+0900: 22.025: [DefNew
Desired survivor size 131072 bytes, new threshold 15 (max 15)
- age   1:      16384 bytes,      16384 total
- age   2:       4840 bytes,      21224 total
- age   3:       4648 bytes,      25872 total
- age   4:       4704 bytes,      30576 total
- age   5:       4648 bytes,      35224 total
- age   6:       4704 bytes,      39928 total
- age   7:       4704 bytes,      44632 total
- age   8:       4648 bytes,      49280 total
- age   9:       4704 bytes,      53984 total
- age  10:       4648 bytes,      58632 total
- age  11:       4704 bytes,      63336 total
- age  12:       4648 bytes,      67984 total
- age  13:       4704 bytes,      72688 total
- age  14:       4648 bytes,      77336 total
- age  15:       4704 bytes,      82040 total
: 2256K->80K(2432K), 0.0005171 secs] 7602K->5431K(7936K), 0.0005800 secs] [Times: user=0.00 sys=0.00, real=0.00 secs] 
2017-07-06T17:12:50.344+0900: 22.047: [GC2017-07-06T17:12:50.344+0900: 22.047: [DefNew
Desired survivor size 131072 bytes, new threshold 15 (max 15)
- age   1:      24400 bytes,      24400 total
- age   2:       4840 bytes,      29240 total
- age   3:       4704 bytes,      33944 total
- age   4:       4648 bytes,      38592 total
- age   5:       4704 bytes,      43296 total
- age   6:       4648 bytes,      47944 total
- age   7:       4704 bytes,      52648 total
- age   8:       4704 bytes,      57352 total
- age   9:       4648 bytes,      62000 total
- age  10:       4704 bytes,      66704 total
- age  11:       4648 bytes,      71352 total
- age  12:       4704 bytes,      76056 total
- age  13:       4648 bytes,      80704 total
- age  14:       4704 bytes,      85408 total
- age  15:       4648 bytes,      90056 total
: 2242K->87K(2432K), 0.0005646 secs] 7593K->5443K(7936K), 0.0006352 secs] [Times: user=0.00 sys=0.00, real=0.00 secs] 
2017-07-06T17:12:50.371+0900: 22.074: [GC2017-07-06T17:12:50.371+0900: 22.074: [DefNew
Desired survivor size 131072 bytes, new threshold 15 (max 15)
- age   1:      16384 bytes,      16384 total
- age   2:       4784 bytes,      21168 total
- age   3:       4704 bytes,      25872 total
- age   4:       4704 bytes,      30576 total
- age   5:       4648 bytes,      35224 total
- age   6:       4704 bytes,      39928 total
- age   7:       4648 bytes,      44576 total
- age   8:       4704 bytes,      49280 total
- age   9:       4704 bytes,      53984 total
- age  10:       4648 bytes,      58632 total
- age  11:       4704 bytes,      63336 total
- age  12:       4648 bytes,      67984 total
- age  13:       4704 bytes,      72688 total
- age  14:       4648 bytes,      77336 total
- age  15:       4704 bytes,      82040 total
: 2263K->80K(2432K), 0.0005573 secs] 7619K->5440K(7936K), 0.0006352 secs] [Times: user=0.02 sys=0.00, real=0.00 secs] 
2017-07-06T17:12:50.393+0900: 22.096: [GC2017-07-06T17:12:50.393+0900: 22.096: [DefNew
Desired survivor size 131072 bytes, new threshold 15 (max 15)
- age   1:      16384 bytes,      16384 total
- age   2:       4840 bytes,      21224 total
- age   3:       4648 bytes,      25872 total
- age   4:       4704 bytes,      30576 total
- age   5:       4704 bytes,      35280 total
- age   6:       4648 bytes,      39928 total
- age   7:       4704 bytes,      44632 total
- age   8:       4648 bytes,      49280 total
- age   9:       4704 bytes,      53984 total
- age  10:       4704 bytes,      58688 total
- age  11:       4648 bytes,      63336 total
- age  12:       4704 bytes,      68040 total
- age  13:       4648 bytes,      72688 total
- age  14:       4704 bytes,      77392 total
- age  15:       4648 bytes,      82040 total
: 2256K->80K(2432K), 0.0005380 secs] 7616K->5445K(7936K), 0.0006018 secs] [Times: user=0.00 sys=0.00, real=0.00 secs] 
2017-07-06T17:12:50.414+0900: 22.117: [GC2017-07-06T17:12:50.414+0900: 22.118: [DefNew
Desired survivor size 131072 bytes, new threshold 15 (max 15)
- age   1:      24400 bytes,      24400 total
- age   2:       4840 bytes,      29240 total
- age   3:       4704 bytes,      33944 total
- age   4:       4648 bytes,      38592 total
- age   5:       4704 bytes,      43296 total
- age   6:       4704 bytes,      48000 total
- age   7:       4648 bytes,      52648 total
- age   8:       4704 bytes,      57352 total
- age   9:       4648 bytes,      62000 total
- age  10:       4704 bytes,      66704 total
- age  11:       4704 bytes,      71408 total
- age  12:       4648 bytes,      76056 total
- age  13:       4704 bytes,      80760 total
- age  14:       4648 bytes,      85408 total
- age  15:       4704 bytes,      90112 total
: 2242K->88K(2432K), 0.0005124 secs] 7607K->5457K(7936K), 0.0005749 secs] [Times: user=0.00 sys=0.00, real=0.00 secs] 
2017-07-06T17:12:50.436+0900: 22.139: [GC2017-07-06T17:12:50.436+0900: 22.139: [DefNew
Desired survivor size 131072 bytes, new threshold 15 (max 15)
- age   1:      16384 bytes,      16384 total
- age   2:       4784 bytes,      21168 total
- age   3:       4704 bytes,      25872 total
- age   4:       4704 bytes,      30576 total
- age   5:       4648 bytes,      35224 total
- age   6:       4704 bytes,      39928 total
- age   7:       4704 bytes,      44632 total
- age   8:       4648 bytes,      49280 total
- age   9:       4704 bytes,      53984 total
- age  10:       4648 bytes,      58632 total
- age  11:       4704 bytes,      63336 total
- age  12:       4704 bytes,      68040 total
- age  13:       4648 bytes,      72688 total
- age  14:       4704 bytes,      77392 total
- age  15:       4648 bytes,      82040 total
: 2256K->80K(2432K), 0.0005081 secs] 7625K->5454K(7936K), 0.0005941 secs] [Times: user=0.00 sys=0.00, real=0.00 secs] 
2017-07-06T17:12:50.457+0900: 22.160: [GC2017-07-06T17:12:50.457+0900: 22.160: [DefNew
Desired survivor size 131072 bytes, new threshold 15 (max 15)
- age   1:      24400 bytes,      24400 total
- age   2:       4840 bytes,      29240 total
- age   3:       4648 bytes,      33888 total
- age   4:       4704 bytes,      38592 total
- age   5:       4704 bytes,      43296 total
- age   6:       4648 bytes,      47944 total
- age   7:       4704 bytes,      52648 total
- age   8:       4704 bytes,      57352 total
- age   9:       4648 bytes,      62000 total
- age  10:       4704 bytes,      66704 total
- age  11:       4648 bytes,      71352 total
- age  12:       4704 bytes,      76056 total
- age  13:       4704 bytes,      80760 total
- age  14:       4648 bytes,      85408 total
- age  15:       4704 bytes,      90112 total
: 2241K->88K(2432K), 0.0005107 secs] 7615K->5466K(7936K), 0.0005727 secs] [Times: user=0.00 sys=0.00, real=0.00 secs] 
2017-07-06T17:12:50.482+0900: 22.185: [GC2017-07-06T17:12:50.482+0900: 22.185: [DefNew
Desired survivor size 131072 bytes, new threshold 15 (max 15)
- age   1:      16384 bytes,      16384 total
- age   2:       4784 bytes,      21168 total
- age   3:       4704 bytes,      25872 total
- age   4:       4648 bytes,      30520 total
- age   5:       4704 bytes,      35224 total
- age   6:       4704 bytes,      39928 total
- age   7:       4648 bytes,      44576 total
- age   8:       4704 bytes,      49280 total
- age   9:       4704 bytes,      53984 total
- age  10:       4648 bytes,      58632 total
- age  11:       4704 bytes,      63336 total
- age  12:       4648 bytes,      67984 total
- age  13:       4704 bytes,      72688 total
- age  14:       4704 bytes,      77392 total
- age  15:       4648 bytes,      82040 total
: 2264K->80K(2432K), 0.0005684 secs] 7642K->5463K(7936K), 0.0006498 secs] [Times: user=0.00 sys=0.00, real=0.00 secs] 
2017-07-06T17:12:50.506+0900: 22.210: [GC2017-07-06T17:12:50.506+0900: 22.210: [DefNew
Desired survivor size 131072 bytes, new threshold 15 (max 15)
- age   1:      16384 bytes,      16384 total
- age   2:       4840 bytes,      21224 total
- age   3:       4648 bytes,      25872 total
- age   4:       4704 bytes,      30576 total
- age   5:       4648 bytes,      35224 total
- age   6:       4704 bytes,      39928 total
- age   7:       4704 bytes,      44632 total
- age   8:       4648 bytes,      49280 total
- age   9:       4704 bytes,      53984 total
- age  10:       4704 bytes,      58688 total
- age  11:       4648 bytes,      63336 total
- age  12:       4704 bytes,      68040 total
- age  13:       4648 bytes,      72688 total
- age  14:       4704 bytes,      77392 total
- age  15:       4704 bytes,      82096 total
: 2256K->80K(2432K), 0.0005637 secs] 7639K->5468K(7936K), 0.0006369 secs] [Times: user=0.00 sys=0.00, real=0.00 secs] 
2017-07-06T17:12:50.528+0900: 22.231: [GC2017-07-06T17:12:50.528+0900: 22.231: [DefNew
Desired survivor size 131072 bytes, new threshold 15 (max 15)
- age   1:      24400 bytes,      24400 total
- age   2:       4840 bytes,      29240 total
- age   3:       4704 bytes,      33944 total
- age   4:       4648 bytes,      38592 total
- age   5:       4704 bytes,      43296 total
- age   6:       4648 bytes,      47944 total
- age   7:       4704 bytes,      52648 total
- age   8:       4704 bytes,      57352 total
- age   9:       4648 bytes,      62000 total
- age  10:       4704 bytes,      66704 total
- age  11:       4704 bytes,      71408 total
- age  12:       4648 bytes,      76056 total
- age  13:       4704 bytes,      80760 total
- age  14:       4648 bytes,      85408 total
- age  15:       4704 bytes,      90112 total
: 2242K->88K(2432K), 0.0005273 secs] 7630K->5480K(7936K), 0.0005950 secs] [Times: user=0.00 sys=0.00, real=0.00 secs] 
2017-07-06T17:12:50.550+0900: 22.253: [GC2017-07-06T17:12:50.550+0900: 22.253: [DefNew
Desired survivor size 131072 bytes, new threshold 15 (max 15)
- age   1:      16384 bytes,      16384 total
- age   2:       4784 bytes,      21168 total
- age   3:       4704 bytes,      25872 total
- age   4:       4704 bytes,      30576 total
- age   5:       4648 bytes,      35224 total
- age   6:       4704 bytes,      39928 total
- age   7:       4648 bytes,      44576 total
- age   8:       4704 bytes,      49280 total
- age   9:       4704 bytes,      53984 total
- age  10:       4648 bytes,      58632 total
- age  11:       4704 bytes,      63336 total
- age  12:       4704 bytes,      68040 total
- age  13:       4648 bytes,      72688 total
- age  14:       4704 bytes,      77392 total
- age  15:       4648 bytes,      82040 total
: 2264K->80K(2432K), 0.0005154 secs] 7656K->5477K(7936K), 0.0005787 secs] [Times: user=0.00 sys=0.00, real=0.00 secs] 
2017-07-06T17:12:50.571+0900: 22.274: [GC2017-07-06T17:12:50.571+0900: 22.274: [DefNew
Desired survivor size 131072 bytes, new threshold 15 (max 15)
- age   1:      24400 bytes,      24400 total
- age   2:       4840 bytes,      29240 total
- age   3:       4648 bytes,      33888 total
- age   4:       4704 bytes,      38592 total
- age   5:       4704 bytes,      43296 total
- age   6:       4648 bytes,      47944 total
- age   7:       4704 bytes,      52648 total
- age   8:       4648 bytes,      57296 total
- age   9:       4704 bytes,      62000 total
- age  10:       4704 bytes,      66704 total
- age  11:       4648 bytes,      71352 total
- age  12:       4704 bytes,      76056 total
- age  13:       4704 bytes,      80760 total
- age  14:       4648 bytes,      85408 total
- age  15:       4704 bytes,      90112 total
: 2240K->88K(2432K), 0.0005248 secs] 7637K->5489K(7936K), 0.0005933 secs] [Times: user=0.00 sys=0.00, real=0.00 secs] 
2017-07-06T17:12:50.594+0900: 22.297: [GC2017-07-06T17:12:50.594+0900: 22.297: [DefNew
Desired survivor size 131072 bytes, new threshold 15 (max 15)
- age   1:      16384 bytes,      16384 total
- age   2:       4784 bytes,      21168 total
- age   3:       4704 bytes,      25872 total
- age   4:       4648 bytes,      30520 total
- age   5:       4704 bytes,      35224 total
- age   6:       4704 bytes,      39928 total
- age   7:       4648 bytes,      44576 total
- age   8:       4704 bytes,      49280 total
- age   9:       4648 bytes,      53928 total
- age  10:       4704 bytes,      58632 total
- age  11:       4704 bytes,      63336 total
- age  12:       4648 bytes,      67984 total
- age  13:       4704 bytes,      72688 total
- age  14:       4704 bytes,      77392 total
- age  15:       4648 bytes,      82040 total
: 2264K->80K(2432K), 0.0005496 secs] 7665K->5486K(7936K), 0.0006232 secs] [Times: user=0.00 sys=0.00, real=0.00 secs] 
2017-07-06T17:12:50.618+0900: 22.321: [GC2017-07-06T17:12:50.618+0900: 22.321: [DefNew
Desired survivor size 131072 bytes, new threshold 15 (max 15)
- age   1:      24400 bytes,      24400 total
- age   2:       4840 bytes,      29240 total
- age   3:       4648 bytes,      33888 total
- age   4:       4704 bytes,      38592 total
- age   5:       4648 bytes,      43240 total
- age   6:       4704 bytes,      47944 total
- age   7:       4704 bytes,      52648 total
- age   8:       4648 bytes,      57296 total
- age   9:       4704 bytes,      62000 total
- age  10:       4648 bytes,      66648 total
- age  11:       4704 bytes,      71352 total
- age  12:       4704 bytes,      76056 total
- age  13:       4648 bytes,      80704 total
- age  14:       4704 bytes,      85408 total
- age  15:       4704 bytes,      90112 total
: 2240K->88K(2432K), 0.0005483 secs] 7646K->5498K(7936K), 0.0006219 secs] [Times: user=0.00 sys=0.00, real=0.00 secs] 
2017-07-06T17:12:50.640+0900: 22.343: [GC2017-07-06T17:12:50.640+0900: 22.343: [DefNew
Desired survivor size 131072 bytes, new threshold 15 (max 15)
- age   1:      16384 bytes,      16384 total
- age   2:       4784 bytes,      21168 total
- age   3:       4704 bytes,      25872 total
- age   4:       4648 bytes,      30520 total
- age   5:       4704 bytes,      35224 total
- age   6:       4648 bytes,      39872 total
- age   7:       4704 bytes,      44576 total
- age   8:       4704 bytes,      49280 total
- age   9:       4648 bytes,      53928 total
- age  10:       4704 bytes,      58632 total
- age  11:       4648 bytes,      63280 total
- age  12:       4704 bytes,      67984 total
- age  13:       4704 bytes,      72688 total
- age  14:       4648 bytes,      77336 total
- age  15:       4704 bytes,      82040 total
: 2264K->80K(2432K), 0.0005393 secs] 7674K->5495K(7936K), 0.0006057 secs] [Times: user=0.00 sys=0.00, real=0.00 secs] 
2017-07-06T17:12:50.662+0900: 22.365: [GC2017-07-06T17:12:50.662+0900: 22.365: [DefNew
Desired survivor size 131072 bytes, new threshold 15 (max 15)
- age   1:      24400 bytes,      24400 total
- age   2:       4840 bytes,      29240 total
- age   3:       4648 bytes,      33888 total
- age   4:       4704 bytes,      38592 total
- age   5:       4648 bytes,      43240 total
- age   6:       4704 bytes,      47944 total
- age   7:       4648 bytes,      52592 total
- age   8:       4704 bytes,      57296 total
- age   9:       4704 bytes,      62000 total
- age  10:       4648 bytes,      66648 total
- age  11:       4704 bytes,      71352 total
- age  12:       4648 bytes,      76000 total
- age  13:       4704 bytes,      80704 total
- age  14:       4704 bytes,      85408 total
- age  15:       4648 bytes,      90056 total
: 2241K->87K(2432K), 0.0005149 secs] 7656K->5507K(7936K), 0.0005834 secs] [Times: user=0.00 sys=0.00, real=0.00 secs] 
2017-07-06T17:12:50.683+0900: 22.386: [GC2017-07-06T17:12:50.683+0900: 22.386: [DefNew
Desired survivor size 131072 bytes, new threshold 15 (max 15)
- age   1:      16384 bytes,      16384 total
- age   2:       4784 bytes,      21168 total
- age   3:       4704 bytes,      25872 total
- age   4:       4648 bytes,      30520 total
- age   5:       4704 bytes,      35224 total
- age   6:       4648 bytes,      39872 total
- age   7:       4704 bytes,      44576 total
- age   8:       4648 bytes,      49224 total
- age   9:       4704 bytes,      53928 total
- age  10:       4704 bytes,      58632 total
- age  11:       4648 bytes,      63280 total
- age  12:       4704 bytes,      67984 total
- age  13:       4648 bytes,      72632 total
- age  14:       4704 bytes,      77336 total
- age  15:       4704 bytes,      82040 total
: 2263K->80K(2432K), 0.0005115 secs] 7683K->5504K(7936K), 0.0005727 secs] [Times: user=0.02 sys=0.00, real=0.00 secs] 
2017-07-06T17:12:50.705+0900: 22.408: [GC2017-07-06T17:12:50.705+0900: 22.408: [DefNew
Desired survivor size 131072 bytes, new threshold 15 (max 15)
- age   1:      16384 bytes,      16384 total
- age   2:       4840 bytes,      21224 total
- age   3:       4648 bytes,      25872 total
- age   4:       4704 bytes,      30576 total
- age   5:       4648 bytes,      35224 total
- age   6:       4704 bytes,      39928 total
- age   7:       4648 bytes,      44576 total
- age   8:       4704 bytes,      49280 total
- age   9:       4648 bytes,      53928 total
- age  10:       4704 bytes,      58632 total
- age  11:       4704 bytes,      63336 total
- age  12:       4648 bytes,      67984 total
- age  13:       4704 bytes,      72688 total
- age  14:       4648 bytes,      77336 total
- age  15:       4704 bytes,      82040 total
: 2256K->80K(2432K), 0.0005128 secs] 7680K->5509K(7936K), 0.0005770 secs] [Times: user=0.00 sys=0.00, real=0.00 secs] 
2017-07-06T17:12:50.730+0900: 22.433: [GC2017-07-06T17:12:50.730+0900: 22.433: [DefNew
Desired survivor size 131072 bytes, new threshold 15 (max 15)
- age   1:      24400 bytes,      24400 total
- age   2:       4840 bytes,      29240 total
- age   3:       4704 bytes,      33944 total
- age   4:       4648 bytes,      38592 total
- age   5:       4704 bytes,      43296 total
- age   6:       4648 bytes,      47944 total
- age   7:       4704 bytes,      52648 total
- age   8:       4648 bytes,      57296 total
- age   9:       4704 bytes,      62000 total
- age  10:       4648 bytes,      66648 total
- age  11:       4704 bytes,      71352 total
- age  12:       4704 bytes,      76056 total
- age  13:       4648 bytes,      80704 total
- age  14:       4704 bytes,      85408 total
- age  15:       4648 bytes,      90056 total
: 2242K->87K(2432K), 0.0005449 secs] 7671K->5521K(7936K), 0.0006130 secs] [Times: user=0.00 sys=0.00, real=0.00 secs] 
2017-07-06T17:12:50.752+0900: 22.455: [GC2017-07-06T17:12:50.752+0900: 22.455: [DefNew
Desired survivor size 131072 bytes, new threshold 15 (max 15)
- age   1:      16384 bytes,      16384 total
- age   2:       4784 bytes,      21168 total
- age   3:       4704 bytes,      25872 total
- age   4:       4704 bytes,      30576 total
- age   5:       4648 bytes,      35224 total
- age   6:       4704 bytes,      39928 total
- age   7:       4648 bytes,      44576 total
- age   8:       4704 bytes,      49280 total
- age   9:       4648 bytes,      53928 total
- age  10:       4704 bytes,      58632 total
- age  11:       4648 bytes,      63280 total
- age  12:       4704 bytes,      67984 total
- age  13:       4704 bytes,      72688 total
- age  14:       4648 bytes,      77336 total
- age  15:       4704 bytes,      82040 total
: 2256K->80K(2432K), 0.0005282 secs] 7689K->5518K(7936K), 0.0006001 secs] [Times: user=0.00 sys=0.00, real=0.00 secs] 
2017-07-06T17:12:50.773+0900: 22.477: [GC2017-07-06T17:12:50.774+0900: 22.477: [DefNew
Desired survivor size 131072 bytes, new threshold 15 (max 15)
- age   1:      24400 bytes,      24400 total
- age   2:       4840 bytes,      29240 total
- age   3:       4648 bytes,      33888 total
- age   4:       4704 bytes,      38592 total
- age   5:       4704 bytes,      43296 total
- age   6:       4648 bytes,      47944 total
- age   7:       4704 bytes,      52648 total
- age   8:       4648 bytes,      57296 total
- age   9:       4704 bytes,      62000 total
- age  10:       4648 bytes,      66648 total
- age  11:       4704 bytes,      71352 total
- age  12:       4648 bytes,      76000 total
- age  13:       4704 bytes,      80704 total
- age  14:       4704 bytes,      85408 total
- age  15:       4648 bytes,      90056 total
: 2241K->87K(2432K), 0.0005226 secs] 7679K->5530K(7936K), 0.0005916 secs] [Times: user=0.00 sys=0.00, real=0.00 secs] 
2017-07-06T17:12:50.795+0900: 22.498: [GC2017-07-06T17:12:50.795+0900: 22.498: [DefNew
Desired survivor size 131072 bytes, new threshold 15 (max 15)
- age   1:      16384 bytes,      16384 total
- age   2:       4784 bytes,      21168 total
- age   3:       4704 bytes,      25872 total
- age   4:       4648 bytes,      30520 total
- age   5:       4704 bytes,      35224 total
- age   6:       4704 bytes,      39928 total
- age   7:       4648 bytes,      44576 total
- age   8:       4704 bytes,      49280 total
- age   9:       4648 bytes,      53928 total
- age  10:       4704 bytes,      58632 total
- age  11:       4648 bytes,      63280 total
- age  12:       4704 bytes,      67984 total
- age  13:       4648 bytes,      72632 total
- age  14:       4704 bytes,      77336 total
- age  15:       4704 bytes,      82040 total
: 2263K->80K(2432K), 0.0005209 secs] 7706K->5527K(7936K), 0.0005838 secs] [Times: user=0.00 sys=0.00, real=0.00 secs] 
2017-07-06T17:12:50.817+0900: 22.520: [GC2017-07-06T17:12:50.817+0900: 22.520: [DefNew
Desired survivor size 131072 bytes, new threshold 15 (max 15)
- age   1:      16384 bytes,      16384 total
- age   2:       4840 bytes,      21224 total
- age   3:       4648 bytes,      25872 total
- age   4:       4704 bytes,      30576 total
- age   5:       4648 bytes,      35224 total
- age   6:       4704 bytes,      39928 total
- age   7:       4704 bytes,      44632 total
- age   8:       4648 bytes,      49280 total
- age   9:       4704 bytes,      53984 total
- age  10:       4648 bytes,      58632 total
- age  11:       4704 bytes,      63336 total
- age  12:       4648 bytes,      67984 total
- age  13:       4704 bytes,      72688 total
- age  14:       4648 bytes,      77336 total
- age  15:       4704 bytes,      82040 total
: 2256K->80K(2432K), 0.0005149 secs] 7703K->5532K(7936K), 0.0005774 secs] [Times: user=0.00 sys=0.00, real=0.00 secs] 
2017-07-06T17:12:50.841+0900: 22.545: [GC2017-07-06T17:12:50.842+0900: 22.545: [DefNew
Desired survivor size 131072 bytes, new threshold 15 (max 15)
- age   1:      24400 bytes,      24400 total
- age   2:       4840 bytes,      29240 total
- age   3:       4704 bytes,      33944 total
- age   4:       4648 bytes,      38592 total
- age   5:       4704 bytes,      43296 total
- age   6:       4648 bytes,      47944 total
- age   7:       4704 bytes,      52648 total
- age   8:       4704 bytes,      57352 total
- age   9:       4648 bytes,      62000 total
- age  10:       4704 bytes,      66704 total
- age  11:       4648 bytes,      71352 total
- age  12:       4704 bytes,      76056 total
- age  13:       4648 bytes,      80704 total
- age  14:       4704 bytes,      85408 total
- age  15:       4648 bytes,      90056 total
: 2242K->87K(2432K), 0.0005898 secs] 7694K->5544K(7936K), 0.0006934 secs] [Times: user=0.00 sys=0.00, real=0.00 secs] 
2017-07-06T17:12:50.865+0900: 22.568: [GC2017-07-06T17:12:50.865+0900: 22.568: [DefNew
Desired survivor size 131072 bytes, new threshold 15 (max 15)
- age   1:      16384 bytes,      16384 total
- age   2:       4784 bytes,      21168 total
- age   3:       4704 bytes,      25872 total
- age   4:       4704 bytes,      30576 total
- age   5:       4648 bytes,      35224 total
- age   6:       4704 bytes,      39928 total
- age   7:       4648 bytes,      44576 total
- age   8:       4704 bytes,      49280 total
- age   9:       4704 bytes,      53984 total
- age  10:       4648 bytes,      58632 total
- age  11:       4704 bytes,      63336 total
- age  12:       4648 bytes,      67984 total
- age  13:       4704 bytes,      72688 total
- age  14:       4648 bytes,      77336 total
- age  15:       4704 bytes,      82040 total
: 2263K->80K(2432K), 0.0005428 secs] 7720K->5541K(7936K), 0.0006121 secs] [Times: user=0.00 sys=0.00, real=0.00 secs] 
2017-07-06T17:12:50.886+0900: 22.590: [GC2017-07-06T17:12:50.886+0900: 22.590: [DefNew
Desired survivor size 131072 bytes, new threshold 15 (max 15)
- age   1:      16384 bytes,      16384 total
- age   2:       4840 bytes,      21224 total
- age   3:       4648 bytes,      25872 total
- age   4:       4704 bytes,      30576 total
- age   5:       4704 bytes,      35280 total
- age   6:       4648 bytes,      39928 total
- age   7:       4704 bytes,      44632 total
- age   8:       4648 bytes,      49280 total
- age   9:       4704 bytes,      53984 total
- age  10:       4704 bytes,      58688 total
- age  11:       4648 bytes,      63336 total
- age  12:       4704 bytes,      68040 total
- age  13:       4648 bytes,      72688 total
- age  14:       4704 bytes,      77392 total
- age  15:       4648 bytes,      82040 total
: 2256K->80K(2432K), 0.0005517 secs] 7717K->5545K(7936K), 0.0006181 secs] [Times: user=0.01 sys=0.00, real=0.00 secs] 
2017-07-06T17:12:50.908+0900: 22.611: [GC2017-07-06T17:12:50.908+0900: 22.611: [DefNew
Desired survivor size 131072 bytes, new threshold 15 (max 15)
- age   1:      24400 bytes,      24400 total
- age   2:       4840 bytes,      29240 total
- age   3:       4704 bytes,      33944 total
- age   4:       4648 bytes,      38592 total
- age   5:       4704 bytes,      43296 total
- age   6:       4704 bytes,      48000 total
- age   7:       4648 bytes,      52648 total
- age   8:       4704 bytes,      57352 total
- age   9:       4648 bytes,      62000 total
- age  10:       4704 bytes,      66704 total
- age  11:       4704 bytes,      71408 total
- age  12:       4648 bytes,      76056 total
- age  13:       4704 bytes,      80760 total
- age  14:       4648 bytes,      85408 total
- age  15:       4704 bytes,      90112 total
: 2242K->88K(2432K), 0.0005051 secs] 7707K->5558K(7936K), 0.0005650 secs] [Times: user=0.00 sys=0.00, real=0.00 secs] 
2017-07-06T17:12:50.929+0900: 22.632: [GC2017-07-06T17:12:50.929+0900: 22.632: [DefNew
Desired survivor size 131072 bytes, new threshold 15 (max 15)
- age   1:      16384 bytes,      16384 total
- age   2:       4784 bytes,      21168 total
- age   3:       4704 bytes,      25872 total
- age   4:       4704 bytes,      30576 total
- age   5:       4648 bytes,      35224 total
- age   6:       4704 bytes,      39928 total
- age   7:       4704 bytes,      44632 total
- age   8:       4648 bytes,      49280 total
- age   9:       4704 bytes,      53984 total
- age  10:       4648 bytes,      58632 total
- age  11:       4704 bytes,      63336 total
- age  12:       4704 bytes,      68040 total
- age  13:       4648 bytes,      72688 total
- age  14:       4704 bytes,      77392 total
- age  15:       4648 bytes,      82040 total
: 2256K->80K(2432K), 0.0005077 secs] 7726K->5554K(7936K), 0.0005693 secs] [Times: user=0.00 sys=0.00, real=0.00 secs] 
2017-07-06T17:12:50.952+0900: 22.655: [GC2017-07-06T17:12:50.952+0900: 22.655: [DefNew
Desired survivor size 131072 bytes, new threshold 15 (max 15)
- age   1:      24400 bytes,      24400 total
- age   2:       4840 bytes,      29240 total
- age   3:       4648 bytes,      33888 total
- age   4:       4704 bytes,      38592 total
- age   5:       4704 bytes,      43296 total
- age   6:       4648 bytes,      47944 total
- age   7:       4704 bytes,      52648 total
- age   8:       4704 bytes,      57352 total
- age   9:       4648 bytes,      62000 total
- age  10:       4704 bytes,      66704 total
- age  11:       4648 bytes,      71352 total
- age  12:       4704 bytes,      76056 total
- age  13:       4704 bytes,      80760 total
- age  14:       4648 bytes,      85408 total
- age  15:       4704 bytes,      90112 total
: 2241K->88K(2432K), 0.0005509 secs] 7716K->5567K(7936K), 0.0006262 secs] [Times: user=0.00 sys=0.00, real=0.00 secs] 
2017-07-06T17:12:50.977+0900: 22.680: [GC2017-07-06T17:12:50.977+0900: 22.680: [DefNew
Desired survivor size 131072 bytes, new threshold 15 (max 15)
- age   1:      16384 bytes,      16384 total
- age   2:       4784 bytes,      21168 total
- age   3:       4704 bytes,      25872 total
- age   4:       4648 bytes,      30520 total
- age   5:       4704 bytes,      35224 total
- age   6:       4704 bytes,      39928 total
- age   7:       4648 bytes,      44576 total
- age   8:       4704 bytes,      49280 total
- age   9:       4704 bytes,      53984 total
- age  10:       4648 bytes,      58632 total
- age  11:       4704 bytes,      63336 total
- age  12:       4648 bytes,      67984 total
- age  13:       4704 bytes,      72688 total
- age  14:       4704 bytes,      77392 total
- age  15:       4648 bytes,      82040 total
: 2264K->80K(2432K), 0.0005445 secs] 7743K->5564K(7936K), 0.0006151 secs] [Times: user=0.00 sys=0.00, real=0.00 secs] 
2017-07-06T17:12:50.998+0900: 22.702: [GC2017-07-06T17:12:50.999+0900: 22.702: [DefNew
Desired survivor size 131072 bytes, new threshold 15 (max 15)
- age   1:      16384 bytes,      16384 total
- age   2:       4840 bytes,      21224 total
- age   3:       4648 bytes,      25872 total
- age   4:       4704 bytes,      30576 total
- age   5:       4648 bytes,      35224 total
- age   6:       4704 bytes,      39928 total
- age   7:       4704 bytes,      44632 total
- age   8:       4648 bytes,      49280 total
- age   9:       4704 bytes,      53984 total
- age  10:       4704 bytes,      58688 total
- age  11:       4648 bytes,      63336 total
- age  12:       4704 bytes,      68040 total
- age  13:       4648 bytes,      72688 total
- age  14:       4704 bytes,      77392 total
- age  15:       4704 bytes,      82096 total
: 2256K->80K(2432K), 0.0005261 secs] 7740K->5568K(7936K), 0.0005963 secs] [Times: user=0.00 sys=0.00, real=0.00 secs] 
2017-07-06T17:12:51.020+0900: 22.723: [GC2017-07-06T17:12:51.020+0900: 22.723: [DefNew
Desired survivor size 131072 bytes, new threshold 15 (max 15)
- age   1:      24400 bytes,      24400 total
- age   2:       4840 bytes,      29240 total
- age   3:       4704 bytes,      33944 total
- age   4:       4648 bytes,      38592 total
- age   5:       4704 bytes,      43296 total
- age   6:       4648 bytes,      47944 total
- age   7:       4704 bytes,      52648 total
- age   8:       4704 bytes,      57352 total
- age   9:       4648 bytes,      62000 total
- age  10:       4704 bytes,      66704 total
- age  11:       4704 bytes,      71408 total
- age  12:       4648 bytes,      76056 total
- age  13:       4704 bytes,      80760 total
- age  14:       4648 bytes,      85408 total
- age  15:       4704 bytes,      90112 total
: 2242K->88K(2432K), 0.0005051 secs] 7731K->5581K(7936K), 0.0005654 secs] [Times: user=0.00 sys=0.00, real=0.00 secs] 
2017-07-06T17:12:51.041+0900: 22.745: [GC2017-07-06T17:12:51.042+0900: 22.745: [DefNew
Desired survivor size 131072 bytes, new threshold 15 (max 15)
- age   1:      16384 bytes,      16384 total
- age   2:       4784 bytes,      21168 total
- age   3:       4704 bytes,      25872 total
- age   4:       4704 bytes,      30576 total
- age   5:       4648 bytes,      35224 total
- age   6:       4704 bytes,      39928 total
- age   7:       4648 bytes,      44576 total
- age   8:       4704 bytes,      49280 total
- age   9:       4704 bytes,      53984 total
- age  10:       4648 bytes,      58632 total
- age  11:       4704 bytes,      63336 total
- age  12:       4704 bytes,      68040 total
- age  13:       4648 bytes,      72688 total
- age  14:       4704 bytes,      77392 total
- age  15:       4648 bytes,      82040 total
: 2264K->80K(2432K), 0.0005064 secs]2017-07-06T17:12:51.042+0900: 22.745: [Tenured: 5497K->5459K(5504K), 0.0220091 secs] 7757K->5459K(7936K), [Perm : 3313K->3313K(21248K)], 0.0226554 secs] [Times: user=0.03 sys=0.00, real=0.02 secs] 
2017-07-06T17:12:51.090+0900: 22.793: [GC2017-07-06T17:12:51.090+0900: 22.793: [DefNew
Desired survivor size 131072 bytes, new threshold 15 (max 15)
- age   1:      49008 bytes,      49008 total
: 2159K->47K(2432K), 0.0004126 secs] 7619K->5507K(7936K), 0.0004837 secs] [Times: user=0.00 sys=0.00, real=0.00 secs] 
2017-07-06T17:12:51.111+0900: 22.814: [GC2017-07-06T17:12:51.111+0900: 22.814: [DefNew
Desired survivor size 131072 bytes, new threshold 15 (max 15)
- age   1:      16384 bytes,      16384 total
- age   2:      29392 bytes,      45776 total
: 2223K->44K(2432K), 0.0003998 secs] 7683K->5503K(7936K), 0.0004653 secs] [Times: user=0.00 sys=0.00, real=0.00 secs] 
2017-07-06T17:12:51.132+0900: 22.836: [GC2017-07-06T17:12:51.132+0900: 22.836: [DefNew
Desired survivor size 131072 bytes, new threshold 15 (max 15)
- age   1:      24400 bytes,      24400 total
- age   2:       4840 bytes,      29240 total
- age   3:      29256 bytes,      58496 total
: 2205K->57K(2432K), 0.0003865 secs] 7664K->5516K(7936K), 0.0004477 secs] [Times: user=0.00 sys=0.00, real=0.00 secs] 
2017-07-06T17:12:51.154+0900: 22.857: [GC2017-07-06T17:12:51.154+0900: 22.857: [DefNew
Desired survivor size 131072 bytes, new threshold 15 (max 15)
- age   1:      16384 bytes,      16384 total
- age   2:       4784 bytes,      21168 total
- age   3:       4704 bytes,      25872 total
- age   4:      29256 bytes,      55128 total
: 2233K->53K(2432K), 0.0003942 secs] 7692K->5513K(7936K), 0.0004550 secs] [Times: user=0.00 sys=0.00, real=0.00 secs] 
2017-07-06T17:12:51.175+0900: 22.878: [GC2017-07-06T17:12:51.175+0900: 22.878: [DefNew
Desired survivor size 131072 bytes, new threshold 15 (max 15)
- age   1:      24400 bytes,      24400 total
- age   2:       4840 bytes,      29240 total
- age   3:       4648 bytes,      33888 total
- age   4:       4704 bytes,      38592 total
- age   5:      29256 bytes,      67848 total
: 2214K->66K(2432K), 0.0004058 secs] 7674K->5525K(7936K), 0.0004670 secs] [Times: user=0.00 sys=0.00, real=0.00 secs] 
2017-07-06T17:12:51.199+0900: 22.903: [GC2017-07-06T17:12:51.199+0900: 22.903: [DefNew
Desired survivor size 131072 bytes, new threshold 15 (max 15)
- age   1:      16384 bytes,      16384 total
- age   2:       4784 bytes,      21168 total
- age   3:       4704 bytes,      25872 total
- age   4:       4648 bytes,      30520 total
- age   5:       4704 bytes,      35224 total
- age   6:      29256 bytes,      64480 total
: 2242K->62K(2432K), 0.0004914 secs] 7701K->5522K(7936K), 0.0005672 secs] [Times: user=0.00 sys=0.00, real=0.00 secs] 
2017-07-06T17:12:51.224+0900: 22.927: [GC2017-07-06T17:12:51.224+0900: 22.927: [DefNew
Desired survivor size 131072 bytes, new threshold 15 (max 15)
- age   1:      16384 bytes,      16384 total
- age   2:       4840 bytes,      21224 total
- age   3:       4648 bytes,      25872 total
- age   4:       4704 bytes,      30576 total
- age   5:       4648 bytes,      35224 total
- age   6:       4704 bytes,      39928 total
- age   7:      29256 bytes,      69184 total
: 2238K->67K(2432K), 0.0004614 secs] 7698K->5526K(7936K), 0.0005316 secs] [Times: user=0.00 sys=0.00, real=0.00 secs] 
2017-07-06T17:12:51.245+0900: 22.948: [GC2017-07-06T17:12:51.245+0900: 22.948: [DefNew
Desired survivor size 131072 bytes, new threshold 15 (max 15)
- age   1:      24400 bytes,      24400 total
- age   2:       4840 bytes,      29240 total
- age   3:       4704 bytes,      33944 total
- age   4:       4648 bytes,      38592 total
- age   5:       4704 bytes,      43296 total
- age   6:       4648 bytes,      47944 total
- age   7:       4704 bytes,      52648 total
- age   8:      29256 bytes,      81904 total
: 2229K->79K(2432K), 0.0004512 secs] 7688K->5539K(7936K), 0.0005209 secs] [Times: user=0.01 sys=0.00, real=0.00 secs] 
2017-07-06T17:12:51.267+0900: 22.970: [GC2017-07-06T17:12:51.267+0900: 22.970: [DefNew
Desired survivor size 131072 bytes, new threshold 15 (max 15)
- age   1:      16384 bytes,      16384 total
- age   2:       4784 bytes,      21168 total
- age   3:       4704 bytes,      25872 total
- age   4:       4704 bytes,      30576 total
- age   5:       4648 bytes,      35224 total
- age   6:       4704 bytes,      39928 total
- age   7:       4648 bytes,      44576 total
- age   8:       4704 bytes,      49280 total
- age   9:      29256 bytes,      78536 total
: 2248K->76K(2432K), 0.0004576 secs] 7707K->5535K(7936K), 0.0005188 secs] [Times: user=0.00 sys=0.00, real=0.00 secs] 
2017-07-06T17:12:51.288+0900: 22.992: [GC2017-07-06T17:12:51.289+0900: 22.992: [DefNew
Desired survivor size 131072 bytes, new threshold 15 (max 15)
- age   1:      24400 bytes,      24400 total
- age   2:       4840 bytes,      29240 total
- age   3:       4648 bytes,      33888 total
- age   4:       4704 bytes,      38592 total
- age   5:       4704 bytes,      43296 total
- age   6:       4648 bytes,      47944 total
- age   7:       4704 bytes,      52648 total
- age   8:       4648 bytes,      57296 total
- age   9:       4704 bytes,      62000 total
- age  10:      29256 bytes,      91256 total
: 2237K->89K(2432K), 0.0004542 secs] 7696K->5548K(7936K), 0.0005154 secs] [Times: user=0.00 sys=0.00, real=0.00 secs] 
2017-07-06T17:12:51.311+0900: 23.015: [GC2017-07-06T17:12:51.311+0900: 23.015: [DefNew
Desired survivor size 131072 bytes, new threshold 15 (max 15)
- age   1:      16384 bytes,      16384 total
- age   2:       4784 bytes,      21168 total
- age   3:       4704 bytes,      25872 total
- age   4:       4648 bytes,      30520 total
- age   5:       4704 bytes,      35224 total
- age   6:       4704 bytes,      39928 total
- age   7:       4648 bytes,      44576 total
- age   8:       4704 bytes,      49280 total
- age   9:       4648 bytes,      53928 total
- age  10:       4704 bytes,      58632 total
- age  11:      29256 bytes,      87888 total
: 2265K->85K(2432K), 0.0005188 secs] 7724K->5545K(7936K), 0.0006010 secs] [Times: user=0.00 sys=0.00, real=0.00 secs] 
2017-07-06T17:12:51.338+0900: 23.041: [GC2017-07-06T17:12:51.338+0900: 23.041: [DefNew
Desired survivor size 131072 bytes, new threshold 15 (max 15)
- age   1:      16384 bytes,      16384 total
- age   2:       4840 bytes,      21224 total
- age   3:       4648 bytes,      25872 total
- age   4:       4704 bytes,      30576 total
- age   5:       4648 bytes,      35224 total
- age   6:       4704 bytes,      39928 total
- age   7:       4704 bytes,      44632 total
- age   8:       4648 bytes,      49280 total
- age   9:       4704 bytes,      53984 total
- age  10:       4648 bytes,      58632 total
- age  11:       4704 bytes,      63336 total
- age  12:      29256 bytes,      92592 total
: 2261K->90K(2432K), 0.0005175 secs] 7721K->5549K(7936K), 0.0005868 secs] [Times: user=0.00 sys=0.00, real=0.00 secs] 
2017-07-06T17:12:51.359+0900: 23.062: [GC2017-07-06T17:12:51.359+0900: 23.062: [DefNew
Desired survivor size 131072 bytes, new threshold 15 (max 15)
- age   1:      24400 bytes,      24400 total
- age   2:       4840 bytes,      29240 total
- age   3:       4704 bytes,      33944 total
- age   4:       4648 bytes,      38592 total
- age   5:       4704 bytes,      43296 total
- age   6:       4648 bytes,      47944 total
- age   7:       4704 bytes,      52648 total
- age   8:       4704 bytes,      57352 total
- age   9:       4648 bytes,      62000 total
- age  10:       4704 bytes,      66704 total
- age  11:       4648 bytes,      71352 total
- age  12:       4704 bytes,      76056 total
- age  13:      29256 bytes,     105312 total
: 2252K->102K(2432K), 0.0005012 secs] 7711K->5562K(7936K), 0.0005719 secs] [Times: user=0.00 sys=0.00, real=0.00 secs] 
2017-07-06T17:12:51.381+0900: 23.084: [GC2017-07-06T17:12:51.381+0900: 23.084: [DefNew
Desired survivor size 131072 bytes, new threshold 15 (max 15)
- age   1:      16384 bytes,      16384 total
- age   2:       4784 bytes,      21168 total
- age   3:       4704 bytes,      25872 total
- age   4:       4704 bytes,      30576 total
- age   5:       4648 bytes,      35224 total
- age   6:       4704 bytes,      39928 total
- age   7:       4648 bytes,      44576 total
- age   8:       4704 bytes,      49280 total
- age   9:       4704 bytes,      53984 total
- age  10:       4648 bytes,      58632 total
- age  11:       4704 bytes,      63336 total
- age  12:       4648 bytes,      67984 total
- age  13:       4704 bytes,      72688 total
- age  14:      29256 bytes,     101944 total
: 2278K->99K(2432K), 0.0005025 secs] 7738K->5558K(7936K), 0.0005633 secs] [Times: user=0.00 sys=0.00, real=0.00 secs] 
2017-07-06T17:12:51.402+0900: 23.106: [GC2017-07-06T17:12:51.402+0900: 23.106: [DefNew
Desired survivor size 131072 bytes, new threshold 15 (max 15)
- age   1:      16384 bytes,      16384 total
- age   2:       4840 bytes,      21224 total
- age   3:       4648 bytes,      25872 total
- age   4:       4704 bytes,      30576 total
- age   5:       4704 bytes,      35280 total
- age   6:       4648 bytes,      39928 total
- age   7:       4704 bytes,      44632 total
- age   8:       4648 bytes,      49280 total
- age   9:       4704 bytes,      53984 total
- age  10:       4704 bytes,      58688 total
- age  11:       4648 bytes,      63336 total
- age  12:       4704 bytes,      68040 total
- age  13:       4648 bytes,      72688 total
- age  14:       4704 bytes,      77392 total
- age  15:      29256 bytes,     106648 total
: 2275K->104K(2432K), 0.0005393 secs] 7734K->5563K(7936K), 0.0006023 secs] [Times: user=0.00 sys=0.00, real=0.00 secs] 
2017-07-06T17:12:51.424+0900: 23.127: [GC2017-07-06T17:12:51.424+0900: 23.127: [DefNew
Desired survivor size 131072 bytes, new threshold 15 (max 15)
- age   1:      24400 bytes,      24400 total
- age   2:       4840 bytes,      29240 total
- age   3:       4704 bytes,      33944 total
- age   4:       4648 bytes,      38592 total
- age   5:       4704 bytes,      43296 total
- age   6:       4704 bytes,      48000 total
- age   7:       4648 bytes,      52648 total
- age   8:       4704 bytes,      57352 total
- age   9:       4648 bytes,      62000 total
- age  10:       4704 bytes,      66704 total
- age  11:       4704 bytes,      71408 total
- age  12:       4648 bytes,      76056 total
- age  13:       4704 bytes,      80760 total
- age  14:       4648 bytes,      85408 total
- age  15:       4704 bytes,      90112 total
: 2266K->88K(2432K), 0.0005196 secs] 7725K->5575K(7936K), 0.0005817 secs] [Times: user=0.00 sys=0.00, real=0.00 secs] 
2017-07-06T17:12:51.455+0900: 23.158: [GC2017-07-06T17:12:51.455+0900: 23.158: [DefNew
Desired survivor size 131072 bytes, new threshold 15 (max 15)
- age   1:      16384 bytes,      16384 total
- age   2:       4784 bytes,      21168 total
- age   3:       4704 bytes,      25872 total
- age   4:       4704 bytes,      30576 total
- age   5:       4648 bytes,      35224 total
- age   6:       4704 bytes,      39928 total
- age   7:       4704 bytes,      44632 total
- age   8:       4648 bytes,      49280 total
- age   9:       4704 bytes,      53984 total
- age  10:       4648 bytes,      58632 total
- age  11:       4704 bytes,      63336 total
- age  12:       4704 bytes,      68040 total
- age  13:       4648 bytes,      72688 total
- age  14:       4704 bytes,      77392 total
- age  15:       4648 bytes,      82040 total
: 2256K->80K(2432K), 0.0005462 secs] 7743K->5572K(7936K), 0.0007054 secs] [Times: user=0.00 sys=0.00, real=0.00 secs] 
2017-07-06T17:12:51.476+0900: 23.180: [GC2017-07-06T17:12:51.477+0900: 23.180: [DefNew
Desired survivor size 131072 bytes, new threshold 15 (max 15)
- age   1:      24400 bytes,      24400 total
- age   2:       4840 bytes,      29240 total
- age   3:       4648 bytes,      33888 total
- age   4:       4704 bytes,      38592 total
- age   5:       4704 bytes,      43296 total
- age   6:       4648 bytes,      47944 total
- age   7:       4704 bytes,      52648 total
- age   8:       4704 bytes,      57352 total
- age   9:       4648 bytes,      62000 total
- age  10:       4704 bytes,      66704 total
- age  11:       4648 bytes,      71352 total
- age  12:       4704 bytes,      76056 total
- age  13:       4704 bytes,      80760 total
- age  14:       4648 bytes,      85408 total
- age  15:       4704 bytes,      90112 total
: 2241K->88K(2432K), 0.0005286 secs]2017-07-06T17:12:51.477+0900: 23.180: [Tenured: 5496K->5504K(5504K), 0.0183472 secs] 7733K->5584K(7936K), [Perm : 3313K->3313K(21248K)], 0.0190102 secs] [Times: user=0.03 sys=0.00, real=0.02 secs] 
2017-07-06T17:12:51.518+0900: 23.222: [Full GC2017-07-06T17:12:51.518+0900: 23.222: [Tenured: 5504K->5361K(5504K), 0.0245807 secs] 7920K->5361K(7936K), [Perm : 3313K->3312K(21248K)], 0.0247044 secs] [Times: user=0.03 sys=0.00, real=0.03 secs] 
2017-07-06T17:12:51.568+0900: 23.272: [GC2017-07-06T17:12:51.568+0900: 23.272: [DefNew
Desired survivor size 131072 bytes, new threshold 15 (max 15)
- age   1:      32784 bytes,      32784 total
: 2176K->32K(2432K), 0.0005218 secs] 7537K->5393K(7936K), 0.0006031 secs] [Times: user=0.00 sys=0.00, real=0.00 secs] 
2017-07-06T17:12:51.592+0900: 23.295: [GC2017-07-06T17:12:51.592+0900: 23.295: [DefNew
Desired survivor size 131072 bytes, new threshold 15 (max 15)
- age   1:      16384 bytes,      16384 total
- age   2:      21240 bytes,      37624 total
: 2208K->36K(2432K), 0.0004096 secs] 7569K->5397K(7936K), 0.0004768 secs] [Times: user=0.00 sys=0.00, real=0.00 secs] 
2017-07-06T17:12:51.613+0900: 23.316: [GC2017-07-06T17:12:51.613+0900: 23.316: [DefNew
Desired survivor size 131072 bytes, new threshold 15 (max 15)
- age   1:      24400 bytes,      24400 total
- age   2:       4840 bytes,      29240 total
- age   3:      21104 bytes,      50344 total
: 2199K->49K(2432K), 0.0003972 secs] 7560K->5410K(7936K), 0.0004631 secs] [Times: user=0.00 sys=0.00, real=0.00 secs] 
2017-07-06T17:12:51.634+0900: 23.338: [GC2017-07-06T17:12:51.635+0900: 23.338: [DefNew
Desired survivor size 131072 bytes, new threshold 15 (max 15)
- age   1:      16384 bytes,      16384 total
- age   2:       4784 bytes,      21168 total
- age   3:       4704 bytes,      25872 total
- age   4:      21104 bytes,      46976 total
: 2225K->45K(2432K), 0.0003934 secs] 7586K->5406K(7936K), 0.0004554 secs] [Times: user=0.00 sys=0.00, real=0.00 secs] 
2017-07-06T17:12:51.656+0900: 23.359: [GC2017-07-06T17:12:51.656+0900: 23.359: [DefNew
Desired survivor size 131072 bytes, new threshold 15 (max 15)
- age   1:      24400 bytes,      24400 total
- age   2:       4840 bytes,      29240 total
- age   3:       4648 bytes,      33888 total
- age   4:       4704 bytes,      38592 total
- age   5:      21104 bytes,      59696 total
: 2205K->58K(2432K), 0.0004011 secs] 7566K->5419K(7936K), 0.0004614 secs] [Times: user=0.00 sys=0.00, real=0.00 secs] 
2017-07-06T17:12:51.679+0900: 23.382: [GC2017-07-06T17:12:51.679+0900: 23.382: [DefNew
Desired survivor size 131072 bytes, new threshold 15 (max 15)
- age   1:      16384 bytes,      16384 total
- age   2:       4784 bytes,      21168 total
- age   3:       4704 bytes,      25872 total
- age   4:       4648 bytes,      30520 total
- age   5:       4704 bytes,      35224 total
- age   6:      21104 bytes,      56328 total
: 2234K->55K(2432K), 0.0004559 secs] 7595K->5416K(7936K), 0.0005273 secs] [Times: user=0.00 sys=0.00, real=0.00 secs] 
2017-07-06T17:12:51.705+0900: 23.408: [GC2017-07-06T17:12:51.705+0900: 23.408: [DefNew
Desired survivor size 131072 bytes, new threshold 15 (max 15)
- age   1:      24400 bytes,      24400 total
- age   2:       4840 bytes,      29240 total
- age   3:       4648 bytes,      33888 total
- age   4:       4704 bytes,      38592 total
- age   5:       4648 bytes,      43240 total
- age   6:       4704 bytes,      47944 total
- age   7:      21104 bytes,      69048 total
: 2215K->67K(2432K), 0.0004576 secs] 7576K->5428K(7936K), 0.0005282 secs] [Times: user=0.00 sys=0.00, real=0.00 secs] 
2017-07-06T17:12:51.726+0900: 23.430: [GC2017-07-06T17:12:51.726+0900: 23.430: [DefNew
Desired survivor size 131072 bytes, new threshold 15 (max 15)
- age   1:      16384 bytes,      16384 total
- age   2:       4784 bytes,      21168 total
- age   3:       4704 bytes,      25872 total
- age   4:       4648 bytes,      30520 total
- age   5:       4704 bytes,      35224 total
- age   6:       4648 bytes,      39872 total
- age   7:       4704 bytes,      44576 total
- age   8:      21104 bytes,      65680 total
: 2243K->64K(2432K), 0.0004533 secs] 7604K->5425K(7936K), 0.0005179 secs] [Times: user=0.00 sys=0.00, real=0.00 secs] 
2017-07-06T17:12:51.748+0900: 23.451: [GC2017-07-06T17:12:51.748+0900: 23.451: [DefNew
Desired survivor size 131072 bytes, new threshold 15 (max 15)
- age   1:      24400 bytes,      24400 total
- age   2:       4840 bytes,      29240 total
- age   3:       4648 bytes,      33888 total
- age   4:       4704 bytes,      38592 total
- age   5:       4648 bytes,      43240 total
- age   6:       4704 bytes,      47944 total
- age   7:       4648 bytes,      52592 total
- age   8:       4704 bytes,      57296 total
- age   9:      21104 bytes,      78400 total
: 2225K->76K(2432K), 0.0004452 secs] 7586K->5437K(7936K), 0.0005085 secs] [Times: user=0.00 sys=0.00, real=0.00 secs] 
2017-07-06T17:12:51.769+0900: 23.472: [GC2017-07-06T17:12:51.769+0900: 23.472: [DefNew
Desired survivor size 131072 bytes, new threshold 15 (max 15)
- age   1:      16384 bytes,      16384 total
- age   2:       4784 bytes,      21168 total
- age   3:       4704 bytes,      25872 total
- age   4:       4648 bytes,      30520 total
- age   5:       4704 bytes,      35224 total
- age   6:       4648 bytes,      39872 total
- age   7:       4704 bytes,      44576 total
- age   8:       4648 bytes,      49224 total
- age   9:       4704 bytes,      53928 total
- age  10:      21104 bytes,      75032 total
: 2252K->73K(2432K), 0.0004756 secs] 7613K->5434K(7936K), 0.0005385 secs] [Times: user=0.00 sys=0.00, real=0.00 secs] 
2017-07-06T17:12:51.791+0900: 23.494: [GC2017-07-06T17:12:51.791+0900: 23.494: [DefNew
Desired survivor size 131072 bytes, new threshold 15 (max 15)
- age   1:      16384 bytes,      16384 total
- age   2:       4840 bytes,      21224 total
- age   3:       4648 bytes,      25872 total
- age   4:       4704 bytes,      30576 total
- age   5:       4648 bytes,      35224 total
- age   6:       4704 bytes,      39928 total
- age   7:       4648 bytes,      44576 total
- age   8:       4704 bytes,      49280 total
- age   9:       4648 bytes,      53928 total
- age  10:       4704 bytes,      58632 total
- age  11:      21104 bytes,      79736 total
: 2249K->77K(2432K), 0.0005389 secs] 7610K->5438K(7936K), 0.0006095 secs] [Times: user=0.00 sys=0.00, real=0.00 secs] 
2017-07-06T17:12:51.818+0900: 23.521: [GC2017-07-06T17:12:51.818+0900: 23.521: [DefNew
Desired survivor size 131072 bytes, new threshold 15 (max 15)
- age   1:      24400 bytes,      24400 total
- age   2:       4840 bytes,      29240 total
- age   3:       4704 bytes,      33944 total
- age   4:       4648 bytes,      38592 total
- age   5:       4704 bytes,      43296 total
- age   6:       4648 bytes,      47944 total
- age   7:       4704 bytes,      52648 total
- age   8:       4648 bytes,      57296 total
- age   9:       4704 bytes,      62000 total
- age  10:       4648 bytes,      66648 total
- age  11:       4704 bytes,      71352 total
- age  12:      21104 bytes,      92456 total
: 2240K->90K(2432K), 0.0005124 secs] 7601K->5451K(7936K), 0.0005894 secs] [Times: user=0.00 sys=0.00, real=0.00 secs] 
2017-07-06T17:12:51.840+0900: 23.543: [GC2017-07-06T17:12:51.840+0900: 23.543: [DefNew
Desired survivor size 131072 bytes, new threshold 15 (max 15)
- age   1:      16384 bytes,      16384 total
- age   2:       4784 bytes,      21168 total
- age   3:       4704 bytes,      25872 total
- age   4:       4704 bytes,      30576 total
- age   5:       4648 bytes,      35224 total
- age   6:       4704 bytes,      39928 total
- age   7:       4648 bytes,      44576 total
- age   8:       4704 bytes,      49280 total
- age   9:       4648 bytes,      53928 total
- age  10:       4704 bytes,      58632 total
- age  11:       4648 bytes,      63280 total
- age  12:       4704 bytes,      67984 total
- age  13:      21104 bytes,      89088 total
: 2258K->87K(2432K), 0.0005077 secs] 7619K->5448K(7936K), 0.0005744 secs] [Times: user=0.00 sys=0.00, real=0.00 secs] 
2017-07-06T17:12:51.861+0900: 23.565: [GC2017-07-06T17:12:51.861+0900: 23.565: [DefNew
Desired survivor size 131072 bytes, new threshold 15 (max 15)
- age   1:      24400 bytes,      24400 total
- age   2:       4840 bytes,      29240 total
- age   3:       4648 bytes,      33888 total
- age   4:       4704 bytes,      38592 total
- age   5:       4704 bytes,      43296 total
- age   6:       4648 bytes,      47944 total
- age   7:       4704 bytes,      52648 total
- age   8:       4648 bytes,      57296 total
- age   9:       4704 bytes,      62000 total
- age  10:       4648 bytes,      66648 total
- age  11:       4704 bytes,      71352 total
- age  12:       4648 bytes,      76000 total
- age  13:       4704 bytes,      80704 total
- age  14:      21104 bytes,     101808 total
: 2248K->99K(2432K), 0.0005098 secs] 7609K->5460K(7936K), 0.0005727 secs] [Times: user=0.00 sys=0.00, real=0.00 secs] 
2017-07-06T17:12:51.883+0900: 23.586: [GC2017-07-06T17:12:51.883+0900: 23.586: [DefNew
Desired survivor size 131072 bytes, new threshold 15 (max 15)
- age   1:      16384 bytes,      16384 total
- age   2:       4784 bytes,      21168 total
- age   3:       4704 bytes,      25872 total
- age   4:       4648 bytes,      30520 total
- age   5:       4704 bytes,      35224 total
- age   6:       4704 bytes,      39928 total
- age   7:       4648 bytes,      44576 total
- age   8:       4704 bytes,      49280 total
- age   9:       4648 bytes,      53928 total
- age  10:       4704 bytes,      58632 total
- age  11:       4648 bytes,      63280 total
- age  12:       4704 bytes,      67984 total
- age  13:       4648 bytes,      72632 total
- age  14:       4704 bytes,      77336 total
- age  15:      21104 bytes,      98440 total
: 2275K->96K(2432K), 0.0005017 secs] 7636K->5457K(7936K), 0.0005633 secs] [Times: user=0.00 sys=0.00, real=0.00 secs] 
2017-07-06T17:12:51.904+0900: 23.608: [GC2017-07-06T17:12:51.904+0900: 23.608: [DefNew
Desired survivor size 131072 bytes, new threshold 15 (max 15)
- age   1:      16384 bytes,      16384 total
- age   2:       4840 bytes,      21224 total
- age   3:       4648 bytes,      25872 total
- age   4:       4704 bytes,      30576 total
- age   5:       4648 bytes,      35224 total
- age   6:       4704 bytes,      39928 total
- age   7:       4704 bytes,      44632 total
- age   8:       4648 bytes,      49280 total
- age   9:       4704 bytes,      53984 total
- age  10:       4648 bytes,      58632 total
- age  11:       4704 bytes,      63336 total
- age  12:       4648 bytes,      67984 total
- age  13:       4704 bytes,      72688 total
- age  14:       4648 bytes,      77336 total
- age  15:       4704 bytes,      82040 total
: 2272K->80K(2432K), 0.0005166 secs] 7633K->5461K(7936K), 0.0005800 secs] [Times: user=0.00 sys=0.00, real=0.00 secs] 
2017-07-06T17:12:51.928+0900: 23.632: [GC2017-07-06T17:12:51.928+0900: 23.632: [DefNew
Desired survivor size 131072 bytes, new threshold 15 (max 15)
- age   1:      24400 bytes,      24400 total
- age   2:       4840 bytes,      29240 total
- age   3:       4704 bytes,      33944 total
- age   4:       4648 bytes,      38592 total
- age   5:       4704 bytes,      43296 total
- age   6:       4648 bytes,      47944 total
- age   7:       4704 bytes,      52648 total
- age   8:       4704 bytes,      57352 total
- age   9:       4648 bytes,      62000 total
- age  10:       4704 bytes,      66704 total
- age  11:       4648 bytes,      71352 total
- age  12:       4704 bytes,      76056 total
- age  13:       4648 bytes,      80704 total
- age  14:       4704 bytes,      85408 total
- age  15:       4648 bytes,      90056 total
: 2242K->87K(2432K), 0.0006498 secs] 7624K->5474K(7936K), 0.0007456 secs] [Times: user=0.00 sys=0.00, real=0.00 secs] 
2017-07-06T17:12:51.952+0900: 23.655: [GC2017-07-06T17:12:51.952+0900: 23.655: [DefNew
Desired survivor size 131072 bytes, new threshold 15 (max 15)
- age   1:      16384 bytes,      16384 total
- age   2:       4784 bytes,      21168 total
- age   3:       4704 bytes,      25872 total
- age   4:       4704 bytes,      30576 total
- age   5:       4648 bytes,      35224 total
- age   6:       4704 bytes,      39928 total
- age   7:       4648 bytes,      44576 total
- age   8:       4704 bytes,      49280 total
- age   9:       4704 bytes,      53984 total
- age  10:       4648 bytes,      58632 total
- age  11:       4704 bytes,      63336 total
- age  12:       4648 bytes,      67984 total
- age  13:       4704 bytes,      72688 total
- age  14:       4648 bytes,      77336 total
- age  15:       4704 bytes,      82040 total
: 2263K->80K(2432K), 0.0005428 secs] 7650K->5470K(7936K), 0.0006121 secs] [Times: user=0.00 sys=0.00, real=0.00 secs] 
2017-07-06T17:12:51.974+0900: 23.677: [GC2017-07-06T17:12:51.974+0900: 23.677: [DefNew
Desired survivor size 131072 bytes, new threshold 15 (max 15)
- age   1:      16384 bytes,      16384 total
- age   2:       4840 bytes,      21224 total
- age   3:       4648 bytes,      25872 total
- age   4:       4704 bytes,      30576 total
- age   5:       4704 bytes,      35280 total
- age   6:       4648 bytes,      39928 total
- age   7:       4704 bytes,      44632 total
- age   8:       4648 bytes,      49280 total
- age   9:       4704 bytes,      53984 total
- age  10:       4704 bytes,      58688 total
- age  11:       4648 bytes,      63336 total
- age  12:       4704 bytes,      68040 total
- age  13:       4648 bytes,      72688 total
- age  14:       4704 bytes,      77392 total
- age  15:       4648 bytes,      82040 total
: 2256K->80K(2432K), 0.0005209 secs] 7646K->5475K(7936K), 0.0005860 secs] [Times: user=0.00 sys=0.00, real=0.00 secs] 
2017-07-06T17:12:51.995+0900: 23.698: [GC2017-07-06T17:12:51.995+0900: 23.698: [DefNew
Desired survivor size 131072 bytes, new threshold 15 (max 15)
- age   1:      24400 bytes,      24400 total
- age   2:       4840 bytes,      29240 total
- age   3:       4704 bytes,      33944 total
- age   4:       4648 bytes,      38592 total
- age   5:       4704 bytes,      43296 total
- age   6:       4704 bytes,      48000 total
- age   7:       4648 bytes,      52648 total
- age   8:       4704 bytes,      57352 total
- age   9:       4648 bytes,      62000 total
- age  10:       4704 bytes,      66704 total
- age  11:       4704 bytes,      71408 total
- age  12:       4648 bytes,      76056 total
- age  13:       4704 bytes,      80760 total
- age  14:       4648 bytes,      85408 total
- age  15:       4704 bytes,      90112 total
: 2242K->88K(2432K), 0.0005077 secs] 7637K->5487K(7936K), 0.0005697 secs] [Times: user=0.00 sys=0.00, real=0.00 secs] 
2017-07-06T17:12:52.016+0900: 23.719: [GC2017-07-06T17:12:52.016+0900: 23.719: [DefNew
Desired survivor size 131072 bytes, new threshold 15 (max 15)
- age   1:      16384 bytes,      16384 total
- age   2:       4784 bytes,      21168 total
- age   3:       4704 bytes,      25872 total
- age   4:       4704 bytes,      30576 total
- age   5:       4648 bytes,      35224 total
- age   6:       4704 bytes,      39928 total
- age   7:       4704 bytes,      44632 total
- age   8:       4648 bytes,      49280 total
- age   9:       4704 bytes,      53984 total
- age  10:       4648 bytes,      58632 total
- age  11:       4704 bytes,      63336 total
- age  12:       4704 bytes,      68040 total
- age  13:       4648 bytes,      72688 total
- age  14:       4704 bytes,      77392 total
- age  15:       4648 bytes,      82040 total
: 2256K->80K(2432K), 0.0005077 secs] 7656K->5484K(7936K), 0.0005736 secs] [Times: user=0.00 sys=0.00, real=0.00 secs] 
2017-07-06T17:12:52.039+0900: 23.742: [GC2017-07-06T17:12:52.039+0900: 23.742: [DefNew
Desired survivor size 131072 bytes, new threshold 15 (max 15)
- age   1:      24400 bytes,      24400 total
- age   2:       4840 bytes,      29240 total
- age   3:       4648 bytes,      33888 total
- age   4:       4704 bytes,      38592 total
- age   5:       4704 bytes,      43296 total
- age   6:       4648 bytes,      47944 total
- age   7:       4704 bytes,      52648 total
- age   8:       4704 bytes,      57352 total
- age   9:       4648 bytes,      62000 total
- age  10:       4704 bytes,      66704 total
- age  11:       4648 bytes,      71352 total
- age  12:       4704 bytes,      76056 total
- age  13:       4704 bytes,      80760 total
- age  14:       4648 bytes,      85408 total
- age  15:       4704 bytes,      90112 total
: 2241K->88K(2432K), 0.0005941 secs] 7646K->5497K(7936K), 0.0006793 secs] [Times: user=0.00 sys=0.00, real=0.00 secs] 
2017-07-06T17:12:52.064+0900: 23.767: [GC2017-07-06T17:12:52.064+0900: 23.767: [DefNew
Desired survivor size 131072 bytes, new threshold 15 (max 15)
- age   1:      16384 bytes,      16384 total
- age   2:       4784 bytes,      21168 total
- age   3:       4704 bytes,      25872 total
- age   4:       4648 bytes,      30520 total
- age   5:       4704 bytes,      35224 total
- age   6:       4704 bytes,      39928 total
- age   7:       4648 bytes,      44576 total
- age   8:       4704 bytes,      49280 total
- age   9:       4704 bytes,      53984 total
- age  10:       4648 bytes,      58632 total
- age  11:       4704 bytes,      63336 total
- age  12:       4648 bytes,      67984 total
- age  13:       4704 bytes,      72688 total
- age  14:       4704 bytes,      77392 total
- age  15:       4648 bytes,      82040 total
: 2264K->80K(2432K), 0.0005950 secs] 7673K->5493K(7936K), 0.0006853 secs] [Times: user=0.00 sys=0.00, real=0.00 secs] 
2017-07-06T17:12:52.086+0900: 23.789: [GC2017-07-06T17:12:52.086+0900: 23.789: [DefNew
Desired survivor size 131072 bytes, new threshold 15 (max 15)
- age   1:      16384 bytes,      16384 total
- age   2:       4840 bytes,      21224 total
- age   3:       4648 bytes,      25872 total
- age   4:       4704 bytes,      30576 total
- age   5:       4648 bytes,      35224 total
- age   6:       4704 bytes,      39928 total
- age   7:       4704 bytes,      44632 total
- age   8:       4648 bytes,      49280 total
- age   9:       4704 bytes,      53984 total
- age  10:       4704 bytes,      58688 total
- age  11:       4648 bytes,      63336 total
- age  12:       4704 bytes,      68040 total
- age  13:       4648 bytes,      72688 total
- age  14:       4704 bytes,      77392 total
- age  15:       4704 bytes,      82096 total
: 2256K->80K(2432K), 0.0005937 secs] 7669K->5498K(7936K), 0.0006866 secs] [Times: user=0.00 sys=0.00, real=0.00 secs] 
2017-07-06T17:12:52.107+0900: 23.811: [GC2017-07-06T17:12:52.108+0900: 23.811: [DefNew
Desired survivor size 131072 bytes, new threshold 15 (max 15)
- age   1:      24400 bytes,      24400 total
- age   2:       4840 bytes,      29240 total
- age   3:       4704 bytes,      33944 total
- age   4:       4648 bytes,      38592 total
- age   5:       4704 bytes,      43296 total
- age   6:       4648 bytes,      47944 total
- age   7:       4704 bytes,      52648 total
- age   8:       4704 bytes,      57352 total
- age   9:       4648 bytes,      62000 total
- age  10:       4704 bytes,      66704 total
- age  11:       4704 bytes,      71408 total
- age  12:       4648 bytes,      76056 total
- age  13:       4704 bytes,      80760 total
- age  14:       4648 bytes,      85408 total
- age  15:       4704 bytes,      90112 total
: 2242K->88K(2432K), 0.0005141 secs] 7660K->5510K(7936K), 0.0005851 secs] [Times: user=0.00 sys=0.00, real=0.00 secs] 
2017-07-06T17:12:52.129+0900: 23.833: [GC2017-07-06T17:12:52.129+0900: 23.833: [DefNew
Desired survivor size 131072 bytes, new threshold 15 (max 15)
- age   1:      16384 bytes,      16384 total
- age   2:       4784 bytes,      21168 total
- age   3:       4704 bytes,      25872 total
- age   4:       4704 bytes,      30576 total
- age   5:       4648 bytes,      35224 total
- age   6:       4704 bytes,      39928 total
- age   7:       4648 bytes,      44576 total
- age   8:       4704 bytes,      49280 total
- age   9:       4704 bytes,      53984 total
- age  10:       4648 bytes,      58632 total
- age  11:       4704 bytes,      63336 total
- age  12:       4704 bytes,      68040 total
- age  13:       4648 bytes,      72688 total
- age  14:       4704 bytes,      77392 total
- age  15:       4648 bytes,      82040 total
: 2264K->80K(2432K), 0.0005273 secs] 7686K->5507K(7936K), 0.0005920 secs] [Times: user=0.00 sys=0.00, real=0.00 secs] 
2017-07-06T17:12:52.152+0900: 23.855: [GC2017-07-06T17:12:52.152+0900: 23.856: [DefNew
Desired survivor size 131072 bytes, new threshold 15 (max 15)
- age   1:      24400 bytes,      24400 total
- age   2:       4840 bytes,      29240 total
- age   3:       4648 bytes,      33888 total
- age   4:       4704 bytes,      38592 total
- age   5:       4704 bytes,      43296 total
- age   6:       4648 bytes,      47944 total
- age   7:       4704 bytes,      52648 total
- age   8:       4648 bytes,      57296 total
- age   9:       4704 bytes,      62000 total
- age  10:       4704 bytes,      66704 total
- age  11:       4648 bytes,      71352 total
- age  12:       4704 bytes,      76056 total
- age  13:       4704 bytes,      80760 total
- age  14:       4648 bytes,      85408 total
- age  15:       4704 bytes,      90112 total
: 2240K->88K(2432K), 0.0007016 secs] 7667K->5519K(7936K), 0.0007799 secs] [Times: user=0.00 sys=0.00, real=0.00 secs] 
2017-07-06T17:12:52.176+0900: 23.879: [GC2017-07-06T17:12:52.176+0900: 23.879: [DefNew
Desired survivor size 131072 bytes, new threshold 15 (max 15)
- age   1:      16384 bytes,      16384 total
- age   2:       4784 bytes,      21168 total
- age   3:       4704 bytes,      25872 total
- age   4:       4648 bytes,      30520 total
- age   5:       4704 bytes,      35224 total
- age   6:       4704 bytes,      39928 total
- age   7:       4648 bytes,      44576 total
- age   8:       4704 bytes,      49280 total
- age   9:       4648 bytes,      53928 total
- age  10:       4704 bytes,      58632 total
- age  11:       4704 bytes,      63336 total
- age  12:       4648 bytes,      67984 total
- age  13:       4704 bytes,      72688 total
- age  14:       4704 bytes,      77392 total
- age  15:       4648 bytes,      82040 total
: 2264K->80K(2432K), 0.0005385 secs] 7695K->5516K(7936K), 0.0006091 secs] [Times: user=0.00 sys=0.00, real=0.00 secs] 
2017-07-06T17:12:52.197+0900: 23.900: [GC2017-07-06T17:12:52.197+0900: 23.900: [DefNew
Desired survivor size 131072 bytes, new threshold 15 (max 15)
- age   1:      24400 bytes,      24400 total
- age   2:       4840 bytes,      29240 total
- age   3:       4648 bytes,      33888 total
- age   4:       4704 bytes,      38592 total
- age   5:       4648 bytes,      43240 total
- age   6:       4704 bytes,      47944 total
- age   7:       4704 bytes,      52648 total
- age   8:       4648 bytes,      57296 total
- age   9:       4704 bytes,      62000 total
- age  10:       4648 bytes,      66648 total
- age  11:       4704 bytes,      71352 total
- age  12:       4704 bytes,      76056 total
- age  13:       4648 bytes,      80704 total
- age  14:       4704 bytes,      85408 total
- age  15:       4704 bytes,      90112 total
: 2240K->88K(2432K), 0.0005184 secs] 7677K->5529K(7936K), 0.0005907 secs] [Times: user=0.00 sys=0.00, real=0.00 secs] 
2017-07-06T17:12:52.219+0900: 23.922: [GC2017-07-06T17:12:52.219+0900: 23.922: [DefNew
Desired survivor size 131072 bytes, new threshold 15 (max 15)
- age   1:      16384 bytes,      16384 total
- age   2:       4784 bytes,      21168 total
- age   3:       4704 bytes,      25872 total
- age   4:       4648 bytes,      30520 total
- age   5:       4704 bytes,      35224 total
- age   6:       4648 bytes,      39872 total
- age   7:       4704 bytes,      44576 total
- age   8:       4704 bytes,      49280 total
- age   9:       4648 bytes,      53928 total
- age  10:       4704 bytes,      58632 total
- age  11:       4648 bytes,      63280 total
- age  12:       4704 bytes,      67984 total
- age  13:       4704 bytes,      72688 total
- age  14:       4648 bytes,      77336 total
- age  15:       4704 bytes,      82040 total
: 2264K->80K(2432K), 0.0005149 secs] 7705K->5525K(7936K), 0.0005787 secs] [Times: user=0.00 sys=0.00, real=0.00 secs] 
2017-07-06T17:12:52.240+0900: 23.943: [GC2017-07-06T17:12:52.240+0900: 23.943: [DefNew
Desired survivor size 131072 bytes, new threshold 15 (max 15)
- age   1:      24400 bytes,      24400 total
- age   2:       4840 bytes,      29240 total
- age   3:       4648 bytes,      33888 total
- age   4:       4704 bytes,      38592 total
- age   5:       4648 bytes,      43240 total
- age   6:       4704 bytes,      47944 total
- age   7:       4648 bytes,      52592 total
- age   8:       4704 bytes,      57296 total
- age   9:       4704 bytes,      62000 total
- age  10:       4648 bytes,      66648 total
- age  11:       4704 bytes,      71352 total
- age  12:       4648 bytes,      76000 total
- age  13:       4704 bytes,      80704 total
- age  14:       4704 bytes,      85408 total
- age  15:       4648 bytes,      90056 total
: 2241K->87K(2432K), 0.0005047 secs] 7686K->5538K(7936K), 0.0005663 secs] [Times: user=0.00 sys=0.00, real=0.00 secs] 
2017-07-06T17:12:52.262+0900: 23.965: [GC2017-07-06T17:12:52.262+0900: 23.965: [DefNew
Desired survivor size 131072 bytes, new threshold 15 (max 15)
- age   1:      16384 bytes,      16384 total
- age   2:       4784 bytes,      21168 total
- age   3:       4704 bytes,      25872 total
- age   4:       4648 bytes,      30520 total
- age   5:       4704 bytes,      35224 total
- age   6:       4648 bytes,      39872 total
- age   7:       4704 bytes,      44576 total
- age   8:       4648 bytes,      49224 total
- age   9:       4704 bytes,      53928 total
- age  10:       4704 bytes,      58632 total
- age  11:       4648 bytes,      63280 total
- age  12:       4704 bytes,      67984 total
- age  13:       4648 bytes,      72632 total
- age  14:       4704 bytes,      77336 total
- age  15:       4704 bytes,      82040 total
: 2263K->80K(2432K), 0.0005338 secs] 7714K->5534K(7936K), 0.0006023 secs] [Times: user=0.00 sys=0.00, real=0.00 secs] 
2017-07-06T17:12:52.289+0900: 23.992: [GC2017-07-06T17:12:52.289+0900: 23.992: [DefNew
Desired survivor size 131072 bytes, new threshold 15 (max 15)
- age   1:      16384 bytes,      16384 total
- age   2:       4840 bytes,      21224 total
- age   3:       4648 bytes,      25872 total
- age   4:       4704 bytes,      30576 total
- age   5:       4648 bytes,      35224 total
- age   6:       4704 bytes,      39928 total
- age   7:       4648 bytes,      44576 total
- age   8:       4704 bytes,      49280 total
- age   9:       4648 bytes,      53928 total
- age  10:       4704 bytes,      58632 total
- age  11:       4704 bytes,      63336 total
- age  12:       4648 bytes,      67984 total
- age  13:       4704 bytes,      72688 total
- age  14:       4648 bytes,      77336 total
- age  15:       4704 bytes,      82040 total
: 2256K->80K(2432K), 0.0005453 secs] 7710K->5539K(7936K), 0.0006344 secs] [Times: user=0.00 sys=0.00, real=0.00 secs] 
2017-07-06T17:12:52.311+0900: 24.014: [GC2017-07-06T17:12:52.311+0900: 24.014: [DefNew
Desired survivor size 131072 bytes, new threshold 15 (max 15)
- age   1:      24400 bytes,      24400 total
- age   2:       4840 bytes,      29240 total
- age   3:       4704 bytes,      33944 total
- age   4:       4648 bytes,      38592 total
- age   5:       4704 bytes,      43296 total
- age   6:       4648 bytes,      47944 total
- age   7:       4704 bytes,      52648 total
- age   8:       4648 bytes,      57296 total
- age   9:       4704 bytes,      62000 total
- age  10:       4648 bytes,      66648 total
- age  11:       4704 bytes,      71352 total
- age  12:       4704 bytes,      76056 total
- age  13:       4648 bytes,      80704 total
- age  14:       4704 bytes,      85408 total
- age  15:       4648 bytes,      90056 total
: 2242K->87K(2432K), 0.0005329 secs] 7701K->5551K(7936K), 0.0006018 secs] [Times: user=0.00 sys=0.00, real=0.00 secs] 
2017-07-06T17:12:52.332+0900: 24.036: [GC2017-07-06T17:12:52.332+0900: 24.036: [DefNew
Desired survivor size 131072 bytes, new threshold 15 (max 15)
- age   1:      16384 bytes,      16384 total
- age   2:       4784 bytes,      21168 total
- age   3:       4704 bytes,      25872 total
- age   4:       4704 bytes,      30576 total
- age   5:       4648 bytes,      35224 total
- age   6:       4704 bytes,      39928 total
- age   7:       4648 bytes,      44576 total
- age   8:       4704 bytes,      49280 total
- age   9:       4648 bytes,      53928 total
- age  10:       4704 bytes,      58632 total
- age  11:       4648 bytes,      63280 total
- age  12:       4704 bytes,      67984 total
- age  13:       4704 bytes,      72688 total
- age  14:       4648 bytes,      77336 total
- age  15:       4704 bytes,      82040 total
: 2256K->80K(2432K), 0.0005184 secs] 7720K->5548K(7936K), 0.0005821 secs] [Times: user=0.00 sys=0.00, real=0.00 secs] 
2017-07-06T17:12:52.354+0900: 24.057: [GC2017-07-06T17:12:52.354+0900: 24.057: [DefNew
Desired survivor size 131072 bytes, new threshold 15 (max 15)
- age   1:      24400 bytes,      24400 total
- age   2:       4840 bytes,      29240 total
- age   3:       4648 bytes,      33888 total
- age   4:       4704 bytes,      38592 total
- age   5:       4704 bytes,      43296 total
- age   6:       4648 bytes,      47944 total
- age   7:       4704 bytes,      52648 total
- age   8:       4648 bytes,      57296 total
- age   9:       4704 bytes,      62000 total
- age  10:       4648 bytes,      66648 total
- age  11:       4704 bytes,      71352 total
- age  12:       4648 bytes,      76000 total
- age  13:       4704 bytes,      80704 total
- age  14:       4704 bytes,      85408 total
- age  15:       4648 bytes,      90056 total
: 2241K->87K(2432K), 0.0005051 secs] 7709K->5561K(7936K), 0.0005676 secs] [Times: user=0.00 sys=0.00, real=0.00 secs] 
2017-07-06T17:12:52.375+0900: 24.079: [GC2017-07-06T17:12:52.375+0900: 24.079: [DefNew
Desired survivor size 131072 bytes, new threshold 15 (max 15)
- age   1:      16384 bytes,      16384 total
- age   2:       4784 bytes,      21168 total
- age   3:       4704 bytes,      25872 total
- age   4:       4648 bytes,      30520 total
- age   5:       4704 bytes,      35224 total
- age   6:       4704 bytes,      39928 total
- age   7:       4648 bytes,      44576 total
- age   8:       4704 bytes,      49280 total
- age   9:       4648 bytes,      53928 total
- age  10:       4704 bytes,      58632 total
- age  11:       4648 bytes,      63280 total
- age  12:       4704 bytes,      67984 total
- age  13:       4648 bytes,      72632 total
- age  14:       4704 bytes,      77336 total
- age  15:       4704 bytes,      82040 total
: 2263K->80K(2432K), 0.0005115 secs] 7737K->5557K(7936K), 0.0005727 secs] [Times: user=0.00 sys=0.00, real=0.00 secs] 
2017-07-06T17:12:52.400+0900: 24.103: [GC2017-07-06T17:12:52.400+0900: 24.103: [DefNew
Desired survivor size 131072 bytes, new threshold 15 (max 15)
- age   1:      16384 bytes,      16384 total
- age   2:       4840 bytes,      21224 total
- age   3:       4648 bytes,      25872 total
- age   4:       4704 bytes,      30576 total
- age   5:       4648 bytes,      35224 total
- age   6:       4704 bytes,      39928 total
- age   7:       4704 bytes,      44632 total
- age   8:       4648 bytes,      49280 total
- age   9:       4704 bytes,      53984 total
- age  10:       4648 bytes,      58632 total
- age  11:       4704 bytes,      63336 total
- age  12:       4648 bytes,      67984 total
- age  13:       4704 bytes,      72688 total
- age  14:       4648 bytes,      77336 total
- age  15:       4704 bytes,      82040 total
: 2256K->80K(2432K), 0.0005761 secs] 7733K->5562K(7936K), 0.0006695 secs] [Times: user=0.00 sys=0.00, real=0.00 secs] 
2017-07-06T17:12:52.424+0900: 24.127: [GC2017-07-06T17:12:52.424+0900: 24.127: [DefNew
Desired survivor size 131072 bytes, new threshold 15 (max 15)
- age   1:      24400 bytes,      24400 total
- age   2:       4840 bytes,      29240 total
- age   3:       4704 bytes,      33944 total
- age   4:       4648 bytes,      38592 total
- age   5:       4704 bytes,      43296 total
- age   6:       4648 bytes,      47944 total
- age   7:       4704 bytes,      52648 total
- age   8:       4704 bytes,      57352 total
- age   9:       4648 bytes,      62000 total
- age  10:       4704 bytes,      66704 total
- age  11:       4648 bytes,      71352 total
- age  12:       4704 bytes,      76056 total
- age  13:       4648 bytes,      80704 total
- age  14:       4704 bytes,      85408 total
- age  15:       4648 bytes,      90056 total
: 2242K->87K(2432K), 0.0005419 secs] 7724K->5574K(7936K), 0.0006117 secs] [Times: user=0.00 sys=0.00, real=0.00 secs] 
2017-07-06T17:12:52.446+0900: 24.149: [GC2017-07-06T17:12:52.446+0900: 24.149: [DefNew
Desired survivor size 131072 bytes, new threshold 15 (max 15)
- age   1:      16384 bytes,      16384 total
- age   2:       4784 bytes,      21168 total
- age   3:       4704 bytes,      25872 total
- age   4:       4704 bytes,      30576 total
- age   5:       4648 bytes,      35224 total
- age   6:       4704 bytes,      39928 total
- age   7:       4648 bytes,      44576 total
- age   8:       4704 bytes,      49280 total
- age   9:       4704 bytes,      53984 total
- age  10:       4648 bytes,      58632 total
- age  11:       4704 bytes,      63336 total
- age  12:       4648 bytes,      67984 total
- age  13:       4704 bytes,      72688 total
- age  14:       4648 bytes,      77336 total
- age  15:       4704 bytes,      82040 total
: 2263K->80K(2432K), 0.0005244 secs] 7750K->5571K(7936K), 0.0005903 secs] [Times: user=0.00 sys=0.00, real=0.00 secs] 
2017-07-06T17:12:52.467+0900: 24.171: [GC2017-07-06T17:12:52.467+0900: 24.171: [DefNew
Desired survivor size 131072 bytes, new threshold 15 (max 15)
- age   1:      16384 bytes,      16384 total
- age   2:       4840 bytes,      21224 total
- age   3:       4648 bytes,      25872 total
- age   4:       4704 bytes,      30576 total
- age   5:       4704 bytes,      35280 total
- age   6:       4648 bytes,      39928 total
- age   7:       4704 bytes,      44632 total
- age   8:       4648 bytes,      49280 total
- age   9:       4704 bytes,      53984 total
- age  10:       4704 bytes,      58688 total
- age  11:       4648 bytes,      63336 total
- age  12:       4704 bytes,      68040 total
- age  13:       4648 bytes,      72688 total
- age  14:       4704 bytes,      77392 total
- age  15:       4648 bytes,      82040 total
: 2256K->80K(2432K), 0.0005132 secs]2017-07-06T17:12:52.468+0900: 24.171: [Tenured: 5495K->5503K(5504K), 0.0185436 secs] 7747K->5576K(7936K), [Perm : 3312K->3312K(21248K)], 0.0191823 secs] [Times: user=0.02 sys=0.00, real=0.02 secs] 
2017-07-06T17:12:52.510+0900: 24.213: [Full GC2017-07-06T17:12:52.510+0900: 24.213: [Tenured: 5503K->5503K(5504K), 0.0204998 secs] 7935K->5581K(7936K), [Perm : 3312K->3312K(21248K)], 0.0206196 secs] [Times: user=0.01 sys=0.00, real=0.02 secs] 
2017-07-06T17:12:52.554+0900: 24.257: [Full GC2017-07-06T17:12:52.554+0900: 24.257: [Tenured: 5503K->5503K(5504K), 0.0188219 secs] 7925K->5595K(7936K), [Perm : 3312K->3312K(21248K)], 0.0189310 secs] [Times: user=0.03 sys=0.00, real=0.02 secs] 
2017-07-06T17:12:52.595+0900: 24.299: [Full GC2017-07-06T17:12:52.596+0900: 24.299: [Tenured: 5503K->5503K(5504K), 0.0187945 secs] 7929K->5563K(7936K), [Perm : 3312K->3312K(21248K)], 0.0189083 secs] [Times: user=0.02 sys=0.00, real=0.02 secs] 
2017-07-06T17:12:52.638+0900: 24.341: [Full GC2017-07-06T17:12:52.638+0900: 24.341: [Tenured: 5503K->5503K(5504K), 0.0215549 secs] 7921K->5568K(7936K), [Perm : 3312K->3312K(21248K)], 0.0216859 secs] [Times: user=0.02 sys=0.00, real=0.02 secs] 
2017-07-06T17:12:52.683+0900: 24.386: [Full GC2017-07-06T17:12:52.683+0900: 24.386: [Tenured: 5503K->5503K(5504K), 0.0188758 secs] 7926K->5573K(7936K), [Perm : 3312K->3312K(21248K)], 0.0189824 secs] [Times: user=0.01 sys=0.00, real=0.02 secs] 
2017-07-06T17:12:52.725+0900: 24.428: [Full GC2017-07-06T17:12:52.725+0900: 24.428: [Tenured: 5503K->5503K(5504K), 0.0191634 secs] 7933K->5578K(7936K), [Perm : 3312K->3312K(21248K)], 0.0192722 secs] [Times: user=0.03 sys=0.00, real=0.02 secs] 
2017-07-06T17:12:52.769+0900: 24.472: [Full GC2017-07-06T17:12:52.769+0900: 24.472: [Tenured: 5503K->5503K(5504K), 0.0189772 secs] 7930K->5575K(7936K), [Perm : 3312K->3312K(21248K)], 0.0191031 secs] [Times: user=0.02 sys=0.00, real=0.02 secs] 
2017-07-06T17:12:52.811+0900: 24.515: [Full GC2017-07-06T17:12:52.811+0900: 24.515: [Tenured: 5503K->5503K(5504K), 0.0186545 secs] 7933K->5580K(7936K), [Perm : 3312K->3312K(21248K)], 0.0187624 secs] [Times: user=0.02 sys=0.00, real=0.02 secs] 
2017-07-06T17:12:52.853+0900: 24.557: [Full GC2017-07-06T17:12:52.854+0900: 24.557: [Tenured: 5503K->5503K(5504K), 0.0202168 secs] 7921K->5593K(7936K), [Perm : 3312K->3312K(21248K)], 0.0203251 secs] [Times: user=0.02 sys=0.00, real=0.02 secs] 
2017-07-06T17:12:52.897+0900: 24.600: [Full GC2017-07-06T17:12:52.897+0900: 24.600: [Tenured: 5503K->5503K(5504K), 0.0190222 secs] 7928K->5598K(7936K), [Perm : 3312K->3312K(21248K)], 0.0191339 secs] [Times: user=0.03 sys=0.00, real=0.02 secs] 
2017-07-06T17:12:52.939+0900: 24.642: [Full GC2017-07-06T17:12:52.939+0900: 24.642: [Tenured: 5503K->5503K(5504K), 0.0188171 secs] 7929K->5603K(7936K), [Perm : 3312K->3312K(21248K)], 0.0189254 secs] [Times: user=0.01 sys=0.00, real=0.02 secs] 
2017-07-06T17:12:52.984+0900: 24.687: [Full GC2017-07-06T17:12:52.984+0900: 24.687: [Tenured: 5503K->5503K(5504K), 0.0192649 secs] 7928K->5599K(7936K), [Perm : 3312K->3312K(21248K)], 0.0193783 secs] [Times: user=0.02 sys=0.00, real=0.02 secs] 
2017-07-06T17:12:53.026+0900: 24.729: [Full GC2017-07-06T17:12:53.026+0900: 24.729: [Tenured: 5503K->5503K(5504K), 0.0187204 secs] 7931K->5604K(7936K), [Perm : 3312K->3312K(21248K)], 0.0188304 secs] [Times: user=0.02 sys=0.00, real=0.02 secs] 
2017-07-06T17:12:53.067+0900: 24.771: [Full GC2017-07-06T17:12:53.067+0900: 24.771: [Tenured: 5503K->5503K(5504K), 0.0200807 secs] 7920K->5617K(7936K), [Perm : 3312K->3312K(21248K)], 0.0201907 secs] [Times: user=0.03 sys=0.00, real=0.02 secs] 
2017-07-06T17:12:53.114+0900: 24.817: [Full GC2017-07-06T17:12:53.114+0900: 24.817: [Tenured: 5503K->5503K(5504K), 0.0190414 secs] 7922K->5622K(7936K), [Perm : 3312K->3312K(21248K)], 0.0191540 secs] [Times: user=0.03 sys=0.00, real=0.02 secs] 
2017-07-06T17:12:53.156+0900: 24.859: [Full GC2017-07-06T17:12:53.156+0900: 24.859: [Tenured: 5503K->5503K(5504K), 0.0190295 secs] 7929K->5627K(7936K), [Perm : 3312K->3312K(21248K)], 0.0191420 secs] [Times: user=0.01 sys=0.00, real=0.02 secs] 
2017-07-06T17:12:53.201+0900: 24.904: [Full GC2017-07-06T17:12:53.201+0900: 24.904: [Tenured: 5503K->5503K(5504K), 0.0192948 secs] 7932K->5632K(7936K), [Perm : 3312K->3312K(21248K)], 0.0194053 secs] [Times: user=0.02 sys=0.00, real=0.02 secs] 
2017-07-06T17:12:53.243+0900: 24.946: [Full GC2017-07-06T17:12:53.243+0900: 24.946: [Tenured: 5503K->5503K(5504K), 0.0188942 secs] 7930K->5629K(7936K), [Perm : 3312K->3312K(21248K)], 0.0190093 secs] [Times: user=0.02 sys=0.00, real=0.02 secs] 
2017-07-06T17:12:53.284+0900: 24.988: [Full GC2017-07-06T17:12:53.285+0900: 24.988: [Tenured: 5503K->5503K(5504K), 0.0198243 secs] 7935K->5633K(7936K), [Perm : 3312K->3312K(21248K)], 0.0199429 secs] [Times: user=0.02 sys=0.00, real=0.02 secs] 
2017-07-06T17:12:53.333+0900: 25.036: [Full GC2017-07-06T17:12:53.333+0900: 25.036: [Tenured: 5503K->5503K(5504K), 0.0191056 secs] 7922K->5646K(7936K), [Perm : 3312K->3312K(21248K)], 0.0192281 secs] [Times: user=0.03 sys=0.00, real=0.02 secs] 
2017-07-06T17:12:53.375+0900: 25.078: [Full GC2017-07-06T17:12:53.375+0900: 25.078: [Tenured: 5503K->5503K(5504K), 0.0187812 secs] 7925K->5651K(7936K), [Perm : 3312K->3312K(21248K)], 0.0188912 secs] [Times: user=0.02 sys=0.00, real=0.02 secs] 
2017-07-06T17:12:53.418+0900: 25.121: [Full GC2017-07-06T17:12:53.418+0900: 25.121: [Tenured: 5503K->5503K(5504K), 0.0201591 secs] 7931K->5656K(7936K), [Perm : 3312K->3312K(21248K)], 0.0202716 secs] [Times: user=0.02 sys=0.00, real=0.02 secs] 
2017-07-06T17:12:53.460+0900: 25.164: [Full GC2017-07-06T17:12:53.460+0900: 25.164: [Tenured: 5503K->5503K(5504K), 0.0190333 secs] 7928K->5653K(7936K), [Perm : 3312K->3312K(21248K)], 0.0191425 secs] [Times: user=0.03 sys=0.00, real=0.02 secs] 
2017-07-06T17:12:53.502+0900: 25.205: [Full GC2017-07-06T17:12:53.502+0900: 25.205: [Tenured: 5503K->5503K(5504K), 0.0189653 secs] 7933K->5657K(7936K), [Perm : 3312K->3312K(21248K)], 0.0190723 secs] [Times: user=0.02 sys=0.00, real=0.02 secs] 
2017-07-06T17:12:53.548+0900: 25.251: [Full GC2017-07-06T17:12:53.548+0900: 25.251: [Tenured: 5503K->5503K(5504K), 0.0193552 secs] 7920K->5670K(7936K), [Perm : 3312K->3312K(21248K)], 0.0194682 secs] [Times: user=0.02 sys=0.00, real=0.02 secs] 
2017-07-06T17:12:53.589+0900: 25.293: [Full GC2017-07-06T17:12:53.589+0900: 25.293: [Tenured: 5503K->5503K(5504K), 0.0189160 secs] 7925K->5675K(7936K), [Perm : 3312K->3312K(21248K)], 0.0190260 secs] [Times: user=0.02 sys=0.00, real=0.02 secs] 
2017-07-06T17:12:53.630+0900: 25.334: [Full GC2017-07-06T17:12:53.631+0900: 25.334: [Tenured: 5503K->5503K(5504K), 0.0211294 secs] 7929K->5679K(7936K), [Perm : 3312K->3312K(21248K)], 0.0212429 secs] [Times: user=0.03 sys=0.00, real=0.02 secs] 
2017-07-06T17:12:53.675+0900: 25.378: [Full GC2017-07-06T17:12:53.675+0900: 25.379: [Tenured: 5503K->5503K(5504K), 0.0191425 secs] 7934K->5684K(7936K), [Perm : 3312K->3312K(21248K)], 0.0192550 secs] [Times: user=0.02 sys=0.00, real=0.02 secs] 
2017-07-06T17:12:53.716+0900: 25.420: [Full GC2017-07-06T17:12:53.717+0900: 25.420: [Tenured: 5503K->5503K(5504K), 0.0188711 secs] 7931K->5681K(7936K), [Perm : 3312K->3312K(21248K)], 0.0189841 secs] [Times: user=0.01 sys=0.00, real=0.02 secs] 
2017-07-06T17:12:53.760+0900: 25.464: [Full GC2017-07-06T17:12:53.760+0900: 25.464: [Tenured: 5503K->5503K(5504K), 0.0192683 secs] 7935K->5686K(7936K), [Perm : 3312K->3312K(21248K)], 0.0193830 secs] [Times: user=0.02 sys=0.00, real=0.02 secs] 
2017-07-06T17:12:53.802+0900: 25.505: [Full GC2017-07-06T17:12:53.802+0900: 25.505: [Tenured: 5503K->5503K(5504K), 0.0201424 secs] 7922K->5698K(7936K), [Perm : 3312K->3312K(21248K)], 0.0203290 secs] [Times: user=0.03 sys=0.00, real=0.02 secs] 
2017-07-06T17:12:53.844+0900: 25.547: [Full GC2017-07-06T17:12:53.844+0900: 25.547: [Tenured: 5503K->5503K(5504K), 0.0191840 secs] 7927K->5703K(7936K), [Perm : 3312K->3312K(21248K)], 0.0192996 secs] [Times: user=0.01 sys=0.00, real=0.02 secs] 
2017-07-06T17:12:53.885+0900: 25.589: [Full GC2017-07-06T17:12:53.885+0900: 25.589: [Tenured: 5503K->5503K(5504K), 0.0190342 secs] 7931K->5708K(7936K), [Perm : 3312K->3312K(21248K)], 0.0191446 secs] [Times: user=0.02 sys=0.00, real=0.02 secs] 
2017-07-06T17:12:53.928+0900: 25.632: [Full GC2017-07-06T17:12:53.928+0900: 25.632: [Tenured: 5503K->5503K(5504K), 0.0192319 secs] 7928K->5704K(7936K), [Perm : 3312K->3312K(21248K)], 0.0193454 secs] [Times: user=0.03 sys=0.00, real=0.02 secs] 
2017-07-06T17:12:53.970+0900: 25.673: [Full GC2017-07-06T17:12:53.970+0900: 25.673: [Tenured: 5503K->5503K(5504K), 0.0203457 secs] 7932K->5709K(7936K), [Perm : 3312K->3312K(21248K)], 0.0204578 secs] [Times: user=0.01 sys=0.00, real=0.02 secs] 
2017-07-06T17:12:54.012+0900: 25.716: [Full GC2017-07-06T17:12:54.012+0900: 25.716: [Tenured: 5503K->5503K(5504K), 0.0192478 secs] 7920K->5722K(7936K), [Perm : 3312K->3312K(21248K)], 0.0193603 secs] [Times: user=0.02 sys=0.00, real=0.02 secs] 
2017-07-06T17:12:54.053+0900: 25.757: [Full GC2017-07-06T17:12:54.053+0900: 25.757: [Tenured: 5503K->5503K(5504K), 0.0190688 secs] 7924K->5726K(7936K), [Perm : 3312K->3312K(21248K)], 0.0191814 secs] [Times: user=0.03 sys=0.00, real=0.02 secs] 
2017-07-06T17:12:54.095+0900: 25.799: [Full GC2017-07-06T17:12:54.096+0900: 25.799: [Tenured: 5503K->5503K(5504K), 0.0191228 secs] 7929K->5731K(7936K), [Perm : 3312K->3312K(21248K)], 0.0192371 secs] [Times: user=0.02 sys=0.00, real=0.02 secs] 
2017-07-06T17:12:54.136+0900: 25.840: [Full GC2017-07-06T17:12:54.136+0900: 25.840: [Tenured: 5503K->5503K(5504K), 0.0191348 secs] 7933K->5736K(7936K), [Perm : 3312K->3312K(21248K)], 0.0192456 secs] [Times: user=0.01 sys=0.00, real=0.02 secs] 
2017-07-06T17:12:54.177+0900: 25.881: [Full GC2017-07-06T17:12:54.177+0900: 25.881: [Tenured: 5503K->5503K(5504K), 0.0202519 secs] 7930K->5732K(7936K), [Perm : 3312K->3312K(21248K)], 0.0203624 secs] [Times: user=0.03 sys=0.00, real=0.02 secs] 
2017-07-06T17:12:54.222+0900: 25.925: [Full GC2017-07-06T17:12:54.222+0900: 25.925: [Tenured: 5503K->5503K(5504K), 0.0193912 secs] 7934K->5737K(7936K), [Perm : 3312K->3312K(21248K)], 0.0195046 secs] [Times: user=0.03 sys=0.00, real=0.02 secs] 
2017-07-06T17:12:54.262+0900: 25.966: [Full GC2017-07-06T17:12:54.262+0900: 25.966: [Tenured: 5503K->5503K(5504K), 0.0190200 secs] 7925K->5749K(7936K), [Perm : 3312K->3312K(21248K)], 0.0191279 secs] [Times: user=0.01 sys=0.00, real=0.02 secs] 
2017-07-06T17:12:54.307+0900: 26.010: [Full GC2017-07-06T17:12:54.307+0900: 26.010: [Tenured: 5503K->5503K(5504K), 0.0207485 secs] 7925K->5754K(7936K), [Perm : 3312K->3312K(21248K)], 0.0208709 secs] [Times: user=0.00 sys=0.00, real=0.02 secs] 
2017-07-06T17:12:54.349+0900: 26.052: [Full GC2017-07-06T17:12:54.349+0900: 26.052: [Tenured: 5503K->5503K(5504K), 0.0191258 secs] 7930K->5759K(7936K), [Perm : 3312K->3312K(21248K)], 0.0192341 secs] [Times: user=0.03 sys=0.00, real=0.02 secs] 
2017-07-06T17:12:54.389+0900: 26.093: [Full GC2017-07-06T17:12:54.389+0900: 26.093: [Tenured: 5503K->5503K(5504K), 0.0203102 secs] 7929K->5755K(7936K), [Perm : 3312K->3312K(21248K)], 0.0204219 secs] [Times: user=0.02 sys=0.00, real=0.02 secs] 
2017-07-06T17:12:54.432+0900: 26.136: [Full GC2017-07-06T17:12:54.432+0900: 26.136: [Tenured: 5503K->5503K(5504K), 0.0191155 secs] 7935K->5760K(7936K), [Perm : 3312K->3312K(21248K)], 0.0192276 secs] [Times: user=0.01 sys=0.00, real=0.02 secs] 
2017-07-06T17:12:54.473+0900: 26.176: [Full GC2017-07-06T17:12:54.473+0900: 26.176: [Tenured: 5503K->5503K(5504K), 0.0193603 secs] 7921K->5772K(7936K), [Perm : 3312K->3312K(21248K)], 0.0194691 secs] [Times: user=0.03 sys=0.00, real=0.02 secs] 
2017-07-06T17:12:54.514+0900: 26.218: [Full GC2017-07-06T17:12:54.514+0900: 26.218: [Tenured: 5503K->5503K(5504K), 0.0199729 secs] 7925K->5777K(7936K), [Perm : 3312K->3312K(21248K)], 0.0200739 secs] [Times: user=0.02 sys=0.00, real=0.02 secs] 
2017-07-06T17:12:54.556+0900: 26.260: [Full GC2017-07-06T17:12:54.556+0900: 26.260: [Tenured: 5503K->5503K(5504K), 0.0192516 secs] 7930K->5781K(7936K), [Perm : 3312K->3312K(21248K)], 0.0193633 secs] [Times: user=0.02 sys=0.00, real=0.02 secs] 
2017-07-06T17:12:54.597+0900: 26.300: [Full GC2017-07-06T17:12:54.597+0900: 26.300: [Tenured: 5503K->5503K(5504K), 0.0191425 secs] 7934K->5786K(7936K), [Perm : 3312K->3312K(21248K)], 0.0192486 secs] [Times: user=0.03 sys=0.00, real=0.02 secs] 
2017-07-06T17:12:54.638+0900: 26.341: [Full GC2017-07-06T17:12:54.638+0900: 26.341: [Tenured: 5503K->5503K(5504K), 0.0199810 secs] 7931K->5782K(7936K), [Perm : 3312K->3312K(21248K)], 0.0201043 secs] [Times: user=0.02 sys=0.00, real=0.02 secs] 
2017-07-06T17:12:54.679+0900: 26.383: [Full GC2017-07-06T17:12:54.679+0900: 26.383: [Tenured: 5503K->5503K(5504K), 0.0192443 secs] 7932K->5787K(7936K), [Perm : 3312K->3312K(21248K)], 0.0193573 secs] [Times: user=0.02 sys=0.00, real=0.02 secs] 
2017-07-06T17:12:54.719+0900: 26.423: [Full GC2017-07-06T17:12:54.719+0900: 26.423: [Tenured: 5503K->5503K(5504K), 0.0192542 secs] 7935K->5791K(7936K), [Perm : 3312K->3312K(21248K)], 0.0193612 secs] [Times: user=0.02 sys=0.00, real=0.02 secs] 
2017-07-06T17:12:54.763+0900: 26.466: [Full GC2017-07-06T17:12:54.763+0900: 26.466: [Tenured: 5503K->5503K(5504K), 0.0193976 secs] 7926K->5804K(7936K), [Perm : 3312K->3312K(21248K)], 0.0195238 secs] [Times: user=0.01 sys=0.00, real=0.02 secs] 
2017-07-06T17:12:54.803+0900: 26.507: [Full GC2017-07-06T17:12:54.803+0900: 26.507: [Tenured: 5503K->5503K(5504K), 0.0192713 secs] 7930K->5808K(7936K), [Perm : 3312K->3312K(21248K)], 0.0193822 secs] [Times: user=0.02 sys=0.00, real=0.02 secs] 
2017-07-06T17:12:54.844+0900: 26.547: [Full GC2017-07-06T17:12:54.844+0900: 26.547: [Tenured: 5503K->5503K(5504K), 0.0192392 secs] 7932K->5813K(7936K), [Perm : 3312K->3312K(21248K)], 0.0193565 secs] [Times: user=0.02 sys=0.00, real=0.02 secs] 
2017-07-06T17:12:54.887+0900: 26.591: [Full GC2017-07-06T17:12:54.887+0900: 26.591: [Tenured: 5503K->5503K(5504K), 0.0197665 secs] 7928K->5809K(7936K), [Perm : 3312K->3312K(21248K)], 0.0198778 secs] [Times: user=0.02 sys=0.00, real=0.02 secs] 
2017-07-06T17:12:54.929+0900: 26.632: [Full GC2017-07-06T17:12:54.929+0900: 26.632: [Tenured: 5503K->5503K(5504K), 0.0191472 secs] 7935K->5814K(7936K), [Perm : 3312K->3312K(21248K)], 0.0192567 secs] [Times: user=0.02 sys=0.00, real=0.02 secs] 
2017-07-06T17:12:54.969+0900: 26.672: [Full GC2017-07-06T17:12:54.969+0900: 26.672: [Tenured: 5503K->5503K(5504K), 0.0216174 secs] 7921K->5826K(7936K), [Perm : 3312K->3312K(21248K)], 0.0217295 secs] [Times: user=0.03 sys=0.00, real=0.02 secs] 
2017-07-06T17:12:55.012+0900: 26.715: [Full GC2017-07-06T17:12:55.012+0900: 26.716: [Tenured: 5503K->5503K(5504K), 0.0193565 secs] 7925K->5830K(7936K), [Perm : 3312K->3312K(21248K)], 0.0194716 secs] [Times: user=0.01 sys=0.00, real=0.02 secs] 
2017-07-06T17:12:55.052+0900: 26.755: [Full GC2017-07-06T17:12:55.052+0900: 26.755: [Tenured: 5503K->5503K(5504K), 0.0195089 secs] 7928K->5835K(7936K), [Perm : 3312K->3312K(21248K)], 0.0196193 secs] [Times: user=0.02 sys=0.00, real=0.02 secs] 
2017-07-06T17:12:55.093+0900: 26.796: [Full GC2017-07-06T17:12:55.093+0900: 26.796: [Tenured: 5503K->5503K(5504K), 0.0200306 secs] 7934K->5839K(7936K), [Perm : 3312K->3312K(21248K)], 0.0201471 secs] [Times: user=0.01 sys=0.00, real=0.02 secs] 
2017-07-06T17:12:55.134+0900: 26.837: [Full GC2017-07-06T17:12:55.134+0900: 26.837: [Tenured: 5503K->5503K(5504K), 0.0192704 secs] 7930K->5836K(7936K), [Perm : 3312K->3312K(21248K)], 0.0193800 secs] [Times: user=0.02 sys=0.00, real=0.02 secs] 
2017-07-06T17:12:55.174+0900: 26.877: [Full GC2017-07-06T17:12:55.174+0900: 26.877: [Tenured: 5503K->5503K(5504K), 0.0193051 secs] 7935K->5840K(7936K), [Perm : 3312K->3312K(21248K)], 0.0194160 secs] [Times: user=0.03 sys=0.00, real=0.02 secs] 
2017-07-06T17:12:55.218+0900: 26.922: [Full GC2017-07-06T17:12:55.218+0900: 26.922: [Tenured: 5503K->5503K(5504K), 0.0198423 secs] 7921K->5852K(7936K), [Perm : 3312K->3312K(21248K)], 0.0199673 secs] [Times: user=0.02 sys=0.00, real=0.02 secs] 
2017-07-06T17:12:55.259+0900: 26.962: [Full GC2017-07-06T17:12:55.259+0900: 26.962: [Tenured: 5503K->5503K(5504K), 0.0193145 secs] 7926K->5857K(7936K), [Perm : 3312K->3312K(21248K)], 0.0194211 secs] [Times: user=0.02 sys=0.00, real=0.02 secs] 
2017-07-06T17:12:55.298+0900: 27.002: [Full GC2017-07-06T17:12:55.298+0900: 27.002: [Tenured: 5503K->5503K(5504K), 0.0196565 secs] 7930K->5861K(7936K), [Perm : 3312K->3312K(21248K)], 0.0197661 secs] [Times: user=0.03 sys=0.00, real=0.02 secs] 
2017-07-06T17:12:55.344+0900: 27.048: [Full GC2017-07-06T17:12:55.344+0900: 27.048: [Tenured: 5503K->5503K(5504K), 0.0196651 secs] 7934K->5865K(7936K), [Perm : 3312K->3312K(21248K)], 0.0197811 secs] [Times: user=0.03 sys=0.00, real=0.02 secs] 
2017-07-06T17:12:55.385+0900: 27.088: [Full GC2017-07-06T17:12:55.385+0900: 27.088: [Tenured: 5503K->5503K(5504K), 0.0193899 secs] 7931K->5862K(7936K), [Perm : 3312K->3312K(21248K)], 0.0195007 secs] [Times: user=0.02 sys=0.00, real=0.02 secs] 
2017-07-06T17:12:55.424+0900: 27.128: [Full GC2017-07-06T17:12:55.424+0900: 27.128: [Tenured: 5503K->5503K(5504K), 0.0203453 secs] 7935K->5866K(7936K), [Perm : 3312K->3312K(21248K)], 0.0204514 secs] [Times: user=0.03 sys=0.00, real=0.02 secs] 
2017-07-06T17:12:55.465+0900: 27.169: [Full GC2017-07-06T17:12:55.465+0900: 27.169: [Tenured: 5503K->5503K(5504K), 0.0196488 secs] 7922K->5878K(7936K), [Perm : 3312K->3312K(21248K)], 0.0197584 secs] [Times: user=0.02 sys=0.00, real=0.02 secs] 
2017-07-06T17:12:55.506+0900: 27.209: [Full GC2017-07-06T17:12:55.506+0900: 27.209: [Tenured: 5503K->5503K(5504K), 0.0194896 secs] 7925K->5883K(7936K), [Perm : 3312K->3312K(21248K)], 0.0196005 secs] [Times: user=0.02 sys=0.00, real=0.02 secs] 
2017-07-06T17:12:55.546+0900: 27.250: [Full GC2017-07-06T17:12:55.546+0900: 27.250: [Tenured: 5503K->5503K(5504K), 0.0204908 secs] 7930K->5887K(7936K), [Perm : 3312K->3312K(21248K)], 0.0206008 secs] [Times: user=0.03 sys=0.00, real=0.02 secs] 
2017-07-06T17:12:55.587+0900: 27.291: [Full GC2017-07-06T17:12:55.587+0900: 27.291: [Tenured: 5503K->5503K(5504K), 0.0195183 secs] 7934K->5891K(7936K), [Perm : 3312K->3312K(21248K)], 0.0196394 secs] [Times: user=0.02 sys=0.00, real=0.02 secs] 
2017-07-06T17:12:55.627+0900: 27.331: [Full GC2017-07-06T17:12:55.627+0900: 27.331: [Tenured: 5503K->5503K(5504K), 0.0194558 secs] 7932K->5888K(7936K), [Perm : 3312K->3312K(21248K)], 0.0195735 secs] [Times: user=0.03 sys=0.00, real=0.02 secs] 
2017-07-06T17:12:55.670+0900: 27.373: [Full GC2017-07-06T17:12:55.670+0900: 27.373: [Tenured: 5503K->5503K(5504K), 0.0196749 secs] 7935K->5892K(7936K), [Perm : 3312K->3312K(21248K)], 0.0197875 secs] [Times: user=0.02 sys=0.00, real=0.02 secs] 
2017-07-06T17:12:55.710+0900: 27.413: [Full GC2017-07-06T17:12:55.710+0900: 27.413: [Tenured: 5503K->5503K(5504K), 0.0194742 secs] 7921K->5904K(7936K), [Perm : 3312K->3312K(21248K)], 0.0195816 secs] [Times: user=0.02 sys=0.00, real=0.02 secs] 
2017-07-06T17:12:55.749+0900: 27.452: [Full GC2017-07-06T17:12:55.749+0900: 27.453: [Tenured: 5503K->5503K(5504K), 0.0202918 secs] 7925K->5908K(7936K), [Perm : 3312K->3312K(21248K)], 0.0204005 secs] [Times: user=0.02 sys=0.00, real=0.02 secs] 
2017-07-06T17:12:55.793+0900: 27.497: [Full GC2017-07-06T17:12:55.793+0900: 27.497: [Tenured: 5503K->5503K(5504K), 0.0199793 secs] 7931K->5913K(7936K), [Perm : 3312K->3312K(21248K)], 0.0200944 secs] [Times: user=0.01 sys=0.00, real=0.02 secs] 
2017-07-06T17:12:55.834+0900: 27.537: [Full GC2017-07-06T17:12:55.834+0900: 27.537: [Tenured: 5503K->5503K(5504K), 0.0195645 secs] 7934K->5917K(7936K), [Perm : 3312K->3312K(21248K)], 0.0196745 secs] [Times: user=0.02 sys=0.00, real=0.02 secs] 
2017-07-06T17:12:55.873+0900: 27.577: [Full GC2017-07-06T17:12:55.873+0900: 27.577: [Tenured: 5503K->5503K(5504K), 0.0208405 secs] 7930K->5913K(7936K), [Perm : 3312K->3312K(21248K)], 0.0209492 secs] [Times: user=0.03 sys=0.00, real=0.02 secs] 
2017-07-06T17:12:55.918+0900: 27.621: [Full GC2017-07-06T17:12:55.918+0900: 27.621: [Tenured: 5503K->5503K(5504K), 0.0197610 secs] 7935K->5917K(7936K), [Perm : 3312K->3312K(21248K)], 0.0198817 secs] [Times: user=0.02 sys=0.00, real=0.02 secs] 
2017-07-06T17:12:55.957+0900: 27.661: [Full GC2017-07-06T17:12:55.957+0900: 27.661: [Tenured: 5503K->5503K(5504K), 0.0194036 secs] 7924K->5930K(7936K), [Perm : 3312K->3312K(21248K)], 0.0195110 secs] [Times: user=0.01 sys=0.00, real=0.02 secs] 
2017-07-06T17:12:56.000+0900: 27.704: [Full GC2017-07-06T17:12:56.000+0900: 27.704: [Tenured: 5503K->5503K(5504K), 0.0198534 secs] 7924K->5934K(7936K), [Perm : 3312K->3312K(21248K)], 0.0199660 secs] [Times: user=0.03 sys=0.00, real=0.02 secs] 
2017-07-06T17:12:56.040+0900: 27.743: [Full GC2017-07-06T17:12:56.040+0900: 27.743: [Tenured: 5503K->5503K(5504K), 0.0203786 secs] 7928K->5938K(7936K), [Perm : 3312K->3312K(21248K)], 0.0204938 secs] [Times: user=0.01 sys=0.00, real=0.02 secs] 
2017-07-06T17:12:56.081+0900: 27.785: [Full GC2017-07-06T17:12:56.082+0900: 27.785: [Tenured: 5503K->5503K(5504K), 0.0196942 secs] 7935K->5942K(7936K), [Perm : 3312K->3312K(21248K)], 0.0198042 secs] [Times: user=0.02 sys=0.01, real=0.02 secs] 
2017-07-06T17:12:56.121+0900: 27.824: [Full GC2017-07-06T17:12:56.121+0900: 27.824: [Tenured: 5503K->5503K(5504K), 0.0195872 secs] 7931K->5938K(7936K), [Perm : 3312K->3312K(21248K)], 0.0197207 secs] [Times: user=0.01 sys=0.00, real=0.02 secs] 
2017-07-06T17:12:56.162+0900: 27.865: [Full GC2017-07-06T17:12:56.162+0900: 27.865: [Tenured: 5503K->5503K(5504K), 0.0197469 secs] 7935K->5943K(7936K), [Perm : 3312K->3312K(21248K)], 0.0198577 secs] [Times: user=0.02 sys=0.00, real=0.02 secs] 
2017-07-06T17:12:56.201+0900: 27.905: [Full GC2017-07-06T17:12:56.201+0900: 27.905: [Tenured: 5503K->5503K(5504K), 0.0196493 secs] 7920K->5955K(7936K), [Perm : 3312K->3312K(21248K)], 0.0197597 secs] [Times: user=0.02 sys=0.00, real=0.02 secs] 
2017-07-06T17:12:56.241+0900: 27.944: [Full GC2017-07-06T17:12:56.241+0900: 27.944: [Tenured: 5503K->5503K(5504K), 0.0197546 secs] 7926K->5959K(7936K), [Perm : 3312K->3312K(21248K)], 0.0198637 secs] [Times: user=0.01 sys=0.00, real=0.02 secs] 
2017-07-06T17:12:56.284+0900: 27.988: [Full GC2017-07-06T17:12:56.284+0900: 27.988: [Tenured: 5503K->5503K(5504K), 0.0205777 secs] 7929K->5963K(7936K), [Perm : 3312K->3312K(21248K)], 0.0207027 secs] [Times: user=0.01 sys=0.00, real=0.02 secs] 
2017-07-06T17:12:56.325+0900: 28.028: [Full GC2017-07-06T17:12:56.325+0900: 28.028: [Tenured: 5503K->5503K(5504K), 0.0196878 secs] 7934K->5967K(7936K), [Perm : 3312K->3312K(21248K)], 0.0197978 secs] [Times: user=0.02 sys=0.00, real=0.02 secs] 
2017-07-06T17:12:56.364+0900: 28.068: [Full GC2017-07-06T17:12:56.364+0900: 28.068: [Tenured: 5503K->5503K(5504K), 0.0204630 secs] 7929K->5963K(7936K), [Perm : 3312K->3312K(21248K)], 0.0205845 secs] [Times: user=0.02 sys=0.00, real=0.02 secs] 
2017-07-06T17:12:56.405+0900: 28.109: [Full GC2017-07-06T17:12:56.405+0900: 28.109: [Tenured: 5503K->5503K(5504K), 0.0199416 secs] 7934K->5967K(7936K), [Perm : 3312K->3312K(21248K)], 0.0200735 secs] [Times: user=0.03 sys=0.00, real=0.02 secs] 
2017-07-06T17:12:56.446+0900: 28.148: [Full GC2017-07-06T17:12:56.446+0900: 28.148: [Tenured: 5503K->5503K(5504K), 0.0197850 secs] 7920K->5979K(7936K), [Perm : 3312K->3312K(21248K)], 0.0198954 secs] [Times: user=0.01 sys=0.00, real=0.02 secs] 
2017-07-06T17:12:56.485+0900: 28.187: [Full GC2017-07-06T17:12:56.485+0900: 28.187: [Tenured: 5503K->5503K(5504K), 0.0218580 secs] 7924K->5983K(7936K), [Perm : 3312K->3312K(21248K)], 0.0219688 secs] [Times: user=0.02 sys=0.00, real=0.02 secs] 
2017-07-06T17:12:56.526+0900: 28.228: [Full GC2017-07-06T17:12:56.526+0900: 28.228: [Tenured: 5503K->5503K(5504K), 0.0195401 secs] 7928K->5988K(7936K), [Perm : 3312K->3312K(21248K)], 0.0196497 secs] [Times: user=0.02 sys=0.00, real=0.02 secs] 
2017-07-06T17:12:56.565+0900: 28.267: [Full GC2017-07-06T17:12:56.565+0900: 28.267: [Tenured: 5503K->5503K(5504K), 0.0195226 secs] 7932K->5992K(7936K), [Perm : 3312K->3312K(21248K)], 0.0196283 secs] [Times: user=0.03 sys=0.00, real=0.02 secs] 
2017-07-06T17:12:56.607+0900: 28.310: [Full GC2017-07-06T17:12:56.607+0900: 28.310: [Tenured: 5503K->5503K(5504K), 0.0203701 secs] 7928K->5988K(7936K), [Perm : 3312K->3312K(21248K)], 0.0204895 secs] [Times: user=0.02 sys=0.00, real=0.02 secs] 
2017-07-06T17:12:56.647+0900: 28.350: [Full GC2017-07-06T17:12:56.647+0900: 28.350: [Tenured: 5503K->5503K(5504K), 0.0195679 secs] 7932K->5992K(7936K), [Perm : 3312K->3312K(21248K)], 0.0196784 secs] [Times: user=0.02 sys=0.00, real=0.02 secs] 
2017-07-06T17:12:56.686+0900: 28.388: [Full GC2017-07-06T17:12:56.686+0900: 28.388: [Tenured: 5503K->5503K(5504K), 0.0202455 secs] 7935K->5996K(7936K), [Perm : 3312K->3312K(21248K)], 0.0203572 secs] [Times: user=0.02 sys=0.00, real=0.02 secs] 
2017-07-06T17:12:56.730+0900: 28.432: [Full GC2017-07-06T17:12:56.730+0900: 28.432: [Tenured: 5503K->5503K(5504K), 0.0198676 secs] 7923K->6008K(7936K), [Perm : 3312K->3312K(21248K)], 0.0199789 secs] [Times: user=0.01 sys=0.00, real=0.02 secs] 
2017-07-06T17:12:56.769+0900: 28.471: [Full GC2017-07-06T17:12:56.769+0900: 28.471: [Tenured: 5503K->5503K(5504K), 0.0215211 secs] 7929K->6012K(7936K), [Perm : 3312K->3312K(21248K)], 0.0216375 secs] [Times: user=0.01 sys=0.00, real=0.02 secs] 
2017-07-06T17:12:56.809+0900: 28.512: [Full GC2017-07-06T17:12:56.809+0900: 28.512: [Tenured: 5503K->5503K(5504K), 0.0199065 secs] 7930K->6016K(7936K), [Perm : 3312K->3312K(21248K)], 0.0200170 secs] [Times: user=0.02 sys=0.00, real=0.02 secs] 
2017-07-06T17:12:56.848+0900: 28.551: [Full GC2017-07-06T17:12:56.848+0900: 28.551: [Tenured: 5503K->5503K(5504K), 0.0198483 secs] 7935K->6020K(7936K), [Perm : 3312K->3312K(21248K)], 0.0199557 secs] [Times: user=0.02 sys=0.00, real=0.02 secs] 
2017-07-06T17:12:56.890+0900: 28.593: [Full GC2017-07-06T17:12:56.890+0900: 28.593: [Tenured: 5503K->5503K(5504K), 0.0202455 secs] 7929K->6016K(7936K), [Perm : 3312K->3312K(21248K)], 0.0203654 secs] [Times: user=0.03 sys=0.00, real=0.02 secs] 
2017-07-06T17:12:56.929+0900: 28.632: [Full GC2017-07-06T17:12:56.929+0900: 28.632: [Tenured: 5503K->5503K(5504K), 0.0197353 secs] 7935K->6020K(7936K), [Perm : 3312K->3312K(21248K)], 0.0198436 secs] [Times: user=0.02 sys=0.00, real=0.02 secs] 
2017-07-06T17:12:56.968+0900: 28.670: [Full GC2017-07-06T17:12:56.968+0900: 28.670: [Tenured: 5503K->5503K(5504K), 0.0200486 secs] 7923K->6032K(7936K), [Perm : 3312K->3312K(21248K)], 0.0201573 secs] [Times: user=0.03 sys=0.00, real=0.02 secs] 
2017-07-06T17:12:57.010+0900: 28.712: [Full GC2017-07-06T17:12:57.010+0900: 28.712: [Tenured: 5503K->5503K(5504K), 0.0202109 secs] 7924K->6036K(7936K), [Perm : 3312K->3312K(21248K)], 0.0203251 secs] [Times: user=0.01 sys=0.00, real=0.02 secs] 
2017-07-06T17:12:57.049+0900: 28.751: [Full GC2017-07-06T17:12:57.049+0900: 28.751: [Tenured: 5503K->5503K(5504K), 0.0207951 secs] 7929K->6040K(7936K), [Perm : 3312K->3312K(21248K)], 0.0209073 secs] [Times: user=0.03 sys=0.00, real=0.02 secs] 
2017-07-06T17:12:57.091+0900: 28.793: [Full GC2017-07-06T17:12:57.091+0900: 28.793: [Tenured: 5503K->5503K(5504K), 0.0198975 secs] 7933K->6044K(7936K), [Perm : 3312K->3312K(21248K)], 0.0200105 secs] [Times: user=0.02 sys=0.00, real=0.02 secs] 
2017-07-06T17:12:57.129+0900: 28.832: [Full GC2017-07-06T17:12:57.129+0900: 28.832: [Tenured: 5503K->5503K(5504K), 0.0200392 secs] 7929K->6040K(7936K), [Perm : 3312K->3312K(21248K)], 0.0201531 secs] [Times: user=0.02 sys=0.00, real=0.02 secs] 
2017-07-06T17:12:57.168+0900: 28.871: [Full GC2017-07-06T17:12:57.168+0900: 28.871: [Tenured: 5503K->5503K(5504K), 0.0221867 secs] 7933K->6044K(7936K), [Perm : 3312K->3312K(21248K)], 0.0222941 secs] [Times: user=0.03 sys=0.00, real=0.02 secs] 
2017-07-06T17:12:57.209+0900: 28.912: [Full GC2017-07-06T17:12:57.209+0900: 28.912: [Tenured: 5503K->5503K(5504K), 0.0197464 secs] 7935K->6072K(7936K), [Perm : 3312K->3312K(21248K)], 0.0198556 secs] [Times: user=0.02 sys=0.00, real=0.02 secs] 
2017-07-06T17:12:57.247+0900: 28.950: [Full GC2017-07-06T17:12:57.248+0900: 28.950: [Tenured: 5503K->5503K(5504K), 0.0196531 secs] 7923K->6060K(7936K), [Perm : 3312K->3312K(21248K)], 0.0197623 secs] [Times: user=0.02 sys=0.00, real=0.02 secs] 
2017-07-06T17:12:57.286+0900: 28.988: [Full GC2017-07-06T17:12:57.286+0900: 28.988: [Tenured: 5503K->5503K(5504K), 0.0216748 secs] 7927K->6064K(7936K), [Perm : 3312K->3312K(21248K)], 0.0217925 secs] [Times: user=0.01 sys=0.00, real=0.02 secs] 
2017-07-06T17:12:57.326+0900: 29.029: [Full GC2017-07-06T17:12:57.326+0900: 29.029: [Tenured: 5503K->5503K(5504K), 0.0201141 secs] 7931K->6068K(7936K), [Perm : 3312K->3312K(21248K)], 0.0202263 secs] [Times: user=0.03 sys=0.00, real=0.02 secs] 
2017-07-06T17:12:57.365+0900: 29.068: [Full GC2017-07-06T17:12:57.365+0900: 29.068: [Tenured: 5503K->5503K(5504K), 0.0199793 secs] 7935K->6072K(7936K), [Perm : 3312K->3312K(21248K)], 0.0201779 secs] [Times: user=0.02 sys=0.00, real=0.02 secs] 
2017-07-06T17:12:57.404+0900: 29.106: [Full GC2017-07-06T17:12:57.404+0900: 29.106: [Tenured: 5503K->5503K(5504K), 0.0205888 secs] 7931K->6067K(7936K), [Perm : 3312K->3312K(21248K)], 0.0206997 secs] [Times: user=0.03 sys=0.00, real=0.02 secs] 
2017-07-06T17:12:57.443+0900: 29.146: [Full GC2017-07-06T17:12:57.443+0900: 29.146: [Tenured: 5503K->5503K(5504K), 0.0199562 secs] 7935K->6071K(7936K), [Perm : 3312K->3312K(21248K)], 0.0200692 secs] [Times: user=0.02 sys=0.00, real=0.02 secs] 
2017-07-06T17:12:57.481+0900: 29.184: [Full GC2017-07-06T17:12:57.482+0900: 29.184: [Tenured: 5503K->5503K(5504K), 0.0198226 secs] 7921K->6083K(7936K), [Perm : 3312K->3312K(21248K)], 0.0199326 secs] [Times: user=0.02 sys=0.00, real=0.02 secs] 
2017-07-06T17:12:57.522+0900: 29.224: [Full GC2017-07-06T17:12:57.522+0900: 29.224: [Tenured: 5503K->5503K(5504K), 0.0207142 secs] 7924K->6087K(7936K), [Perm : 3312K->3312K(21248K)], 0.0208285 secs] [Times: user=0.01 sys=0.00, real=0.02 secs] 
2017-07-06T17:12:57.561+0900: 29.264: [Full GC2017-07-06T17:12:57.561+0900: 29.264: [Tenured: 5503K->5503K(5504K), 0.0209479 secs] 7928K->6091K(7936K), [Perm : 3312K->3312K(21248K)], 0.0210588 secs] [Times: user=0.03 sys=0.00, real=0.02 secs] 
2017-07-06T17:12:57.600+0900: 29.303: [Full GC2017-07-06T17:12:57.600+0900: 29.303: [Tenured: 5503K->5503K(5504K), 0.0199553 secs] 7932K->6095K(7936K), [Perm : 3312K->3312K(21248K)], 0.0200640 secs] [Times: user=0.02 sys=0.00, real=0.02 secs] 
2017-07-06T17:12:57.643+0900: 29.345: [Full GC2017-07-06T17:12:57.643+0900: 29.345: [Tenured: 5503K->5503K(5504K), 0.0202789 secs] 7928K->6091K(7936K), [Perm : 3312K->3312K(21248K)], 0.0203906 secs] [Times: user=0.02 sys=0.00, real=0.02 secs] 
2017-07-06T17:12:57.681+0900: 29.384: [Full GC2017-07-06T17:12:57.681+0900: 29.384: [Tenured: 5503K->5503K(5504K), 0.0198252 secs] 7932K->6095K(7936K), [Perm : 3312K->3312K(21248K)], 0.0199382 secs] [Times: user=0.02 sys=0.00, real=0.02 secs] 
2017-07-06T17:12:57.719+0900: 29.422: [Full GC2017-07-06T17:12:57.720+0900: 29.422: [Tenured: 5503K->5503K(5504K), 0.0199750 secs] 7935K->6098K(7936K), [Perm : 3312K->3312K(21248K)], 0.0200842 secs] [Times: user=0.03 sys=0.00, real=0.02 secs] 
2017-07-06T17:12:57.764+0900: 29.466: [Full GC2017-07-06T17:12:57.764+0900: 29.466: [Tenured: 5503K->5503K(5504K), 0.0202049 secs] 7920K->6110K(7936K), [Perm : 3312K->3312K(21248K)], 0.0203174 secs] [Times: user=0.03 sys=0.00, real=0.02 secs] 
2017-07-06T17:12:57.807+0900: 29.510: [Full GC2017-07-06T17:12:57.807+0900: 29.510: [Tenured: 5503K->5503K(5504K), 0.0199365 secs] 7924K->6114K(7936K), [Perm : 3312K->3312K(21248K)], 0.0200482 secs] [Times: user=0.01 sys=0.00, real=0.02 secs] 
2017-07-06T17:12:57.845+0900: 29.548: [Full GC2017-07-06T17:12:57.845+0900: 29.548: [Tenured: 5503K->5503K(5504K), 0.0211615 secs] 7929K->6118K(7936K), [Perm : 3312K->3312K(21248K)], 0.0212921 secs] [Times: user=0.02 sys=0.00, real=0.02 secs] 
2017-07-06T17:12:57.886+0900: 29.589: [Full GC2017-07-06T17:12:57.886+0900: 29.589: [Tenured: 5503K->5503K(5504K), 0.0201642 secs] 7932K->6122K(7936K), [Perm : 3312K->3312K(21248K)], 0.0203114 secs] [Times: user=0.02 sys=0.00, real=0.02 secs] 
2017-07-06T17:12:57.924+0900: 29.627: [Full GC2017-07-06T17:12:57.925+0900: 29.627: [Tenured: 5503K->5503K(5504K), 0.0199035 secs] 7928K->6117K(7936K), [Perm : 3312K->3312K(21248K)], 0.0200157 secs] [Times: user=0.02 sys=0.00, real=0.02 secs] 
2017-07-06T17:12:57.964+0900: 29.666: [Full GC2017-07-06T17:12:57.964+0900: 29.666: [Tenured: 5503K->5503K(5504K), 0.0201257 secs] 7931K->6121K(7936K), [Perm : 3312K->3312K(21248K)], 0.0202370 secs] [Times: user=0.01 sys=0.00, real=0.02 secs] 
2017-07-06T17:12:58.002+0900: 29.705: [Full GC2017-07-06T17:12:58.002+0900: 29.705: [Tenured: 5503K->5503K(5504K), 0.0199164 secs] 7935K->6125K(7936K), [Perm : 3312K->3312K(21248K)], 0.0200264 secs] [Times: user=0.02 sys=0.00, real=0.02 secs] 
2017-07-06T17:12:58.040+0900: 29.743: [Full GC2017-07-06T17:12:58.040+0900: 29.743: [Tenured: 5503K->5503K(5504K), 0.0199091 secs] 7921K->6137K(7936K), [Perm : 3312K->3312K(21248K)], 0.0200229 secs] [Times: user=0.01 sys=0.00, real=0.02 secs] 
2017-07-06T17:12:58.082+0900: 29.785: [Full GC2017-07-06T17:12:58.083+0900: 29.785: [Tenured: 5503K->5503K(5504K), 0.0212685 secs] 7925K->6141K(7936K), [Perm : 3312K->3312K(21248K)], 0.0213815 secs] [Times: user=0.02 sys=0.00, real=0.02 secs] 
2017-07-06T17:12:58.122+0900: 29.824: [Full GC2017-07-06T17:12:58.122+0900: 29.824: [Tenured: 5503K->5503K(5504K), 0.0199968 secs] 7929K->6144K(7936K), [Perm : 3312K->3312K(21248K)], 0.0201047 secs] [Times: user=0.03 sys=0.00, real=0.02 secs] 
2017-07-06T17:12:58.159+0900: 29.862: [Full GC2017-07-06T17:12:58.159+0900: 29.862: [Tenured: 5503K->5503K(5504K), 0.0206813 secs] 7933K->6148K(7936K), [Perm : 3312K->3312K(21248K)], 0.0207968 secs] [Times: user=0.02 sys=0.00, real=0.02 secs] 
2017-07-06T17:12:58.199+0900: 29.902: [Full GC2017-07-06T17:12:58.199+0900: 29.902: [Tenured: 5503K->5503K(5504K), 0.0203144 secs] 7928K->6144K(7936K), [Perm : 3312K->3312K(21248K)], 0.0204279 secs] [Times: user=0.03 sys=0.00, real=0.02 secs] 
2017-07-06T17:12:58.237+0900: 29.940: [Full GC2017-07-06T17:12:58.237+0900: 29.940: [Tenured: 5503K->5503K(5504K), 0.0199870 secs] 7933K->6148K(7936K), [Perm : 3312K->3312K(21248K)], 0.0200940 secs] [Times: user=0.01 sys=0.00, real=0.02 secs] 
2017-07-06T17:12:58.275+0900: 29.977: [Full GC2017-07-06T17:12:58.275+0900: 29.977: [Tenured: 5503K->5503K(5504K), 0.0219431 secs] 7935K->6151K(7936K), [Perm : 3312K->3312K(21248K)], 0.0220523 secs] [Times: user=0.02 sys=0.00, real=0.02 secs] 
2017-07-06T17:12:58.317+0900: 30.020: [Full GC2017-07-06T17:12:58.317+0900: 30.020: [Tenured: 5503K->5503K(5504K), 0.0205507 secs] 7923K->6163K(7936K), [Perm : 3312K->3312K(21248K)], 0.0206641 secs] [Times: user=0.02 sys=0.00, real=0.02 secs] 
2017-07-06T17:12:58.355+0900: 30.058: [Full GC2017-07-06T17:12:58.355+0900: 30.058: [Tenured: 5503K->5503K(5504K), 0.0199429 secs] 7925K->6167K(7936K), [Perm : 3312K->3312K(21248K)], 0.0200520 secs] [Times: user=0.01 sys=0.00, real=0.02 secs] 
2017-07-06T17:12:58.393+0900: 30.096: [Full GC2017-07-06T17:12:58.393+0900: 30.096: [Tenured: 5503K->5503K(5504K), 0.0214710 secs] 7930K->6170K(7936K), [Perm : 3312K->3312K(21248K)], 0.0215844 secs] [Times: user=0.02 sys=0.00, real=0.02 secs] 
2017-07-06T17:12:58.433+0900: 30.136: [Full GC2017-07-06T17:12:58.433+0900: 30.136: [Tenured: 5503K->5503K(5504K), 0.0202468 secs] 7933K->6174K(7936K), [Perm : 3312K->3312K(21248K)], 0.0203581 secs] [Times: user=0.03 sys=0.00, real=0.02 secs] 
2017-07-06T17:12:58.471+0900: 30.174: [Full GC2017-07-06T17:12:58.471+0900: 30.174: [Tenured: 5503K->5503K(5504K), 0.0202464 secs] 7929K->6170K(7936K), [Perm : 3312K->3312K(21248K)], 0.0203602 secs] [Times: user=0.02 sys=0.00, real=0.02 secs] 
2017-07-06T17:12:58.512+0900: 30.215: [Full GC2017-07-06T17:12:58.512+0900: 30.215: [Tenured: 5503K->5503K(5504K), 0.0202374 secs] 7933K->6174K(7936K), [Perm : 3312K->3312K(21248K)], 0.0203581 secs] [Times: user=0.03 sys=0.00, real=0.02 secs] 
2017-07-06T17:12:58.550+0900: 30.252: [Full GC2017-07-06T17:12:58.550+0900: 30.252: [Tenured: 5503K->5503K(5504K), 0.0210879 secs] 7935K->6177K(7936K), [Perm : 3312K->3312K(21248K)], 0.0212001 secs] [Times: user=0.01 sys=0.00, real=0.02 secs] 
2017-07-06T17:12:58.590+0900: 30.292: [Full GC2017-07-06T17:12:58.590+0900: 30.292: [Tenured: 5503K->5503K(5504K), 0.0202370 secs] 7923K->6189K(7936K), [Perm : 3312K->3312K(21248K)], 0.0203478 secs] [Times: user=0.03 sys=0.00, real=0.02 secs] 
2017-07-06T17:12:58.627+0900: 30.330: [Full GC2017-07-06T17:12:58.627+0900: 30.330: [Tenured: 5503K->5503K(5504K), 0.0200277 secs] 7925K->6192K(7936K), [Perm : 3312K->3312K(21248K)], 0.0201338 secs] [Times: user=0.02 sys=0.00, real=0.02 secs] 
2017-07-06T17:12:58.664+0900: 30.367: [Full GC2017-07-06T17:12:58.665+0900: 30.367: [Tenured: 5503K->5503K(5504K), 0.0224713 secs] 7929K->6196K(7936K), [Perm : 3312K->3312K(21248K)], 0.0225848 secs] [Times: user=0.02 sys=0.00, real=0.02 secs] 
2017-07-06T17:12:58.706+0900: 30.409: [Full GC2017-07-06T17:12:58.706+0900: 30.409: [Tenured: 5503K->5503K(5504K), 0.0203157 secs] 7932K->6200K(7936K), [Perm : 3312K->3312K(21248K)], 0.0204343 secs] [Times: user=0.00 sys=0.00, real=0.02 secs] 
2017-07-06T17:12:58.744+0900: 30.446: [Full GC2017-07-06T17:12:58.744+0900: 30.446: [Tenured: 5503K->5503K(5504K), 0.0200966 secs] 7928K->6195K(7936K), [Perm : 3312K->3312K(21248K)], 0.0202027 secs] [Times: user=0.02 sys=0.00, real=0.02 secs] 
2017-07-06T17:12:58.781+0900: 30.484: [Full GC2017-07-06T17:12:58.781+0900: 30.484: [Tenured: 5503K->5503K(5504K), 0.0213109 secs] 7931K->6199K(7936K), [Perm : 3312K->3312K(21248K)], 0.0214286 secs] [Times: user=0.02 sys=0.00, real=0.02 secs] 
2017-07-06T17:12:58.821+0900: 30.523: [Full GC2017-07-06T17:12:58.821+0900: 30.523: [Tenured: 5503K->5503K(5504K), 0.0204347 secs] 7935K->6203K(7936K), [Perm : 3312K->3312K(21248K)], 0.0205456 secs] [Times: user=0.02 sys=0.00, real=0.02 secs] 
2017-07-06T17:12:58.859+0900: 30.561: [Full GC2017-07-06T17:12:58.859+0900: 30.561: [Tenured: 5503K->5503K(5504K), 0.0201265 secs] 7923K->6214K(7936K), [Perm : 3312K->3312K(21248K)], 0.0202335 secs] [Times: user=0.02 sys=0.00, real=0.02 secs] 
2017-07-06T17:12:58.896+0900: 30.599: [Full GC2017-07-06T17:12:58.896+0900: 30.599: [Tenured: 5503K->5503K(5504K), 0.0209064 secs] 7925K->6218K(7936K), [Perm : 3312K->3312K(21248K)], 0.0210199 secs] [Times: user=0.01 sys=0.00, real=0.02 secs] 
2017-07-06T17:12:58.935+0900: 30.637: [Full GC2017-07-06T17:12:58.935+0900: 30.637: [Tenured: 5503K->5503K(5504K), 0.0204326 secs] 7929K->6221K(7936K), [Perm : 3312K->3312K(21248K)], 0.0205529 secs] [Times: user=0.03 sys=0.00, real=0.02 secs] 
2017-07-06T17:12:58.974+0900: 30.677: [Full GC2017-07-06T17:12:58.974+0900: 30.677: [Tenured: 5503K->5503K(5504K), 0.0203050 secs] 7933K->6225K(7936K), [Perm : 3312K->3312K(21248K)], 0.0204176 secs] [Times: user=0.02 sys=0.00, real=0.02 secs] 
2017-07-06T17:12:59.012+0900: 30.715: [Full GC2017-07-06T17:12:59.012+0900: 30.715: [Tenured: 5503K->5503K(5504K), 0.0203962 secs] 7928K->6221K(7936K), [Perm : 3312K->3312K(21248K)], 0.0205255 secs] [Times: user=0.03 sys=0.00, real=0.02 secs] 
2017-07-06T17:12:59.050+0900: 30.752: [Full GC2017-07-06T17:12:59.050+0900: 30.752: [Tenured: 5503K->5503K(5504K), 0.0200645 secs] 7932K->6224K(7936K), [Perm : 3312K->3312K(21248K)], 0.0201745 secs] [Times: user=0.02 sys=0.00, real=0.02 secs] 
2017-07-06T17:12:59.087+0900: 30.789: [Full GC2017-07-06T17:12:59.087+0900: 30.789: [Tenured: 5503K->5503K(5504K), 0.0203842 secs] 7935K->6228K(7936K), [Perm : 3312K->3312K(21248K)], 0.0205032 secs] [Times: user=0.02 sys=0.00, real=0.02 secs] 
2017-07-06T17:12:59.126+0900: 30.828: [Full GC2017-07-06T17:12:59.126+0900: 30.828: [Tenured: 5503K->5503K(5504K), 0.0204715 secs] 7921K->6239K(7936K), [Perm : 3312K->3312K(21248K)], 0.0205850 secs] [Times: user=0.01 sys=0.00, real=0.02 secs] 
2017-07-06T17:12:59.163+0900: 30.865: [Full GC2017-07-06T17:12:59.163+0900: 30.866: [Tenured: 5503K->5503K(5504K), 0.0202100 secs] 7924K->6243K(7936K), [Perm : 3312K->3312K(21248K)], 0.0203183 secs] [Times: user=0.02 sys=0.00, real=0.02 secs] 
2017-07-06T17:12:59.200+0900: 30.902: [Full GC2017-07-06T17:12:59.200+0900: 30.902: [Tenured: 5503K->5503K(5504K), 0.0202609 secs] 7929K->6246K(7936K), [Perm : 3312K->3312K(21248K)], 0.0203679 secs] [Times: user=0.03 sys=0.00, real=0.02 secs] 
2017-07-06T17:12:59.240+0900: 30.943: [Full GC2017-07-06T17:12:59.240+0900: 30.943: [Tenured: 5503K->5503K(5504K), 0.0216161 secs] 7933K->6250K(7936K), [Perm : 3312K->3312K(21248K)], 0.0217313 secs] [Times: user=0.02 sys=0.00, real=0.02 secs] 
2017-07-06T17:12:59.279+0900: 30.981: [Full GC2017-07-06T17:12:59.279+0900: 30.981: [Tenured: 5503K->5503K(5504K), 0.0216735 secs] 7928K->6246K(7936K), [Perm : 3312K->3312K(21248K)], 0.0218233 secs] [Times: user=0.03 sys=0.00, real=0.02 secs] 
2017-07-06T17:12:59.317+0900: 31.020: [Full GC2017-07-06T17:12:59.317+0900: 31.020: [Tenured: 5503K->5503K(5504K), 0.0205571 secs] 7932K->6249K(7936K), [Perm : 3312K->3312K(21248K)], 0.0206646 secs] [Times: user=0.02 sys=0.00, real=0.02 secs] 
2017-07-06T17:12:59.356+0900: 31.059: [Full GC2017-07-06T17:12:59.356+0900: 31.059: [Tenured: 5503K->5503K(5504K), 0.0203692 secs] 7923K->6260K(7936K), [Perm : 3312K->3312K(21248K)], 0.0204801 secs] [Times: user=0.03 sys=0.00, real=0.02 secs] 
2017-07-06T17:12:59.393+0900: 31.096: [Full GC2017-07-06T17:12:59.393+0900: 31.096: [Tenured: 5503K->5503K(5504K), 0.0202254 secs] 7935K->6256K(7936K), [Perm : 3312K->3312K(21248K)], 0.0203354 secs] [Times: user=0.02 sys=0.00, real=0.02 secs] 
2017-07-06T17:12:59.430+0900: 31.133: [Full GC2017-07-06T17:12:59.430+0900: 31.133: [Tenured: 5503K->5503K(5504K), 0.0214137 secs] 7926K->6268K(7936K), [Perm : 3312K->3312K(21248K)], 0.0215219 secs] [Times: user=0.03 sys=0.00, real=0.02 secs] 
2017-07-06T17:12:59.472+0900: 31.174: [Full GC2017-07-06T17:12:59.472+0900: 31.174: [Tenured: 5503K->5503K(5504K), 0.0206749 secs] 7926K->6271K(7936K), [Perm : 3312K->3312K(21248K)], 0.0207870 secs] [Times: user=0.02 sys=0.00, real=0.02 secs] 
2017-07-06T17:12:59.509+0900: 31.211: [Full GC2017-07-06T17:12:59.509+0900: 31.211: [Tenured: 5503K->5503K(5504K), 0.0203153 secs] 7934K->6275K(7936K), [Perm : 3312K->3312K(21248K)], 0.0204244 secs] [Times: user=0.02 sys=0.00, real=0.02 secs] 
2017-07-06T17:12:59.545+0900: 31.248: [Full GC2017-07-06T17:12:59.545+0900: 31.248: [Tenured: 5503K->5503K(5504K), 0.0211624 secs] 7935K->6278K(7936K), [Perm : 3312K->3312K(21248K)], 0.0212707 secs] [Times: user=0.02 sys=0.02, real=0.02 secs] 
2017-07-06T17:12:59.585+0900: 31.288: [Full GC2017-07-06T17:12:59.585+0900: 31.288: [Tenured: 5503K->5503K(5504K), 0.0205036 secs] 7932K->6274K(7936K), [Perm : 3312K->3312K(21248K)], 0.0206162 secs] [Times: user=0.02 sys=0.00, real=0.02 secs] 
2017-07-06T17:12:59.622+0900: 31.325: [Full GC2017-07-06T17:12:59.622+0900: 31.325: [Tenured: 5503K->5503K(5504K), 0.0203761 secs] 7933K->6277K(7936K), [Perm : 3312K->3312K(21248K)], 0.0204809 secs] [Times: user=0.03 sys=0.00, real=0.02 secs] 
2017-07-06T17:12:59.659+0900: 31.362: [Full GC2017-07-06T17:12:59.659+0900: 31.362: [Tenured: 5503K->5503K(5504K), 0.0211996 secs] 7920K->6288K(7936K), [Perm : 3312K->3312K(21248K)], 0.0213092 secs] [Times: user=0.01 sys=0.00, real=0.02 secs] 
2017-07-06T17:12:59.698+0900: 31.401: [Full GC2017-07-06T17:12:59.698+0900: 31.401: [Tenured: 5503K->5503K(5504K), 0.0205610 secs] 7921K->6292K(7936K), [Perm : 3312K->3312K(21248K)], 0.0206731 secs] [Times: user=0.03 sys=0.00, real=0.02 secs] 
2017-07-06T17:12:59.735+0900: 31.438: [Full GC2017-07-06T17:12:59.735+0900: 31.438: [Tenured: 5503K->5503K(5504K), 0.0201595 secs] 7927K->6295K(7936K), [Perm : 3312K->3312K(21248K)], 0.0202682 secs] [Times: user=0.02 sys=0.00, real=0.02 secs] 
2017-07-06T17:12:59.772+0900: 31.474: [Full GC2017-07-06T17:12:59.772+0900: 31.474: [Tenured: 5503K->5503K(5504K), 0.0217450 secs] 7928K->6299K(7936K), [Perm : 3312K->3312K(21248K)], 0.0218614 secs] [Times: user=0.02 sys=0.00, real=0.02 secs] 
2017-07-06T17:12:59.810+0900: 31.513: [Full GC2017-07-06T17:12:59.810+0900: 31.513: [Tenured: 5503K->5503K(5504K), 0.0204647 secs] 7930K->6302K(7936K), [Perm : 3312K->3312K(21248K)], 0.0205764 secs] [Times: user=0.03 sys=0.00, real=0.02 secs] 
2017-07-06T17:12:59.847+0900: 31.549: [Full GC2017-07-06T17:12:59.847+0900: 31.549: [Tenured: 5503K->5503K(5504K), 0.0202216 secs] 7934K->6306K(7936K), [Perm : 3312K->3312K(21248K)], 0.0203525 secs] [Times: user=0.01 sys=0.00, real=0.02 secs] 
2017-07-06T17:12:59.883+0900: 31.586: [Full GC2017-07-06T17:12:59.883+0900: 31.586: [Tenured: 5503K->5503K(5504K), 0.0215802 secs] 7929K->6301K(7936K), [Perm : 3312K->3312K(21248K)], 0.0216893 secs] [Times: user=0.03 sys=0.00, real=0.02 secs] 
2017-07-06T17:12:59.923+0900: 31.626: [Full GC2017-07-06T17:12:59.923+0900: 31.626: [Tenured: 5503K->5503K(5504K), 0.0205392 secs] 7933K->6304K(7936K), [Perm : 3312K->3312K(21248K)], 0.0206534 secs] [Times: user=0.01 sys=0.00, real=0.02 secs] 
2017-07-06T17:12:59.960+0900: 31.663: [Full GC2017-07-06T17:12:59.960+0900: 31.663: [Tenured: 5503K->5503K(5504K), 0.0203153 secs] 7921K->6316K(7936K), [Perm : 3312K->3312K(21248K)], 0.0204249 secs] [Times: user=0.02 sys=0.00, real=0.02 secs] 
2017-07-06T17:12:59.996+0900: 31.699: [Full GC2017-07-06T17:12:59.996+0900: 31.699: [Tenured: 5503K->5503K(5504K), 0.0214415 secs] 7922K->6319K(7936K), [Perm : 3312K->3312K(21248K)], 0.0215481 secs] [Times: user=0.03 sys=0.00, real=0.02 secs] 
2017-07-06T17:13:00.036+0900: 31.738: [Full GC2017-07-06T17:13:00.036+0900: 31.738: [Tenured: 5503K->5503K(5504K), 0.0205392 secs] 7926K->6323K(7936K), [Perm : 3312K->3312K(21248K)], 0.0206492 secs] [Times: user=0.02 sys=0.00, real=0.02 secs] 
2017-07-06T17:13:00.073+0900: 31.775: [Full GC2017-07-06T17:13:00.073+0900: 31.775: [Tenured: 5503K->5503K(5504K), 0.0202691 secs] 7930K->6326K(7936K), [Perm : 3312K->3312K(21248K)], 0.0203752 secs] [Times: user=0.03 sys=0.00, real=0.02 secs] 
2017-07-06T17:13:00.109+0900: 31.812: [Full GC2017-07-06T17:13:00.109+0900: 31.812: [Tenured: 5503K->5503K(5504K), 0.0216863 secs] 7933K->6329K(7936K), [Perm : 3312K->3312K(21248K)], 0.0217946 secs] [Times: user=0.01 sys=0.00, real=0.02 secs] 
2017-07-06T17:13:00.148+0900: 31.850: [Full GC2017-07-06T17:13:00.148+0900: 31.850: [Tenured: 5503K->5503K(5504K), 0.0205006 secs] 7929K->6325K(7936K), [Perm : 3312K->3312K(21248K)], 0.0206115 secs] [Times: user=0.02 sys=0.00, real=0.02 secs] 
2017-07-06T17:13:00.184+0900: 31.887: [Full GC2017-07-06T17:13:00.184+0900: 31.887: [Tenured: 5503K->5503K(5504K), 0.0204060 secs] 7932K->6328K(7936K), [Perm : 3312K->3312K(21248K)], 0.0205118 secs] [Times: user=0.03 sys=0.00, real=0.02 secs] 
2017-07-06T17:13:00.221+0900: 31.923: [Full GC2017-07-06T17:13:00.221+0900: 31.924: [Tenured: 5503K->5503K(5504K), 0.0214727 secs] 7935K->6356K(7936K), [Perm : 3312K->3312K(21248K)], 0.0215802 secs] [Times: user=0.02 sys=0.00, real=0.02 secs] 
2017-07-06T17:13:00.260+0900: 31.962: [Full GC2017-07-06T17:13:00.260+0900: 31.962: [Tenured: 5503K->5503K(5504K), 0.0205225 secs] 7922K->6343K(7936K), [Perm : 3312K->3312K(21248K)], 0.0206432 secs] [Times: user=0.03 sys=0.00, real=0.02 secs] 
2017-07-06T17:13:00.297+0900: 32.000: [Full GC2017-07-06T17:13:00.297+0900: 32.000: [Tenured: 5503K->5503K(5504K), 0.0206868 secs] 7925K->6346K(7936K), [Perm : 3312K->3312K(21248K)], 0.0207947 secs] [Times: user=0.02 sys=0.00, real=0.02 secs] 
2017-07-06T17:13:00.334+0900: 32.037: [Full GC2017-07-06T17:13:00.334+0900: 32.037: [Tenured: 5503K->5503K(5504K), 0.0214877 secs] 7929K->6349K(7936K), [Perm : 3312K->3312K(21248K)], 0.0215969 secs] [Times: user=0.01 sys=0.00, real=0.02 secs] 
2017-07-06T17:13:00.374+0900: 32.077: [Full GC2017-07-06T17:13:00.374+0900: 32.077: [Tenured: 5503K->5503K(5504K), 0.0205101 secs] 7932K->6353K(7936K), [Perm : 3312K->3312K(21248K)], 0.0206205 secs] [Times: user=0.02 sys=0.00, real=0.02 secs] 
2017-07-06T17:13:00.411+0900: 32.114: [Full GC2017-07-06T17:13:00.411+0900: 32.114: [Tenured: 5503K->5503K(5504K), 0.0205743 secs] 7935K->6356K(7936K), [Perm : 3312K->3312K(21248K)], 0.0206834 secs] [Times: user=0.01 sys=0.00, real=0.02 secs] 
2017-07-06T17:13:00.448+0900: 32.150: [Full GC2017-07-06T17:13:00.448+0900: 32.150: [Tenured: 5503K->5503K(5504K), 0.0216101 secs] 7931K->6351K(7936K), [Perm : 3312K->3312K(21248K)], 0.0217265 secs] [Times: user=0.03 sys=0.00, real=0.02 secs] 
2017-07-06T17:13:00.488+0900: 32.191: [Full GC2017-07-06T17:13:00.488+0900: 32.191: [Tenured: 5503K->5503K(5504K), 0.0211825 secs] 7934K->6355K(7936K), [Perm : 3312K->3312K(21248K)], 0.0212938 secs] [Times: user=0.01 sys=0.00, real=0.02 secs] 
2017-07-06T17:13:00.525+0900: 32.228: [Full GC2017-07-06T17:13:00.525+0900: 32.228: [Tenured: 5503K->5503K(5504K), 0.0205567 secs] 7935K->6358K(7936K), [Perm : 3312K->3312K(21248K)], 0.0206650 secs] [Times: user=0.03 sys=0.00, real=0.02 secs] 
2017-07-06T17:13:00.562+0900: 32.265: [Full GC2017-07-06T17:13:00.562+0900: 32.265: [Tenured: 5503K->5503K(5504K), 0.0222984 secs] 7923K->6369K(7936K), [Perm : 3312K->3312K(21248K)], 0.0224238 secs] [Times: user=0.02 sys=0.00, real=0.02 secs] 
Heap
 def new generation   total 2432K, used 2068K [0x00000000fa600000, 0x00000000fa8a0000, 0x00000000fa8a0000)
  eden space 2176K,  95% used [0x00000000fa600000, 0x00000000fa805198, 0x00000000fa820000)
  from space 256K,   0% used [0x00000000fa820000, 0x00000000fa820000, 0x00000000fa860000)
  to   space 256K,   0% used [0x00000000fa860000, 0x00000000fa860000, 0x00000000fa8a0000)
 tenured generation   total 5504K, used 5503K [0x00000000fa8a0000, 0x00000000fae00000, 0x00000000fae00000)
   the space 5504K,  99% used [0x00000000fa8a0000, 0x00000000fadffff8, 0x00000000fae00000, 0x00000000fae00000)
 compacting perm gen  total 21248K, used 3319K [0x00000000fae00000, 0x00000000fc2c0000, 0x0000000100000000)
   the space 21248K,  15% used [0x00000000fae00000, 0x00000000fb13dc38, 0x00000000fb13de00, 0x00000000fc2c0000)
No shared spaces configured.
