Java HotSpot(TM) 64-Bit Server VM (24.80-b11) for windows-amd64 JRE (1.7.0_80-b15), built on Apr 10 2015 11:26:34 by "java_re" with unknown MS VC++:1600
Memory: 4k page, physical 4118132k(920456k free), swap 8234404k(4487824k free)
CommandLine flags: -XX:InitialHeapSize=8388608 -XX:MaxHeapSize=8388608 -XX:+PrintClassHistogram -XX:+PrintGC -XX:+PrintGCDateStamps -XX:+PrintGCDetails -XX:+PrintGCTimeStamps -XX:+PrintTenuringDistribution -XX:+UseCompressedOops -XX:-UseLargePagesIndividualAllocation -XX:+UseParallelGC 
2017-07-06T17:23:50.729+0900: 0.192: [GC
Desired survivor size 524288 bytes, new threshold 7 (max 15)
 [PSYoungGen: 2040K->501K(2560K)] 2040K->641K(7680K), 0.0026385 secs] [Times: user=0.00 sys=0.00, real=0.00 secs] 
2017-07-06T17:23:50.760+0900: 0.222: [GC
Desired survivor size 524288 bytes, new threshold 7 (max 15)
 [PSYoungGen: 2549K->485K(2560K)] 2689K->657K(7680K), 0.0018564 secs] [Times: user=0.00 sys=0.00, real=0.00 secs] 
2017-07-06T17:23:50.793+0900: 0.255: [GC
Desired survivor size 524288 bytes, new threshold 7 (max 15)
 [PSYoungGen: 2530K->501K(2560K)] 2702K->681K(7680K), 0.0077497 secs] [Times: user=0.02 sys=0.00, real=0.01 secs] 
2017-07-06T17:23:50.830+0900: 0.293: [GC
Desired survivor size 524288 bytes, new threshold 7 (max 15)
 [PSYoungGen: 2537K->485K(2560K)] 2717K->697K(7680K), 0.0021107 secs] [Times: user=0.03 sys=0.00, real=0.00 secs] 
2017-07-06T17:23:50.866+0900: 0.329: [GC
Desired survivor size 1048576 bytes, new threshold 6 (max 15)
 [PSYoungGen: 2517K->485K(2560K)] 2729K->713K(7680K), 0.0064437 secs] [Times: user=0.00 sys=0.00, real=0.01 secs] 
2017-07-06T17:23:50.907+0900: 0.370: [GC
Desired survivor size 1048576 bytes, new threshold 5 (max 15)
 [PSYoungGen: 2526K->501K(1536K)] 2754K->745K(6656K), 0.0020512 secs] [Times: user=0.03 sys=0.00, real=0.00 secs] 
2017-07-06T17:23:50.928+0900: 0.391: [GC
Desired survivor size 1048576 bytes, new threshold 4 (max 15)
 [PSYoungGen: 1524K->64K(2048K)] 1768K->753K(7168K), 0.0125729 secs] [Times: user=0.01 sys=0.00, real=0.01 secs] 
2017-07-06T17:23:50.954+0900: 0.417: [GC
Desired survivor size 1048576 bytes, new threshold 3 (max 15)
 [PSYoungGen: 1077K->96K(2048K)] 1767K->801K(7168K), 0.0005680 secs] [Times: user=0.02 sys=0.00, real=0.00 secs] 
2017-07-06T17:23:50.968+0900: 0.431: [GC
Desired survivor size 1048576 bytes, new threshold 2 (max 15)
 [PSYoungGen: 1112K->96K(2048K)] 1817K->817K(7168K), 0.0005629 secs] [Times: user=0.00 sys=0.00, real=0.00 secs] 
2017-07-06T17:23:50.982+0900: 0.445: [GC
Desired survivor size 1048576 bytes, new threshold 1 (max 15)
 [PSYoungGen: 1109K->96K(2048K)] 1830K->833K(7168K), 0.0005269 secs] [Times: user=0.00 sys=0.00, real=0.00 secs] 
2017-07-06T17:23:50.996+0900: 0.459: [GC
Desired survivor size 1048576 bytes, new threshold 1 (max 15)
 [PSYoungGen: 1108K->96K(2048K)] 1846K->849K(7168K), 0.0005038 secs] [Times: user=0.00 sys=0.00, real=0.00 secs] 
2017-07-06T17:23:51.010+0900: 0.473: [GC
Desired survivor size 1048576 bytes, new threshold 1 (max 15)
 [PSYoungGen: 1108K->96K(2048K)] 1861K->865K(7168K), 0.0004897 secs] [Times: user=0.00 sys=0.00, real=0.00 secs] 
2017-07-06T17:23:51.024+0900: 0.487: [GC
Desired survivor size 1048576 bytes, new threshold 1 (max 15)
 [PSYoungGen: 1108K->96K(2048K)] 1877K->873K(7168K), 0.0004905 secs] [Times: user=0.00 sys=0.00, real=0.00 secs] 
2017-07-06T17:23:51.042+0900: 0.505: [GC
Desired survivor size 1048576 bytes, new threshold 1 (max 15)
 [PSYoungGen: 1108K->96K(2048K)] 1885K->889K(7168K), 0.0005295 secs] [Times: user=0.00 sys=0.00, real=0.00 secs] 
2017-07-06T17:23:51.056+0900: 0.519: [GC
Desired survivor size 1048576 bytes, new threshold 1 (max 15)
 [PSYoungGen: 1108K->64K(2048K)] 1901K->873K(7168K), 0.0005111 secs] [Times: user=0.00 sys=0.00, real=0.00 secs] 
2017-07-06T17:23:51.070+0900: 0.532: [GC
Desired survivor size 1048576 bytes, new threshold 1 (max 15)
 [PSYoungGen: 1080K->96K(2048K)] 1890K->921K(7168K), 0.0004935 secs] [Times: user=0.00 sys=0.00, real=0.00 secs] 
2017-07-06T17:23:51.083+0900: 0.546: [GC
Desired survivor size 1048576 bytes, new threshold 1 (max 15)
 [PSYoungGen: 1108K->96K(2048K)] 1933K->937K(7168K), 0.0005128 secs] [Times: user=0.00 sys=0.00, real=0.00 secs] 
2017-07-06T17:23:51.098+0900: 0.560: [GC
Desired survivor size 1048576 bytes, new threshold 1 (max 15)
 [PSYoungGen: 1108K->64K(2048K)] 1949K->913K(7168K), 0.0059656 secs] [Times: user=0.00 sys=0.00, real=0.01 secs] 
2017-07-06T17:23:51.117+0900: 0.580: [GC
Desired survivor size 1048576 bytes, new threshold 1 (max 15)
 [PSYoungGen: 1076K->96K(2048K)] 1925K->961K(7168K), 0.0005145 secs] [Times: user=0.00 sys=0.00, real=0.00 secs] 
2017-07-06T17:23:51.131+0900: 0.594: [GC
Desired survivor size 1048576 bytes, new threshold 1 (max 15)
 [PSYoungGen: 1108K->64K(2048K)] 1973K->937K(7168K), 0.0007200 secs] [Times: user=0.00 sys=0.00, real=0.00 secs] 
2017-07-06T17:23:51.146+0900: 0.609: [GC
Desired survivor size 1048576 bytes, new threshold 1 (max 15)
 [PSYoungGen: 1076K->64K(2048K)] 1949K->945K(7168K), 0.0279614 secs] [Times: user=0.05 sys=0.00, real=0.03 secs] 
2017-07-06T17:23:51.187+0900: 0.650: [GC
Desired survivor size 1048576 bytes, new threshold 1 (max 15)
 [PSYoungGen: 1076K->96K(2048K)] 1957K->985K(7168K), 0.0005389 secs] [Times: user=0.00 sys=0.00, real=0.00 secs] 
2017-07-06T17:23:51.201+0900: 0.664: [GC
Desired survivor size 1048576 bytes, new threshold 1 (max 15)
 [PSYoungGen: 1108K->96K(2048K)] 1997K->1001K(7168K), 0.0005017 secs] [Times: user=0.00 sys=0.00, real=0.00 secs] 
2017-07-06T17:23:51.214+0900: 0.677: [GC
Desired survivor size 524288 bytes, new threshold 1 (max 15)
 [PSYoungGen: 1108K->96K(2048K)] 2013K->1017K(7168K), 0.0005513 secs] [Times: user=0.00 sys=0.00, real=0.00 secs] 
2017-07-06T17:23:51.234+0900: 0.697: [GC
Desired survivor size 524288 bytes, new threshold 1 (max 15)
 [PSYoungGen: 1627K->96K(2048K)] 2549K->1025K(7168K), 0.0004995 secs] [Times: user=0.00 sys=0.00, real=0.00 secs] 
2017-07-06T17:23:51.257+0900: 0.720: [GC
Desired survivor size 524288 bytes, new threshold 1 (max 15)
 [PSYoungGen: 1626K->64K(2560K)] 2556K->1001K(7680K), 0.0029783 secs] [Times: user=0.00 sys=0.00, real=0.00 secs] 
2017-07-06T17:23:51.286+0900: 0.749: [GC
Desired survivor size 524288 bytes, new threshold 1 (max 15)
 [PSYoungGen: 2112K->96K(2560K)] 3049K->1049K(7680K), 0.0006164 secs] [Times: user=0.00 sys=0.00, real=0.00 secs] 
2017-07-06T17:23:51.314+0900: 0.777: [GC
Desired survivor size 524288 bytes, new threshold 1 (max 15)
 [PSYoungGen: 2144K->96K(2560K)] 3097K->1057K(7680K), 0.0007285 secs] [Times: user=0.00 sys=0.00, real=0.00 secs] 
2017-07-06T17:23:51.341+0900: 0.804: [GC
Desired survivor size 524288 bytes, new threshold 1 (max 15)
 [PSYoungGen: 2129K->96K(2560K)] 3091K->1073K(7680K), 0.0005565 secs] [Times: user=0.00 sys=0.00, real=0.00 secs] 
2017-07-06T17:23:51.370+0900: 0.833: [GC
Desired survivor size 524288 bytes, new threshold 1 (max 15)
 [PSYoungGen: 2138K->96K(2560K)] 3115K->1089K(7680K), 0.0005654 secs] [Times: user=0.00 sys=0.00, real=0.00 secs] 
2017-07-06T17:23:51.397+0900: 0.859: [GC
Desired survivor size 524288 bytes, new threshold 1 (max 15)
 [PSYoungGen: 2144K->96K(2560K)] 3137K->1105K(7680K), 0.0005462 secs] [Times: user=0.00 sys=0.00, real=0.00 secs] 
2017-07-06T17:23:51.424+0900: 0.887: [GC
Desired survivor size 524288 bytes, new threshold 1 (max 15)
 [PSYoungGen: 2144K->64K(2560K)] 3153K->1089K(7680K), 0.0007983 secs] [Times: user=0.00 sys=0.00, real=0.00 secs] 
2017-07-06T17:23:51.451+0900: 0.914: [GC
Desired survivor size 524288 bytes, new threshold 1 (max 15)
 [PSYoungGen: 2112K->64K(2560K)] 3137K->1097K(7680K), 0.0086161 secs] [Times: user=0.01 sys=0.00, real=0.01 secs] 
2017-07-06T17:23:51.486+0900: 0.949: [GC
Desired survivor size 524288 bytes, new threshold 1 (max 15)
 [PSYoungGen: 2108K->96K(2560K)] 3142K->1137K(7680K), 0.0005659 secs] [Times: user=0.00 sys=0.00, real=0.00 secs] 
2017-07-06T17:23:51.512+0900: 0.974: [GC
Desired survivor size 524288 bytes, new threshold 1 (max 15)
 [PSYoungGen: 2138K->96K(2560K)] 3179K->1164K(7680K), 0.0005680 secs] [Times: user=0.00 sys=0.00, real=0.00 secs] 
2017-07-06T17:23:51.537+0900: 1.000: [GC
Desired survivor size 524288 bytes, new threshold 1 (max 15)
 [PSYoungGen: 2144K->96K(2560K)] 3212K->1172K(7680K), 0.0006027 secs] [Times: user=0.00 sys=0.00, real=0.00 secs] 
2017-07-06T17:23:51.568+0900: 1.031: [GC
Desired survivor size 524288 bytes, new threshold 1 (max 15)
 [PSYoungGen: 2144K->96K(2560K)] 3220K->1188K(7680K), 0.0006010 secs] [Times: user=0.00 sys=0.00, real=0.00 secs] 
2017-07-06T17:23:51.597+0900: 1.060: [GC
Desired survivor size 524288 bytes, new threshold 1 (max 15)
 [PSYoungGen: 2130K->96K(2560K)] 3222K->1204K(7680K), 0.0006275 secs] [Times: user=0.00 sys=0.00, real=0.00 secs] 
2017-07-06T17:23:51.627+0900: 1.089: [GC
Desired survivor size 524288 bytes, new threshold 1 (max 15)
 [PSYoungGen: 2137K->96K(2560K)] 3245K->1220K(7680K), 0.0014010 secs] [Times: user=0.00 sys=0.00, real=0.00 secs] 
2017-07-06T17:23:51.660+0900: 1.123: [GC
Desired survivor size 524288 bytes, new threshold 1 (max 15)
 [PSYoungGen: 2144K->64K(2560K)] 3268K->1196K(7680K), 0.0142666 secs] [Times: user=0.02 sys=0.00, real=0.01 secs] 
2017-07-06T17:23:51.706+0900: 1.169: [GC
Desired survivor size 524288 bytes, new threshold 1 (max 15)
 [PSYoungGen: 2112K->96K(2560K)] 3244K->1244K(7680K), 0.0005834 secs] [Times: user=0.00 sys=0.00, real=0.00 secs] 
2017-07-06T17:23:51.734+0900: 1.197: [GC
Desired survivor size 524288 bytes, new threshold 1 (max 15)
 [PSYoungGen: 2128K->64K(2560K)] 3277K->1220K(7680K), 0.0008552 secs] [Times: user=0.03 sys=0.00, real=0.00 secs] 
2017-07-06T17:23:51.761+0900: 1.224: [GC
Desired survivor size 524288 bytes, new threshold 1 (max 15)
 [PSYoungGen: 2105K->64K(2560K)] 3262K->1228K(7680K), 0.0019061 secs] [Times: user=0.00 sys=0.00, real=0.00 secs] 
2017-07-06T17:23:51.790+0900: 1.252: [GC
Desired survivor size 524288 bytes, new threshold 1 (max 15)
 [PSYoungGen: 2112K->96K(2560K)] 3276K->1276K(7680K), 0.0005770 secs] [Times: user=0.00 sys=0.00, real=0.00 secs] 
2017-07-06T17:23:51.814+0900: 1.277: [GC
Desired survivor size 524288 bytes, new threshold 1 (max 15)
 [PSYoungGen: 2144K->96K(2560K)] 3324K->1292K(7680K), 0.0005595 secs] [Times: user=0.00 sys=0.00, real=0.00 secs] 
2017-07-06T17:23:51.841+0900: 1.304: [GC
Desired survivor size 524288 bytes, new threshold 1 (max 15)
 [PSYoungGen: 2142K->96K(2560K)] 3339K->1300K(7680K), 0.0005928 secs] [Times: user=0.00 sys=0.00, real=0.00 secs] 
2017-07-06T17:23:51.867+0900: 1.330: [GC
Desired survivor size 524288 bytes, new threshold 1 (max 15)
 [PSYoungGen: 2140K->96K(2560K)] 3344K->1332K(7680K), 0.0005868 secs] [Times: user=0.00 sys=0.00, real=0.00 secs] 
2017-07-06T17:23:51.892+0900: 1.355: [GC
Desired survivor size 524288 bytes, new threshold 1 (max 15)
 [PSYoungGen: 2144K->96K(2560K)] 3380K->1348K(7680K), 0.0005385 secs] [Times: user=0.00 sys=0.00, real=0.00 secs] 
2017-07-06T17:23:51.917+0900: 1.380: [GC
Desired survivor size 524288 bytes, new threshold 1 (max 15)
 [PSYoungGen: 2144K->96K(2560K)] 3396K->1364K(7680K), 0.0005329 secs] [Times: user=0.00 sys=0.00, real=0.00 secs] 
2017-07-06T17:23:51.945+0900: 1.408: [GC
Desired survivor size 524288 bytes, new threshold 1 (max 15)
 [PSYoungGen: 2144K->64K(2560K)] 3412K->1340K(7680K), 0.0047911 secs] [Times: user=0.00 sys=0.00, real=0.01 secs] 
2017-07-06T17:23:51.974+0900: 1.437: [GC
Desired survivor size 524288 bytes, new threshold 1 (max 15)
 [PSYoungGen: 2112K->96K(2560K)] 3388K->1388K(7680K), 0.0005624 secs] [Times: user=0.00 sys=0.00, real=0.00 secs] 
2017-07-06T17:23:52.000+0900: 1.463: [GC
Desired survivor size 524288 bytes, new threshold 1 (max 15)
 [PSYoungGen: 2144K->96K(2560K)] 3436K->1404K(7680K), 0.0005629 secs] [Times: user=0.01 sys=0.00, real=0.00 secs] 
2017-07-06T17:23:52.026+0900: 1.489: [GC
Desired survivor size 524288 bytes, new threshold 1 (max 15)
 [PSYoungGen: 2144K->64K(2560K)] 3452K->1380K(7680K), 0.0009126 secs] [Times: user=0.00 sys=0.00, real=0.00 secs] 
2017-07-06T17:23:52.061+0900: 1.524: [GC
Desired survivor size 524288 bytes, new threshold 1 (max 15)
 [PSYoungGen: 2112K->96K(2560K)] 3428K->1428K(7680K), 0.0005817 secs] [Times: user=0.00 sys=0.00, real=0.00 secs] 
2017-07-06T17:23:52.086+0900: 1.549: [GC
Desired survivor size 524288 bytes, new threshold 1 (max 15)
 [PSYoungGen: 2144K->96K(2560K)] 3476K->1444K(7680K), 0.0005612 secs] [Times: user=0.00 sys=0.00, real=0.00 secs] 
2017-07-06T17:23:52.111+0900: 1.573: [GC
Desired survivor size 524288 bytes, new threshold 1 (max 15)
 [PSYoungGen: 2144K->96K(2560K)] 3492K->1460K(7680K), 0.0005432 secs] [Times: user=0.00 sys=0.00, real=0.00 secs] 
2017-07-06T17:23:52.135+0900: 1.598: [GC
Desired survivor size 524288 bytes, new threshold 1 (max 15)
 [PSYoungGen: 2144K->64K(2560K)] 3508K->1436K(7680K), 0.0125917 secs] [Times: user=0.02 sys=0.00, real=0.01 secs] 
2017-07-06T17:23:52.173+0900: 1.635: [GC
Desired survivor size 524288 bytes, new threshold 1 (max 15)
 [PSYoungGen: 2112K->96K(2560K)] 3484K->1484K(7680K), 0.0005595 secs] [Times: user=0.00 sys=0.00, real=0.00 secs] 
2017-07-06T17:23:52.197+0900: 1.660: [GC
Desired survivor size 524288 bytes, new threshold 1 (max 15)
 [PSYoungGen: 2144K->96K(2560K)] 3532K->1500K(7680K), 0.0005522 secs] [Times: user=0.00 sys=0.00, real=0.00 secs] 
2017-07-06T17:23:52.222+0900: 1.685: [GC
Desired survivor size 524288 bytes, new threshold 1 (max 15)
 [PSYoungGen: 2144K->96K(2560K)] 3548K->1516K(7680K), 0.0005659 secs] [Times: user=0.00 sys=0.00, real=0.00 secs] 
2017-07-06T17:23:52.247+0900: 1.710: [GC
Desired survivor size 524288 bytes, new threshold 1 (max 15)
 [PSYoungGen: 2144K->64K(2560K)] 3564K->1492K(7680K), 0.0143762 secs] [Times: user=0.02 sys=0.00, real=0.01 secs] 
2017-07-06T17:23:52.286+0900: 1.749: [GC
Desired survivor size 524288 bytes, new threshold 1 (max 15)
 [PSYoungGen: 2112K->96K(2560K)] 3540K->1540K(7680K), 0.0005697 secs] [Times: user=0.00 sys=0.00, real=0.00 secs] 
2017-07-06T17:23:52.311+0900: 1.773: [GC
Desired survivor size 524288 bytes, new threshold 1 (max 15)
 [PSYoungGen: 2141K->96K(2560K)] 3586K->1548K(7680K), 0.0005873 secs] [Times: user=0.00 sys=0.00, real=0.00 secs] 
2017-07-06T17:23:52.337+0900: 1.799: [GC
Desired survivor size 524288 bytes, new threshold 1 (max 15)
 [PSYoungGen: 2143K->96K(2560K)] 3596K->1581K(7680K), 0.0006010 secs] [Times: user=0.00 sys=0.00, real=0.00 secs] 
2017-07-06T17:23:52.362+0900: 1.825: [GC
Desired survivor size 524288 bytes, new threshold 1 (max 15)
 [PSYoungGen: 2128K->64K(2560K)] 3613K->1557K(7680K), 0.0023491 secs] [Times: user=0.00 sys=0.00, real=0.00 secs] 
2017-07-06T17:23:52.391+0900: 1.853: [GC
Desired survivor size 524288 bytes, new threshold 1 (max 15)
 [PSYoungGen: 2104K->96K(2560K)] 3597K->1605K(7680K), 0.0005821 secs] [Times: user=0.00 sys=0.00, real=0.00 secs] 
2017-07-06T17:23:52.421+0900: 1.884: [GC
Desired survivor size 524288 bytes, new threshold 1 (max 15)
 [PSYoungGen: 2144K->64K(2560K)] 3653K->1581K(7680K), 0.0015709 secs] [Times: user=0.01 sys=0.00, real=0.00 secs] 
2017-07-06T17:23:52.453+0900: 1.916: [GC
Desired survivor size 524288 bytes, new threshold 1 (max 15)
 [PSYoungGen: 2112K->96K(2560K)] 3629K->1629K(7680K), 0.0005886 secs] [Times: user=0.00 sys=0.00, real=0.00 secs] 
2017-07-06T17:23:52.480+0900: 1.943: [GC
Desired survivor size 524288 bytes, new threshold 1 (max 15)
 [PSYoungGen: 2144K->96K(2560K)] 3677K->1645K(7680K), 0.0006326 secs] [Times: user=0.00 sys=0.00, real=0.00 secs] 
2017-07-06T17:23:52.505+0900: 1.968: [GC
Desired survivor size 524288 bytes, new threshold 1 (max 15)
 [PSYoungGen: 2144K->96K(2560K)] 3693K->1661K(7680K), 0.0005624 secs] [Times: user=0.00 sys=0.00, real=0.00 secs] 
2017-07-06T17:23:52.533+0900: 1.995: [GC
Desired survivor size 524288 bytes, new threshold 1 (max 15)
 [PSYoungGen: 2144K->96K(2560K)] 3709K->1677K(7680K), 0.0005847 secs] [Times: user=0.00 sys=0.00, real=0.00 secs] 
2017-07-06T17:23:52.558+0900: 2.021: [GC
Desired survivor size 524288 bytes, new threshold 1 (max 15)
 [PSYoungGen: 2144K->96K(2560K)] 3725K->1693K(7680K), 0.0005779 secs] [Times: user=0.00 sys=0.00, real=0.00 secs] 
2017-07-06T17:23:52.583+0900: 2.046: [GC
Desired survivor size 524288 bytes, new threshold 1 (max 15)
 [PSYoungGen: 2129K->96K(2560K)] 3726K->1709K(7680K), 0.0006215 secs] [Times: user=0.00 sys=0.00, real=0.00 secs] 
2017-07-06T17:23:52.616+0900: 2.078: [GC
Desired survivor size 524288 bytes, new threshold 1 (max 15)
 [PSYoungGen: 2138K->96K(2560K)] 3751K->1725K(7680K), 0.0007033 secs] [Times: user=0.00 sys=0.00, real=0.00 secs] 
2017-07-06T17:23:52.667+0900: 2.129: [GC
Desired survivor size 524288 bytes, new threshold 1 (max 15)
 [PSYoungGen: 2144K->96K(2560K)] 3773K->1741K(7680K), 0.0030939 secs] [Times: user=0.00 sys=0.00, real=0.00 secs] 
2017-07-06T17:23:52.760+0900: 2.223: [GC
Desired survivor size 524288 bytes, new threshold 1 (max 15)
 [PSYoungGen: 2142K->96K(2560K)] 3787K->1757K(7680K), 0.0005928 secs] [Times: user=0.00 sys=0.00, real=0.00 secs] 
2017-07-06T17:23:52.783+0900: 2.246: [GC
Desired survivor size 524288 bytes, new threshold 1 (max 15)
 [PSYoungGen: 2138K->96K(2560K)] 3800K->1773K(7680K), 0.0005787 secs] [Times: user=0.00 sys=0.00, real=0.00 secs] 
2017-07-06T17:23:52.806+0900: 2.269: [GC
Desired survivor size 524288 bytes, new threshold 1 (max 15)
 [PSYoungGen: 2144K->96K(2560K)] 3821K->1789K(7680K), 0.0005697 secs] [Times: user=0.00 sys=0.00, real=0.00 secs] 
2017-07-06T17:23:52.829+0900: 2.292: [GC
Desired survivor size 524288 bytes, new threshold 1 (max 15)
 [PSYoungGen: 2144K->96K(2560K)] 3837K->1805K(7680K), 0.0005505 secs] [Times: user=0.00 sys=0.00, real=0.00 secs] 
2017-07-06T17:23:52.852+0900: 2.315: [GC
Desired survivor size 524288 bytes, new threshold 1 (max 15)
 [PSYoungGen: 2144K->96K(2560K)] 3853K->1821K(7680K), 0.0006065 secs] [Times: user=0.00 sys=0.00, real=0.00 secs] 
2017-07-06T17:23:52.878+0900: 2.341: [GC
Desired survivor size 524288 bytes, new threshold 1 (max 15)
 [PSYoungGen: 2144K->96K(2560K)] 3869K->1837K(7680K), 0.0005954 secs] [Times: user=0.00 sys=0.00, real=0.00 secs] 
2017-07-06T17:23:52.901+0900: 2.364: [GC
Desired survivor size 524288 bytes, new threshold 1 (max 15)
 [PSYoungGen: 2144K->96K(2560K)] 3885K->1853K(7680K), 0.0005595 secs] [Times: user=0.00 sys=0.00, real=0.00 secs] 
2017-07-06T17:23:52.924+0900: 2.386: [GC
Desired survivor size 524288 bytes, new threshold 1 (max 15)
 [PSYoungGen: 2144K->96K(2560K)] 3901K->1869K(7680K), 0.0005470 secs] [Times: user=0.00 sys=0.00, real=0.00 secs] 
2017-07-06T17:23:52.946+0900: 2.409: [GC
Desired survivor size 524288 bytes, new threshold 1 (max 15)
 [PSYoungGen: 2144K->96K(2560K)] 3917K->1885K(7680K), 0.0005462 secs] [Times: user=0.00 sys=0.00, real=0.00 secs] 
2017-07-06T17:23:52.971+0900: 2.434: [GC
Desired survivor size 524288 bytes, new threshold 1 (max 15)
 [PSYoungGen: 2144K->64K(2560K)] 3933K->1861K(7680K), 0.0009939 secs] [Times: user=0.00 sys=0.00, real=0.00 secs] 
2017-07-06T17:23:53.010+0900: 2.472: [GC
Desired survivor size 524288 bytes, new threshold 1 (max 15)
 [PSYoungGen: 2112K->64K(2560K)] 3909K->1869K(7680K), 0.0008355 secs] [Times: user=0.00 sys=0.00, real=0.00 secs] 
2017-07-06T17:23:53.042+0900: 2.504: [GC
Desired survivor size 524288 bytes, new threshold 1 (max 15)
 [PSYoungGen: 2112K->64K(2560K)] 3917K->1877K(7680K), 0.0128032 secs] [Times: user=0.02 sys=0.00, real=0.01 secs] 
2017-07-06T17:23:53.078+0900: 2.541: [GC
Desired survivor size 524288 bytes, new threshold 1 (max 15)
 [PSYoungGen: 2112K->96K(2560K)] 3925K->1925K(7680K), 0.0005903 secs] [Times: user=0.00 sys=0.00, real=0.00 secs] 
2017-07-06T17:23:53.101+0900: 2.564: [GC
Desired survivor size 524288 bytes, new threshold 1 (max 15)
 [PSYoungGen: 2144K->96K(2560K)] 3973K->1941K(7680K), 0.0005714 secs] [Times: user=0.00 sys=0.00, real=0.00 secs] 
2017-07-06T17:23:53.123+0900: 2.586: [GC
Desired survivor size 524288 bytes, new threshold 1 (max 15)
 [PSYoungGen: 2138K->132K(2560K)] 3983K->1985K(7680K), 0.0006177 secs] [Times: user=0.03 sys=0.00, real=0.00 secs] 
2017-07-06T17:23:53.149+0900: 2.612: [GC
Desired survivor size 524288 bytes, new threshold 1 (max 15)
 [PSYoungGen: 2175K->64K(2560K)] 4028K->1961K(7680K), 0.0008047 secs] [Times: user=0.00 sys=0.00, real=0.00 secs] 
2017-07-06T17:23:53.174+0900: 2.637: [GC
Desired survivor size 524288 bytes, new threshold 1 (max 15)
 [PSYoungGen: 2112K->96K(2560K)] 4009K->2009K(7680K), 0.0006125 secs] [Times: user=0.00 sys=0.00, real=0.00 secs] 
2017-07-06T17:23:53.197+0900: 2.660: [GC
Desired survivor size 524288 bytes, new threshold 1 (max 15)
 [PSYoungGen: 2144K->96K(2560K)] 4057K->2025K(7680K), 0.0005731 secs] [Times: user=0.00 sys=0.00, real=0.00 secs] 
2017-07-06T17:23:53.220+0900: 2.683: [GC
Desired survivor size 524288 bytes, new threshold 1 (max 15)
 [PSYoungGen: 2144K->96K(2560K)] 4073K->2033K(7680K), 0.0005582 secs] [Times: user=0.00 sys=0.00, real=0.00 secs] 
2017-07-06T17:23:53.244+0900: 2.706: [GC
Desired survivor size 524288 bytes, new threshold 1 (max 15)
 [PSYoungGen: 2144K->64K(2560K)] 4081K->2009K(7680K), 0.0021774 secs] [Times: user=0.00 sys=0.00, real=0.00 secs] 
2017-07-06T17:23:53.271+0900: 2.734: [GC
Desired survivor size 524288 bytes, new threshold 1 (max 15)
 [PSYoungGen: 2112K->96K(2560K)] 4057K->2057K(7680K), 0.0006104 secs] [Times: user=0.00 sys=0.00, real=0.00 secs] 
2017-07-06T17:23:53.295+0900: 2.758: [GC
Desired survivor size 524288 bytes, new threshold 1 (max 15)
 [PSYoungGen: 2144K->96K(2560K)] 4105K->2073K(7680K), 0.0005843 secs] [Times: user=0.00 sys=0.00, real=0.00 secs] 
2017-07-06T17:23:53.318+0900: 2.781: [GC
Desired survivor size 524288 bytes, new threshold 1 (max 15)
 [PSYoungGen: 2144K->96K(2560K)] 4121K->2089K(7680K), 0.0005740 secs] [Times: user=0.00 sys=0.00, real=0.00 secs] 
2017-07-06T17:23:53.343+0900: 2.806: [GC
Desired survivor size 524288 bytes, new threshold 1 (max 15)
 [PSYoungGen: 2144K->64K(2560K)] 4137K->2065K(7680K), 0.0100740 secs] [Times: user=0.00 sys=0.00, real=0.01 secs] 
2017-07-06T17:23:53.376+0900: 2.838: [GC
Desired survivor size 524288 bytes, new threshold 1 (max 15)
 [PSYoungGen: 2112K->96K(2560K)] 4113K->2113K(7680K), 0.0005860 secs] [Times: user=0.00 sys=0.00, real=0.00 secs] 
2017-07-06T17:23:53.399+0900: 2.861: [GC
Desired survivor size 524288 bytes, new threshold 1 (max 15)
 [PSYoungGen: 2144K->96K(2560K)] 4161K->2121K(7680K), 0.0005723 secs] [Times: user=0.00 sys=0.00, real=0.00 secs] 
2017-07-06T17:23:53.423+0900: 2.886: [GC
Desired survivor size 524288 bytes, new threshold 1 (max 15)
 [PSYoungGen: 2144K->96K(2560K)] 4169K->2129K(7680K), 0.0006528 secs] [Times: user=0.00 sys=0.00, real=0.00 secs] 
2017-07-06T17:23:53.447+0900: 2.910: [GC
Desired survivor size 524288 bytes, new threshold 1 (max 15)
 [PSYoungGen: 2144K->96K(2560K)] 4177K->2137K(7680K), 0.0005950 secs] [Times: user=0.00 sys=0.00, real=0.00 secs] 
2017-07-06T17:23:53.471+0900: 2.933: [GC
Desired survivor size 524288 bytes, new threshold 1 (max 15)
 [PSYoungGen: 2144K->96K(2560K)] 4185K->2145K(7680K), 0.0005663 secs] [Times: user=0.00 sys=0.00, real=0.00 secs] 
2017-07-06T17:23:53.493+0900: 2.956: [GC
Desired survivor size 524288 bytes, new threshold 1 (max 15)
 [PSYoungGen: 2144K->96K(2560K)] 4193K->2161K(7680K), 0.0005603 secs] [Times: user=0.00 sys=0.00, real=0.00 secs] 
2017-07-06T17:23:53.520+0900: 2.983: [GC
Desired survivor size 524288 bytes, new threshold 1 (max 15)
 [PSYoungGen: 2144K->96K(2560K)] 4209K->2177K(7680K), 0.0005988 secs] [Times: user=0.00 sys=0.00, real=0.00 secs] 
2017-07-06T17:23:53.543+0900: 3.006: [GC
Desired survivor size 524288 bytes, new threshold 1 (max 15)
 [PSYoungGen: 2144K->96K(2560K)] 4225K->2193K(7680K), 0.0005791 secs] [Times: user=0.00 sys=0.00, real=0.00 secs] 
2017-07-06T17:23:53.566+0900: 3.029: [GC
Desired survivor size 524288 bytes, new threshold 1 (max 15)
 [PSYoungGen: 2144K->96K(2560K)] 4241K->2209K(7680K), 0.0005731 secs] [Times: user=0.00 sys=0.00, real=0.00 secs] 
2017-07-06T17:23:53.588+0900: 3.051: [GC
Desired survivor size 524288 bytes, new threshold 1 (max 15)
 [PSYoungGen: 2144K->96K(2560K)] 4257K->2225K(7680K), 0.0005547 secs] [Times: user=0.00 sys=0.00, real=0.00 secs] 
2017-07-06T17:23:53.612+0900: 3.075: [GC
Desired survivor size 524288 bytes, new threshold 1 (max 15)
 [PSYoungGen: 2144K->64K(2560K)] 4273K->2201K(7680K), 0.0025687 secs] [Times: user=0.00 sys=0.00, real=0.00 secs] 
2017-07-06T17:23:53.640+0900: 3.103: [GC
Desired survivor size 524288 bytes, new threshold 1 (max 15)
 [PSYoungGen: 2112K->64K(2560K)] 4249K->2209K(7680K), 0.0018907 secs] [Times: user=0.00 sys=0.00, real=0.00 secs] 
2017-07-06T17:23:53.665+0900: 3.127: [GC
Desired survivor size 524288 bytes, new threshold 1 (max 15)
 [PSYoungGen: 2112K->96K(2560K)] 4257K->2249K(7680K), 0.0005731 secs] [Times: user=0.00 sys=0.00, real=0.00 secs] 
2017-07-06T17:23:53.688+0900: 3.150: [GC
Desired survivor size 524288 bytes, new threshold 1 (max 15)
 [PSYoungGen: 2144K->96K(2560K)] 4297K->2257K(7680K), 0.0005470 secs] [Times: user=0.00 sys=0.00, real=0.00 secs] 
2017-07-06T17:23:53.711+0900: 3.174: [GC
Desired survivor size 524288 bytes, new threshold 1 (max 15)
 [PSYoungGen: 2144K->64K(2560K)] 4305K->2233K(7680K), 0.0007944 secs] [Times: user=0.00 sys=0.00, real=0.00 secs] 
2017-07-06T17:23:53.736+0900: 3.199: [GC
Desired survivor size 524288 bytes, new threshold 1 (max 15)
 [PSYoungGen: 2112K->96K(2560K)] 4281K->2281K(7680K), 0.0005877 secs] [Times: user=0.00 sys=0.00, real=0.00 secs] 
2017-07-06T17:23:53.759+0900: 3.222: [GC
Desired survivor size 524288 bytes, new threshold 1 (max 15)
 [PSYoungGen: 2144K->96K(2560K)] 4329K->2289K(7680K), 0.0005847 secs] [Times: user=0.00 sys=0.00, real=0.00 secs] 
2017-07-06T17:23:53.782+0900: 3.245: [GC
Desired survivor size 524288 bytes, new threshold 1 (max 15)
 [PSYoungGen: 2144K->96K(2560K)] 4337K->2305K(7680K), 0.0005877 secs] [Times: user=0.00 sys=0.00, real=0.00 secs] 
2017-07-06T17:23:53.805+0900: 3.268: [GC
Desired survivor size 524288 bytes, new threshold 1 (max 15)
 [PSYoungGen: 2144K->96K(2560K)] 4353K->2321K(7680K), 0.0005646 secs] [Times: user=0.00 sys=0.00, real=0.00 secs] 
2017-07-06T17:23:53.831+0900: 3.294: [GC
Desired survivor size 524288 bytes, new threshold 1 (max 15)
 [PSYoungGen: 2144K->64K(2560K)] 4369K->2297K(7680K), 0.0121650 secs] [Times: user=0.02 sys=0.00, real=0.01 secs] 
2017-07-06T17:23:53.866+0900: 3.329: [GC
Desired survivor size 524288 bytes, new threshold 1 (max 15)
 [PSYoungGen: 2112K->96K(2560K)] 4345K->2345K(7680K), 0.0005911 secs] [Times: user=0.00 sys=0.00, real=0.00 secs] 
2017-07-06T17:23:53.889+0900: 3.352: [GC
Desired survivor size 524288 bytes, new threshold 1 (max 15)
 [PSYoungGen: 2144K->96K(2560K)] 4393K->2353K(7680K), 0.0005736 secs] [Times: user=0.00 sys=0.00, real=0.00 secs] 
2017-07-06T17:23:53.912+0900: 3.375: [GC
Desired survivor size 524288 bytes, new threshold 1 (max 15)
 [PSYoungGen: 2144K->96K(2560K)] 4401K->2361K(7680K), 0.0005569 secs] [Times: user=0.00 sys=0.00, real=0.00 secs] 
2017-07-06T17:23:53.936+0900: 3.399: [GC
Desired survivor size 524288 bytes, new threshold 1 (max 15)
 [PSYoungGen: 2144K->96K(2560K)] 4409K->2377K(7680K), 0.0019211 secs] [Times: user=0.00 sys=0.00, real=0.00 secs] 
2017-07-06T17:23:53.961+0900: 3.423: [GC
Desired survivor size 524288 bytes, new threshold 1 (max 15)
 [PSYoungGen: 2144K->96K(2560K)] 4425K->2393K(7680K), 0.0005804 secs] [Times: user=0.00 sys=0.00, real=0.00 secs] 
2017-07-06T17:23:53.983+0900: 3.446: [GC
Desired survivor size 524288 bytes, new threshold 1 (max 15)
 [PSYoungGen: 2144K->96K(2560K)] 4441K->2401K(7680K), 0.0005620 secs] [Times: user=0.00 sys=0.00, real=0.00 secs] 
2017-07-06T17:23:54.006+0900: 3.469: [GC
Desired survivor size 524288 bytes, new threshold 1 (max 15)
 [PSYoungGen: 2144K->96K(2560K)] 4449K->2409K(7680K), 0.0005517 secs] [Times: user=0.00 sys=0.00, real=0.00 secs] 
2017-07-06T17:23:54.029+0900: 3.492: [GC
Desired survivor size 524288 bytes, new threshold 1 (max 15)
 [PSYoungGen: 2144K->96K(2560K)] 4457K->2425K(7680K), 0.0005582 secs] [Times: user=0.00 sys=0.00, real=0.00 secs] 
2017-07-06T17:23:54.055+0900: 3.518: [GC
Desired survivor size 524288 bytes, new threshold 1 (max 15)
 [PSYoungGen: 2144K->64K(2560K)] 4473K->2401K(7680K), 0.0034098 secs] [Times: user=0.00 sys=0.00, real=0.00 secs] 
2017-07-06T17:23:54.080+0900: 3.543: [GC
Desired survivor size 524288 bytes, new threshold 1 (max 15)
 [PSYoungGen: 2097K->150K(2560K)] 4435K->2504K(7680K), 0.0007700 secs] [Times: user=0.00 sys=0.00, real=0.00 secs] 
2017-07-06T17:23:54.103+0900: 3.566: [GC
Desired survivor size 524288 bytes, new threshold 1 (max 15)
 [PSYoungGen: 2194K->96K(2560K)] 4548K->2520K(7680K), 0.0006707 secs] [Times: user=0.00 sys=0.00, real=0.00 secs] 
2017-07-06T17:23:54.126+0900: 3.589: [GC
Desired survivor size 524288 bytes, new threshold 1 (max 15)
 [PSYoungGen: 2144K->96K(2560K)] 4568K->2536K(7680K), 0.0005663 secs] [Times: user=0.00 sys=0.00, real=0.00 secs] 
2017-07-06T17:23:54.149+0900: 3.612: [GC
Desired survivor size 524288 bytes, new threshold 1 (max 15)
 [PSYoungGen: 2144K->64K(2560K)] 4584K->2512K(7680K), 0.0096742 secs] [Times: user=0.02 sys=0.00, real=0.01 secs] 
2017-07-06T17:23:54.184+0900: 3.646: [GC
Desired survivor size 524288 bytes, new threshold 1 (max 15)
 [PSYoungGen: 2112K->96K(2560K)] 4560K->2560K(7680K), 0.0006001 secs] [Times: user=0.00 sys=0.00, real=0.00 secs] 
2017-07-06T17:23:54.207+0900: 3.670: [GC
Desired survivor size 524288 bytes, new threshold 1 (max 15)
 [PSYoungGen: 2144K->64K(2560K)] 4608K->2544K(7680K), 0.0006237 secs] [Times: user=0.00 sys=0.00, real=0.00 secs] 
2017-07-06T17:23:54.230+0900: 3.693: [GC
Desired survivor size 524288 bytes, new threshold 1 (max 15)
 [PSYoungGen: 2112K->96K(2560K)] 4592K->2592K(7680K), 0.0006044 secs] [Times: user=0.02 sys=0.00, real=0.00 secs] 
2017-07-06T17:23:54.259+0900: 3.722: [GC
Desired survivor size 524288 bytes, new threshold 1 (max 15)
 [PSYoungGen: 2143K->64K(2560K)] 4640K->2568K(7680K), 0.0022806 secs] [Times: user=0.00 sys=0.00, real=0.00 secs] 
2017-07-06T17:23:54.310+0900: 3.772: [GC
Desired survivor size 524288 bytes, new threshold 1 (max 15)
 [PSYoungGen: 2105K->96K(2560K)] 4610K->2616K(7680K), 0.0009759 secs] [Times: user=0.00 sys=0.00, real=0.00 secs] 
2017-07-06T17:23:54.411+0900: 3.874: [GC
Desired survivor size 524288 bytes, new threshold 1 (max 15)
 [PSYoungGen: 2144K->64K(2560K)] 4664K->2592K(7680K), 0.0010303 secs] [Times: user=0.00 sys=0.00, real=0.00 secs] 
2017-07-06T17:23:54.434+0900: 3.897: [GC
Desired survivor size 524288 bytes, new threshold 1 (max 15)
 [PSYoungGen: 2096K->96K(2560K)] 4624K->2640K(7680K), 0.0006108 secs] [Times: user=0.00 sys=0.00, real=0.00 secs] 
2017-07-06T17:23:54.460+0900: 3.923: [GC
Desired survivor size 524288 bytes, new threshold 1 (max 15)
 [PSYoungGen: 2136K->96K(2560K)] 4681K->2648K(7680K), 0.0006579 secs] [Times: user=0.00 sys=0.00, real=0.00 secs] 
2017-07-06T17:23:54.499+0900: 3.962: [GC
Desired survivor size 524288 bytes, new threshold 1 (max 15)
 [PSYoungGen: 2144K->96K(2560K)] 4696K->2656K(7680K), 0.0006121 secs] [Times: user=0.00 sys=0.00, real=0.00 secs] 
2017-07-06T17:23:54.519+0900: 3.982: [GC
Desired survivor size 524288 bytes, new threshold 1 (max 15)
 [PSYoungGen: 2144K->96K(2560K)] 4704K->2664K(7680K), 0.0005928 secs] [Times: user=0.00 sys=0.00, real=0.00 secs] 
2017-07-06T17:23:54.540+0900: 4.003: [GC
Desired survivor size 524288 bytes, new threshold 1 (max 15)
 [PSYoungGen: 2144K->96K(2560K)] 4712K->2680K(7680K), 0.0005864 secs] [Times: user=0.00 sys=0.00, real=0.00 secs] 
2017-07-06T17:23:54.561+0900: 4.024: [GC
Desired survivor size 524288 bytes, new threshold 1 (max 15)
 [PSYoungGen: 2144K->96K(2560K)] 4728K->2696K(7680K), 0.0005761 secs] [Times: user=0.00 sys=0.00, real=0.00 secs] 
2017-07-06T17:23:54.582+0900: 4.045: [GC
Desired survivor size 524288 bytes, new threshold 1 (max 15)
 [PSYoungGen: 2144K->64K(2560K)] 4744K->2672K(7680K), 0.0008171 secs] [Times: user=0.00 sys=0.00, real=0.00 secs] 
2017-07-06T17:23:54.606+0900: 4.069: [GC
Desired survivor size 524288 bytes, new threshold 1 (max 15)
 [PSYoungGen: 2112K->96K(2560K)] 4720K->2720K(7680K), 0.0006035 secs] [Times: user=0.00 sys=0.00, real=0.00 secs] 
2017-07-06T17:23:54.627+0900: 4.090: [GC
Desired survivor size 524288 bytes, new threshold 1 (max 15)
 [PSYoungGen: 2144K->96K(2560K)] 4768K->2736K(7680K), 0.0005886 secs] [Times: user=0.00 sys=0.00, real=0.00 secs] 
2017-07-06T17:23:54.647+0900: 4.110: [GC
Desired survivor size 524288 bytes, new threshold 1 (max 15)
 [PSYoungGen: 2144K->96K(2560K)] 4784K->2744K(7680K), 0.0005689 secs] [Times: user=0.00 sys=0.00, real=0.00 secs] 
2017-07-06T17:23:54.668+0900: 4.131: [GC
Desired survivor size 524288 bytes, new threshold 1 (max 15)
 [PSYoungGen: 2144K->96K(2560K)] 4792K->2752K(7680K), 0.0005607 secs] [Times: user=0.00 sys=0.00, real=0.00 secs] 
2017-07-06T17:23:54.690+0900: 4.153: [GC
Desired survivor size 524288 bytes, new threshold 1 (max 15)
 [PSYoungGen: 2144K->64K(2560K)] 4800K->2728K(7680K), 0.0025674 secs] [Times: user=0.00 sys=0.00, real=0.00 secs] 
2017-07-06T17:23:54.717+0900: 4.180: [GC
Desired survivor size 524288 bytes, new threshold 1 (max 15)
 [PSYoungGen: 2112K->96K(2560K)] 4776K->2768K(7680K), 0.0006254 secs] [Times: user=0.00 sys=0.00, real=0.00 secs] 
2017-07-06T17:23:54.737+0900: 4.200: [GC
Desired survivor size 524288 bytes, new threshold 1 (max 15)
 [PSYoungGen: 2144K->96K(2560K)] 4816K->2776K(7680K), 0.0005817 secs] [Times: user=0.00 sys=0.00, real=0.00 secs] 
2017-07-06T17:23:54.758+0900: 4.221: [GC
Desired survivor size 524288 bytes, new threshold 1 (max 15)
 [PSYoungGen: 2144K->96K(2560K)] 4824K->2784K(7680K), 0.0005659 secs] [Times: user=0.00 sys=0.00, real=0.00 secs] 
2017-07-06T17:23:54.779+0900: 4.242: [GC
Desired survivor size 524288 bytes, new threshold 1 (max 15)
 [PSYoungGen: 2144K->96K(2560K)] 4832K->2792K(7680K), 0.0005821 secs] [Times: user=0.00 sys=0.00, real=0.00 secs] 
2017-07-06T17:23:54.801+0900: 4.264: [GC
Desired survivor size 524288 bytes, new threshold 1 (max 15)
 [PSYoungGen: 2144K->96K(2560K)] 4840K->2808K(7680K), 0.0006070 secs] [Times: user=0.00 sys=0.00, real=0.00 secs] 
2017-07-06T17:23:54.822+0900: 4.285: [GC
Desired survivor size 524288 bytes, new threshold 1 (max 15)
 [PSYoungGen: 2144K->96K(2560K)] 4856K->2824K(7680K), 0.0005963 secs] [Times: user=0.00 sys=0.00, real=0.00 secs] 
2017-07-06T17:23:54.843+0900: 4.306: [GC
Desired survivor size 524288 bytes, new threshold 1 (max 15)
 [PSYoungGen: 2144K->96K(2560K)] 4872K->2840K(7680K), 0.0006065 secs] [Times: user=0.00 sys=0.00, real=0.00 secs] 
2017-07-06T17:23:54.869+0900: 4.331: [GC
Desired survivor size 524288 bytes, new threshold 1 (max 15)
 [PSYoungGen: 2144K->96K(2560K)] 4888K->2856K(7680K), 0.0006374 secs] [Times: user=0.00 sys=0.00, real=0.00 secs] 
2017-07-06T17:23:54.889+0900: 4.352: [GC
Desired survivor size 524288 bytes, new threshold 1 (max 15)
 [PSYoungGen: 2144K->96K(2560K)] 4904K->2864K(7680K), 0.0005864 secs] [Times: user=0.00 sys=0.00, real=0.00 secs] 
2017-07-06T17:23:54.910+0900: 4.373: [GC
Desired survivor size 524288 bytes, new threshold 1 (max 15)
 [PSYoungGen: 2144K->96K(2560K)] 4912K->2872K(7680K), 0.0005779 secs] [Times: user=0.00 sys=0.00, real=0.00 secs] 
2017-07-06T17:23:54.931+0900: 4.393: [GC
Desired survivor size 524288 bytes, new threshold 1 (max 15)
 [PSYoungGen: 2144K->96K(2560K)] 4920K->2880K(7680K), 0.0005693 secs] [Times: user=0.00 sys=0.00, real=0.00 secs] 
2017-07-06T17:23:54.955+0900: 4.418: [GC
Desired survivor size 524288 bytes, new threshold 1 (max 15)
 [PSYoungGen: 2144K->64K(2560K)] 4928K->2856K(7680K), 0.0008261 secs] [Times: user=0.00 sys=0.00, real=0.00 secs] 
2017-07-06T17:23:54.977+0900: 4.440: [GC
Desired survivor size 524288 bytes, new threshold 1 (max 15)
 [PSYoungGen: 2112K->96K(2560K)] 4904K->2896K(7680K), 0.0006078 secs] [Times: user=0.00 sys=0.00, real=0.00 secs] 
2017-07-06T17:23:54.998+0900: 4.461: [GC
Desired survivor size 524288 bytes, new threshold 1 (max 15)
 [PSYoungGen: 2144K->96K(2560K)] 4944K->2904K(7680K), 0.0005779 secs] [Times: user=0.00 sys=0.00, real=0.00 secs] 
2017-07-06T17:23:55.018+0900: 4.481: [GC
Desired survivor size 524288 bytes, new threshold 1 (max 15)
 [PSYoungGen: 2144K->96K(2560K)] 4952K->2920K(7680K), 0.0005659 secs] [Times: user=0.00 sys=0.00, real=0.00 secs] 
2017-07-06T17:23:55.039+0900: 4.501: [GC
Desired survivor size 524288 bytes, new threshold 1 (max 15)
 [PSYoungGen: 2144K->96K(2560K)] 4968K->2936K(7680K), 0.0005667 secs] [Times: user=0.00 sys=0.00, real=0.00 secs] 
2017-07-06T17:23:55.061+0900: 4.524: [GC
Desired survivor size 524288 bytes, new threshold 1 (max 15)
 [PSYoungGen: 2144K->64K(2560K)] 4984K->2912K(7680K), 0.0027960 secs] [Times: user=0.00 sys=0.00, real=0.00 secs] 
2017-07-06T17:23:55.085+0900: 4.548: [GC
Desired survivor size 524288 bytes, new threshold 1 (max 15)
 [PSYoungGen: 2112K->96K(2560K)] 4960K->2960K(7680K), 0.0006224 secs] [Times: user=0.00 sys=0.00, real=0.00 secs] 
2017-07-06T17:23:55.106+0900: 4.569: [GC
Desired survivor size 524288 bytes, new threshold 1 (max 15)
 [PSYoungGen: 2144K->96K(2560K)] 5008K->2976K(7680K), 0.0006010 secs] [Times: user=0.00 sys=0.00, real=0.00 secs] 
2017-07-06T17:23:55.127+0900: 4.590: [GC
Desired survivor size 524288 bytes, new threshold 1 (max 15)
 [PSYoungGen: 2144K->96K(2560K)] 5024K->2992K(7680K), 0.0005719 secs] [Times: user=0.00 sys=0.00, real=0.00 secs] 
2017-07-06T17:23:55.147+0900: 4.610: [GC
Desired survivor size 524288 bytes, new threshold 1 (max 15)
 [PSYoungGen: 2144K->96K(2560K)] 5040K->3008K(7680K), 0.0005642 secs] [Times: user=0.00 sys=0.00, real=0.00 secs] 
2017-07-06T17:23:55.171+0900: 4.634: [GC
Desired survivor size 524288 bytes, new threshold 1 (max 15)
 [PSYoungGen: 2144K->96K(2560K)] 5056K->3016K(7680K), 0.0006040 secs] [Times: user=0.00 sys=0.00, real=0.00 secs] 
2017-07-06T17:23:55.192+0900: 4.655: [GC
Desired survivor size 524288 bytes, new threshold 1 (max 15)
 [PSYoungGen: 2144K->96K(2560K)] 5064K->3024K(7680K), 0.0005800 secs] [Times: user=0.00 sys=0.00, real=0.00 secs] 
2017-07-06T17:23:55.213+0900: 4.676: [GC
Desired survivor size 524288 bytes, new threshold 1 (max 15)
 [PSYoungGen: 2144K->96K(2560K)] 5072K->3032K(7680K), 0.0005757 secs] [Times: user=0.00 sys=0.00, real=0.00 secs] 
2017-07-06T17:23:55.233+0900: 4.696: [GC
Desired survivor size 524288 bytes, new threshold 1 (max 15)
 [PSYoungGen: 2144K->96K(2560K)] 5080K->3048K(7680K), 0.0005817 secs] [Times: user=0.00 sys=0.00, real=0.00 secs] 
2017-07-06T17:23:55.254+0900: 4.717: [GC
Desired survivor size 524288 bytes, new threshold 1 (max 15)
 [PSYoungGen: 2144K->64K(2560K)] 5096K->3024K(7680K), 0.0148603 secs] [Times: user=0.01 sys=0.00, real=0.02 secs] 
2017-07-06T17:23:55.289+0900: 4.752: [GC
Desired survivor size 524288 bytes, new threshold 1 (max 15)
 [PSYoungGen: 2112K->96K(2560K)] 5072K->3072K(7680K), 0.0006070 secs] [Times: user=0.00 sys=0.00, real=0.00 secs] 
2017-07-06T17:23:55.310+0900: 4.773: [GC
Desired survivor size 524288 bytes, new threshold 1 (max 15)
 [PSYoungGen: 2144K->96K(2560K)] 5120K->3088K(7680K), 0.0005958 secs] [Times: user=0.00 sys=0.00, real=0.00 secs] 
2017-07-06T17:23:55.331+0900: 4.793: [GC
Desired survivor size 524288 bytes, new threshold 1 (max 15)
 [PSYoungGen: 2144K->96K(2560K)] 5136K->3104K(7680K), 0.0005958 secs] [Times: user=0.00 sys=0.00, real=0.00 secs] 
2017-07-06T17:23:55.351+0900: 4.814: [GC
Desired survivor size 524288 bytes, new threshold 1 (max 15)
 [PSYoungGen: 2144K->96K(2560K)] 5152K->3120K(7680K), 0.0005744 secs] [Times: user=0.00 sys=0.00, real=0.00 secs] 
2017-07-06T17:23:55.373+0900: 4.835: [GC
Desired survivor size 524288 bytes, new threshold 1 (max 15)
 [PSYoungGen: 2144K->64K(2560K)] 5168K->3096K(7680K), 0.0090287 secs] [Times: user=0.00 sys=0.00, real=0.01 secs] 
2017-07-06T17:23:55.402+0900: 4.865: [GC
Desired survivor size 524288 bytes, new threshold 1 (max 15)
 [PSYoungGen: 2112K->96K(2560K)] 5144K->3136K(7680K), 0.0005958 secs] [Times: user=0.00 sys=0.00, real=0.00 secs] 
2017-07-06T17:23:55.423+0900: 4.885: [GC
Desired survivor size 524288 bytes, new threshold 1 (max 15)
 [PSYoungGen: 2144K->96K(2560K)] 5184K->3144K(7680K), 0.0005851 secs] [Times: user=0.00 sys=0.00, real=0.00 secs] 
2017-07-06T17:23:55.443+0900: 4.906: [GC
Desired survivor size 524288 bytes, new threshold 1 (max 15)
 [PSYoungGen: 2144K->96K(2560K)] 5192K->3152K(7680K), 0.0005843 secs] [Times: user=0.00 sys=0.00, real=0.00 secs] 
2017-07-06T17:23:55.464+0900: 4.926: [GC
Desired survivor size 524288 bytes, new threshold 1 (max 15)
 [PSYoungGen: 2144K->96K(2560K)] 5200K->3160K(7680K), 0.0005642 secs] [Times: user=0.00 sys=0.00, real=0.00 secs] 
2017-07-06T17:23:55.487+0900: 4.950: [GC
Desired survivor size 524288 bytes, new threshold 1 (max 15)
 [PSYoungGen: 2144K->64K(2560K)] 5208K->3136K(7680K), 0.0009353 secs] [Times: user=0.00 sys=0.00, real=0.00 secs] 
2017-07-06T17:23:55.509+0900: 4.972: [GC
Desired survivor size 524288 bytes, new threshold 1 (max 15)
 [PSYoungGen: 2112K->96K(2560K)] 5184K->3176K(7680K), 0.0006288 secs] [Times: user=0.02 sys=0.00, real=0.00 secs] 
2017-07-06T17:23:55.530+0900: 4.993: [GC
Desired survivor size 524288 bytes, new threshold 1 (max 15)
 [PSYoungGen: 2144K->96K(2560K)] 5224K->3192K(7680K), 0.0005937 secs] [Times: user=0.00 sys=0.00, real=0.00 secs] 
2017-07-06T17:23:55.550+0900: 5.012: [GC
Desired survivor size 524288 bytes, new threshold 1 (max 15)
 [PSYoungGen: 2129K->178K(2560K)] 5226K->3291K(7680K), 0.0006969 secs] [Times: user=0.00 sys=0.00, real=0.00 secs] 
2017-07-06T17:23:55.570+0900: 5.033: [GC
Desired survivor size 524288 bytes, new threshold 1 (max 15)
 [PSYoungGen: 2219K->96K(2560K)] 5331K->3307K(7680K), 0.0007213 secs] [Times: user=0.00 sys=0.00, real=0.00 secs] 
2017-07-06T17:23:55.593+0900: 5.056: [GC
Desired survivor size 524288 bytes, new threshold 1 (max 15)
 [PSYoungGen: 2144K->64K(2560K)] 5355K->3283K(7680K), 0.0026363 secs] [Times: user=0.00 sys=0.00, real=0.00 secs] 
2017-07-06T17:23:55.621+0900: 5.084: [GC
Desired survivor size 524288 bytes, new threshold 1 (max 15)
 [PSYoungGen: 2111K->96K(2560K)] 5330K->3331K(7680K), 0.0006314 secs] [Times: user=0.00 sys=0.00, real=0.00 secs] 
2017-07-06T17:23:55.642+0900: 5.105: [GC
Desired survivor size 524288 bytes, new threshold 1 (max 15)
 [PSYoungGen: 2143K->96K(2560K)] 5378K->3347K(7680K), 0.0006010 secs] [Times: user=0.00 sys=0.00, real=0.00 secs] 
2017-07-06T17:23:55.662+0900: 5.125: [GC
Desired survivor size 524288 bytes, new threshold 1 (max 15)
 [PSYoungGen: 2143K->96K(2560K)] 5394K->3355K(7680K), 0.0006421 secs] [Times: user=0.00 sys=0.00, real=0.00 secs] 
2017-07-06T17:23:55.683+0900: 5.146: [GC
Desired survivor size 524288 bytes, new threshold 1 (max 15)
 [PSYoungGen: 2143K->96K(2560K)] 5402K->3371K(7680K), 0.0006168 secs] [Times: user=0.00 sys=0.00, real=0.00 secs] 
2017-07-06T17:23:55.727+0900: 5.190: [GC
Desired survivor size 524288 bytes, new threshold 1 (max 15)
 [PSYoungGen: 2143K->64K(2560K)] 5418K->3347K(7680K), 0.0156612 secs] [Times: user=0.00 sys=0.00, real=0.02 secs] 
2017-07-06T17:23:55.769+0900: 5.232: [GC
Desired survivor size 524288 bytes, new threshold 1 (max 15)
 [PSYoungGen: 2111K->96K(2560K)] 5394K->3395K(7680K), 0.0006318 secs] [Times: user=0.00 sys=0.00, real=0.00 secs] 
2017-07-06T17:23:55.793+0900: 5.256: [GC
Desired survivor size 524288 bytes, new threshold 1 (max 15)
 [PSYoungGen: 2143K->96K(2560K)] 5442K->3411K(7680K), 0.0006160 secs] [Times: user=0.00 sys=0.00, real=0.00 secs] 
2017-07-06T17:23:55.814+0900: 5.277: [GC
Desired survivor size 524288 bytes, new threshold 1 (max 15)
 [PSYoungGen: 2143K->64K(2560K)] 5458K->3387K(7680K), 0.0008086 secs] [Times: user=0.00 sys=0.00, real=0.00 secs] 
2017-07-06T17:23:55.839+0900: 5.302: [GC
Desired survivor size 524288 bytes, new threshold 1 (max 15)
 [PSYoungGen: 2111K->96K(2560K)] 5434K->3435K(7680K), 0.0006194 secs] [Times: user=0.00 sys=0.00, real=0.00 secs] 
2017-07-06T17:23:55.861+0900: 5.324: [GC
Desired survivor size 524288 bytes, new threshold 1 (max 15)
 [PSYoungGen: 2143K->96K(2560K)] 5482K->3451K(7680K), 0.0006065 secs] [Times: user=0.00 sys=0.00, real=0.00 secs] 
2017-07-06T17:23:55.882+0900: 5.344: [GC
Desired survivor size 524288 bytes, new threshold 1 (max 15)
 [PSYoungGen: 2143K->96K(2560K)] 5498K->3467K(7680K), 0.0006035 secs] [Times: user=0.00 sys=0.00, real=0.00 secs] 
2017-07-06T17:23:55.902+0900: 5.365: [GC
Desired survivor size 524288 bytes, new threshold 1 (max 15)
 [PSYoungGen: 2143K->96K(2560K)] 5514K->3483K(7680K), 0.0005950 secs] [Times: user=0.00 sys=0.00, real=0.00 secs] 
2017-07-06T17:23:55.923+0900: 5.386: [GC
Desired survivor size 524288 bytes, new threshold 1 (max 15)
 [PSYoungGen: 2143K->96K(2560K)] 5530K->3499K(7680K), 0.0005916 secs] [Times: user=0.00 sys=0.00, real=0.00 secs] 
2017-07-06T17:23:55.948+0900: 5.411: [GC
Desired survivor size 524288 bytes, new threshold 1 (max 15)
 [PSYoungGen: 2143K->96K(2560K)] 5546K->3515K(7680K), 0.0006793 secs] [Times: user=0.00 sys=0.00, real=0.00 secs] 
2017-07-06T17:23:55.968+0900: 5.431: [GC
Desired survivor size 524288 bytes, new threshold 1 (max 15)
 [PSYoungGen: 2143K->96K(2560K)] 5562K->3531K(7680K), 0.0005933 secs] [Times: user=0.00 sys=0.00, real=0.00 secs] 
2017-07-06T17:23:55.989+0900: 5.452: [GC
Desired survivor size 524288 bytes, new threshold 1 (max 15)
 [PSYoungGen: 2143K->96K(2560K)] 5578K->3547K(7680K), 0.0005916 secs] [Times: user=0.00 sys=0.00, real=0.00 secs] 
2017-07-06T17:23:56.009+0900: 5.472: [GC
Desired survivor size 524288 bytes, new threshold 1 (max 15)
 [PSYoungGen: 2143K->96K(2560K)] 5594K->3563K(7680K), 0.0005864 secs] [Times: user=0.02 sys=0.00, real=0.00 secs] 
2017-07-06T17:23:56.030+0900: 5.493: [GC
Desired survivor size 524288 bytes, new threshold 1 (max 15)
 [PSYoungGen: 2143K->64K(2560K)] 5610K->3539K(7680K), 0.0023577 secs] [Times: user=0.00 sys=0.00, real=0.00 secs] 
2017-07-06T17:23:56.053+0900: 5.515: [GC
Desired survivor size 524288 bytes, new threshold 1 (max 15)
 [PSYoungGen: 2111K->96K(2560K)] 5586K->3587K(7680K), 0.0006138 secs] [Times: user=0.00 sys=0.00, real=0.00 secs] 
2017-07-06T17:23:56.073+0900: 5.536: [GC
Desired survivor size 524288 bytes, new threshold 1 (max 15)
 [PSYoungGen: 2143K->96K(2560K)] 5634K->3603K(7680K), 0.0005911 secs] [Times: user=0.00 sys=0.00, real=0.00 secs] 
2017-07-06T17:23:56.093+0900: 5.556: [GC
Desired survivor size 524288 bytes, new threshold 1 (max 15)
 [PSYoungGen: 2143K->96K(2560K)] 5650K->3619K(7680K), 0.0005843 secs] [Times: user=0.00 sys=0.00, real=0.00 secs] 
2017-07-06T17:23:56.113+0900: 5.576: [GC
Desired survivor size 524288 bytes, new threshold 1 (max 15)
 [PSYoungGen: 2143K->96K(2560K)] 5666K->3635K(7680K), 0.0005877 secs] [Times: user=0.00 sys=0.00, real=0.00 secs] 
2017-07-06T17:23:56.134+0900: 5.597: [GC
Desired survivor size 524288 bytes, new threshold 1 (max 15)
 [PSYoungGen: 2143K->64K(2560K)] 5682K->3611K(7680K), 0.0012186 secs] [Times: user=0.00 sys=0.00, real=0.00 secs] 
2017-07-06T17:23:56.160+0900: 5.623: [GC
Desired survivor size 524288 bytes, new threshold 1 (max 15)
 [PSYoungGen: 2111K->96K(2560K)] 5658K->3659K(7680K), 0.0006335 secs] [Times: user=0.00 sys=0.00, real=0.00 secs] 
2017-07-06T17:23:56.181+0900: 5.644: [GC
Desired survivor size 524288 bytes, new threshold 1 (max 15)
 [PSYoungGen: 2143K->96K(2560K)] 5706K->3675K(7680K), 0.0006151 secs] [Times: user=0.00 sys=0.00, real=0.00 secs] 
2017-07-06T17:23:56.202+0900: 5.665: [GC
Desired survivor size 524288 bytes, new threshold 1 (max 15)
 [PSYoungGen: 2143K->96K(2560K)] 5722K->3691K(7680K), 0.0005898 secs] [Times: user=0.00 sys=0.00, real=0.00 secs] 
2017-07-06T17:23:56.222+0900: 5.685: [GC
Desired survivor size 524288 bytes, new threshold 1 (max 15)
 [PSYoungGen: 2143K->96K(2560K)] 5738K->3707K(7680K), 0.0005826 secs] [Times: user=0.00 sys=0.00, real=0.00 secs] 
2017-07-06T17:23:56.243+0900: 5.706: [GC
Desired survivor size 524288 bytes, new threshold 1 (max 15)
 [PSYoungGen: 2143K->64K(2560K)] 5754K->3683K(7680K), 0.0007593 secs] [Times: user=0.00 sys=0.00, real=0.00 secs] 
2017-07-06T17:23:56.268+0900: 5.731: [GC
Desired survivor size 524288 bytes, new threshold 1 (max 15)
 [PSYoungGen: 2111K->96K(2560K)] 5730K->3731K(7680K), 0.0006412 secs] [Times: user=0.00 sys=0.00, real=0.00 secs] 
2017-07-06T17:23:56.289+0900: 5.752: [GC
Desired survivor size 524288 bytes, new threshold 1 (max 15)
 [PSYoungGen: 2143K->96K(2560K)] 5778K->3747K(7680K), 0.0006211 secs] [Times: user=0.00 sys=0.00, real=0.00 secs] 
2017-07-06T17:23:56.309+0900: 5.772: [GC
Desired survivor size 524288 bytes, new threshold 1 (max 15)
 [PSYoungGen: 2143K->96K(2560K)] 5794K->3763K(7680K), 0.0006121 secs] [Times: user=0.00 sys=0.00, real=0.00 secs] 
2017-07-06T17:23:56.330+0900: 5.793: [GC
Desired survivor size 524288 bytes, new threshold 1 (max 15)
 [PSYoungGen: 2143K->96K(2560K)] 5810K->3779K(7680K), 0.0006241 secs] [Times: user=0.00 sys=0.00, real=0.00 secs] 
2017-07-06T17:23:56.350+0900: 5.813: [GC
Desired survivor size 524288 bytes, new threshold 1 (max 15)
 [PSYoungGen: 2143K->96K(2560K)] 5826K->3795K(7680K), 0.0006005 secs] [Times: user=0.00 sys=0.00, real=0.00 secs] 
2017-07-06T17:23:56.374+0900: 5.837: [GC
Desired survivor size 524288 bytes, new threshold 1 (max 15)
 [PSYoungGen: 2143K->64K(2560K)] 5842K->3771K(7680K), 0.0040330 secs] [Times: user=0.00 sys=0.00, real=0.00 secs] 
2017-07-06T17:23:56.398+0900: 5.861: [GC
Desired survivor size 524288 bytes, new threshold 1 (max 15)
 [PSYoungGen: 2111K->96K(2560K)] 5818K->3819K(7680K), 0.0006207 secs] [Times: user=0.00 sys=0.00, real=0.00 secs] 
2017-07-06T17:23:56.419+0900: 5.882: [GC
Desired survivor size 524288 bytes, new threshold 1 (max 15)
 [PSYoungGen: 2143K->96K(2560K)] 5866K->3835K(7680K), 0.0006091 secs] [Times: user=0.00 sys=0.00, real=0.00 secs] 
2017-07-06T17:23:56.439+0900: 5.902: [GC
Desired survivor size 524288 bytes, new threshold 1 (max 15)
 [PSYoungGen: 2143K->96K(2560K)] 5882K->3851K(7680K), 0.0006044 secs] [Times: user=0.00 sys=0.00, real=0.00 secs] 
2017-07-06T17:23:56.459+0900: 5.922: [GC
Desired survivor size 524288 bytes, new threshold 1 (max 15)
 [PSYoungGen: 2143K->96K(2560K)] 5898K->3867K(7680K), 0.0006053 secs] [Times: user=0.00 sys=0.00, real=0.00 secs] 
2017-07-06T17:23:56.482+0900: 5.945: [GC
Desired survivor size 524288 bytes, new threshold 1 (max 15)
 [PSYoungGen: 2143K->64K(2560K)] 5914K->3843K(7680K), 0.0046562 secs] [Times: user=0.00 sys=0.00, real=0.00 secs] 
2017-07-06T17:23:56.508+0900: 5.970: [GC
Desired survivor size 524288 bytes, new threshold 1 (max 15)
 [PSYoungGen: 2111K->96K(2560K)] 5890K->3891K(7680K), 0.0006391 secs] [Times: user=0.00 sys=0.00, real=0.00 secs] 
2017-07-06T17:23:56.529+0900: 5.991: [GC
Desired survivor size 524288 bytes, new threshold 1 (max 15)
 [PSYoungGen: 2143K->96K(2560K)] 5938K->3907K(7680K), 0.0006172 secs] [Times: user=0.00 sys=0.00, real=0.00 secs] 
2017-07-06T17:23:56.553+0900: 6.015: [GC
Desired survivor size 524288 bytes, new threshold 1 (max 15)
 [PSYoungGen: 2143K->96K(2560K)] 5954K->3923K(7680K), 0.0006528 secs] [Times: user=0.00 sys=0.00, real=0.00 secs] 
2017-07-06T17:23:56.573+0900: 6.035: [GC
Desired survivor size 524288 bytes, new threshold 1 (max 15)
 [PSYoungGen: 2143K->96K(2560K)] 5970K->3939K(7680K), 0.0006070 secs] [Times: user=0.00 sys=0.00, real=0.00 secs] 
2017-07-06T17:23:56.594+0900: 6.056: [GC
Desired survivor size 524288 bytes, new threshold 1 (max 15)
 [PSYoungGen: 2143K->96K(2560K)] 5986K->3955K(7680K), 0.0006160 secs] [Times: user=0.00 sys=0.00, real=0.00 secs] 
2017-07-06T17:23:56.614+0900: 6.076: [GC
Desired survivor size 524288 bytes, new threshold 1 (max 15)
 [PSYoungGen: 2143K->96K(2560K)] 6002K->3971K(7680K), 0.0005937 secs] [Times: user=0.00 sys=0.00, real=0.00 secs] 
2017-07-06T17:23:56.635+0900: 6.097: [GC
Desired survivor size 524288 bytes, new threshold 1 (max 15)
 [PSYoungGen: 2143K->64K(2560K)] 6018K->3947K(7680K), 0.0132226 secs] [Times: user=0.00 sys=0.00, real=0.01 secs] 
2017-07-06T17:23:56.668+0900: 6.130: [GC
Desired survivor size 524288 bytes, new threshold 1 (max 15)
 [PSYoungGen: 2111K->96K(2560K)] 5994K->3995K(7680K), 0.0006442 secs] [Times: user=0.00 sys=0.00, real=0.00 secs] 
2017-07-06T17:23:56.688+0900: 6.150: [GC
Desired survivor size 524288 bytes, new threshold 1 (max 15)
 [PSYoungGen: 2143K->96K(2560K)] 6042K->4011K(7680K), 0.0006211 secs] [Times: user=0.00 sys=0.00, real=0.00 secs] 
2017-07-06T17:23:56.710+0900: 6.172: [GC
Desired survivor size 524288 bytes, new threshold 1 (max 15)
 [PSYoungGen: 2143K->96K(2560K)] 6058K->4027K(7680K), 0.0006395 secs] [Times: user=0.00 sys=0.00, real=0.00 secs] 
2017-07-06T17:23:56.731+0900: 6.193: [GC
Desired survivor size 524288 bytes, new threshold 1 (max 15)
 [PSYoungGen: 2143K->96K(2560K)] 6074K->4043K(7680K), 0.0006267 secs] [Times: user=0.00 sys=0.00, real=0.00 secs] 
2017-07-06T17:23:56.755+0900: 6.217: [GC
Desired survivor size 524288 bytes, new threshold 1 (max 15)
 [PSYoungGen: 2143K->96K(2560K)] 6090K->4059K(7680K), 0.0006326 secs] [Times: user=0.00 sys=0.00, real=0.00 secs] 
2017-07-06T17:23:56.775+0900: 6.237: [GC
Desired survivor size 524288 bytes, new threshold 1 (max 15)
 [PSYoungGen: 2143K->96K(2560K)] 6106K->4075K(7680K), 0.0006228 secs] [Times: user=0.00 sys=0.00, real=0.00 secs] 
2017-07-06T17:23:56.796+0900: 6.258: [GC
Desired survivor size 524288 bytes, new threshold 1 (max 15)
 [PSYoungGen: 2143K->96K(2560K)] 6122K->4091K(7680K), 0.0006374 secs] [Times: user=0.00 sys=0.00, real=0.00 secs] 
2017-07-06T17:23:56.816+0900: 6.278: [GC
Desired survivor size 524288 bytes, new threshold 1 (max 15)
 [PSYoungGen: 2143K->96K(2560K)] 6138K->4107K(7680K), 0.0006082 secs] [Times: user=0.00 sys=0.00, real=0.00 secs] 
2017-07-06T17:23:56.836+0900: 6.298: [GC
Desired survivor size 524288 bytes, new threshold 1 (max 15)
 [PSYoungGen: 2143K->96K(2560K)] 6154K->4123K(7680K), 0.0005860 secs] [Times: user=0.02 sys=0.00, real=0.00 secs] 
2017-07-06T17:23:56.859+0900: 6.321: [GC
Desired survivor size 524288 bytes, new threshold 1 (max 15)
 [PSYoungGen: 2143K->96K(2560K)] 6170K->4139K(7680K), 0.0006335 secs] [Times: user=0.00 sys=0.00, real=0.00 secs] 
2017-07-06T17:23:56.879+0900: 6.341: [GC
Desired survivor size 524288 bytes, new threshold 1 (max 15)
 [PSYoungGen: 2143K->96K(2560K)] 6186K->4155K(7680K), 0.0010744 secs] [Times: user=0.00 sys=0.00, real=0.00 secs] 
2017-07-06T17:23:56.900+0900: 6.362: [GC
Desired survivor size 524288 bytes, new threshold 1 (max 15)
 [PSYoungGen: 2143K->96K(2560K)] 6202K->4171K(7680K), 0.0005975 secs] [Times: user=0.00 sys=0.00, real=0.00 secs] 
2017-07-06T17:23:56.920+0900: 6.382: [GC
Desired survivor size 524288 bytes, new threshold 1 (max 15)
 [PSYoungGen: 2143K->96K(2560K)] 6218K->4187K(7680K), 0.0005984 secs] [Times: user=0.00 sys=0.00, real=0.00 secs] 
2017-07-06T17:23:56.940+0900: 6.402: [GC
Desired survivor size 524288 bytes, new threshold 1 (max 15)
 [PSYoungGen: 2143K->96K(2560K)] 6234K->4203K(7680K), 0.0005856 secs] [Times: user=0.00 sys=0.00, real=0.00 secs] 
2017-07-06T17:23:56.960+0900: 6.422: [GC
Desired survivor size 524288 bytes, new threshold 1 (max 15)
 [PSYoungGen: 2143K->64K(2560K)] 6250K->4179K(7680K), 0.0016518 secs] [Times: user=0.01 sys=0.00, real=0.00 secs] 
2017-07-06T17:23:56.984+0900: 6.446: [GC
Desired survivor size 524288 bytes, new threshold 1 (max 15)
 [PSYoungGen: 2111K->96K(2560K)] 6226K->4227K(7680K), 0.0006416 secs] [Times: user=0.00 sys=0.00, real=0.00 secs] 
2017-07-06T17:23:57.005+0900: 6.467: [GC
Desired survivor size 524288 bytes, new threshold 1 (max 15)
 [PSYoungGen: 2143K->96K(2560K)] 6274K->4243K(7680K), 0.0006172 secs] [Times: user=0.00 sys=0.00, real=0.00 secs] 
2017-07-06T17:23:57.025+0900: 6.487: [GC
Desired survivor size 524288 bytes, new threshold 1 (max 15)
 [PSYoungGen: 2143K->96K(2560K)] 6290K->4259K(7680K), 0.0006040 secs] [Times: user=0.00 sys=0.00, real=0.00 secs] 
2017-07-06T17:23:57.045+0900: 6.507: [GC
Desired survivor size 524288 bytes, new threshold 1 (max 15)
 [PSYoungGen: 2143K->96K(2560K)] 6306K->4275K(7680K), 0.0006014 secs] [Times: user=0.00 sys=0.00, real=0.00 secs] 
2017-07-06T17:23:57.065+0900: 6.527: [GC
Desired survivor size 524288 bytes, new threshold 1 (max 15)
 [PSYoungGen: 2143K->96K(2560K)] 6322K->4291K(7680K), 0.0006035 secs] [Times: user=0.00 sys=0.00, real=0.00 secs] 
2017-07-06T17:23:57.087+0900: 6.549: [GC
Desired survivor size 524288 bytes, new threshold 1 (max 15)
 [PSYoungGen: 2143K->64K(2560K)] 6338K->4267K(7680K), 0.0101236 secs] [Times: user=0.00 sys=0.00, real=0.01 secs] 
2017-07-06T17:23:57.117+0900: 6.579: [GC
Desired survivor size 524288 bytes, new threshold 1 (max 15)
 [PSYoungGen: 2111K->96K(2560K)] 6314K->4315K(7680K), 0.0006267 secs] [Times: user=0.00 sys=0.00, real=0.00 secs] 
2017-07-06T17:23:57.137+0900: 6.599: [GC
Desired survivor size 524288 bytes, new threshold 1 (max 15)
 [PSYoungGen: 2143K->96K(2560K)] 6362K->4331K(7680K), 0.0005963 secs] [Times: user=0.00 sys=0.00, real=0.00 secs] 
2017-07-06T17:23:57.157+0900: 6.619: [GC
Desired survivor size 524288 bytes, new threshold 1 (max 15)
 [PSYoungGen: 2143K->96K(2560K)] 6378K->4347K(7680K), 0.0006035 secs] [Times: user=0.00 sys=0.00, real=0.00 secs] 
2017-07-06T17:23:57.178+0900: 6.640: [GC
Desired survivor size 524288 bytes, new threshold 1 (max 15)
 [PSYoungGen: 2143K->96K(2560K)] 6394K->4363K(7680K), 0.0005971 secs] [Times: user=0.00 sys=0.00, real=0.00 secs] 
2017-07-06T17:23:57.199+0900: 6.661: [GC
Desired survivor size 524288 bytes, new threshold 1 (max 15)
 [PSYoungGen: 2143K->64K(2560K)] 6410K->4339K(7680K), 0.0009314 secs] [Times: user=0.00 sys=0.00, real=0.00 secs] 
2017-07-06T17:23:57.225+0900: 6.687: [GC
Desired survivor size 524288 bytes, new threshold 1 (max 15)
 [PSYoungGen: 2111K->96K(2560K)] 6386K->4387K(7680K), 0.0006528 secs] [Times: user=0.00 sys=0.00, real=0.00 secs] 
2017-07-06T17:23:57.245+0900: 6.707: [GC
Desired survivor size 524288 bytes, new threshold 1 (max 15)
 [PSYoungGen: 2143K->96K(2560K)] 6434K->4403K(7680K), 0.0006322 secs] [Times: user=0.00 sys=0.00, real=0.00 secs] 
2017-07-06T17:23:57.266+0900: 6.728: [GC
Desired survivor size 524288 bytes, new threshold 1 (max 15)
 [PSYoungGen: 2143K->96K(2560K)] 6450K->4419K(7680K), 0.0006134 secs] [Times: user=0.00 sys=0.00, real=0.00 secs] 
2017-07-06T17:23:57.286+0900: 6.748: [GC
Desired survivor size 524288 bytes, new threshold 1 (max 15)
 [PSYoungGen: 2143K->96K(2560K)] 6466K->4435K(7680K), 0.0006044 secs] [Times: user=0.00 sys=0.00, real=0.00 secs] 
2017-07-06T17:23:57.308+0900: 6.770: [GC
Desired survivor size 524288 bytes, new threshold 1 (max 15)
 [PSYoungGen: 2143K->64K(2560K)] 6482K->4411K(7680K), 0.0008240 secs] [Times: user=0.00 sys=0.00, real=0.00 secs] 
2017-07-06T17:23:57.334+0900: 6.796: [GC
Desired survivor size 524288 bytes, new threshold 1 (max 15)
 [PSYoungGen: 2111K->96K(2560K)] 6458K->4459K(7680K), 0.0006348 secs] [Times: user=0.00 sys=0.00, real=0.00 secs] 
2017-07-06T17:23:57.354+0900: 6.816: [GC
Desired survivor size 524288 bytes, new threshold 1 (max 15)
 [PSYoungGen: 2143K->96K(2560K)] 6506K->4475K(7680K), 0.0006164 secs] [Times: user=0.00 sys=0.00, real=0.00 secs] 
2017-07-06T17:23:57.375+0900: 6.837: [GC
Desired survivor size 524288 bytes, new threshold 1 (max 15)
 [PSYoungGen: 2143K->96K(2560K)] 6522K->4491K(7680K), 0.0006040 secs] [Times: user=0.00 sys=0.00, real=0.00 secs] 
2017-07-06T17:23:57.395+0900: 6.857: [GC
Desired survivor size 524288 bytes, new threshold 1 (max 15)
 [PSYoungGen: 2143K->96K(2560K)] 6538K->4507K(7680K), 0.0006005 secs] [Times: user=0.00 sys=0.00, real=0.00 secs] 
2017-07-06T17:23:57.415+0900: 6.877: [GC
Desired survivor size 524288 bytes, new threshold 1 (max 15)
 [PSYoungGen: 2143K->96K(2560K)] 6554K->4523K(7680K), 0.0006219 secs] [Times: user=0.00 sys=0.00, real=0.00 secs] 
2017-07-06T17:23:57.440+0900: 6.902: [GC
Desired survivor size 524288 bytes, new threshold 1 (max 15)
 [PSYoungGen: 2143K->96K(2560K)] 6570K->4539K(7680K), 0.0006421 secs] [Times: user=0.00 sys=0.00, real=0.00 secs] 
2017-07-06T17:23:57.460+0900: 6.922: [GC
Desired survivor size 524288 bytes, new threshold 1 (max 15)
 [PSYoungGen: 2143K->96K(2560K)] 6586K->4555K(7680K), 0.0006194 secs] [Times: user=0.02 sys=0.00, real=0.00 secs] 
2017-07-06T17:23:57.482+0900: 6.944: [GC
Desired survivor size 524288 bytes, new threshold 1 (max 15)
 [PSYoungGen: 2143K->64K(2560K)] 6602K->4531K(7680K), 0.0009216 secs] [Times: user=0.00 sys=0.00, real=0.00 secs] 
2017-07-06T17:23:57.518+0900: 6.980: [GC
Desired survivor size 524288 bytes, new threshold 1 (max 15)
 [PSYoungGen: 2111K->64K(2560K)] 6578K->4539K(7680K), 0.0014374 secs] [Times: user=0.00 sys=0.00, real=0.00 secs] 
2017-07-06T17:23:57.544+0900: 7.006: [GC
Desired survivor size 524288 bytes, new threshold 1 (max 15)
 [PSYoungGen: 2105K->219K(2560K)] 6581K->4710K(7680K), 0.0008582 secs] [Times: user=0.00 sys=0.00, real=0.00 secs] 
2017-07-06T17:23:57.565+0900: 7.027: [GC
Desired survivor size 524288 bytes, new threshold 1 (max 15)
 [PSYoungGen: 2252K->96K(2560K)] 6743K->4726K(7680K), 0.0008608 secs] [Times: user=0.00 sys=0.00, real=0.00 secs] 
2017-07-06T17:23:57.589+0900: 7.051: [GC
Desired survivor size 524288 bytes, new threshold 1 (max 15)
 [PSYoungGen: 2138K->96K(2560K)] 6769K->4734K(7680K), 0.0006844 secs] [Times: user=0.00 sys=0.00, real=0.00 secs] 
2017-07-06T17:23:57.610+0900: 7.072: [GC
Desired survivor size 524288 bytes, new threshold 1 (max 15)
 [PSYoungGen: 2143K->96K(2560K)] 6782K->4742K(7680K), 0.0006772 secs] [Times: user=0.00 sys=0.00, real=0.00 secs] 
2017-07-06T17:23:57.631+0900: 7.093: [GC
Desired survivor size 524288 bytes, new threshold 1 (max 15)
 [PSYoungGen: 2143K->96K(2560K)] 6790K->4750K(7680K), 0.0006652 secs] [Times: user=0.00 sys=0.00, real=0.00 secs] 
2017-07-06T17:23:57.651+0900: 7.113: [GC
Desired survivor size 524288 bytes, new threshold 1 (max 15)
 [PSYoungGen: 2143K->96K(2560K)] 6798K->4758K(7680K), 0.0006549 secs] [Times: user=0.00 sys=0.00, real=0.00 secs] 
2017-07-06T17:23:57.672+0900: 7.134: [GC
Desired survivor size 524288 bytes, new threshold 1 (max 15)
 [PSYoungGen: 2143K->64K(2560K)] 6806K->4734K(7680K), 0.0039543 secs] [Times: user=0.00 sys=0.00, real=0.00 secs] 
2017-07-06T17:23:57.696+0900: 7.158: [GC
Desired survivor size 524288 bytes, new threshold 1 (max 15)
 [PSYoungGen: 2111K->96K(2560K)] 6782K->4782K(7680K), 0.0008184 secs] [Times: user=0.00 sys=0.00, real=0.00 secs] 
2017-07-06T17:23:57.717+0900: 7.179: [GC
Desired survivor size 524288 bytes, new threshold 1 (max 15)
 [PSYoungGen: 2143K->96K(2560K)] 6830K->4790K(7680K), 0.0006511 secs] [Times: user=0.00 sys=0.00, real=0.00 secs] 
2017-07-06T17:23:57.737+0900: 7.199: [GC
Desired survivor size 524288 bytes, new threshold 1 (max 15)
 [PSYoungGen: 2143K->96K(2560K)] 6838K->4798K(7680K), 0.0006408 secs] [Times: user=0.00 sys=0.00, real=0.00 secs] 
2017-07-06T17:23:57.757+0900: 7.219: [GC
Desired survivor size 524288 bytes, new threshold 1 (max 15)
 [PSYoungGen: 2143K->96K(2560K)] 6846K->4806K(7680K), 0.0006463 secs] [Times: user=0.03 sys=0.00, real=0.00 secs] 
2017-07-06T17:23:57.778+0900: 7.240: [GC
Desired survivor size 524288 bytes, new threshold 1 (max 15)
 [PSYoungGen: 2143K->64K(2560K)] 6854K->4782K(7680K), 0.0008972 secs] [Times: user=0.00 sys=0.00, real=0.00 secs] 
2017-07-06T17:23:57.804+0900: 7.266: [GC
Desired survivor size 524288 bytes, new threshold 1 (max 15)
 [PSYoungGen: 2111K->64K(2560K)] 6830K->4790K(7680K), 0.0009357 secs] [Times: user=0.01 sys=0.00, real=0.00 secs] 
2017-07-06T17:23:57.825+0900: 7.287: [GC
Desired survivor size 524288 bytes, new threshold 1 (max 15)
 [PSYoungGen: 2111K->96K(2560K)] 6838K->4830K(7680K), 0.0006776 secs] [Times: user=0.00 sys=0.00, real=0.00 secs] 
2017-07-06T17:23:57.846+0900: 7.308: [GC
Desired survivor size 524288 bytes, new threshold 1 (max 15)
 [PSYoungGen: 2143K->96K(2560K)] 6878K->4838K(7680K), 0.0006695 secs] [Times: user=0.00 sys=0.00, real=0.00 secs] 
2017-07-06T17:23:57.866+0900: 7.328: [GC
Desired survivor size 524288 bytes, new threshold 1 (max 15)
 [PSYoungGen: 2143K->96K(2560K)] 6886K->4846K(7680K), 0.0006583 secs] [Times: user=0.02 sys=0.00, real=0.00 secs] 
2017-07-06T17:23:57.887+0900: 7.349: [GC
Desired survivor size 524288 bytes, new threshold 1 (max 15)
 [PSYoungGen: 2143K->96K(2560K)] 6894K->4854K(7680K), 0.0006973 secs] [Times: user=0.00 sys=0.00, real=0.00 secs] 
2017-07-06T17:23:57.913+0900: 7.375: [GC
Desired survivor size 524288 bytes, new threshold 1 (max 15)
 [PSYoungGen: 2143K->96K(2560K)] 6902K->4862K(7680K), 0.0007397 secs] [Times: user=0.02 sys=0.00, real=0.00 secs] 
2017-07-06T17:23:57.934+0900: 7.396: [GC
Desired survivor size 524288 bytes, new threshold 1 (max 15)
 [PSYoungGen: 2143K->96K(2560K)] 6910K->4870K(7680K), 0.0006686 secs] [Times: user=0.00 sys=0.00, real=0.00 secs] 
2017-07-06T17:23:57.955+0900: 7.417: [GC
Desired survivor size 524288 bytes, new threshold 1 (max 15)
 [PSYoungGen: 2143K->96K(2560K)] 6918K->4878K(7680K), 0.0006720 secs] [Times: user=0.00 sys=0.00, real=0.00 secs] 
2017-07-06T17:23:57.976+0900: 7.438: [GC
Desired survivor size 524288 bytes, new threshold 1 (max 15)
 [PSYoungGen: 2143K->96K(2560K)] 6926K->4886K(7680K), 0.0006720 secs] [Times: user=0.00 sys=0.00, real=0.00 secs] 
2017-07-06T17:23:57.998+0900: 7.460: [GC
Desired survivor size 524288 bytes, new threshold 1 (max 15)
 [PSYoungGen: 2143K->64K(2560K)] 6934K->4862K(7680K), 0.0087881 secs] [Times: user=0.01 sys=0.00, real=0.01 secs] 
2017-07-06T17:23:58.028+0900: 7.490: [GC
Desired survivor size 524288 bytes, new threshold 1 (max 15)
 [PSYoungGen: 2111K->96K(2560K)] 6910K->4902K(7680K), 0.0006836 secs] [Times: user=0.00 sys=0.00, real=0.00 secs] 
2017-07-06T17:23:58.049+0900: 7.511: [GC
Desired survivor size 524288 bytes, new threshold 1 (max 15)
 [PSYoungGen: 2143K->96K(2560K)] 6950K->4910K(7680K), 0.0006742 secs] [Times: user=0.00 sys=0.00, real=0.00 secs] 
2017-07-06T17:23:58.070+0900: 7.532: [GC
Desired survivor size 524288 bytes, new threshold 1 (max 15)
 [PSYoungGen: 2143K->96K(2560K)] 6958K->4918K(7680K), 0.0006643 secs] [Times: user=0.00 sys=0.00, real=0.00 secs] 
2017-07-06T17:23:58.090+0900: 7.552: [GC
Desired survivor size 524288 bytes, new threshold 1 (max 15)
 [PSYoungGen: 2143K->96K(2560K)] 6966K->4926K(7680K), 0.0007028 secs] [Times: user=0.00 sys=0.00, real=0.00 secs] 
2017-07-06T17:23:58.115+0900: 7.577: [GC
Desired survivor size 524288 bytes, new threshold 1 (max 15)
 [PSYoungGen: 2143K->96K(2560K)] 6974K->4934K(7680K), 0.0006857 secs] [Times: user=0.00 sys=0.00, real=0.00 secs] 
2017-07-06T17:23:58.135+0900: 7.597: [GC
Desired survivor size 524288 bytes, new threshold 1 (max 15)
 [PSYoungGen: 2143K->96K(2560K)] 6982K->4942K(7680K), 0.0006763 secs] [Times: user=0.00 sys=0.00, real=0.00 secs] 
2017-07-06T17:23:58.156+0900: 7.618: [GC
Desired survivor size 524288 bytes, new threshold 1 (max 15)
 [PSYoungGen: 2143K->96K(2560K)] 6990K->4950K(7680K), 0.0006540 secs] [Times: user=0.00 sys=0.00, real=0.00 secs] 
2017-07-06T17:23:58.176+0900: 7.638: [GC
Desired survivor size 524288 bytes, new threshold 1 (max 15)
 [PSYoungGen: 2143K->96K(2560K)] 6998K->4958K(7680K), 0.0006472 secs] [Times: user=0.00 sys=0.00, real=0.00 secs] 
2017-07-06T17:23:58.198+0900: 7.660: [GC
Desired survivor size 524288 bytes, new threshold 1 (max 15)
 [PSYoungGen: 2143K->64K(2560K)] 7006K->4934K(7680K), 0.0145149 secs] [Times: user=0.01 sys=0.00, real=0.01 secs] 
2017-07-06T17:23:58.232+0900: 7.694: [GC
Desired survivor size 524288 bytes, new threshold 1 (max 15)
 [PSYoungGen: 2111K->96K(2560K)] 6982K->4974K(7680K), 0.0006947 secs] [Times: user=0.00 sys=0.00, real=0.00 secs] 
2017-07-06T17:23:58.253+0900: 7.715: [GC
Desired survivor size 524288 bytes, new threshold 1 (max 15)
 [PSYoungGen: 2143K->96K(2560K)] 7022K->4982K(7680K), 0.0006553 secs] [Times: user=0.00 sys=0.00, real=0.00 secs] 
2017-07-06T17:23:58.273+0900: 7.735: [GC
Desired survivor size 524288 bytes, new threshold 1 (max 15)
 [PSYoungGen: 2143K->96K(2560K)] 7030K->4990K(7680K), 0.0006511 secs] [Times: user=0.00 sys=0.00, real=0.00 secs] 
2017-07-06T17:23:58.293+0900: 7.755: [GC
Desired survivor size 524288 bytes, new threshold 1 (max 15)
 [PSYoungGen: 2143K->96K(2560K)] 7038K->4998K(7680K), 0.0006558 secs] [Times: user=0.00 sys=0.00, real=0.00 secs] 
2017-07-06T17:23:58.318+0900: 7.780: [GC
Desired survivor size 524288 bytes, new threshold 1 (max 15)
 [PSYoungGen: 2143K->96K(2560K)] 7046K->5006K(7680K), 0.0006797 secs] [Times: user=0.02 sys=0.00, real=0.00 secs] 
2017-07-06T17:23:58.339+0900: 7.801: [GC
Desired survivor size 524288 bytes, new threshold 1 (max 15)
 [PSYoungGen: 2143K->96K(2560K)] 7054K->5014K(7680K), 0.0006776 secs] [Times: user=0.00 sys=0.00, real=0.00 secs] 
2017-07-06T17:23:58.359+0900: 7.821: [GC
Desired survivor size 524288 bytes, new threshold 1 (max 15)
 [PSYoungGen: 2143K->96K(2560K)] 7062K->5022K(7680K), 0.0006656 secs] [Times: user=0.00 sys=0.00, real=0.00 secs] 
2017-07-06T17:23:58.382+0900: 7.844: [GC
Desired survivor size 524288 bytes, new threshold 1 (max 15)
 [PSYoungGen: 2143K->96K(2560K)] 7070K->5030K(7680K), 0.0006797 secs] [Times: user=0.00 sys=0.00, real=0.00 secs] 
2017-07-06T17:23:58.402+0900: 7.865: [GC
Desired survivor size 524288 bytes, new threshold 1 (max 15)
 [PSYoungGen: 2143K->96K(2560K)] 7078K->5038K(7680K), 0.0006695 secs] [Times: user=0.00 sys=0.00, real=0.00 secs] 
2017-07-06T17:23:58.423+0900: 7.885: [GC
Desired survivor size 524288 bytes, new threshold 1 (max 15)
 [PSYoungGen: 2143K->96K(2560K)] 7086K->5046K(7680K), 0.0006545 secs] [Times: user=0.00 sys=0.00, real=0.00 secs] 
2017-07-06T17:23:58.443+0900: 7.905: [GC
Desired survivor size 524288 bytes, new threshold 1 (max 15)
 [PSYoungGen: 2143K->96K(2560K)] 7094K->5054K(7680K), 0.0006759 secs] [Times: user=0.03 sys=0.00, real=0.00 secs] 
2017-07-06T17:23:58.464+0900: 7.926: [GC
Desired survivor size 524288 bytes, new threshold 1 (max 15)
 [PSYoungGen: 2143K->96K(2560K)] 7102K->5062K(7680K), 0.0006686 secs] [Times: user=0.00 sys=0.00, real=0.00 secs] 
2017-07-06T17:23:58.489+0900: 7.951: [GC
Desired survivor size 524288 bytes, new threshold 1 (max 15)
 [PSYoungGen: 2143K->96K(2560K)] 7110K->5070K(7680K), 0.0006917 secs] [Times: user=0.00 sys=0.00, real=0.00 secs] 
2017-07-06T17:23:58.510+0900: 7.972: [GC
Desired survivor size 524288 bytes, new threshold 1 (max 15)
 [PSYoungGen: 2143K->96K(2560K)] 7118K->5078K(7680K), 0.0007919 secs] [Times: user=0.00 sys=0.00, real=0.00 secs] 
2017-07-06T17:23:58.531+0900: 7.993: [GC
Desired survivor size 524288 bytes, new threshold 1 (max 15)
 [PSYoungGen: 2143K->96K(2560K)] 7126K->5086K(7680K), 0.0006921 secs] [Times: user=0.00 sys=0.00, real=0.00 secs] 
2017-07-06T17:23:58.551+0900: 8.013: [GC
Desired survivor size 524288 bytes, new threshold 1 (max 15)
 [PSYoungGen: 2143K->96K(2560K)] 7134K->5094K(7680K), 0.0006558 secs] [Times: user=0.00 sys=0.00, real=0.00 secs] 
2017-07-06T17:23:58.573+0900: 8.035: [GC
Desired survivor size 524288 bytes, new threshold 1 (max 15)
 [PSYoungGen: 2143K->64K(2560K)] 7142K->5070K(7680K), 0.0027228 secs] [Times: user=0.00 sys=0.00, real=0.00 secs] 
2017-07-06T17:23:58.598+0900: 8.060: [GC
Desired survivor size 524288 bytes, new threshold 1 (max 15)
 [PSYoungGen: 2111K->96K(2560K)] 7118K->5110K(7680K), 0.0006862 secs] [Times: user=0.00 sys=0.00, real=0.00 secs] 
2017-07-06T17:23:58.619+0900: 8.081: [GC
Desired survivor size 524288 bytes, new threshold 1 (max 15)
 [PSYoungGen: 2143K->96K(2560K)] 7158K->5118K(7680K), 0.0006690 secs] [Times: user=0.00 sys=0.00, real=0.00 secs] 
2017-07-06T17:23:58.639+0900: 8.101: [GC
Desired survivor size 524288 bytes, new threshold 1 (max 15)
 [PSYoungGen: 2143K->96K(2560K)] 7166K->5126K(7680K), 0.0006493 secs] [Times: user=0.00 sys=0.00, real=0.00 secs] 
2017-07-06T17:23:58.660+0900: 8.122: [GC
Desired survivor size 524288 bytes, new threshold 1 (max 15)
 [PSYoungGen: 2143K->96K(2560K)] 7174K->5134K(7680K), 0.0006643 secs] [Times: user=0.00 sys=0.00, real=0.00 secs] 
2017-07-06T17:23:58.683+0900: 8.145: [GC
Desired survivor size 524288 bytes, new threshold 1 (max 15)
 [PSYoungGen: 2143K->64K(2560K)] 7182K->5110K(7680K), 0.0030768 secs] [Times: user=0.00 sys=0.00, real=0.00 secs] 
2017-07-06T17:23:58.707+0900: 8.169: [GC
Desired survivor size 524288 bytes, new threshold 1 (max 15)
 [PSYoungGen: 2111K->96K(2560K)] 7158K->5150K(7680K), 0.0007063 secs] [Times: user=0.00 sys=0.00, real=0.00 secs] 
2017-07-06T17:23:58.728+0900: 8.190: [GC
Desired survivor size 524288 bytes, new threshold 1 (max 15)
 [PSYoungGen: 2143K->96K(2560K)] 7198K->5158K(7680K), 0.0006789 secs] [Times: user=0.00 sys=0.00, real=0.00 secs] 
2017-07-06T17:23:58.748+0900: 8.211: [GC
Desired survivor size 524288 bytes, new threshold 1 (max 15)
 [PSYoungGen: 2143K->96K(2560K)] 7206K->5166K(7680K), 0.0006665 secs] [Times: user=0.00 sys=0.00, real=0.00 secs] 
2017-07-06T17:23:58.769+0900: 8.231: [GC
Desired survivor size 524288 bytes, new threshold 1 (max 15)
 [PSYoungGen: 2143K->96K(2560K)] 7214K->5174K(7680K), 0.0006605 secs] [Times: user=0.00 sys=0.00, real=0.00 secs] 
2017-07-06T17:23:58.794+0900: 8.256: [GC
Desired survivor size 524288 bytes, new threshold 1 (max 15)
 [PSYoungGen: 2143K->96K(2560K)] 7222K->5182K(7680K), 0.0006870 secs] [Times: user=0.00 sys=0.00, real=0.00 secs] 
2017-07-06T17:23:58.815+0900: 8.277: [GC
Desired survivor size 524288 bytes, new threshold 1 (max 15)
 [PSYoungGen: 2143K->96K(2560K)] 7230K->5190K(7680K), 0.0006742 secs] [Times: user=0.00 sys=0.00, real=0.00 secs] 
2017-07-06T17:23:58.835+0900: 8.297: [GC
Desired survivor size 524288 bytes, new threshold 1 (max 15)
 [PSYoungGen: 2143K->96K(2560K)] 7238K->5198K(7680K), 0.0006639 secs] [Times: user=0.00 sys=0.00, real=0.00 secs] 
2017-07-06T17:23:58.855+0900: 8.317: [GC
Desired survivor size 524288 bytes, new threshold 1 (max 15)
 [PSYoungGen: 2143K->96K(2560K)] 7246K->5206K(7680K), 0.0006665 secs] [Times: user=0.00 sys=0.00, real=0.00 secs] 
2017-07-06T17:23:58.876+0900: 8.338: [GC
Desired survivor size 524288 bytes, new threshold 1 (max 15)
 [PSYoungGen: 2143K->64K(2560K)] 7254K->5182K(7680K), 0.0134452 secs] [Times: user=0.01 sys=0.00, real=0.01 secs] 
2017-07-06T17:23:58.890+0900: 8.352: [Full GC [PSYoungGen: 64K->0K(2560K)] [ParOldGen: 5118K->2066K(5120K)] 5182K->2066K(7680K) [PSPermGen: 3313K->3312K(21504K)], 0.0437677 secs] [Times: user=0.06 sys=0.00, real=0.04 secs] 
2017-07-06T17:23:58.958+0900: 8.420: [GC
Desired survivor size 524288 bytes, new threshold 1 (max 15)
 [PSYoungGen: 2047K->96K(2560K)] 4114K->2162K(7680K), 0.0007585 secs] [Times: user=0.01 sys=0.02, real=0.00 secs] 
2017-07-06T17:23:58.979+0900: 8.441: [GC
Desired survivor size 524288 bytes, new threshold 1 (max 15)
 [PSYoungGen: 2143K->96K(2560K)] 4210K->2202K(7680K), 0.0006335 secs] [Times: user=0.00 sys=0.00, real=0.00 secs] 
2017-07-06T17:23:59.001+0900: 8.463: [GC
Desired survivor size 524288 bytes, new threshold 1 (max 15)
 [PSYoungGen: 2143K->64K(2560K)] 4250K->2178K(7680K), 0.0058907 secs] [Times: user=0.02 sys=0.00, real=0.01 secs] 
2017-07-06T17:23:59.027+0900: 8.489: [GC
Desired survivor size 524288 bytes, new threshold 1 (max 15)
 [PSYoungGen: 2111K->96K(2560K)] 4226K->2226K(7680K), 0.0006040 secs] [Times: user=0.00 sys=0.00, real=0.00 secs] 
2017-07-06T17:23:59.048+0900: 8.510: [GC
Desired survivor size 524288 bytes, new threshold 1 (max 15)
 [PSYoungGen: 2143K->96K(2560K)] 4274K->2242K(7680K), 0.0006112 secs] [Times: user=0.00 sys=0.00, real=0.00 secs] 
2017-07-06T17:23:59.068+0900: 8.530: [GC
Desired survivor size 524288 bytes, new threshold 1 (max 15)
 [PSYoungGen: 2143K->96K(2560K)] 4290K->2258K(7680K), 0.0005809 secs] [Times: user=0.00 sys=0.00, real=0.00 secs] 
2017-07-06T17:23:59.090+0900: 8.552: [GC
Desired survivor size 524288 bytes, new threshold 1 (max 15)
 [PSYoungGen: 2143K->64K(2560K)] 4306K->2234K(7680K), 0.0023923 secs] [Times: user=0.00 sys=0.00, real=0.00 secs] 
2017-07-06T17:23:59.116+0900: 8.578: [GC
Desired survivor size 524288 bytes, new threshold 1 (max 15)
 [PSYoungGen: 2111K->96K(2560K)] 4282K->2282K(7680K), 0.0006194 secs] [Times: user=0.00 sys=0.00, real=0.00 secs] 
2017-07-06T17:23:59.136+0900: 8.598: [GC
Desired survivor size 524288 bytes, new threshold 1 (max 15)
 [PSYoungGen: 2143K->96K(2560K)] 4330K->2298K(7680K), 0.0006172 secs] [Times: user=0.00 sys=0.00, real=0.00 secs] 
2017-07-06T17:23:59.156+0900: 8.619: [GC
Desired survivor size 524288 bytes, new threshold 1 (max 15)
 [PSYoungGen: 2143K->96K(2560K)] 4346K->2314K(7680K), 0.0005761 secs] [Times: user=0.00 sys=0.00, real=0.00 secs] 
2017-07-06T17:23:59.177+0900: 8.639: [GC
Desired survivor size 524288 bytes, new threshold 1 (max 15)
 [PSYoungGen: 2143K->96K(2560K)] 4362K->2330K(7680K), 0.0005791 secs] [Times: user=0.00 sys=0.00, real=0.00 secs] 
2017-07-06T17:23:59.199+0900: 8.661: [GC
Desired survivor size 524288 bytes, new threshold 1 (max 15)
 [PSYoungGen: 2143K->64K(2560K)] 4378K->2306K(7680K), 0.0010949 secs] [Times: user=0.00 sys=0.00, real=0.00 secs] 
2017-07-06T17:23:59.223+0900: 8.685: [GC
Desired survivor size 524288 bytes, new threshold 1 (max 15)
 [PSYoungGen: 2111K->96K(2560K)] 4354K->2354K(7680K), 0.0006279 secs] [Times: user=0.01 sys=0.00, real=0.00 secs] 
2017-07-06T17:23:59.243+0900: 8.706: [GC
Desired survivor size 524288 bytes, new threshold 1 (max 15)
 [PSYoungGen: 2143K->96K(2560K)] 4402K->2370K(7680K), 0.0006027 secs] [Times: user=0.00 sys=0.00, real=0.00 secs] 
2017-07-06T17:23:59.264+0900: 8.726: [GC
Desired survivor size 524288 bytes, new threshold 1 (max 15)
 [PSYoungGen: 2143K->96K(2560K)] 4418K->2386K(7680K), 0.0005864 secs] [Times: user=0.00 sys=0.00, real=0.00 secs] 
2017-07-06T17:23:59.285+0900: 8.747: [GC
Desired survivor size 524288 bytes, new threshold 1 (max 15)
 [PSYoungGen: 2143K->96K(2560K)] 4434K->2402K(7680K), 0.0006044 secs] [Times: user=0.00 sys=0.00, real=0.00 secs] 
2017-07-06T17:23:59.308+0900: 8.770: [GC
Desired survivor size 524288 bytes, new threshold 1 (max 15)
 [PSYoungGen: 2143K->64K(2560K)] 4450K->2378K(7680K), 0.0022819 secs] [Times: user=0.00 sys=0.00, real=0.00 secs] 
2017-07-06T17:23:59.334+0900: 8.796: [GC
Desired survivor size 524288 bytes, new threshold 1 (max 15)
 [PSYoungGen: 2111K->96K(2560K)] 4426K->2426K(7680K), 0.0006164 secs] [Times: user=0.00 sys=0.00, real=0.00 secs] 
2017-07-06T17:23:59.354+0900: 8.816: [GC
Desired survivor size 524288 bytes, new threshold 1 (max 15)
 [PSYoungGen: 2143K->96K(2560K)] 4474K->2442K(7680K), 0.0005920 secs] [Times: user=0.00 sys=0.00, real=0.00 secs] 
2017-07-06T17:23:59.374+0900: 8.836: [GC
Desired survivor size 524288 bytes, new threshold 1 (max 15)
 [PSYoungGen: 2143K->96K(2560K)] 4490K->2458K(7680K), 0.0005864 secs] [Times: user=0.00 sys=0.00, real=0.00 secs] 
2017-07-06T17:23:59.395+0900: 8.857: [GC
Desired survivor size 524288 bytes, new threshold 1 (max 15)
 [PSYoungGen: 2143K->96K(2560K)] 4506K->2474K(7680K), 0.0005903 secs] [Times: user=0.00 sys=0.00, real=0.00 secs] 
2017-07-06T17:23:59.417+0900: 8.879: [GC
Desired survivor size 524288 bytes, new threshold 1 (max 15)
 [PSYoungGen: 2143K->64K(2560K)] 4522K->2450K(7680K), 0.0019476 secs] [Times: user=0.00 sys=0.00, real=0.00 secs] 
2017-07-06T17:23:59.439+0900: 8.901: [GC
Desired survivor size 524288 bytes, new threshold 1 (max 15)
 [PSYoungGen: 2111K->96K(2560K)] 4498K->2498K(7680K), 0.0006001 secs] [Times: user=0.00 sys=0.00, real=0.00 secs] 
2017-07-06T17:23:59.459+0900: 8.921: [GC
Desired survivor size 524288 bytes, new threshold 1 (max 15)
 [PSYoungGen: 2143K->96K(2560K)] 4546K->2514K(7680K), 0.0006104 secs] [Times: user=0.00 sys=0.00, real=0.00 secs] 
2017-07-06T17:23:59.479+0900: 8.942: [GC
Desired survivor size 524288 bytes, new threshold 1 (max 15)
 [PSYoungGen: 2143K->96K(2560K)] 4562K->2530K(7680K), 0.0005813 secs] [Times: user=0.00 sys=0.00, real=0.00 secs] 
2017-07-06T17:23:59.500+0900: 8.962: [GC
Desired survivor size 524288 bytes, new threshold 1 (max 15)
 [PSYoungGen: 2143K->96K(2560K)] 4578K->2546K(7680K), 0.0005761 secs] [Times: user=0.00 sys=0.00, real=0.00 secs] 
2017-07-06T17:23:59.522+0900: 8.984: [GC
Desired survivor size 524288 bytes, new threshold 1 (max 15)
 [PSYoungGen: 2143K->64K(2560K)] 4594K->2522K(7680K), 0.0008274 secs] [Times: user=0.00 sys=0.00, real=0.00 secs] 
2017-07-06T17:23:59.546+0900: 9.008: [GC
Desired survivor size 524288 bytes, new threshold 1 (max 15)
 [PSYoungGen: 2111K->96K(2560K)] 4570K->2570K(7680K), 0.0006271 secs] [Times: user=0.00 sys=0.00, real=0.00 secs] 
2017-07-06T17:23:59.567+0900: 9.029: [GC
Desired survivor size 524288 bytes, new threshold 1 (max 15)
 [PSYoungGen: 2143K->96K(2560K)] 4618K->2586K(7680K), 0.0006151 secs] [Times: user=0.00 sys=0.00, real=0.00 secs] 
2017-07-06T17:23:59.587+0900: 9.049: [GC
Desired survivor size 524288 bytes, new threshold 1 (max 15)
 [PSYoungGen: 2143K->96K(2560K)] 4634K->2602K(7680K), 0.0005757 secs] [Times: user=0.00 sys=0.00, real=0.00 secs] 
2017-07-06T17:23:59.607+0900: 9.070: [GC
Desired survivor size 524288 bytes, new threshold 1 (max 15)
 [PSYoungGen: 2143K->96K(2560K)] 4650K->2618K(7680K), 0.0005838 secs] [Times: user=0.00 sys=0.00, real=0.00 secs] 
2017-07-06T17:23:59.629+0900: 9.091: [GC
Desired survivor size 524288 bytes, new threshold 1 (max 15)
 [PSYoungGen: 2143K->64K(2560K)] 4666K->2594K(7680K), 0.0008103 secs] [Times: user=0.00 sys=0.00, real=0.00 secs] 
2017-07-06T17:23:59.654+0900: 9.116: [GC
Desired survivor size 524288 bytes, new threshold 1 (max 15)
 [PSYoungGen: 2111K->96K(2560K)] 4642K->2642K(7680K), 0.0006339 secs] [Times: user=0.00 sys=0.00, real=0.00 secs] 
2017-07-06T17:23:59.674+0900: 9.136: [GC
Desired survivor size 524288 bytes, new threshold 1 (max 15)
 [PSYoungGen: 2143K->96K(2560K)] 4690K->2658K(7680K), 0.0006160 secs] [Times: user=0.00 sys=0.00, real=0.00 secs] 
2017-07-06T17:23:59.695+0900: 9.157: [GC
Desired survivor size 524288 bytes, new threshold 1 (max 15)
 [PSYoungGen: 2143K->96K(2560K)] 4706K->2674K(7680K), 0.0006665 secs] [Times: user=0.00 sys=0.00, real=0.00 secs] 
2017-07-06T17:23:59.715+0900: 9.177: [GC
Desired survivor size 524288 bytes, new threshold 1 (max 15)
 [PSYoungGen: 2143K->96K(2560K)] 4722K->2690K(7680K), 0.0005821 secs] [Times: user=0.00 sys=0.00, real=0.00 secs] 
2017-07-06T17:23:59.735+0900: 9.197: [GC
Desired survivor size 524288 bytes, new threshold 1 (max 15)
 [PSYoungGen: 2143K->96K(2560K)] 4738K->2706K(7680K), 0.0005774 secs] [Times: user=0.00 sys=0.00, real=0.00 secs] 
2017-07-06T17:23:59.759+0900: 9.222: [GC
Desired survivor size 524288 bytes, new threshold 1 (max 15)
 [PSYoungGen: 2143K->96K(2560K)] 4754K->2722K(7680K), 0.0006365 secs] [Times: user=0.00 sys=0.00, real=0.00 secs] 
2017-07-06T17:23:59.780+0900: 9.242: [GC
Desired survivor size 524288 bytes, new threshold 1 (max 15)
 [PSYoungGen: 2143K->96K(2560K)] 4770K->2738K(7680K), 0.0006078 secs] [Times: user=0.00 sys=0.00, real=0.00 secs] 
2017-07-06T17:23:59.800+0900: 9.262: [GC
Desired survivor size 524288 bytes, new threshold 1 (max 15)
 [PSYoungGen: 2143K->96K(2560K)] 4786K->2754K(7680K), 0.0006087 secs] [Times: user=0.02 sys=0.00, real=0.00 secs] 
2017-07-06T17:23:59.820+0900: 9.282: [GC
Desired survivor size 524288 bytes, new threshold 1 (max 15)
 [PSYoungGen: 2143K->96K(2560K)] 4802K->2770K(7680K), 0.0005920 secs] [Times: user=0.00 sys=0.00, real=0.00 secs] 
2017-07-06T17:23:59.841+0900: 9.303: [GC
Desired survivor size 524288 bytes, new threshold 1 (max 15)
 [PSYoungGen: 2143K->64K(2560K)] 4818K->2746K(7680K), 0.0026688 secs] [Times: user=0.00 sys=0.00, real=0.00 secs] 
2017-07-06T17:23:59.867+0900: 9.329: [GC
Desired survivor size 524288 bytes, new threshold 1 (max 15)
 [PSYoungGen: 2111K->96K(2560K)] 4794K->2794K(7680K), 0.0006224 secs] [Times: user=0.00 sys=0.00, real=0.00 secs] 
2017-07-06T17:23:59.887+0900: 9.349: [GC
Desired survivor size 524288 bytes, new threshold 1 (max 15)
 [PSYoungGen: 2143K->96K(2560K)] 4842K->2810K(7680K), 0.0006001 secs] [Times: user=0.00 sys=0.00, real=0.00 secs] 
2017-07-06T17:23:59.907+0900: 9.369: [GC
Desired survivor size 524288 bytes, new threshold 1 (max 15)
 [PSYoungGen: 2143K->96K(2560K)] 4858K->2826K(7680K), 0.0005813 secs] [Times: user=0.00 sys=0.00, real=0.00 secs] 
2017-07-06T17:23:59.927+0900: 9.389: [GC
Desired survivor size 524288 bytes, new threshold 1 (max 15)
 [PSYoungGen: 2143K->96K(2560K)] 4874K->2842K(7680K), 0.0005783 secs] [Times: user=0.00 sys=0.00, real=0.00 secs] 
2017-07-06T17:23:59.950+0900: 9.412: [GC
Desired survivor size 524288 bytes, new threshold 1 (max 15)
 [PSYoungGen: 2143K->96K(2560K)] 4890K->2858K(7680K), 0.0006160 secs] [Times: user=0.00 sys=0.00, real=0.00 secs] 
2017-07-06T17:23:59.970+0900: 9.432: [GC
Desired survivor size 524288 bytes, new threshold 1 (max 15)
 [PSYoungGen: 2143K->96K(2560K)] 4906K->2874K(7680K), 0.0006070 secs] [Times: user=0.00 sys=0.00, real=0.00 secs] 
2017-07-06T17:23:59.990+0900: 9.453: [GC
Desired survivor size 524288 bytes, new threshold 1 (max 15)
 [PSYoungGen: 2143K->96K(2560K)] 4922K->2890K(7680K), 0.0005967 secs] [Times: user=0.00 sys=0.00, real=0.00 secs] 
2017-07-06T17:24:00.012+0900: 9.474: [GC
Desired survivor size 524288 bytes, new threshold 1 (max 15)
 [PSYoungGen: 2128K->64K(2560K)] 4923K->2866K(7680K), 0.0147893 secs] [Times: user=0.01 sys=0.00, real=0.01 secs] 
2017-07-06T17:24:00.048+0900: 9.510: [GC
Desired survivor size 524288 bytes, new threshold 1 (max 15)
 [PSYoungGen: 2107K->96K(2560K)] 4910K->2914K(7680K), 0.0006211 secs] [Times: user=0.00 sys=0.00, real=0.00 secs] 
2017-07-06T17:24:00.068+0900: 9.530: [GC
Desired survivor size 524288 bytes, new threshold 1 (max 15)
 [PSYoungGen: 2128K->96K(2560K)] 4947K->2930K(7680K), 0.0005843 secs] [Times: user=0.00 sys=0.00, real=0.00 secs] 
2017-07-06T17:24:00.088+0900: 9.550: [GC
Desired survivor size 524288 bytes, new threshold 1 (max 15)
 [PSYoungGen: 2138K->96K(2560K)] 4973K->2946K(7680K), 0.0005761 secs] [Times: user=0.00 sys=0.00, real=0.00 secs] 
2017-07-06T17:24:00.109+0900: 9.571: [GC
Desired survivor size 524288 bytes, new threshold 1 (max 15)
 [PSYoungGen: 2144K->64K(2560K)] 4994K->2922K(7680K), 0.0025845 secs] [Times: user=0.00 sys=0.00, real=0.00 secs] 
2017-07-06T17:24:00.134+0900: 9.596: [GC
Desired survivor size 524288 bytes, new threshold 1 (max 15)
 [PSYoungGen: 2098K->96K(2560K)] 4957K->2970K(7680K), 0.0006189 secs] [Times: user=0.00 sys=0.00, real=0.00 secs] 
2017-07-06T17:24:00.155+0900: 9.617: [GC
Desired survivor size 524288 bytes, new threshold 1 (max 15)
 [PSYoungGen: 2137K->96K(2560K)] 5012K->2986K(7680K), 0.0006219 secs] [Times: user=0.00 sys=0.00, real=0.00 secs] 
2017-07-06T17:24:00.176+0900: 9.638: [GC
Desired survivor size 524288 bytes, new threshold 1 (max 15)
 [PSYoungGen: 2129K->96K(2560K)] 5020K->3002K(7680K), 0.0005916 secs] [Times: user=0.00 sys=0.00, real=0.00 secs] 
2017-07-06T17:24:00.196+0900: 9.658: [GC
Desired survivor size 524288 bytes, new threshold 1 (max 15)
 [PSYoungGen: 2138K->96K(2560K)] 5045K->3018K(7680K), 0.0005941 secs] [Times: user=0.00 sys=0.00, real=0.00 secs] 
2017-07-06T17:24:00.218+0900: 9.681: [GC
Desired survivor size 524288 bytes, new threshold 1 (max 15)
 [PSYoungGen: 2144K->64K(2560K)] 5066K->2994K(7680K), 0.0026325 secs] [Times: user=0.00 sys=0.00, real=0.00 secs] 
2017-07-06T17:24:00.242+0900: 9.704: [GC
Desired survivor size 524288 bytes, new threshold 1 (max 15)
 [PSYoungGen: 2112K->96K(2560K)] 5042K->3042K(7680K), 0.0006241 secs] [Times: user=0.00 sys=0.00, real=0.00 secs] 
2017-07-06T17:24:00.263+0900: 9.725: [GC
Desired survivor size 524288 bytes, new threshold 1 (max 15)
 [PSYoungGen: 2130K->96K(2560K)] 5077K->3058K(7680K), 0.0005997 secs] [Times: user=0.00 sys=0.00, real=0.00 secs] 
2017-07-06T17:24:00.284+0900: 9.746: [GC
Desired survivor size 524288 bytes, new threshold 1 (max 15)
 [PSYoungGen: 2138K->96K(2560K)] 5101K->3074K(7680K), 0.0005851 secs] [Times: user=0.00 sys=0.00, real=0.00 secs] 
2017-07-06T17:24:00.304+0900: 9.766: [GC
Desired survivor size 524288 bytes, new threshold 1 (max 15)
 [PSYoungGen: 2144K->96K(2560K)] 5122K->3090K(7680K), 0.0005779 secs] [Times: user=0.00 sys=0.00, real=0.00 secs] 
2017-07-06T17:24:00.328+0900: 9.790: [GC
Desired survivor size 524288 bytes, new threshold 1 (max 15)
 [PSYoungGen: 2130K->96K(2560K)] 5125K->3098K(7680K), 0.0011403 secs] [Times: user=0.00 sys=0.00, real=0.00 secs] 
2017-07-06T17:24:00.349+0900: 9.811: [GC
Desired survivor size 524288 bytes, new threshold 1 (max 15)
 [PSYoungGen: 2138K->96K(2560K)] 5141K->3114K(7680K), 0.0005954 secs] [Times: user=0.00 sys=0.00, real=0.00 secs] 
2017-07-06T17:24:00.370+0900: 9.832: [GC
Desired survivor size 524288 bytes, new threshold 1 (max 15)
 [PSYoungGen: 2144K->96K(2560K)] 5162K->3130K(7680K), 0.0005890 secs] [Times: user=0.00 sys=0.00, real=0.00 secs] 
2017-07-06T17:24:00.394+0900: 9.856: [GC
Desired survivor size 524288 bytes, new threshold 1 (max 15)
 [PSYoungGen: 2131K->64K(2560K)] 5165K->3106K(7680K), 0.0017267 secs] [Times: user=0.00 sys=0.00, real=0.00 secs] 
2017-07-06T17:24:00.416+0900: 9.878: [GC
Desired survivor size 524288 bytes, new threshold 1 (max 15)
 [PSYoungGen: 2106K->96K(2560K)] 5149K->3154K(7680K), 0.0006442 secs] [Times: user=0.00 sys=0.00, real=0.00 secs] 
2017-07-06T17:24:00.437+0900: 9.899: [GC
Desired survivor size 524288 bytes, new threshold 1 (max 15)
 [PSYoungGen: 2144K->96K(2560K)] 5202K->3170K(7680K), 0.0005988 secs] [Times: user=0.00 sys=0.00, real=0.00 secs] 
2017-07-06T17:24:00.457+0900: 9.919: [GC
Desired survivor size 524288 bytes, new threshold 1 (max 15)
 [PSYoungGen: 2131K->96K(2560K)] 5205K->3186K(7680K), 0.0005933 secs] [Times: user=0.00 sys=0.00, real=0.00 secs] 
2017-07-06T17:24:00.478+0900: 9.940: [GC
Desired survivor size 524288 bytes, new threshold 1 (max 15)
 [PSYoungGen: 2139K->96K(2560K)] 5230K->3202K(7680K), 0.0006104 secs] [Times: user=0.00 sys=0.00, real=0.00 secs] 
2017-07-06T17:24:00.498+0900: 9.960: [GC
Desired survivor size 524288 bytes, new threshold 1 (max 15)
 [PSYoungGen: 2133K->249K(2560K)] 5239K->3364K(7680K), 0.0519664 secs] [Times: user=0.06 sys=0.00, real=0.05 secs] 
2017-07-06T17:24:00.579+0900: 10.041: [GC
Desired survivor size 524288 bytes, new threshold 1 (max 15)
 [PSYoungGen: 2291K->96K(2560K)] 5406K->3412K(7680K), 0.0009969 secs] [Times: user=0.00 sys=0.00, real=0.00 secs] 
2017-07-06T17:24:00.600+0900: 10.062: [GC
Desired survivor size 524288 bytes, new threshold 1 (max 15)
 [PSYoungGen: 2128K->96K(2560K)] 5444K->3428K(7680K), 0.0006489 secs] [Times: user=0.00 sys=0.00, real=0.00 secs] 
2017-07-06T17:24:00.621+0900: 10.083: [GC
Desired survivor size 524288 bytes, new threshold 1 (max 15)
 [PSYoungGen: 2139K->96K(2560K)] 5471K->3444K(7680K), 0.0006468 secs] [Times: user=0.00 sys=0.00, real=0.00 secs] 
2017-07-06T17:24:00.642+0900: 10.104: [GC
Desired survivor size 524288 bytes, new threshold 1 (max 15)
 [PSYoungGen: 2128K->64K(2560K)] 5476K->3420K(7680K), 0.0010029 secs] [Times: user=0.00 sys=0.00, real=0.00 secs] 
2017-07-06T17:24:00.663+0900: 10.125: [GC
Desired survivor size 524288 bytes, new threshold 1 (max 15)
 [PSYoungGen: 2106K->96K(2560K)] 5462K->3468K(7680K), 0.0006425 secs] [Times: user=0.00 sys=0.00, real=0.00 secs] 
2017-07-06T17:24:00.684+0900: 10.146: [GC
Desired survivor size 524288 bytes, new threshold 1 (max 15)
 [PSYoungGen: 2144K->96K(2560K)] 5516K->3484K(7680K), 0.0006335 secs] [Times: user=0.00 sys=0.00, real=0.00 secs] 
2017-07-06T17:24:00.704+0900: 10.167: [GC
Desired survivor size 524288 bytes, new threshold 1 (max 15)
 [PSYoungGen: 2130K->96K(2560K)] 5518K->3492K(7680K), 0.0006262 secs] [Times: user=0.00 sys=0.00, real=0.00 secs] 
2017-07-06T17:24:00.725+0900: 10.187: [GC
Desired survivor size 524288 bytes, new threshold 1 (max 15)
 [PSYoungGen: 2137K->96K(2560K)] 5534K->3508K(7680K), 0.0006519 secs] [Times: user=0.00 sys=0.00, real=0.00 secs] 
2017-07-06T17:24:00.746+0900: 10.208: [GC
Desired survivor size 524288 bytes, new threshold 1 (max 15)
 [PSYoungGen: 2129K->64K(2560K)] 5542K->3484K(7680K), 0.0087864 secs] [Times: user=0.02 sys=0.00, real=0.01 secs] 
2017-07-06T17:24:00.779+0900: 10.242: [GC
Desired survivor size 524288 bytes, new threshold 1 (max 15)
 [PSYoungGen: 2106K->96K(2560K)] 5526K->3532K(7680K), 0.0006750 secs] [Times: user=0.00 sys=0.00, real=0.00 secs] 
2017-07-06T17:24:00.800+0900: 10.262: [GC
Desired survivor size 524288 bytes, new threshold 1 (max 15)
 [PSYoungGen: 2144K->96K(2560K)] 5580K->3548K(7680K), 0.0006656 secs] [Times: user=0.00 sys=0.00, real=0.00 secs] 
2017-07-06T17:24:00.821+0900: 10.283: [GC
Desired survivor size 524288 bytes, new threshold 1 (max 15)
 [PSYoungGen: 2144K->96K(2560K)] 5596K->3564K(7680K), 0.0006361 secs] [Times: user=0.00 sys=0.00, real=0.00 secs] 
2017-07-06T17:24:00.841+0900: 10.303: [GC
Desired survivor size 524288 bytes, new threshold 1 (max 15)
 [PSYoungGen: 2130K->96K(2560K)] 5598K->3572K(7680K), 0.0006232 secs] [Times: user=0.00 sys=0.00, real=0.00 secs] 
2017-07-06T17:24:00.864+0900: 10.326: [GC
Desired survivor size 524288 bytes, new threshold 1 (max 15)
 [PSYoungGen: 2138K->64K(2560K)] 5614K->3548K(7680K), 0.0009203 secs] [Times: user=0.00 sys=0.00, real=0.00 secs] 
2017-07-06T17:24:00.888+0900: 10.350: [GC
Desired survivor size 524288 bytes, new threshold 1 (max 15)
 [PSYoungGen: 2112K->96K(2560K)] 5596K->3596K(7680K), 0.0006695 secs] [Times: user=0.00 sys=0.00, real=0.00 secs] 
2017-07-06T17:24:00.909+0900: 10.371: [GC
Desired survivor size 524288 bytes, new threshold 1 (max 15)
 [PSYoungGen: 2130K->96K(2560K)] 5630K->3612K(7680K), 0.0006536 secs] [Times: user=0.00 sys=0.00, real=0.00 secs] 
2017-07-06T17:24:00.930+0900: 10.392: [GC
Desired survivor size 524288 bytes, new threshold 1 (max 15)
 [PSYoungGen: 2138K->96K(2560K)] 5655K->3628K(7680K), 0.0006322 secs] [Times: user=0.00 sys=0.00, real=0.00 secs] 
2017-07-06T17:24:00.950+0900: 10.412: [GC
Desired survivor size 524288 bytes, new threshold 1 (max 15)
 [PSYoungGen: 2144K->96K(2560K)] 5676K->3644K(7680K), 0.0006382 secs] [Times: user=0.00 sys=0.00, real=0.00 secs] 
2017-07-06T17:24:00.972+0900: 10.434: [GC
Desired survivor size 524288 bytes, new threshold 1 (max 15)
 [PSYoungGen: 2131K->64K(2560K)] 5679K->3620K(7680K), 0.0027236 secs] [Times: user=0.00 sys=0.00, real=0.00 secs] 
2017-07-06T17:24:00.997+0900: 10.459: [GC
Desired survivor size 524288 bytes, new threshold 1 (max 15)
 [PSYoungGen: 2106K->96K(2560K)] 5663K->3668K(7680K), 0.0006699 secs] [Times: user=0.00 sys=0.00, real=0.00 secs] 
2017-07-06T17:24:01.017+0900: 10.480: [GC
Desired survivor size 524288 bytes, new threshold 1 (max 15)
 [PSYoungGen: 2144K->96K(2560K)] 5716K->3684K(7680K), 0.0006433 secs] [Times: user=0.03 sys=0.00, real=0.00 secs] 
2017-07-06T17:24:01.038+0900: 10.500: [GC
Desired survivor size 524288 bytes, new threshold 1 (max 15)
 [PSYoungGen: 2131K->96K(2560K)] 5719K->3692K(7680K), 0.0006421 secs] [Times: user=0.00 sys=0.00, real=0.00 secs] 
2017-07-06T17:24:01.059+0900: 10.521: [GC
Desired survivor size 524288 bytes, new threshold 1 (max 15)
 [PSYoungGen: 2139K->96K(2560K)] 5735K->3708K(7680K), 0.0006348 secs] [Times: user=0.00 sys=0.00, real=0.00 secs] 
2017-07-06T17:24:01.082+0900: 10.544: [GC
Desired survivor size 524288 bytes, new threshold 1 (max 15)
 [PSYoungGen: 2128K->64K(2560K)] 5740K->3684K(7680K), 0.0029655 secs] [Times: user=0.00 sys=0.00, real=0.00 secs] 
2017-07-06T17:24:01.106+0900: 10.568: [GC
Desired survivor size 524288 bytes, new threshold 1 (max 15)
 [PSYoungGen: 2106K->96K(2560K)] 5726K->3732K(7680K), 0.0006643 secs] [Times: user=0.00 sys=0.00, real=0.00 secs] 
2017-07-06T17:24:01.127+0900: 10.589: [GC
Desired survivor size 524288 bytes, new threshold 1 (max 15)
 [PSYoungGen: 2144K->96K(2560K)] 5780K->3748K(7680K), 0.0006468 secs] [Times: user=0.00 sys=0.00, real=0.00 secs] 
2017-07-06T17:24:01.147+0900: 10.609: [GC
Desired survivor size 524288 bytes, new threshold 1 (max 15)
 [PSYoungGen: 2130K->96K(2560K)] 5782K->3764K(7680K), 0.0006267 secs] [Times: user=0.00 sys=0.00, real=0.00 secs] 
2017-07-06T17:24:01.168+0900: 10.630: [GC
Desired survivor size 524288 bytes, new threshold 1 (max 15)
 [PSYoungGen: 2138K->96K(2560K)] 5807K->3780K(7680K), 0.0006237 secs] [Times: user=0.00 sys=0.00, real=0.00 secs] 
2017-07-06T17:24:01.192+0900: 10.654: [GC
Desired survivor size 524288 bytes, new threshold 1 (max 15)
 [PSYoungGen: 2144K->96K(2560K)] 5828K->3796K(7680K), 0.0006725 secs] [Times: user=0.00 sys=0.00, real=0.00 secs] 
2017-07-06T17:24:01.213+0900: 10.675: [GC
Desired survivor size 524288 bytes, new threshold 1 (max 15)
 [PSYoungGen: 2131K->96K(2560K)] 5831K->3804K(7680K), 0.0006690 secs] [Times: user=0.00 sys=0.00, real=0.00 secs] 
2017-07-06T17:24:01.234+0900: 10.696: [GC
Desired survivor size 524288 bytes, new threshold 1 (max 15)
 [PSYoungGen: 2139K->96K(2560K)] 5847K->3820K(7680K), 0.0006429 secs] [Times: user=0.00 sys=0.00, real=0.00 secs] 
2017-07-06T17:24:01.254+0900: 10.716: [GC
Desired survivor size 524288 bytes, new threshold 1 (max 15)
 [PSYoungGen: 2128K->96K(2560K)] 5852K->3836K(7680K), 0.0006408 secs] [Times: user=0.00 sys=0.00, real=0.00 secs] 
2017-07-06T17:24:01.275+0900: 10.737: [GC
Desired survivor size 524288 bytes, new threshold 1 (max 15)
 [PSYoungGen: 2138K->64K(2560K)] 5878K->3812K(7680K), 0.0009447 secs] [Times: user=0.00 sys=0.00, real=0.00 secs] 
2017-07-06T17:24:01.300+0900: 10.762: [GC
Desired survivor size 524288 bytes, new threshold 1 (max 15)
 [PSYoungGen: 2112K->96K(2560K)] 5860K->3860K(7680K), 0.0006746 secs] [Times: user=0.00 sys=0.00, real=0.00 secs] 
2017-07-06T17:24:01.321+0900: 10.783: [GC
Desired survivor size 524288 bytes, new threshold 1 (max 15)
 [PSYoungGen: 2130K->96K(2560K)] 5894K->3868K(7680K), 0.0006656 secs] [Times: user=0.00 sys=0.00, real=0.00 secs] 
2017-07-06T17:24:01.342+0900: 10.804: [GC
Desired survivor size 524288 bytes, new threshold 1 (max 15)
 [PSYoungGen: 2138K->96K(2560K)] 5911K->3884K(7680K), 0.0006553 secs] [Times: user=0.00 sys=0.00, real=0.00 secs] 
2017-07-06T17:24:01.362+0900: 10.824: [GC
Desired survivor size 524288 bytes, new threshold 1 (max 15)
 [PSYoungGen: 2144K->96K(2560K)] 5932K->3900K(7680K), 0.0006386 secs] [Times: user=0.00 sys=0.00, real=0.00 secs] 
2017-07-06T17:24:01.384+0900: 10.847: [GC
Desired survivor size 524288 bytes, new threshold 1 (max 15)
 [PSYoungGen: 2131K->64K(2560K)] 5935K->3876K(7680K), 0.0095552 secs] [Times: user=0.02 sys=0.00, real=0.01 secs] 
2017-07-06T17:24:01.416+0900: 10.878: [GC
Desired survivor size 524288 bytes, new threshold 1 (max 15)
 [PSYoungGen: 2107K->96K(2560K)] 5919K->3924K(7680K), 0.0006763 secs] [Times: user=0.00 sys=0.00, real=0.00 secs] 
2017-07-06T17:24:01.437+0900: 10.899: [GC
Desired survivor size 524288 bytes, new threshold 1 (max 15)
 [PSYoungGen: 2128K->96K(2560K)] 5956K->3940K(7680K), 0.0006476 secs] [Times: user=0.00 sys=0.00, real=0.00 secs] 
2017-07-06T17:24:01.457+0900: 10.920: [GC
Desired survivor size 524288 bytes, new threshold 1 (max 15)
 [PSYoungGen: 2138K->96K(2560K)] 5982K->3956K(7680K), 0.0006429 secs] [Times: user=0.00 sys=0.00, real=0.00 secs] 
2017-07-06T17:24:01.478+0900: 10.941: [GC
Desired survivor size 524288 bytes, new threshold 1 (max 15)
 [PSYoungGen: 2144K->64K(2560K)] 6004K->3932K(7680K), 0.0009952 secs] [Times: user=0.00 sys=0.00, real=0.00 secs] 
2017-07-06T17:24:01.504+0900: 10.966: [GC
Desired survivor size 524288 bytes, new threshold 1 (max 15)
 [PSYoungGen: 2098K->96K(2560K)] 5966K->3980K(7680K), 0.0006742 secs] [Times: user=0.00 sys=0.00, real=0.00 secs] 
2017-07-06T17:24:01.524+0900: 10.986: [GC
Desired survivor size 524288 bytes, new threshold 1 (max 15)
 [PSYoungGen: 2138K->96K(2560K)] 6023K->3996K(7680K), 0.0006639 secs] [Times: user=0.00 sys=0.00, real=0.00 secs] 
2017-07-06T17:24:01.545+0900: 11.007: [GC
Desired survivor size 524288 bytes, new threshold 1 (max 15)
 [PSYoungGen: 2144K->96K(2560K)] 6044K->4012K(7680K), 0.0006395 secs] [Times: user=0.00 sys=0.00, real=0.00 secs] 
2017-07-06T17:24:01.570+0900: 11.032: [GC
Desired survivor size 524288 bytes, new threshold 1 (max 15)
 [PSYoungGen: 2131K->96K(2560K)] 6047K->4028K(7680K), 0.0006725 secs] [Times: user=0.00 sys=0.00, real=0.00 secs] 
2017-07-06T17:24:01.590+0900: 11.053: [GC
Desired survivor size 524288 bytes, new threshold 1 (max 15)
 [PSYoungGen: 2139K->96K(2560K)] 6071K->4044K(7680K), 0.0006570 secs] [Times: user=0.00 sys=0.00, real=0.00 secs] 
2017-07-06T17:24:01.611+0900: 11.073: [GC
Desired survivor size 524288 bytes, new threshold 1 (max 15)
 [PSYoungGen: 2128K->96K(2560K)] 6076K->4060K(7680K), 0.0006502 secs] [Times: user=0.00 sys=0.00, real=0.00 secs] 
2017-07-06T17:24:01.632+0900: 11.094: [GC
Desired survivor size 524288 bytes, new threshold 1 (max 15)
 [PSYoungGen: 2138K->96K(2560K)] 6102K->4076K(7680K), 0.0006356 secs] [Times: user=0.00 sys=0.00, real=0.00 secs] 
2017-07-06T17:24:01.653+0900: 11.115: [GC
Desired survivor size 524288 bytes, new threshold 1 (max 15)
 [PSYoungGen: 2144K->64K(2560K)] 6124K->4052K(7680K), 0.0027142 secs] [Times: user=0.00 sys=0.00, real=0.00 secs] 
2017-07-06T17:24:01.678+0900: 11.140: [GC
Desired survivor size 524288 bytes, new threshold 1 (max 15)
 [PSYoungGen: 2098K->64K(2560K)] 6086K->4060K(7680K), 0.0010068 secs] [Times: user=0.00 sys=0.00, real=0.00 secs] 
2017-07-06T17:24:01.699+0900: 11.161: [GC
Desired survivor size 524288 bytes, new threshold 1 (max 15)
 [PSYoungGen: 2106K->96K(2560K)] 6103K->4100K(7680K), 0.0006549 secs] [Times: user=0.00 sys=0.00, real=0.00 secs] 
2017-07-06T17:24:01.719+0900: 11.181: [GC
Desired survivor size 524288 bytes, new threshold 1 (max 15)
 [PSYoungGen: 2144K->96K(2560K)] 6148K->4116K(7680K), 0.0006344 secs] [Times: user=0.02 sys=0.00, real=0.00 secs] 
2017-07-06T17:24:01.740+0900: 11.202: [GC
Desired survivor size 524288 bytes, new threshold 1 (max 15)
 [PSYoungGen: 2131K->96K(2560K)] 6151K->4132K(7680K), 0.0006335 secs] [Times: user=0.00 sys=0.00, real=0.00 secs] 
2017-07-06T17:24:01.761+0900: 11.223: [GC
Desired survivor size 524288 bytes, new threshold 1 (max 15)
 [PSYoungGen: 2139K->64K(2560K)] 6175K->4108K(7680K), 0.0030849 secs] [Times: user=0.00 sys=0.00, real=0.00 secs] 
2017-07-06T17:24:01.786+0900: 11.248: [GC
Desired survivor size 524288 bytes, new threshold 1 (max 15)
 [PSYoungGen: 2096K->96K(2560K)] 6140K->4156K(7680K), 0.0006759 secs] [Times: user=0.00 sys=0.00, real=0.00 secs] 
2017-07-06T17:24:01.807+0900: 11.269: [GC
Desired survivor size 524288 bytes, new threshold 1 (max 15)
 [PSYoungGen: 2138K->96K(2560K)] 6198K->4172K(7680K), 0.0006472 secs] [Times: user=0.00 sys=0.00, real=0.00 secs] 
2017-07-06T17:24:01.829+0900: 11.291: [GC
Desired survivor size 524288 bytes, new threshold 1 (max 15)
 [PSYoungGen: 2144K->96K(2560K)] 6220K->4188K(7680K), 0.0006716 secs] [Times: user=0.00 sys=0.00, real=0.00 secs] 
2017-07-06T17:24:01.849+0900: 11.311: [GC
Desired survivor size 524288 bytes, new threshold 1 (max 15)
 [PSYoungGen: 2130K->96K(2560K)] 6222K->4196K(7680K), 0.0006326 secs] [Times: user=0.00 sys=0.00, real=0.00 secs] 
2017-07-06T17:24:01.871+0900: 11.333: [GC
Desired survivor size 524288 bytes, new threshold 1 (max 15)
 [PSYoungGen: 2138K->64K(2560K)] 6239K->4172K(7680K), 0.0068517 secs] [Times: user=0.02 sys=0.00, real=0.01 secs] 
2017-07-06T17:24:01.898+0900: 11.360: [GC
Desired survivor size 524288 bytes, new threshold 1 (max 15)
 [PSYoungGen: 2112K->96K(2560K)] 6220K->4220K(7680K), 0.0006630 secs] [Times: user=0.00 sys=0.00, real=0.00 secs] 
2017-07-06T17:24:01.919+0900: 11.381: [GC
Desired survivor size 524288 bytes, new threshold 1 (max 15)
 [PSYoungGen: 2131K->96K(2560K)] 6255K->4236K(7680K), 0.0006378 secs] [Times: user=0.00 sys=0.00, real=0.00 secs] 
2017-07-06T17:24:01.939+0900: 11.401: [GC
Desired survivor size 524288 bytes, new threshold 1 (max 15)
 [PSYoungGen: 2139K->96K(2560K)] 6279K->4252K(7680K), 0.0006502 secs] [Times: user=0.00 sys=0.00, real=0.00 secs] 
2017-07-06T17:24:01.959+0900: 11.422: [GC
Desired survivor size 524288 bytes, new threshold 1 (max 15)
 [PSYoungGen: 2128K->96K(2560K)] 6284K->4268K(7680K), 0.0006301 secs] [Times: user=0.00 sys=0.00, real=0.00 secs] 
2017-07-06T17:24:01.983+0900: 11.446: [GC
Desired survivor size 524288 bytes, new threshold 1 (max 15)
 [PSYoungGen: 2138K->64K(2560K)] 6310K->4244K(7680K), 0.0010089 secs] [Times: user=0.02 sys=0.00, real=0.00 secs] 
2017-07-06T17:24:02.005+0900: 11.467: [GC
Desired survivor size 524288 bytes, new threshold 1 (max 15)
 [PSYoungGen: 2112K->96K(2560K)] 6292K->4292K(7680K), 0.0006729 secs] [Times: user=0.00 sys=0.00, real=0.00 secs] 
2017-07-06T17:24:02.026+0900: 11.488: [GC
Desired survivor size 524288 bytes, new threshold 1 (max 15)
 [PSYoungGen: 2130K->96K(2560K)] 6326K->4300K(7680K), 0.0006416 secs] [Times: user=0.00 sys=0.00, real=0.00 secs] 
2017-07-06T17:24:02.047+0900: 11.509: [GC
Desired survivor size 524288 bytes, new threshold 1 (max 15)
 [PSYoungGen: 2138K->96K(2560K)] 6343K->4316K(7680K), 0.0006575 secs] [Times: user=0.00 sys=0.00, real=0.00 secs] 
2017-07-06T17:24:02.067+0900: 11.530: [GC
Desired survivor size 524288 bytes, new threshold 1 (max 15)
 [PSYoungGen: 2144K->96K(2560K)] 6364K->4332K(7680K), 0.0006605 secs] [Times: user=0.00 sys=0.00, real=0.00 secs] 
2017-07-06T17:24:02.090+0900: 11.552: [GC
Desired survivor size 524288 bytes, new threshold 1 (max 15)
 [PSYoungGen: 2131K->64K(2560K)] 6367K->4308K(7680K), 0.0022823 secs] [Times: user=0.00 sys=0.00, real=0.00 secs] 
2017-07-06T17:24:02.113+0900: 11.575: [GC
Desired survivor size 524288 bytes, new threshold 1 (max 15)
 [PSYoungGen: 2107K->96K(2560K)] 6351K->4356K(7680K), 0.0006532 secs] [Times: user=0.00 sys=0.00, real=0.00 secs] 
2017-07-06T17:24:02.133+0900: 11.595: [GC
Desired survivor size 524288 bytes, new threshold 1 (max 15)
 [PSYoungGen: 2128K->96K(2560K)] 6388K->4372K(7680K), 0.0006365 secs] [Times: user=0.00 sys=0.00, real=0.00 secs] 
2017-07-06T17:24:02.154+0900: 11.616: [GC
Desired survivor size 524288 bytes, new threshold 1 (max 15)
 [PSYoungGen: 2138K->96K(2560K)] 6414K->4388K(7680K), 0.0006296 secs] [Times: user=0.00 sys=0.00, real=0.00 secs] 
2017-07-06T17:24:02.174+0900: 11.636: [GC
Desired survivor size 524288 bytes, new threshold 1 (max 15)
 [PSYoungGen: 2144K->96K(2560K)] 6436K->4404K(7680K), 0.0006416 secs] [Times: user=0.00 sys=0.00, real=0.00 secs] 
2017-07-06T17:24:02.196+0900: 11.658: [GC
Desired survivor size 524288 bytes, new threshold 1 (max 15)
 [PSYoungGen: 2130K->64K(2560K)] 6438K->4380K(7680K), 0.0149288 secs] [Times: user=0.01 sys=0.00, real=0.01 secs] 
2017-07-06T17:24:02.231+0900: 11.693: [GC
Desired survivor size 524288 bytes, new threshold 1 (max 15)
 [PSYoungGen: 2106K->96K(2560K)] 6423K->4428K(7680K), 0.0006725 secs] [Times: user=0.00 sys=0.00, real=0.00 secs] 
2017-07-06T17:24:02.252+0900: 11.714: [GC
Desired survivor size 524288 bytes, new threshold 1 (max 15)
 [PSYoungGen: 2144K->96K(2560K)] 6476K->4444K(7680K), 0.0006416 secs] [Times: user=0.00 sys=0.00, real=0.00 secs] 
2017-07-06T17:24:02.272+0900: 11.735: [GC
Desired survivor size 524288 bytes, new threshold 1 (max 15)
 [PSYoungGen: 2131K->96K(2560K)] 6479K->4452K(7680K), 0.0006288 secs] [Times: user=0.00 sys=0.00, real=0.00 secs] 
2017-07-06T17:24:02.293+0900: 11.755: [GC
Desired survivor size 524288 bytes, new threshold 1 (max 15)
 [PSYoungGen: 2139K->96K(2560K)] 6495K->4468K(7680K), 0.0006271 secs] [Times: user=0.00 sys=0.00, real=0.00 secs] 
2017-07-06T17:24:02.318+0900: 11.780: [GC
Desired survivor size 524288 bytes, new threshold 1 (max 15)
 [PSYoungGen: 2128K->64K(2560K)] 6500K->4444K(7680K), 0.0024775 secs] [Times: user=0.00 sys=0.00, real=0.00 secs] 
2017-07-06T17:24:02.341+0900: 11.804: [GC
Desired survivor size 524288 bytes, new threshold 1 (max 15)
 [PSYoungGen: 2106K->96K(2560K)] 6486K->4492K(7680K), 0.0006712 secs] [Times: user=0.00 sys=0.00, real=0.00 secs] 
2017-07-06T17:24:02.362+0900: 11.824: [GC
Desired survivor size 524288 bytes, new threshold 1 (max 15)
 [PSYoungGen: 2144K->96K(2560K)] 6540K->4508K(7680K), 0.0006528 secs] [Times: user=0.00 sys=0.00, real=0.00 secs] 
2017-07-06T17:24:02.382+0900: 11.845: [GC
Desired survivor size 524288 bytes, new threshold 1 (max 15)
 [PSYoungGen: 2130K->96K(2560K)] 6542K->4524K(7680K), 0.0006421 secs] [Times: user=0.00 sys=0.00, real=0.00 secs] 
2017-07-06T17:24:02.404+0900: 11.866: [GC
Desired survivor size 524288 bytes, new threshold 1 (max 15)
 [PSYoungGen: 2138K->64K(2560K)] 6567K->4500K(7680K), 0.0015679 secs] [Times: user=0.02 sys=0.00, real=0.00 secs] 
2017-07-06T17:24:02.426+0900: 11.888: [GC
Desired survivor size 524288 bytes, new threshold 1 (max 15)
 [PSYoungGen: 2112K->96K(2560K)] 6548K->4548K(7680K), 0.0006656 secs] [Times: user=0.00 sys=0.00, real=0.00 secs] 
2017-07-06T17:24:02.447+0900: 11.909: [GC
Desired survivor size 524288 bytes, new threshold 1 (max 15)
 [PSYoungGen: 2131K->96K(2560K)] 6583K->4556K(7680K), 0.0006459 secs] [Times: user=0.00 sys=0.00, real=0.00 secs] 
2017-07-06T17:24:02.468+0900: 11.930: [GC
Desired survivor size 524288 bytes, new threshold 1 (max 15)
 [PSYoungGen: 2139K->96K(2560K)] 6599K->4572K(7680K), 0.0006326 secs] [Times: user=0.00 sys=0.00, real=0.00 secs] 
2017-07-06T17:24:02.488+0900: 11.950: [GC
Desired survivor size 524288 bytes, new threshold 1 (max 15)
 [PSYoungGen: 2128K->96K(2560K)] 6604K->4588K(7680K), 0.0006254 secs] [Times: user=0.00 sys=0.00, real=0.00 secs] 
2017-07-06T17:24:02.510+0900: 11.972: [GC
Desired survivor size 524288 bytes, new threshold 1 (max 15)
 [PSYoungGen: 2138K->64K(2560K)] 6630K->4564K(7680K), 0.0015191 secs] [Times: user=0.00 sys=0.00, real=0.00 secs] 
2017-07-06T17:24:02.538+0900: 12.000: [GC
Desired survivor size 524288 bytes, new threshold 1 (max 15)
 [PSYoungGen: 2112K->96K(2560K)] 6612K->4612K(7680K), 0.0006870 secs] [Times: user=0.00 sys=0.00, real=0.00 secs] 
2017-07-06T17:24:02.559+0900: 12.021: [GC
Desired survivor size 524288 bytes, new threshold 1 (max 15)
 [PSYoungGen: 2130K->96K(2560K)] 6646K->4628K(7680K), 0.0006498 secs] [Times: user=0.00 sys=0.00, real=0.00 secs] 
2017-07-06T17:24:02.580+0900: 12.042: [GC
Desired survivor size 524288 bytes, new threshold 1 (max 15)
 [PSYoungGen: 2138K->96K(2560K)] 6671K->4644K(7680K), 0.0006639 secs] [Times: user=0.00 sys=0.00, real=0.00 secs] 
2017-07-06T17:24:02.600+0900: 12.062: [GC
Desired survivor size 524288 bytes, new threshold 1 (max 15)
 [PSYoungGen: 2144K->96K(2560K)] 6692K->4660K(7680K), 0.0006549 secs] [Times: user=0.00 sys=0.00, real=0.00 secs] 
2017-07-06T17:24:02.622+0900: 12.084: [GC
Desired survivor size 524288 bytes, new threshold 1 (max 15)
 [PSYoungGen: 2131K->64K(2560K)] 6695K->4636K(7680K), 0.0143201 secs] [Times: user=0.01 sys=0.00, real=0.01 secs] 
2017-07-06T17:24:02.657+0900: 12.119: [GC
Desired survivor size 524288 bytes, new threshold 1 (max 15)
 [PSYoungGen: 2107K->96K(2560K)] 6679K->4684K(7680K), 0.0006814 secs] [Times: user=0.00 sys=0.00, real=0.00 secs] 
2017-07-06T17:24:02.678+0900: 12.140: [GC
Desired survivor size 524288 bytes, new threshold 1 (max 15)
 [PSYoungGen: 2128K->96K(2560K)] 6716K->4700K(7680K), 0.0006600 secs] [Times: user=0.00 sys=0.00, real=0.00 secs] 
2017-07-06T17:24:02.698+0900: 12.160: [GC
Desired survivor size 524288 bytes, new threshold 1 (max 15)
 [PSYoungGen: 2138K->96K(2560K)] 6742K->4716K(7680K), 0.0006609 secs] [Times: user=0.00 sys=0.00, real=0.00 secs] 
2017-07-06T17:24:02.719+0900: 12.181: [GC
Desired survivor size 524288 bytes, new threshold 1 (max 15)
 [PSYoungGen: 2144K->64K(2560K)] 6764K->4692K(7680K), 0.0150731 secs] [Times: user=0.00 sys=0.00, real=0.01 secs] 
2017-07-06T17:24:02.754+0900: 12.217: [GC
Desired survivor size 524288 bytes, new threshold 1 (max 15)
 [PSYoungGen: 2098K->96K(2560K)] 6726K->4732K(7680K), 0.0006733 secs] [Times: user=0.00 sys=0.00, real=0.00 secs] 
2017-07-06T17:24:02.775+0900: 12.238: [GC
Desired survivor size 524288 bytes, new threshold 1 (max 15)
 [PSYoungGen: 2138K->96K(2560K)] 6775K->4748K(7680K), 0.0006511 secs] [Times: user=0.00 sys=0.00, real=0.00 secs] 
2017-07-06T17:24:02.796+0900: 12.258: [GC
Desired survivor size 524288 bytes, new threshold 1 (max 15)
 [PSYoungGen: 2144K->96K(2560K)] 6796K->4764K(7680K), 0.0006549 secs] [Times: user=0.00 sys=0.00, real=0.00 secs] 
2017-07-06T17:24:02.816+0900: 12.279: [GC
Desired survivor size 524288 bytes, new threshold 1 (max 15)
 [PSYoungGen: 2131K->96K(2560K)] 6799K->4780K(7680K), 0.0006344 secs] [Times: user=0.00 sys=0.00, real=0.00 secs] 
2017-07-06T17:24:02.838+0900: 12.300: [GC
Desired survivor size 524288 bytes, new threshold 1 (max 15)
 [PSYoungGen: 2139K->64K(2560K)] 6823K->4756K(7680K), 0.0023654 secs] [Times: user=0.00 sys=0.00, real=0.00 secs] 
2017-07-06T17:24:02.860+0900: 12.323: [GC
Desired survivor size 524288 bytes, new threshold 1 (max 15)
 [PSYoungGen: 2096K->64K(2560K)] 6788K->4764K(7680K), 0.0009627 secs] [Times: user=0.00 sys=0.00, real=0.00 secs] 
2017-07-06T17:24:02.883+0900: 12.345: [GC
Desired survivor size 524288 bytes, new threshold 1 (max 15)
 [PSYoungGen: 2106K->64K(2560K)] 6806K->4772K(7680K), 0.0008732 secs] [Times: user=0.00 sys=0.00, real=0.00 secs] 
2017-07-06T17:24:02.905+0900: 12.367: [GC
Desired survivor size 524288 bytes, new threshold 1 (max 15)
 [PSYoungGen: 2112K->96K(2560K)] 6820K->4820K(7680K), 0.0006695 secs] [Times: user=0.00 sys=0.00, real=0.00 secs] 
2017-07-06T17:24:02.925+0900: 12.387: [GC
Desired survivor size 524288 bytes, new threshold 1 (max 15)
 [PSYoungGen: 2144K->96K(2560K)] 6868K->4836K(7680K), 0.0006459 secs] [Times: user=0.00 sys=0.00, real=0.00 secs] 
2017-07-06T17:24:02.947+0900: 12.409: [GC
Desired survivor size 524288 bytes, new threshold 1 (max 15)
 [PSYoungGen: 2144K->64K(2560K)] 6884K->4812K(7680K), 0.0148102 secs] [Times: user=0.02 sys=0.00, real=0.01 secs] 
2017-07-06T17:24:02.982+0900: 12.445: [GC
Desired survivor size 524288 bytes, new threshold 1 (max 15)
 [PSYoungGen: 2112K->96K(2560K)] 6860K->4860K(7680K), 0.0006729 secs] [Times: user=0.03 sys=0.00, real=0.00 secs] 
2017-07-06T17:24:03.002+0900: 12.465: [GC
Desired survivor size 524288 bytes, new threshold 1 (max 15)
 [PSYoungGen: 2144K->96K(2560K)] 6908K->4876K(7680K), 0.0006399 secs] [Times: user=0.00 sys=0.00, real=0.00 secs] 
2017-07-06T17:24:03.023+0900: 12.485: [GC
Desired survivor size 524288 bytes, new threshold 1 (max 15)
 [PSYoungGen: 2144K->96K(2560K)] 6924K->4892K(7680K), 0.0006348 secs] [Times: user=0.00 sys=0.00, real=0.00 secs] 
2017-07-06T17:24:03.043+0900: 12.505: [GC
Desired survivor size 524288 bytes, new threshold 1 (max 15)
 [PSYoungGen: 2144K->96K(2560K)] 6940K->4908K(7680K), 0.0006275 secs] [Times: user=0.00 sys=0.00, real=0.00 secs] 
2017-07-06T17:24:03.064+0900: 12.526: [GC
Desired survivor size 524288 bytes, new threshold 1 (max 15)
 [PSYoungGen: 2144K->64K(2560K)] 6956K->4884K(7680K), 0.0133994 secs] [Times: user=0.02 sys=0.00, real=0.01 secs] 
2017-07-06T17:24:03.100+0900: 12.562: [GC
Desired survivor size 524288 bytes, new threshold 1 (max 15)
 [PSYoungGen: 2112K->96K(2560K)] 6932K->4932K(7680K), 0.0006763 secs] [Times: user=0.00 sys=0.00, real=0.00 secs] 
2017-07-06T17:24:03.121+0900: 12.583: [GC
Desired survivor size 524288 bytes, new threshold 1 (max 15)
 [PSYoungGen: 2144K->96K(2560K)] 6980K->4948K(7680K), 0.0006639 secs] [Times: user=0.00 sys=0.00, real=0.00 secs] 
2017-07-06T17:24:03.141+0900: 12.603: [GC
Desired survivor size 524288 bytes, new threshold 1 (max 15)
 [PSYoungGen: 2144K->96K(2560K)] 6996K->4964K(7680K), 0.0006438 secs] [Times: user=0.00 sys=0.00, real=0.00 secs] 
2017-07-06T17:24:03.161+0900: 12.624: [GC
Desired survivor size 524288 bytes, new threshold 1 (max 15)
 [PSYoungGen: 2144K->96K(2560K)] 7012K->4980K(7680K), 0.0007046 secs] [Times: user=0.00 sys=0.00, real=0.00 secs] 
2017-07-06T17:24:03.185+0900: 12.647: [GC
Desired survivor size 524288 bytes, new threshold 1 (max 15)
 [PSYoungGen: 2144K->96K(2560K)] 7028K->4996K(7680K), 0.0013483 secs] [Times: user=0.03 sys=0.00, real=0.00 secs] 
2017-07-06T17:24:03.206+0900: 12.668: [GC
Desired survivor size 524288 bytes, new threshold 1 (max 15)
 [PSYoungGen: 2144K->96K(2560K)] 7044K->5012K(7680K), 0.0006630 secs] [Times: user=0.00 sys=0.00, real=0.00 secs] 
2017-07-06T17:24:03.226+0900: 12.689: [GC
Desired survivor size 524288 bytes, new threshold 1 (max 15)
 [PSYoungGen: 2144K->96K(2560K)] 7060K->5028K(7680K), 0.0006485 secs] [Times: user=0.00 sys=0.00, real=0.00 secs] 
2017-07-06T17:24:03.247+0900: 12.709: [GC
Desired survivor size 524288 bytes, new threshold 1 (max 15)
 [PSYoungGen: 2144K->96K(2560K)] 7076K->5044K(7680K), 0.0006374 secs] [Times: user=0.00 sys=0.00, real=0.00 secs] 
2017-07-06T17:24:03.267+0900: 12.729: [GC
Desired survivor size 524288 bytes, new threshold 1 (max 15)
 [PSYoungGen: 2144K->96K(2560K)] 7092K->5060K(7680K), 0.0006288 secs] [Times: user=0.00 sys=0.00, real=0.00 secs] 
2017-07-06T17:24:03.288+0900: 12.750: [GC
Desired survivor size 524288 bytes, new threshold 1 (max 15)
 [PSYoungGen: 2144K->64K(2560K)] 7108K->5036K(7680K), 0.0016137 secs] [Times: user=0.00 sys=0.00, real=0.00 secs] 
2017-07-06T17:24:03.315+0900: 12.777: [GC
Desired survivor size 524288 bytes, new threshold 1 (max 15)
 [PSYoungGen: 2112K->96K(2560K)] 7084K->5084K(7680K), 0.0007572 secs] [Times: user=0.00 sys=0.00, real=0.00 secs] 
2017-07-06T17:24:03.336+0900: 12.799: [GC
Desired survivor size 524288 bytes, new threshold 1 (max 15)
 [PSYoungGen: 2144K->96K(2560K)] 7132K->5100K(7680K), 0.0006665 secs] [Times: user=0.00 sys=0.00, real=0.00 secs] 
2017-07-06T17:24:03.357+0900: 12.819: [GC
Desired survivor size 524288 bytes, new threshold 1 (max 15)
 [PSYoungGen: 2144K->96K(2560K)] 7148K->5116K(7680K), 0.0006596 secs] [Times: user=0.00 sys=0.00, real=0.00 secs] 
2017-07-06T17:24:03.377+0900: 12.840: [GC
Desired survivor size 524288 bytes, new threshold 1 (max 15)
 [PSYoungGen: 2144K->96K(2560K)] 7164K->5132K(7680K), 0.0006532 secs] [Times: user=0.00 sys=0.00, real=0.00 secs] 
2017-07-06T17:24:03.398+0900: 12.861: [GC
Desired survivor size 524288 bytes, new threshold 1 (max 15)
 [PSYoungGen: 2144K->64K(2560K)] 7180K->5108K(7680K), 0.0026265 secs] [Times: user=0.00 sys=0.00, real=0.00 secs] 
2017-07-06T17:24:03.423+0900: 12.886: [GC
Desired survivor size 524288 bytes, new threshold 1 (max 15)
 [PSYoungGen: 2112K->96K(2560K)] 7156K->5156K(7680K), 0.0006763 secs] [Times: user=0.00 sys=0.00, real=0.00 secs] 
2017-07-06T17:24:03.444+0900: 12.906: [GC
Desired survivor size 524288 bytes, new threshold 1 (max 15)
 [PSYoungGen: 2144K->64K(2560K)] 7204K->5132K(7680K), 0.0008124 secs] [Times: user=0.00 sys=0.00, real=0.00 secs] 
2017-07-06T17:24:03.465+0900: 12.927: [GC
Desired survivor size 524288 bytes, new threshold 1 (max 15)
 [PSYoungGen: 2112K->96K(2560K)] 7180K->5180K(7680K), 0.0006386 secs] [Times: user=0.00 sys=0.00, real=0.00 secs] 
2017-07-06T17:24:03.485+0900: 12.947: [GC
Desired survivor size 524288 bytes, new threshold 1 (max 15)
 [PSYoungGen: 2144K->96K(2560K)] 7228K->5196K(7680K), 0.0006344 secs] [Times: user=0.00 sys=0.00, real=0.00 secs] 
2017-07-06T17:24:03.486+0900: 12.948: [Full GC [PSYoungGen: 96K->0K(2560K)] [ParOldGen: 5100K->3017K(5120K)] 5196K->3017K(7680K) [PSPermGen: 3312K->3312K(21504K)], 0.0343350 secs] [Times: user=0.05 sys=0.00, real=0.03 secs] 
2017-07-06T17:24:03.541+0900: 13.003: [GC
Desired survivor size 524288 bytes, new threshold 1 (max 15)
 [PSYoungGen: 2048K->96K(2560K)] 5065K->3113K(7680K), 0.0007114 secs] [Times: user=0.00 sys=0.00, real=0.00 secs] 
2017-07-06T17:24:03.561+0900: 13.024: [GC
Desired survivor size 524288 bytes, new threshold 1 (max 15)
 [PSYoungGen: 2144K->96K(2560K)] 5161K->3153K(7680K), 0.0006391 secs] [Times: user=0.00 sys=0.00, real=0.00 secs] 
2017-07-06T17:24:03.582+0900: 13.044: [GC
Desired survivor size 524288 bytes, new threshold 1 (max 15)
 [PSYoungGen: 2144K->96K(2560K)] 5201K->3161K(7680K), 0.0006147 secs] [Times: user=0.00 sys=0.00, real=0.00 secs] 
2017-07-06T17:24:03.602+0900: 13.064: [GC
Desired survivor size 524288 bytes, new threshold 1 (max 15)
 [PSYoungGen: 2144K->96K(2560K)] 5209K->3177K(7680K), 0.0006172 secs] [Times: user=0.00 sys=0.00, real=0.00 secs] 
2017-07-06T17:24:03.625+0900: 13.087: [GC
Desired survivor size 524288 bytes, new threshold 1 (max 15)
 [PSYoungGen: 2144K->96K(2560K)] 5225K->3193K(7680K), 0.0006438 secs] [Times: user=0.00 sys=0.00, real=0.00 secs] 
2017-07-06T17:24:03.645+0900: 13.108: [GC
Desired survivor size 524288 bytes, new threshold 1 (max 15)
 [PSYoungGen: 2144K->96K(2560K)] 5241K->3209K(7680K), 0.0006301 secs] [Times: user=0.00 sys=0.00, real=0.00 secs] 
2017-07-06T17:24:03.666+0900: 13.128: [GC
Desired survivor size 524288 bytes, new threshold 1 (max 15)
 [PSYoungGen: 2144K->96K(2560K)] 5257K->3217K(7680K), 0.0005997 secs] [Times: user=0.00 sys=0.00, real=0.00 secs] 
2017-07-06T17:24:03.686+0900: 13.148: [GC
Desired survivor size 524288 bytes, new threshold 1 (max 15)
 [PSYoungGen: 2144K->96K(2560K)] 5265K->3233K(7680K), 0.0006130 secs] [Times: user=0.00 sys=0.00, real=0.00 secs] 
2017-07-06T17:24:03.706+0900: 13.168: [GC
Desired survivor size 524288 bytes, new threshold 1 (max 15)
 [PSYoungGen: 2144K->96K(2560K)] 5281K->3241K(7680K), 0.0005954 secs] [Times: user=0.00 sys=0.00, real=0.00 secs] 
2017-07-06T17:24:03.729+0900: 13.191: [GC
Desired survivor size 524288 bytes, new threshold 1 (max 15)
 [PSYoungGen: 2144K->64K(2560K)] 5289K->3217K(7680K), 0.0086464 secs] [Times: user=0.01 sys=0.00, real=0.01 secs] 
2017-07-06T17:24:03.758+0900: 13.220: [GC
Desired survivor size 524288 bytes, new threshold 1 (max 15)
 [PSYoungGen: 2112K->96K(2560K)] 5265K->3265K(7680K), 0.0006309 secs] [Times: user=0.00 sys=0.00, real=0.00 secs] 
2017-07-06T17:24:03.778+0900: 13.240: [GC
Desired survivor size 524288 bytes, new threshold 1 (max 15)
 [PSYoungGen: 2144K->96K(2560K)] 5313K->3273K(7680K), 0.0006095 secs] [Times: user=0.00 sys=0.00, real=0.00 secs] 
2017-07-06T17:24:03.798+0900: 13.260: [GC
Desired survivor size 524288 bytes, new threshold 1 (max 15)
 [PSYoungGen: 2144K->96K(2560K)] 5321K->3281K(7680K), 0.0005975 secs] [Times: user=0.00 sys=0.00, real=0.00 secs] 
2017-07-06T17:24:03.818+0900: 13.280: [GC
Desired survivor size 524288 bytes, new threshold 1 (max 15)
 [PSYoungGen: 2144K->96K(2560K)] 5329K->3289K(7680K), 0.0006005 secs] [Times: user=0.00 sys=0.00, real=0.00 secs] 
2017-07-06T17:24:03.839+0900: 13.301: [GC
Desired survivor size 524288 bytes, new threshold 1 (max 15)
 [PSYoungGen: 2144K->64K(2560K)] 5337K->3265K(7680K), 0.0036807 secs] [Times: user=0.02 sys=0.00, real=0.00 secs] 
2017-07-06T17:24:03.862+0900: 13.325: [GC
Desired survivor size 524288 bytes, new threshold 1 (max 15)
 [PSYoungGen: 2112K->96K(2560K)] 5313K->3313K(7680K), 0.0006258 secs] [Times: user=0.00 sys=0.00, real=0.00 secs] 
2017-07-06T17:24:03.883+0900: 13.345: [GC
Desired survivor size 524288 bytes, new threshold 1 (max 15)
 [PSYoungGen: 2144K->96K(2560K)] 5361K->3321K(7680K), 0.0006023 secs] [Times: user=0.00 sys=0.00, real=0.00 secs] 
2017-07-06T17:24:03.903+0900: 13.365: [GC
Desired survivor size 524288 bytes, new threshold 1 (max 15)
 [PSYoungGen: 2144K->96K(2560K)] 5369K->3337K(7680K), 0.0005928 secs] [Times: user=0.02 sys=0.00, real=0.00 secs] 
2017-07-06T17:24:03.923+0900: 13.386: [GC
Desired survivor size 524288 bytes, new threshold 1 (max 15)
 [PSYoungGen: 2144K->96K(2560K)] 5385K->3345K(7680K), 0.0006117 secs] [Times: user=0.00 sys=0.00, real=0.00 secs] 
2017-07-06T17:24:03.944+0900: 13.406: [GC
Desired survivor size 524288 bytes, new threshold 1 (max 15)
 [PSYoungGen: 2144K->64K(2560K)] 5393K->3321K(7680K), 0.0142144 secs] [Times: user=0.02 sys=0.00, real=0.01 secs] 
2017-07-06T17:24:03.981+0900: 13.443: [GC
Desired survivor size 524288 bytes, new threshold 1 (max 15)
 [PSYoungGen: 2112K->96K(2560K)] 5369K->3369K(7680K), 0.0006429 secs] [Times: user=0.02 sys=0.00, real=0.00 secs] 
2017-07-06T17:24:04.001+0900: 13.463: [GC
Desired survivor size 524288 bytes, new threshold 1 (max 15)
 [PSYoungGen: 2144K->96K(2560K)] 5417K->3385K(7680K), 0.0006318 secs] [Times: user=0.00 sys=0.00, real=0.00 secs] 
2017-07-06T17:24:04.021+0900: 13.484: [GC
Desired survivor size 524288 bytes, new threshold 1 (max 15)
 [PSYoungGen: 2144K->96K(2560K)] 5433K->3393K(7680K), 0.0006138 secs] [Times: user=0.00 sys=0.00, real=0.00 secs] 
2017-07-06T17:24:04.041+0900: 13.504: [GC
Desired survivor size 524288 bytes, new threshold 1 (max 15)
 [PSYoungGen: 2144K->96K(2560K)] 5441K->3401K(7680K), 0.0005975 secs] [Times: user=0.00 sys=0.00, real=0.00 secs] 
2017-07-06T17:24:04.065+0900: 13.527: [GC
Desired survivor size 524288 bytes, new threshold 1 (max 15)
 [PSYoungGen: 2144K->64K(2560K)] 5449K->3377K(7680K), 0.0020644 secs] [Times: user=0.00 sys=0.00, real=0.00 secs] 
2017-07-06T17:24:04.087+0900: 13.549: [GC
Desired survivor size 524288 bytes, new threshold 1 (max 15)
 [PSYoungGen: 2112K->96K(2560K)] 5425K->3417K(7680K), 0.0006245 secs] [Times: user=0.00 sys=0.00, real=0.00 secs] 
2017-07-06T17:24:04.107+0900: 13.569: [GC
Desired survivor size 524288 bytes, new threshold 1 (max 15)
 [PSYoungGen: 2144K->96K(2560K)] 5465K->3425K(7680K), 0.0006125 secs] [Times: user=0.00 sys=0.00, real=0.00 secs] 
2017-07-06T17:24:04.127+0900: 13.590: [GC
Desired survivor size 524288 bytes, new threshold 1 (max 15)
 [PSYoungGen: 2144K->96K(2560K)] 5473K->3441K(7680K), 0.0006027 secs] [Times: user=0.00 sys=0.00, real=0.00 secs] 
2017-07-06T17:24:04.148+0900: 13.610: [GC
Desired survivor size 524288 bytes, new threshold 1 (max 15)
 [PSYoungGen: 2144K->96K(2560K)] 5489K->3449K(7680K), 0.0005963 secs] [Times: user=0.00 sys=0.00, real=0.00 secs] 
2017-07-06T17:24:04.168+0900: 13.630: [GC
Desired survivor size 524288 bytes, new threshold 1 (max 15)
 [PSYoungGen: 2144K->64K(2560K)] 5497K->3425K(7680K), 0.0008509 secs] [Times: user=0.02 sys=0.00, real=0.00 secs] 
2017-07-06T17:24:04.192+0900: 13.654: [GC
Desired survivor size 524288 bytes, new threshold 1 (max 15)
 [PSYoungGen: 2112K->96K(2560K)] 5473K->3473K(7680K), 0.0006455 secs] [Times: user=0.00 sys=0.00, real=0.00 secs] 
2017-07-06T17:24:04.212+0900: 13.674: [GC
Desired survivor size 524288 bytes, new threshold 1 (max 15)
 [PSYoungGen: 2144K->96K(2560K)] 5521K->3489K(7680K), 0.0006202 secs] [Times: user=0.00 sys=0.00, real=0.00 secs] 
2017-07-06T17:24:04.233+0900: 13.695: [GC
Desired survivor size 524288 bytes, new threshold 1 (max 15)
 [PSYoungGen: 2144K->96K(2560K)] 5537K->3497K(7680K), 0.0006326 secs] [Times: user=0.00 sys=0.00, real=0.00 secs] 
2017-07-06T17:24:04.253+0900: 13.715: [GC
Desired survivor size 524288 bytes, new threshold 1 (max 15)
 [PSYoungGen: 2144K->96K(2560K)] 5545K->3505K(7680K), 0.0006005 secs] [Times: user=0.00 sys=0.00, real=0.00 secs] 
2017-07-06T17:24:04.273+0900: 13.735: [GC
Desired survivor size 524288 bytes, new threshold 1 (max 15)
 [PSYoungGen: 2144K->96K(2560K)] 5553K->3513K(7680K), 0.0005963 secs] [Times: user=0.00 sys=0.00, real=0.00 secs] 
2017-07-06T17:24:04.294+0900: 13.756: [GC
Desired survivor size 524288 bytes, new threshold 1 (max 15)
 [PSYoungGen: 2144K->64K(2560K)] 5561K->3489K(7680K), 0.0009575 secs] [Times: user=0.00 sys=0.00, real=0.00 secs] 
2017-07-06T17:24:04.316+0900: 13.778: [GC
Desired survivor size 524288 bytes, new threshold 1 (max 15)
 [PSYoungGen: 2112K->96K(2560K)] 5537K->3529K(7680K), 0.0010316 secs] [Times: user=0.00 sys=0.00, real=0.00 secs] 
2017-07-06T17:24:04.337+0900: 13.799: [GC
Desired survivor size 524288 bytes, new threshold 1 (max 15)
 [PSYoungGen: 2144K->96K(2560K)] 5577K->3545K(7680K), 0.0006254 secs] [Times: user=0.00 sys=0.00, real=0.00 secs] 
2017-07-06T17:24:04.357+0900: 13.819: [GC
Desired survivor size 524288 bytes, new threshold 1 (max 15)
 [PSYoungGen: 2144K->96K(2560K)] 5593K->3553K(7680K), 0.0006215 secs] [Times: user=0.00 sys=0.00, real=0.00 secs] 
2017-07-06T17:24:04.377+0900: 13.839: [GC
Desired survivor size 524288 bytes, new threshold 1 (max 15)
 [PSYoungGen: 2144K->96K(2560K)] 5601K->3561K(7680K), 0.0006048 secs] [Times: user=0.00 sys=0.00, real=0.00 secs] 
2017-07-06T17:24:04.397+0900: 13.860: [GC
Desired survivor size 524288 bytes, new threshold 1 (max 15)
 [PSYoungGen: 2144K->96K(2560K)] 5609K->3577K(7680K), 0.0146202 secs] [Times: user=0.02 sys=0.00, real=0.01 secs] 
2017-07-06T17:24:04.436+0900: 13.898: [GC
Desired survivor size 524288 bytes, new threshold 1 (max 15)
 [PSYoungGen: 2144K->96K(2560K)] 5625K->3593K(7680K), 0.0006511 secs] [Times: user=0.00 sys=0.00, real=0.00 secs] 
2017-07-06T17:24:04.456+0900: 13.919: [GC
Desired survivor size 524288 bytes, new threshold 1 (max 15)
 [PSYoungGen: 2144K->96K(2560K)] 5641K->3601K(7680K), 0.0006232 secs] [Times: user=0.00 sys=0.00, real=0.00 secs] 
2017-07-06T17:24:04.477+0900: 13.939: [GC
Desired survivor size 524288 bytes, new threshold 1 (max 15)
 [PSYoungGen: 2144K->96K(2560K)] 5649K->3617K(7680K), 0.0006138 secs] [Times: user=0.00 sys=0.00, real=0.00 secs] 
2017-07-06T17:24:04.497+0900: 13.959: [GC
Desired survivor size 524288 bytes, new threshold 1 (max 15)
 [PSYoungGen: 2144K->96K(2560K)] 5665K->3625K(7680K), 0.0006091 secs] [Times: user=0.00 sys=0.00, real=0.00 secs] 
2017-07-06T17:24:04.520+0900: 13.982: [GC
Desired survivor size 524288 bytes, new threshold 1 (max 15)
 [PSYoungGen: 2144K->64K(2560K)] 5673K->3601K(7680K), 0.0123477 secs] [Times: user=0.01 sys=0.00, real=0.01 secs] 
2017-07-06T17:24:04.553+0900: 14.015: [GC
Desired survivor size 524288 bytes, new threshold 1 (max 15)
 [PSYoungGen: 2112K->96K(2560K)] 5649K->3649K(7680K), 0.0006365 secs] [Times: user=0.00 sys=0.00, real=0.00 secs] 
2017-07-06T17:24:04.573+0900: 14.035: [GC
Desired survivor size 524288 bytes, new threshold 1 (max 15)
 [PSYoungGen: 2144K->96K(2560K)] 5697K->3657K(7680K), 0.0006160 secs] [Times: user=0.00 sys=0.00, real=0.00 secs] 
2017-07-06T17:24:04.593+0900: 14.055: [GC
Desired survivor size 524288 bytes, new threshold 1 (max 15)
 [PSYoungGen: 2144K->96K(2560K)] 5705K->3665K(7680K), 0.0006121 secs] [Times: user=0.00 sys=0.00, real=0.00 secs] 
2017-07-06T17:24:04.613+0900: 14.076: [GC
Desired survivor size 524288 bytes, new threshold 1 (max 15)
 [PSYoungGen: 2144K->96K(2560K)] 5713K->3673K(7680K), 0.0006108 secs] [Times: user=0.00 sys=0.00, real=0.00 secs] 
2017-07-06T17:24:04.636+0900: 14.099: [GC
Desired survivor size 524288 bytes, new threshold 1 (max 15)
 [PSYoungGen: 2144K->64K(2560K)] 5721K->3649K(7680K), 0.0043780 secs] [Times: user=0.02 sys=0.00, real=0.01 secs] 
2017-07-06T17:24:04.661+0900: 14.123: [GC
Desired survivor size 524288 bytes, new threshold 1 (max 15)
 [PSYoungGen: 2112K->96K(2560K)] 5697K->3697K(7680K), 0.0006519 secs] [Times: user=0.00 sys=0.00, real=0.00 secs] 
2017-07-06T17:24:04.681+0900: 14.143: [GC
Desired survivor size 524288 bytes, new threshold 1 (max 15)
 [PSYoungGen: 2144K->96K(2560K)] 5745K->3705K(7680K), 0.0006138 secs] [Times: user=0.00 sys=0.00, real=0.00 secs] 
2017-07-06T17:24:04.701+0900: 14.164: [GC
Desired survivor size 524288 bytes, new threshold 1 (max 15)
 [PSYoungGen: 2144K->96K(2560K)] 5753K->3721K(7680K), 0.0006177 secs] [Times: user=0.00 sys=0.00, real=0.00 secs] 
2017-07-06T17:24:04.722+0900: 14.184: [GC
Desired survivor size 524288 bytes, new threshold 1 (max 15)
 [PSYoungGen: 2144K->96K(2560K)] 5769K->3729K(7680K), 0.0006168 secs] [Times: user=0.00 sys=0.00, real=0.00 secs] 
2017-07-06T17:24:04.744+0900: 14.206: [GC
Desired survivor size 524288 bytes, new threshold 1 (max 15)
 [PSYoungGen: 2144K->64K(2560K)] 5777K->3705K(7680K), 0.0026753 secs] [Times: user=0.00 sys=0.00, real=0.00 secs] 
2017-07-06T17:24:04.768+0900: 14.230: [GC
Desired survivor size 524288 bytes, new threshold 1 (max 15)
 [PSYoungGen: 2112K->96K(2560K)] 5753K->3753K(7680K), 0.0006386 secs] [Times: user=0.00 sys=0.00, real=0.00 secs] 
2017-07-06T17:24:04.788+0900: 14.251: [GC
Desired survivor size 524288 bytes, new threshold 1 (max 15)
 [PSYoungGen: 2144K->96K(2560K)] 5801K->3769K(7680K), 0.0006185 secs] [Times: user=0.00 sys=0.00, real=0.00 secs] 
2017-07-06T17:24:04.809+0900: 14.271: [GC
Desired survivor size 524288 bytes, new threshold 1 (max 15)
 [PSYoungGen: 2144K->96K(2560K)] 5817K->3777K(7680K), 0.0006202 secs] [Times: user=0.00 sys=0.00, real=0.00 secs] 
2017-07-06T17:24:04.829+0900: 14.291: [GC
Desired survivor size 524288 bytes, new threshold 1 (max 15)
 [PSYoungGen: 2144K->96K(2560K)] 5825K->3785K(7680K), 0.0006125 secs] [Times: user=0.00 sys=0.00, real=0.00 secs] 
2017-07-06T17:24:04.852+0900: 14.314: [GC
Desired survivor size 524288 bytes, new threshold 1 (max 15)
 [PSYoungGen: 2144K->64K(2560K)] 5833K->3761K(7680K), 0.0310523 secs] [Times: user=0.03 sys=0.00, real=0.03 secs] 
2017-07-06T17:24:04.903+0900: 14.366: [GC
Desired survivor size 524288 bytes, new threshold 1 (max 15)
 [PSYoungGen: 2112K->96K(2560K)] 5809K->3809K(7680K), 0.0006493 secs] [Times: user=0.00 sys=0.00, real=0.00 secs] 
2017-07-06T17:24:04.924+0900: 14.386: [GC
Desired survivor size 524288 bytes, new threshold 1 (max 15)
 [PSYoungGen: 2144K->96K(2560K)] 5857K->3817K(7680K), 0.0006228 secs] [Times: user=0.00 sys=0.00, real=0.00 secs] 
2017-07-06T17:24:04.944+0900: 14.406: [GC
Desired survivor size 524288 bytes, new threshold 1 (max 15)
 [PSYoungGen: 2144K->96K(2560K)] 5865K->3833K(7680K), 0.0006288 secs] [Times: user=0.00 sys=0.00, real=0.00 secs] 
2017-07-06T17:24:04.965+0900: 14.427: [GC
Desired survivor size 524288 bytes, new threshold 1 (max 15)
 [PSYoungGen: 2144K->96K(2560K)] 5881K->3841K(7680K), 0.0006130 secs] [Times: user=0.00 sys=0.00, real=0.00 secs] 
2017-07-06T17:24:04.987+0900: 14.450: [GC
Desired survivor size 524288 bytes, new threshold 1 (max 15)
 [PSYoungGen: 2144K->96K(2560K)] 5889K->3857K(7680K), 0.0006485 secs] [Times: user=0.00 sys=0.00, real=0.00 secs] 
2017-07-06T17:24:05.008+0900: 14.470: [GC
Desired survivor size 524288 bytes, new threshold 1 (max 15)
 [PSYoungGen: 2144K->96K(2560K)] 5905K->3865K(7680K), 0.0006305 secs] [Times: user=0.00 sys=0.00, real=0.00 secs] 
2017-07-06T17:24:05.028+0900: 14.491: [GC
Desired survivor size 524288 bytes, new threshold 1 (max 15)
 [PSYoungGen: 2144K->96K(2560K)] 5913K->3881K(7680K), 0.0006177 secs] [Times: user=0.00 sys=0.00, real=0.00 secs] 
2017-07-06T17:24:05.049+0900: 14.511: [GC
Desired survivor size 524288 bytes, new threshold 1 (max 15)
 [PSYoungGen: 2138K->341K(2560K)] 5924K->4135K(7680K), 0.0065623 secs] [Times: user=0.00 sys=0.00, real=0.01 secs] 
2017-07-06T17:24:05.075+0900: 14.537: [GC
Desired survivor size 524288 bytes, new threshold 1 (max 15)
 [PSYoungGen: 2376K->96K(2560K)] 6169K->4183K(7680K), 0.0011981 secs] [Times: user=0.00 sys=0.00, real=0.00 secs] 
2017-07-06T17:24:05.096+0900: 14.558: [GC
Desired survivor size 524288 bytes, new threshold 1 (max 15)
 [PSYoungGen: 2138K->96K(2560K)] 6225K->4191K(7680K), 0.0006994 secs] [Times: user=0.00 sys=0.00, real=0.00 secs] 
2017-07-06T17:24:05.116+0900: 14.579: [GC
Desired survivor size 524288 bytes, new threshold 1 (max 15)
 [PSYoungGen: 2143K->96K(2560K)] 6239K->4207K(7680K), 0.0006814 secs] [Times: user=0.00 sys=0.00, real=0.00 secs] 
2017-07-06T17:24:05.137+0900: 14.600: [GC
Desired survivor size 524288 bytes, new threshold 1 (max 15)
 [PSYoungGen: 2143K->64K(2560K)] 6255K->4183K(7680K), 0.0010650 secs] [Times: user=0.00 sys=0.00, real=0.00 secs] 
2017-07-06T17:24:05.160+0900: 14.622: [GC
Desired survivor size 524288 bytes, new threshold 1 (max 15)
 [PSYoungGen: 2111K->96K(2560K)] 6231K->4223K(7680K), 0.0010046 secs] [Times: user=0.00 sys=0.00, real=0.00 secs] 
2017-07-06T17:24:05.180+0900: 14.643: [GC
Desired survivor size 524288 bytes, new threshold 1 (max 15)
 [PSYoungGen: 2143K->96K(2560K)] 6271K->4239K(7680K), 0.0006891 secs] [Times: user=0.00 sys=0.00, real=0.00 secs] 
2017-07-06T17:24:05.201+0900: 14.663: [GC
Desired survivor size 524288 bytes, new threshold 1 (max 15)
 [PSYoungGen: 2143K->96K(2560K)] 6287K->4255K(7680K), 0.0006797 secs] [Times: user=0.00 sys=0.00, real=0.00 secs] 
2017-07-06T17:24:05.221+0900: 14.683: [GC
Desired survivor size 524288 bytes, new threshold 1 (max 15)
 [PSYoungGen: 2143K->96K(2560K)] 6303K->4271K(7680K), 0.0006819 secs] [Times: user=0.00 sys=0.00, real=0.00 secs] 
2017-07-06T17:24:05.241+0900: 14.704: [GC
Desired survivor size 524288 bytes, new threshold 1 (max 15)
 [PSYoungGen: 2143K->64K(2560K)] 6319K->4247K(7680K), 0.0009233 secs] [Times: user=0.00 sys=0.00, real=0.00 secs] 
2017-07-06T17:24:05.267+0900: 14.730: [GC
Desired survivor size 524288 bytes, new threshold 1 (max 15)
 [PSYoungGen: 2111K->64K(2560K)] 6295K->4255K(7680K), 0.0041666 secs] [Times: user=0.00 sys=0.00, real=0.00 secs] 
2017-07-06T17:24:05.291+0900: 14.754: [GC
Desired survivor size 524288 bytes, new threshold 1 (max 15)
 [PSYoungGen: 2111K->96K(2560K)] 6303K->4303K(7680K), 0.0007093 secs] [Times: user=0.02 sys=0.00, real=0.00 secs] 
2017-07-06T17:24:05.313+0900: 14.775: [GC
Desired survivor size 524288 bytes, new threshold 1 (max 15)
 [PSYoungGen: 2143K->96K(2560K)] 6351K->4319K(7680K), 0.0007050 secs] [Times: user=0.00 sys=0.00, real=0.00 secs] 
2017-07-06T17:24:05.333+0900: 14.796: [GC
Desired survivor size 524288 bytes, new threshold 1 (max 15)
 [PSYoungGen: 2143K->96K(2560K)] 6367K->4335K(7680K), 0.0007054 secs] [Times: user=0.00 sys=0.00, real=0.00 secs] 
2017-07-06T17:24:05.354+0900: 14.817: [GC
Desired survivor size 524288 bytes, new threshold 1 (max 15)
 [PSYoungGen: 2143K->64K(2560K)] 6383K->4311K(7680K), 0.0145924 secs] [Times: user=0.01 sys=0.00, real=0.01 secs] 
2017-07-06T17:24:05.390+0900: 14.852: [GC
Desired survivor size 524288 bytes, new threshold 1 (max 15)
 [PSYoungGen: 2111K->96K(2560K)] 6359K->4359K(7680K), 0.0007170 secs] [Times: user=0.00 sys=0.00, real=0.00 secs] 
2017-07-06T17:24:05.410+0900: 14.872: [GC
Desired survivor size 524288 bytes, new threshold 1 (max 15)
 [PSYoungGen: 2143K->96K(2560K)] 6407K->4375K(7680K), 0.0007024 secs] [Times: user=0.00 sys=0.00, real=0.00 secs] 
2017-07-06T17:24:05.430+0900: 14.893: [GC
Desired survivor size 524288 bytes, new threshold 1 (max 15)
 [PSYoungGen: 2143K->96K(2560K)] 6423K->4391K(7680K), 0.0006793 secs] [Times: user=0.00 sys=0.00, real=0.00 secs] 
2017-07-06T17:24:05.451+0900: 14.913: [GC
Desired survivor size 524288 bytes, new threshold 1 (max 15)
 [PSYoungGen: 2143K->96K(2560K)] 6439K->4407K(7680K), 0.0006806 secs] [Times: user=0.00 sys=0.00, real=0.00 secs] 
2017-07-06T17:24:05.475+0900: 14.937: [GC
Desired survivor size 524288 bytes, new threshold 1 (max 15)
 [PSYoungGen: 2143K->96K(2560K)] 6455K->4423K(7680K), 0.0007213 secs] [Times: user=0.00 sys=0.00, real=0.00 secs] 
2017-07-06T17:24:05.496+0900: 14.958: [GC
Desired survivor size 524288 bytes, new threshold 1 (max 15)
 [PSYoungGen: 2143K->96K(2560K)] 6471K->4439K(7680K), 0.0007046 secs] [Times: user=0.00 sys=0.00, real=0.00 secs] 
2017-07-06T17:24:05.516+0900: 14.979: [GC
Desired survivor size 524288 bytes, new threshold 1 (max 15)
 [PSYoungGen: 2143K->96K(2560K)] 6487K->4455K(7680K), 0.0006891 secs] [Times: user=0.00 sys=0.00, real=0.00 secs] 
2017-07-06T17:24:05.537+0900: 14.999: [GC
Desired survivor size 524288 bytes, new threshold 1 (max 15)
 [PSYoungGen: 2143K->96K(2560K)] 6503K->4471K(7680K), 0.0006930 secs] [Times: user=0.00 sys=0.00, real=0.00 secs] 
2017-07-06T17:24:05.557+0900: 15.020: [GC
Desired survivor size 524288 bytes, new threshold 1 (max 15)
 [PSYoungGen: 2143K->64K(2560K)] 6519K->4447K(7680K), 0.0110567 secs] [Times: user=0.00 sys=0.00, real=0.01 secs] 
2017-07-06T17:24:05.589+0900: 15.051: [GC
Desired survivor size 524288 bytes, new threshold 1 (max 15)
 [PSYoungGen: 2111K->96K(2560K)] 6495K->4495K(7680K), 0.0007174 secs] [Times: user=0.00 sys=0.00, real=0.00 secs] 
2017-07-06T17:24:05.609+0900: 15.071: [GC
Desired survivor size 524288 bytes, new threshold 1 (max 15)
 [PSYoungGen: 2143K->96K(2560K)] 6543K->4511K(7680K), 0.0007058 secs] [Times: user=0.00 sys=0.00, real=0.00 secs] 
2017-07-06T17:24:05.631+0900: 15.094: [GC
Desired survivor size 524288 bytes, new threshold 1 (max 15)
 [PSYoungGen: 2143K->64K(2560K)] 6559K->4487K(7680K), 0.0109686 secs] [Times: user=0.02 sys=0.00, real=0.01 secs] 
2017-07-06T17:24:05.662+0900: 15.124: [GC
Desired survivor size 524288 bytes, new threshold 1 (max 15)
 [PSYoungGen: 2111K->96K(2560K)] 6535K->4535K(7680K), 0.0007221 secs] [Times: user=0.00 sys=0.00, real=0.00 secs] 
2017-07-06T17:24:05.682+0900: 15.145: [GC
Desired survivor size 524288 bytes, new threshold 1 (max 15)
 [PSYoungGen: 2143K->96K(2560K)] 6583K->4551K(7680K), 0.0007384 secs] [Times: user=0.00 sys=0.00, real=0.00 secs] 
2017-07-06T17:24:05.703+0900: 15.165: [GC
Desired survivor size 524288 bytes, new threshold 1 (max 15)
 [PSYoungGen: 2143K->96K(2560K)] 6599K->4567K(7680K), 0.0006832 secs] [Times: user=0.00 sys=0.00, real=0.00 secs] 
2017-07-06T17:24:05.723+0900: 15.186: [GC
Desired survivor size 524288 bytes, new threshold 1 (max 15)
 [PSYoungGen: 2143K->64K(2560K)] 6615K->4543K(7680K), 0.0145312 secs] [Times: user=0.02 sys=0.00, real=0.01 secs] 
2017-07-06T17:24:05.758+0900: 15.220: [GC
Desired survivor size 524288 bytes, new threshold 1 (max 15)
 [PSYoungGen: 2111K->96K(2560K)] 6591K->4591K(7680K), 0.0007341 secs] [Times: user=0.00 sys=0.00, real=0.00 secs] 
2017-07-06T17:24:05.779+0900: 15.241: [GC
Desired survivor size 524288 bytes, new threshold 1 (max 15)
 [PSYoungGen: 2143K->96K(2560K)] 6639K->4607K(7680K), 0.0006926 secs] [Times: user=0.00 sys=0.00, real=0.00 secs] 
2017-07-06T17:24:05.799+0900: 15.261: [GC
Desired survivor size 524288 bytes, new threshold 1 (max 15)
 [PSYoungGen: 2143K->96K(2560K)] 6655K->4623K(7680K), 0.0006883 secs] [Times: user=0.00 sys=0.00, real=0.00 secs] 
2017-07-06T17:24:05.819+0900: 15.282: [GC
Desired survivor size 524288 bytes, new threshold 1 (max 15)
 [PSYoungGen: 2143K->96K(2560K)] 6671K->4639K(7680K), 0.0006759 secs] [Times: user=0.00 sys=0.00, real=0.00 secs] 
2017-07-06T17:24:05.840+0900: 15.302: [GC
Desired survivor size 524288 bytes, new threshold 1 (max 15)
 [PSYoungGen: 2143K->64K(2560K)] 6687K->4615K(7680K), 0.0011061 secs] [Times: user=0.00 sys=0.00, real=0.00 secs] 
2017-07-06T17:24:05.864+0900: 15.326: [GC
Desired survivor size 524288 bytes, new threshold 1 (max 15)
 [PSYoungGen: 2111K->96K(2560K)] 6663K->4663K(7680K), 0.0007478 secs] [Times: user=0.00 sys=0.00, real=0.00 secs] 
2017-07-06T17:24:05.885+0900: 15.347: [GC
Desired survivor size 524288 bytes, new threshold 1 (max 15)
 [PSYoungGen: 2143K->96K(2560K)] 6711K->4679K(7680K), 0.0006939 secs] [Times: user=0.00 sys=0.00, real=0.00 secs] 
2017-07-06T17:24:05.905+0900: 15.367: [GC
Desired survivor size 524288 bytes, new threshold 1 (max 15)
 [PSYoungGen: 2143K->96K(2560K)] 6727K->4695K(7680K), 0.0006857 secs] [Times: user=0.00 sys=0.00, real=0.00 secs] 
2017-07-06T17:24:05.925+0900: 15.388: [GC
Desired survivor size 524288 bytes, new threshold 1 (max 15)
 [PSYoungGen: 2143K->96K(2560K)] 6743K->4711K(7680K), 0.0006742 secs] [Times: user=0.00 sys=0.00, real=0.00 secs] 
2017-07-06T17:24:05.947+0900: 15.410: [GC
Desired survivor size 524288 bytes, new threshold 1 (max 15)
 [PSYoungGen: 2143K->64K(2560K)] 6759K->4687K(7680K), 0.0100457 secs] [Times: user=0.00 sys=0.00, real=0.01 secs] 
2017-07-06T17:24:05.978+0900: 15.440: [GC
Desired survivor size 524288 bytes, new threshold 1 (max 15)
 [PSYoungGen: 2111K->96K(2560K)] 6735K->4735K(7680K), 0.0007174 secs] [Times: user=0.00 sys=0.00, real=0.00 secs] 
2017-07-06T17:24:05.998+0900: 15.460: [GC
Desired survivor size 524288 bytes, new threshold 1 (max 15)
 [PSYoungGen: 2143K->96K(2560K)] 6783K->4751K(7680K), 0.0006802 secs] [Times: user=0.00 sys=0.00, real=0.00 secs] 
2017-07-06T17:24:06.018+0900: 15.481: [GC
Desired survivor size 524288 bytes, new threshold 1 (max 15)
 [PSYoungGen: 2143K->96K(2560K)] 6799K->4767K(7680K), 0.0006819 secs] [Times: user=0.00 sys=0.00, real=0.00 secs] 
2017-07-06T17:24:06.038+0900: 15.501: [GC
Desired survivor size 524288 bytes, new threshold 1 (max 15)
 [PSYoungGen: 2143K->96K(2560K)] 6815K->4783K(7680K), 0.0006755 secs] [Times: user=0.00 sys=0.00, real=0.00 secs] 
2017-07-06T17:24:06.061+0900: 15.523: [GC
Desired survivor size 524288 bytes, new threshold 1 (max 15)
 [PSYoungGen: 2143K->64K(2560K)] 6831K->4759K(7680K), 0.0100633 secs] [Times: user=0.00 sys=0.00, real=0.01 secs] 
2017-07-06T17:24:06.091+0900: 15.553: [GC
Desired survivor size 524288 bytes, new threshold 1 (max 15)
 [PSYoungGen: 2111K->96K(2560K)] 6807K->4807K(7680K), 0.0007144 secs] [Times: user=0.00 sys=0.00, real=0.00 secs] 
2017-07-06T17:24:06.111+0900: 15.574: [GC
Desired survivor size 524288 bytes, new threshold 1 (max 15)
 [PSYoungGen: 2143K->96K(2560K)] 6855K->4823K(7680K), 0.0006981 secs] [Times: user=0.00 sys=0.00, real=0.00 secs] 
2017-07-06T17:24:06.132+0900: 15.594: [GC
Desired survivor size 524288 bytes, new threshold 1 (max 15)
 [PSYoungGen: 2143K->96K(2560K)] 6871K->4839K(7680K), 0.0006737 secs] [Times: user=0.00 sys=0.00, real=0.00 secs] 
2017-07-06T17:24:06.152+0900: 15.614: [GC
Desired survivor size 524288 bytes, new threshold 1 (max 15)
 [PSYoungGen: 2143K->96K(2560K)] 6887K->4855K(7680K), 0.0006772 secs] [Times: user=0.00 sys=0.00, real=0.00 secs] 
2017-07-06T17:24:06.174+0900: 15.636: [GC
Desired survivor size 524288 bytes, new threshold 1 (max 15)
 [PSYoungGen: 2143K->64K(2560K)] 6903K->4831K(7680K), 0.0029556 secs] [Times: user=0.00 sys=0.00, real=0.00 secs] 
2017-07-06T17:24:06.199+0900: 15.661: [GC
Desired survivor size 524288 bytes, new threshold 1 (max 15)
 [PSYoungGen: 2111K->96K(2560K)] 6879K->4879K(7680K), 0.0007268 secs] [Times: user=0.00 sys=0.00, real=0.00 secs] 
2017-07-06T17:24:06.219+0900: 15.682: [GC
Desired survivor size 524288 bytes, new threshold 1 (max 15)
 [PSYoungGen: 2143K->96K(2560K)] 6927K->4895K(7680K), 0.0007037 secs] [Times: user=0.00 sys=0.00, real=0.00 secs] 
2017-07-06T17:24:06.240+0900: 15.702: [GC
Desired survivor size 524288 bytes, new threshold 1 (max 15)
 [PSYoungGen: 2143K->96K(2560K)] 6943K->4911K(7680K), 0.0006746 secs] [Times: user=0.00 sys=0.00, real=0.00 secs] 
2017-07-06T17:24:06.260+0900: 15.722: [GC
Desired survivor size 524288 bytes, new threshold 1 (max 15)
 [PSYoungGen: 2143K->96K(2560K)] 6959K->4927K(7680K), 0.0006806 secs] [Times: user=0.00 sys=0.00, real=0.00 secs] 
2017-07-06T17:24:06.283+0900: 15.746: [GC
Desired survivor size 524288 bytes, new threshold 1 (max 15)
 [PSYoungGen: 2143K->64K(2560K)] 6975K->4903K(7680K), 0.0020293 secs] [Times: user=0.00 sys=0.00, real=0.00 secs] 
2017-07-06T17:24:06.305+0900: 15.768: [GC
Desired survivor size 524288 bytes, new threshold 1 (max 15)
 [PSYoungGen: 2111K->96K(2560K)] 6951K->4951K(7680K), 0.0007076 secs] [Times: user=0.01 sys=0.00, real=0.00 secs] 
2017-07-06T17:24:06.326+0900: 15.788: [GC
Desired survivor size 524288 bytes, new threshold 1 (max 15)
 [PSYoungGen: 2143K->64K(2560K)] 6999K->4935K(7680K), 0.0008150 secs] [Times: user=0.00 sys=0.00, real=0.00 secs] 
2017-07-06T17:24:06.346+0900: 15.809: [GC
Desired survivor size 524288 bytes, new threshold 1 (max 15)
 [PSYoungGen: 2111K->96K(2560K)] 6983K->4983K(7680K), 0.0007037 secs] [Times: user=0.00 sys=0.00, real=0.00 secs] 
2017-07-06T17:24:06.367+0900: 15.829: [GC
Desired survivor size 524288 bytes, new threshold 1 (max 15)
 [PSYoungGen: 2143K->96K(2560K)] 7031K->4999K(7680K), 0.0007354 secs] [Times: user=0.00 sys=0.00, real=0.00 secs] 
2017-07-06T17:24:06.392+0900: 15.854: [GC
Desired survivor size 524288 bytes, new threshold 1 (max 15)
 [PSYoungGen: 2143K->96K(2560K)] 7047K->5015K(7680K), 0.0007290 secs] [Times: user=0.00 sys=0.00, real=0.00 secs] 
2017-07-06T17:24:06.413+0900: 15.875: [GC
Desired survivor size 524288 bytes, new threshold 1 (max 15)
 [PSYoungGen: 2143K->96K(2560K)] 7063K->5031K(7680K), 0.0007037 secs] [Times: user=0.00 sys=0.00, real=0.00 secs] 
2017-07-06T17:24:06.433+0900: 15.896: [GC
Desired survivor size 524288 bytes, new threshold 1 (max 15)
 [PSYoungGen: 2143K->96K(2560K)] 7079K->5047K(7680K), 0.0007007 secs] [Times: user=0.00 sys=0.00, real=0.00 secs] 
2017-07-06T17:24:06.454+0900: 15.916: [GC
Desired survivor size 524288 bytes, new threshold 1 (max 15)
 [PSYoungGen: 2143K->96K(2560K)] 7095K->5063K(7680K), 0.0006836 secs] [Times: user=0.00 sys=0.00, real=0.00 secs] 
2017-07-06T17:24:06.475+0900: 15.937: [GC
Desired survivor size 524288 bytes, new threshold 1 (max 15)
 [PSYoungGen: 2143K->64K(2560K)] 7111K->5039K(7680K), 0.0137556 secs] [Times: user=0.01 sys=0.00, real=0.01 secs] 
2017-07-06T17:24:06.510+0900: 15.971: [GC
Desired survivor size 524288 bytes, new threshold 1 (max 15)
 [PSYoungGen: 2111K->96K(2560K)] 7087K->5087K(7680K), 0.0007713 secs] [Times: user=0.00 sys=0.00, real=0.00 secs] 
2017-07-06T17:24:06.531+0900: 15.993: [GC
Desired survivor size 524288 bytes, new threshold 1 (max 15)
 [PSYoungGen: 2143K->96K(2560K)] 7135K->5103K(7680K), 0.0007213 secs] [Times: user=0.00 sys=0.00, real=0.00 secs] 
2017-07-06T17:24:06.552+0900: 16.014: [GC
Desired survivor size 524288 bytes, new threshold 1 (max 15)
 [PSYoungGen: 2143K->96K(2560K)] 7151K->5119K(7680K), 0.0006973 secs] [Times: user=0.00 sys=0.00, real=0.00 secs] 
2017-07-06T17:24:06.572+0900: 16.034: [GC
Desired survivor size 524288 bytes, new threshold 1 (max 15)
 [PSYoungGen: 2143K->96K(2560K)] 7167K->5135K(7680K), 0.0006840 secs] [Times: user=0.00 sys=0.00, real=0.00 secs] 
2017-07-06T17:24:06.594+0900: 16.056: [GC
Desired survivor size 524288 bytes, new threshold 1 (max 15)
 [PSYoungGen: 2143K->64K(2560K)] 7183K->5111K(7680K), 0.0011018 secs] [Times: user=0.00 sys=0.00, real=0.00 secs] 
2017-07-06T17:24:06.619+0900: 16.080: [GC
Desired survivor size 524288 bytes, new threshold 1 (max 15)
 [PSYoungGen: 2111K->96K(2560K)] 7159K->5159K(7680K), 0.0007405 secs] [Times: user=0.00 sys=0.00, real=0.00 secs] 
2017-07-06T17:24:06.640+0900: 16.101: [GC
Desired survivor size 524288 bytes, new threshold 1 (max 15)
 [PSYoungGen: 2143K->96K(2560K)] 7207K->5175K(7680K), 0.0006960 secs] [Times: user=0.00 sys=0.00, real=0.00 secs] 
2017-07-06T17:24:06.660+0900: 16.122: [GC
Desired survivor size 524288 bytes, new threshold 1 (max 15)
 [PSYoungGen: 2143K->96K(2560K)] 7223K->5191K(7680K), 0.0007165 secs] [Times: user=0.00 sys=0.00, real=0.00 secs] 
2017-07-06T17:24:06.681+0900: 16.142: [GC
Desired survivor size 524288 bytes, new threshold 1 (max 15)
 [PSYoungGen: 2143K->96K(2560K)] 7239K->5207K(7680K), 0.0006746 secs] [Times: user=0.00 sys=0.00, real=0.00 secs] 
2017-07-06T17:24:06.681+0900: 16.143: [Full GC [PSYoungGen: 96K->0K(2560K)] [ParOldGen: 5111K->3687K(5120K)] 5207K->3687K(7680K) [PSPermGen: 3312K->3312K(21504K)], 0.0656184 secs] [Times: user=0.08 sys=0.00, real=0.07 secs] 
2017-07-06T17:24:06.768+0900: 16.229: [GC
Desired survivor size 524288 bytes, new threshold 1 (max 15)
 [PSYoungGen: 2047K->96K(2560K)] 5735K->3783K(7680K), 0.0007469 secs] [Times: user=0.00 sys=0.00, real=0.00 secs] 
2017-07-06T17:24:06.789+0900: 16.250: [GC
Desired survivor size 524288 bytes, new threshold 1 (max 15)
 [PSYoungGen: 2143K->96K(2560K)] 5831K->3815K(7680K), 0.0006660 secs] [Times: user=0.00 sys=0.00, real=0.00 secs] 
2017-07-06T17:24:06.810+0900: 16.271: [GC
Desired survivor size 524288 bytes, new threshold 1 (max 15)
 [PSYoungGen: 2143K->96K(2560K)] 5863K->3823K(7680K), 0.0011681 secs] [Times: user=0.00 sys=0.00, real=0.00 secs] 
2017-07-06T17:24:06.834+0900: 16.295: [GC
Desired survivor size 524288 bytes, new threshold 1 (max 15)
 [PSYoungGen: 2143K->64K(2560K)] 5871K->3799K(7680K), 0.0045826 secs] [Times: user=0.01 sys=0.00, real=0.00 secs] 
2017-07-06T17:24:06.859+0900: 16.321: [GC
Desired survivor size 524288 bytes, new threshold 1 (max 15)
 [PSYoungGen: 2111K->96K(2560K)] 5847K->3839K(7680K), 0.0007683 secs] [Times: user=0.00 sys=0.00, real=0.00 secs] 
2017-07-06T17:24:06.880+0900: 16.342: [GC
Desired survivor size 524288 bytes, new threshold 1 (max 15)
 [PSYoungGen: 2143K->96K(2560K)] 5887K->3847K(7680K), 0.0006600 secs] [Times: user=0.00 sys=0.00, real=0.00 secs] 
2017-07-06T17:24:06.902+0900: 16.363: [GC
Desired survivor size 524288 bytes, new threshold 1 (max 15)
 [PSYoungGen: 2143K->64K(2560K)] 5895K->3823K(7680K), 0.0023482 secs] [Times: user=0.00 sys=0.00, real=0.00 secs] 
2017-07-06T17:24:06.927+0900: 16.389: [GC
Desired survivor size 524288 bytes, new threshold 1 (max 15)
 [PSYoungGen: 2111K->96K(2560K)] 5871K->3863K(7680K), 0.0006862 secs] [Times: user=0.00 sys=0.00, real=0.00 secs] 
2017-07-06T17:24:06.948+0900: 16.410: [GC
Desired survivor size 524288 bytes, new threshold 1 (max 15)
 [PSYoungGen: 2143K->96K(2560K)] 5911K->3871K(7680K), 0.0006558 secs] [Times: user=0.00 sys=0.00, real=0.00 secs] 
2017-07-06T17:24:06.969+0900: 16.431: [GC
Desired survivor size 524288 bytes, new threshold 1 (max 15)
 [PSYoungGen: 2143K->96K(2560K)] 5919K->3879K(7680K), 0.0006540 secs] [Times: user=0.00 sys=0.00, real=0.00 secs] 
2017-07-06T17:24:06.990+0900: 16.451: [GC
Desired survivor size 524288 bytes, new threshold 1 (max 15)
 [PSYoungGen: 2143K->96K(2560K)] 5927K->3887K(7680K), 0.0006468 secs] [Times: user=0.00 sys=0.00, real=0.00 secs] 
2017-07-06T17:24:07.013+0900: 16.475: [GC
Desired survivor size 524288 bytes, new threshold 1 (max 15)
 [PSYoungGen: 2143K->64K(2560K)] 5935K->3863K(7680K), 0.0009849 secs] [Times: user=0.00 sys=0.00, real=0.00 secs] 
2017-07-06T17:24:07.034+0900: 16.496: [GC
Desired survivor size 524288 bytes, new threshold 1 (max 15)
 [PSYoungGen: 2111K->96K(2560K)] 5911K->3903K(7680K), 0.0006553 secs] [Times: user=0.00 sys=0.00, real=0.00 secs] 
2017-07-06T17:24:07.055+0900: 16.516: [GC
Desired survivor size 524288 bytes, new threshold 1 (max 15)
 [PSYoungGen: 2143K->96K(2560K)] 5951K->3911K(7680K), 0.0006596 secs] [Times: user=0.00 sys=0.00, real=0.00 secs] 
2017-07-06T17:24:07.075+0900: 16.537: [GC
Desired survivor size 524288 bytes, new threshold 1 (max 15)
 [PSYoungGen: 2143K->96K(2560K)] 5959K->3919K(7680K), 0.0006647 secs] [Times: user=0.00 sys=0.00, real=0.00 secs] 
2017-07-06T17:24:07.096+0900: 16.557: [GC
Desired survivor size 524288 bytes, new threshold 1 (max 15)
 [PSYoungGen: 2143K->96K(2560K)] 5967K->3927K(7680K), 0.0006476 secs] [Times: user=0.00 sys=0.00, real=0.00 secs] 
2017-07-06T17:24:07.121+0900: 16.582: [GC
Desired survivor size 524288 bytes, new threshold 1 (max 15)
 [PSYoungGen: 2143K->96K(2560K)] 5975K->3935K(7680K), 0.0006695 secs] [Times: user=0.00 sys=0.00, real=0.00 secs] 
2017-07-06T17:24:07.141+0900: 16.603: [GC
Desired survivor size 524288 bytes, new threshold 1 (max 15)
 [PSYoungGen: 2143K->96K(2560K)] 5983K->3943K(7680K), 0.0006618 secs] [Times: user=0.00 sys=0.00, real=0.00 secs] 
2017-07-06T17:24:07.161+0900: 16.623: [GC
Desired survivor size 524288 bytes, new threshold 1 (max 15)
 [PSYoungGen: 2143K->96K(2560K)] 5991K->3951K(7680K), 0.0006481 secs] [Times: user=0.00 sys=0.00, real=0.00 secs] 
2017-07-06T17:24:07.182+0900: 16.644: [GC
Desired survivor size 524288 bytes, new threshold 1 (max 15)
 [PSYoungGen: 2143K->96K(2560K)] 5999K->3959K(7680K), 0.0006382 secs] [Times: user=0.00 sys=0.00, real=0.00 secs] 
2017-07-06T17:24:07.203+0900: 16.664: [GC
Desired survivor size 524288 bytes, new threshold 1 (max 15)
 [PSYoungGen: 2143K->96K(2560K)] 6007K->3967K(7680K), 0.0006485 secs] [Times: user=0.00 sys=0.00, real=0.00 secs] 
2017-07-06T17:24:07.224+0900: 16.685: [GC
Desired survivor size 524288 bytes, new threshold 1 (max 15)
 [PSYoungGen: 2143K->64K(2560K)] 6015K->3943K(7680K), 0.0105131 secs] [Times: user=0.02 sys=0.00, real=0.01 secs] 
2017-07-06T17:24:07.258+0900: 16.719: [GC
Desired survivor size 524288 bytes, new threshold 1 (max 15)
 [PSYoungGen: 2111K->96K(2560K)] 5991K->3983K(7680K), 0.0006750 secs] [Times: user=0.02 sys=0.00, real=0.00 secs] 
2017-07-06T17:24:07.278+0900: 16.740: [GC
Desired survivor size 524288 bytes, new threshold 1 (max 15)
 [PSYoungGen: 2143K->96K(2560K)] 6031K->3991K(7680K), 0.0006562 secs] [Times: user=0.00 sys=0.00, real=0.00 secs] 
2017-07-06T17:24:07.299+0900: 16.760: [GC
Desired survivor size 524288 bytes, new threshold 1 (max 15)
 [PSYoungGen: 2143K->96K(2560K)] 6039K->3999K(7680K), 0.0006421 secs] [Times: user=0.00 sys=0.00, real=0.00 secs] 
2017-07-06T17:24:07.319+0900: 16.780: [GC
Desired survivor size 524288 bytes, new threshold 1 (max 15)
 [PSYoungGen: 2143K->96K(2560K)] 6047K->4007K(7680K), 0.0007709 secs] [Times: user=0.00 sys=0.00, real=0.00 secs] 
2017-07-06T17:24:07.341+0900: 16.803: [GC
Desired survivor size 524288 bytes, new threshold 1 (max 15)
 [PSYoungGen: 2143K->64K(2560K)] 6055K->3983K(7680K), 0.0116016 secs] [Times: user=0.02 sys=0.00, real=0.01 secs] 
2017-07-06T17:24:07.373+0900: 16.835: [GC
Desired survivor size 524288 bytes, new threshold 1 (max 15)
 [PSYoungGen: 2111K->96K(2560K)] 6031K->4023K(7680K), 0.0006810 secs] [Times: user=0.00 sys=0.00, real=0.00 secs] 
2017-07-06T17:24:07.394+0900: 16.855: [GC
Desired survivor size 524288 bytes, new threshold 1 (max 15)
 [PSYoungGen: 2143K->96K(2560K)] 6071K->4031K(7680K), 0.0006540 secs] [Times: user=0.00 sys=0.00, real=0.00 secs] 
2017-07-06T17:24:07.414+0900: 16.875: [GC
Desired survivor size 524288 bytes, new threshold 1 (max 15)
 [PSYoungGen: 2143K->96K(2560K)] 6079K->4039K(7680K), 0.0006416 secs] [Times: user=0.02 sys=0.00, real=0.00 secs] 
2017-07-06T17:24:07.435+0900: 16.896: [GC
Desired survivor size 524288 bytes, new threshold 1 (max 15)
 [PSYoungGen: 2143K->96K(2560K)] 6087K->4047K(7680K), 0.0006519 secs] [Times: user=0.00 sys=0.00, real=0.00 secs] 
2017-07-06T17:24:07.456+0900: 16.917: [GC
Desired survivor size 524288 bytes, new threshold 1 (max 15)
 [PSYoungGen: 2143K->64K(2560K)] 6095K->4023K(7680K), 0.0096070 secs] [Times: user=0.01 sys=0.00, real=0.01 secs] 
2017-07-06T17:24:07.485+0900: 16.947: [GC
Desired survivor size 524288 bytes, new threshold 1 (max 15)
 [PSYoungGen: 2111K->96K(2560K)] 6071K->4063K(7680K), 0.0006682 secs] [Times: user=0.00 sys=0.00, real=0.00 secs] 
2017-07-06T17:24:07.506+0900: 16.967: [GC
Desired survivor size 524288 bytes, new threshold 1 (max 15)
 [PSYoungGen: 2143K->96K(2560K)] 6111K->4071K(7680K), 0.0006558 secs] [Times: user=0.00 sys=0.00, real=0.00 secs] 
2017-07-06T17:24:07.526+0900: 16.988: [GC
Desired survivor size 524288 bytes, new threshold 1 (max 15)
 [PSYoungGen: 2143K->96K(2560K)] 6119K->4079K(7680K), 0.0006570 secs] [Times: user=0.00 sys=0.00, real=0.00 secs] 
2017-07-06T17:24:07.547+0900: 17.008: [GC
Desired survivor size 524288 bytes, new threshold 1 (max 15)
 [PSYoungGen: 2143K->96K(2560K)] 6127K->4087K(7680K), 0.0006566 secs] [Times: user=0.00 sys=0.00, real=0.00 secs] 
2017-07-06T17:24:07.571+0900: 17.033: [GC
Desired survivor size 524288 bytes, new threshold 1 (max 15)
 [PSYoungGen: 2143K->96K(2560K)] 6135K->4095K(7680K), 0.0006797 secs] [Times: user=0.00 sys=0.00, real=0.00 secs] 
2017-07-06T17:24:07.594+0900: 17.056: [GC
Desired survivor size 524288 bytes, new threshold 1 (max 15)
 [PSYoungGen: 2143K->64K(2560K)] 6143K->4071K(7680K), 0.0067511 secs] [Times: user=0.00 sys=0.00, real=0.01 secs] 
2017-07-06T17:24:07.624+0900: 17.085: [GC
Desired survivor size 524288 bytes, new threshold 1 (max 15)
 [PSYoungGen: 2111K->96K(2560K)] 6119K->4111K(7680K), 0.0006750 secs] [Times: user=0.00 sys=0.00, real=0.00 secs] 
2017-07-06T17:24:07.646+0900: 17.107: [GC
Desired survivor size 524288 bytes, new threshold 1 (max 15)
 [PSYoungGen: 2143K->64K(2560K)] 6159K->4087K(7680K), 0.0015097 secs] [Times: user=0.00 sys=0.00, real=0.00 secs] 
2017-07-06T17:24:07.674+0900: 17.135: [GC
Desired survivor size 524288 bytes, new threshold 1 (max 15)
 [PSYoungGen: 2111K->96K(2560K)] 6135K->4127K(7680K), 0.0007084 secs] [Times: user=0.00 sys=0.00, real=0.00 secs] 
2017-07-06T17:24:07.699+0900: 17.160: [GC
Desired survivor size 524288 bytes, new threshold 1 (max 15)
 [PSYoungGen: 2143K->64K(2560K)] 6175K->4103K(7680K), 0.0009503 secs] [Times: user=0.00 sys=0.00, real=0.00 secs] 
2017-07-06T17:24:07.720+0900: 17.181: [GC
Desired survivor size 524288 bytes, new threshold 1 (max 15)
 [PSYoungGen: 2111K->96K(2560K)] 6151K->4143K(7680K), 0.0006699 secs] [Times: user=0.00 sys=0.00, real=0.00 secs] 
2017-07-06T17:24:07.741+0900: 17.202: [GC
Desired survivor size 524288 bytes, new threshold 1 (max 15)
 [PSYoungGen: 2143K->96K(2560K)] 6191K->4151K(7680K), 0.0006528 secs] [Times: user=0.00 sys=0.00, real=0.00 secs] 
2017-07-06T17:24:07.761+0900: 17.223: [GC
Desired survivor size 524288 bytes, new threshold 1 (max 15)
 [PSYoungGen: 2143K->96K(2560K)] 6199K->4159K(7680K), 0.0006802 secs] [Times: user=0.00 sys=0.00, real=0.00 secs] 
2017-07-06T17:24:07.782+0900: 17.244: [GC
Desired survivor size 524288 bytes, new threshold 1 (max 15)
 [PSYoungGen: 2143K->64K(2560K)] 6207K->4135K(7680K), 0.0008942 secs] [Times: user=0.00 sys=0.00, real=0.00 secs] 
2017-07-06T17:24:07.808+0900: 17.269: [GC
Desired survivor size 524288 bytes, new threshold 1 (max 15)
 [PSYoungGen: 2111K->64K(2560K)] 6183K->4143K(7680K), 0.0009199 secs] [Times: user=0.00 sys=0.00, real=0.00 secs] 
2017-07-06T17:24:07.829+0900: 17.290: [GC
Desired survivor size 524288 bytes, new threshold 1 (max 15)
 [PSYoungGen: 2111K->64K(2560K)] 6191K->4151K(7680K), 0.0036028 secs] [Times: user=0.00 sys=0.00, real=0.00 secs] 
2017-07-06T17:24:07.862+0900: 17.323: [GC
Desired survivor size 524288 bytes, new threshold 1 (max 15)
 [PSYoungGen: 2111K->96K(2560K)] 6199K->4199K(7680K), 0.0009280 secs] [Times: user=0.00 sys=0.00, real=0.00 secs] 
2017-07-06T17:24:07.883+0900: 17.344: [GC
Desired survivor size 524288 bytes, new threshold 1 (max 15)
 [PSYoungGen: 2143K->96K(2560K)] 6247K->4207K(7680K), 0.0006600 secs] [Times: user=0.00 sys=0.00, real=0.00 secs] 
2017-07-06T17:24:07.905+0900: 17.366: [GC
Desired survivor size 524288 bytes, new threshold 1 (max 15)
 [PSYoungGen: 2143K->96K(2560K)] 6255K->4215K(7680K), 0.0006622 secs] [Times: user=0.00 sys=0.00, real=0.00 secs] 
2017-07-06T17:24:07.925+0900: 17.387: [GC
Desired survivor size 524288 bytes, new threshold 1 (max 15)
 [PSYoungGen: 2143K->96K(2560K)] 6263K->4223K(7680K), 0.0009610 secs] [Times: user=0.00 sys=0.00, real=0.00 secs] 
2017-07-06T17:24:07.952+0900: 17.413: [GC
Desired survivor size 524288 bytes, new threshold 1 (max 15)
 [PSYoungGen: 2143K->64K(2560K)] 6271K->4207K(7680K), 0.0007726 secs] [Times: user=0.00 sys=0.00, real=0.00 secs] 
2017-07-06T17:24:07.973+0900: 17.435: [GC
Desired survivor size 524288 bytes, new threshold 1 (max 15)
 [PSYoungGen: 2111K->96K(2560K)] 6255K->4247K(7680K), 0.0006853 secs] [Times: user=0.00 sys=0.00, real=0.00 secs] 
2017-07-06T17:24:08.000+0900: 17.461: [GC
Desired survivor size 524288 bytes, new threshold 1 (max 15)
 [PSYoungGen: 2143K->64K(2560K)] 6295K->4223K(7680K), 0.0090206 secs] [Times: user=0.02 sys=0.00, real=0.01 secs] 
2017-07-06T17:24:08.030+0900: 17.491: [GC
Desired survivor size 524288 bytes, new threshold 1 (max 15)
 [PSYoungGen: 2111K->96K(2560K)] 6271K->4263K(7680K), 0.0006819 secs] [Times: user=0.00 sys=0.00, real=0.00 secs] 
2017-07-06T17:24:08.051+0900: 17.512: [GC
Desired survivor size 524288 bytes, new threshold 1 (max 15)
 [PSYoungGen: 2143K->96K(2560K)] 6311K->4271K(7680K), 0.0006746 secs] [Times: user=0.00 sys=0.00, real=0.00 secs] 
2017-07-06T17:24:08.072+0900: 17.534: [GC
Desired survivor size 524288 bytes, new threshold 1 (max 15)
 [PSYoungGen: 2143K->96K(2560K)] 6319K->4279K(7680K), 0.0006729 secs] [Times: user=0.00 sys=0.00, real=0.00 secs] 
2017-07-06T17:24:08.098+0900: 17.559: [GC
Desired survivor size 524288 bytes, new threshold 1 (max 15)
 [PSYoungGen: 2143K->64K(2560K)] 6327K->4255K(7680K), 0.0012593 secs] [Times: user=0.00 sys=0.00, real=0.00 secs] 
2017-07-06T17:24:08.125+0900: 17.587: [GC
Desired survivor size 524288 bytes, new threshold 1 (max 15)
 [PSYoungGen: 2111K->96K(2560K)] 6303K->4295K(7680K), 0.0006998 secs] [Times: user=0.00 sys=0.00, real=0.00 secs] 
2017-07-06T17:24:08.146+0900: 17.607: [GC
Desired survivor size 524288 bytes, new threshold 1 (max 15)
 [PSYoungGen: 2143K->64K(2560K)] 6343K->4271K(7680K), 0.0009828 secs] [Times: user=0.00 sys=0.00, real=0.00 secs] 
2017-07-06T17:24:08.167+0900: 17.629: [GC
Desired survivor size 524288 bytes, new threshold 1 (max 15)
 [PSYoungGen: 2111K->64K(2560K)] 6319K->4279K(7680K), 0.0023538 secs] [Times: user=0.00 sys=0.00, real=0.00 secs] 
2017-07-06T17:24:08.189+0900: 17.651: [GC
Desired survivor size 524288 bytes, new threshold 1 (max 15)
 [PSYoungGen: 2111K->96K(2560K)] 6327K->4319K(7680K), 0.0007337 secs] [Times: user=0.00 sys=0.00, real=0.00 secs] 
2017-07-06T17:24:08.215+0900: 17.677: [GC
Desired survivor size 524288 bytes, new threshold 1 (max 15)
 [PSYoungGen: 2143K->96K(2560K)] 6367K->4327K(7680K), 0.0007525 secs] [Times: user=0.00 sys=0.00, real=0.00 secs] 
2017-07-06T17:24:08.236+0900: 17.697: [GC
Desired survivor size 524288 bytes, new threshold 1 (max 15)
 [PSYoungGen: 2143K->96K(2560K)] 6375K->4335K(7680K), 0.0006665 secs] [Times: user=0.00 sys=0.00, real=0.00 secs] 
2017-07-06T17:24:08.256+0900: 17.718: [GC
Desired survivor size 524288 bytes, new threshold 1 (max 15)
 [PSYoungGen: 2143K->96K(2560K)] 6383K->4343K(7680K), 0.0006468 secs] [Times: user=0.03 sys=0.00, real=0.00 secs] 
2017-07-06T17:24:08.277+0900: 17.738: [GC
Desired survivor size 524288 bytes, new threshold 1 (max 15)
 [PSYoungGen: 2143K->96K(2560K)] 6391K->4351K(7680K), 0.0006498 secs] [Times: user=0.00 sys=0.00, real=0.00 secs] 
2017-07-06T17:24:08.298+0900: 17.760: [GC
Desired survivor size 524288 bytes, new threshold 1 (max 15)
 [PSYoungGen: 2143K->64K(2560K)] 6399K->4327K(7680K), 0.0085356 secs] [Times: user=0.01 sys=0.00, real=0.01 secs] 
2017-07-06T17:24:08.328+0900: 17.789: [GC
Desired survivor size 524288 bytes, new threshold 1 (max 15)
 [PSYoungGen: 2111K->96K(2560K)] 6375K->4367K(7680K), 0.0007902 secs] [Times: user=0.00 sys=0.00, real=0.00 secs] 
2017-07-06T17:24:08.348+0900: 17.810: [GC
Desired survivor size 524288 bytes, new threshold 1 (max 15)
 [PSYoungGen: 2143K->96K(2560K)] 6415K->4375K(7680K), 0.0006622 secs] [Times: user=0.00 sys=0.00, real=0.00 secs] 
2017-07-06T17:24:08.369+0900: 17.830: [GC
Desired survivor size 524288 bytes, new threshold 1 (max 15)
 [PSYoungGen: 2143K->96K(2560K)] 6423K->4383K(7680K), 0.0006776 secs] [Times: user=0.00 sys=0.00, real=0.00 secs] 
2017-07-06T17:24:08.389+0900: 17.851: [GC
Desired survivor size 524288 bytes, new threshold 1 (max 15)
 [PSYoungGen: 2143K->96K(2560K)] 6431K->4391K(7680K), 0.0006596 secs] [Times: user=0.00 sys=0.00, real=0.00 secs] 
2017-07-06T17:24:08.417+0900: 17.879: [GC
Desired survivor size 524288 bytes, new threshold 1 (max 15)
 [PSYoungGen: 2143K->64K(2560K)] 6439K->4367K(7680K), 0.0047667 secs] [Times: user=0.00 sys=0.00, real=0.00 secs] 
2017-07-06T17:24:08.464+0900: 17.925: [GC
Desired survivor size 524288 bytes, new threshold 1 (max 15)
 [PSYoungGen: 2111K->96K(2560K)] 6415K->4407K(7680K), 0.0059673 secs] [Times: user=0.00 sys=0.00, real=0.01 secs] 
2017-07-06T17:24:08.490+0900: 17.951: [GC
Desired survivor size 524288 bytes, new threshold 1 (max 15)
 [PSYoungGen: 2143K->96K(2560K)] 6455K->4415K(7680K), 0.0006755 secs] [Times: user=0.00 sys=0.00, real=0.00 secs] 
2017-07-06T17:24:08.510+0900: 17.972: [GC
Desired survivor size 524288 bytes, new threshold 1 (max 15)
 [PSYoungGen: 2143K->96K(2560K)] 6463K->4423K(7680K), 0.0007538 secs] [Times: user=0.00 sys=0.00, real=0.00 secs] 
2017-07-06T17:24:08.535+0900: 17.996: [GC
Desired survivor size 524288 bytes, new threshold 1 (max 15)
 [PSYoungGen: 2143K->64K(2560K)] 6471K->4399K(7680K), 0.0037736 secs] [Times: user=0.01 sys=0.00, real=0.00 secs] 
2017-07-06T17:24:08.559+0900: 18.020: [GC
Desired survivor size 524288 bytes, new threshold 1 (max 15)
 [PSYoungGen: 2111K->64K(2560K)] 6447K->4407K(7680K), 0.0031804 secs] [Times: user=0.00 sys=0.00, real=0.00 secs] 
2017-07-06T17:24:08.582+0900: 18.043: [GC
Desired survivor size 524288 bytes, new threshold 1 (max 15)
 [PSYoungGen: 2111K->96K(2560K)] 6455K->4447K(7680K), 0.0006712 secs] [Times: user=0.00 sys=0.00, real=0.00 secs] 
2017-07-06T17:24:08.602+0900: 18.064: [GC
Desired survivor size 524288 bytes, new threshold 1 (max 15)
 [PSYoungGen: 2143K->96K(2560K)] 6495K->4455K(7680K), 0.0006635 secs] [Times: user=0.00 sys=0.00, real=0.00 secs] 
2017-07-06T17:24:08.624+0900: 18.085: [GC
Desired survivor size 524288 bytes, new threshold 1 (max 15)
 [PSYoungGen: 2143K->64K(2560K)] 6503K->4431K(7680K), 0.0107897 secs] [Times: user=0.01 sys=0.00, real=0.01 secs] 
2017-07-06T17:24:08.655+0900: 18.116: [GC
Desired survivor size 524288 bytes, new threshold 1 (max 15)
 [PSYoungGen: 2111K->96K(2560K)] 6479K->4471K(7680K), 0.0006784 secs] [Times: user=0.00 sys=0.00, real=0.00 secs] 
2017-07-06T17:24:08.675+0900: 18.137: [GC
Desired survivor size 524288 bytes, new threshold 1 (max 15)
 [PSYoungGen: 2143K->96K(2560K)] 6519K->4479K(7680K), 0.0007264 secs] [Times: user=0.00 sys=0.00, real=0.00 secs] 
2017-07-06T17:24:08.697+0900: 18.158: [GC
Desired survivor size 524288 bytes, new threshold 1 (max 15)
 [PSYoungGen: 2143K->96K(2560K)] 6527K->4487K(7680K), 0.0006725 secs] [Times: user=0.00 sys=0.00, real=0.00 secs] 
2017-07-06T17:24:08.717+0900: 18.179: [GC
Desired survivor size 524288 bytes, new threshold 1 (max 15)
 [PSYoungGen: 2143K->96K(2560K)] 6535K->4495K(7680K), 0.0006583 secs] [Times: user=0.00 sys=0.00, real=0.00 secs] 
2017-07-06T17:24:08.738+0900: 18.199: [GC
Desired survivor size 524288 bytes, new threshold 1 (max 15)
 [PSYoungGen: 2143K->64K(2560K)] 6543K->4471K(7680K), 0.0009306 secs] [Times: user=0.00 sys=0.00, real=0.00 secs] 
2017-07-06T17:24:08.760+0900: 18.222: [GC
Desired survivor size 524288 bytes, new threshold 1 (max 15)
 [PSYoungGen: 2111K->96K(2560K)] 6519K->4511K(7680K), 0.0006780 secs] [Times: user=0.00 sys=0.00, real=0.00 secs] 
2017-07-06T17:24:08.781+0900: 18.242: [GC
Desired survivor size 524288 bytes, new threshold 1 (max 15)
 [PSYoungGen: 2143K->96K(2560K)] 6559K->4519K(7680K), 0.0006772 secs] [Times: user=0.00 sys=0.00, real=0.00 secs] 
2017-07-06T17:24:08.801+0900: 18.263: [GC
Desired survivor size 524288 bytes, new threshold 1 (max 15)
 [PSYoungGen: 2143K->96K(2560K)] 6567K->4527K(7680K), 0.0006511 secs] [Times: user=0.00 sys=0.00, real=0.00 secs] 
2017-07-06T17:24:08.821+0900: 18.283: [GC
Desired survivor size 524288 bytes, new threshold 1 (max 15)
 [PSYoungGen: 2143K->96K(2560K)] 6575K->4535K(7680K), 0.0006605 secs] [Times: user=0.00 sys=0.00, real=0.00 secs] 
2017-07-06T17:24:08.842+0900: 18.303: [GC
Desired survivor size 524288 bytes, new threshold 1 (max 15)
 [PSYoungGen: 2143K->64K(2560K)] 6583K->4511K(7680K), 0.0142461 secs] [Times: user=0.02 sys=0.00, real=0.01 secs] 
2017-07-06T17:24:08.877+0900: 18.339: [GC
Desired survivor size 524288 bytes, new threshold 1 (max 15)
 [PSYoungGen: 2111K->96K(2560K)] 6559K->4551K(7680K), 0.0006977 secs] [Times: user=0.00 sys=0.00, real=0.00 secs] 
2017-07-06T17:24:08.898+0900: 18.359: [GC
Desired survivor size 524288 bytes, new threshold 1 (max 15)
 [PSYoungGen: 2143K->96K(2560K)] 6599K->4559K(7680K), 0.0006647 secs] [Times: user=0.00 sys=0.00, real=0.00 secs] 
2017-07-06T17:24:08.918+0900: 18.379: [GC
Desired survivor size 524288 bytes, new threshold 1 (max 15)
 [PSYoungGen: 2143K->96K(2560K)] 6607K->4567K(7680K), 0.0006725 secs] [Times: user=0.00 sys=0.00, real=0.00 secs] 
2017-07-06T17:24:08.938+0900: 18.400: [GC
Desired survivor size 524288 bytes, new threshold 1 (max 15)
 [PSYoungGen: 2143K->96K(2560K)] 6615K->4575K(7680K), 0.0006472 secs] [Times: user=0.00 sys=0.00, real=0.00 secs] 
2017-07-06T17:24:08.959+0900: 18.420: [GC
Desired survivor size 524288 bytes, new threshold 1 (max 15)
 [PSYoungGen: 2143K->64K(2560K)] 6623K->4551K(7680K), 0.0064562 secs] [Times: user=0.00 sys=0.00, real=0.01 secs] 
2017-07-06T17:24:08.985+0900: 18.446: [GC
Desired survivor size 524288 bytes, new threshold 1 (max 15)
 [PSYoungGen: 2111K->96K(2560K)] 6599K->4591K(7680K), 0.0006729 secs] [Times: user=0.00 sys=0.00, real=0.00 secs] 
2017-07-06T17:24:09.005+0900: 18.467: [GC
Desired survivor size 524288 bytes, new threshold 1 (max 15)
 [PSYoungGen: 2143K->96K(2560K)] 6639K->4599K(7680K), 0.0006904 secs] [Times: user=0.02 sys=0.02, real=0.00 secs] 
2017-07-06T17:24:09.026+0900: 18.487: [GC
Desired survivor size 524288 bytes, new threshold 1 (max 15)
 [PSYoungGen: 2143K->96K(2560K)] 6647K->4615K(7680K), 0.0006712 secs] [Times: user=0.00 sys=0.00, real=0.00 secs] 
2017-07-06T17:24:09.046+0900: 18.507: [GC
Desired survivor size 524288 bytes, new threshold 1 (max 15)
 [PSYoungGen: 2143K->96K(2560K)] 6663K->4623K(7680K), 0.0006378 secs] [Times: user=0.00 sys=0.00, real=0.00 secs] 
2017-07-06T17:24:09.066+0900: 18.527: [GC
Desired survivor size 524288 bytes, new threshold 1 (max 15)
 [PSYoungGen: 2143K->96K(2560K)] 6671K->4631K(7680K), 0.0006502 secs] [Times: user=0.00 sys=0.00, real=0.00 secs] 
2017-07-06T17:24:09.088+0900: 18.550: [GC
Desired survivor size 524288 bytes, new threshold 1 (max 15)
 [PSYoungGen: 2143K->96K(2560K)] 6679K->4639K(7680K), 0.0006840 secs] [Times: user=0.00 sys=0.00, real=0.00 secs] 
2017-07-06T17:24:09.109+0900: 18.570: [GC
Desired survivor size 524288 bytes, new threshold 1 (max 15)
 [PSYoungGen: 2143K->96K(2560K)] 6687K->4647K(7680K), 0.0007157 secs] [Times: user=0.00 sys=0.00, real=0.00 secs] 
2017-07-06T17:24:09.129+0900: 18.591: [GC
Desired survivor size 524288 bytes, new threshold 1 (max 15)
 [PSYoungGen: 2143K->96K(2560K)] 6695K->4655K(7680K), 0.0006729 secs] [Times: user=0.00 sys=0.00, real=0.00 secs] 
2017-07-06T17:24:09.150+0900: 18.611: [GC
Desired survivor size 524288 bytes, new threshold 1 (max 15)
 [PSYoungGen: 2143K->96K(2560K)] 6703K->4663K(7680K), 0.0006532 secs] [Times: user=0.00 sys=0.00, real=0.00 secs] 
2017-07-06T17:24:09.170+0900: 18.631: [GC
Desired survivor size 524288 bytes, new threshold 1 (max 15)
 [PSYoungGen: 2143K->96K(2560K)] 6711K->4671K(7680K), 0.0006566 secs] [Times: user=0.00 sys=0.00, real=0.00 secs] 
2017-07-06T17:24:09.191+0900: 18.652: [GC
Desired survivor size 524288 bytes, new threshold 1 (max 15)
 [PSYoungGen: 2143K->64K(2560K)] 6719K->4647K(7680K), 0.0008878 secs] [Times: user=0.00 sys=0.00, real=0.00 secs] 
2017-07-06T17:24:09.214+0900: 18.675: [GC
Desired survivor size 524288 bytes, new threshold 1 (max 15)
 [PSYoungGen: 2111K->96K(2560K)] 6695K->4687K(7680K), 0.0006939 secs] [Times: user=0.00 sys=0.00, real=0.00 secs] 
2017-07-06T17:24:09.234+0900: 18.696: [GC
Desired survivor size 524288 bytes, new threshold 1 (max 15)
 [PSYoungGen: 2143K->96K(2560K)] 6735K->4695K(7680K), 0.0006767 secs] [Times: user=0.00 sys=0.00, real=0.00 secs] 
2017-07-06T17:24:09.255+0900: 18.716: [GC
Desired survivor size 524288 bytes, new threshold 1 (max 15)
 [PSYoungGen: 2143K->96K(2560K)] 6743K->4703K(7680K), 0.0006626 secs] [Times: user=0.00 sys=0.00, real=0.00 secs] 
2017-07-06T17:24:09.275+0900: 18.736: [GC
Desired survivor size 524288 bytes, new threshold 1 (max 15)
 [PSYoungGen: 2143K->96K(2560K)] 6751K->4711K(7680K), 0.0006421 secs] [Times: user=0.00 sys=0.00, real=0.00 secs] 
2017-07-06T17:24:09.296+0900: 18.757: [GC
Desired survivor size 524288 bytes, new threshold 1 (max 15)
 [PSYoungGen: 2143K->64K(2560K)] 6759K->4687K(7680K), 0.0011852 secs] [Times: user=0.00 sys=0.00, real=0.00 secs] 
2017-07-06T17:24:09.317+0900: 18.778: [GC
Desired survivor size 524288 bytes, new threshold 1 (max 15)
 [PSYoungGen: 2111K->96K(2560K)] 6735K->4735K(7680K), 0.0033546 secs] [Times: user=0.02 sys=0.00, real=0.00 secs] 
2017-07-06T17:24:09.341+0900: 18.802: [GC
Desired survivor size 524288 bytes, new threshold 1 (max 15)
 [PSYoungGen: 2143K->96K(2560K)] 6783K->4743K(7680K), 0.0006874 secs] [Times: user=0.00 sys=0.00, real=0.00 secs] 
2017-07-06T17:24:09.361+0900: 18.823: [GC
Desired survivor size 524288 bytes, new threshold 1 (max 15)
 [PSYoungGen: 2143K->96K(2560K)] 6791K->4751K(7680K), 0.0006600 secs] [Times: user=0.00 sys=0.00, real=0.00 secs] 
2017-07-06T17:24:09.383+0900: 18.844: [GC
Desired survivor size 524288 bytes, new threshold 1 (max 15)
 [PSYoungGen: 2143K->96K(2560K)] 6799K->4759K(7680K), 0.0045240 secs] [Times: user=0.00 sys=0.00, real=0.00 secs] 
2017-07-06T17:24:09.417+0900: 18.879: [GC
Desired survivor size 524288 bytes, new threshold 1 (max 15)
 [PSYoungGen: 2143K->96K(2560K)] 6807K->4767K(7680K), 0.0006934 secs] [Times: user=0.00 sys=0.00, real=0.00 secs] 
2017-07-06T17:24:09.438+0900: 18.899: [GC
Desired survivor size 524288 bytes, new threshold 1 (max 15)
 [PSYoungGen: 2143K->96K(2560K)] 6815K->4775K(7680K), 0.0006767 secs] [Times: user=0.00 sys=0.00, real=0.00 secs] 
2017-07-06T17:24:09.458+0900: 18.919: [GC
Desired survivor size 524288 bytes, new threshold 1 (max 15)
 [PSYoungGen: 2143K->96K(2560K)] 6823K->4783K(7680K), 0.0006605 secs] [Times: user=0.00 sys=0.00, real=0.00 secs] 
2017-07-06T17:24:09.478+0900: 18.940: [GC
Desired survivor size 524288 bytes, new threshold 1 (max 15)
 [PSYoungGen: 2143K->96K(2560K)] 6831K->4791K(7680K), 0.0006588 secs] [Times: user=0.00 sys=0.00, real=0.00 secs] 
2017-07-06T17:24:09.499+0900: 18.960: [GC
Desired survivor size 524288 bytes, new threshold 1 (max 15)
 [PSYoungGen: 2143K->64K(2560K)] 6839K->4767K(7680K), 0.0040818 secs] [Times: user=0.00 sys=0.00, real=0.00 secs] 
2017-07-06T17:24:09.523+0900: 18.985: [GC
Desired survivor size 524288 bytes, new threshold 1 (max 15)
 [PSYoungGen: 2111K->96K(2560K)] 6815K->4807K(7680K), 0.0006819 secs] [Times: user=0.00 sys=0.00, real=0.00 secs] 
2017-07-06T17:24:09.543+0900: 19.005: [GC
Desired survivor size 524288 bytes, new threshold 1 (max 15)
 [PSYoungGen: 2143K->96K(2560K)] 6855K->4815K(7680K), 0.0006686 secs] [Times: user=0.00 sys=0.00, real=0.00 secs] 
2017-07-06T17:24:09.564+0900: 19.025: [GC
Desired survivor size 524288 bytes, new threshold 1 (max 15)
 [PSYoungGen: 2143K->96K(2560K)] 6863K->4823K(7680K), 0.0006489 secs] [Times: user=0.00 sys=0.00, real=0.00 secs] 
2017-07-06T17:24:09.584+0900: 19.045: [GC
Desired survivor size 524288 bytes, new threshold 1 (max 15)
 [PSYoungGen: 2143K->96K(2560K)] 6871K->4831K(7680K), 0.0006493 secs] [Times: user=0.00 sys=0.00, real=0.00 secs] 
2017-07-06T17:24:09.604+0900: 19.066: [GC
Desired survivor size 524288 bytes, new threshold 1 (max 15)
 [PSYoungGen: 2143K->64K(2560K)] 6879K->4807K(7680K), 0.0009605 secs] [Times: user=0.00 sys=0.00, real=0.00 secs] 
2017-07-06T17:24:09.626+0900: 19.087: [GC
Desired survivor size 524288 bytes, new threshold 1 (max 15)
 [PSYoungGen: 2111K->64K(2560K)] 6855K->4815K(7680K), 0.0009147 secs] [Times: user=0.00 sys=0.00, real=0.00 secs] 
2017-07-06T17:24:09.646+0900: 19.108: [GC
Desired survivor size 524288 bytes, new threshold 1 (max 15)
 [PSYoungGen: 2111K->96K(2560K)] 6863K->4855K(7680K), 0.0007846 secs] [Times: user=0.00 sys=0.00, real=0.00 secs] 
2017-07-06T17:24:09.667+0900: 19.128: [GC
Desired survivor size 524288 bytes, new threshold 1 (max 15)
 [PSYoungGen: 2143K->96K(2560K)] 6903K->4863K(7680K), 0.0006553 secs] [Times: user=0.00 sys=0.00, real=0.00 secs] 
2017-07-06T17:24:09.687+0900: 19.149: [GC
Desired survivor size 524288 bytes, new threshold 1 (max 15)
 [PSYoungGen: 2143K->96K(2560K)] 6911K->4871K(7680K), 0.0006519 secs] [Times: user=0.00 sys=0.00, real=0.00 secs] 
2017-07-06T17:24:09.708+0900: 19.169: [GC
Desired survivor size 524288 bytes, new threshold 1 (max 15)
 [PSYoungGen: 2143K->96K(2560K)] 6919K->4879K(7680K), 0.0006703 secs] [Times: user=0.00 sys=0.00, real=0.00 secs] 
2017-07-06T17:24:09.729+0900: 19.190: [GC
Desired survivor size 524288 bytes, new threshold 1 (max 15)
 [PSYoungGen: 2143K->64K(2560K)] 6927K->4855K(7680K), 0.0055645 secs] [Times: user=0.00 sys=0.00, real=0.01 secs] 
2017-07-06T17:24:09.755+0900: 19.216: [GC
Desired survivor size 524288 bytes, new threshold 1 (max 15)
 [PSYoungGen: 2111K->96K(2560K)] 6903K->4895K(7680K), 0.0006870 secs] [Times: user=0.00 sys=0.00, real=0.00 secs] 
2017-07-06T17:24:09.776+0900: 19.237: [GC
Desired survivor size 524288 bytes, new threshold 1 (max 15)
 [PSYoungGen: 2143K->64K(2560K)] 6943K->4879K(7680K), 0.0009503 secs] [Times: user=0.00 sys=0.00, real=0.00 secs] 
2017-07-06T17:24:09.796+0900: 19.258: [GC
Desired survivor size 524288 bytes, new threshold 1 (max 15)
 [PSYoungGen: 2111K->96K(2560K)] 6927K->4919K(7680K), 0.0006977 secs] [Times: user=0.00 sys=0.00, real=0.00 secs] 
2017-07-06T17:24:09.817+0900: 19.279: [GC
Desired survivor size 524288 bytes, new threshold 1 (max 15)
 [PSYoungGen: 2143K->64K(2560K)] 6967K->4895K(7680K), 0.0009378 secs] [Times: user=0.00 sys=0.00, real=0.00 secs] 
2017-07-06T17:24:09.848+0900: 19.310: [GC
Desired survivor size 524288 bytes, new threshold 1 (max 15)
 [PSYoungGen: 2111K->64K(2560K)] 6943K->4903K(7680K), 0.0015324 secs] [Times: user=0.00 sys=0.00, real=0.00 secs] 
2017-07-06T17:24:09.870+0900: 19.332: [GC
Desired survivor size 524288 bytes, new threshold 1 (max 15)
 [PSYoungGen: 2111K->96K(2560K)] 6951K->4943K(7680K), 0.0006896 secs] [Times: user=0.00 sys=0.00, real=0.00 secs] 
2017-07-06T17:24:09.891+0900: 19.352: [GC
Desired survivor size 524288 bytes, new threshold 1 (max 15)
 [PSYoungGen: 2143K->96K(2560K)] 6991K->4951K(7680K), 0.0006840 secs] [Times: user=0.00 sys=0.00, real=0.00 secs] 
2017-07-06T17:24:09.911+0900: 19.373: [GC
Desired survivor size 524288 bytes, new threshold 1 (max 15)
 [PSYoungGen: 2143K->96K(2560K)] 6999K->4959K(7680K), 0.0006656 secs] [Times: user=0.00 sys=0.00, real=0.00 secs] 
2017-07-06T17:24:09.932+0900: 19.393: [GC
Desired survivor size 524288 bytes, new threshold 1 (max 15)
 [PSYoungGen: 2143K->64K(2560K)] 7007K->4935K(7680K), 0.0009669 secs] [Times: user=0.00 sys=0.00, real=0.00 secs] 
2017-07-06T17:24:09.954+0900: 19.416: [GC
Desired survivor size 524288 bytes, new threshold 1 (max 15)
 [PSYoungGen: 2111K->96K(2560K)] 6983K->4975K(7680K), 0.0006917 secs] [Times: user=0.00 sys=0.00, real=0.00 secs] 
2017-07-06T17:24:09.975+0900: 19.437: [GC
Desired survivor size 524288 bytes, new threshold 1 (max 15)
 [PSYoungGen: 2143K->64K(2560K)] 7023K->4951K(7680K), 0.0011925 secs] [Times: user=0.00 sys=0.00, real=0.00 secs] 
2017-07-06T17:24:09.996+0900: 19.458: [GC
Desired survivor size 524288 bytes, new threshold 1 (max 15)
 [PSYoungGen: 2111K->96K(2560K)] 6999K->4991K(7680K), 0.0006622 secs] [Times: user=0.00 sys=0.00, real=0.00 secs] 
2017-07-06T17:24:10.018+0900: 19.479: [GC
Desired survivor size 524288 bytes, new threshold 1 (max 15)
 [PSYoungGen: 2143K->96K(2560K)] 7039K->4999K(7680K), 0.0006917 secs] [Times: user=0.00 sys=0.00, real=0.00 secs] 
2017-07-06T17:24:10.039+0900: 19.500: [GC
Desired survivor size 524288 bytes, new threshold 1 (max 15)
 [PSYoungGen: 2143K->96K(2560K)] 7047K->5007K(7680K), 0.0006733 secs] [Times: user=0.00 sys=0.00, real=0.00 secs] 
2017-07-06T17:24:10.059+0900: 19.521: [GC
Desired survivor size 524288 bytes, new threshold 1 (max 15)
 [PSYoungGen: 2143K->96K(2560K)] 7055K->5015K(7680K), 0.0006707 secs] [Times: user=0.00 sys=0.00, real=0.00 secs] 
2017-07-06T17:24:10.079+0900: 19.541: [GC
Desired survivor size 524288 bytes, new threshold 1 (max 15)
 [PSYoungGen: 2143K->96K(2560K)] 7063K->5023K(7680K), 0.0006540 secs] [Times: user=0.00 sys=0.00, real=0.00 secs] 
2017-07-06T17:24:10.100+0900: 19.561: [GC
Desired survivor size 524288 bytes, new threshold 1 (max 15)
 [PSYoungGen: 2143K->96K(2560K)] 7071K->5031K(7680K), 0.0006596 secs] [Times: user=0.00 sys=0.00, real=0.00 secs] 
2017-07-06T17:24:10.121+0900: 19.582: [GC
Desired survivor size 524288 bytes, new threshold 1 (max 15)
 [PSYoungGen: 2143K->64K(2560K)] 7079K->5007K(7680K), 0.0039487 secs] [Times: user=0.00 sys=0.00, real=0.00 secs] 
2017-07-06T17:24:10.148+0900: 19.610: [GC
Desired survivor size 524288 bytes, new threshold 1 (max 15)
 [PSYoungGen: 2111K->96K(2560K)] 7055K->5047K(7680K), 0.0006921 secs] [Times: user=0.00 sys=0.00, real=0.00 secs] 
2017-07-06T17:24:10.169+0900: 19.630: [GC
Desired survivor size 524288 bytes, new threshold 1 (max 15)
 [PSYoungGen: 2143K->64K(2560K)] 7095K->5023K(7680K), 0.0024861 secs] [Times: user=0.00 sys=0.00, real=0.00 secs] 
2017-07-06T17:24:10.191+0900: 19.653: [GC
Desired survivor size 524288 bytes, new threshold 1 (max 15)
 [PSYoungGen: 2111K->96K(2560K)] 7071K->5063K(7680K), 0.0006703 secs] [Times: user=0.00 sys=0.00, real=0.00 secs] 
2017-07-06T17:24:10.212+0900: 19.673: [GC
Desired survivor size 524288 bytes, new threshold 1 (max 15)
 [PSYoungGen: 2143K->64K(2560K)] 7111K->5039K(7680K), 0.0090030 secs] [Times: user=0.00 sys=0.00, real=0.01 secs] 
2017-07-06T17:24:10.243+0900: 19.705: [GC
Desired survivor size 524288 bytes, new threshold 1 (max 15)
 [PSYoungGen: 2111K->64K(2560K)] 7087K->5047K(7680K), 0.0011497 secs] [Times: user=0.00 sys=0.00, real=0.00 secs] 
2017-07-06T17:24:10.264+0900: 19.726: [GC
Desired survivor size 524288 bytes, new threshold 1 (max 15)
 [PSYoungGen: 2111K->96K(2560K)] 7095K->5087K(7680K), 0.0006665 secs] [Times: user=0.00 sys=0.00, real=0.00 secs] 
2017-07-06T17:24:10.285+0900: 19.747: [GC
Desired survivor size 524288 bytes, new threshold 1 (max 15)
 [PSYoungGen: 2143K->96K(2560K)] 7135K->5095K(7680K), 0.0006784 secs] [Times: user=0.00 sys=0.00, real=0.00 secs] 
2017-07-06T17:24:10.306+0900: 19.768: [GC
Desired survivor size 524288 bytes, new threshold 1 (max 15)
 [PSYoungGen: 2143K->96K(2560K)] 7143K->5103K(7680K), 0.0006519 secs] [Times: user=0.00 sys=0.00, real=0.00 secs] 
2017-07-06T17:24:10.330+0900: 19.792: [GC
Desired survivor size 524288 bytes, new threshold 1 (max 15)
 [PSYoungGen: 2143K->64K(2560K)] 7151K->5079K(7680K), 0.0026902 secs] [Times: user=0.00 sys=0.00, real=0.00 secs] 
2017-07-06T17:24:10.355+0900: 19.816: [GC
Desired survivor size 524288 bytes, new threshold 1 (max 15)
 [PSYoungGen: 2111K->96K(2560K)] 7127K->5119K(7680K), 0.0006870 secs] [Times: user=0.00 sys=0.00, real=0.00 secs] 
2017-07-06T17:24:10.376+0900: 19.837: [GC
Desired survivor size 524288 bytes, new threshold 1 (max 15)
 [PSYoungGen: 2143K->96K(2560K)] 7167K->5127K(7680K), 0.0006729 secs] [Times: user=0.00 sys=0.00, real=0.00 secs] 
2017-07-06T17:24:10.397+0900: 19.858: [GC
Desired survivor size 524288 bytes, new threshold 1 (max 15)
 [PSYoungGen: 2143K->96K(2560K)] 7175K->5135K(7680K), 0.0006528 secs] [Times: user=0.00 sys=0.00, real=0.00 secs] 
2017-07-06T17:24:10.418+0900: 19.879: [GC
Desired survivor size 524288 bytes, new threshold 1 (max 15)
 [PSYoungGen: 2143K->64K(2560K)] 7183K->5111K(7680K), 0.0009794 secs] [Times: user=0.00 sys=0.00, real=0.00 secs] 
2017-07-06T17:24:10.441+0900: 19.903: [GC
Desired survivor size 524288 bytes, new threshold 1 (max 15)
 [PSYoungGen: 2111K->64K(2560K)] 7159K->5119K(7680K), 0.0043339 secs] [Times: user=0.00 sys=0.00, real=0.00 secs] 
2017-07-06T17:24:10.466+0900: 19.927: [GC
Desired survivor size 524288 bytes, new threshold 1 (max 15)
 [PSYoungGen: 2111K->96K(2560K)] 7167K->5159K(7680K), 0.0006819 secs] [Times: user=0.00 sys=0.00, real=0.00 secs] 
2017-07-06T17:24:10.487+0900: 19.948: [GC
Desired survivor size 524288 bytes, new threshold 1 (max 15)
 [PSYoungGen: 2143K->96K(2560K)] 7207K->5167K(7680K), 0.0006677 secs] [Times: user=0.00 sys=0.00, real=0.00 secs] 
2017-07-06T17:24:10.507+0900: 19.969: [GC
Desired survivor size 524288 bytes, new threshold 1 (max 15)
 [PSYoungGen: 2143K->96K(2560K)] 7215K->5175K(7680K), 0.0006528 secs] [Times: user=0.00 sys=0.00, real=0.00 secs] 
2017-07-06T17:24:10.529+0900: 19.990: [GC
Desired survivor size 524288 bytes, new threshold 1 (max 15)
 [PSYoungGen: 2143K->64K(2560K)] 7223K->5151K(7680K), 0.0011048 secs] [Times: user=0.00 sys=0.00, real=0.00 secs] 
2017-07-06T17:24:10.552+0900: 20.013: [GC
Desired survivor size 524288 bytes, new threshold 1 (max 15)
 [PSYoungGen: 2111K->96K(2560K)] 7199K->5191K(7680K), 0.0007028 secs] [Times: user=0.00 sys=0.00, real=0.00 secs] 
2017-07-06T17:24:10.575+0900: 20.036: [GC
Desired survivor size 524288 bytes, new threshold 1 (max 15)
 [PSYoungGen: 2143K->64K(2560K)] 7239K->5175K(7680K), 0.0012118 secs] [Times: user=0.00 sys=0.00, real=0.00 secs] 
2017-07-06T17:24:10.576+0900: 20.037: [Full GC [PSYoungGen: 64K->0K(2560K)] [ParOldGen: 5111K->4452K(5120K)] 5175K->4452K(7680K) [PSPermGen: 3312K->3312K(21504K)], 0.0439475 secs] [Times: user=0.08 sys=0.00, real=0.04 secs] 
2017-07-06T17:24:10.648+0900: 20.110: [GC
Desired survivor size 524288 bytes, new threshold 1 (max 15)
 [PSYoungGen: 2047K->64K(2560K)] 6500K->4516K(7680K), 0.0252682 secs] [Times: user=0.03 sys=0.00, real=0.03 secs] 
2017-07-06T17:24:10.697+0900: 20.159: [GC
Desired survivor size 524288 bytes, new threshold 1 (max 15)
 [PSYoungGen: 2111K->96K(2560K)] 6564K->4580K(7680K), 0.0006964 secs] [Times: user=0.00 sys=0.00, real=0.00 secs] 
2017-07-06T17:24:10.718+0900: 20.180: [GC
Desired survivor size 524288 bytes, new threshold 1 (max 15)
 [PSYoungGen: 2143K->96K(2560K)] 6628K->4588K(7680K), 0.0006866 secs] [Times: user=0.00 sys=0.00, real=0.00 secs] 
2017-07-06T17:24:10.739+0900: 20.200: [GC
Desired survivor size 524288 bytes, new threshold 1 (max 15)
 [PSYoungGen: 2143K->96K(2560K)] 6636K->4596K(7680K), 0.0006528 secs] [Times: user=0.00 sys=0.00, real=0.00 secs] 
2017-07-06T17:24:10.759+0900: 20.221: [GC
Desired survivor size 524288 bytes, new threshold 1 (max 15)
 [PSYoungGen: 2143K->96K(2560K)] 6644K->4604K(7680K), 0.0006652 secs] [Times: user=0.00 sys=0.00, real=0.00 secs] 
2017-07-06T17:24:10.780+0900: 20.242: [GC
Desired survivor size 524288 bytes, new threshold 1 (max 15)
 [PSYoungGen: 2143K->64K(2560K)] 6652K->4580K(7680K), 0.0009682 secs] [Times: user=0.00 sys=0.00, real=0.00 secs] 
2017-07-06T17:24:10.804+0900: 20.265: [GC
Desired survivor size 524288 bytes, new threshold 1 (max 15)
 [PSYoungGen: 2111K->96K(2560K)] 6628K->4620K(7680K), 0.0006896 secs] [Times: user=0.00 sys=0.00, real=0.00 secs] 
2017-07-06T17:24:10.825+0900: 20.286: [GC
Desired survivor size 524288 bytes, new threshold 1 (max 15)
 [PSYoungGen: 2143K->96K(2560K)] 6668K->4628K(7680K), 0.0007208 secs] [Times: user=0.00 sys=0.00, real=0.00 secs] 
2017-07-06T17:24:10.845+0900: 20.307: [GC
Desired survivor size 524288 bytes, new threshold 1 (max 15)
 [PSYoungGen: 2143K->96K(2560K)] 6676K->4636K(7680K), 0.0006682 secs] [Times: user=0.03 sys=0.00, real=0.00 secs] 
2017-07-06T17:24:10.866+0900: 20.328: [GC
Desired survivor size 524288 bytes, new threshold 1 (max 15)
 [PSYoungGen: 2143K->96K(2560K)] 6684K->4644K(7680K), 0.0006549 secs] [Times: user=0.00 sys=0.00, real=0.00 secs] 
2017-07-06T17:24:10.887+0900: 20.348: [GC
Desired survivor size 524288 bytes, new threshold 1 (max 15)
 [PSYoungGen: 2143K->96K(2560K)] 6692K->4652K(7680K), 0.0006468 secs] [Times: user=0.00 sys=0.00, real=0.00 secs] 
2017-07-06T17:24:10.909+0900: 20.371: [GC
Desired survivor size 524288 bytes, new threshold 1 (max 15)
 [PSYoungGen: 2143K->96K(2560K)] 6700K->4668K(7680K), 0.0007936 secs] [Times: user=0.00 sys=0.00, real=0.00 secs] 
2017-07-06T17:24:10.930+0900: 20.392: [GC
Desired survivor size 524288 bytes, new threshold 1 (max 15)
 [PSYoungGen: 2143K->96K(2560K)] 6716K->4676K(7680K), 0.0006814 secs] [Times: user=0.00 sys=0.00, real=0.00 secs] 
2017-07-06T17:24:10.951+0900: 20.413: [GC
Desired survivor size 524288 bytes, new threshold 1 (max 15)
 [PSYoungGen: 2143K->96K(2560K)] 6724K->4684K(7680K), 0.0006823 secs] [Times: user=0.00 sys=0.00, real=0.00 secs] 
2017-07-06T17:24:10.971+0900: 20.433: [GC
Desired survivor size 524288 bytes, new threshold 1 (max 15)
 [PSYoungGen: 2143K->96K(2560K)] 6732K->4692K(7680K), 0.0006652 secs] [Times: user=0.00 sys=0.00, real=0.00 secs] 
2017-07-06T17:24:10.992+0900: 20.453: [GC
Desired survivor size 524288 bytes, new threshold 1 (max 15)
 [PSYoungGen: 2143K->96K(2560K)] 6740K->4700K(7680K), 0.0006515 secs] [Times: user=0.00 sys=0.00, real=0.00 secs] 
2017-07-06T17:24:11.013+0900: 20.475: [GC
Desired survivor size 524288 bytes, new threshold 1 (max 15)
 [PSYoungGen: 2143K->96K(2560K)] 6748K->4708K(7680K), 0.0024668 secs] [Times: user=0.00 sys=0.00, real=0.00 secs] 
2017-07-06T17:24:11.036+0900: 20.497: [GC
Desired survivor size 524288 bytes, new threshold 1 (max 15)
 [PSYoungGen: 2143K->96K(2560K)] 6756K->4716K(7680K), 0.0006921 secs] [Times: user=0.00 sys=0.00, real=0.00 secs] 
2017-07-06T17:24:11.056+0900: 20.518: [GC
Desired survivor size 524288 bytes, new threshold 1 (max 15)
 [PSYoungGen: 2143K->96K(2560K)] 6764K->4724K(7680K), 0.0006686 secs] [Times: user=0.00 sys=0.00, real=0.00 secs] 
2017-07-06T17:24:11.077+0900: 20.538: [GC
Desired survivor size 524288 bytes, new threshold 1 (max 15)
 [PSYoungGen: 2143K->96K(2560K)] 6772K->4732K(7680K), 0.0006558 secs] [Times: user=0.00 sys=0.00, real=0.00 secs] 
2017-07-06T17:24:11.097+0900: 20.558: [GC
Desired survivor size 524288 bytes, new threshold 1 (max 15)
 [PSYoungGen: 2143K->96K(2560K)] 6780K->4740K(7680K), 0.0006583 secs] [Times: user=0.00 sys=0.00, real=0.00 secs] 
2017-07-06T17:24:11.129+0900: 20.590: [GC
Desired survivor size 524288 bytes, new threshold 1 (max 15)
 [PSYoungGen: 2143K->64K(2560K)] 6788K->4716K(7680K), 0.0011810 secs] [Times: user=0.00 sys=0.00, real=0.00 secs] 
2017-07-06T17:24:11.155+0900: 20.616: [GC
Desired survivor size 524288 bytes, new threshold 1 (max 15)
 [PSYoungGen: 2111K->64K(2560K)] 6764K->4724K(7680K), 0.0112905 secs] [Times: user=0.02 sys=0.00, real=0.01 secs] 
2017-07-06T17:24:11.190+0900: 20.651: [GC
Desired survivor size 524288 bytes, new threshold 1 (max 15)
 [PSYoungGen: 2111K->64K(2560K)] 6772K->4732K(7680K), 0.0119685 secs] [Times: user=0.00 sys=0.00, real=0.01 secs] 
2017-07-06T17:24:11.222+0900: 20.684: [GC
Desired survivor size 524288 bytes, new threshold 1 (max 15)
 [PSYoungGen: 2111K->96K(2560K)] 6780K->4772K(7680K), 0.0007054 secs] [Times: user=0.00 sys=0.00, real=0.00 secs] 
2017-07-06T17:24:11.243+0900: 20.705: [GC
Desired survivor size 524288 bytes, new threshold 1 (max 15)
 [PSYoungGen: 2143K->96K(2560K)] 6820K->4780K(7680K), 0.0006917 secs] [Times: user=0.00 sys=0.00, real=0.00 secs] 
2017-07-06T17:24:11.264+0900: 20.725: [GC
Desired survivor size 524288 bytes, new threshold 1 (max 15)
 [PSYoungGen: 2143K->96K(2560K)] 6828K->4788K(7680K), 0.0006742 secs] [Times: user=0.00 sys=0.00, real=0.00 secs] 
2017-07-06T17:24:11.284+0900: 20.746: [GC
Desired survivor size 524288 bytes, new threshold 1 (max 15)
 [PSYoungGen: 2143K->64K(2560K)] 6836K->4764K(7680K), 0.0009952 secs] [Times: user=0.00 sys=0.00, real=0.00 secs] 
2017-07-06T17:24:11.308+0900: 20.769: [GC
Desired survivor size 524288 bytes, new threshold 1 (max 15)
 [PSYoungGen: 2111K->96K(2560K)] 6812K->4804K(7680K), 0.0007315 secs] [Times: user=0.00 sys=0.00, real=0.00 secs] 
2017-07-06T17:24:11.328+0900: 20.790: [GC
Desired survivor size 524288 bytes, new threshold 1 (max 15)
 [PSYoungGen: 2143K->96K(2560K)] 6852K->4812K(7680K), 0.0006819 secs] [Times: user=0.00 sys=0.00, real=0.00 secs] 
2017-07-06T17:24:11.349+0900: 20.811: [GC
Desired survivor size 524288 bytes, new threshold 1 (max 15)
 [PSYoungGen: 2143K->96K(2560K)] 6860K->4820K(7680K), 0.0006716 secs] [Times: user=0.00 sys=0.00, real=0.00 secs] 
2017-07-06T17:24:11.370+0900: 20.832: [GC
Desired survivor size 524288 bytes, new threshold 1 (max 15)
 [PSYoungGen: 2143K->96K(2560K)] 6868K->4828K(7680K), 0.0006767 secs] [Times: user=0.00 sys=0.00, real=0.00 secs] 
2017-07-06T17:24:11.391+0900: 20.853: [GC
Desired survivor size 524288 bytes, new threshold 1 (max 15)
 [PSYoungGen: 2143K->64K(2560K)] 6876K->4804K(7680K), 0.0067100 secs] [Times: user=0.00 sys=0.00, real=0.01 secs] 
2017-07-06T17:24:11.418+0900: 20.880: [GC
Desired survivor size 524288 bytes, new threshold 1 (max 15)
 [PSYoungGen: 2111K->96K(2560K)] 6852K->4844K(7680K), 0.0006887 secs] [Times: user=0.00 sys=0.00, real=0.00 secs] 
2017-07-06T17:24:11.438+0900: 20.900: [GC
Desired survivor size 524288 bytes, new threshold 1 (max 15)
 [PSYoungGen: 2143K->96K(2560K)] 6892K->4852K(7680K), 0.0008094 secs] [Times: user=0.03 sys=0.00, real=0.00 secs] 
2017-07-06T17:24:11.459+0900: 20.921: [GC
Desired survivor size 524288 bytes, new threshold 1 (max 15)
 [PSYoungGen: 2143K->96K(2560K)] 6900K->4860K(7680K), 0.0006857 secs] [Times: user=0.00 sys=0.00, real=0.00 secs] 
2017-07-06T17:24:11.488+0900: 20.950: [GC
Desired survivor size 524288 bytes, new threshold 1 (max 15)
 [PSYoungGen: 2143K->64K(2560K)] 6908K->4836K(7680K), 0.0105234 secs] [Times: user=0.00 sys=0.00, real=0.01 secs] 
2017-07-06T17:24:11.520+0900: 20.982: [GC
Desired survivor size 524288 bytes, new threshold 1 (max 15)
 [PSYoungGen: 2111K->64K(2560K)] 6884K->4844K(7680K), 0.0011514 secs] [Times: user=0.00 sys=0.00, real=0.00 secs] 
2017-07-06T17:24:11.542+0900: 21.004: [GC
Desired survivor size 524288 bytes, new threshold 1 (max 15)
 [PSYoungGen: 2111K->96K(2560K)] 6892K->4884K(7680K), 0.0006998 secs] [Times: user=0.00 sys=0.00, real=0.00 secs] 
2017-07-06T17:24:11.562+0900: 21.024: [GC
Desired survivor size 524288 bytes, new threshold 1 (max 15)
 [PSYoungGen: 2143K->96K(2560K)] 6932K->4892K(7680K), 0.0006793 secs] [Times: user=0.00 sys=0.00, real=0.00 secs] 
2017-07-06T17:24:11.583+0900: 21.044: [GC
Desired survivor size 524288 bytes, new threshold 1 (max 15)
 [PSYoungGen: 2143K->96K(2560K)] 6940K->4900K(7680K), 0.0006669 secs] [Times: user=0.00 sys=0.00, real=0.00 secs] 
2017-07-06T17:24:11.603+0900: 21.065: [GC
Desired survivor size 524288 bytes, new threshold 1 (max 15)
 [PSYoungGen: 2143K->64K(2560K)] 6948K->4876K(7680K), 0.0009537 secs] [Times: user=0.00 sys=0.00, real=0.00 secs] 
2017-07-06T17:24:11.626+0900: 21.088: [GC
Desired survivor size 524288 bytes, new threshold 1 (max 15)
 [PSYoungGen: 2111K->96K(2560K)] 6924K->4916K(7680K), 0.0007046 secs] [Times: user=0.00 sys=0.00, real=0.00 secs] 
2017-07-06T17:24:11.646+0900: 21.108: [GC
Desired survivor size 524288 bytes, new threshold 1 (max 15)
 [PSYoungGen: 2143K->96K(2560K)] 6964K->4924K(7680K), 0.0006866 secs] [Times: user=0.00 sys=0.00, real=0.00 secs] 
2017-07-06T17:24:11.667+0900: 21.128: [GC
Desired survivor size 524288 bytes, new threshold 1 (max 15)
 [PSYoungGen: 2143K->96K(2560K)] 6972K->4940K(7680K), 0.0006673 secs] [Times: user=0.00 sys=0.00, real=0.00 secs] 
2017-07-06T17:24:11.687+0900: 21.148: [GC
Desired survivor size 524288 bytes, new threshold 1 (max 15)
 [PSYoungGen: 2143K->96K(2560K)] 6988K->4956K(7680K), 0.0006609 secs] [Times: user=0.00 sys=0.00, real=0.00 secs] 
2017-07-06T17:24:11.707+0900: 21.169: [GC
Desired survivor size 524288 bytes, new threshold 1 (max 15)
 [PSYoungGen: 2143K->64K(2560K)] 7004K->4932K(7680K), 0.0011865 secs] [Times: user=0.00 sys=0.00, real=0.00 secs] 
2017-07-06T17:24:11.730+0900: 21.192: [GC
Desired survivor size 524288 bytes, new threshold 1 (max 15)
 [PSYoungGen: 2111K->96K(2560K)] 6980K->4972K(7680K), 0.0007046 secs] [Times: user=0.00 sys=0.00, real=0.00 secs] 
2017-07-06T17:24:11.751+0900: 21.212: [GC
Desired survivor size 524288 bytes, new threshold 1 (max 15)
 [PSYoungGen: 2143K->96K(2560K)] 7020K->4980K(7680K), 0.0006913 secs] [Times: user=0.00 sys=0.00, real=0.00 secs] 
2017-07-06T17:24:11.771+0900: 21.233: [GC
Desired survivor size 524288 bytes, new threshold 1 (max 15)
 [PSYoungGen: 2143K->96K(2560K)] 7028K->4988K(7680K), 0.0006767 secs] [Times: user=0.00 sys=0.00, real=0.00 secs] 
2017-07-06T17:24:11.791+0900: 21.253: [GC
Desired survivor size 524288 bytes, new threshold 1 (max 15)
 [PSYoungGen: 2143K->96K(2560K)] 7036K->5004K(7680K), 0.0006840 secs] [Times: user=0.00 sys=0.00, real=0.00 secs] 
2017-07-06T17:24:11.811+0900: 21.273: [GC
Desired survivor size 524288 bytes, new threshold 1 (max 15)
 [PSYoungGen: 2143K->96K(2560K)] 7052K->5012K(7680K), 0.0006622 secs] [Times: user=0.00 sys=0.00, real=0.00 secs] 
2017-07-06T17:24:11.832+0900: 21.294: [GC
Desired survivor size 524288 bytes, new threshold 1 (max 15)
 [PSYoungGen: 2143K->64K(2560K)] 7060K->4988K(7680K), 0.0013359 secs] [Times: user=0.00 sys=0.00, real=0.00 secs] 
2017-07-06T17:24:11.853+0900: 21.315: [GC
Desired survivor size 524288 bytes, new threshold 1 (max 15)
 [PSYoungGen: 2111K->96K(2560K)] 7036K->5028K(7680K), 0.0006883 secs] [Times: user=0.00 sys=0.00, real=0.00 secs] 
2017-07-06T17:24:11.874+0900: 21.335: [GC
Desired survivor size 524288 bytes, new threshold 1 (max 15)
 [PSYoungGen: 2143K->96K(2560K)] 7076K->5036K(7680K), 0.0006763 secs] [Times: user=0.00 sys=0.00, real=0.00 secs] 
2017-07-06T17:24:11.894+0900: 21.355: [GC
Desired survivor size 524288 bytes, new threshold 1 (max 15)
 [PSYoungGen: 2143K->96K(2560K)] 7084K->5044K(7680K), 0.0006626 secs] [Times: user=0.00 sys=0.00, real=0.00 secs] 
2017-07-06T17:24:11.910+0900: 21.372: [GC
Desired survivor size 524288 bytes, new threshold 1 (max 15)
 [PSYoungGen: 1756K->96K(2560K)] 6704K->5060K(7680K), 0.0006613 secs] [Times: user=0.00 sys=0.00, real=0.00 secs] 
2017-07-06T17:24:11.926+0900: 21.388: [GC
Desired survivor size 524288 bytes, new threshold 1 (max 15)
 [PSYoungGen: 2130K->480K(2560K)] 7094K->5461K(7680K), 0.0014074 secs] [Times: user=0.00 sys=0.00, real=0.00 secs] 
2017-07-06T17:24:11.950+0900: 21.412: [GC-- [PSYoungGen: 2527K->2527K(2560K)] 7508K->7524K(7680K), 0.0009216 secs] [Times: user=0.00 sys=0.00, real=0.00 secs] 
2017-07-06T17:24:11.951+0900: 21.413: [Full GC [PSYoungGen: 2527K->0K(2560K)] [ParOldGen: 4996K->4811K(5120K)] 7524K->4811K(7680K) [PSPermGen: 3312K->3312K(21504K)], 0.0497368 secs] [Times: user=0.09 sys=0.00, real=0.05 secs] 
2017-07-06T17:24:12.021+0900: 21.483: [GC
Desired survivor size 524288 bytes, new threshold 1 (max 15)
 [PSYoungGen: 2047K->80K(2560K)] 6858K->4891K(7680K), 0.0007812 secs] [Times: user=0.00 sys=0.00, real=0.00 secs] 
2017-07-06T17:24:12.041+0900: 21.503: [GC
Desired survivor size 524288 bytes, new threshold 1 (max 15)
 [PSYoungGen: 2123K->64K(2560K)] 6934K->4899K(7680K), 0.0007602 secs] [Times: user=0.00 sys=0.00, real=0.00 secs] 
2017-07-06T17:24:12.064+0900: 21.525: [GC
Desired survivor size 524288 bytes, new threshold 1 (max 15)
 [PSYoungGen: 2112K->64K(2560K)] 6947K->4907K(7680K), 0.0010234 secs] [Times: user=0.00 sys=0.00, real=0.00 secs] 
2017-07-06T17:24:12.086+0900: 21.548: [GC
Desired survivor size 524288 bytes, new threshold 1 (max 15)
 [PSYoungGen: 2111K->64K(2560K)] 6954K->4915K(7680K), 0.0007320 secs] [Times: user=0.00 sys=0.00, real=0.00 secs] 
2017-07-06T17:24:12.106+0900: 21.568: [GC
Desired survivor size 524288 bytes, new threshold 1 (max 15)
 [PSYoungGen: 2111K->64K(2560K)] 6962K->4923K(7680K), 0.0007050 secs] [Times: user=0.00 sys=0.00, real=0.00 secs] 
2017-07-06T17:24:12.127+0900: 21.588: [GC
Desired survivor size 524288 bytes, new threshold 1 (max 15)
 [PSYoungGen: 2111K->64K(2560K)] 6970K->4931K(7680K), 0.0006866 secs] [Times: user=0.00 sys=0.00, real=0.00 secs] 
2017-07-06T17:24:12.147+0900: 21.608: [GC
Desired survivor size 524288 bytes, new threshold 1 (max 15)
 [PSYoungGen: 2111K->64K(2560K)] 6978K->4939K(7680K), 0.0006780 secs] [Times: user=0.00 sys=0.00, real=0.00 secs] 
2017-07-06T17:24:12.167+0900: 21.629: [GC
Desired survivor size 524288 bytes, new threshold 1 (max 15)
 [PSYoungGen: 2111K->64K(2560K)] 6986K->4947K(7680K), 0.0061334 secs] [Times: user=0.01 sys=0.00, real=0.01 secs] 
2017-07-06T17:24:12.195+0900: 21.657: [GC
Desired survivor size 524288 bytes, new threshold 1 (max 15)
 [PSYoungGen: 2111K->64K(2560K)] 6994K->4955K(7680K), 0.0007534 secs] [Times: user=0.00 sys=0.00, real=0.00 secs] 
2017-07-06T17:24:12.216+0900: 21.677: [GC
Desired survivor size 524288 bytes, new threshold 1 (max 15)
 [PSYoungGen: 2111K->64K(2560K)] 7002K->4963K(7680K), 0.0007007 secs] [Times: user=0.00 sys=0.00, real=0.00 secs] 
2017-07-06T17:24:12.236+0900: 21.698: [GC
Desired survivor size 524288 bytes, new threshold 1 (max 15)
 [PSYoungGen: 2111K->64K(2560K)] 7010K->4971K(7680K), 0.0006930 secs] [Times: user=0.00 sys=0.00, real=0.00 secs] 
2017-07-06T17:24:12.256+0900: 21.718: [GC
Desired survivor size 524288 bytes, new threshold 1 (max 15)
 [PSYoungGen: 2111K->64K(2560K)] 7018K->4979K(7680K), 0.0007174 secs] [Times: user=0.00 sys=0.00, real=0.00 secs] 
2017-07-06T17:24:12.278+0900: 21.740: [GC
Desired survivor size 524288 bytes, new threshold 1 (max 15)
 [PSYoungGen: 2111K->96K(2560K)] 7026K->5019K(7680K), 0.0007260 secs] [Times: user=0.00 sys=0.00, real=0.00 secs] 
2017-07-06T17:24:12.299+0900: 21.760: [GC
Desired survivor size 524288 bytes, new threshold 1 (max 15)
 [PSYoungGen: 2143K->96K(2560K)] 7066K->5027K(7680K), 0.0007054 secs] [Times: user=0.00 sys=0.00, real=0.00 secs] 
2017-07-06T17:24:12.319+0900: 21.781: [GC
Desired survivor size 524288 bytes, new threshold 1 (max 15)
 [PSYoungGen: 2143K->64K(2560K)] 7074K->5003K(7680K), 0.0006969 secs] [Times: user=0.00 sys=0.00, real=0.00 secs] 
2017-07-06T17:24:12.339+0900: 21.801: [GC
Desired survivor size 524288 bytes, new threshold 1 (max 15)
 [PSYoungGen: 2111K->64K(2560K)] 7050K->5011K(7680K), 0.0007033 secs] [Times: user=0.00 sys=0.00, real=0.00 secs] 
2017-07-06T17:24:12.360+0900: 21.821: [GC
Desired survivor size 524288 bytes, new threshold 1 (max 15)
 [PSYoungGen: 2111K->64K(2560K)] 7058K->5019K(7680K), 0.0040210 secs] [Times: user=0.00 sys=0.00, real=0.00 secs] 
2017-07-06T17:24:12.386+0900: 21.848: [GC
Desired survivor size 524288 bytes, new threshold 1 (max 15)
 [PSYoungGen: 2111K->64K(2560K)] 7066K->5027K(7680K), 0.0007290 secs] [Times: user=0.00 sys=0.00, real=0.00 secs] 
2017-07-06T17:24:12.407+0900: 21.868: [GC
Desired survivor size 524288 bytes, new threshold 1 (max 15)
 [PSYoungGen: 2111K->64K(2560K)] 7074K->5035K(7680K), 0.0007324 secs] [Times: user=0.00 sys=0.00, real=0.00 secs] 
2017-07-06T17:24:12.427+0900: 21.889: [GC
Desired survivor size 524288 bytes, new threshold 1 (max 15)
 [PSYoungGen: 2111K->96K(2560K)] 7082K->5075K(7680K), 0.0007050 secs] [Times: user=0.00 sys=0.00, real=0.00 secs] 
2017-07-06T17:24:12.447+0900: 21.909: [GC
Desired survivor size 524288 bytes, new threshold 1 (max 15)
 [PSYoungGen: 2143K->64K(2560K)] 7122K->5051K(7680K), 0.0006904 secs] [Times: user=0.00 sys=0.00, real=0.00 secs] 
2017-07-06T17:24:12.467+0900: 21.929: [GC
Desired survivor size 524288 bytes, new threshold 1 (max 15)
 [PSYoungGen: 2111K->96K(2560K)] 7098K->5091K(7680K), 0.0006853 secs] [Times: user=0.00 sys=0.00, real=0.00 secs] 
2017-07-06T17:24:12.488+0900: 21.950: [GC
Desired survivor size 524288 bytes, new threshold 1 (max 15)
 [PSYoungGen: 2143K->64K(2560K)] 7138K->5067K(7680K), 0.0012970 secs] [Times: user=0.00 sys=0.00, real=0.00 secs] 
2017-07-06T17:24:12.510+0900: 21.971: [GC
Desired survivor size 524288 bytes, new threshold 1 (max 15)
 [PSYoungGen: 2111K->64K(2560K)] 7114K->5075K(7680K), 0.0007225 secs] [Times: user=0.00 sys=0.00, real=0.00 secs] 
2017-07-06T17:24:12.530+0900: 21.992: [GC
Desired survivor size 524288 bytes, new threshold 1 (max 15)
 [PSYoungGen: 2111K->64K(2560K)] 7122K->5083K(7680K), 0.0007281 secs] [Times: user=0.02 sys=0.00, real=0.00 secs] 
2017-07-06T17:24:12.550+0900: 22.012: [GC
Desired survivor size 524288 bytes, new threshold 1 (max 15)
 [PSYoungGen: 2111K->64K(2560K)] 7130K->5091K(7680K), 0.0007200 secs] [Times: user=0.00 sys=0.00, real=0.00 secs] 
2017-07-06T17:24:12.571+0900: 22.032: [GC
Desired survivor size 524288 bytes, new threshold 1 (max 15)
 [PSYoungGen: 2111K->64K(2560K)] 7138K->5099K(7680K), 0.0007028 secs] [Times: user=0.00 sys=0.00, real=0.00 secs] 
2017-07-06T17:24:12.591+0900: 22.053: [GC
Desired survivor size 524288 bytes, new threshold 1 (max 15)
 [PSYoungGen: 2111K->64K(2560K)] 7146K->5107K(7680K), 0.0007739 secs] [Times: user=0.00 sys=0.00, real=0.00 secs] 
2017-07-06T17:24:12.612+0900: 22.074: [GC
Desired survivor size 524288 bytes, new threshold 1 (max 15)
 [PSYoungGen: 2111K->64K(2560K)] 7154K->5115K(7680K), 0.0011240 secs] [Times: user=0.00 sys=0.00, real=0.00 secs] 
2017-07-06T17:24:12.634+0900: 22.096: [GC
Desired survivor size 524288 bytes, new threshold 1 (max 15)
 [PSYoungGen: 2111K->64K(2560K)] 7162K->5123K(7680K), 0.0007307 secs] [Times: user=0.00 sys=0.00, real=0.00 secs] 
2017-07-06T17:24:12.654+0900: 22.116: [GC
Desired survivor size 524288 bytes, new threshold 1 (max 15)
 [PSYoungGen: 2111K->64K(2560K)] 7170K->5131K(7680K), 0.0007165 secs] [Times: user=0.00 sys=0.00, real=0.00 secs] 
2017-07-06T17:24:12.675+0900: 22.136: [GC
Desired survivor size 524288 bytes, new threshold 1 (max 15)
 [PSYoungGen: 2111K->64K(2560K)] 7178K->5139K(7680K), 0.0006943 secs] [Times: user=0.00 sys=0.00, real=0.00 secs] 
2017-07-06T17:24:12.695+0900: 22.157: [GC
Desired survivor size 524288 bytes, new threshold 1 (max 15)
 [PSYoungGen: 2111K->64K(2560K)] 7186K->5147K(7680K), 0.0006921 secs] [Times: user=0.00 sys=0.00, real=0.00 secs] 
2017-07-06T17:24:12.715+0900: 22.177: [GC
Desired survivor size 524288 bytes, new threshold 1 (max 15)
 [PSYoungGen: 2111K->64K(2560K)] 7194K->5155K(7680K), 0.0086995 secs] [Times: user=0.01 sys=0.00, real=0.01 secs] 
2017-07-06T17:24:12.744+0900: 22.206: [GC
Desired survivor size 524288 bytes, new threshold 1 (max 15)
 [PSYoungGen: 2111K->96K(2560K)] 7202K->5195K(7680K), 0.0007328 secs] [Times: user=0.00 sys=0.00, real=0.00 secs] 
2017-07-06T17:24:12.764+0900: 22.226: [GC
Desired survivor size 524288 bytes, new threshold 1 (max 15)
 [PSYoungGen: 2143K->64K(2560K)] 7242K->5171K(7680K), 0.0006973 secs] [Times: user=0.03 sys=0.00, real=0.00 secs] 
2017-07-06T17:24:12.785+0900: 22.246: [GC
Desired survivor size 524288 bytes, new threshold 1 (max 15)
 [PSYoungGen: 2111K->64K(2560K)] 7218K->5179K(7680K), 0.0007046 secs] [Times: user=0.00 sys=0.00, real=0.00 secs] 
2017-07-06T17:24:12.785+0900: 22.247: [Full GC [PSYoungGen: 64K->0K(2560K)] [ParOldGen: 5115K->4960K(5120K)] 5179K->4960K(7680K) [PSPermGen: 3312K->3312K(21504K)], 0.0357779 secs] [Times: user=0.05 sys=0.00, real=0.04 secs] 
2017-07-06T17:24:12.842+0900: 22.304: [GC
Desired survivor size 524288 bytes, new threshold 1 (max 15)
 [PSYoungGen: 2047K->96K(2560K)] 7007K->5056K(7680K), 0.0008270 secs] [Times: user=0.02 sys=0.00, real=0.00 secs] 
2017-07-06T17:24:12.863+0900: 22.324: [GC
Desired survivor size 524288 bytes, new threshold 1 (max 15)
 [PSYoungGen: 2143K->96K(2560K)] 7103K->5088K(7680K), 0.0007341 secs] [Times: user=0.00 sys=0.00, real=0.00 secs] 
2017-07-06T17:24:12.883+0900: 22.345: [GC
Desired survivor size 524288 bytes, new threshold 1 (max 15)
 [PSYoungGen: 2143K->96K(2560K)] 7135K->5096K(7680K), 0.0007084 secs] [Times: user=0.00 sys=0.00, real=0.00 secs] 
2017-07-06T17:24:12.903+0900: 22.365: [GC
Desired survivor size 524288 bytes, new threshold 1 (max 15)
 [PSYoungGen: 2143K->64K(2560K)] 7143K->5072K(7680K), 0.0006900 secs] [Times: user=0.00 sys=0.00, real=0.00 secs] 
2017-07-06T17:24:12.923+0900: 22.385: [GC
Desired survivor size 524288 bytes, new threshold 1 (max 15)
 [PSYoungGen: 2111K->64K(2560K)] 7119K->5080K(7680K), 0.0006857 secs] [Times: user=0.00 sys=0.00, real=0.00 secs] 
2017-07-06T17:24:12.944+0900: 22.406: [GC
Desired survivor size 524288 bytes, new threshold 1 (max 15)
 [PSYoungGen: 2111K->64K(2560K)] 7127K->5088K(7680K), 0.0011938 secs] [Times: user=0.00 sys=0.00, real=0.00 secs] 
2017-07-06T17:24:12.966+0900: 22.428: [GC
Desired survivor size 524288 bytes, new threshold 1 (max 15)
 [PSYoungGen: 2111K->64K(2560K)] 7135K->5096K(7680K), 0.0007260 secs] [Times: user=0.00 sys=0.00, real=0.00 secs] 
2017-07-06T17:24:12.987+0900: 22.448: [GC
Desired survivor size 524288 bytes, new threshold 1 (max 15)
 [PSYoungGen: 2111K->64K(2560K)] 7143K->5104K(7680K), 0.0007024 secs] [Times: user=0.00 sys=0.00, real=0.00 secs] 
2017-07-06T17:24:13.007+0900: 22.469: [GC
Desired survivor size 524288 bytes, new threshold 1 (max 15)
 [PSYoungGen: 2111K->64K(2560K)] 7151K->5112K(7680K), 0.0007170 secs] [Times: user=0.00 sys=0.00, real=0.00 secs] 
2017-07-06T17:24:13.027+0900: 22.489: [GC
Desired survivor size 524288 bytes, new threshold 1 (max 15)
 [PSYoungGen: 2111K->64K(2560K)] 7159K->5120K(7680K), 0.0006879 secs] [Times: user=0.00 sys=0.00, real=0.00 secs] 
2017-07-06T17:24:13.047+0900: 22.509: [GC
Desired survivor size 524288 bytes, new threshold 1 (max 15)
 [PSYoungGen: 2111K->96K(2560K)] 7167K->5160K(7680K), 0.0007474 secs] [Times: user=0.00 sys=0.00, real=0.00 secs] 
2017-07-06T17:24:13.069+0900: 22.531: [GC
Desired survivor size 524288 bytes, new threshold 1 (max 15)
 [PSYoungGen: 2143K->64K(2560K)] 7207K->5144K(7680K), 0.0011484 secs] [Times: user=0.00 sys=0.00, real=0.00 secs] 
2017-07-06T17:24:13.090+0900: 22.552: [GC
Desired survivor size 524288 bytes, new threshold 1 (max 15)
 [PSYoungGen: 2111K->96K(2560K)] 7191K->5184K(7680K), 0.0007118 secs] [Times: user=0.00 sys=0.00, real=0.00 secs] 
2017-07-06T17:24:13.110+0900: 22.572: [GC
Desired survivor size 524288 bytes, new threshold 1 (max 15)
 [PSYoungGen: 2143K->96K(2560K)] 7231K->5192K(7680K), 0.0006986 secs] [Times: user=0.00 sys=0.00, real=0.00 secs] 
2017-07-06T17:24:13.131+0900: 22.592: [GC
Desired survivor size 524288 bytes, new threshold 1 (max 15)
 [PSYoungGen: 2143K->96K(2560K)] 7239K->5200K(7680K), 0.0006964 secs] [Times: user=0.00 sys=0.00, real=0.00 secs] 
2017-07-06T17:24:13.151+0900: 22.613: [GC
Desired survivor size 524288 bytes, new threshold 1 (max 15)
 [PSYoungGen: 2143K->64K(2560K)] 7247K->5176K(7680K), 0.0006986 secs] [Times: user=0.00 sys=0.00, real=0.00 secs] 
2017-07-06T17:24:13.152+0900: 22.613: [Full GC [PSYoungGen: 64K->0K(2560K)] [ParOldGen: 5112K->5026K(5120K)] 5176K->5026K(7680K) [PSPermGen: 3312K->3312K(21504K)], 0.0357192 secs] [Times: user=0.06 sys=0.00, real=0.04 secs] 
2017-07-06T17:24:13.209+0900: 22.671: [GC
Desired survivor size 524288 bytes, new threshold 2 (max 15)
 [PSYoungGen: 2047K->80K(2560K)] 7074K->5106K(7680K), 0.0007551 secs] [Times: user=0.00 sys=0.00, real=0.00 secs] 
2017-07-06T17:24:13.229+0900: 22.691: [GC
Desired survivor size 524288 bytes, new threshold 3 (max 15)
 [PSYoungGen: 2127K->80K(2560K)] 7154K->5106K(7680K), 0.0007251 secs] [Times: user=0.00 sys=0.00, real=0.00 secs] 
2017-07-06T17:24:13.249+0900: 22.711: [GC
Desired survivor size 524288 bytes, new threshold 4 (max 15)
 [PSYoungGen: 2127K->96K(2560K)] 7154K->5122K(7680K), 0.0007050 secs] [Times: user=0.00 sys=0.00, real=0.00 secs] 
2017-07-06T17:24:13.270+0900: 22.731: [GC
Desired survivor size 524288 bytes, new threshold 5 (max 15)
 [PSYoungGen: 2143K->96K(2560K)] 7170K->5122K(7680K), 0.0007225 secs] [Times: user=0.00 sys=0.00, real=0.00 secs] 
2017-07-06T17:24:13.290+0900: 22.752: [GC
Desired survivor size 524288 bytes, new threshold 6 (max 15)
 [PSYoungGen: 2143K->96K(2560K)] 7170K->5122K(7680K), 0.0009271 secs] [Times: user=0.00 sys=0.00, real=0.00 secs] 
2017-07-06T17:24:13.312+0900: 22.774: [GC
Desired survivor size 524288 bytes, new threshold 7 (max 15)
 [PSYoungGen: 2143K->96K(2560K)] 7170K->5122K(7680K), 0.0007953 secs] [Times: user=0.00 sys=0.00, real=0.00 secs] 
2017-07-06T17:24:13.333+0900: 22.795: [GC
Desired survivor size 524288 bytes, new threshold 8 (max 15)
 [PSYoungGen: 2143K->128K(2560K)] 7170K->5154K(7680K), 0.0007979 secs] [Times: user=0.00 sys=0.00, real=0.00 secs] 
2017-07-06T17:24:13.353+0900: 22.815: [GC
Desired survivor size 524288 bytes, new threshold 9 (max 15)
 [PSYoungGen: 2175K->128K(2560K)] 7202K->5154K(7680K), 0.0007940 secs] [Times: user=0.00 sys=0.00, real=0.00 secs] 
2017-07-06T17:24:13.374+0900: 22.835: [GC
Desired survivor size 524288 bytes, new threshold 10 (max 15)
 [PSYoungGen: 2175K->128K(2560K)] 7202K->5154K(7680K), 0.0008137 secs] [Times: user=0.00 sys=0.00, real=0.00 secs] 
2017-07-06T17:24:13.394+0900: 22.856: [GC
Desired survivor size 524288 bytes, new threshold 9 (max 15)
 [PSYoungGen: 2175K->128K(2560K)] 7202K->5154K(7680K), 0.0018166 secs] [Times: user=0.00 sys=0.00, real=0.00 secs] 
2017-07-06T17:24:13.420+0900: 22.882: [GC
Desired survivor size 524288 bytes, new threshold 9 (max 15)
 [PSYoungGen: 2175K->96K(2560K)] 7202K->5162K(7680K), 0.0008711 secs] [Times: user=0.00 sys=0.00, real=0.00 secs] 
2017-07-06T17:24:13.441+0900: 22.902: [GC
Desired survivor size 524288 bytes, new threshold 9 (max 15)
 [PSYoungGen: 2143K->96K(2560K)] 7210K->5170K(7680K), 0.0011249 secs] [Times: user=0.00 sys=0.00, real=0.00 secs] 
2017-07-06T17:24:13.469+0900: 22.931: [GC
Desired survivor size 524288 bytes, new threshold 8 (max 15)
 [PSYoungGen: 2143K->96K(2560K)] 7218K->5178K(7680K), 0.0085322 secs] [Times: user=0.00 sys=0.00, real=0.01 secs] 
2017-07-06T17:24:13.500+0900: 22.962: [GC
Desired survivor size 524288 bytes, new threshold 7 (max 15)
 [PSYoungGen: 2143K->128K(2560K)] 7226K->5226K(7680K), 0.0147439 secs] [Times: user=0.00 sys=0.00, real=0.02 secs] 
2017-07-06T17:24:13.515+0900: 22.977: [Full GC [PSYoungGen: 128K->0K(2560K)] [ParOldGen: 5098K->5085K(5120K)] 5226K->5085K(7680K) [PSPermGen: 3312K->3312K(21504K)], 0.0448943 secs] [Times: user=0.05 sys=0.00, real=0.04 secs] 
2017-07-06T17:24:13.580+0900: 23.042: [GC
Desired survivor size 524288 bytes, new threshold 6 (max 15)
 [PSYoungGen: 2047K->80K(2560K)] 7132K->5165K(7680K), 0.0007478 secs] [Times: user=0.00 sys=0.00, real=0.00 secs] 
2017-07-06T17:24:13.600+0900: 23.062: [GC
Desired survivor size 524288 bytes, new threshold 5 (max 15)
 [PSYoungGen: 2127K->80K(2560K)] 7212K->5165K(7680K), 0.0007242 secs] [Times: user=0.00 sys=0.00, real=0.00 secs] 
2017-07-06T17:24:13.621+0900: 23.082: [GC
Desired survivor size 524288 bytes, new threshold 4 (max 15)
 [PSYoungGen: 2127K->96K(2560K)] 7212K->5181K(7680K), 0.0007127 secs] [Times: user=0.00 sys=0.00, real=0.00 secs] 
2017-07-06T17:24:13.641+0900: 23.103: [GC
Desired survivor size 524288 bytes, new threshold 3 (max 15)
 [PSYoungGen: 2143K->96K(2560K)] 7228K->5181K(7680K), 0.0007414 secs] [Times: user=0.00 sys=0.00, real=0.00 secs] 
2017-07-06T17:24:13.662+0900: 23.123: [GC-- [PSYoungGen: 2143K->2143K(2560K)] 7228K->7260K(7680K), 0.0014571 secs] [Times: user=0.00 sys=0.00, real=0.00 secs] 
2017-07-06T17:24:13.663+0900: 23.125: [Full GC [PSYoungGen: 2143K->0K(2560K)] [ParOldGen: 5117K->5106K(5120K)] 7260K->5106K(7680K) [PSPermGen: 3312K->3312K(21504K)], 0.0362406 secs] [Times: user=0.06 sys=0.00, real=0.04 secs] 
2017-07-06T17:24:13.719+0900: 23.181: [Full GC [PSYoungGen: 2047K->0K(2560K)] [ParOldGen: 5106K->5111K(5120K)] 7154K->5111K(7680K) [PSPermGen: 3312K->3312K(21504K)], 0.0354568 secs] [Times: user=0.05 sys=0.00, real=0.04 secs] 
2017-07-06T17:24:13.776+0900: 23.238: [Full GC [PSYoungGen: 2047K->0K(2560K)] [ParOldGen: 5111K->5115K(5120K)] 7158K->5115K(7680K) [PSPermGen: 3312K->3312K(21504K)], 0.0389248 secs] [Times: user=0.08 sys=0.00, real=0.04 secs] 
2017-07-06T17:24:13.838+0900: 23.299: [Full GC [PSYoungGen: 2047K->0K(2560K)] [ParOldGen: 5115K->5119K(5120K)] 7162K->5119K(7680K) [PSPermGen: 3312K->3312K(21504K)], 0.0346568 secs] [Times: user=0.06 sys=0.00, real=0.03 secs] 
2017-07-06T17:24:13.893+0900: 23.354: [Full GC [PSYoungGen: 2047K->7K(2560K)] [ParOldGen: 5119K->5116K(5120K)] 7167K->5123K(7680K) [PSPermGen: 3312K->3312K(21504K)], 0.0341543 secs] [Times: user=0.05 sys=0.00, real=0.03 secs] 
2017-07-06T17:24:13.948+0900: 23.410: [Full GC [PSYoungGen: 2039K->19K(2560K)] [ParOldGen: 5116K->5116K(5120K)] 7155K->5136K(7680K) [PSPermGen: 3312K->3312K(21504K)], 0.0391128 secs] [Times: user=0.08 sys=0.00, real=0.04 secs] 
2017-07-06T17:24:14.007+0900: 23.469: [Full GC [PSYoungGen: 2042K->26K(2560K)] [ParOldGen: 5116K->5114K(5120K)] 7159K->5140K(7680K) [PSPermGen: 3312K->3312K(21504K)], 0.0382404 secs] [Times: user=0.09 sys=0.00, real=0.04 secs] 
2017-07-06T17:24:14.066+0900: 23.528: [Full GC [PSYoungGen: 2041K->22K(2560K)] [ParOldGen: 5114K->5114K(5120K)] 7155K->5136K(7680K) [PSPermGen: 3312K->3312K(21504K)], 0.0349762 secs] [Times: user=0.06 sys=0.00, real=0.04 secs] 
2017-07-06T17:24:14.121+0900: 23.583: [Full GC [PSYoungGen: 2045K->26K(2560K)] [ParOldGen: 5114K->5114K(5120K)] 7160K->5140K(7680K) [PSPermGen: 3312K->3312K(21504K)], 0.0357368 secs] [Times: user=0.09 sys=0.00, real=0.04 secs] 
2017-07-06T17:24:14.180+0900: 23.641: [Full GC [PSYoungGen: 2048K->30K(2560K)] [ParOldGen: 5114K->5114K(5120K)] 7162K->5145K(7680K) [PSPermGen: 3312K->3312K(21504K)], 0.0358746 secs] [Times: user=0.08 sys=0.00, real=0.04 secs] 
2017-07-06T17:24:14.237+0900: 23.699: [Full GC [PSYoungGen: 2035K->43K(2560K)] [ParOldGen: 5114K->5114K(5120K)] 7149K->5157K(7680K) [PSPermGen: 3312K->3312K(21504K)], 0.0357394 secs] [Times: user=0.06 sys=0.00, real=0.04 secs] 
2017-07-06T17:24:14.293+0900: 23.754: [Full GC [PSYoungGen: 2042K->47K(2560K)] [ParOldGen: 5114K->5114K(5120K)] 7156K->5161K(7680K) [PSPermGen: 3312K->3312K(21504K)], 0.0406558 secs] [Times: user=0.08 sys=0.00, real=0.04 secs] 
2017-07-06T17:24:14.353+0900: 23.814: [Full GC [PSYoungGen: 2046K->51K(2560K)] [ParOldGen: 5114K->5114K(5120K)] 7160K->5165K(7680K) [PSPermGen: 3312K->3312K(21504K)], 0.0369413 secs] [Times: user=0.09 sys=0.00, real=0.04 secs] 
2017-07-06T17:24:14.409+0900: 23.871: [Full GC [PSYoungGen: 2042K->47K(2560K)] [ParOldGen: 5114K->5114K(5120K)] 7157K->5161K(7680K) [PSPermGen: 3312K->3312K(21504K)], 0.0367337 secs] [Times: user=0.05 sys=0.00, real=0.04 secs] 
2017-07-06T17:24:14.465+0900: 23.927: [Full GC [PSYoungGen: 2047K->51K(2560K)] [ParOldGen: 5114K->5114K(5120K)] 7161K->5166K(7680K) [PSPermGen: 3312K->3312K(21504K)], 0.0563551 secs] [Times: user=0.09 sys=0.00, real=0.06 secs] 
2017-07-06T17:24:14.547+0900: 24.009: [Full GC [PSYoungGen: 2032K->63K(2560K)] [ParOldGen: 5114K->5114K(5120K)] 7146K->5178K(7680K) [PSPermGen: 3312K->3312K(21504K)], 0.0498275 secs] [Times: user=0.06 sys=0.00, real=0.05 secs] 
2017-07-06T17:24:14.616+0900: 24.078: [Full GC [PSYoungGen: 2035K->68K(2560K)] [ParOldGen: 5114K->5114K(5120K)] 7149K->5182K(7680K) [PSPermGen: 3312K->3312K(21504K)], 0.0353272 secs] [Times: user=0.06 sys=0.00, real=0.04 secs] 
2017-07-06T17:24:14.674+0900: 24.135: [Full GC [PSYoungGen: 2038K->72K(2560K)] [ParOldGen: 5114K->5114K(5120K)] 7153K->5186K(7680K) [PSPermGen: 3312K->3312K(21504K)], 0.0374751 secs] [Times: user=0.06 sys=0.00, real=0.04 secs] 
2017-07-06T17:24:14.732+0900: 24.194: [Full GC [PSYoungGen: 2046K->76K(2560K)] [ParOldGen: 5114K->5114K(5120K)] 7160K->5190K(7680K) [PSPermGen: 3312K->3312K(21504K)], 0.0385691 secs] [Times: user=0.05 sys=0.00, real=0.04 secs] 
2017-07-06T17:24:14.790+0900: 24.252: [Full GC [PSYoungGen: 2047K->80K(2560K)] [ParOldGen: 5114K->5114K(5120K)] 7161K->5194K(7680K) [PSPermGen: 3312K->3312K(21504K)], 0.0370719 secs] [Times: user=0.06 sys=0.00, real=0.04 secs] 
2017-07-06T17:24:14.846+0900: 24.308: [Full GC [PSYoungGen: 2046K->76K(2560K)] [ParOldGen: 5114K->5114K(5120K)] 7160K->5190K(7680K) [PSPermGen: 3312K->3312K(21504K)], 0.0430370 secs] [Times: user=0.09 sys=0.00, real=0.04 secs] 
2017-07-06T17:24:14.909+0900: 24.371: [Full GC [PSYoungGen: 2047K->80K(2560K)] [ParOldGen: 5114K->5114K(5120K)] 7161K->5195K(7680K) [PSPermGen: 3312K->3312K(21504K)], 0.0389433 secs] [Times: user=0.05 sys=0.00, real=0.04 secs] 
2017-07-06T17:24:14.967+0900: 24.429: [Full GC [PSYoungGen: 2035K->92K(2560K)] [ParOldGen: 5114K->5114K(5120K)] 7149K->5207K(7680K) [PSPermGen: 3312K->3312K(21504K)], 0.0368219 secs] [Times: user=0.05 sys=0.00, real=0.04 secs] 
2017-07-06T17:24:15.023+0900: 24.485: [Full GC [PSYoungGen: 2039K->96K(2560K)] [ParOldGen: 5114K->5114K(5120K)] 7153K->5211K(7680K) [PSPermGen: 3312K->3312K(21504K)], 0.0365912 secs] [Times: user=0.09 sys=0.00, real=0.04 secs] 
2017-07-06T17:24:15.078+0900: 24.540: [Full GC [PSYoungGen: 2043K->101K(2560K)] [ParOldGen: 5114K->5114K(5120K)] 7158K->5215K(7680K) [PSPermGen: 3312K->3312K(21504K)], 0.0401139 secs] [Times: user=0.03 sys=0.00, real=0.04 secs] 
2017-07-06T17:24:15.138+0900: 24.600: [Full GC [PSYoungGen: 2047K->105K(2560K)] [ParOldGen: 5114K->5114K(5120K)] 7162K->5219K(7680K) [PSPermGen: 3312K->3312K(21504K)], 0.0368262 secs] [Times: user=0.05 sys=0.00, real=0.04 secs] 
2017-07-06T17:24:15.194+0900: 24.656: [Full GC [PSYoungGen: 2044K->101K(2560K)] [ParOldGen: 5114K->5114K(5120K)] 7158K->5215K(7680K) [PSPermGen: 3312K->3312K(21504K)], 0.0405510 secs] [Times: user=0.08 sys=0.00, real=0.04 secs] 
2017-07-06T17:24:15.254+0900: 24.716: [Full GC [PSYoungGen: 2047K->105K(2560K)] [ParOldGen: 5114K->5114K(5120K)] 7162K->5219K(7680K) [PSPermGen: 3312K->3312K(21504K)], 0.0372790 secs] [Times: user=0.06 sys=0.00, real=0.04 secs] 
2017-07-06T17:24:15.310+0900: 24.772: [Full GC [PSYoungGen: 2036K->117K(2560K)] [ParOldGen: 5114K->5114K(5120K)] 7150K->5231K(7680K) [PSPermGen: 3312K->3312K(21504K)], 0.0420209 secs] [Times: user=0.05 sys=0.00, real=0.04 secs] 
2017-07-06T17:24:15.371+0900: 24.833: [Full GC [PSYoungGen: 2037K->121K(2560K)] [ParOldGen: 5114K->5114K(5120K)] 7151K->5235K(7680K) [PSPermGen: 3312K->3312K(21504K)], 0.0372919 secs] [Times: user=0.05 sys=0.00, real=0.04 secs] 
2017-07-06T17:24:15.427+0900: 24.889: [Full GC [PSYoungGen: 2040K->125K(2560K)] [ParOldGen: 5114K->5114K(5120K)] 7154K->5239K(7680K) [PSPermGen: 3312K->3312K(21504K)], 0.0378740 secs] [Times: user=0.08 sys=0.00, real=0.04 secs] 
2017-07-06T17:24:15.484+0900: 24.946: [Full GC [PSYoungGen: 2046K->129K(2560K)] [ParOldGen: 5114K->5114K(5120K)] 7160K->5243K(7680K) [PSPermGen: 3312K->3312K(21504K)], 0.0375911 secs] [Times: user=0.05 sys=0.00, real=0.04 secs] 
2017-07-06T17:24:15.541+0900: 25.003: [Full GC [PSYoungGen: 2042K->125K(2560K)] [ParOldGen: 5114K->5114K(5120K)] 7156K->5239K(7680K) [PSPermGen: 3312K->3312K(21504K)], 0.0374455 secs] [Times: user=0.06 sys=0.00, real=0.04 secs] 
2017-07-06T17:24:15.598+0900: 25.060: [Full GC [PSYoungGen: 2046K->129K(2560K)] [ParOldGen: 5114K->5114K(5120K)] 7160K->5243K(7680K) [PSPermGen: 3312K->3312K(21504K)], 0.0370445 secs] [Times: user=0.09 sys=0.00, real=0.04 secs] 
2017-07-06T17:24:15.654+0900: 25.116: [Full GC [PSYoungGen: 2048K->133K(2560K)] [ParOldGen: 5114K->5114K(5120K)] 7162K->5247K(7680K) [PSPermGen: 3312K->3312K(21504K)], 0.0419716 secs] [Times: user=0.05 sys=0.00, real=0.04 secs] 
2017-07-06T17:24:15.715+0900: 25.177: [Full GC [PSYoungGen: 2035K->145K(2560K)] [ParOldGen: 5114K->5114K(5120K)] 7150K->5259K(7680K) [PSPermGen: 3312K->3312K(21504K)], 0.0377721 secs] [Times: user=0.05 sys=0.00, real=0.04 secs] 
2017-07-06T17:24:15.773+0900: 25.235: [Full GC [PSYoungGen: 2038K->149K(2560K)] [ParOldGen: 5114K->5114K(5120K)] 7153K->5263K(7680K) [PSPermGen: 3312K->3312K(21504K)], 0.0429450 secs] [Times: user=0.06 sys=0.00, real=0.04 secs] 
2017-07-06T17:24:15.834+0900: 25.296: [Full GC [PSYoungGen: 2042K->153K(2560K)] [ParOldGen: 5114K->5114K(5120K)] 7156K->5267K(7680K) [PSPermGen: 3312K->3312K(21504K)], 0.0450844 secs] [Times: user=0.06 sys=0.00, real=0.05 secs] 
2017-07-06T17:24:15.898+0900: 25.360: [Full GC [PSYoungGen: 2045K->157K(2560K)] [ParOldGen: 5114K->5114K(5120K)] 7159K->5271K(7680K) [PSPermGen: 3312K->3312K(21504K)], 0.0409247 secs] [Times: user=0.09 sys=0.00, real=0.04 secs] 
2017-07-06T17:24:15.957+0900: 25.419: [Full GC [PSYoungGen: 2040K->153K(2560K)] [ParOldGen: 5114K->5114K(5120K)] 7154K->5267K(7680K) [PSPermGen: 3312K->3312K(21504K)], 0.0390396 secs] [Times: user=0.09 sys=0.00, real=0.04 secs] 
2017-07-06T17:24:16.015+0900: 25.477: [Full GC [PSYoungGen: 2045K->157K(2560K)] [ParOldGen: 5114K->5114K(5120K)] 7160K->5271K(7680K) [PSPermGen: 3312K->3312K(21504K)], 0.0383568 secs] [Times: user=0.03 sys=0.00, real=0.04 secs] 
2017-07-06T17:24:16.072+0900: 25.534: [Full GC [PSYoungGen: 2032K->169K(2560K)] [ParOldGen: 5114K->5114K(5120K)] 7146K->5283K(7680K) [PSPermGen: 3312K->3312K(21504K)], 0.0395845 secs] [Times: user=0.05 sys=0.00, real=0.04 secs] 
2017-07-06T17:24:16.130+0900: 25.591: [Full GC [PSYoungGen: 2036K->173K(2560K)] [ParOldGen: 5114K->5114K(5120K)] 7150K->5287K(7680K) [PSPermGen: 3312K->3312K(21504K)], 0.0389685 secs] [Times: user=0.08 sys=0.00, real=0.04 secs] 
2017-07-06T17:24:16.187+0900: 25.649: [Full GC [PSYoungGen: 2041K->177K(2560K)] [ParOldGen: 5114K->5114K(5120K)] 7155K->5291K(7680K) [PSPermGen: 3312K->3312K(21504K)], 0.0402693 secs] [Times: user=0.06 sys=0.00, real=0.04 secs] 
2017-07-06T17:24:16.245+0900: 25.707: [Full GC [PSYoungGen: 2044K->180K(2560K)] [ParOldGen: 5114K->5114K(5120K)] 7159K->5295K(7680K) [PSPermGen: 3312K->3312K(21504K)], 0.0403267 secs] [Times: user=0.03 sys=0.00, real=0.04 secs] 
2017-07-06T17:24:16.304+0900: 25.766: [Full GC [PSYoungGen: 2040K->176K(2560K)] [ParOldGen: 5114K->5114K(5120K)] 7155K->5291K(7680K) [PSPermGen: 3312K->3312K(21504K)], 0.0412007 secs] [Times: user=0.08 sys=0.00, real=0.04 secs] 
2017-07-06T17:24:16.364+0900: 25.826: [Full GC [PSYoungGen: 2044K->180K(2560K)] [ParOldGen: 5114K->5114K(5120K)] 7158K->5295K(7680K) [PSPermGen: 3312K->3312K(21504K)], 0.0386543 secs] [Times: user=0.08 sys=0.00, real=0.04 secs] 
2017-07-06T17:24:16.421+0900: 25.883: [Full GC [PSYoungGen: 2048K->184K(2560K)] [ParOldGen: 5114K->5114K(5120K)] 7162K->5298K(7680K) [PSPermGen: 3312K->3312K(21504K)], 0.0423693 secs] [Times: user=0.09 sys=0.00, real=0.04 secs] 
2017-07-06T17:24:16.482+0900: 25.944: [Full GC [PSYoungGen: 2033K->196K(2560K)] [ParOldGen: 5114K->5114K(5120K)] 7148K->5310K(7680K) [PSPermGen: 3312K->3312K(21504K)], 0.0423586 secs] [Times: user=0.06 sys=0.00, real=0.04 secs] 
2017-07-06T17:24:16.545+0900: 26.006: [Full GC [PSYoungGen: 2036K->200K(2560K)] [ParOldGen: 5114K->5114K(5120K)] 7151K->5314K(7680K) [PSPermGen: 3312K->3312K(21504K)], 0.0444988 secs] [Times: user=0.06 sys=0.00, real=0.04 secs] 
2017-07-06T17:24:16.613+0900: 26.073: [Full GC [PSYoungGen: 2044K->204K(2560K)] [ParOldGen: 5114K->5114K(5120K)] 7158K->5318K(7680K) [PSPermGen: 3312K->3312K(21504K)], 0.0518145 secs] [Times: user=0.08 sys=0.00, real=0.05 secs] 
2017-07-06T17:24:16.682+0900: 26.143: [Full GC [PSYoungGen: 2040K->200K(2560K)] [ParOldGen: 5114K->5114K(5120K)] 7154K->5314K(7680K) [PSPermGen: 3312K->3312K(21504K)], 0.0422203 secs] [Times: user=0.05 sys=0.00, real=0.04 secs] 
2017-07-06T17:24:16.746+0900: 26.207: [Full GC [PSYoungGen: 2044K->204K(2560K)] [ParOldGen: 5114K->5114K(5120K)] 7158K->5318K(7680K) [PSPermGen: 3312K->3312K(21504K)], 0.0879656 secs] [Times: user=0.06 sys=0.00, real=0.09 secs] 
2017-07-06T17:24:16.855+0900: 26.316: [Full GC [PSYoungGen: 2047K->207K(2560K)] [ParOldGen: 5114K->5114K(5120K)] 7162K->5322K(7680K) [PSPermGen: 3312K->3312K(21504K)], 0.0459250 secs] [Times: user=0.09 sys=0.00, real=0.05 secs] 
2017-07-06T17:24:16.920+0900: 26.381: [Full GC [PSYoungGen: 2033K->219K(2560K)] [ParOldGen: 5114K->5114K(5120K)] 7147K->5333K(7680K) [PSPermGen: 3312K->3312K(21504K)], 0.0531196 secs] [Times: user=0.06 sys=0.00, real=0.05 secs] 
2017-07-06T17:24:16.992+0900: 26.453: [Full GC [PSYoungGen: 2036K->223K(2560K)] [ParOldGen: 5114K->5114K(5120K)] 7150K->5337K(7680K) [PSPermGen: 3312K->3312K(21504K)], 0.0480725 secs] [Times: user=0.11 sys=0.00, real=0.05 secs] 
2017-07-06T17:24:17.058+0900: 26.519: [Full GC [PSYoungGen: 2040K->227K(2560K)] [ParOldGen: 5114K->5114K(5120K)] 7154K->5341K(7680K) [PSPermGen: 3312K->3312K(21504K)], 0.0751012 secs] [Times: user=0.05 sys=0.00, real=0.07 secs] 
2017-07-06T17:24:17.156+0900: 26.617: [Full GC [PSYoungGen: 2044K->231K(2560K)] [ParOldGen: 5114K->5114K(5120K)] 7158K->5345K(7680K) [PSPermGen: 3312K->3312K(21504K)], 0.0425384 secs] [Times: user=0.09 sys=0.00, real=0.04 secs] 
2017-07-06T17:24:17.218+0900: 26.679: [Full GC [PSYoungGen: 2048K->234K(2560K)] [ParOldGen: 5114K->5114K(5120K)] 7162K->5349K(7680K) [PSPermGen: 3312K->3312K(21504K)], 0.0416558 secs] [Times: user=0.06 sys=0.00, real=0.04 secs] 
2017-07-06T17:24:17.278+0900: 26.739: [Full GC [PSYoungGen: 2041K->230K(2560K)] [ParOldGen: 5114K->5114K(5120K)] 7155K->5344K(7680K) [PSPermGen: 3312K->3312K(21504K)], 0.0404718 secs] [Times: user=0.05 sys=0.00, real=0.04 secs] 
2017-07-06T17:24:17.364+0900: 26.825: [Full GC [PSYoungGen: 2047K->234K(2560K)] [ParOldGen: 5114K->5114K(5120K)] 7161K->5348K(7680K) [PSPermGen: 3312K->3312K(21504K)], 0.0498707 secs] [Times: user=0.05 sys=0.00, real=0.05 secs] 
2017-07-06T17:24:17.432+0900: 26.893: [Full GC [PSYoungGen: 2032K->246K(2560K)] [ParOldGen: 5114K->5114K(5120K)] 7146K->5360K(7680K) [PSPermGen: 3312K->3312K(21504K)], 0.0415800 secs] [Times: user=0.05 sys=0.00, real=0.04 secs] 
2017-07-06T17:24:17.492+0900: 26.953: [Full GC [PSYoungGen: 2036K->250K(2560K)] [ParOldGen: 5114K->5114K(5120K)] 7150K->5364K(7680K) [PSPermGen: 3312K->3312K(21504K)], 0.0402873 secs] [Times: user=0.08 sys=0.00, real=0.04 secs] 
2017-07-06T17:24:17.552+0900: 27.013: [Full GC [PSYoungGen: 2039K->253K(2560K)] [ParOldGen: 5114K->5114K(5120K)] 7153K->5368K(7680K) [PSPermGen: 3312K->3312K(21504K)], 0.0386714 secs] [Times: user=0.09 sys=0.00, real=0.04 secs] 
2017-07-06T17:24:17.609+0900: 27.070: [Full GC [PSYoungGen: 2043K->257K(2560K)] [ParOldGen: 5114K->5114K(5120K)] 7157K->5371K(7680K) [PSPermGen: 3312K->3312K(21504K)], 0.0381655 secs] [Times: user=0.06 sys=0.00, real=0.04 secs] 
2017-07-06T17:24:17.666+0900: 27.127: [Full GC [PSYoungGen: 2047K->261K(2560K)] [ParOldGen: 5114K->5114K(5120K)] 7161K->5375K(7680K) [PSPermGen: 3312K->3312K(21504K)], 0.0507564 secs] [Times: user=0.06 sys=0.00, real=0.05 secs] 
2017-07-06T17:24:17.735+0900: 27.196: [Full GC [PSYoungGen: 2043K->257K(2560K)] [ParOldGen: 5114K->5114K(5120K)] 7157K->5371K(7680K) [PSPermGen: 3312K->3312K(21504K)], 0.0416759 secs] [Times: user=0.09 sys=0.00, real=0.04 secs] 
2017-07-06T17:24:17.794+0900: 27.255: [Full GC [PSYoungGen: 2046K->260K(2560K)] [ParOldGen: 5114K->5114K(5120K)] 7161K->5375K(7680K) [PSPermGen: 3312K->3312K(21504K)], 0.0423021 secs] [Times: user=0.08 sys=0.00, real=0.04 secs] 
2017-07-06T17:24:17.854+0900: 27.315: [Full GC [PSYoungGen: 2032K->272K(2560K)] [ParOldGen: 5114K->5114K(5120K)] 7146K->5386K(7680K) [PSPermGen: 3312K->3312K(21504K)], 0.0392454 secs] [Times: user=0.05 sys=0.00, real=0.04 secs] 
2017-07-06T17:24:17.910+0900: 27.371: [Full GC [PSYoungGen: 2036K->276K(2560K)] [ParOldGen: 5114K->5114K(5120K)] 7150K->5390K(7680K) [PSPermGen: 3312K->3312K(21504K)], 0.0385619 secs] [Times: user=0.09 sys=0.00, real=0.04 secs] 
2017-07-06T17:24:17.966+0900: 27.427: [Full GC [PSYoungGen: 2041K->279K(2560K)] [ParOldGen: 5114K->5114K(5120K)] 7155K->5394K(7680K) [PSPermGen: 3312K->3312K(21504K)], 0.0421305 secs] [Times: user=0.08 sys=0.00, real=0.04 secs] 
2017-07-06T17:24:18.026+0900: 27.487: [Full GC [PSYoungGen: 2045K->283K(2560K)] [ParOldGen: 5114K->5114K(5120K)] 7159K->5397K(7680K) [PSPermGen: 3312K->3312K(21504K)], 0.0380461 secs] [Times: user=0.05 sys=0.00, real=0.04 secs] 
2017-07-06T17:24:18.082+0900: 27.543: [Full GC [PSYoungGen: 2040K->279K(2560K)] [ParOldGen: 5114K->5114K(5120K)] 7155K->5393K(7680K) [PSPermGen: 3312K->3312K(21504K)], 0.0419712 secs] [Times: user=0.08 sys=0.00, real=0.04 secs] 
2017-07-06T17:24:18.142+0900: 27.603: [Full GC [PSYoungGen: 2044K->283K(2560K)] [ParOldGen: 5114K->5114K(5120K)] 7158K->5397K(7680K) [PSPermGen: 3312K->3312K(21504K)], 0.0382764 secs] [Times: user=0.09 sys=0.00, real=0.04 secs] 
2017-07-06T17:24:18.199+0900: 27.660: [Full GC [PSYoungGen: 2048K->286K(2560K)] [ParOldGen: 5114K->5114K(5120K)] 7162K->5400K(7680K) [PSPermGen: 3312K->3312K(21504K)], 0.0400095 secs] [Times: user=0.06 sys=0.00, real=0.04 secs] 
2017-07-06T17:24:18.256+0900: 27.717: [Full GC [PSYoungGen: 2033K->298K(2560K)] [ParOldGen: 5114K->5114K(5120K)] 7147K->5412K(7680K) [PSPermGen: 3312K->3312K(21504K)], 0.0379836 secs] [Times: user=0.08 sys=0.00, real=0.04 secs] 
2017-07-06T17:24:18.312+0900: 27.773: [Full GC [PSYoungGen: 2036K->302K(2560K)] [ParOldGen: 5114K->5114K(5120K)] 7150K->5416K(7680K) [PSPermGen: 3312K->3312K(21504K)], 0.0405553 secs] [Times: user=0.08 sys=0.00, real=0.04 secs] 
2017-07-06T17:24:18.370+0900: 27.831: [Full GC [PSYoungGen: 2039K->305K(2560K)] [ParOldGen: 5114K->5114K(5120K)] 7153K->5419K(7680K) [PSPermGen: 3312K->3312K(21504K)], 0.0506228 secs] [Times: user=0.06 sys=0.00, real=0.05 secs] 
2017-07-06T17:24:18.437+0900: 27.898: [Full GC [PSYoungGen: 2044K->309K(2560K)] [ParOldGen: 5114K->5114K(5120K)] 7158K->5423K(7680K) [PSPermGen: 3312K->3312K(21504K)], 0.0393713 secs] [Times: user=0.09 sys=0.00, real=0.04 secs] 
2017-07-06T17:24:18.495+0900: 27.956: [Full GC [PSYoungGen: 2047K->312K(2560K)] [ParOldGen: 5114K->5114K(5120K)] 7162K->5427K(7680K) [PSPermGen: 3312K->3312K(21504K)], 0.0402334 secs] [Times: user=0.05 sys=0.00, real=0.04 secs] 
2017-07-06T17:24:18.552+0900: 28.013: [Full GC [PSYoungGen: 2043K->308K(2560K)] [ParOldGen: 5114K->5114K(5120K)] 7157K->5422K(7680K) [PSPermGen: 3312K->3312K(21504K)], 0.0398571 secs] [Times: user=0.08 sys=0.00, real=0.04 secs] 
2017-07-06T17:24:18.611+0900: 28.072: [Full GC [PSYoungGen: 2047K->312K(2560K)] [ParOldGen: 5114K->5114K(5120K)] 7161K->5426K(7680K) [PSPermGen: 3312K->3312K(21504K)], 0.0436389 secs] [Times: user=0.08 sys=0.00, real=0.04 secs] 
2017-07-06T17:24:18.672+0900: 28.133: [Full GC [PSYoungGen: 2032K->323K(2560K)] [ParOldGen: 5114K->5114K(5120K)] 7146K->5437K(7680K) [PSPermGen: 3312K->3312K(21504K)], 0.0394702 secs] [Times: user=0.09 sys=0.00, real=0.04 secs] 
2017-07-06T17:24:18.729+0900: 28.190: [Full GC [PSYoungGen: 2036K->327K(2560K)] [ParOldGen: 5114K->5114K(5120K)] 7151K->5441K(7680K) [PSPermGen: 3312K->3312K(21504K)], 0.0439428 secs] [Times: user=0.08 sys=0.00, real=0.04 secs] 
2017-07-06T17:24:18.789+0900: 28.250: [Full GC [PSYoungGen: 2039K->331K(2560K)] [ParOldGen: 5114K->5114K(5120K)] 7153K->5445K(7680K) [PSPermGen: 3312K->3312K(21504K)], 0.0403061 secs] [Times: user=0.05 sys=0.00, real=0.04 secs] 
2017-07-06T17:24:18.848+0900: 28.308: [Full GC [PSYoungGen: 2043K->334K(2560K)] [ParOldGen: 5114K->5114K(5120K)] 7157K->5448K(7680K) [PSPermGen: 3312K->3312K(21504K)], 0.0391470 secs] [Times: user=0.09 sys=0.00, real=0.04 secs] 
2017-07-06T17:24:18.903+0900: 28.364: [Full GC [PSYoungGen: 2047K->338K(2560K)] [ParOldGen: 5114K->5114K(5120K)] 7161K->5452K(7680K) [PSPermGen: 3312K->3312K(21504K)], 0.0467413 secs] [Times: user=0.09 sys=0.00, real=0.05 secs] 
2017-07-06T17:24:18.967+0900: 28.428: [Full GC [PSYoungGen: 2043K->333K(2560K)] [ParOldGen: 5114K->5114K(5120K)] 7157K->5448K(7680K) [PSPermGen: 3312K->3312K(21504K)], 0.0387827 secs] [Times: user=0.06 sys=0.00, real=0.04 secs] 
2017-07-06T17:24:19.024+0900: 28.485: [Full GC [PSYoungGen: 2046K->337K(2560K)] [ParOldGen: 5114K->5114K(5120K)] 7160K->5451K(7680K) [PSPermGen: 3312K->3312K(21504K)], 0.0388662 secs] [Times: user=0.05 sys=0.00, real=0.04 secs] 
2017-07-06T17:24:19.079+0900: 28.540: [Full GC [PSYoungGen: 2048K->340K(2560K)] [ParOldGen: 5114K->5114K(5120K)] 7162K->5454K(7680K) [PSPermGen: 3312K->3312K(21504K)], 0.0448382 secs] [Times: user=0.08 sys=0.00, real=0.05 secs] 
2017-07-06T17:24:19.141+0900: 28.602: [Full GC [PSYoungGen: 2035K->352K(2560K)] [ParOldGen: 5114K->5114K(5120K)] 7149K->5466K(7680K) [PSPermGen: 3312K->3312K(21504K)], 0.0397112 secs] [Times: user=0.09 sys=0.00, real=0.04 secs] 
2017-07-06T17:24:19.198+0900: 28.659: [Full GC [PSYoungGen: 2037K->356K(2560K)] [ParOldGen: 5114K->5114K(5120K)] 7152K->5470K(7680K) [PSPermGen: 3312K->3312K(21504K)], 0.0415971 secs] [Times: user=0.05 sys=0.00, real=0.04 secs] 
2017-07-06T17:24:19.256+0900: 28.717: [Full GC [PSYoungGen: 2040K->359K(2560K)] [ParOldGen: 5114K->5114K(5120K)] 7154K->5473K(7680K) [PSPermGen: 3312K->3312K(21504K)], 0.0397137 secs] [Times: user=0.05 sys=0.00, real=0.04 secs] 
2017-07-06T17:24:19.312+0900: 28.773: [Full GC [PSYoungGen: 2044K->363K(2560K)] [ParOldGen: 5114K->5114K(5120K)] 7158K->5477K(7680K) [PSPermGen: 3312K->3312K(21504K)], 0.0421180 secs] [Times: user=0.08 sys=0.00, real=0.04 secs] 
2017-07-06T17:24:19.372+0900: 28.833: [Full GC [PSYoungGen: 2042K->358K(2560K)] [ParOldGen: 5114K->5114K(5120K)] 7157K->5472K(7680K) [PSPermGen: 3312K->3312K(21504K)], 0.0402762 secs] [Times: user=0.09 sys=0.00, real=0.04 secs] 
2017-07-06T17:24:19.430+0900: 28.891: [Full GC [PSYoungGen: 2046K->362K(2560K)] [ParOldGen: 5114K->5114K(5120K)] 7160K->5476K(7680K) [PSPermGen: 3312K->3312K(21504K)], 0.0392463 secs] [Times: user=0.05 sys=0.00, real=0.04 secs] 
2017-07-06T17:24:19.486+0900: 28.947: [Full GC [PSYoungGen: 2032K->373K(2560K)] [ParOldGen: 5114K->5114K(5120K)] 7147K->5487K(7680K) [PSPermGen: 3312K->3312K(21504K)], 0.0452573 secs] [Times: user=0.08 sys=0.00, real=0.04 secs] 
2017-07-06T17:24:19.548+0900: 29.009: [Full GC [PSYoungGen: 2034K->377K(2560K)] [ParOldGen: 5114K->5114K(5120K)] 7148K->5491K(7680K) [PSPermGen: 3312K->3312K(21504K)], 0.0416459 secs] [Times: user=0.08 sys=0.00, real=0.04 secs] 
2017-07-06T17:24:19.607+0900: 29.068: [Full GC [PSYoungGen: 2039K->380K(2560K)] [ParOldGen: 5114K->5114K(5120K)] 7153K->5494K(7680K) [PSPermGen: 3312K->3312K(21504K)], 0.0412149 secs] [Times: user=0.09 sys=0.00, real=0.04 secs] 
2017-07-06T17:24:19.664+0900: 29.125: [Full GC [PSYoungGen: 2040K->384K(2560K)] [ParOldGen: 5114K->5114K(5120K)] 7154K->5498K(7680K) [PSPermGen: 3312K->3312K(21504K)], 0.0456541 secs] [Times: user=0.06 sys=0.00, real=0.05 secs] 
2017-07-06T17:24:19.727+0900: 29.188: [Full GC [PSYoungGen: 2044K->387K(2560K)] [ParOldGen: 5114K->5114K(5120K)] 7158K->5501K(7680K) [PSPermGen: 3312K->3312K(21504K)], 0.0466805 secs] [Times: user=0.06 sys=0.00, real=0.05 secs] 
2017-07-06T17:24:19.790+0900: 29.251: [Full GC [PSYoungGen: 2047K->391K(2560K)] [ParOldGen: 5114K->5114K(5120K)] 7161K->5505K(7680K) [PSPermGen: 3312K->3312K(21504K)], 0.0406644 secs] [Times: user=0.05 sys=0.00, real=0.04 secs] 
2017-07-06T17:24:19.848+0900: 29.309: [Full GC [PSYoungGen: 2042K->386K(2560K)] [ParOldGen: 5114K->5114K(5120K)] 7157K->5500K(7680K) [PSPermGen: 3312K->3312K(21504K)], 0.0416014 secs] [Times: user=0.03 sys=0.00, real=0.04 secs] 
2017-07-06T17:24:19.906+0900: 29.367: [Full GC [PSYoungGen: 2046K->390K(2560K)] [ParOldGen: 5114K->5114K(5120K)] 7160K->5504K(7680K) [PSPermGen: 3312K->3312K(21504K)], 0.0461857 secs] [Times: user=0.08 sys=0.00, real=0.05 secs] 
2017-07-06T17:24:19.968+0900: 29.429: [Full GC [PSYoungGen: 2033K->401K(2560K)] [ParOldGen: 5114K->5114K(5120K)] 7148K->5515K(7680K) [PSPermGen: 3312K->3312K(21504K)], 0.0404461 secs] [Times: user=0.06 sys=0.02, real=0.04 secs] 
2017-07-06T17:24:20.025+0900: 29.486: [Full GC [PSYoungGen: 2035K->404K(2560K)] [ParOldGen: 5114K->5114K(5120K)] 7149K->5519K(7680K) [PSPermGen: 3312K->3312K(21504K)], 0.0430713 secs] [Times: user=0.08 sys=0.00, real=0.04 secs] 
2017-07-06T17:24:20.084+0900: 29.545: [Full GC [PSYoungGen: 2040K->408K(2560K)] [ParOldGen: 5114K->5114K(5120K)] 7154K->5522K(7680K) [PSPermGen: 3312K->3312K(21504K)], 0.0447222 secs] [Times: user=0.06 sys=0.02, real=0.04 secs] 
2017-07-06T17:24:20.145+0900: 29.606: [Full GC [PSYoungGen: 2043K->411K(2560K)] [ParOldGen: 5114K->5114K(5120K)] 7157K->5525K(7680K) [PSPermGen: 3312K->3312K(21504K)], 0.0458989 secs] [Times: user=0.05 sys=0.00, real=0.05 secs] 
2017-07-06T17:24:20.207+0900: 29.668: [Full GC [PSYoungGen: 2047K->415K(2560K)] [ParOldGen: 5114K->5114K(5120K)] 7161K->5529K(7680K) [PSPermGen: 3312K->3312K(21504K)], 0.0431976 secs] [Times: user=0.03 sys=0.00, real=0.04 secs] 
2017-07-06T17:24:20.267+0900: 29.728: [Full GC [PSYoungGen: 2040K->410K(2560K)] [ParOldGen: 5114K->5114K(5120K)] 7154K->5524K(7680K) [PSPermGen: 3312K->3312K(21504K)], 0.0425915 secs] [Times: user=0.09 sys=0.00, real=0.04 secs] 
2017-07-06T17:24:20.330+0900: 29.791: [Full GC [PSYoungGen: 2043K->414K(2560K)] [ParOldGen: 5114K->5114K(5120K)] 7157K->5528K(7680K) [PSPermGen: 3312K->3312K(21504K)], 0.0470936 secs] [Times: user=0.06 sys=0.00, real=0.05 secs] 
2017-07-06T17:24:20.394+0900: 29.855: [Full GC [PSYoungGen: 2048K->417K(2560K)] [ParOldGen: 5114K->5114K(5120K)] 7162K->5531K(7680K) [PSPermGen: 3312K->3312K(21504K)], 0.0488370 secs] [Times: user=0.08 sys=0.00, real=0.05 secs] 
2017-07-06T17:24:20.459+0900: 29.920: [Full GC [PSYoungGen: 2033K->428K(2560K)] [ParOldGen: 5114K->5114K(5120K)] 7147K->5543K(7680K) [PSPermGen: 3312K->3312K(21504K)], 0.0416647 secs] [Times: user=0.05 sys=0.00, real=0.04 secs] 
2017-07-06T17:24:20.518+0900: 29.979: [Full GC [PSYoungGen: 2037K->432K(2560K)] [ParOldGen: 5114K->5114K(5120K)] 7151K->5546K(7680K) [PSPermGen: 3312K->3312K(21504K)], 0.0586880 secs] [Times: user=0.08 sys=0.00, real=0.06 secs] 
2017-07-06T17:24:20.595+0900: 30.056: [Full GC [PSYoungGen: 2041K->435K(2560K)] [ParOldGen: 5114K->5114K(5120K)] 7155K->5549K(7680K) [PSPermGen: 3312K->3312K(21504K)], 0.0459944 secs] [Times: user=0.09 sys=0.00, real=0.05 secs] 
2017-07-06T17:24:20.658+0900: 30.119: [Full GC [PSYoungGen: 2044K->438K(2560K)] [ParOldGen: 5114K->5114K(5120K)] 7158K->5553K(7680K) [PSPermGen: 3312K->3312K(21504K)], 0.0443182 secs] [Times: user=0.08 sys=0.00, real=0.04 secs] 
2017-07-06T17:24:20.718+0900: 30.179: [Full GC [PSYoungGen: 2040K->434K(2560K)] [ParOldGen: 5114K->5114K(5120K)] 7154K->5548K(7680K) [PSPermGen: 3312K->3312K(21504K)], 0.0658110 secs] [Times: user=0.11 sys=0.00, real=0.07 secs] 
2017-07-06T17:24:20.800+0900: 30.261: [Full GC [PSYoungGen: 2043K->437K(2560K)] [ParOldGen: 5114K->5114K(5120K)] 7157K->5551K(7680K) [PSPermGen: 3312K->3312K(21504K)], 0.0515979 secs] [Times: user=0.08 sys=0.00, real=0.05 secs] 
2017-07-06T17:24:20.868+0900: 30.330: [Full GC [PSYoungGen: 2046K->441K(2560K)] [ParOldGen: 5114K->5114K(5120K)] 7161K->5555K(7680K) [PSPermGen: 3312K->3312K(21504K)], 0.0461408 secs] [Times: user=0.09 sys=0.00, real=0.05 secs] 
2017-07-06T17:24:20.931+0900: 30.392: [Full GC [PSYoungGen: 2048K->444K(2560K)] [ParOldGen: 5114K->5114K(5120K)] 7162K->5558K(7680K) [PSPermGen: 3312K->3312K(21504K)], 0.0457016 secs] [Times: user=0.06 sys=0.00, real=0.05 secs] 
2017-07-06T17:24:20.993+0900: 30.454: [Full GC [PSYoungGen: 2037K->455K(2560K)] [ParOldGen: 5114K->5114K(5120K)] 7151K->5569K(7680K) [PSPermGen: 3312K->3312K(21504K)], 0.0673468 secs] [Times: user=0.06 sys=0.00, real=0.07 secs] 
2017-07-06T17:24:21.076+0900: 30.537: [Full GC [PSYoungGen: 2038K->459K(2560K)] [ParOldGen: 5114K->5114K(5120K)] 7152K->5573K(7680K) [PSPermGen: 3312K->3312K(21504K)], 0.0417418 secs] [Times: user=0.09 sys=0.00, real=0.04 secs] 
2017-07-06T17:24:21.134+0900: 30.595: [Full GC [PSYoungGen: 2041K->462K(2560K)] [ParOldGen: 5114K->5114K(5120K)] 7155K->5576K(7680K) [PSPermGen: 3312K->3312K(21504K)], 0.0569814 secs] [Times: user=0.06 sys=0.00, real=0.06 secs] 
2017-07-06T17:24:21.207+0900: 30.668: [Full GC [PSYoungGen: 2044K->465K(2560K)] [ParOldGen: 5114K->5114K(5120K)] 7158K->5579K(7680K) [PSPermGen: 3312K->3312K(21504K)], 0.0436222 secs] [Times: user=0.05 sys=0.00, real=0.04 secs] 
2017-07-06T17:24:21.268+0900: 30.729: [Full GC [PSYoungGen: 2046K->469K(2560K)] [ParOldGen: 5114K->5114K(5120K)] 7161K->5583K(7680K) [PSPermGen: 3312K->3312K(21504K)], 0.0418278 secs] [Times: user=0.05 sys=0.00, real=0.04 secs] 
2017-07-06T17:24:21.326+0900: 30.787: [Full GC [PSYoungGen: 2041K->464K(2560K)] [ParOldGen: 5114K->5114K(5120K)] 7155K->5578K(7680K) [PSPermGen: 3312K->3312K(21504K)], 0.0623674 secs] [Times: user=0.06 sys=0.00, real=0.06 secs] 
2017-07-06T17:24:21.404+0900: 30.865: [Full GC [PSYoungGen: 2045K->467K(2560K)] [ParOldGen: 5114K->5114K(5120K)] 7159K->5581K(7680K) [PSPermGen: 3312K->3312K(21504K)], 0.0431334 secs] [Times: user=0.09 sys=0.00, real=0.04 secs] 
2017-07-06T17:24:21.464+0900: 30.925: [Full GC [PSYoungGen: 2033K->478K(2560K)] [ParOldGen: 5114K->5114K(5120K)] 7147K->5593K(7680K) [PSPermGen: 3312K->3312K(21504K)], 0.0459233 secs] [Times: user=0.09 sys=0.00, real=0.05 secs] 
2017-07-06T17:24:21.527+0900: 30.988: [Full GC [PSYoungGen: 2036K->482K(2560K)] [ParOldGen: 5114K->5114K(5120K)] 7150K->5596K(7680K) [PSPermGen: 3312K->3312K(21504K)], 0.0495313 secs] [Times: user=0.06 sys=0.02, real=0.05 secs] 
2017-07-06T17:24:21.592+0900: 31.053: [Full GC [PSYoungGen: 2039K->485K(2560K)] [ParOldGen: 5114K->5114K(5120K)] 7154K->5599K(7680K) [PSPermGen: 3312K->3312K(21504K)], 0.0440168 secs] [Times: user=0.09 sys=0.00, real=0.04 secs] 
2017-07-06T17:24:21.652+0900: 31.113: [Full GC [PSYoungGen: 2043K->488K(2560K)] [ParOldGen: 5114K->5114K(5120K)] 7157K->5602K(7680K) [PSPermGen: 3312K->3312K(21504K)], 0.0530322 secs] [Times: user=0.08 sys=0.00, real=0.05 secs] 
2017-07-06T17:24:21.726+0900: 31.187: [Full GC [PSYoungGen: 2046K->492K(2560K)] [ParOldGen: 5114K->5114K(5120K)] 7160K->5606K(7680K) [PSPermGen: 3312K->3312K(21504K)], 0.0459486 secs] [Times: user=0.08 sys=0.00, real=0.05 secs] 
2017-07-06T17:24:21.787+0900: 31.248: [Full GC [PSYoungGen: 2041K->487K(2560K)] [ParOldGen: 5114K->5114K(5120K)] 7155K->5601K(7680K) [PSPermGen: 3312K->3312K(21504K)], 0.0474506 secs] [Times: user=0.09 sys=0.00, real=0.05 secs] 
2017-07-06T17:24:21.851+0900: 31.312: [Full GC [PSYoungGen: 2044K->490K(2560K)] [ParOldGen: 5114K->5114K(5120K)] 7159K->5604K(7680K) [PSPermGen: 3312K->3312K(21504K)], 0.0465145 secs] [Times: user=0.08 sys=0.00, real=0.05 secs] 
2017-07-06T17:24:21.913+0900: 31.374: [Full GC [PSYoungGen: 2048K->493K(2560K)] [ParOldGen: 5114K->5114K(5120K)] 7162K->5608K(7680K) [PSPermGen: 3312K->3312K(21504K)], 0.0476239 secs] [Times: user=0.05 sys=0.00, real=0.05 secs] 
2017-07-06T17:24:21.977+0900: 31.438: [Full GC [PSYoungGen: 2033K->504K(2560K)] [ParOldGen: 5114K->5114K(5120K)] 7147K->5619K(7680K) [PSPermGen: 3312K->3312K(21504K)], 0.0607862 secs] [Times: user=0.06 sys=0.00, real=0.06 secs] 
2017-07-06T17:24:22.056+0900: 31.517: [Full GC [PSYoungGen: 2036K->508K(2560K)] [ParOldGen: 5114K->5114K(5120K)] 7150K->5622K(7680K) [PSPermGen: 3312K->3312K(21504K)], 0.0464913 secs] [Times: user=0.09 sys=0.00, real=0.05 secs] 
2017-07-06T17:24:22.117+0900: 31.579: [Full GC [PSYoungGen: 2038K->511K(2560K)] [ParOldGen: 5114K->5114K(5120K)] 7153K->5625K(7680K) [PSPermGen: 3312K->3312K(21504K)], 0.0478927 secs] [Times: user=0.06 sys=0.00, real=0.05 secs] 
2017-07-06T17:24:22.181+0900: 31.642: [Full GC [PSYoungGen: 2042K->514K(2560K)] [ParOldGen: 5114K->5114K(5120K)] 7156K->5628K(7680K) [PSPermGen: 3312K->3312K(21504K)], 0.0417863 secs] [Times: user=0.09 sys=0.00, real=0.04 secs] 
2017-07-06T17:24:22.240+0900: 31.701: [Full GC [PSYoungGen: 2045K->517K(2560K)] [ParOldGen: 5114K->5114K(5120K)] 7159K->5632K(7680K) [PSPermGen: 3312K->3312K(21504K)], 0.0481641 secs] [Times: user=0.09 sys=0.00, real=0.05 secs] 
2017-07-06T17:24:22.304+0900: 31.765: [Full GC [PSYoungGen: 2040K->513K(2560K)] [ParOldGen: 5114K->5114K(5120K)] 7154K->5627K(7680K) [PSPermGen: 3312K->3312K(21504K)], 0.0419609 secs] [Times: user=0.09 sys=0.00, real=0.04 secs] 
2017-07-06T17:24:22.361+0900: 31.822: [Full GC [PSYoungGen: 2043K->516K(2560K)] [ParOldGen: 5114K->5114K(5120K)] 7157K->5630K(7680K) [PSPermGen: 3312K->3312K(21504K)], 0.0423659 secs] [Times: user=0.05 sys=0.00, real=0.04 secs] 
2017-07-06T17:24:22.419+0900: 31.880: [Full GC [PSYoungGen: 2046K->519K(2560K)] [ParOldGen: 5114K->5114K(5120K)] 7161K->5633K(7680K) [PSPermGen: 3312K->3312K(21504K)], 0.0420239 secs] [Times: user=0.08 sys=0.00, real=0.04 secs] 
2017-07-06T17:24:22.477+0900: 31.938: [Full GC [PSYoungGen: 2047K->522K(2560K)] [ParOldGen: 5114K->5114K(5120K)] 7162K->5636K(7680K) [PSPermGen: 3312K->3312K(21504K)], 0.0474990 secs] [Times: user=0.06 sys=0.00, real=0.05 secs] 
2017-07-06T17:24:22.540+0900: 32.002: [Full GC [PSYoungGen: 2035K->533K(2560K)] [ParOldGen: 5114K->5114K(5120K)] 7150K->5648K(7680K) [PSPermGen: 3312K->3312K(21504K)], 0.0431094 secs] [Times: user=0.09 sys=0.00, real=0.04 secs] 
2017-07-06T17:24:22.599+0900: 32.060: [Full GC [PSYoungGen: 2038K->537K(2560K)] [ParOldGen: 5114K->5114K(5120K)] 7152K->5651K(7680K) [PSPermGen: 3312K->3312K(21504K)], 0.0595132 secs] [Times: user=0.03 sys=0.00, real=0.06 secs] 
2017-07-06T17:24:22.676+0900: 32.138: [Full GC [PSYoungGen: 2041K->540K(2560K)] [ParOldGen: 5114K->5114K(5120K)] 7155K->5654K(7680K) [PSPermGen: 3312K->3312K(21504K)], 0.0409011 secs] [Times: user=0.06 sys=0.00, real=0.04 secs] 
2017-07-06T17:24:22.732+0900: 32.193: [Full GC [PSYoungGen: 2045K->543K(2560K)] [ParOldGen: 5114K->5114K(5120K)] 7159K->5657K(7680K) [PSPermGen: 3312K->3312K(21504K)], 0.0418548 secs] [Times: user=0.06 sys=0.00, real=0.04 secs] 
2017-07-06T17:24:22.789+0900: 32.250: [Full GC [PSYoungGen: 2040K->538K(2560K)] [ParOldGen: 5114K->5114K(5120K)] 7154K->5652K(7680K) [PSPermGen: 3312K->3312K(21504K)], 0.0420119 secs] [Times: user=0.08 sys=0.00, real=0.04 secs] 
2017-07-06T17:24:22.846+0900: 32.307: [Full GC [PSYoungGen: 2043K->541K(2560K)] [ParOldGen: 5114K->5114K(5120K)] 7157K->5655K(7680K) [PSPermGen: 3312K->3312K(21504K)], 0.0379857 secs] [Times: user=0.05 sys=0.00, real=0.04 secs] 
2017-07-06T17:24:22.899+0900: 32.360: [Full GC [PSYoungGen: 2046K->544K(2560K)] [ParOldGen: 5114K->5114K(5120K)] 7160K->5659K(7680K) [PSPermGen: 3312K->3312K(21504K)], 0.0440151 secs] [Times: user=0.08 sys=0.00, real=0.04 secs] 
2017-07-06T17:24:22.958+0900: 32.419: [Full GC [PSYoungGen: 2048K->548K(2560K)] [ParOldGen: 5114K->5114K(5120K)] 7162K->5662K(7680K) [PSPermGen: 3312K->3312K(21504K)], 0.0385717 secs] [Times: user=0.06 sys=0.00, real=0.04 secs] 
2017-07-06T17:24:23.011+0900: 32.472: [Full GC [PSYoungGen: 2034K->559K(2560K)] [ParOldGen: 5114K->5114K(5120K)] 7148K->5673K(7680K) [PSPermGen: 3312K->3312K(21504K)], 0.0434433 secs] [Times: user=0.06 sys=0.00, real=0.04 secs] 
2017-07-06T17:24:23.069+0900: 32.531: [Full GC [PSYoungGen: 2038K->562K(2560K)] [ParOldGen: 5114K->5114K(5120K)] 7152K->5676K(7680K) [PSPermGen: 3312K->3312K(21504K)], 0.0409217 secs] [Times: user=0.08 sys=0.00, real=0.04 secs] 
2017-07-06T17:24:23.125+0900: 32.586: [Full GC [PSYoungGen: 2040K->565K(2560K)] [ParOldGen: 5114K->5114K(5120K)] 7154K->5679K(7680K) [PSPermGen: 3312K->3312K(21504K)], 0.0539294 secs] [Times: user=0.05 sys=0.00, real=0.05 secs] 
2017-07-06T17:24:23.196+0900: 32.657: [Full GC [PSYoungGen: 2044K->568K(2560K)] [ParOldGen: 5114K->5114K(5120K)] 7158K->5682K(7680K) [PSPermGen: 3312K->3312K(21504K)], 0.0786578 secs] [Times: user=0.08 sys=0.00, real=0.08 secs] 
2017-07-06T17:24:23.302+0900: 32.763: [Full GC [PSYoungGen: 2047K->571K(2560K)] [ParOldGen: 5114K->5114K(5120K)] 7161K->5685K(7680K) [PSPermGen: 3312K->3312K(21504K)], 0.0616064 secs] [Times: user=0.08 sys=0.00, real=0.06 secs] 
2017-07-06T17:24:23.382+0900: 32.843: [Full GC [PSYoungGen: 2042K->566K(2560K)] [ParOldGen: 5114K->5114K(5120K)] 7156K->5680K(7680K) [PSPermGen: 3312K->3312K(21504K)], 0.0599293 secs] [Times: user=0.06 sys=0.00, real=0.06 secs] 
2017-07-06T17:24:23.458+0900: 32.919: [Full GC [PSYoungGen: 2045K->569K(2560K)] [ParOldGen: 5114K->5114K(5120K)] 7159K->5683K(7680K) [PSPermGen: 3312K->3312K(21504K)], 0.0535793 secs] [Times: user=0.05 sys=0.00, real=0.05 secs] 
2017-07-06T17:24:23.527+0900: 32.988: [Full GC [PSYoungGen: 2048K->572K(2560K)] [ParOldGen: 5114K->5114K(5120K)] 7162K->5687K(7680K) [PSPermGen: 3312K->3312K(21504K)], 0.0543545 secs] [Times: user=0.11 sys=0.00, real=0.06 secs] 
2017-07-06T17:24:23.596+0900: 33.057: [Full GC [PSYoungGen: 2033K->583K(2560K)] [ParOldGen: 5114K->5114K(5120K)] 7147K->5697K(7680K) [PSPermGen: 3312K->3312K(21504K)], 0.0547641 secs] [Times: user=0.06 sys=0.00, real=0.06 secs] 
2017-07-06T17:24:23.667+0900: 33.128: [Full GC [PSYoungGen: 2037K->586K(2560K)] [ParOldGen: 5114K->5114K(5120K)] 7152K->5701K(7680K) [PSPermGen: 3312K->3312K(21504K)], 0.0408840 secs] [Times: user=0.09 sys=0.00, real=0.04 secs] 
2017-07-06T17:24:23.723+0900: 33.185: [Full GC [PSYoungGen: 2040K->589K(2560K)] [ParOldGen: 5114K->5114K(5120K)] 7154K->5704K(7680K) [PSPermGen: 3312K->3312K(21504K)], 0.0403755 secs] [Times: user=0.08 sys=0.00, real=0.04 secs] 
2017-07-06T17:24:23.778+0900: 33.239: [Full GC [PSYoungGen: 2043K->592K(2560K)] [ParOldGen: 5114K->5114K(5120K)] 7158K->5707K(7680K) [PSPermGen: 3312K->3312K(21504K)], 0.0414858 secs] [Times: user=0.08 sys=0.00, real=0.04 secs] 
2017-07-06T17:24:23.834+0900: 33.295: [Full GC [PSYoungGen: 2046K->596K(2560K)] [ParOldGen: 5114K->5114K(5120K)] 7161K->5710K(7680K) [PSPermGen: 3312K->3312K(21504K)], 0.0395759 secs] [Times: user=0.09 sys=0.00, real=0.04 secs] 
2017-07-06T17:24:23.888+0900: 33.349: [Full GC [PSYoungGen: 2048K->599K(2560K)] [ParOldGen: 5114K->5114K(5120K)] 7162K->5713K(7680K) [PSPermGen: 3312K->3312K(21504K)], 0.0469194 secs] [Times: user=0.03 sys=0.00, real=0.05 secs] 
2017-07-06T17:24:23.949+0900: 33.411: [Full GC [PSYoungGen: 2042K->594K(2560K)] [ParOldGen: 5114K->5114K(5120K)] 7157K->5708K(7680K) [PSPermGen: 3312K->3312K(21504K)], 0.0394505 secs] [Times: user=0.08 sys=0.00, real=0.04 secs] 
2017-07-06T17:24:24.004+0900: 33.465: [Full GC [PSYoungGen: 2048K->597K(2560K)] [ParOldGen: 5114K->5114K(5120K)] 7162K->5711K(7680K) [PSPermGen: 3312K->3312K(21504K)], 0.0433525 secs] [Times: user=0.09 sys=0.00, real=0.04 secs] 
2017-07-06T17:24:24.061+0900: 33.523: [Full GC [PSYoungGen: 2033K->608K(2560K)] [ParOldGen: 5114K->5114K(5120K)] 7147K->5722K(7680K) [PSPermGen: 3312K->3312K(21504K)], 0.0433337 secs] [Times: user=0.05 sys=0.00, real=0.04 secs] 
2017-07-06T17:24:24.120+0900: 33.581: [Full GC [PSYoungGen: 2035K->611K(2560K)] [ParOldGen: 5114K->5114K(5120K)] 7150K->5725K(7680K) [PSPermGen: 3312K->3312K(21504K)], 0.0396932 secs] [Times: user=0.06 sys=0.00, real=0.04 secs] 
2017-07-06T17:24:24.174+0900: 33.635: [Full GC [PSYoungGen: 2038K->614K(2560K)] [ParOldGen: 5114K->5114K(5120K)] 7152K->5728K(7680K) [PSPermGen: 3312K->3312K(21504K)], 0.0442257 secs] [Times: user=0.08 sys=0.00, real=0.04 secs] 
2017-07-06T17:24:24.233+0900: 33.694: [Full GC [PSYoungGen: 2040K->617K(2560K)] [ParOldGen: 5114K->5114K(5120K)] 7154K->5731K(7680K) [PSPermGen: 3312K->3312K(21504K)], 0.0398130 secs] [Times: user=0.05 sys=0.00, real=0.04 secs] 
2017-07-06T17:24:24.287+0900: 33.748: [Full GC [PSYoungGen: 2044K->620K(2560K)] [ParOldGen: 5114K->5114K(5120K)] 7158K->5734K(7680K) [PSPermGen: 3312K->3312K(21504K)], 0.0453211 secs] [Times: user=0.08 sys=0.00, real=0.05 secs] 
2017-07-06T17:24:24.346+0900: 33.808: [Full GC [PSYoungGen: 2047K->623K(2560K)] [ParOldGen: 5114K->5114K(5120K)] 7161K->5737K(7680K) [PSPermGen: 3312K->3312K(21504K)], 0.0390528 secs] [Times: user=0.06 sys=0.00, real=0.04 secs] 
2017-07-06T17:24:24.400+0900: 33.862: [Full GC [PSYoungGen: 2042K->618K(2560K)] [ParOldGen: 5114K->5114K(5120K)] 7156K->5732K(7680K) [PSPermGen: 3312K->3312K(21504K)], 0.0534419 secs] [Times: user=0.09 sys=0.00, real=0.05 secs] 
2017-07-06T17:24:24.469+0900: 33.930: [Full GC [PSYoungGen: 2045K->621K(2560K)] [ParOldGen: 5114K->5114K(5120K)] 7159K->5735K(7680K) [PSPermGen: 3312K->3312K(21504K)], 0.0639811 secs] [Times: user=0.06 sys=0.00, real=0.06 secs] 
2017-07-06T17:24:24.548+0900: 34.009: [Full GC [PSYoungGen: 2048K->624K(2560K)] [ParOldGen: 5114K->5114K(5120K)] 7162K->5738K(7680K) [PSPermGen: 3312K->3312K(21504K)], 0.0407718 secs] [Times: user=0.05 sys=0.00, real=0.04 secs] 
2017-07-06T17:24:24.602+0900: 34.063: [Full GC [PSYoungGen: 2033K->634K(2560K)] [ParOldGen: 5114K->5114K(5120K)] 7147K->5749K(7680K) [PSPermGen: 3312K->3312K(21504K)], 0.0433546 secs] [Times: user=0.08 sys=0.00, real=0.04 secs] 
2017-07-06T17:24:24.661+0900: 34.122: [Full GC [PSYoungGen: 2036K->637K(2560K)] [ParOldGen: 5114K->5114K(5120K)] 7150K->5752K(7680K) [PSPermGen: 3312K->3312K(21504K)], 0.0418745 secs] [Times: user=0.09 sys=0.00, real=0.04 secs] 
2017-07-06T17:24:24.717+0900: 34.178: [Full GC [PSYoungGen: 2038K->640K(2560K)] [ParOldGen: 5114K->5114K(5120K)] 7153K->5755K(7680K) [PSPermGen: 3312K->3312K(21504K)], 0.0465958 secs] [Times: user=0.06 sys=0.00, real=0.05 secs] 
2017-07-06T17:24:24.778+0900: 34.239: [Full GC [PSYoungGen: 2042K->643K(2560K)] [ParOldGen: 5114K->5114K(5120K)] 7156K->5758K(7680K) [PSPermGen: 3312K->3312K(21504K)], 0.0393743 secs] [Times: user=0.05 sys=0.00, real=0.04 secs] 
2017-07-06T17:24:24.831+0900: 34.292: [Full GC [PSYoungGen: 2045K->646K(2560K)] [ParOldGen: 5114K->5114K(5120K)] 7159K->5760K(7680K) [PSPermGen: 3312K->3312K(21504K)], 0.0724431 secs] [Times: user=0.09 sys=0.00, real=0.07 secs] 
2017-07-06T17:24:24.917+0900: 34.378: [Full GC [PSYoungGen: 2040K->641K(2560K)] [ParOldGen: 5114K->5114K(5120K)] 7154K->5755K(7680K) [PSPermGen: 3312K->3312K(21504K)], 0.0395190 secs] [Times: user=0.06 sys=0.00, real=0.04 secs] 
2017-07-06T17:24:24.971+0900: 34.432: [Full GC [PSYoungGen: 2043K->644K(2560K)] [ParOldGen: 5114K->5114K(5120K)] 7157K->5758K(7680K) [PSPermGen: 3312K->3312K(21504K)], 0.0400544 secs] [Times: user=0.05 sys=0.00, real=0.04 secs] 
2017-07-06T17:24:25.025+0900: 34.486: [Full GC [PSYoungGen: 2045K->647K(2560K)] [ParOldGen: 5114K->5114K(5120K)] 7160K->5761K(7680K) [PSPermGen: 3312K->3312K(21504K)], 0.0397154 secs] [Times: user=0.08 sys=0.00, real=0.04 secs] 
2017-07-06T17:24:25.078+0900: 34.540: [Full GC [PSYoungGen: 2048K->650K(2560K)] [ParOldGen: 5114K->5114K(5120K)] 7162K->5764K(7680K) [PSPermGen: 3312K->3312K(21504K)], 0.0411875 secs] [Times: user=0.05 sys=0.00, real=0.04 secs] 
2017-07-06T17:24:25.133+0900: 34.595: [Full GC [PSYoungGen: 2033K->661K(2560K)] [ParOldGen: 5114K->5114K(5120K)] 7148K->5775K(7680K) [PSPermGen: 3312K->3312K(21504K)], 0.0396838 secs] [Times: user=0.09 sys=0.00, real=0.04 secs] 
2017-07-06T17:24:25.187+0900: 34.648: [Full GC [PSYoungGen: 2036K->664K(2560K)] [ParOldGen: 5114K->5114K(5120K)] 7150K->5778K(7680K) [PSPermGen: 3312K->3312K(21504K)], 0.0435652 secs] [Times: user=0.08 sys=0.00, real=0.04 secs] 
2017-07-06T17:24:25.244+0900: 34.705: [Full GC [PSYoungGen: 2039K->667K(2560K)] [ParOldGen: 5114K->5114K(5120K)] 7153K->5781K(7680K) [PSPermGen: 3312K->3312K(21504K)], 0.0410193 secs] [Times: user=0.08 sys=0.00, real=0.04 secs] 
2017-07-06T17:24:25.300+0900: 34.761: [Full GC [PSYoungGen: 2042K->670K(2560K)] [ParOldGen: 5114K->5114K(5120K)] 7156K->5784K(7680K) [PSPermGen: 3312K->3312K(21504K)], 0.0401071 secs] [Times: user=0.09 sys=0.00, real=0.04 secs] 
2017-07-06T17:24:25.353+0900: 34.815: [Full GC [PSYoungGen: 2044K->672K(2560K)] [ParOldGen: 5114K->5114K(5120K)] 7159K->5787K(7680K) [PSPermGen: 3312K->3312K(21504K)], 0.0401760 secs] [Times: user=0.08 sys=0.00, real=0.04 secs] 
2017-07-06T17:24:25.409+0900: 34.870: [Full GC [PSYoungGen: 2047K->675K(2560K)] [ParOldGen: 5114K->5114K(5120K)] 7162K->5790K(7680K) [PSPermGen: 3312K->3312K(21504K)], 0.0433097 secs] [Times: user=0.09 sys=0.00, real=0.04 secs] 
2017-07-06T17:24:25.467+0900: 34.928: [Full GC [PSYoungGen: 2042K->670K(2560K)] [ParOldGen: 5114K->5114K(5120K)] 7156K->5784K(7680K) [PSPermGen: 3312K->3312K(21504K)], 0.0407042 secs] [Times: user=0.06 sys=0.00, real=0.04 secs] 
2017-07-06T17:24:25.521+0900: 34.983: [Full GC [PSYoungGen: 2045K->673K(2560K)] [ParOldGen: 5114K->5114K(5120K)] 7159K->5787K(7680K) [PSPermGen: 3312K->3312K(21504K)], 0.0407376 secs] [Times: user=0.09 sys=0.00, real=0.04 secs] 
2017-07-06T17:24:25.577+0900: 35.038: [Full GC [PSYoungGen: 2048K->676K(2560K)] [ParOldGen: 5114K->5114K(5120K)] 7162K->5790K(7680K) [PSPermGen: 3312K->3312K(21504K)], 0.0418458 secs] [Times: user=0.06 sys=0.00, real=0.04 secs] 
2017-07-06T17:24:25.633+0900: 35.094: [Full GC [PSYoungGen: 2033K->687K(2560K)] [ParOldGen: 5114K->5114K(5120K)] 7147K->5801K(7680K) [PSPermGen: 3312K->3312K(21504K)], 0.0400176 secs] [Times: user=0.09 sys=0.00, real=0.04 secs] 
2017-07-06T17:24:25.687+0900: 35.149: [Full GC [PSYoungGen: 2036K->690K(2560K)] [ParOldGen: 5114K->5114K(5120K)] 7150K->5804K(7680K) [PSPermGen: 3312K->3312K(21504K)], 0.0412324 secs] [Times: user=0.08 sys=0.00, real=0.04 secs] 
2017-07-06T17:24:25.742+0900: 35.203: [Full GC [PSYoungGen: 2038K->692K(2560K)] [ParOldGen: 5114K->5114K(5120K)] 7153K->5807K(7680K) [PSPermGen: 3312K->3312K(21504K)], 0.0421985 secs] [Times: user=0.06 sys=0.00, real=0.04 secs] 
2017-07-06T17:24:25.797+0900: 35.259: [Full GC [PSYoungGen: 2041K->695K(2560K)] [ParOldGen: 5114K->5114K(5120K)] 7155K->5809K(7680K) [PSPermGen: 3312K->3312K(21504K)], 0.0399731 secs] [Times: user=0.06 sys=0.00, real=0.04 secs] 
2017-07-06T17:24:25.851+0900: 35.312: [Full GC [PSYoungGen: 2044K->698K(2560K)] [ParOldGen: 5114K->5114K(5120K)] 7158K->5812K(7680K) [PSPermGen: 3312K->3312K(21504K)], 0.0418424 secs] [Times: user=0.06 sys=0.00, real=0.04 secs] 
2017-07-06T17:24:25.906+0900: 35.367: [Full GC [PSYoungGen: 2047K->701K(2560K)] [ParOldGen: 5114K->5114K(5120K)] 7161K->5815K(7680K) [PSPermGen: 3312K->3312K(21504K)], 0.0401837 secs] [Times: user=0.06 sys=0.00, real=0.04 secs] 
2017-07-06T17:24:25.960+0900: 35.421: [Full GC [PSYoungGen: 2042K->696K(2560K)] [ParOldGen: 5114K->5114K(5120K)] 7156K->5810K(7680K) [PSPermGen: 3312K->3312K(21504K)], 0.0402265 secs] [Times: user=0.09 sys=0.00, real=0.04 secs] 
2017-07-06T17:24:26.015+0900: 35.476: [Full GC [PSYoungGen: 2045K->699K(2560K)] [ParOldGen: 5114K->5114K(5120K)] 7159K->5813K(7680K) [PSPermGen: 3312K->3312K(21504K)], 0.0403340 secs] [Times: user=0.06 sys=0.00, real=0.04 secs] 
2017-07-06T17:24:26.069+0900: 35.531: [Full GC [PSYoungGen: 2047K->701K(2560K)] [ParOldGen: 5114K->5114K(5120K)] 7162K->5816K(7680K) [PSPermGen: 3312K->3312K(21504K)], 0.0400977 secs] [Times: user=0.08 sys=0.00, real=0.04 secs] 
2017-07-06T17:24:26.123+0900: 35.584: [Full GC [PSYoungGen: 2032K->712K(2560K)] [ParOldGen: 5114K->5114K(5120K)] 7146K->5826K(7680K) [PSPermGen: 3312K->3312K(21504K)], 0.0574565 secs] [Times: user=0.05 sys=0.00, real=0.06 secs] 
2017-07-06T17:24:26.213+0900: 35.674: [Full GC [PSYoungGen: 2035K->715K(2560K)] [ParOldGen: 5114K->5114K(5120K)] 7149K->5829K(7680K) [PSPermGen: 3312K->3312K(21504K)], 0.0512691 secs] [Times: user=0.06 sys=0.00, real=0.05 secs] 
2017-07-06T17:24:26.277+0900: 35.739: [Full GC [PSYoungGen: 2038K->718K(2560K)] [ParOldGen: 5114K->5114K(5120K)] 7152K->5832K(7680K) [PSPermGen: 3312K->3312K(21504K)], 0.0465812 secs] [Times: user=0.08 sys=0.00, real=0.05 secs] 
2017-07-06T17:24:26.337+0900: 35.798: [Full GC [PSYoungGen: 2040K->721K(2560K)] [ParOldGen: 5114K->5114K(5120K)] 7155K->5835K(7680K) [PSPermGen: 3312K->3312K(21504K)], 0.0411365 secs] [Times: user=0.06 sys=0.00, real=0.04 secs] 
2017-07-06T17:24:26.392+0900: 35.854: [Full GC [PSYoungGen: 2043K->723K(2560K)] [ParOldGen: 5114K->5114K(5120K)] 7157K->5838K(7680K) [PSPermGen: 3312K->3312K(21504K)], 0.0420136 secs] [Times: user=0.09 sys=0.00, real=0.04 secs] 
2017-07-06T17:24:26.449+0900: 35.910: [Full GC [PSYoungGen: 2046K->726K(2560K)] [ParOldGen: 5114K->5114K(5120K)] 7160K->5840K(7680K) [PSPermGen: 3312K->3312K(21504K)], 0.0428055 secs] [Times: user=0.06 sys=0.00, real=0.04 secs] 
2017-07-06T17:24:26.510+0900: 35.970: [Full GC [PSYoungGen: 2041K->721K(2560K)] [ParOldGen: 5114K->5114K(5120K)] 7155K->5835K(7680K) [PSPermGen: 3312K->3312K(21504K)], 0.0444466 secs] [Times: user=0.05 sys=0.00, real=0.04 secs] 
2017-07-06T17:24:26.567+0900: 36.027: [Full GC [PSYoungGen: 2044K->724K(2560K)] [ParOldGen: 5114K->5114K(5120K)] 7158K->5838K(7680K) [PSPermGen: 3312K->3312K(21504K)], 0.0414310 secs] [Times: user=0.08 sys=0.00, real=0.04 secs] 
2017-07-06T17:24:26.622+0900: 36.082: [Full GC [PSYoungGen: 2046K->726K(2560K)] [ParOldGen: 5114K->5114K(5120K)] 7161K->5841K(7680K) [PSPermGen: 3312K->3312K(21504K)], 0.0453870 secs] [Times: user=0.08 sys=0.00, real=0.05 secs] 
2017-07-06T17:24:26.682+0900: 36.142: [Full GC [PSYoungGen: 2048K->729K(2560K)] [ParOldGen: 5114K->5114K(5120K)] 7162K->5843K(7680K) [PSPermGen: 3312K->3312K(21504K)], 0.0406516 secs] [Times: user=0.05 sys=0.00, real=0.04 secs] 
2017-07-06T17:24:26.736+0900: 36.196: [Full GC [PSYoungGen: 2034K->740K(2560K)] [ParOldGen: 5114K->5114K(5120K)] 7148K->5854K(7680K) [PSPermGen: 3312K->3312K(21504K)], 0.0410984 secs] [Times: user=0.09 sys=0.00, real=0.04 secs] 
2017-07-06T17:24:26.791+0900: 36.251: [Full GC [PSYoungGen: 2037K->743K(2560K)] [ParOldGen: 5114K->5114K(5120K)] 7151K->5857K(7680K) [PSPermGen: 3312K->3312K(21504K)], 0.0412697 secs] [Times: user=0.05 sys=0.00, real=0.04 secs] 
2017-07-06T17:24:26.845+0900: 36.305: [Full GC [PSYoungGen: 2039K->745K(2560K)] [ParOldGen: 5114K->5114K(5120K)] 7153K->5860K(7680K) [PSPermGen: 3312K->3312K(21504K)], 0.0408117 secs] [Times: user=0.09 sys=0.00, real=0.04 secs] 
2017-07-06T17:24:26.899+0900: 36.359: [Full GC [PSYoungGen: 2042K->748K(2560K)] [ParOldGen: 5114K->5114K(5120K)] 7156K->5862K(7680K) [PSPermGen: 3312K->3312K(21504K)], 0.0482091 secs] [Times: user=0.09 sys=0.00, real=0.05 secs] 
2017-07-06T17:24:26.960+0900: 36.420: [Full GC [PSYoungGen: 2045K->751K(2560K)] [ParOldGen: 5114K->5114K(5120K)] 7159K->5865K(7680K) [PSPermGen: 3312K->3312K(21504K)], 0.0405904 secs] [Times: user=0.09 sys=0.00, real=0.04 secs] 
2017-07-06T17:24:27.013+0900: 36.474: [Full GC [PSYoungGen: 2047K->754K(2560K)] [ParOldGen: 5114K->5114K(5120K)] 7162K->5868K(7680K) [PSPermGen: 3312K->3312K(21504K)], 0.0452175 secs] [Times: user=0.06 sys=0.00, real=0.05 secs] 
2017-07-06T17:24:27.072+0900: 36.532: [Full GC [PSYoungGen: 2042K->748K(2560K)] [ParOldGen: 5114K->5114K(5120K)] 7156K->5862K(7680K) [PSPermGen: 3312K->3312K(21504K)], 0.0407941 secs] [Times: user=0.05 sys=0.00, real=0.04 secs] 
2017-07-06T17:24:27.125+0900: 36.586: [Full GC [PSYoungGen: 2045K->751K(2560K)] [ParOldGen: 5114K->5114K(5120K)] 7159K->5865K(7680K) [PSPermGen: 3312K->3312K(21504K)], 0.0413566 secs] [Times: user=0.09 sys=0.00, real=0.04 secs] 
2017-07-06T17:24:27.180+0900: 36.640: [Full GC [PSYoungGen: 2048K->754K(2560K)] [ParOldGen: 5114K->5114K(5120K)] 7162K->5868K(7680K) [PSPermGen: 3312K->3312K(21504K)], 0.0457778 secs] [Times: user=0.08 sys=0.00, real=0.05 secs] 
2017-07-06T17:24:27.239+0900: 36.699: [Full GC [PSYoungGen: 2032K->764K(2560K)] [ParOldGen: 5114K->5114K(5120K)] 7146K->5878K(7680K) [PSPermGen: 3312K->3312K(21504K)], 0.0412453 secs] [Times: user=0.09 sys=0.00, real=0.04 secs] 
2017-07-06T17:24:27.293+0900: 36.753: [Full GC [PSYoungGen: 2035K->767K(2560K)] [ParOldGen: 5114K->5114K(5120K)] 7149K->5881K(7680K) [PSPermGen: 3312K->3312K(21504K)], 0.0461082 secs] [Times: user=0.08 sys=0.00, real=0.05 secs] 
2017-07-06T17:24:27.352+0900: 36.812: [Full GC [PSYoungGen: 2037K->770K(2560K)] [ParOldGen: 5114K->5114K(5120K)] 7152K->5884K(7680K) [PSPermGen: 3312K->3312K(21504K)], 0.0418852 secs] [Times: user=0.05 sys=0.00, real=0.04 secs] 
2017-07-06T17:24:27.406+0900: 36.867: [Full GC [PSYoungGen: 2040K->772K(2560K)] [ParOldGen: 5114K->5114K(5120K)] 7154K->5887K(7680K) [PSPermGen: 3312K->3312K(21504K)], 0.0415269 secs] [Times: user=0.08 sys=0.00, real=0.04 secs] 
2017-07-06T17:24:27.460+0900: 36.921: [Full GC [PSYoungGen: 2043K->775K(2560K)] [ParOldGen: 5114K->5114K(5120K)] 7157K->5889K(7680K) [PSPermGen: 3312K->3312K(21504K)], 0.0416917 secs] [Times: user=0.08 sys=0.00, real=0.04 secs] 
2017-07-06T17:24:27.515+0900: 36.975: [Full GC [PSYoungGen: 2046K->778K(2560K)] [ParOldGen: 5114K->5114K(5120K)] 7160K->5892K(7680K) [PSPermGen: 3312K->3312K(21504K)], 0.0473581 secs] [Times: user=0.08 sys=0.00, real=0.05 secs] 
2017-07-06T17:24:27.576+0900: 37.036: [Full GC [PSYoungGen: 2040K->772K(2560K)] [ParOldGen: 5114K->5114K(5120K)] 7154K->5887K(7680K) [PSPermGen: 3312K->3312K(21504K)], 0.0420187 secs] [Times: user=0.08 sys=0.00, real=0.04 secs] 
2017-07-06T17:24:27.630+0900: 37.091: [Full GC [PSYoungGen: 2043K->775K(2560K)] [ParOldGen: 5114K->5114K(5120K)] 7157K->5889K(7680K) [PSPermGen: 3312K->3312K(21504K)], 0.0463094 secs] [Times: user=0.06 sys=0.00, real=0.05 secs] 
2017-07-06T17:24:27.689+0900: 37.150: [Full GC [PSYoungGen: 2046K->778K(2560K)] [ParOldGen: 5114K->5114K(5120K)] 7160K->5892K(7680K) [PSPermGen: 3312K->3312K(21504K)], 0.0422948 secs] [Times: user=0.08 sys=0.00, real=0.04 secs] 
2017-07-06T17:24:27.745+0900: 37.205: [Full GC [PSYoungGen: 2048K->780K(2560K)] [ParOldGen: 5114K->5114K(5120K)] 7162K->5895K(7680K) [PSPermGen: 3312K->3312K(21504K)], 0.0420119 secs] [Times: user=0.06 sys=0.00, real=0.04 secs] 
2017-07-06T17:24:27.799+0900: 37.259: [Full GC [PSYoungGen: 2033K->791K(2560K)] [ParOldGen: 5114K->5114K(5120K)] 7147K->5905K(7680K) [PSPermGen: 3312K->3312K(21504K)], 0.0454217 secs] [Times: user=0.08 sys=0.00, real=0.05 secs] 
2017-07-06T17:24:27.857+0900: 37.317: [Full GC [PSYoungGen: 2035K->794K(2560K)] [ParOldGen: 5114K->5114K(5120K)] 7149K->5908K(7680K) [PSPermGen: 3312K->3312K(21504K)], 0.0411412 secs] [Times: user=0.09 sys=0.00, real=0.04 secs] 
2017-07-06T17:24:27.911+0900: 37.371: [Full GC [PSYoungGen: 2038K->796K(2560K)] [ParOldGen: 5114K->5114K(5120K)] 7152K->5910K(7680K) [PSPermGen: 3312K->3312K(21504K)], 0.0474917 secs] [Times: user=0.08 sys=0.00, real=0.05 secs] 
2017-07-06T17:24:27.971+0900: 37.431: [Full GC [PSYoungGen: 2041K->799K(2560K)] [ParOldGen: 5114K->5114K(5120K)] 7155K->5913K(7680K) [PSPermGen: 3312K->3312K(21504K)], 0.0424862 secs] [Times: user=0.09 sys=0.00, real=0.04 secs] 
2017-07-06T17:24:28.026+0900: 37.486: [Full GC [PSYoungGen: 2043K->801K(2560K)] [ParOldGen: 5114K->5114K(5120K)] 7157K->5916K(7680K) [PSPermGen: 3312K->3312K(21504K)], 0.0463492 secs] [Times: user=0.08 sys=0.00, real=0.05 secs] 
2017-07-06T17:24:28.084+0900: 37.545: [Full GC [PSYoungGen: 2046K->804K(2560K)] [ParOldGen: 5114K->5114K(5120K)] 7160K->5918K(7680K) [PSPermGen: 3312K->3312K(21504K)], 0.0449393 secs] [Times: user=0.08 sys=0.00, real=0.04 secs] 
2017-07-06T17:24:28.142+0900: 37.602: [Full GC [PSYoungGen: 2040K->799K(2560K)] [ParOldGen: 5114K->5114K(5120K)] 7155K->5913K(7680K) [PSPermGen: 3312K->3312K(21504K)], 0.0412679 secs] [Times: user=0.09 sys=0.00, real=0.04 secs] 
2017-07-06T17:24:28.195+0900: 37.656: [Full GC [PSYoungGen: 2043K->801K(2560K)] [ParOldGen: 5114K->5114K(5120K)] 7157K->5915K(7680K) [PSPermGen: 3312K->3312K(21504K)], 0.0461754 secs] [Times: user=0.06 sys=0.00, real=0.05 secs] 
2017-07-06T17:24:28.254+0900: 37.714: [Full GC [PSYoungGen: 2046K->804K(2560K)] [ParOldGen: 5114K->5114K(5120K)] 7160K->5918K(7680K) [PSPermGen: 3312K->3312K(21504K)], 0.0408596 secs] [Times: user=0.09 sys=0.00, real=0.04 secs] 
2017-07-06T17:24:28.308+0900: 37.769: [Full GC [PSYoungGen: 2048K->807K(2560K)] [ParOldGen: 5114K->5114K(5120K)] 7162K->5921K(7680K) [PSPermGen: 3312K->3312K(21504K)], 0.0419233 secs] [Times: user=0.06 sys=0.00, real=0.04 secs] 
2017-07-06T17:24:28.363+0900: 37.824: [Full GC [PSYoungGen: 2033K->817K(2560K)] [ParOldGen: 5114K->5114K(5120K)] 7147K->5931K(7680K) [PSPermGen: 3312K->3312K(21504K)], 0.0416343 secs] [Times: user=0.08 sys=0.00, real=0.04 secs] 
2017-07-06T17:24:28.417+0900: 37.878: [Full GC [PSYoungGen: 2035K->820K(2560K)] [ParOldGen: 5114K->5114K(5120K)] 7149K->5934K(7680K) [PSPermGen: 3312K->3312K(21504K)], 0.0458416 secs] [Times: user=0.08 sys=0.00, real=0.05 secs] 
2017-07-06T17:24:28.477+0900: 37.938: [Full GC [PSYoungGen: 2038K->822K(2560K)] [ParOldGen: 5114K->5114K(5120K)] 7152K->5936K(7680K) [PSPermGen: 3312K->3312K(21504K)], 0.0451006 secs] [Times: user=0.09 sys=0.00, real=0.05 secs] 
2017-07-06T17:24:28.534+0900: 37.995: [Full GC [PSYoungGen: 2040K->825K(2560K)] [ParOldGen: 5114K->5114K(5120K)] 7155K->5939K(7680K) [PSPermGen: 3312K->3312K(21504K)], 0.0417354 secs] [Times: user=0.08 sys=0.00, real=0.04 secs] 
2017-07-06T17:24:28.589+0900: 38.049: [Full GC [PSYoungGen: 2043K->827K(2560K)] [ParOldGen: 5114K->5114K(5120K)] 7157K->5941K(7680K) [PSPermGen: 3312K->3312K(21504K)], 0.0443781 secs] [Times: user=0.09 sys=0.00, real=0.04 secs] 
2017-07-06T17:24:28.646+0900: 38.106: [Full GC [PSYoungGen: 2046K->830K(2560K)] [ParOldGen: 5114K->5114K(5120K)] 7160K->5944K(7680K) [PSPermGen: 3312K->3312K(21504K)], 0.0423577 secs] [Times: user=0.08 sys=0.00, real=0.04 secs] 
2017-07-06T17:24:28.701+0900: 38.162: [Full GC [PSYoungGen: 2040K->824K(2560K)] [ParOldGen: 5114K->5114K(5120K)] 7154K->5939K(7680K) [PSPermGen: 3312K->3312K(21504K)], 0.0450891 secs] [Times: user=0.09 sys=0.00, real=0.05 secs] 
2017-07-06T17:24:28.759+0900: 38.219: [Full GC [PSYoungGen: 2043K->827K(2560K)] [ParOldGen: 5114K->5114K(5120K)] 7157K->5941K(7680K) [PSPermGen: 3312K->3312K(21504K)], 0.0418955 secs] [Times: user=0.05 sys=0.00, real=0.04 secs] 
2017-07-06T17:24:28.813+0900: 38.273: [Full GC [PSYoungGen: 2045K->830K(2560K)] [ParOldGen: 5114K->5114K(5120K)] 7159K->5944K(7680K) [PSPermGen: 3312K->3312K(21504K)], 0.0421810 secs] [Times: user=0.09 sys=0.00, real=0.04 secs] 
2017-07-06T17:24:28.867+0900: 38.328: [Full GC [PSYoungGen: 2048K->832K(2560K)] [ParOldGen: 5114K->5114K(5120K)] 7162K->5946K(7680K) [PSPermGen: 3312K->3312K(21504K)], 0.0410629 secs] [Times: user=0.05 sys=0.00, real=0.04 secs] 
2017-07-06T17:24:28.921+0900: 38.382: [Full GC [PSYoungGen: 2032K->842K(2560K)] [ParOldGen: 5114K->5114K(5120K)] 7146K->5957K(7680K) [PSPermGen: 3312K->3312K(21504K)], 0.0451169 secs] [Times: user=0.09 sys=0.00, real=0.05 secs] 
2017-07-06T17:24:28.978+0900: 38.439: [Full GC [PSYoungGen: 2035K->851K(2560K)] [ParOldGen: 5114K->5114K(5120K)] 7149K->5965K(7680K) [PSPermGen: 3312K->3312K(21504K)], 0.0440823 secs] [Times: user=0.09 sys=0.00, real=0.05 secs] 
2017-07-06T17:24:29.034+0900: 38.495: [Full GC [PSYoungGen: 2043K->848K(2560K)] [ParOldGen: 5114K->5114K(5120K)] 7157K->5962K(7680K) [PSPermGen: 3312K->3312K(21504K)], 0.0418989 secs] [Times: user=0.08 sys=0.00, real=0.04 secs] 
2017-07-06T17:24:29.088+0900: 38.549: [Full GC [PSYoungGen: 2040K->850K(2560K)] [ParOldGen: 5114K->5114K(5120K)] 7154K->5964K(7680K) [PSPermGen: 3312K->3312K(21504K)], 0.0426441 secs] [Times: user=0.08 sys=0.00, real=0.04 secs] 
2017-07-06T17:24:29.143+0900: 38.603: [Full GC [PSYoungGen: 2042K->853K(2560K)] [ParOldGen: 5114K->5114K(5120K)] 7156K->5967K(7680K) [PSPermGen: 3312K->3312K(21504K)], 0.0420739 secs] [Times: user=0.08 sys=0.00, real=0.04 secs] 
2017-07-06T17:24:29.198+0900: 38.658: [Full GC [PSYoungGen: 2045K->855K(2560K)] [ParOldGen: 5114K->5114K(5120K)] 7159K->5969K(7680K) [PSPermGen: 3312K->3312K(21504K)], 0.0418989 secs] [Times: user=0.06 sys=0.02, real=0.04 secs] 
2017-07-06T17:24:29.252+0900: 38.712: [Full GC [PSYoungGen: 2047K->858K(2560K)] [ParOldGen: 5114K->5114K(5120K)] 7161K->5972K(7680K) [PSPermGen: 3312K->3312K(21504K)], 0.0419896 secs] [Times: user=0.08 sys=0.00, real=0.04 secs] 
2017-07-06T17:24:29.307+0900: 38.768: [Full GC [PSYoungGen: 2042K->852K(2560K)] [ParOldGen: 5114K->5114K(5120K)] 7156K->5966K(7680K) [PSPermGen: 3312K->3312K(21504K)], 0.0455514 secs] [Times: user=0.09 sys=0.00, real=0.05 secs] 
2017-07-06T17:24:29.365+0900: 38.826: [Full GC [PSYoungGen: 2044K->855K(2560K)] [ParOldGen: 5114K->5114K(5120K)] 7158K->5969K(7680K) [PSPermGen: 3312K->3312K(21504K)], 0.0450497 secs] [Times: user=0.06 sys=0.00, real=0.05 secs] 
2017-07-06T17:24:29.423+0900: 38.884: [Full GC [PSYoungGen: 2047K->857K(2560K)] [ParOldGen: 5114K->5114K(5120K)] 7161K->5971K(7680K) [PSPermGen: 3312K->3312K(21504K)], 0.0441251 secs] [Times: user=0.06 sys=0.00, real=0.04 secs] 
2017-07-06T17:24:29.480+0900: 38.940: [Full GC [PSYoungGen: 2048K->884K(2560K)] [ParOldGen: 5114K->5114K(5120K)] 7162K->5998K(7680K) [PSPermGen: 3312K->3312K(21504K)], 0.0455201 secs] [Times: user=0.09 sys=0.00, real=0.05 secs] 
2017-07-06T17:24:29.538+0900: 38.998: [Full GC [PSYoungGen: 2034K->870K(2560K)] [ParOldGen: 5114K->5114K(5120K)] 7148K->5984K(7680K) [PSPermGen: 3312K->3312K(21504K)], 0.0519694 secs] [Times: user=0.05 sys=0.00, real=0.05 secs] 
2017-07-06T17:24:29.602+0900: 39.062: [Full GC [PSYoungGen: 2036K->872K(2560K)] [ParOldGen: 5114K->5114K(5120K)] 7150K->5987K(7680K) [PSPermGen: 3312K->3312K(21504K)], 0.0427104 secs] [Times: user=0.06 sys=0.00, real=0.04 secs] 
2017-07-06T17:24:29.656+0900: 39.116: [Full GC [PSYoungGen: 2038K->875K(2560K)] [ParOldGen: 5114K->5114K(5120K)] 7153K->5989K(7680K) [PSPermGen: 3312K->3312K(21504K)], 0.0424082 secs] [Times: user=0.09 sys=0.00, real=0.04 secs] 
2017-07-06T17:24:29.710+0900: 39.170: [Full GC [PSYoungGen: 2041K->877K(2560K)] [ParOldGen: 5114K->5114K(5120K)] 7155K->5991K(7680K) [PSPermGen: 3312K->3312K(21504K)], 0.0421591 secs] [Times: user=0.05 sys=0.00, real=0.04 secs] 
2017-07-06T17:24:29.764+0900: 39.224: [Full GC [PSYoungGen: 2043K->880K(2560K)] [ParOldGen: 5114K->5114K(5120K)] 7158K->5994K(7680K) [PSPermGen: 3312K->3312K(21504K)], 0.0583982 secs] [Times: user=0.09 sys=0.00, real=0.06 secs] 
2017-07-06T17:24:29.834+0900: 39.294: [Full GC [PSYoungGen: 2046K->882K(2560K)] [ParOldGen: 5114K->5114K(5120K)] 7160K->5996K(7680K) [PSPermGen: 3312K->3312K(21504K)], 0.0417230 secs] [Times: user=0.05 sys=0.00, real=0.04 secs] 
2017-07-06T17:24:29.887+0900: 39.347: [Full GC [PSYoungGen: 2040K->877K(2560K)] [ParOldGen: 5114K->5114K(5120K)] 7154K->5991K(7680K) [PSPermGen: 3312K->3312K(21504K)], 0.0487214 secs] [Times: user=0.08 sys=0.00, real=0.05 secs] 
2017-07-06T17:24:29.948+0900: 39.408: [Full GC [PSYoungGen: 2043K->879K(2560K)] [ParOldGen: 5114K->5114K(5120K)] 7157K->5993K(7680K) [PSPermGen: 3312K->3312K(21504K)], 0.0437754 secs] [Times: user=0.09 sys=0.00, real=0.04 secs] 
2017-07-06T17:24:30.003+0900: 39.463: [Full GC [PSYoungGen: 2045K->882K(2560K)] [ParOldGen: 5114K->5114K(5120K)] 7159K->5996K(7680K) [PSPermGen: 3312K->3312K(21504K)], 0.0463090 secs] [Times: user=0.08 sys=0.00, real=0.05 secs] 
2017-07-06T17:24:30.061+0900: 39.521: [Full GC [PSYoungGen: 2032K->892K(2560K)] [ParOldGen: 5114K->5114K(5120K)] 7146K->6006K(7680K) [PSPermGen: 3312K->3312K(21504K)], 0.0424570 secs] [Times: user=0.09 sys=0.00, real=0.04 secs] 
2017-07-06T17:24:30.115+0900: 39.575: [Full GC [PSYoungGen: 2034K->894K(2560K)] [ParOldGen: 5114K->5114K(5120K)] 7148K->6008K(7680K) [PSPermGen: 3312K->3312K(21504K)], 0.0427019 secs] [Times: user=0.05 sys=0.00, real=0.04 secs] 
2017-07-06T17:24:30.170+0900: 39.630: [Full GC [PSYoungGen: 2036K->897K(2560K)] [ParOldGen: 5114K->5114K(5120K)] 7150K->6011K(7680K) [PSPermGen: 3312K->3312K(21504K)], 0.0535365 secs] [Times: user=0.09 sys=0.00, real=0.05 secs] 
2017-07-06T17:24:30.235+0900: 39.696: [Full GC [PSYoungGen: 2039K->899K(2560K)] [ParOldGen: 5114K->5114K(5120K)] 7153K->6013K(7680K) [PSPermGen: 3312K->3312K(21504K)], 0.0433397 secs] [Times: user=0.05 sys=0.00, real=0.04 secs] 
2017-07-06T17:24:30.290+0900: 39.750: [Full GC [PSYoungGen: 2041K->901K(2560K)] [ParOldGen: 5114K->5114K(5120K)] 7155K->6016K(7680K) [PSPermGen: 3312K->3312K(21504K)], 0.0479326 secs] [Times: user=0.08 sys=0.00, real=0.05 secs] 
2017-07-06T17:24:30.349+0900: 39.810: [Full GC [PSYoungGen: 2044K->904K(2560K)] [ParOldGen: 5114K->5114K(5120K)] 7158K->6018K(7680K) [PSPermGen: 3312K->3312K(21504K)], 0.0430811 secs] [Times: user=0.05 sys=0.00, real=0.04 secs] 
2017-07-06T17:24:30.404+0900: 39.864: [Full GC [PSYoungGen: 2046K->906K(2560K)] [ParOldGen: 5114K->5114K(5120K)] 7160K->6020K(7680K) [PSPermGen: 3312K->3312K(21504K)], 0.0426441 secs] [Times: user=0.09 sys=0.00, real=0.04 secs] 
2017-07-06T17:24:30.458+0900: 39.919: [Full GC [PSYoungGen: 2040K->901K(2560K)] [ParOldGen: 5114K->5114K(5120K)] 7155K->6015K(7680K) [PSPermGen: 3312K->3312K(21504K)], 0.0441080 secs] [Times: user=0.08 sys=0.00, real=0.05 secs] 
2017-07-06T17:24:30.515+0900: 39.975: [Full GC [PSYoungGen: 2043K->903K(2560K)] [ParOldGen: 5114K->5114K(5120K)] 7157K->6017K(7680K) [PSPermGen: 3312K->3312K(21504K)], 0.0452380 secs] [Times: user=0.08 sys=0.00, real=0.04 secs] 
2017-07-06T17:24:30.571+0900: 40.032: [Full GC [PSYoungGen: 2045K->906K(2560K)] [ParOldGen: 5114K->5114K(5120K)] 7159K->6020K(7680K) [PSPermGen: 3312K->3312K(21504K)], 0.0464729 secs] [Times: user=0.08 sys=0.00, real=0.05 secs] 
2017-07-06T17:24:30.629+0900: 40.090: [Full GC [PSYoungGen: 2048K->908K(2560K)] [ParOldGen: 5114K->5114K(5120K)] 7162K->6022K(7680K) [PSPermGen: 3312K->3312K(21504K)], 0.0427340 secs] [Times: user=0.05 sys=0.00, real=0.04 secs] 
2017-07-06T17:24:30.684+0900: 40.144: [Full GC [PSYoungGen: 2032K->918K(2560K)] [ParOldGen: 5114K->5114K(5120K)] 7146K->6032K(7680K) [PSPermGen: 3312K->3312K(21504K)], 0.0470101 secs] [Times: user=0.09 sys=0.00, real=0.05 secs] 
2017-07-06T17:24:30.742+0900: 40.203: [Full GC [PSYoungGen: 2034K->920K(2560K)] [ParOldGen: 5114K->5114K(5120K)] 7148K->6035K(7680K) [PSPermGen: 3312K->3312K(21504K)], 0.0437574 secs] [Times: user=0.09 sys=0.00, real=0.04 secs] 
2017-07-06T17:24:30.797+0900: 40.258: [Full GC [PSYoungGen: 2036K->923K(2560K)] [ParOldGen: 5114K->5114K(5120K)] 7151K->6037K(7680K) [PSPermGen: 3312K->3312K(21504K)], 0.0441311 secs] [Times: user=0.08 sys=0.00, real=0.04 secs] 
2017-07-06T17:24:30.852+0900: 40.313: [Full GC [PSYoungGen: 2039K->925K(2560K)] [ParOldGen: 5114K->5114K(5120K)] 7153K->6039K(7680K) [PSPermGen: 3312K->3312K(21504K)], 0.0440361 secs] [Times: user=0.09 sys=0.00, real=0.04 secs] 
2017-07-06T17:24:30.907+0900: 40.368: [Full GC [PSYoungGen: 2041K->928K(2560K)] [ParOldGen: 5114K->5114K(5120K)] 7155K->6042K(7680K) [PSPermGen: 3312K->3312K(21504K)], 0.0491071 secs] [Times: user=0.09 sys=0.00, real=0.05 secs] 
2017-07-06T17:24:30.967+0900: 40.428: [Full GC [PSYoungGen: 2043K->930K(2560K)] [ParOldGen: 5114K->5114K(5120K)] 7158K->6044K(7680K) [PSPermGen: 3312K->3312K(21504K)], 0.0445352 secs] [Times: user=0.08 sys=0.00, real=0.05 secs] 
2017-07-06T17:24:31.023+0900: 40.484: [Full GC [PSYoungGen: 2046K->932K(2560K)] [ParOldGen: 5114K->5114K(5120K)] 7160K->6046K(7680K) [PSPermGen: 3312K->3312K(21504K)], 0.0442946 secs] [Times: user=0.08 sys=0.01, real=0.04 secs] 
2017-07-06T17:24:31.080+0900: 40.540: [Full GC [PSYoungGen: 2040K->927K(2560K)] [ParOldGen: 5114K->5114K(5120K)] 7154K->6041K(7680K) [PSPermGen: 3312K->3312K(21504K)], 0.0462067 secs] [Times: user=0.06 sys=0.00, real=0.05 secs] 
2017-07-06T17:24:31.137+0900: 40.598: [Full GC [PSYoungGen: 2043K->929K(2560K)] [ParOldGen: 5114K->5114K(5120K)] 7157K->6043K(7680K) [PSPermGen: 3312K->3312K(21504K)], 0.0436457 secs] [Times: user=0.09 sys=0.00, real=0.04 secs] 
2017-07-06T17:24:31.193+0900: 40.653: [Full GC [PSYoungGen: 2045K->931K(2560K)] [ParOldGen: 5114K->5114K(5120K)] 7159K->6045K(7680K) [PSPermGen: 3312K->3312K(21504K)], 0.0448926 secs] [Times: user=0.09 sys=0.00, real=0.04 secs] 
2017-07-06T17:24:31.249+0900: 40.709: [Full GC [PSYoungGen: 2047K->934K(2560K)] [ParOldGen: 5114K->5114K(5120K)] 7161K->6048K(7680K) [PSPermGen: 3312K->3312K(21504K)], 0.0438298 secs] [Times: user=0.08 sys=0.00, real=0.04 secs] 
2017-07-06T17:24:31.305+0900: 40.765: [Full GC [PSYoungGen: 2032K->944K(2560K)] [ParOldGen: 5114K->5114K(5120K)] 7146K->6058K(7680K) [PSPermGen: 3312K->3312K(21504K)], 0.0442103 secs] [Times: user=0.09 sys=0.00, real=0.04 secs] 
2017-07-06T17:24:31.361+0900: 40.822: [Full GC [PSYoungGen: 2034K->946K(2560K)] [ParOldGen: 5114K->5114K(5120K)] 7148K->6060K(7680K) [PSPermGen: 3312K->3312K(21504K)], 0.0487826 secs] [Times: user=0.09 sys=0.00, real=0.05 secs] 
2017-07-06T17:24:31.421+0900: 40.881: [Full GC [PSYoungGen: 2036K->948K(2560K)] [ParOldGen: 5114K->5114K(5120K)] 7150K->6063K(7680K) [PSPermGen: 3312K->3312K(21504K)], 0.0463497 secs] [Times: user=0.05 sys=0.00, real=0.05 secs] 
2017-07-06T17:24:31.479+0900: 40.940: [Full GC [PSYoungGen: 2038K->951K(2560K)] [ParOldGen: 5114K->5114K(5120K)] 7152K->6065K(7680K) [PSPermGen: 3312K->3312K(21504K)], 0.0442916 secs] [Times: user=0.09 sys=0.00, real=0.04 secs] 
2017-07-06T17:24:31.534+0900: 40.995: [Full GC [PSYoungGen: 2041K->953K(2560K)] [ParOldGen: 5114K->5114K(5120K)] 7155K->6067K(7680K) [PSPermGen: 3312K->3312K(21504K)], 0.0463822 secs] [Times: user=0.08 sys=0.00, real=0.05 secs] 
2017-07-06T17:24:31.592+0900: 41.052: [Full GC [PSYoungGen: 2043K->955K(2560K)] [ParOldGen: 5114K->5114K(5120K)] 7157K->6069K(7680K) [PSPermGen: 3312K->3312K(21504K)], 0.0436868 secs] [Times: user=0.08 sys=0.00, real=0.04 secs] 
2017-07-06T17:24:31.646+0900: 41.107: [Full GC [PSYoungGen: 2045K->958K(2560K)] [ParOldGen: 5114K->5114K(5120K)] 7159K->6072K(7680K) [PSPermGen: 3312K->3312K(21504K)], 0.0433778 secs] [Times: user=0.09 sys=0.00, real=0.04 secs] 
2017-07-06T17:24:31.702+0900: 41.162: [Full GC [PSYoungGen: 2047K->960K(2560K)] [ParOldGen: 5114K->5114K(5120K)] 7162K->6074K(7680K) [PSPermGen: 3312K->3312K(21504K)], 0.0436654 secs] [Times: user=0.08 sys=0.00, real=0.04 secs] 
2017-07-06T17:24:31.757+0900: 41.218: [Full GC [PSYoungGen: 2042K->954K(2560K)] [ParOldGen: 5114K->5114K(5120K)] 7156K->6068K(7680K) [PSPermGen: 3312K->3312K(21504K)], 0.0464515 secs] [Times: user=0.09 sys=0.00, real=0.05 secs] 
2017-07-06T17:24:31.814+0900: 41.275: [Full GC [PSYoungGen: 2044K->956K(2560K)] [ParOldGen: 5114K->5114K(5120K)] 7158K->6071K(7680K) [PSPermGen: 3312K->3312K(21504K)], 0.0433996 secs] [Times: user=0.05 sys=0.00, real=0.04 secs] 
2017-07-06T17:24:31.870+0900: 41.330: [Full GC [PSYoungGen: 2046K->959K(2560K)] [ParOldGen: 5114K->5114K(5120K)] 7161K->6073K(7680K) [PSPermGen: 3312K->3312K(21504K)], 0.0464982 secs] [Times: user=0.08 sys=0.00, real=0.05 secs] 
2017-07-06T17:24:31.927+0900: 41.388: [Full GC [PSYoungGen: 2048K->961K(2560K)] [ParOldGen: 5114K->5114K(5120K)] 7162K->6075K(7680K) [PSPermGen: 3312K->3312K(21504K)], 0.0442407 secs] [Times: user=0.09 sys=0.00, real=0.04 secs] 
2017-07-06T17:24:31.983+0900: 41.443: [Full GC [PSYoungGen: 2033K->971K(2560K)] [ParOldGen: 5114K->5114K(5120K)] 7147K->6085K(7680K) [PSPermGen: 3312K->3312K(21504K)], 0.0447484 secs] [Times: user=0.08 sys=0.00, real=0.04 secs] 
2017-07-06T17:24:32.039+0900: 41.500: [Full GC [PSYoungGen: 2035K->973K(2560K)] [ParOldGen: 5114K->5114K(5120K)] 7149K->6088K(7680K) [PSPermGen: 3312K->3312K(21504K)], 0.0471381 secs] [Times: user=0.09 sys=0.00, real=0.05 secs] 
2017-07-06T17:24:32.097+0900: 41.558: [Full GC [PSYoungGen: 2037K->976K(2560K)] [ParOldGen: 5114K->5114K(5120K)] 7151K->6090K(7680K) [PSPermGen: 3312K->3312K(21504K)], 0.0447582 secs] [Times: user=0.08 sys=0.00, real=0.05 secs] 
2017-07-06T17:24:32.153+0900: 41.614: [Full GC [PSYoungGen: 2039K->978K(2560K)] [ParOldGen: 5114K->5114K(5120K)] 7154K->6092K(7680K) [PSPermGen: 3312K->3312K(21504K)], 0.0433786 secs] [Times: user=0.09 sys=0.00, real=0.04 secs] 
2017-07-06T17:24:32.208+0900: 41.669: [Full GC [PSYoungGen: 2042K->980K(2560K)] [ParOldGen: 5114K->5114K(5120K)] 7156K->6094K(7680K) [PSPermGen: 3312K->3312K(21504K)], 0.0497398 secs] [Times: user=0.09 sys=0.00, real=0.05 secs] 
2017-07-06T17:24:32.270+0900: 41.731: [Full GC [PSYoungGen: 2044K->982K(2560K)] [ParOldGen: 5114K->5114K(5120K)] 7158K->6097K(7680K) [PSPermGen: 3312K->3312K(21504K)], 0.0475542 secs] [Times: user=0.08 sys=0.00, real=0.05 secs] 
2017-07-06T17:24:32.328+0900: 41.789: [Full GC [PSYoungGen: 2046K->985K(2560K)] [ParOldGen: 5114K->5114K(5120K)] 7160K->6099K(7680K) [PSPermGen: 3312K->3312K(21504K)], 0.0446007 secs] [Times: user=0.08 sys=0.00, real=0.04 secs] 
2017-07-06T17:24:32.384+0900: 41.844: [Full GC [PSYoungGen: 2040K->979K(2560K)] [ParOldGen: 5114K->5114K(5120K)] 7155K->6093K(7680K) [PSPermGen: 3312K->3312K(21504K)], 0.0592461 secs] [Times: user=0.11 sys=0.00, real=0.06 secs] 
2017-07-06T17:24:32.454+0900: 41.914: [Full GC [PSYoungGen: 2043K->981K(2560K)] [ParOldGen: 5114K->5114K(5120K)] 7157K->6095K(7680K) [PSPermGen: 3312K->3312K(21504K)], 0.0471197 secs] [Times: user=0.09 sys=0.00, real=0.05 secs] 
2017-07-06T17:24:32.511+0900: 41.972: [Full GC [PSYoungGen: 2045K->983K(2560K)] [ParOldGen: 5114K->5114K(5120K)] 7159K->6098K(7680K) [PSPermGen: 3312K->3312K(21504K)], 0.0500133 secs] [Times: user=0.08 sys=0.00, real=0.05 secs] 
2017-07-06T17:24:32.572+0900: 42.033: [Full GC [PSYoungGen: 2047K->986K(2560K)] [ParOldGen: 5114K->5114K(5120K)] 7161K->6100K(7680K) [PSPermGen: 3312K->3312K(21504K)], 0.0570032 secs] [Times: user=0.11 sys=0.00, real=0.06 secs] 
2017-07-06T17:24:32.640+0900: 42.101: [Full GC [PSYoungGen: 2048K->987K(2560K)] [ParOldGen: 5114K->5114K(5120K)] 7162K->6102K(7680K) [PSPermGen: 3312K->3312K(21504K)], 0.0515294 secs] [Times: user=0.09 sys=0.00, real=0.05 secs] 
2017-07-06T17:24:32.702+0900: 42.163: [Full GC [PSYoungGen: 2033K->998K(2560K)] [ParOldGen: 5114K->5114K(5120K)] 7147K->6112K(7680K) [PSPermGen: 3312K->3312K(21504K)], 0.0448832 secs] [Times: user=0.06 sys=0.00, real=0.05 secs] 
2017-07-06T17:24:32.758+0900: 42.219: [Full GC [PSYoungGen: 2036K->1000K(2560K)] [ParOldGen: 5114K->5114K(5120K)] 7150K->6114K(7680K) [PSPermGen: 3312K->3312K(21504K)], 0.0481710 secs] [Times: user=0.09 sys=0.00, real=0.05 secs] 
2017-07-06T17:24:32.817+0900: 42.277: [Full GC [PSYoungGen: 2038K->1002K(2560K)] [ParOldGen: 5114K->5114K(5120K)] 7152K->6116K(7680K) [PSPermGen: 3312K->3312K(21504K)], 0.0455047 secs] [Times: user=0.08 sys=0.00, real=0.05 secs] 
2017-07-06T17:24:32.873+0900: 42.333: [Full GC [PSYoungGen: 2040K->1004K(2560K)] [ParOldGen: 5114K->5114K(5120K)] 7154K->6119K(7680K) [PSPermGen: 3312K->3312K(21504K)], 0.0459858 secs] [Times: user=0.08 sys=0.00, real=0.05 secs] 
2017-07-06T17:24:32.929+0900: 42.390: [Full GC [PSYoungGen: 2042K->1007K(2560K)] [ParOldGen: 5114K->5114K(5120K)] 7156K->6121K(7680K) [PSPermGen: 3312K->3312K(21504K)], 0.0514656 secs] [Times: user=0.06 sys=0.00, real=0.05 secs] 
2017-07-06T17:24:32.991+0900: 42.452: [Full GC [PSYoungGen: 2044K->1009K(2560K)] [ParOldGen: 5114K->5114K(5120K)] 7159K->6123K(7680K) [PSPermGen: 3312K->3312K(21504K)], 0.0453724 secs] [Times: user=0.09 sys=0.00, real=0.05 secs] 
2017-07-06T17:24:33.047+0900: 42.508: [Full GC [PSYoungGen: 2047K->1011K(2560K)] [ParOldGen: 5114K->5114K(5120K)] 7161K->6125K(7680K) [PSPermGen: 3312K->3312K(21504K)], 0.0465906 secs] [Times: user=0.08 sys=0.00, real=0.05 secs] 
2017-07-06T17:24:33.104+0900: 42.565: [Full GC [PSYoungGen: 2041K->1005K(2560K)] [ParOldGen: 5114K->5114K(5120K)] 7155K->6119K(7680K) [PSPermGen: 3312K->3312K(21504K)], 0.0518063 secs] [Times: user=0.08 sys=0.00, real=0.05 secs] 
2017-07-06T17:24:33.166+0900: 42.627: [Full GC [PSYoungGen: 2043K->1007K(2560K)] [ParOldGen: 5114K->5114K(5120K)] 7157K->6122K(7680K) [PSPermGen: 3312K->3312K(21504K)], 0.0464909 secs] [Times: user=0.06 sys=0.00, real=0.05 secs] 
2017-07-06T17:24:33.224+0900: 42.684: [Full GC [PSYoungGen: 2045K->1010K(2560K)] [ParOldGen: 5114K->5114K(5120K)] 7159K->6124K(7680K) [PSPermGen: 3312K->3312K(21504K)], 0.0760943 secs] [Times: user=0.09 sys=0.00, real=0.08 secs] 
2017-07-06T17:24:33.310+0900: 42.771: [Full GC [PSYoungGen: 2047K->1012K(2560K)] [ParOldGen: 5114K->5114K(5120K)] 7161K->6126K(7680K) [PSPermGen: 3312K->3312K(21504K)], 0.0522421 secs] [Times: user=0.11 sys=0.00, real=0.05 secs] 
2017-07-06T17:24:33.373+0900: 42.833: [Full GC [PSYoungGen: 2048K->1014K(2560K)] [ParOldGen: 5114K->5114K(5120K)] 7162K->6128K(7680K) [PSPermGen: 3312K->3312K(21504K)], 0.0492137 secs] [Times: user=0.11 sys=0.00, real=0.05 secs] 
2017-07-06T17:24:33.432+0900: 42.893: [Full GC [PSYoungGen: 2033K->1024K(2560K)] [ParOldGen: 5114K->5114K(5120K)] 7148K->6138K(7680K) [PSPermGen: 3312K->3312K(21504K)], 0.0601313 secs] [Times: user=0.09 sys=0.00, real=0.06 secs] 
2017-07-06T17:24:33.503+0900: 42.963: [Full GC [PSYoungGen: 2036K->1026K(2560K)] [ParOldGen: 5114K->5114K(5120K)] 7150K->6140K(7680K) [PSPermGen: 3312K->3312K(21504K)], 0.0461754 secs] [Times: user=0.09 sys=0.00, real=0.05 secs] 
2017-07-06T17:24:33.560+0900: 43.021: [Full GC [PSYoungGen: 2038K->1028K(2560K)] [ParOldGen: 5114K->5114K(5120K)] 7152K->6142K(7680K) [PSPermGen: 3312K->3312K(21504K)], 0.0546828 secs] [Times: user=0.08 sys=0.00, real=0.06 secs] 
2017-07-06T17:24:33.625+0900: 43.086: [Full GC [PSYoungGen: 2040K->1030K(2560K)] [ParOldGen: 5114K->5114K(5120K)] 7154K->6145K(7680K) [PSPermGen: 3312K->3312K(21504K)], 0.0484672 secs] [Times: user=0.09 sys=0.00, real=0.05 secs] 
2017-07-06T17:24:33.684+0900: 43.145: [Full GC [PSYoungGen: 2042K->1033K(2560K)] [ParOldGen: 5114K->5114K(5120K)] 7156K->6147K(7680K) [PSPermGen: 3312K->3312K(21504K)], 0.0462589 secs] [Times: user=0.06 sys=0.00, real=0.05 secs] 
2017-07-06T17:24:33.740+0900: 43.201: [Full GC [PSYoungGen: 2044K->1035K(2560K)] [ParOldGen: 5114K->5114K(5120K)] 7158K->6149K(7680K) [PSPermGen: 3312K->3312K(21504K)], 0.0474202 secs] [Times: user=0.08 sys=0.00, real=0.05 secs] 
2017-07-06T17:24:33.798+0900: 43.259: [Full GC [PSYoungGen: 2046K->1037K(2560K)] [ParOldGen: 5114K->5114K(5120K)] 7160K->6151K(7680K) [PSPermGen: 3312K->3312K(21504K)], 0.0470919 secs] [Times: user=0.08 sys=0.00, real=0.05 secs] 
2017-07-06T17:24:33.855+0900: 43.316: [Full GC [PSYoungGen: 2040K->1031K(2560K)] [ParOldGen: 5114K->5114K(5120K)] 7155K->6145K(7680K) [PSPermGen: 3312K->3312K(21504K)], 0.0459250 secs] [Times: user=0.08 sys=0.00, real=0.05 secs] 
2017-07-06T17:24:33.912+0900: 43.372: [Full GC [PSYoungGen: 2043K->1033K(2560K)] [ParOldGen: 5114K->5114K(5120K)] 7157K->6147K(7680K) [PSPermGen: 3312K->3312K(21504K)], 0.0496691 secs] [Times: user=0.08 sys=0.00, real=0.05 secs] 
2017-07-06T17:24:33.972+0900: 43.432: [Full GC [PSYoungGen: 2045K->1035K(2560K)] [ParOldGen: 5114K->5114K(5120K)] 7159K->6149K(7680K) [PSPermGen: 3312K->3312K(21504K)], 0.0408420 secs] [Times: user=0.08 sys=0.00, real=0.04 secs] 
2017-07-06T17:24:34.023+0900: 43.483: [Full GC [PSYoungGen: 2047K->1037K(2560K)] [ParOldGen: 5114K->5114K(5120K)] 7161K->6151K(7680K) [PSPermGen: 3312K->3312K(21504K)], 0.0472177 secs] [Times: user=0.08 sys=0.00, real=0.05 secs] 
2017-07-06T17:24:34.080+0900: 43.540: [Full GC [PSYoungGen: 2048K->1039K(2560K)] [ParOldGen: 5114K->5114K(5120K)] 7162K->6153K(7680K) [PSPermGen: 3312K->3312K(21504K)], 0.0418021 secs] [Times: user=0.06 sys=0.00, real=0.04 secs] 
2017-07-06T17:24:34.132+0900: 43.593: [Full GC [PSYoungGen: 2033K->1049K(2560K)] [ParOldGen: 5114K->5114K(5120K)] 7147K->6164K(7680K) [PSPermGen: 3312K->3312K(21504K)], 0.0439775 secs] [Times: user=0.08 sys=0.00, real=0.04 secs] 
2017-07-06T17:24:34.187+0900: 43.648: [Full GC [PSYoungGen: 2035K->1051K(2560K)] [ParOldGen: 5114K->5114K(5120K)] 7149K->6166K(7680K) [PSPermGen: 3312K->3312K(21504K)], 0.0423488 secs] [Times: user=0.06 sys=0.00, real=0.04 secs] 
2017-07-06T17:24:34.240+0900: 43.700: [Full GC [PSYoungGen: 2037K->1054K(2560K)] [ParOldGen: 5114K->5114K(5120K)] 7151K->6168K(7680K) [PSPermGen: 3312K->3312K(21504K)], 0.0410706 secs] [Times: user=0.08 sys=0.00, real=0.04 secs] 
2017-07-06T17:24:34.291+0900: 43.751: [Full GC [PSYoungGen: 2039K->1056K(2560K)] [ParOldGen: 5114K->5114K(5120K)] 7153K->6170K(7680K) [PSPermGen: 3312K->3312K(21504K)], 0.0464794 secs] [Times: user=0.08 sys=0.00, real=0.05 secs] 
2017-07-06T17:24:34.347+0900: 43.808: [Full GC [PSYoungGen: 2041K->1058K(2560K)] [ParOldGen: 5114K->5114K(5120K)] 7155K->6172K(7680K) [PSPermGen: 3312K->3312K(21504K)], 0.0419353 secs] [Times: user=0.09 sys=0.00, real=0.04 secs] 
2017-07-06T17:24:34.399+0900: 43.860: [Full GC [PSYoungGen: 2043K->1060K(2560K)] [ParOldGen: 5114K->5114K(5120K)] 7157K->6174K(7680K) [PSPermGen: 3312K->3312K(21504K)], 0.0487737 secs] [Times: user=0.06 sys=0.00, real=0.05 secs] 
2017-07-06T17:24:34.458+0900: 43.919: [Full GC [PSYoungGen: 2045K->1062K(2560K)] [ParOldGen: 5114K->5114K(5120K)] 7159K->6176K(7680K) [PSPermGen: 3312K->3312K(21504K)], 0.0723558 secs] [Times: user=0.09 sys=0.00, real=0.07 secs] 
2017-07-06T17:24:34.541+0900: 44.002: [Full GC [PSYoungGen: 2047K->1064K(2560K)] [ParOldGen: 5114K->5114K(5120K)] 7162K->6178K(7680K) [PSPermGen: 3312K->3312K(21504K)], 0.0425431 secs] [Times: user=0.08 sys=0.00, real=0.04 secs] 
2017-07-06T17:24:34.594+0900: 44.054: [Full GC [PSYoungGen: 2041K->1058K(2560K)] [ParOldGen: 5114K->5114K(5120K)] 7156K->6172K(7680K) [PSPermGen: 3312K->3312K(21504K)], 0.0431958 secs] [Times: user=0.06 sys=0.00, real=0.04 secs] 
2017-07-06T17:24:34.647+0900: 44.108: [Full GC [PSYoungGen: 2043K->1060K(2560K)] [ParOldGen: 5114K->5114K(5120K)] 7158K->6174K(7680K) [PSPermGen: 3312K->3312K(21504K)], 0.0418223 secs] [Times: user=0.09 sys=0.00, real=0.04 secs] 
2017-07-06T17:24:34.699+0900: 44.160: [Full GC [PSYoungGen: 2046K->1062K(2560K)] [ParOldGen: 5114K->5114K(5120K)] 7160K->6176K(7680K) [PSPermGen: 3312K->3312K(21504K)], 0.0472772 secs] [Times: user=0.13 sys=0.00, real=0.05 secs] 
2017-07-06T17:24:34.757+0900: 44.217: [Full GC [PSYoungGen: 2048K->1064K(2560K)] [ParOldGen: 5114K->5114K(5120K)] 7162K->6178K(7680K) [PSPermGen: 3312K->3312K(21504K)], 0.0461292 secs] [Times: user=0.08 sys=0.00, real=0.05 secs] 
2017-07-06T17:24:34.813+0900: 44.273: [Full GC [PSYoungGen: 2032K->1074K(2560K)] [ParOldGen: 5114K->5114K(5120K)] 7146K->6188K(7680K) [PSPermGen: 3312K->3312K(21504K)], 0.0418535 secs] [Times: user=0.03 sys=0.00, real=0.04 secs] 
2017-07-06T17:24:34.864+0900: 44.325: [Full GC [PSYoungGen: 2034K->1076K(2560K)] [ParOldGen: 5114K->5114K(5120K)] 7148K->6190K(7680K) [PSPermGen: 3312K->3312K(21504K)], 0.0485618 secs] [Times: user=0.08 sys=0.00, real=0.05 secs] 
2017-07-06T17:24:34.923+0900: 44.384: [Full GC [PSYoungGen: 2036K->1078K(2560K)] [ParOldGen: 5114K->5114K(5120K)] 7150K->6192K(7680K) [PSPermGen: 3312K->3312K(21504K)], 0.0434428 secs] [Times: user=0.09 sys=0.00, real=0.04 secs] 
2017-07-06T17:24:34.976+0900: 44.437: [Full GC [PSYoungGen: 2038K->1080K(2560K)] [ParOldGen: 5114K->5114K(5120K)] 7152K->6194K(7680K) [PSPermGen: 3312K->3312K(21504K)], 0.0481200 secs] [Times: user=0.08 sys=0.00, real=0.05 secs] 
2017-07-06T17:24:35.034+0900: 44.495: [Full GC [PSYoungGen: 2040K->1082K(2560K)] [ParOldGen: 5114K->5114K(5120K)] 7154K->6196K(7680K) [PSPermGen: 3312K->3312K(21504K)], 0.0431376 secs] [Times: user=0.09 sys=0.00, real=0.04 secs] 
2017-07-06T17:24:35.087+0900: 44.548: [Full GC [PSYoungGen: 2042K->1084K(2560K)] [ParOldGen: 5114K->5114K(5120K)] 7156K->6198K(7680K) [PSPermGen: 3312K->3312K(21504K)], 0.0489671 secs] [Times: user=0.09 sys=0.00, real=0.05 secs] 
2017-07-06T17:24:35.146+0900: 44.606: [Full GC [PSYoungGen: 2044K->1086K(2560K)] [ParOldGen: 5114K->5114K(5120K)] 7158K->6200K(7680K) [PSPermGen: 3312K->3312K(21504K)], 0.0423359 secs] [Times: user=0.08 sys=0.00, real=0.04 secs] 
2017-07-06T17:24:35.198+0900: 44.658: [Full GC [PSYoungGen: 2046K->1088K(2560K)] [ParOldGen: 5114K->5114K(5120K)] 7160K->6202K(7680K) [PSPermGen: 3312K->3312K(21504K)], 0.0441769 secs] [Times: user=0.06 sys=0.00, real=0.04 secs] 
2017-07-06T17:24:35.252+0900: 44.713: [Full GC [PSYoungGen: 2040K->1082K(2560K)] [ParOldGen: 5114K->5114K(5120K)] 7154K->6196K(7680K) [PSPermGen: 3312K->3312K(21504K)], 0.0500351 secs] [Times: user=0.08 sys=0.00, real=0.05 secs] 
2017-07-06T17:24:35.312+0900: 44.772: [Full GC [PSYoungGen: 2042K->1084K(2560K)] [ParOldGen: 5114K->5114K(5120K)] 7156K->6199K(7680K) [PSPermGen: 3312K->3312K(21504K)], 0.0414974 secs] [Times: user=0.06 sys=0.00, real=0.04 secs] 
2017-07-06T17:24:35.363+0900: 44.824: [Full GC [PSYoungGen: 2044K->1086K(2560K)] [ParOldGen: 5114K->5114K(5120K)] 7158K->6201K(7680K) [PSPermGen: 3312K->3312K(21504K)], 0.0466925 secs] [Times: user=0.08 sys=0.00, real=0.05 secs] 
2017-07-06T17:24:35.419+0900: 44.880: [Full GC [PSYoungGen: 2046K->1088K(2560K)] [ParOldGen: 5114K->5114K(5120K)] 7160K->6203K(7680K) [PSPermGen: 3312K->3312K(21504K)], 0.0421942 secs] [Times: user=0.06 sys=0.00, real=0.04 secs] 
2017-07-06T17:24:35.471+0900: 44.932: [Full GC [PSYoungGen: 2048K->1090K(2560K)] [ParOldGen: 5114K->5114K(5120K)] 7162K->6205K(7680K) [PSPermGen: 3312K->3312K(21504K)], 0.0476488 secs] [Times: user=0.08 sys=0.00, real=0.05 secs] 
2017-07-06T17:24:35.528+0900: 44.989: [Full GC [PSYoungGen: 2032K->1100K(2560K)] [ParOldGen: 5114K->5114K(5120K)] 7146K->6214K(7680K) [PSPermGen: 3312K->3312K(21504K)], 0.0427678 secs] [Times: user=0.06 sys=0.00, real=0.04 secs] 
2017-07-06T17:24:35.581+0900: 45.041: [Full GC [PSYoungGen: 2034K->1102K(2560K)] [ParOldGen: 5114K->5114K(5120K)] 7148K->6216K(7680K) [PSPermGen: 3312K->3312K(21504K)], 0.0476098 secs] [Times: user=0.08 sys=0.00, real=0.05 secs] 
2017-07-06T17:24:35.639+0900: 45.100: [Full GC [PSYoungGen: 2036K->1104K(2560K)] [ParOldGen: 5114K->5114K(5120K)] 7150K->6218K(7680K) [PSPermGen: 3312K->3312K(21504K)], 0.0431826 secs] [Times: user=0.09 sys=0.00, real=0.04 secs] 
2017-07-06T17:24:35.692+0900: 45.152: [Full GC [PSYoungGen: 2038K->1106K(2560K)] [ParOldGen: 5114K->5114K(5120K)] 7152K->6220K(7680K) [PSPermGen: 3312K->3312K(21504K)], 0.0431749 secs] [Times: user=0.09 sys=0.00, real=0.04 secs] 
2017-07-06T17:24:35.744+0900: 45.205: [Full GC [PSYoungGen: 2039K->1108K(2560K)] [ParOldGen: 5114K->5114K(5120K)] 7154K->6222K(7680K) [PSPermGen: 3312K->3312K(21504K)], 0.0506344 secs] [Times: user=0.06 sys=0.02, real=0.05 secs] 
2017-07-06T17:24:35.805+0900: 45.266: [Full GC [PSYoungGen: 2041K->1110K(2560K)] [ParOldGen: 5114K->5114K(5120K)] 7156K->6224K(7680K) [PSPermGen: 3312K->3312K(21504K)], 0.0414948 secs] [Times: user=0.08 sys=0.00, real=0.04 secs] 
2017-07-06T17:24:35.857+0900: 45.317: [Full GC [PSYoungGen: 2043K->1112K(2560K)] [ParOldGen: 5114K->5114K(5120K)] 7158K->6226K(7680K) [PSPermGen: 3312K->3312K(21504K)], 0.0452427 secs] [Times: user=0.09 sys=0.00, real=0.04 secs] 
2017-07-06T17:24:35.911+0900: 45.372: [Full GC [PSYoungGen: 2045K->1114K(2560K)] [ParOldGen: 5114K->5114K(5120K)] 7160K->6228K(7680K) [PSPermGen: 3312K->3312K(21504K)], 0.0419768 secs] [Times: user=0.09 sys=0.00, real=0.04 secs] 
2017-07-06T17:24:35.962+0900: 45.423: [Full GC [PSYoungGen: 2047K->1116K(2560K)] [ParOldGen: 5114K->5114K(5120K)] 7162K->6230K(7680K) [PSPermGen: 3312K->3312K(21504K)], 0.0447762 secs] [Times: user=0.05 sys=0.02, real=0.05 secs] 
2017-07-06T17:24:36.017+0900: 45.477: [Full GC [PSYoungGen: 2041K->1110K(2560K)] [ParOldGen: 5114K->5114K(5120K)] 7156K->6224K(7680K) [PSPermGen: 3312K->3312K(21504K)], 0.0429266 secs] [Times: user=0.09 sys=0.00, real=0.04 secs] 
2017-07-06T17:24:36.069+0900: 45.530: [Full GC [PSYoungGen: 2043K->1112K(2560K)] [ParOldGen: 5114K->5114K(5120K)] 7157K->6226K(7680K) [PSPermGen: 3312K->3312K(21504K)], 0.0474099 secs] [Times: user=0.05 sys=0.00, real=0.05 secs] 
2017-07-06T17:24:36.126+0900: 45.587: [Full GC [PSYoungGen: 2045K->1114K(2560K)] [ParOldGen: 5114K->5114K(5120K)] 7159K->6228K(7680K) [PSPermGen: 3312K->3312K(21504K)], 0.0417007 secs] [Times: user=0.09 sys=0.00, real=0.04 secs] 
2017-07-06T17:24:36.177+0900: 45.638: [Full GC [PSYoungGen: 2047K->1116K(2560K)] [ParOldGen: 5114K->5114K(5120K)] 7161K->6230K(7680K) [PSPermGen: 3312K->3312K(21504K)], 0.0478846 secs] [Times: user=0.08 sys=0.00, real=0.05 secs] 
2017-07-06T17:24:36.234+0900: 45.695: [Full GC [PSYoungGen: 2048K->1118K(2560K)] [ParOldGen: 5114K->5114K(5120K)] 7162K->6232K(7680K) [PSPermGen: 3312K->3312K(21504K)], 0.0421510 secs] [Times: user=0.09 sys=0.00, real=0.04 secs] 
2017-07-06T17:24:36.286+0900: 45.746: [Full GC [PSYoungGen: 2035K->1128K(2560K)] [ParOldGen: 5114K->5114K(5120K)] 7149K->6242K(7680K) [PSPermGen: 3312K->3312K(21504K)], 0.0512118 secs] [Times: user=0.08 sys=0.00, real=0.05 secs] 
2017-07-06T17:24:36.346+0900: 45.807: [Full GC [PSYoungGen: 2035K->1130K(2560K)] [ParOldGen: 5114K->5114K(5120K)] 7149K->6244K(7680K) [PSPermGen: 3312K->3312K(21504K)], 0.0417970 secs] [Times: user=0.09 sys=0.00, real=0.04 secs] 
2017-07-06T17:24:36.397+0900: 45.858: [Full GC [PSYoungGen: 2037K->1131K(2560K)] [ParOldGen: 5114K->5114K(5120K)] 7151K->6246K(7680K) [PSPermGen: 3312K->3312K(21504K)], 0.0453099 secs] [Times: user=0.08 sys=0.00, real=0.04 secs] 
2017-07-06T17:24:36.452+0900: 45.912: [Full GC [PSYoungGen: 2039K->1133K(2560K)] [ParOldGen: 5114K->5114K(5120K)] 7153K->6248K(7680K) [PSPermGen: 3312K->3312K(21504K)], 0.0425076 secs] [Times: user=0.09 sys=0.00, real=0.04 secs] 
2017-07-06T17:24:36.504+0900: 45.964: [Full GC [PSYoungGen: 2041K->1135K(2560K)] [ParOldGen: 5114K->5114K(5120K)] 7155K->6249K(7680K) [PSPermGen: 3312K->3312K(21504K)], 0.0529398 secs] [Times: user=0.09 sys=0.00, real=0.05 secs] 
2017-07-06T17:24:36.566+0900: 46.026: [Full GC [PSYoungGen: 2042K->1137K(2560K)] [ParOldGen: 5114K->5114K(5120K)] 7157K->6251K(7680K) [PSPermGen: 3312K->3312K(21504K)], 0.0423920 secs] [Times: user=0.09 sys=0.00, real=0.04 secs] 
2017-07-06T17:24:36.618+0900: 46.077: [Full GC [PSYoungGen: 2044K->1139K(2560K)] [ParOldGen: 5114K->5114K(5120K)] 7159K->6253K(7680K) [PSPermGen: 3312K->3312K(21504K)], 0.0479916 secs] [Times: user=0.09 sys=0.00, real=0.05 secs] 
2017-07-06T17:24:36.675+0900: 46.135: [Full GC [PSYoungGen: 2046K->1141K(2560K)] [ParOldGen: 5114K->5114K(5120K)] 7161K->6255K(7680K) [PSPermGen: 3312K->3312K(21504K)], 0.0424506 secs] [Times: user=0.09 sys=0.00, real=0.04 secs] 
2017-07-06T17:24:36.726+0900: 46.186: [Full GC [PSYoungGen: 2040K->1135K(2560K)] [ParOldGen: 5114K->5114K(5120K)] 7154K->6249K(7680K) [PSPermGen: 3312K->3312K(21504K)], 0.0471253 secs] [Times: user=0.08 sys=0.00, real=0.05 secs] 
2017-07-06T17:24:36.783+0900: 46.242: [Full GC [PSYoungGen: 2042K->1137K(2560K)] [ParOldGen: 5114K->5114K(5120K)] 7156K->6251K(7680K) [PSPermGen: 3312K->3312K(21504K)], 0.0432275 secs] [Times: user=0.09 sys=0.00, real=0.04 secs] 
2017-07-06T17:24:36.835+0900: 46.295: [Full GC [PSYoungGen: 2044K->1139K(2560K)] [ParOldGen: 5114K->5114K(5120K)] 7158K->6253K(7680K) [PSPermGen: 3312K->3312K(21504K)], 0.0444072 secs] [Times: user=0.06 sys=0.00, real=0.05 secs] 
2017-07-06T17:24:36.889+0900: 46.348: [Full GC [PSYoungGen: 2046K->1141K(2560K)] [ParOldGen: 5114K->5114K(5120K)] 7160K->6255K(7680K) [PSPermGen: 3312K->3312K(21504K)], 0.0420949 secs] [Times: user=0.08 sys=0.00, real=0.04 secs] 
2017-07-06T17:24:36.940+0900: 46.400: [Full GC [PSYoungGen: 2048K->1143K(2560K)] [ParOldGen: 5114K->5114K(5120K)] 7162K->6257K(7680K) [PSPermGen: 3312K->3312K(21504K)], 0.0475306 secs] [Times: user=0.08 sys=0.00, real=0.05 secs] 
2017-07-06T17:24:36.996+0900: 46.456: [Full GC [PSYoungGen: 2032K->1152K(2560K)] [ParOldGen: 5114K->5114K(5120K)] 7146K->6267K(7680K) [PSPermGen: 3312K->3312K(21504K)], 0.0421193 secs] [Times: user=0.06 sys=0.00, real=0.04 secs] 
2017-07-06T17:24:37.047+0900: 46.507: [Full GC [PSYoungGen: 2033K->1154K(2560K)] [ParOldGen: 5114K->5114K(5120K)] 7148K->6268K(7680K) [PSPermGen: 3312K->3312K(21504K)], 0.0478127 secs] [Times: user=0.08 sys=0.00, real=0.05 secs] 
2017-07-06T17:24:37.104+0900: 46.564: [Full GC [PSYoungGen: 2035K->1156K(2560K)] [ParOldGen: 5114K->5114K(5120K)] 7149K->6270K(7680K) [PSPermGen: 3312K->3312K(21504K)], 0.0434005 secs] [Times: user=0.06 sys=0.00, real=0.04 secs] 
2017-07-06T17:24:37.157+0900: 46.617: [Full GC [PSYoungGen: 2037K->1158K(2560K)] [ParOldGen: 5114K->5114K(5120K)] 7151K->6272K(7680K) [PSPermGen: 3312K->3312K(21504K)], 0.0452830 secs] [Times: user=0.08 sys=0.00, real=0.04 secs] 
2017-07-06T17:24:37.211+0900: 46.671: [Full GC [PSYoungGen: 2039K->1160K(2560K)] [ParOldGen: 5114K->5114K(5120K)] 7153K->6274K(7680K) [PSPermGen: 3312K->3312K(21504K)], 0.0420718 secs] [Times: user=0.08 sys=0.00, real=0.04 secs] 
2017-07-06T17:24:37.262+0900: 46.722: [Full GC [PSYoungGen: 2041K->1162K(2560K)] [ParOldGen: 5114K->5114K(5120K)] 7155K->6276K(7680K) [PSPermGen: 3312K->3312K(21504K)], 0.0510504 secs] [Times: user=0.08 sys=0.00, real=0.05 secs] 
2017-07-06T17:24:37.322+0900: 46.782: [Full GC [PSYoungGen: 2043K->1163K(2560K)] [ParOldGen: 5114K->5114K(5120K)] 7157K->6278K(7680K) [PSPermGen: 3312K->3312K(21504K)], 0.0411464 secs] [Times: user=0.05 sys=0.00, real=0.04 secs] 
2017-07-06T17:24:37.372+0900: 46.832: [Full GC [PSYoungGen: 2045K->1165K(2560K)] [ParOldGen: 5114K->5114K(5120K)] 7159K->6280K(7680K) [PSPermGen: 3312K->3312K(21504K)], 0.0436915 secs] [Times: user=0.08 sys=0.00, real=0.04 secs] 
2017-07-06T17:24:37.428+0900: 46.887: [Full GC [PSYoungGen: 2046K->1167K(2560K)] [ParOldGen: 5114K->5114K(5120K)] 7161K->6281K(7680K) [PSPermGen: 3312K->3312K(21504K)], 0.0444539 secs] [Times: user=0.08 sys=0.00, real=0.04 secs] 
2017-07-06T17:24:37.481+0900: 46.941: [Full GC [PSYoungGen: 2040K->1161K(2560K)] [ParOldGen: 5114K->5114K(5120K)] 7154K->6275K(7680K) [PSPermGen: 3312K->3312K(21504K)], 0.0552701 secs] [Times: user=0.08 sys=0.00, real=0.06 secs] 
2017-07-06T17:24:37.545+0900: 47.005: [Full GC [PSYoungGen: 2042K->1163K(2560K)] [ParOldGen: 5114K->5114K(5120K)] 7156K->6277K(7680K) [PSPermGen: 3312K->3312K(21504K)], 0.0447312 secs] [Times: user=0.09 sys=0.00, real=0.04 secs] 
2017-07-06T17:24:37.599+0900: 47.059: [Full GC [PSYoungGen: 2044K->1165K(2560K)] [ParOldGen: 5114K->5114K(5120K)] 7158K->6279K(7680K) [PSPermGen: 3312K->3312K(21504K)], 0.0494654 secs] [Times: user=0.08 sys=0.00, real=0.05 secs] 
2017-07-06T17:24:37.657+0900: 47.117: [Full GC [PSYoungGen: 2046K->1167K(2560K)] [ParOldGen: 5114K->5114K(5120K)] 7160K->6281K(7680K) [PSPermGen: 3312K->3312K(21504K)], 0.0425435 secs] [Times: user=0.09 sys=0.00, real=0.04 secs] 
2017-07-06T17:24:37.709+0900: 47.168: [Full GC [PSYoungGen: 2032K->1176K(2560K)] [ParOldGen: 5114K->5114K(5120K)] 7146K->6290K(7680K) [PSPermGen: 3312K->3312K(21504K)], 0.0430798 secs] [Times: user=0.06 sys=0.00, real=0.04 secs] 
2017-07-06T17:24:37.762+0900: 47.221: [Full GC [PSYoungGen: 2033K->1178K(2560K)] [ParOldGen: 5114K->5114K(5120K)] 7148K->6292K(7680K) [PSPermGen: 3312K->3312K(21504K)], 0.0424305 secs] [Times: user=0.06 sys=0.00, real=0.04 secs] 
2017-07-06T17:24:37.813+0900: 47.273: [Full GC [PSYoungGen: 2035K->1180K(2560K)] [ParOldGen: 5114K->5114K(5120K)] 7149K->6294K(7680K) [PSPermGen: 3312K->3312K(21504K)], 0.0513766 secs] [Times: user=0.08 sys=0.00, real=0.05 secs] 
2017-07-06T17:24:37.873+0900: 47.333: [Full GC [PSYoungGen: 2037K->1182K(2560K)] [ParOldGen: 5114K->5114K(5120K)] 7151K->6296K(7680K) [PSPermGen: 3312K->3312K(21504K)], 0.0439749 secs] [Times: user=0.08 sys=0.00, real=0.04 secs] 
2017-07-06T17:24:37.926+0900: 47.386: [Full GC [PSYoungGen: 2039K->1184K(2560K)] [ParOldGen: 5114K->5114K(5120K)] 7153K->6298K(7680K) [PSPermGen: 3312K->3312K(21504K)], 0.0509776 secs] [Times: user=0.11 sys=0.00, real=0.05 secs] 
2017-07-06T17:24:37.985+0900: 47.445: [Full GC [PSYoungGen: 2041K->1185K(2560K)] [ParOldGen: 5114K->5114K(5120K)] 7155K->6300K(7680K) [PSPermGen: 3312K->3312K(21504K)], 0.0434702 secs] [Times: user=0.09 sys=0.00, real=0.04 secs] 
2017-07-06T17:24:38.038+0900: 47.497: [Full GC [PSYoungGen: 2042K->1187K(2560K)] [ParOldGen: 5114K->5114K(5120K)] 7157K->6301K(7680K) [PSPermGen: 3312K->3312K(21504K)], 0.0541507 secs] [Times: user=0.09 sys=0.00, real=0.05 secs] 
2017-07-06T17:24:38.100+0900: 47.560: [Full GC [PSYoungGen: 2044K->1189K(2560K)] [ParOldGen: 5114K->5114K(5120K)] 7158K->6303K(7680K) [PSPermGen: 3312K->3312K(21504K)], 0.0433324 secs] [Times: user=0.08 sys=0.00, real=0.04 secs] 
2017-07-06T17:24:38.152+0900: 47.612: [Full GC [PSYoungGen: 2046K->1191K(2560K)] [ParOldGen: 5114K->5114K(5120K)] 7160K->6305K(7680K) [PSPermGen: 3312K->3312K(21504K)], 0.0476072 secs] [Times: user=0.08 sys=0.00, real=0.05 secs] 
2017-07-06T17:24:38.208+0900: 47.668: [Full GC [PSYoungGen: 2040K->1185K(2560K)] [ParOldGen: 5114K->5114K(5120K)] 7154K->6299K(7680K) [PSPermGen: 3312K->3312K(21504K)], 0.0446807 secs] [Times: user=0.08 sys=0.00, real=0.05 secs] 
2017-07-06T17:24:38.262+0900: 47.722: [Full GC [PSYoungGen: 2042K->1186K(2560K)] [ParOldGen: 5114K->5114K(5120K)] 7156K->6301K(7680K) [PSPermGen: 3312K->3312K(21504K)], 0.0433114 secs] [Times: user=0.09 sys=0.00, real=0.04 secs] 
2017-07-06T17:24:38.314+0900: 47.774: [Full GC [PSYoungGen: 2043K->1188K(2560K)] [ParOldGen: 5114K->5114K(5120K)] 7158K->6302K(7680K) [PSPermGen: 3312K->3312K(21504K)], 0.0584898 secs] [Times: user=0.06 sys=0.00, real=0.06 secs] 
2017-07-06T17:24:38.381+0900: 47.841: [Full GC [PSYoungGen: 2045K->1190K(2560K)] [ParOldGen: 5114K->5114K(5120K)] 7159K->6304K(7680K) [PSPermGen: 3312K->3312K(21504K)], 0.0432382 secs] [Times: user=0.08 sys=0.00, real=0.04 secs] 
2017-07-06T17:24:38.433+0900: 47.893: [Full GC [PSYoungGen: 2047K->1192K(2560K)] [ParOldGen: 5114K->5114K(5120K)] 7161K->6306K(7680K) [PSPermGen: 3312K->3312K(21504K)], 0.0535125 secs] [Times: user=0.06 sys=0.00, real=0.05 secs] 
2017-07-06T17:24:38.495+0900: 47.955: [Full GC [PSYoungGen: 2048K->1194K(2560K)] [ParOldGen: 5114K->5114K(5120K)] 7162K->6308K(7680K) [PSPermGen: 3312K->3312K(21504K)], 0.0429429 secs] [Times: user=0.09 sys=0.00, real=0.04 secs] 
2017-07-06T17:24:38.547+0900: 48.006: [Full GC [PSYoungGen: 2032K->1203K(2560K)] [ParOldGen: 5114K->5114K(5120K)] 7147K->6317K(7680K) [PSPermGen: 3312K->3312K(21504K)], 0.0541409 secs] [Times: user=0.11 sys=0.00, real=0.05 secs] 
2017-07-06T17:24:38.609+0900: 48.069: [Full GC [PSYoungGen: 2034K->1205K(2560K)] [ParOldGen: 5114K->5114K(5120K)] 7148K->6319K(7680K) [PSPermGen: 3312K->3312K(21504K)], 0.0472186 secs] [Times: user=0.08 sys=0.00, real=0.05 secs] 
2017-07-06T17:24:38.665+0900: 48.125: [Full GC [PSYoungGen: 2036K->1207K(2560K)] [ParOldGen: 5114K->5114K(5120K)] 7150K->6321K(7680K) [PSPermGen: 3312K->3312K(21504K)], 0.0478602 secs] [Times: user=0.09 sys=0.00, real=0.05 secs] 
2017-07-06T17:24:38.722+0900: 48.182: [Full GC [PSYoungGen: 2038K->1208K(2560K)] [ParOldGen: 5114K->5114K(5120K)] 7152K->6323K(7680K) [PSPermGen: 3312K->3312K(21504K)], 0.0459028 secs] [Times: user=0.08 sys=0.00, real=0.05 secs] 
2017-07-06T17:24:38.776+0900: 48.236: [Full GC [PSYoungGen: 2039K->1210K(2560K)] [ParOldGen: 5114K->5114K(5120K)] 7154K->6324K(7680K) [PSPermGen: 3312K->3312K(21504K)], 0.0434167 secs] [Times: user=0.09 sys=0.00, real=0.04 secs] 
2017-07-06T17:24:38.828+0900: 48.288: [Full GC [PSYoungGen: 2041K->1212K(2560K)] [ParOldGen: 5114K->5114K(5120K)] 7155K->6326K(7680K) [PSPermGen: 3312K->3312K(21504K)], 0.0497051 secs] [Times: user=0.08 sys=0.00, real=0.05 secs] 
2017-07-06T17:24:38.887+0900: 48.347: [Full GC [PSYoungGen: 2043K->1214K(2560K)] [ParOldGen: 5114K->5114K(5120K)] 7157K->6328K(7680K) [PSPermGen: 3312K->3312K(21504K)], 0.0428984 secs] [Times: user=0.09 sys=0.00, real=0.04 secs] 
2017-07-06T17:24:38.938+0900: 48.398: [Full GC [PSYoungGen: 2045K->1215K(2560K)] [ParOldGen: 5114K->5114K(5120K)] 7159K->6330K(7680K) [PSPermGen: 3312K->3312K(21504K)], 0.0486080 secs] [Times: user=0.08 sys=0.00, real=0.05 secs] 
2017-07-06T17:24:38.996+0900: 48.456: [Full GC [PSYoungGen: 2046K->1217K(2560K)] [ParOldGen: 5114K->5114K(5120K)] 7161K->6331K(7680K) [PSPermGen: 3312K->3312K(21504K)], 0.0433208 secs] [Times: user=0.09 sys=0.00, real=0.04 secs] 
2017-07-06T17:24:39.048+0900: 48.508: [Full GC [PSYoungGen: 2040K->1211K(2560K)] [ParOldGen: 5114K->5114K(5120K)] 7154K->6325K(7680K) [PSPermGen: 3312K->3312K(21504K)], 0.0453729 secs] [Times: user=0.09 sys=0.00, real=0.04 secs] 
2017-07-06T17:24:39.102+0900: 48.562: [Full GC [PSYoungGen: 2042K->1213K(2560K)] [ParOldGen: 5114K->5114K(5120K)] 7156K->6327K(7680K) [PSPermGen: 3312K->3312K(21504K)], 0.0441042 secs] [Times: user=0.09 sys=0.00, real=0.05 secs] 
2017-07-06T17:24:39.155+0900: 48.615: [Full GC [PSYoungGen: 2044K->1214K(2560K)] [ParOldGen: 5114K->5114K(5120K)] 7158K->6329K(7680K) [PSPermGen: 3312K->3312K(21504K)], 0.0591421 secs] [Times: user=0.08 sys=0.00, real=0.06 secs] 
2017-07-06T17:24:39.222+0900: 48.682: [Full GC [PSYoungGen: 2045K->1216K(2560K)] [ParOldGen: 5114K->5114K(5120K)] 7160K->6330K(7680K) [PSPermGen: 3312K->3312K(21504K)], 0.0461540 secs] [Times: user=0.08 sys=0.00, real=0.05 secs] 
2017-07-06T17:24:39.277+0900: 48.737: [Full GC [PSYoungGen: 2047K->1218K(2560K)] [ParOldGen: 5114K->5114K(5120K)] 7161K->6332K(7680K) [PSPermGen: 3312K->3312K(21504K)], 0.0464601 secs] [Times: user=0.06 sys=0.00, real=0.05 secs] 
2017-07-06T17:24:39.332+0900: 48.792: [Full GC [PSYoungGen: 2048K->1220K(2560K)] [ParOldGen: 5114K->5114K(5120K)] 7162K->6334K(7680K) [PSPermGen: 3312K->3312K(21504K)], 0.0447090 secs] [Times: user=0.06 sys=0.00, real=0.05 secs] 
2017-07-06T17:24:39.385+0900: 48.845: [Full GC [PSYoungGen: 2033K->1229K(2560K)] [ParOldGen: 5114K->5114K(5120K)] 7147K->6343K(7680K) [PSPermGen: 3312K->3312K(21504K)], 0.0499961 secs] [Times: user=0.08 sys=0.00, real=0.05 secs] 
2017-07-06T17:24:39.444+0900: 48.904: [Full GC [PSYoungGen: 2034K->1231K(2560K)] [ParOldGen: 5114K->5114K(5120K)] 7148K->6345K(7680K) [PSPermGen: 3312K->3312K(21504K)], 0.0445600 secs] [Times: user=0.06 sys=0.00, real=0.05 secs] 
2017-07-06T17:24:39.497+0900: 48.957: [Full GC [PSYoungGen: 2036K->1233K(2560K)] [ParOldGen: 5114K->5114K(5120K)] 7150K->6347K(7680K) [PSPermGen: 3312K->3312K(21504K)], 0.0496203 secs] [Times: user=0.08 sys=0.00, real=0.05 secs] 
2017-07-06T17:24:39.555+0900: 49.015: [Full GC [PSYoungGen: 2038K->1234K(2560K)] [ParOldGen: 5114K->5114K(5120K)] 7152K->6349K(7680K) [PSPermGen: 3312K->3312K(21504K)], 0.0439535 secs] [Times: user=0.08 sys=0.00, real=0.04 secs] 
2017-07-06T17:24:39.607+0900: 49.067: [Full GC [PSYoungGen: 2039K->1236K(2560K)] [ParOldGen: 5114K->5114K(5120K)] 7153K->6350K(7680K) [PSPermGen: 3312K->3312K(21504K)], 0.0493207 secs] [Times: user=0.08 sys=0.00, real=0.05 secs] 
2017-07-06T17:24:39.665+0900: 49.125: [Full GC [PSYoungGen: 2041K->1238K(2560K)] [ParOldGen: 5114K->5114K(5120K)] 7155K->6352K(7680K) [PSPermGen: 3312K->3312K(21504K)], 0.0460124 secs] [Times: user=0.08 sys=0.00, real=0.05 secs] 
2017-07-06T17:24:39.719+0900: 49.179: [Full GC [PSYoungGen: 2043K->1239K(2560K)] [ParOldGen: 5114K->5114K(5120K)] 7157K->6354K(7680K) [PSPermGen: 3312K->3312K(21504K)], 0.0439667 secs] [Times: user=0.08 sys=0.00, real=0.04 secs] 
2017-07-06T17:24:39.772+0900: 49.232: [Full GC [PSYoungGen: 2044K->1241K(2560K)] [ParOldGen: 5114K->5114K(5120K)] 7158K->6355K(7680K) [PSPermGen: 3312K->3312K(21504K)], 0.0495587 secs] [Times: user=0.08 sys=0.00, real=0.05 secs] 
2017-07-06T17:24:39.829+0900: 49.289: [Full GC [PSYoungGen: 2046K->1243K(2560K)] [ParOldGen: 5114K->5114K(5120K)] 7160K->6357K(7680K) [PSPermGen: 3312K->3312K(21504K)], 0.0438662 secs] [Times: user=0.06 sys=0.00, real=0.04 secs] 
2017-07-06T17:24:39.882+0900: 49.341: [Full GC [PSYoungGen: 2040K->1236K(2560K)] [ParOldGen: 5114K->5114K(5120K)] 7154K->6351K(7680K) [PSPermGen: 3312K->3312K(21504K)], 0.0489008 secs] [Times: user=0.08 sys=0.00, real=0.05 secs] 
2017-07-06T17:24:39.939+0900: 49.399: [Full GC [PSYoungGen: 2041K->1238K(2560K)] [ParOldGen: 5114K->5114K(5120K)] 7156K->6352K(7680K) [PSPermGen: 3312K->3312K(21504K)], 0.0429609 secs] [Times: user=0.06 sys=0.02, real=0.04 secs] 
2017-07-06T17:24:39.990+0900: 49.450: [Full GC [PSYoungGen: 2043K->1240K(2560K)] [ParOldGen: 5114K->5114K(5120K)] 7157K->6354K(7680K) [PSPermGen: 3312K->3312K(21504K)], 0.0476616 secs] [Times: user=0.09 sys=0.00, real=0.05 secs] 
2017-07-06T17:24:40.046+0900: 49.505: [Full GC [PSYoungGen: 2045K->1242K(2560K)] [ParOldGen: 5114K->5114K(5120K)] 7159K->6356K(7680K) [PSPermGen: 3312K->3312K(21504K)], 0.0452783 secs] [Times: user=0.06 sys=0.00, real=0.05 secs] 
2017-07-06T17:24:40.099+0900: 49.559: [Full GC [PSYoungGen: 2046K->1243K(2560K)] [ParOldGen: 5114K->5114K(5120K)] 7161K->6357K(7680K) [PSPermGen: 3312K->3312K(21504K)], 0.0453784 secs] [Times: user=0.06 sys=0.02, real=0.05 secs] 
2017-07-06T17:24:40.153+0900: 49.613: [Full GC [PSYoungGen: 2048K->1245K(2560K)] [ParOldGen: 5114K->5114K(5120K)] 7162K->6359K(7680K) [PSPermGen: 3312K->3312K(21504K)], 0.0436076 secs] [Times: user=0.09 sys=0.00, real=0.04 secs] 
Heap
 PSYoungGen      total 2560K, used 1364K [0x00000000ffd00000, 0x0000000100000000, 0x0000000100000000)
  eden space 2048K, 66% used [0x00000000ffd00000,0x00000000ffe55350,0x00000000fff00000)
  from space 512K, 0% used [0x00000000fff80000,0x00000000fff80000,0x0000000100000000)
  to   space 512K, 0% used [0x00000000fff00000,0x00000000fff00000,0x00000000fff80000)
 ParOldGen       total 5120K, used 5114K [0x00000000ff800000, 0x00000000ffd00000, 0x00000000ffd00000)
  object space 5120K, 99% used [0x00000000ff800000,0x00000000ffcfe8c0,0x00000000ffd00000)
 PSPermGen       total 21504K, used 3319K [0x00000000fa600000, 0x00000000fbb00000, 0x00000000ff800000)
  object space 21504K, 15% used [0x00000000fa600000,0x00000000fa93dc38,0x00000000fbb00000)
